	linux-vdso.so.1 (0x00007fd0a3551000)
	libwebkit2gtk-4.1.so.0 => /usr/lib/libwebkit2gtk-4.1.so.0 (0x00007fd09da00000)
	libsoup-3.0.so.0 => /usr/lib/libsoup-3.0.so.0 (0x00007fd0a346c000)
	libjavascriptcoregtk-4.1.so.0 => /usr/lib/libjavascriptcoregtk-4.1.so.0 (0x00007fd09b400000)
	libgtk-layer-shell.so.0 => /usr/lib/libgtk-layer-shell.so.0 (0x00007fd0a342e000)
	libgtk-3.so.0 => /usr/lib/libgtk-3.so.0 (0x00007fd09ac00000)
	libgdk-3.so.0 => /usr/lib/libgdk-3.so.0 (0x00007fd09d913000)
	libpangocairo-1.0.so.0 => /usr/lib/libpangocairo-1.0.so.0 (0x00007fd0a341a000)
	libcairo-gobject.so.2 => /usr/lib/libcairo-gobject.so.2 (0x00007fd0a3411000)
	libgdk_pixbuf-2.0.so.0 => /usr/lib/libgdk_pixbuf-2.0.so.0 (0x00007fd0a33d7000)
	libatk-1.0.so.0 => /usr/lib/libatk-1.0.so.0 (0x00007fd0a33b0000)
	libpango-1.0.so.0 => /usr/lib/libpango-1.0.so.0 (0x00007fd09d8a4000)
	libcairo.so.2 => /usr/lib/libcairo.so.2 (0x00007fd09aac3000)
	libharfbuzz.so.0 => /usr/lib/libharfbuzz.so.0 (0x00007fd09a984000)
	libjson-glib-1.0.so.0 => /usr/lib/libjson-glib-1.0.so.0 (0x00007fd0a3384000)
	libgio-2.0.so.0 => /usr/lib/libgio-2.0.so.0 (0x00007fd09a7a5000)
	libgobject-2.0.so.0 => /usr/lib/libgobject-2.0.so.0 (0x00007fd09d841000)
	libgmodule-2.0.so.0 => /usr/lib/libgmodule-2.0.so.0 (0x00007fd0a337b000)
	libglib-2.0.so.0 => /usr/lib/libglib-2.0.so.0 (0x00007fd09a642000)
	libz.so.1 => /usr/lib/libz.so.1 (0x00007fd0a3360000)
	libc.so.6 => /usr/lib/libc.so.6 (0x00007fd09a400000)
	libepoxy.so.0 => /usr/lib/libepoxy.so.0 (0x00007fd09a2f3000)
	libatomic.so.1 => /usr/lib/libatomic.so.1 (0x00007fd0a3355000)
	libfreetype.so.6 => /usr/lib/libfreetype.so.6 (0x00007fd09b330000)
	libfontconfig.so.1 => /usr/lib/libfontconfig.so.1 (0x00007fd09a278000)
	libwebpmux.so.3 => /usr/lib/libwebpmux.so.3 (0x00007fd0a3347000)
	libexpat.so.1 => /usr/lib/libexpat.so.1 (0x00007fd09d813000)
	libicui18n.so.78 => /usr/lib/libicui18n.so.78 (0x00007fd099e00000)
	libsystemd.so.0 => /usr/lib/libsystemd.so.0 (0x00007fd099cb8000)
	libjpeg.so.8 => /usr/lib/libjpeg.so.8 (0x00007fd09a1d0000)
	libpng16.so.16 => /usr/lib/libpng16.so.16 (0x00007fd09a193000)
	libicuuc.so.78 => /usr/lib/libicuuc.so.78 (0x00007fd099a00000)
	libxml2.so.16 => /usr/lib/libxml2.so.16 (0x00007fd0998bb000)
	libsqlite3.so.0 => /usr/lib/libsqlite3.so.0 (0x00007fd099722000)
	libxslt.so.1 => /usr/lib/libxslt.so.1 (0x00007fd099c7b000)
	liblcms2.so.2 => /usr/lib/liblcms2.so.2 (0x00007fd099c0f000)
	libgcrypt.so.20 => /usr/lib/libgcrypt.so.20 (0x00007fd099571000)
	libgstallocators-1.0.so.0 => /usr/lib/libgstallocators-1.0.so.0 (0x00007fd09b326000)
	libgstapp-1.0.so.0 => /usr/lib/libgstapp-1.0.so.0 (0x00007fd09b30d000)
	libgstbase-1.0.so.0 => /usr/lib/libgstbase-1.0.so.0 (0x00007fd0994e9000)
	libgstreamer-1.0.so.0 => /usr/lib/libgstreamer-1.0.so.0 (0x00007fd099376000)
	libgstpbutils-1.0.so.0 => /usr/lib/libgstpbutils-1.0.so.0 (0x00007fd099331000)
	libgstaudio-1.0.so.0 => /usr/lib/libgstaudio-1.0.so.0 (0x00007fd0992a7000)
	libgsttag-1.0.so.0 => /usr/lib/libgsttag-1.0.so.0 (0x00007fd099268000)
	libgstvideo-1.0.so.0 => /usr/lib/libgstvideo-1.0.so.0 (0x00007fd099189000)
	libgstgl-1.0.so.0 => /usr/lib/libgstgl-1.0.so.0 (0x00007fd0990f3000)
	libgstfft-1.0.so.0 => /usr/lib/libgstfft-1.0.so.0 (0x00007fd09b302000)
	libwebpdemux.so.2 => /usr/lib/libwebpdemux.so.2 (0x00007fd09a63b000)
	libwebp.so.7 => /usr/lib/libwebp.so.7 (0x00007fd09906c000)
	libjxl.so.0.12 => /usr/lib/libjxl.so.0.12 (0x00007fd098c00000)
	libavif.so.16 => /usr/lib/libavif.so.16 (0x00007fd098bb8000)
	libharfbuzz-icu.so.0 => /usr/lib/libharfbuzz-icu.so.0 (0x00007fd09a636000)
	libX11.so.6 => /usr/lib/libX11.so.6 (0x00007fd098a76000)
	libwayland-server.so.0 => /usr/lib/libwayland-server.so.0 (0x00007fd099057000)
	libwayland-client.so.0 => /usr/lib/libwayland-client.so.0 (0x00007fd09a626000)
	libm.so.6 => /usr/lib/libm.so.6 (0x00007fd09893f000)
	libmanette-0.2.so.0 => /usr/lib/libmanette-0.2.so.0 (0x00007fd0988ed000)
	libseccomp.so.2 => /usr/lib/libseccomp.so.2 (0x00007fd0988c0000)
	libenchant-2.so.2 => /usr/lib/libenchant-2.so.2 (0x00007fd099045000)
	libgbm.so.1 => /usr/lib/libgbm.so.1 (0x00007fd09903f000)
	libdrm.so.2 => /usr/lib/libdrm.so.2 (0x00007fd0988a9000)
	libtasn1.so.6 => /usr/lib/libtasn1.so.6 (0x00007fd098893000)
	libhyphen.so.0 => /usr/lib/libhyphen.so.0 (0x00007fd099037000)
	libsecret-1.so.0 => /usr/lib/libsecret-1.so.0 (0x00007fd098835000)
	libstdc++.so.6 => /usr/lib/libstdc++.so.6 (0x00007fd098400000)
	libgcc_s.so.1 => /usr/lib/libgcc_s.so.1 (0x00007fd098808000)
	/lib64/ld-linux-x86-64.so.2 => /usr/lib64/ld-linux-x86-64.so.2 (0x00007fd0a3553000)
	libpsl.so.5 => /usr/lib/libpsl.so.5 (0x00007fd0987f4000)
	libbrotlidec.so.1 => /usr/lib/libbrotlidec.so.1 (0x00007fd0987e5000)
	libgssapi_krb5.so.2 => /usr/lib/libgssapi_krb5.so.2 (0x00007fd09878d000)
	libnghttp2.so.14 => /usr/lib/libnghttp2.so.14 (0x00007fd098763000)
	libpangoft2-1.0.so.0 => /usr/lib/libpangoft2-1.0.so.0 (0x00007fd098744000)
	libfribidi.so.0 => /usr/lib/libfribidi.so.0 (0x00007fd098724000)
	libXi.so.6 => /usr/lib/libXi.so.6 (0x00007fd09870f000)
	libatk-bridge-2.0.so.0 => /usr/lib/libatk-bridge-2.0.so.0 (0x00007fd0986d3000)
	libcloudproviders.so.0 => /usr/lib/libcloudproviders.so.0 (0x00007fd0983e8000)
	libtinysparql-3.0.so.0 => /usr/lib/libtinysparql-3.0.so.0 (0x00007fd098314000)
	libXfixes.so.3 => /usr/lib/libXfixes.so.3 (0x00007fd09830c000)
	libxkbcommon.so.0 => /usr/lib/libxkbcommon.so.0 (0x00007fd0982ad000)
	libwayland-cursor.so.0 => /usr/lib/libwayland-cursor.so.0 (0x00007fd0982a4000)
	libwayland-egl.so.1 => /usr/lib/libwayland-egl.so.1 (0x00007fd09829f000)
	libXext.so.6 => /usr/lib/libXext.so.6 (0x00007fd09828b000)
	libXcursor.so.1 => /usr/lib/libXcursor.so.1 (0x00007fd09827c000)
	libXdamage.so.1 => /usr/lib/libXdamage.so.1 (0x00007fd098277000)
	libXcomposite.so.1 => /usr/lib/libXcomposite.so.1 (0x00007fd098272000)
	libXrandr.so.2 => /usr/lib/libXrandr.so.2 (0x00007fd098265000)
	libXinerama.so.1 => /usr/lib/libXinerama.so.1 (0x00007fd098260000)
	libglycin-2.so.0 => /usr/lib/libglycin-2.so.0 (0x00007fd097e00000)
	libthai.so.0 => /usr/lib/libthai.so.0 (0x00007fd098253000)
	libXrender.so.1 => /usr/lib/libXrender.so.1 (0x00007fd098247000)
	libxcb.so.1 => /usr/lib/libxcb.so.1 (0x00007fd09821c000)
	libxcb-render.so.0 => /usr/lib/libxcb-render.so.0 (0x00007fd09820d000)
	libxcb-shm.so.0 => /usr/lib/libxcb-shm.so.0 (0x00007fd098206000)
	libpixman-1.so.0 => /usr/lib/libpixman-1.so.0 (0x00007fd097d51000)
	libgraphite2.so.3 => /usr/lib/libgraphite2.so.3 (0x00007fd097d2e000)
	libmount.so.1 => /usr/lib/libmount.so.1 (0x00007fd097cd1000)
	libffi.so.8 => /usr/lib/libffi.so.8 (0x00007fd097cc3000)
	libpcre2-8.so.0 => /usr/lib/libpcre2-8.so.0 (0x00007fd097c10000)
	libbz2.so.1.0 => /usr/lib/libbz2.so.1.0 (0x00007fd097bfd000)
	libicudata.so.78 => /usr/lib/libicudata.so.78 (0x00007fd095c00000)
	libgpg-error.so.0 => /usr/lib/libgpg-error.so.0 (0x00007fd097bd0000)
	libunwind.so.8 => /usr/lib/libunwind.so.8 (0x00007fd097bb4000)
	libdw.so.1 => /usr/lib/libdw.so.1 (0x00007fd095b5e000)
	liborc-0.4.so.0 => /usr/lib/liborc-0.4.so.0 (0x00007fd095a4c000)
	libEGL.so.1 => /usr/lib/libEGL.so.1 (0x00007fd097ba2000)
	libGLX.so.0 => /usr/lib/libGLX.so.0 (0x00007fd095a1b000)
	libX11-xcb.so.1 => /usr/lib/libX11-xcb.so.1 (0x00007fd097b9d000)
	libgudev-1.0.so.0 => /usr/lib/libgudev-1.0.so.0 (0x00007fd095a0f000)
	libsharpyuv.so.0 => /usr/lib/libsharpyuv.so.0 (0x00007fd095a06000)
	libjxl_cms.so.0.12 => /usr/lib/libjxl_cms.so.0.12 (0x00007fd0959dd000)
	libhwy.so.1 => /usr/lib/libhwy.so.1 (0x00007fd0959ce000)
	libbrotlienc.so.1 => /usr/lib/libbrotlienc.so.1 (0x00007fd09590e000)
	libyuv.so => /usr/lib/libyuv.so (0x00007fd095867000)
	libdav1d.so.7 => /usr/lib/libdav1d.so.7 (0x00007fd095686000)
	librav1e.so.0.8 => /usr/lib/librav1e.so.0.8 (0x00007fd095200000)
	libSvtAv1Enc.so.4 => /usr/lib/libSvtAv1Enc.so.4 (0x00007fd08cc00000)
	libaom.so.3 => /usr/lib/libaom.so.3 (0x00007fd08c200000)
	libhidapi-hidraw.so.0 => /usr/lib/libhidapi-hidraw.so.0 (0x00007fd09567e000)
	libevdev.so.2 => /usr/lib/libevdev.so.2 (0x00007fd095668000)
	libtss2-esys.so.0 => /usr/lib/libtss2-esys.so.0 (0x00007fd0955d6000)
	libtss2-mu.so.0 => /usr/lib/libtss2-mu.so.0 (0x00007fd09558c000)
	libtss2-rc.so.0 => /usr/lib/libtss2-rc.so.0 (0x00007fd095583000)
	libtss2-tctildr.so.0 => /usr/lib/libtss2-tctildr.so.0 (0x00007fd09557b000)
	libunistring.so.5 => /usr/lib/libunistring.so.5 (0x00007fd08c019000)
	libidn2.so.0 => /usr/lib/libidn2.so.0 (0x00007fd095559000)
	libbrotlicommon.so.1 => /usr/lib/libbrotlicommon.so.1 (0x00007fd095536000)
	libkrb5.so.3 => /usr/lib/libkrb5.so.3 (0x00007fd08cb31000)
	libk5crypto.so.3 => /usr/lib/libk5crypto.so.3 (0x00007fd0951d2000)
	libcom_err.so.2 => /usr/lib/libcom_err.so.2 (0x00007fd095530000)
	libkrb5support.so.0 => /usr/lib/libkrb5support.so.0 (0x00007fd0951c3000)
	libkeyutils.so.1 => /usr/lib/libkeyutils.so.1 (0x00007fd095529000)
	libresolv.so.2 => /usr/lib/libresolv.so.2 (0x00007fd0951b0000)
	libatspi.so.0 => /usr/lib/libatspi.so.0 (0x00007fd095174000)
	libdbus-1.so.3 => /usr/lib/libdbus-1.so.3 (0x00007fd08bfc6000)
	libdatrie.so.1 => /usr/lib/libdatrie.so.1 (0x00007fd08cb28000)
	libXau.so.6 => /usr/lib/libXau.so.6 (0x00007fd095524000)
	libXdmcp.so.6 => /usr/lib/libXdmcp.so.6 (0x00007fd08cb20000)
	libblkid.so.1 => /usr/lib/libblkid.so.1 (0x00007fd08cae0000)
	liblzma.so.5 => /usr/lib/liblzma.so.5 (0x00007fd08bf91000)
	libelf.so.1 => /usr/lib/libelf.so.1 (0x00007fd08bf73000)
	libzstd.so.1 => /usr/lib/libzstd.so.1 (0x00007fd08be8d000)
	libGLdispatch.so.0 => /usr/lib/libGLdispatch.so.0 (0x00007fd08be14000)
	libudev.so.1 => /usr/lib/libudev.so.1 (0x00007fd08bdc4000)
	libcrypto.so.3 => /usr/lib/libcrypto.so.3 (0x00007fd08b800000)
	libtss2-sys.so.1 => /usr/lib/libtss2-sys.so.1 (0x00007fd08b7de000)
