
  modal_focus_test
    ok ownerRoutesDeepestModalTest passed 1 test(s)
    ok clearedNestedRoutesChildTest passed 1 test(s)
    ok hiddenNestedRoutesVisibleChildTest passed 1 test(s)
    ok noWarpsPreservedTest passed 1 test(s)
    ok noFollowMousePreservedTest passed 1 test(s)
    ok guard1BeforeRequestRefusesTest passed 1 test(s)
    ok guard1AfterResolveRefusesTest passed 1 test(s)
    ok guard2BeforeRequestRefusesTest passed 1 test(s)
    ok guard2AfterResolveRefusesTest passed 1 test(s)
    ok guard3BeforeRequestRefusesTest passed 1 test(s)
    ok guard3AfterResolveRefusesTest passed 1 test(s)
    ok guard4BeforeRequestRefusesTest passed 1 test(s)
    ok guard4AfterResolveRefusesTest passed 1 test(s)
    ok guard5BeforeRequestRefusesTest passed 1 test(s)
    ok guard5AfterResolveRefusesTest passed 1 test(s)
    ok guard6BeforeRequestRefusesTest passed 1 test(s)
    ok guard6AfterResolveRefusesTest passed 1 test(s)
    ok guard7BeforeRequestRefusesTest passed 1 test(s)
    ok guard7AfterResolveRefusesTest passed 1 test(s)
    ok guard8BeforeRequestRefusesTest passed 1 test(s)
    ok guard8AfterResolveRefusesTest passed 1 test(s)
    ok closedAfterResolveRefusesTest passed 1 test(s)
    ok reusedAfterResolveRefusesTest passed 1 test(s)
    ok graphAfterResolveRefusesTest passed 1 test(s)
    ok sessionAfterResolveRefusesTest passed 1 test(s)
    ok hiddenAfterResolveRefusesTest passed 1 test(s)
    ok sessionStaleRequestTest passed 1 test(s)
    ok rootStaleRequestTest passed 1 test(s)
    ok childStaleRequestTest passed 1 test(s)
    ok nestedStaleRequestTest passed 1 test(s)
    ok graphStaleRequestTest passed 1 test(s)
    ok postCommitDisappearedNoWarpTest passed 1 test(s)
    ok unrelatedComposeFocusNotRedirectedTest passed 1 test(s)
    ok unrelatedComposeOwnerNoFocusDoesNotBlockTest passed 1 test(s)
    ok unrelatedComposeLeafNoFocusDoesNotBlockTest passed 1 test(s)
    ok unrelatedOwnNoFocusRefusesTest passed 1 test(s)
    ok unrelatedReusedBeforeCommitRefusesTest passed 1 test(s)
    ok ordinaryNoModalOwnerConservedTest passed 1 test(s)
    ok hiddenModalOwnerConservedTest passed 1 test(s)
    ok coreChangedSeatRefusedNoRollbackTest passed 1 test(s)
    ok coreUnchangedSeatChangedRefusesTest passed 1 test(s)
    ok nativeResultFailureWithBothChangesNoFollowUpTest passed 1 test(s)
    ok missingKeyboardNativeCoreChangeRefusesTest passed 1 test(s)
    ok keyboardLostAfterCommitNoFollowUpTest passed 1 test(s)
    ok guard1AfterCommitNoFollowUpTest passed 1 test(s)
    ok guard2AfterCommitNoFollowUpTest passed 1 test(s)
    ok guard3AfterCommitNoFollowUpTest passed 1 test(s)
    ok guard4AfterCommitNoFollowUpTest passed 1 test(s)
    ok guard5AfterCommitNoFollowUpTest passed 1 test(s)
    ok guard6AfterCommitNoFollowUpTest passed 1 test(s)
    ok guard7AfterCommitNoFollowUpTest passed 1 test(s)
    ok guard8AfterCommitNoFollowUpTest passed 1 test(s)
    ok reuseAfterCommitNoFollowUpTest passed 1 test(s)
    ok graphAfterCommitNoFollowUpTest passed 1 test(s)
    ok sessionAfterCommitNoFollowUpTest passed 1 test(s)
    ok hiddenAfterCommitNoFollowUpTest passed 1 test(s)

  56 passing (65393ms)
