An example execution:

[State 0]
{
  s:
    {
      confirmed: 0,
      fails: false,
      history: [],
      issued: 0,
      last: false,
      pending: [],
      posted: []
    }
}

[State 1]
{
  s:
    {
      confirmed: 0,
      fails: true,
      history: ["FailPost"],
      issued: 0,
      last: true,
      pending: [],
      posted: []
    }
}

[State 2]
{
  s:
    {
      confirmed: 0,
      fails: true,
      history: ["FailPost", "Ack2"],
      issued: 0,
      last: false,
      pending: [],
      posted: []
    }
}

[State 3]
{
  s:
    {
      confirmed: 0,
      fails: true,
      history: ["FailPost", "Ack2", "Ack2"],
      issued: 0,
      last: false,
      pending: [],
      posted: []
    }
}

[State 4]
{
  s:
    {
      confirmed: 0,
      fails: true,
      history: ["FailPost", "Ack2", "Ack2", "Offer"],
      issued: 1,
      last: true,
      pending: [1],
      posted: [1]
    }
}

[State 5]
{
  s:
    {
      confirmed: 1,
      fails: true,
      history: ["FailPost", "Ack2", "Ack2", "Offer", "Ack1"],
      issued: 1,
      last: true,
      pending: [],
      posted: [1]
    }
}

[State 6]
{
  s:
    {
      confirmed: 1,
      fails: true,
      history: ["FailPost", "Ack2", "Ack2", "Offer", "Ack1", "Ack3"],
      issued: 1,
      last: false,
      pending: [],
      posted: [1]
    }
}

[State 7]
{
  s:
    {
      confirmed: 1,
      fails: true,
      history:
        ["FailPost", "Ack2", "Ack2", "Offer", "Ack1", "Ack3", "WrongEpoch"],
      issued: 1,
      last: false,
      pending: [],
      posted: [1]
    }
}

[State 8]
{
  s:
    {
      confirmed: 1,
      fails: true,
      history:
        [
          "FailPost",
          "Ack2",
          "Ack2",
          "Offer",
          "Ack1",
          "Ack3",
          "WrongEpoch",
          "GapAck"
        ],
      issued: 1,
      last: false,
      pending: [],
      posted: [1]
    }
}

[State 9]
{
  s:
    {
      confirmed: 1,
      fails: true,
      history:
        [
          "FailPost",
          "Ack2",
          "Ack2",
          "Offer",
          "Ack1",
          "Ack3",
          "WrongEpoch",
          "GapAck",
          "WrongBinding"
        ],
      issued: 1,
      last: false,
      pending: [],
      posted: [1]
    }
}

[State 10]
{
  s:
    {
      confirmed: 1,
      fails: true,
      history:
        [
          "FailPost",
          "Ack2",
          "Ack2",
          "Offer",
          "Ack1",
          "Ack3",
          "WrongEpoch",
          "GapAck",
          "WrongBinding",
          "Ack3"
        ],
      issued: 1,
      last: false,
      pending: [],
      posted: [1]
    }
}

[State 11]
{
  s:
    {
      confirmed: 1,
      fails: true,
      history:
        [
          "FailPost",
          "Ack2",
          "Ack2",
          "Offer",
          "Ack1",
          "Ack3",
          "WrongEpoch",
          "GapAck",
          "WrongBinding",
          "Ack3",
          "Offer"
        ],
      issued: 2,
      last: true,
      pending: [2],
      posted: [1, 2]
    }
}

[State 12]
{
  s:
    {
      confirmed: 2,
      fails: true,
      history:
        [
          "FailPost",
          "Ack2",
          "Ack2",
          "Offer",
          "Ack1",
          "Ack3",
          "WrongEpoch",
          "GapAck",
          "WrongBinding",
          "Ack3",
          "Offer",
          "Ack2"
        ],
      issued: 2,
      last: true,
      pending: [],
      posted: [1, 2]
    }
}

[State 13]
{
  s:
    {
      confirmed: 2,
      fails: true,
      history:
        [
          "FailPost",
          "Ack2",
          "Ack2",
          "Offer",
          "Ack1",
          "Ack3",
          "WrongEpoch",
          "GapAck",
          "WrongBinding",
          "Ack3",
          "Offer",
          "Ack2",
          "Ack2"
        ],
      issued: 2,
      last: false,
      pending: [],
      posted: [1, 2]
    }
}

[State 14]
{
  s:
    {
      confirmed: 2,
      fails: true,
      history:
        [
          "FailPost",
          "Ack2",
          "Ack2",
          "Offer",
          "Ack1",
          "Ack3",
          "WrongEpoch",
          "GapAck",
          "WrongBinding",
          "Ack3",
          "Offer",
          "Ack2",
          "Ack2",
          "Offer"
        ],
      issued: 3,
      last: true,
      pending: [3],
      posted: [1, 2, 3]
    }
}

[State 15]
{
  s:
    {
      confirmed: 2,
      fails: true,
      history:
        [
          "FailPost",
          "Ack2",
          "Ack2",
          "Offer",
          "Ack1",
          "Ack3",
          "WrongEpoch",
          "GapAck",
          "WrongBinding",
          "Ack3",
          "Offer",
          "Ack2",
          "Ack2",
          "Offer",
          "Ack1"
        ],
      issued: 3,
      last: false,
      pending: [3],
      posted: [1, 2, 3]
    }
}

[State 16]
{
  s:
    {
      confirmed: 3,
      fails: true,
      history:
        [
          "FailPost",
          "Ack2",
          "Ack2",
          "Offer",
          "Ack1",
          "Ack3",
          "WrongEpoch",
          "GapAck",
          "WrongBinding",
          "Ack3",
          "Offer",
          "Ack2",
          "Ack2",
          "Offer",
          "Ack1",
          "Ack3"
        ],
      issued: 3,
      last: true,
      pending: [],
      posted: [1, 2, 3]
    }
}

[State 17]
{
  s:
    {
      confirmed: 3,
      fails: true,
      history:
        [
          "FailPost",
          "Ack2",
          "Ack2",
          "Offer",
          "Ack1",
          "Ack3",
          "WrongEpoch",
          "GapAck",
          "WrongBinding",
          "Ack3",
          "Offer",
          "Ack2",
          "Ack2",
          "Offer",
          "Ack1",
          "Ack3",
          "Retry"
        ],
      issued: 3,
      last: false,
      pending: [],
      posted: [1, 2, 3]
    }
}

[State 18]
{
  s:
    {
      confirmed: 3,
      fails: true,
      history:
        [
          "FailPost",
          "Ack2",
          "Ack2",
          "Offer",
          "Ack1",
          "Ack3",
          "WrongEpoch",
          "GapAck",
          "WrongBinding",
          "Ack3",
          "Offer",
          "Ack2",
          "Ack2",
          "Offer",
          "Ack1",
          "Ack3",
          "Retry",
          "Ack3"
        ],
      issued: 3,
      last: false,
      pending: [],
      posted: [1, 2, 3]
    }
}

[State 19]
{
  s:
    {
      confirmed: 3,
      fails: true,
      history:
        [
          "FailPost",
          "Ack2",
          "Ack2",
          "Offer",
          "Ack1",
          "Ack3",
          "WrongEpoch",
          "GapAck",
          "WrongBinding",
          "Ack3",
          "Offer",
          "Ack2",
          "Ack2",
          "Offer",
          "Ack1",
          "Ack3",
          "Retry",
          "Ack3",
          "WrongBinding"
        ],
      issued: 3,
      last: false,
      pending: [],
      posted: [1, 2, 3]
    }
}

[State 20]
{
  s:
    {
      confirmed: 3,
      fails: true,
      history:
        [
          "FailPost",
          "Ack2",
          "Ack2",
          "Offer",
          "Ack1",
          "Ack3",
          "WrongEpoch",
          "GapAck",
          "WrongBinding",
          "Ack3",
          "Offer",
          "Ack2",
          "Ack2",
          "Offer",
          "Ack1",
          "Ack3",
          "Retry",
          "Ack3",
          "WrongBinding",
          "Ack1"
        ],
      issued: 3,
      last: false,
      pending: [],
      posted: [1, 2, 3]
    }
}

[State 21]
{
  s:
    {
      confirmed: 3,
      fails: true,
      history:
        [
          "FailPost",
          "Ack2",
          "Ack2",
          "Offer",
          "Ack1",
          "Ack3",
          "WrongEpoch",
          "GapAck",
          "WrongBinding",
          "Ack3",
          "Offer",
          "Ack2",
          "Ack2",
          "Offer",
          "Ack1",
          "Ack3",
          "Retry",
          "Ack3",
          "WrongBinding",
          "Ack1",
          "Offer"
        ],
      issued: 4,
      last: true,
      pending: [4],
      posted: [1, 2, 3, 4]
    }
}

[State 22]
{
  s:
    {
      confirmed: 3,
      fails: false,
      history:
        [
          "FailPost",
          "Ack2",
          "Ack2",
          "Offer",
          "Ack1",
          "Ack3",
          "WrongEpoch",
          "GapAck",
          "WrongBinding",
          "Ack3",
          "Offer",
          "Ack2",
          "Ack2",
          "Offer",
          "Ack1",
          "Ack3",
          "Retry",
          "Ack3",
          "WrongBinding",
          "Ack1",
          "Offer",
          "RecoverPost"
        ],
      issued: 4,
      last: true,
      pending: [4],
      posted: [1, 2, 3, 4]
    }
}

[State 23]
{
  s:
    {
      confirmed: 3,
      fails: false,
      history:
        [
          "FailPost",
          "Ack2",
          "Ack2",
          "Offer",
          "Ack1",
          "Ack3",
          "WrongEpoch",
          "GapAck",
          "WrongBinding",
          "Ack3",
          "Offer",
          "Ack2",
          "Ack2",
          "Offer",
          "Ack1",
          "Ack3",
          "Retry",
          "Ack3",
          "WrongBinding",
          "Ack1",
          "Offer",
          "RecoverPost",
          "Ack2"
        ],
      issued: 4,
      last: false,
      pending: [4],
      posted: [1, 2, 3, 4]
    }
}

[State 24]
{
  s:
    {
      confirmed: 3,
      fails: true,
      history:
        [
          "FailPost",
          "Ack2",
          "Ack2",
          "Offer",
          "Ack1",
          "Ack3",
          "WrongEpoch",
          "GapAck",
          "WrongBinding",
          "Ack3",
          "Offer",
          "Ack2",
          "Ack2",
          "Offer",
          "Ack1",
          "Ack3",
          "Retry",
          "Ack3",
          "WrongBinding",
          "Ack1",
          "Offer",
          "RecoverPost",
          "Ack2",
          "FailPost"
        ],
      issued: 4,
      last: true,
      pending: [4],
      posted: [1, 2, 3, 4]
    }
}

[State 25]
{
  s:
    {
      confirmed: 3,
      fails: true,
      history:
        [
          "FailPost",
          "Ack2",
          "Ack2",
          "Offer",
          "Ack1",
          "Ack3",
          "WrongEpoch",
          "GapAck",
          "WrongBinding",
          "Ack3",
          "Offer",
          "Ack2",
          "Ack2",
          "Offer",
          "Ack1",
          "Ack3",
          "Retry",
          "Ack3",
          "WrongBinding",
          "Ack1",
          "Offer",
          "RecoverPost",
          "Ack2",
          "FailPost",
          "WrongBinding"
        ],
      issued: 4,
      last: false,
      pending: [4],
      posted: [1, 2, 3, 4]
    }
}

[State 26]
{
  s:
    {
      confirmed: 3,
      fails: true,
      history:
        [
          "FailPost",
          "Ack2",
          "Ack2",
          "Offer",
          "Ack1",
          "Ack3",
          "WrongEpoch",
          "GapAck",
          "WrongBinding",
          "Ack3",
          "Offer",
          "Ack2",
          "Ack2",
          "Offer",
          "Ack1",
          "Ack3",
          "Retry",
          "Ack3",
          "WrongBinding",
          "Ack1",
          "Offer",
          "RecoverPost",
          "Ack2",
          "FailPost",
          "WrongBinding",
          "WrongEpoch"
        ],
      issued: 4,
      last: false,
      pending: [4],
      posted: [1, 2, 3, 4]
    }
}

[State 27]
{
  s:
    {
      confirmed: 3,
      fails: true,
      history:
        [
          "FailPost",
          "Ack2",
          "Ack2",
          "Offer",
          "Ack1",
          "Ack3",
          "WrongEpoch",
          "GapAck",
          "WrongBinding",
          "Ack3",
          "Offer",
          "Ack2",
          "Ack2",
          "Offer",
          "Ack1",
          "Ack3",
          "Retry",
          "Ack3",
          "WrongBinding",
          "Ack1",
          "Offer",
          "RecoverPost",
          "Ack2",
          "FailPost",
          "WrongBinding",
          "WrongEpoch",
          "Ack1"
        ],
      issued: 4,
      last: false,
      pending: [4],
      posted: [1, 2, 3, 4]
    }
}

[State 28]
{
  s:
    {
      confirmed: 3,
      fails: true,
      history:
        [
          "FailPost",
          "Ack2",
          "Ack2",
          "Offer",
          "Ack1",
          "Ack3",
          "WrongEpoch",
          "GapAck",
          "WrongBinding",
          "Ack3",
          "Offer",
          "Ack2",
          "Ack2",
          "Offer",
          "Ack1",
          "Ack3",
          "Retry",
          "Ack3",
          "WrongBinding",
          "Ack1",
          "Offer",
          "RecoverPost",
          "Ack2",
          "FailPost",
          "WrongBinding",
          "WrongEpoch",
          "Ack1",
          "Ack3"
        ],
      issued: 4,
      last: false,
      pending: [4],
      posted: [1, 2, 3, 4]
    }
}

[State 29]
{
  s:
    {
      confirmed: 3,
      fails: true,
      history:
        [
          "FailPost",
          "Ack2",
          "Ack2",
          "Offer",
          "Ack1",
          "Ack3",
          "WrongEpoch",
          "GapAck",
          "WrongBinding",
          "Ack3",
          "Offer",
          "Ack2",
          "Ack2",
          "Offer",
          "Ack1",
          "Ack3",
          "Retry",
          "Ack3",
          "WrongBinding",
          "Ack1",
          "Offer",
          "RecoverPost",
          "Ack2",
          "FailPost",
          "WrongBinding",
          "WrongEpoch",
          "Ack1",
          "Ack3",
          "FailPost"
        ],
      issued: 4,
      last: true,
      pending: [4],
      posted: [1, 2, 3, 4]
    }
}

[State 30]
{
  s:
    {
      confirmed: 3,
      fails: true,
      history:
        [
          "FailPost",
          "Ack2",
          "Ack2",
          "Offer",
          "Ack1",
          "Ack3",
          "WrongEpoch",
          "GapAck",
          "WrongBinding",
          "Ack3",
          "Offer",
          "Ack2",
          "Ack2",
          "Offer",
          "Ack1",
          "Ack3",
          "Retry",
          "Ack3",
          "WrongBinding",
          "Ack1",
          "Offer",
          "RecoverPost",
          "Ack2",
          "FailPost",
          "WrongBinding",
          "WrongEpoch",
          "Ack1",
          "Ack3",
          "FailPost",
          "Ack1"
        ],
      issued: 4,
      last: false,
      pending: [4],
      posted: [1, 2, 3, 4]
    }
}

[ok] No violation found (204ms at 980 traces/second).
Trace length statistics: max=31, min=31, average=31.00
You may increase --max-samples and --max-steps.
Use --verbosity to produce more (or less) output.
