[15:55:09.566719] {Default Queue}  -> wl_display#1.get_registry(new id wl_registry#2)
[15:55:09.566738] {Default Queue}  -> wl_display#1.sync(new id wl_callback#3)
[15:55:09.566884] {Display Queue} wl_display#1.delete_id(3)
[15:55:09.566888] {Default Queue} wl_registry#2.global(1, "wl_seat", 9)
[15:55:09.566891] {Default Queue} wl_registry#2.global(2, "wl_data_device_manager", 3)
[15:55:09.566894] {Default Queue} wl_registry#2.global(3, "wl_compositor", 6)
[15:55:09.566896] {Default Queue}  -> wl_registry#2.bind(3, "wl_compositor", 4, new id [unknown]#4)
[15:55:09.566899] {Default Queue} wl_registry#2.global(4, "wl_subcompositor", 1)
[15:55:09.566901] {Default Queue} wl_registry#2.global(5, "wl_shm", 2)
[15:55:09.566903] {Default Queue}  -> wl_registry#2.bind(5, "wl_shm", 1, new id [unknown]#5)
[15:55:09.566905] {Default Queue} wl_registry#2.global(6, "wp_viewporter", 1)
[15:55:09.566907] {Default Queue} wl_registry#2.global(7, "wp_tearing_control_manager_v1", 1)
[15:55:09.566909] {Default Queue} wl_registry#2.global(8, "wp_fractional_scale_manager_v1", 1)
[15:55:09.566911] {Default Queue} wl_registry#2.global(9, "zxdg_output_manager_v1", 3)
[15:55:09.566912] {Default Queue} wl_registry#2.global(10, "wp_cursor_shape_manager_v1", 2)
[15:55:09.566914] {Default Queue} wl_registry#2.global(11, "zwp_idle_inhibit_manager_v1", 1)
[15:55:09.566916] {Default Queue} wl_registry#2.global(12, "zwp_relative_pointer_manager_v1", 1)
[15:55:09.566918] {Default Queue} wl_registry#2.global(13, "zxdg_decoration_manager_v1", 2)
[15:55:09.566920] {Default Queue} wl_registry#2.global(14, "wp_alpha_modifier_v1", 1)
[15:55:09.566922] {Default Queue} wl_registry#2.global(15, "zwlr_gamma_control_manager_v1", 1)
[15:55:09.566923] {Default Queue} wl_registry#2.global(16, "ext_foreign_toplevel_list_v1", 1)
[15:55:09.566925] {Default Queue} wl_registry#2.global(17, "zwp_pointer_gestures_v1", 3)
[15:55:09.566927] {Default Queue} wl_registry#2.global(18, "zwlr_foreign_toplevel_manager_v1", 3)
[15:55:09.566929] {Default Queue} wl_registry#2.global(19, "zwp_keyboard_shortcuts_inhibit_manager_v1", 1)
[15:55:09.566931] {Default Queue} wl_registry#2.global(20, "zwp_text_input_manager_v1", 1)
[15:55:09.566933] {Default Queue} wl_registry#2.global(21, "zwp_text_input_manager_v3", 1)
[15:55:09.566934] {Default Queue} wl_registry#2.global(22, "zwp_pointer_constraints_v1", 1)
[15:55:09.566937] {Default Queue} wl_registry#2.global(23, "zwlr_output_power_manager_v1", 1)
[15:55:09.566939] {Default Queue} wl_registry#2.global(24, "xdg_activation_v1", 1)
[15:55:09.566941] {Default Queue} wl_registry#2.global(25, "ext_idle_notifier_v1", 2)
[15:55:09.566943] {Default Queue} wl_registry#2.global(26, "hyprland_lock_notifier_v1", 1)
[15:55:09.566945] {Default Queue} wl_registry#2.global(27, "ext_session_lock_manager_v1", 1)
[15:55:09.566947] {Default Queue} wl_registry#2.global(28, "zwp_input_method_manager_v2", 1)
[15:55:09.566949] {Default Queue} wl_registry#2.global(29, "zwp_virtual_keyboard_manager_v1", 1)
[15:55:09.566951] {Default Queue} wl_registry#2.global(30, "zwlr_virtual_pointer_manager_v1", 2)
[15:55:09.566953] {Default Queue} wl_registry#2.global(31, "zwlr_output_manager_v1", 4)
[15:55:09.566955] {Default Queue} wl_registry#2.global(32, "org_kde_kwin_server_decoration_manager", 1)
[15:55:09.566956] {Default Queue} wl_registry#2.global(33, "hyprland_focus_grab_manager_v1", 1)
[15:55:09.566958] {Default Queue} wl_registry#2.global(34, "zwp_tablet_manager_v2", 1)
[15:55:09.566960] {Default Queue} wl_registry#2.global(35, "zwlr_layer_shell_v1", 5)
[15:55:09.566962] {Default Queue} wl_registry#2.global(36, "wp_presentation", 2)
[15:55:09.566964] {Default Queue} wl_registry#2.global(37, "xdg_wm_base", 7)
[15:55:09.566966] {Default Queue}  -> wl_registry#2.bind(37, "xdg_wm_base", 6, new id [unknown]#6)
[15:55:09.566968] {Default Queue} wl_registry#2.global(38, "zwlr_data_control_manager_v1", 2)
[15:55:09.566970] {Default Queue} wl_registry#2.global(39, "zwp_primary_selection_device_manager_v1", 1)
[15:55:09.566972] {Default Queue} wl_registry#2.global(40, "xwayland_shell_v1", 1)
[15:55:09.566977] {Default Queue} wl_registry#2.global(41, "hyprland_toplevel_mapping_manager_v1", 1)
[15:55:09.566981] {Default Queue} wl_registry#2.global(42, "hyprland_global_shortcuts_manager_v1", 1)
[15:55:09.566983] {Default Queue} wl_registry#2.global(43, "xdg_wm_dialog_v1", 1)
[15:55:09.566985] {Default Queue} wl_registry#2.global(44, "wp_single_pixel_buffer_manager_v1", 1)
[15:55:09.566987] {Default Queue} wl_registry#2.global(45, "wp_security_context_manager_v1", 1)
[15:55:09.566989] {Default Queue} wl_registry#2.global(46, "hyprland_ctm_control_manager_v1", 2)
[15:55:09.566991] {Default Queue} wl_registry#2.global(47, "hyprland_input_capture_manager_v1", 1)
[15:55:09.566993] {Default Queue} wl_registry#2.global(48, "hyprland_surface_manager_v1", 2)
[15:55:09.566995] {Default Queue} wl_registry#2.global(49, "wp_content_type_manager_v1", 1)
[15:55:09.566997] {Default Queue} wl_registry#2.global(50, "xdg_toplevel_tag_manager_v1", 1)
[15:55:09.566999] {Default Queue} wl_registry#2.global(51, "xdg_system_bell_v1", 1)
[15:55:09.567001] {Default Queue} wl_registry#2.global(52, "vicinae_hotkey_manager_v1", 1)
[15:55:09.567002] {Default Queue} wl_registry#2.global(53, "ext_workspace_manager_v1", 1)
[15:55:09.567004] {Default Queue} wl_registry#2.global(54, "ext_data_control_manager_v1", 1)
[15:55:09.567006] {Default Queue} wl_registry#2.global(55, "wp_pointer_warp_v1", 1)
[15:55:09.567008] {Default Queue} wl_registry#2.global(56, "wp_fifo_manager_v1", 1)
[15:55:09.567010] {Default Queue} wl_registry#2.global(57, "zxdg_exporter_v2", 1)
[15:55:09.567012] {Default Queue} wl_registry#2.global(58, "zxdg_importer_v2", 1)
[15:55:09.567014] {Default Queue} wl_registry#2.global(59, "ext_background_effect_manager_v1", 1)
[15:55:09.567016] {Default Queue} wl_registry#2.global(60, "wp_commit_timing_manager_v1", 1)
[15:55:09.567017] {Default Queue} wl_registry#2.global(61, "zwlr_screencopy_manager_v1", 3)
[15:55:09.567019] {Default Queue} wl_registry#2.global(62, "hyprland_toplevel_export_manager_v1", 2)
[15:55:09.567021] {Default Queue} wl_registry#2.global(63, "ext_output_image_capture_source_manager_v1", 1)
[15:55:09.567023] {Default Queue} wl_registry#2.global(64, "ext_foreign_toplevel_image_capture_source_manager_v1", 1)
[15:55:09.567025] {Default Queue} wl_registry#2.global(65, "ext_image_copy_capture_manager_v1", 1)
[15:55:09.567027] {Default Queue} wl_registry#2.global(66, "wp_color_manager_v1", 3)
[15:55:09.567029] {Default Queue} wl_registry#2.global(67, "wl_drm", 2)
[15:55:09.567031] {Default Queue} wl_registry#2.global(68, "zwp_linux_dmabuf_v1", 5)
[15:55:09.567033] {Default Queue} wl_registry#2.global(69, "wl_output", 4)
[15:55:09.567035] {Default Queue} wl_callback#3.done(0)
[15:55:09.567038] {Default Queue}  -> wl_compositor#4.create_surface(new id wl_surface#3)
[15:55:09.567040] {Default Queue}  -> xdg_wm_base#6.get_xdg_surface(new id xdg_surface#7, wl_surface#3)
[15:55:09.567042] {Default Queue}  -> xdg_surface#7.get_toplevel(new id xdg_toplevel#8)
[15:55:09.567044] {Default Queue}  -> xdg_toplevel#8.set_title("ELM-MAXIMIZE-PROBE")
[15:55:09.567047] {Default Queue}  -> xdg_toplevel#8.set_app_id("elm-maximize-probe")
[15:55:09.567049] {Default Queue}  -> wl_surface#3.commit()
[15:55:09.567344] {Default Queue} discarded wl_shm#5.format(0)
[15:55:09.567347] {Default Queue} discarded wl_shm#5.format(1)
[15:55:09.567349] {Default Queue} discarded wl_shm#5.format(875709016)
[15:55:09.567351] {Default Queue} discarded wl_shm#5.format(875708993)
[15:55:09.567352] {Default Queue} discarded wl_shm#5.format(808669784)
[15:55:09.567354] {Default Queue} discarded wl_shm#5.format(808669761)
[15:55:09.567356] {Default Queue} discarded wl_shm#5.format(808665688)
[15:55:09.567357] {Default Queue} discarded wl_shm#5.format(808665665)
[15:55:09.567359] {Default Queue} xdg_toplevel#8.wm_capabilities(array[8])
[15:55:09.567361] {Default Queue} xdg_toplevel#8.configure(800, 600, array[16])
[15:55:09.567363] {Default Queue} xdg_surface#7.configure(1)
[15:55:09.567365] {Default Queue}  -> xdg_surface#7.ack_configure(1)
{"event":"configure","sequence":1,"monotonicNs":93575503121702,"serial":1,"ackedSerial":1,"width":800,"height":600,"maximized":false,"fullscreen":false,"suspended":false,"configuredWidth":800,"configuredHeight":600}
[15:55:09.567975] {Default Queue}  -> wl_shm#5.create_pool(new id wl_shm_pool#9, fd 5, 1920000)
[15:55:09.567981] {Default Queue}  -> wl_shm_pool#9.create_buffer(new id wl_buffer#10, 0, 800, 600, 3200, 0)
[15:55:09.567984] {Default Queue}  -> wl_shm_pool#9.destroy()
[15:55:09.567988] {Default Queue}  -> xdg_surface#7.set_window_geometry(0, 0, 800, 600)
[15:55:09.567990] {Default Queue}  -> wl_surface#3.attach(wl_buffer#10, 0, 0)
[15:55:09.567992] {Default Queue}  -> wl_surface#3.damage(0, 0, 800, 600)
[15:55:09.567995] {Default Queue}  -> wl_surface#3.commit()
{"event":"buffercommit","sequence":2,"monotonicNs":93575503752706,"serial":1,"ackedSerial":1,"width":800,"height":600,"maximized":false,"fullscreen":false,"suspended":false,"bufferWidth":800,"bufferHeight":600,"inflight":1,"argb":"ff2971c8"}
{"event":"ready","sequence":3,"monotonicNs":93575503754701,"serial":1,"ackedSerial":1,"width":800,"height":600,"maximized":false,"fullscreen":false,"suspended":false,"title":"ELM-MAXIMIZE-PROBE","appId":"elm-maximize-probe"}
[15:55:09.569364] {Display Queue} wl_display#1.delete_id(9)
[15:55:09.569378] {Default Queue} wl_buffer#10.release()
{"event":"buffer-release","sequence":4,"monotonicNs":93575505136422,"serial":1,"ackedSerial":1,"width":800,"height":600,"maximized":false,"fullscreen":false,"suspended":false,"bufferSerial":1,"bufferWidth":800,"bufferHeight":600}
[15:55:09.569386] {Default Queue}  -> wl_buffer#10.destroy()
[15:55:09.569428] {Default Queue} xdg_toplevel#8.configure(758, 558, array[20])
[15:55:09.569432] {Default Queue} xdg_surface#7.configure(2)
[15:55:09.569434] {Default Queue}  -> xdg_surface#7.ack_configure(2)
{"event":"configure","sequence":5,"monotonicNs":93575505189440,"serial":2,"ackedSerial":2,"width":758,"height":558,"maximized":false,"fullscreen":false,"suspended":false,"configuredWidth":758,"configuredHeight":558}
[15:55:09.569972] {Default Queue}  -> wl_shm#5.create_pool(new id wl_shm_pool#9, fd 5, 1691856)
[15:55:09.569977] {Default Queue}  -> wl_shm_pool#9.create_buffer(new id wl_buffer#11, 0, 758, 558, 3032, 0)
[15:55:09.569980] {Default Queue}  -> wl_shm_pool#9.destroy()
[15:55:09.569982] {Default Queue}  -> xdg_surface#7.set_window_geometry(0, 0, 758, 558)
[15:55:09.569985] {Default Queue}  -> wl_surface#3.attach(wl_buffer#11, 0, 0)
[15:55:09.569987] {Default Queue}  -> wl_surface#3.damage(0, 0, 758, 558)
[15:55:09.569989] {Default Queue}  -> wl_surface#3.commit()
{"event":"buffercommit","sequence":6,"monotonicNs":93575505748982,"serial":2,"ackedSerial":2,"width":758,"height":558,"maximized":false,"fullscreen":false,"suspended":false,"bufferWidth":758,"bufferHeight":558,"inflight":1,"argb":"ff2a71c8"}
[15:55:09.571206] discarded [unknown]#10.[event 0](0 fd, 8 byte)
[15:55:09.571222] {Display Queue} wl_display#1.delete_id(10)
[15:55:09.571229] {Display Queue} wl_display#1.delete_id(9)
[15:55:09.571232] {Default Queue} wl_buffer#11.release()
{"event":"buffer-release","sequence":7,"monotonicNs":93575506989604,"serial":2,"ackedSerial":2,"width":758,"height":558,"maximized":false,"fullscreen":false,"suspended":false,"bufferSerial":2,"bufferWidth":758,"bufferHeight":558}
[15:55:09.571239] {Default Queue}  -> wl_buffer#11.destroy()
[15:55:09.571461] discarded [unknown]#11.[event 0](0 fd, 8 byte)
[15:55:09.571472] {Display Queue} wl_display#1.delete_id(11)
[15:55:09.715751] {Default Queue} xdg_toplevel#8.configure(800, 600, array[20])
[15:55:09.715769] {Default Queue} xdg_surface#7.configure(3)
[15:55:09.715774] {Default Queue}  -> xdg_surface#7.ack_configure(3)
{"event":"configure","sequence":8,"monotonicNs":93575651531062,"serial":3,"ackedSerial":3,"width":800,"height":600,"maximized":false,"fullscreen":false,"suspended":false,"configuredWidth":800,"configuredHeight":600}
[15:55:09.716432] {Default Queue}  -> wl_shm#5.create_pool(new id wl_shm_pool#11, fd 5, 1920000)
[15:55:09.716440] {Default Queue}  -> wl_shm_pool#11.create_buffer(new id wl_buffer#9, 0, 800, 600, 3200, 0)
[15:55:09.716449] {Default Queue}  -> wl_shm_pool#11.destroy()
[15:55:09.716464] {Default Queue}  -> xdg_surface#7.set_window_geometry(0, 0, 800, 600)
[15:55:09.716467] {Default Queue}  -> wl_surface#3.attach(wl_buffer#9, 0, 0)
[15:55:09.716470] {Default Queue}  -> wl_surface#3.damage(0, 0, 800, 600)
[15:55:09.716472] {Default Queue}  -> wl_surface#3.commit()
{"event":"buffercommit","sequence":9,"monotonicNs":93575652233262,"serial":3,"ackedSerial":3,"width":800,"height":600,"maximized":false,"fullscreen":false,"suspended":false,"bufferWidth":800,"bufferHeight":600,"inflight":1,"argb":"ff2b71c8"}
[15:55:09.716873] {Display Queue} wl_display#1.delete_id(11)
[15:55:09.716887] {Default Queue} wl_buffer#9.release()
{"event":"buffer-release","sequence":10,"monotonicNs":93575652645117,"serial":3,"ackedSerial":3,"width":800,"height":600,"maximized":false,"fullscreen":false,"suspended":false,"bufferSerial":3,"bufferWidth":800,"bufferHeight":600}
[15:55:09.716894] {Default Queue}  -> wl_buffer#9.destroy()
[15:55:09.717198] discarded [unknown]#9.[event 0](0 fd, 8 byte)
[15:55:09.717202] {Display Queue} wl_display#1.delete_id(9)
[15:55:09.719346] {Default Queue} xdg_toplevel#8.configure(320, 180, array[20])
[15:55:09.719362] {Default Queue} xdg_surface#7.configure(4)
[15:55:09.719366] {Default Queue}  -> xdg_surface#7.ack_configure(4)
{"event":"configure","sequence":11,"monotonicNs":93575655123005,"serial":4,"ackedSerial":4,"width":320,"height":180,"maximized":false,"fullscreen":false,"suspended":false,"configuredWidth":320,"configuredHeight":180}
[15:55:09.719471] {Default Queue}  -> wl_shm#5.create_pool(new id wl_shm_pool#9, fd 5, 230400)
[15:55:09.719475] {Default Queue}  -> wl_shm_pool#9.create_buffer(new id wl_buffer#11, 0, 320, 180, 1280, 0)
[15:55:09.719479] {Default Queue}  -> wl_shm_pool#9.destroy()
[15:55:09.719482] {Default Queue}  -> xdg_surface#7.set_window_geometry(0, 0, 320, 180)
[15:55:09.719485] {Default Queue}  -> wl_surface#3.attach(wl_buffer#11, 0, 0)
[15:55:09.719488] {Default Queue}  -> wl_surface#3.damage(0, 0, 320, 180)
[15:55:09.719491] {Default Queue}  -> wl_surface#3.commit()
{"event":"buffercommit","sequence":12,"monotonicNs":93575655251398,"serial":4,"ackedSerial":4,"width":320,"height":180,"maximized":false,"fullscreen":false,"suspended":false,"bufferWidth":320,"bufferHeight":180,"inflight":1,"argb":"ff2c71c8"}
[15:55:09.719998] {Display Queue} wl_display#1.delete_id(9)
[15:55:09.720012] {Default Queue} wl_buffer#11.release()
{"event":"buffer-release","sequence":13,"monotonicNs":93575655769864,"serial":4,"ackedSerial":4,"width":320,"height":180,"maximized":false,"fullscreen":false,"suspended":false,"bufferSerial":4,"bufferWidth":320,"bufferHeight":180}
[15:55:09.720019] {Default Queue}  -> wl_buffer#11.destroy()
[15:55:09.720211] discarded [unknown]#11.[event 0](0 fd, 8 byte)
[15:55:09.720215] {Display Queue} wl_display#1.delete_id(11)
[15:55:10.462546] {Default Queue} xdg_toplevel#8.configure(320, 180, array[16])
[15:55:10.462570] {Default Queue} xdg_surface#7.configure(18)
[15:55:10.462576] {Default Queue}  -> xdg_surface#7.ack_configure(18)
{"event":"configure","sequence":14,"monotonicNs":93576398334398,"serial":18,"ackedSerial":18,"width":320,"height":180,"maximized":false,"fullscreen":false,"suspended":false,"configuredWidth":320,"configuredHeight":180}
[15:55:10.462740] {Default Queue}  -> wl_shm#5.create_pool(new id wl_shm_pool#11, fd 5, 230400)
[15:55:10.462747] {Default Queue}  -> wl_shm_pool#11.create_buffer(new id wl_buffer#9, 0, 320, 180, 1280, 0)
[15:55:10.462751] {Default Queue}  -> wl_shm_pool#11.destroy()
[15:55:10.462754] {Default Queue}  -> xdg_surface#7.set_window_geometry(0, 0, 320, 180)
[15:55:10.462756] {Default Queue}  -> wl_surface#3.attach(wl_buffer#9, 0, 0)
[15:55:10.462759] {Default Queue}  -> wl_surface#3.damage(0, 0, 320, 180)
[15:55:10.462761] {Default Queue}  -> wl_surface#3.commit()
{"event":"buffercommit","sequence":15,"monotonicNs":93576398519964,"serial":18,"ackedSerial":18,"width":320,"height":180,"maximized":false,"fullscreen":false,"suspended":false,"bufferWidth":320,"bufferHeight":180,"inflight":1,"argb":"ff3a71c8"}
[15:55:10.463040] {Display Queue} wl_display#1.delete_id(11)
[15:55:10.463052] {Default Queue} wl_buffer#9.release()
{"event":"buffer-release","sequence":16,"monotonicNs":93576398807579,"serial":18,"ackedSerial":18,"width":320,"height":180,"maximized":false,"fullscreen":false,"suspended":false,"bufferSerial":18,"bufferWidth":320,"bufferHeight":180}
[15:55:10.463056] {Default Queue}  -> wl_buffer#9.destroy()
[15:55:10.463264] discarded [unknown]#9.[event 0](0 fd, 8 byte)
[15:55:10.463267] {Display Queue} wl_display#1.delete_id(9)
[15:55:10.612372] {Default Queue} xdg_wm_base#6.ping(1337)
[15:55:10.612389] {Default Queue}  -> xdg_wm_base#6.pong(1337)
[15:55:10.614035] {Default Queue} xdg_toplevel#8.configure(798, 550, array[20])
[15:55:10.614065] {Default Queue} xdg_surface#7.configure(33)
[15:55:10.614072] {Default Queue}  -> xdg_surface#7.ack_configure(33)
{"event":"configure","sequence":17,"monotonicNs":93576549831259,"serial":33,"ackedSerial":33,"width":798,"height":550,"maximized":true,"fullscreen":false,"suspended":false,"configuredWidth":798,"configuredHeight":550}
[15:55:10.615107] {Default Queue}  -> wl_shm#5.create_pool(new id wl_shm_pool#9, fd 5, 1755600)
[15:55:10.615113] {Default Queue}  -> wl_shm_pool#9.create_buffer(new id wl_buffer#11, 0, 798, 550, 3192, 0)
[15:55:10.615115] {Default Queue}  -> wl_shm_pool#9.destroy()
[15:55:10.615118] {Default Queue}  -> xdg_surface#7.set_window_geometry(0, 0, 798, 550)
[15:55:10.615121] {Default Queue}  -> wl_surface#3.attach(wl_buffer#11, 0, 0)
[15:55:10.615123] {Default Queue}  -> wl_surface#3.damage(0, 0, 798, 550)
[15:55:10.615125] {Default Queue}  -> wl_surface#3.commit()
{"event":"buffercommit","sequence":18,"monotonicNs":93576550885234,"serial":33,"ackedSerial":33,"width":798,"height":550,"maximized":true,"fullscreen":false,"suspended":false,"bufferWidth":798,"bufferHeight":550,"inflight":1,"argb":"ff0971c8"}
[15:55:10.615787] {Display Queue} wl_display#1.delete_id(9)
[15:55:10.615790] {Default Queue} wl_buffer#11.release()
{"event":"buffer-release","sequence":19,"monotonicNs":93576551546041,"serial":33,"ackedSerial":33,"width":798,"height":550,"maximized":true,"fullscreen":false,"suspended":false,"bufferSerial":33,"bufferWidth":798,"bufferHeight":550}
[15:55:10.615794] {Default Queue}  -> wl_buffer#11.destroy()
[15:55:10.615990] discarded [unknown]#11.[event 0](0 fd, 8 byte)
[15:55:10.616003] {Display Queue} wl_display#1.delete_id(11)
[15:55:10.829356] {Default Queue} xdg_toplevel#8.configure(798, 550, array[24])
[15:55:10.829383] {Default Queue} xdg_surface#7.configure(46)
[15:55:10.829390] {Default Queue}  -> xdg_surface#7.ack_configure(46)
{"event":"configure","sequence":20,"monotonicNs":93576765148801,"serial":46,"ackedSerial":46,"width":798,"height":550,"maximized":true,"fullscreen":false,"suspended":false,"configuredWidth":798,"configuredHeight":550}
[15:55:10.830410] {Default Queue}  -> wl_shm#5.create_pool(new id wl_shm_pool#11, fd 5, 1755600)
[15:55:10.830416] {Default Queue}  -> wl_shm_pool#11.create_buffer(new id wl_buffer#9, 0, 798, 550, 3192, 0)
[15:55:10.830420] {Default Queue}  -> wl_shm_pool#11.destroy()
[15:55:10.830423] {Default Queue}  -> xdg_surface#7.set_window_geometry(0, 0, 798, 550)
[15:55:10.830426] {Default Queue}  -> wl_surface#3.attach(wl_buffer#9, 0, 0)
[15:55:10.830429] {Default Queue}  -> wl_surface#3.damage(0, 0, 798, 550)
[15:55:10.830431] {Default Queue}  -> wl_surface#3.commit()
{"event":"buffercommit","sequence":21,"monotonicNs":93576766191910,"serial":46,"ackedSerial":46,"width":798,"height":550,"maximized":true,"fullscreen":false,"suspended":false,"bufferWidth":798,"bufferHeight":550,"inflight":1,"argb":"ff0671c8"}
[15:55:10.830760] {Display Queue} wl_display#1.delete_id(11)
[15:55:10.830764] {Default Queue} wl_buffer#9.release()
{"event":"buffer-release","sequence":22,"monotonicNs":93576766520095,"serial":46,"ackedSerial":46,"width":798,"height":550,"maximized":true,"fullscreen":false,"suspended":false,"bufferSerial":46,"bufferWidth":798,"bufferHeight":550}
[15:55:10.830773] {Default Queue}  -> wl_buffer#9.destroy()
[15:55:10.830972] discarded [unknown]#9.[event 0](0 fd, 8 byte)
[15:55:10.830975] {Display Queue} wl_display#1.delete_id(9)
[15:55:10.834339] {Default Queue} xdg_toplevel#8.configure(798, 550, array[24])
[15:55:10.834347] {Default Queue} xdg_surface#7.configure(48)
[15:55:10.834352] {Default Queue}  -> xdg_surface#7.ack_configure(48)
{"event":"configure","sequence":23,"monotonicNs":93576770110320,"serial":48,"ackedSerial":48,"width":798,"height":550,"maximized":true,"fullscreen":false,"suspended":true,"configuredWidth":798,"configuredHeight":550}
[15:55:10.835387] {Default Queue}  -> wl_shm#5.create_pool(new id wl_shm_pool#9, fd 5, 1755600)
[15:55:10.835393] {Default Queue}  -> wl_shm_pool#9.create_buffer(new id wl_buffer#11, 0, 798, 550, 3192, 0)
[15:55:10.835396] {Default Queue}  -> wl_shm_pool#9.destroy()
[15:55:10.835399] {Default Queue}  -> xdg_surface#7.set_window_geometry(0, 0, 798, 550)
[15:55:10.835402] {Default Queue}  -> wl_surface#3.attach(wl_buffer#11, 0, 0)
[15:55:10.835404] {Default Queue}  -> wl_surface#3.damage(0, 0, 798, 550)
[15:55:10.835407] {Default Queue}  -> wl_surface#3.commit()
{"event":"buffercommit","sequence":24,"monotonicNs":93576771167599,"serial":48,"ackedSerial":48,"width":798,"height":550,"maximized":true,"fullscreen":false,"suspended":true,"bufferWidth":798,"bufferHeight":550,"inflight":1,"argb":"ff1871c8"}
[15:55:10.835980] {Display Queue} wl_display#1.delete_id(9)
[15:55:10.835985] {Default Queue} wl_buffer#11.release()
{"event":"buffer-release","sequence":25,"monotonicNs":93576771741120,"serial":48,"ackedSerial":48,"width":798,"height":550,"maximized":true,"fullscreen":false,"suspended":true,"bufferSerial":48,"bufferWidth":798,"bufferHeight":550}
[15:55:10.835990] {Default Queue}  -> wl_buffer#11.destroy()
[15:55:10.836294] discarded [unknown]#11.[event 0](0 fd, 8 byte)
[15:55:10.836298] {Display Queue} wl_display#1.delete_id(11)
[15:55:11.013191] {Default Queue} xdg_toplevel#8.configure(798, 550, array[24])
[15:55:11.013208] {Default Queue} xdg_surface#7.configure(61)
[15:55:11.013213] {Default Queue}  -> xdg_surface#7.ack_configure(61)
{"event":"configure","sequence":26,"monotonicNs":93576948969765,"serial":61,"ackedSerial":61,"width":798,"height":550,"maximized":true,"fullscreen":false,"suspended":false,"configuredWidth":798,"configuredHeight":550}
[15:55:11.013843] {Default Queue}  -> wl_shm#5.create_pool(new id wl_shm_pool#11, fd 5, 1755600)
[15:55:11.013850] {Default Queue}  -> wl_shm_pool#11.create_buffer(new id wl_buffer#9, 0, 798, 550, 3192, 0)
[15:55:11.013854] {Default Queue}  -> wl_shm_pool#11.destroy()
[15:55:11.013858] {Default Queue}  -> xdg_surface#7.set_window_geometry(0, 0, 798, 550)
[15:55:11.013861] {Default Queue}  -> wl_surface#3.attach(wl_buffer#9, 0, 0)
[15:55:11.013864] {Default Queue}  -> wl_surface#3.damage(0, 0, 798, 550)
[15:55:11.013867] {Default Queue}  -> wl_surface#3.commit()
{"event":"buffercommit","sequence":27,"monotonicNs":93576949627643,"serial":61,"ackedSerial":61,"width":798,"height":550,"maximized":true,"fullscreen":false,"suspended":false,"bufferWidth":798,"bufferHeight":550,"inflight":1,"argb":"ff1571c8"}
[15:55:11.014188] {Display Queue} wl_display#1.delete_id(11)
[15:55:11.014194] {Default Queue} wl_buffer#9.release()
{"event":"buffer-release","sequence":28,"monotonicNs":93576949950930,"serial":61,"ackedSerial":61,"width":798,"height":550,"maximized":true,"fullscreen":false,"suspended":false,"bufferSerial":61,"bufferWidth":798,"bufferHeight":550}
[15:55:11.014200] {Default Queue}  -> wl_buffer#9.destroy()
[15:55:11.014524] discarded [unknown]#9.[event 0](0 fd, 8 byte)
[15:55:11.014535] {Display Queue} wl_display#1.delete_id(9)
[15:55:11.205563] {Default Queue} xdg_toplevel#8.configure(320, 180, array[20])
[15:55:11.205581] {Default Queue} xdg_surface#7.configure(75)
[15:55:11.205587] {Default Queue}  -> xdg_surface#7.ack_configure(75)
{"event":"configure","sequence":29,"monotonicNs":93577141344296,"serial":75,"ackedSerial":75,"width":320,"height":180,"maximized":false,"fullscreen":false,"suspended":false,"configuredWidth":320,"configuredHeight":180}
[15:55:11.205724] {Default Queue}  -> wl_shm#5.create_pool(new id wl_shm_pool#9, fd 5, 230400)
[15:55:11.205739] {Default Queue}  -> wl_shm_pool#9.create_buffer(new id wl_buffer#11, 0, 320, 180, 1280, 0)
[15:55:11.205743] {Default Queue}  -> wl_shm_pool#9.destroy()
[15:55:11.205747] {Default Queue}  -> xdg_surface#7.set_window_geometry(0, 0, 320, 180)
[15:55:11.205750] {Default Queue}  -> wl_surface#3.attach(wl_buffer#11, 0, 0)
[15:55:11.205753] {Default Queue}  -> wl_surface#3.damage(0, 0, 320, 180)
[15:55:11.205757] {Default Queue}  -> wl_surface#3.commit()
{"event":"buffercommit","sequence":30,"monotonicNs":93577141517621,"serial":75,"ackedSerial":75,"width":320,"height":180,"maximized":false,"fullscreen":false,"suspended":false,"bufferWidth":320,"bufferHeight":180,"inflight":1,"argb":"ff2370c8"}
[15:55:11.205916] {Display Queue} wl_display#1.delete_id(9)
[15:55:11.205921] {Default Queue} wl_buffer#11.release()
{"event":"buffer-release","sequence":31,"monotonicNs":93577141677379,"serial":75,"ackedSerial":75,"width":320,"height":180,"maximized":false,"fullscreen":false,"suspended":false,"bufferSerial":75,"bufferWidth":320,"bufferHeight":180}
[15:55:11.205926] {Default Queue}  -> wl_buffer#11.destroy()
[15:55:11.205985] discarded [unknown]#11.[event 0](0 fd, 8 byte)
[15:55:11.205991] {Display Queue} wl_display#1.delete_id(11)
[15:55:11.315870] {Default Queue}  -> xdg_toplevel#8.set_maximized()
{"event":"request","sequence":32,"monotonicNs":93577251643200,"serial":75,"ackedSerial":75,"width":320,"height":180,"maximized":false,"fullscreen":false,"suspended":false,"command":"maximize"}
[15:55:11.315895] {Default Queue}  -> wl_display#1.sync(new id wl_callback#11)
[15:55:11.316130] {Display Queue} wl_display#1.delete_id(11)
[15:55:11.316147] {Default Queue} wl_callback#11.done(76)
{"event":"server-barrier","sequence":33,"monotonicNs":93577251905651,"serial":75,"ackedSerial":75,"width":320,"height":180,"maximized":false,"fullscreen":false,"suspended":false,"requestSequence":32,"requestSerial":75,"command":"maximize","callbackData":76}
[15:55:11.316157] {Default Queue} xdg_toplevel#8.configure(798, 550, array[24])
[15:55:11.316161] {Default Queue} xdg_surface#7.configure(76)
[15:55:11.316165] {Default Queue}  -> xdg_surface#7.ack_configure(76)
{"event":"configure","sequence":34,"monotonicNs":93577251921173,"serial":76,"ackedSerial":76,"width":798,"height":550,"maximized":true,"fullscreen":false,"suspended":false,"configuredWidth":798,"configuredHeight":550}
[15:55:11.316818] {Default Queue}  -> wl_shm#5.create_pool(new id wl_shm_pool#11, fd 5, 1755600)
[15:55:11.316826] {Default Queue}  -> wl_shm_pool#11.create_buffer(new id wl_buffer#9, 0, 798, 550, 3192, 0)
[15:55:11.316830] {Default Queue}  -> wl_shm_pool#11.destroy()
[15:55:11.316833] {Default Queue}  -> xdg_surface#7.set_window_geometry(0, 0, 798, 550)
[15:55:11.316836] {Default Queue}  -> wl_surface#3.attach(wl_buffer#9, 0, 0)
[15:55:11.316839] {Default Queue}  -> wl_surface#3.damage(0, 0, 798, 550)
[15:55:11.316842] {Default Queue}  -> wl_surface#3.commit()
{"event":"buffercommit","sequence":35,"monotonicNs":93577252602907,"serial":76,"ackedSerial":76,"width":798,"height":550,"maximized":true,"fullscreen":false,"suspended":false,"bufferWidth":798,"bufferHeight":550,"inflight":1,"argb":"ff2470c8"}
[15:55:11.317287] {Display Queue} wl_display#1.delete_id(11)
[15:55:11.317303] {Default Queue} wl_buffer#9.release()
{"event":"buffer-release","sequence":36,"monotonicNs":93577253060780,"serial":76,"ackedSerial":76,"width":798,"height":550,"maximized":true,"fullscreen":false,"suspended":false,"bufferSerial":76,"bufferWidth":798,"bufferHeight":550}
[15:55:11.317310] {Default Queue}  -> wl_buffer#9.destroy()
[15:55:11.317845] discarded [unknown]#9.[event 0](0 fd, 8 byte)
[15:55:11.317856] {Display Queue} wl_display#1.delete_id(9)
[15:55:11.506327] {Default Queue}  -> xdg_toplevel#8.unset_maximized()
{"event":"request","sequence":37,"monotonicNs":93577442096925,"serial":76,"ackedSerial":76,"width":798,"height":550,"maximized":true,"fullscreen":false,"suspended":false,"command":"unmaximize"}
[15:55:11.506355] {Default Queue}  -> wl_display#1.sync(new id wl_callback#9)
[15:55:11.506469] {Display Queue} wl_display#1.delete_id(9)
[15:55:11.506476] {Default Queue} wl_callback#9.done(90)
{"event":"server-barrier","sequence":38,"monotonicNs":93577442233375,"serial":76,"ackedSerial":76,"width":798,"height":550,"maximized":true,"fullscreen":false,"suspended":false,"requestSequence":37,"requestSerial":76,"command":"unmaximize","callbackData":90}
[15:55:11.506482] {Default Queue} xdg_toplevel#8.configure(320, 180, array[20])
[15:55:11.506486] {Default Queue} xdg_surface#7.configure(90)
[15:55:11.506489] {Default Queue}  -> xdg_surface#7.ack_configure(90)
{"event":"configure","sequence":39,"monotonicNs":93577442245321,"serial":90,"ackedSerial":90,"width":320,"height":180,"maximized":false,"fullscreen":false,"suspended":false,"configuredWidth":320,"configuredHeight":180}
[15:55:11.506598] {Default Queue}  -> wl_shm#5.create_pool(new id wl_shm_pool#9, fd 5, 230400)
[15:55:11.506603] {Default Queue}  -> wl_shm_pool#9.create_buffer(new id wl_buffer#11, 0, 320, 180, 1280, 0)
[15:55:11.506607] {Default Queue}  -> wl_shm_pool#9.destroy()
[15:55:11.506610] {Default Queue}  -> xdg_surface#7.set_window_geometry(0, 0, 320, 180)
[15:55:11.506614] {Default Queue}  -> wl_surface#3.attach(wl_buffer#11, 0, 0)
[15:55:11.506617] {Default Queue}  -> wl_surface#3.damage(0, 0, 320, 180)
[15:55:11.506620] {Default Queue}  -> wl_surface#3.commit()
{"event":"buffercommit","sequence":40,"monotonicNs":93577442379848,"serial":90,"ackedSerial":90,"width":320,"height":180,"maximized":false,"fullscreen":false,"suspended":false,"bufferWidth":320,"bufferHeight":180,"inflight":1,"argb":"ff3270c8"}
[15:55:11.506768] {Display Queue} wl_display#1.delete_id(9)
[15:55:11.506772] {Default Queue} wl_buffer#11.release()
{"event":"buffer-release","sequence":41,"monotonicNs":93577442528479,"serial":90,"ackedSerial":90,"width":320,"height":180,"maximized":false,"fullscreen":false,"suspended":false,"bufferSerial":90,"bufferWidth":320,"bufferHeight":180}
[15:55:11.506777] {Default Queue}  -> wl_buffer#11.destroy()
[15:55:11.506832] discarded [unknown]#11.[event 0](0 fd, 8 byte)
[15:55:11.506837] {Display Queue} wl_display#1.delete_id(11)
[15:55:11.601431] {Default Queue} xdg_toplevel#8.configure(320, 180, array[16])
[15:55:11.601442] {Default Queue} xdg_surface#7.configure(102)
[15:55:11.601446] {Default Queue}  -> xdg_surface#7.ack_configure(102)
{"event":"configure","sequence":42,"monotonicNs":93577537202950,"serial":102,"ackedSerial":102,"width":320,"height":180,"maximized":false,"fullscreen":false,"suspended":false,"configuredWidth":320,"configuredHeight":180}
[15:55:11.601567] {Default Queue}  -> wl_shm#5.create_pool(new id wl_shm_pool#11, fd 5, 230400)
[15:55:11.601573] {Default Queue}  -> wl_shm_pool#11.create_buffer(new id wl_buffer#9, 0, 320, 180, 1280, 0)
[15:55:11.601577] {Default Queue}  -> wl_shm_pool#11.destroy()
[15:55:11.601580] {Default Queue}  -> xdg_surface#7.set_window_geometry(0, 0, 320, 180)
[15:55:11.601583] {Default Queue}  -> wl_surface#3.attach(wl_buffer#9, 0, 0)
[15:55:11.601587] {Default Queue}  -> wl_surface#3.damage(0, 0, 320, 180)
[15:55:11.601589] {Default Queue}  -> wl_surface#3.commit()
{"event":"buffercommit","sequence":43,"monotonicNs":93577537350163,"serial":102,"ackedSerial":102,"width":320,"height":180,"maximized":false,"fullscreen":false,"suspended":false,"bufferWidth":320,"bufferHeight":180,"inflight":1,"argb":"ff0e70c8"}
[15:55:11.601823] {Display Queue} wl_display#1.delete_id(11)
[15:55:11.601828] {Default Queue} wl_buffer#9.release()
{"event":"buffer-release","sequence":44,"monotonicNs":93577537584052,"serial":102,"ackedSerial":102,"width":320,"height":180,"maximized":false,"fullscreen":false,"suspended":false,"bufferSerial":102,"bufferWidth":320,"bufferHeight":180}
[15:55:11.601833] {Default Queue}  -> wl_buffer#9.destroy()
[15:55:11.601882] discarded [unknown]#9.[event 0](0 fd, 8 byte)
[15:55:11.601890] {Display Queue} wl_display#1.delete_id(9)
[15:55:11.753226] {Default Queue} xdg_toplevel#8.configure(798, 550, array[20])
[15:55:11.753245] {Default Queue} xdg_surface#7.configure(117)
[15:55:11.753255] {Default Queue}  -> xdg_surface#7.ack_configure(117)
{"event":"configure","sequence":45,"monotonicNs":93577689012610,"serial":117,"ackedSerial":117,"width":798,"height":550,"maximized":true,"fullscreen":false,"suspended":false,"configuredWidth":798,"configuredHeight":550}
[15:55:11.753884] {Default Queue}  -> wl_shm#5.create_pool(new id wl_shm_pool#9, fd 5, 1755600)
[15:55:11.753891] {Default Queue}  -> wl_shm_pool#9.create_buffer(new id wl_buffer#11, 0, 798, 550, 3192, 0)
[15:55:11.753895] {Default Queue}  -> wl_shm_pool#9.destroy()
[15:55:11.753899] {Default Queue}  -> xdg_surface#7.set_window_geometry(0, 0, 798, 550)
[15:55:11.753902] {Default Queue}  -> wl_surface#3.attach(wl_buffer#11, 0, 0)
[15:55:11.753905] {Default Queue}  -> wl_surface#3.damage(0, 0, 798, 550)
[15:55:11.753908] {Default Queue}  -> wl_surface#3.commit()
{"event":"buffercommit","sequence":46,"monotonicNs":93577689670012,"serial":117,"ackedSerial":117,"width":798,"height":550,"maximized":true,"fullscreen":false,"suspended":false,"bufferWidth":798,"bufferHeight":550,"inflight":1,"argb":"ff1d70c8"}
[15:55:11.754312] {Display Queue} wl_display#1.delete_id(9)
[15:55:11.754327] {Default Queue} wl_buffer#11.release()
{"event":"buffer-release","sequence":47,"monotonicNs":93577690085892,"serial":117,"ackedSerial":117,"width":798,"height":550,"maximized":true,"fullscreen":false,"suspended":false,"bufferSerial":117,"bufferWidth":798,"bufferHeight":550}
[15:55:11.754336] {Default Queue}  -> wl_buffer#11.destroy()
[15:55:11.754674] discarded [unknown]#11.[event 0](0 fd, 8 byte)
[15:55:11.754685] {Display Queue} wl_display#1.delete_id(11)
[15:55:12.112395] {Default Queue} xdg_wm_base#6.ping(1337)
[15:55:12.112419] {Default Queue}  -> xdg_wm_base#6.pong(1337)
[15:55:12.391474] {Default Queue} xdg_toplevel#8.configure(798, 550, array[24])
[15:55:12.391498] {Default Queue} xdg_surface#7.configure(132)
[15:55:12.391504] {Default Queue}  -> xdg_surface#7.ack_configure(132)
{"event":"configure","sequence":48,"monotonicNs":93578327262075,"serial":132,"ackedSerial":132,"width":798,"height":550,"maximized":true,"fullscreen":false,"suspended":false,"configuredWidth":798,"configuredHeight":550}
[15:55:12.392541] {Default Queue}  -> wl_shm#5.create_pool(new id wl_shm_pool#11, fd 5, 1755600)
[15:55:12.392547] {Default Queue}  -> wl_shm_pool#11.create_buffer(new id wl_buffer#9, 0, 798, 550, 3192, 0)
[15:55:12.392550] {Default Queue}  -> wl_shm_pool#11.destroy()
[15:55:12.392553] {Default Queue}  -> xdg_surface#7.set_window_geometry(0, 0, 798, 550)
[15:55:12.392556] {Default Queue}  -> wl_surface#3.attach(wl_buffer#9, 0, 0)
[15:55:12.392559] {Default Queue}  -> wl_surface#3.damage(0, 0, 798, 550)
[15:55:12.392561] {Default Queue}  -> wl_surface#3.commit()
{"event":"buffercommit","sequence":49,"monotonicNs":93578328322062,"serial":132,"ackedSerial":132,"width":798,"height":550,"maximized":true,"fullscreen":false,"suspended":false,"bufferWidth":798,"bufferHeight":550,"inflight":1,"argb":"ff2c73c8"}
[15:55:12.393014] {Display Queue} wl_display#1.delete_id(11)
[15:55:12.393018] {Default Queue} wl_buffer#9.release()
{"event":"buffer-release","sequence":50,"monotonicNs":93578328773779,"serial":132,"ackedSerial":132,"width":798,"height":550,"maximized":true,"fullscreen":false,"suspended":false,"bufferSerial":132,"bufferWidth":798,"bufferHeight":550}
[15:55:12.393022] {Default Queue}  -> wl_buffer#9.destroy()
[15:55:12.393530] discarded [unknown]#9.[event 0](0 fd, 8 byte)
[15:55:12.393549] {Display Queue} wl_display#1.delete_id(9)
[15:55:12.573794] {Default Queue} xdg_toplevel#8.configure(320, 180, array[20])
[15:55:12.573814] {Default Queue} xdg_surface#7.configure(147)
[15:55:12.573821] {Default Queue}  -> xdg_surface#7.ack_configure(147)
{"event":"configure","sequence":51,"monotonicNs":93578509578298,"serial":147,"ackedSerial":147,"width":320,"height":180,"maximized":false,"fullscreen":false,"suspended":false,"configuredWidth":320,"configuredHeight":180}
[15:55:12.573960] {Default Queue}  -> wl_shm#5.create_pool(new id wl_shm_pool#9, fd 5, 230400)
[15:55:12.573975] {Default Queue}  -> wl_shm_pool#9.create_buffer(new id wl_buffer#11, 0, 320, 180, 1280, 0)
[15:55:12.573980] {Default Queue}  -> wl_shm_pool#9.destroy()
[15:55:12.573984] {Default Queue}  -> xdg_surface#7.set_window_geometry(0, 0, 320, 180)
[15:55:12.573987] {Default Queue}  -> wl_surface#3.attach(wl_buffer#11, 0, 0)
[15:55:12.573991] {Default Queue}  -> wl_surface#3.damage(0, 0, 320, 180)
[15:55:12.573994] {Default Queue}  -> wl_surface#3.commit()
{"event":"buffercommit","sequence":52,"monotonicNs":93578509756489,"serial":147,"ackedSerial":147,"width":320,"height":180,"maximized":false,"fullscreen":false,"suspended":false,"bufferWidth":320,"bufferHeight":180,"inflight":1,"argb":"ff3b73c8"}
[15:55:12.574176] {Display Queue} wl_display#1.delete_id(9)
[15:55:12.574180] {Default Queue} wl_buffer#11.release()
{"event":"buffer-release","sequence":53,"monotonicNs":93578509937086,"serial":147,"ackedSerial":147,"width":320,"height":180,"maximized":false,"fullscreen":false,"suspended":false,"bufferSerial":147,"bufferWidth":320,"bufferHeight":180}
[15:55:12.574186] {Default Queue}  -> wl_buffer#11.destroy()
[15:55:12.574342] discarded [unknown]#11.[event 0](0 fd, 8 byte)
[15:55:12.574347] {Display Queue} wl_display#1.delete_id(11)
{"event":"request","sequence":54,"monotonicNs":93578873587511,"serial":147,"ackedSerial":147,"width":320,"height":180,"maximized":false,"fullscreen":false,"suspended":false,"command":"quit"}
[15:55:12.937860] {Default Queue}  -> xdg_toplevel#8.destroy()
[15:55:12.937869] {Default Queue}  -> xdg_surface#7.destroy()
[15:55:12.937873] {Default Queue}  -> wl_surface#3.destroy()
[15:55:12.937877] {Default Queue}  -> xdg_wm_base#6.destroy()
{"event":"normalexit","sequence":55,"monotonicNs":93578873649237,"serial":147,"ackedSerial":147,"width":320,"height":180,"maximized":false,"fullscreen":false,"suspended":false}
