feedback-elm 0
js-syntax 0
guard-controls 0
gio-flags 0
c-compile 0
actual-c-elm 0
typecheck 0
selected 0
samples 0
replay-named-capacityWithoutEffects-0.itf 0
replay-named-closeRetainsFloor-5.itf 0
replay-named-duplicateAndOlderRefused-2.itf 0
replay-named-exactProofThenNewFeedback-8.itf 0
replay-named-foreignClockOwnerSubjectRefused-3.itf 0
replay-named-issuedSeedClearsWait-6.itf 0
replay-named-lateFeedbackCannotClearOwnedWork-7.itf 0
replay-named-originalExpiryShown-1.itf 0
replay-named-wrongStampRefused-4.itf 0
replay-sample-0.itf 0
replay-sample-1.itf 0
replay-sample-10.itf 0
replay-sample-11.itf 0
replay-sample-2.itf 0
replay-sample-3.itf 0
replay-sample-4.itf 0
replay-sample-5.itf 0
replay-sample-6.itf 0
replay-sample-7.itf 0
replay-sample-8.itf 0
replay-sample-9.itf 0
{"passed": true, "report": "/home/hoskinson/omarchy-windows-parity/implementation/warlock-preview-provider-v85/qa/feedback-check-1791319090074241676/report.json", "error": null}
