00000000000094d0 T gdk_colorspace_get_type
0000000000009a50 T gdk_interp_type_get_type
000000000001d460 T gdk_pixbuf_add_alpha
0000000000009450 T gdk_pixbuf_alpha_mode_get_type
000000000000d590 T gdk_pixbuf_animation_get_height
000000000000d720 T gdk_pixbuf_animation_get_iter
000000000000d3c0 T gdk_pixbuf_animation_get_static_image
000000000000d160 T gdk_pixbuf_animation_get_type
000000000000d4d0 T gdk_pixbuf_animation_get_width
000000000000d330 T gdk_pixbuf_animation_is_static_image
000000000000db70 T gdk_pixbuf_animation_iter_advance
000000000000d940 T gdk_pixbuf_animation_iter_get_delay_time
000000000000d9f0 T gdk_pixbuf_animation_iter_get_pixbuf
000000000000d820 T gdk_pixbuf_animation_iter_get_type
000000000000dab0 T gdk_pixbuf_animation_iter_on_currently_loading_frame
000000000000ddb0 T gdk_pixbuf_animation_new_from_file
0000000000015d70 T gdk_pixbuf_animation_new_from_resource
0000000000011ba0 T gdk_pixbuf_animation_new_from_stream
00000000000081a0 T gdk_pixbuf_animation_new_from_stream_async
000000000000d210 T gdk_pixbuf_animation_new_from_stream_finish
000000000000d310 T gdk_pixbuf_animation_ref
000000000000d320 T gdk_pixbuf_animation_unref
000000000001e8b0 T gdk_pixbuf_apply_embedded_orientation
0000000000009bd0 T gdk_pixbuf_calculate_rowstride
0000000000012f40 T gdk_pixbuf_composite
0000000000014660 T gdk_pixbuf_composite_color
0000000000015ac0 T gdk_pixbuf_composite_color_simple
000000000000e9b0 T gdk_pixbuf_copy
000000000001e160 T gdk_pixbuf_copy_area
000000000000d040 T gdk_pixbuf_copy_options
00000000000099d0 T gdk_pixbuf_error_get_type
000000000000ab50 T gdk_pixbuf_error_quark
000000000000c6d0 T gdk_pixbuf_fill
000000000001d280 T gdk_pixbuf_flip
0000000000009200 T gdk_pixbuf_format_copy
0000000000008e90 T gdk_pixbuf_format_free
0000000000010ac0 T gdk_pixbuf_format_get_description
0000000000010b60 T gdk_pixbuf_format_get_extensions
0000000000010ca0 T gdk_pixbuf_format_get_license
0000000000010b20 T gdk_pixbuf_format_get_mime_types
0000000000010a80 T gdk_pixbuf_format_get_name
0000000000010e60 T gdk_pixbuf_format_get_type
0000000000010c20 T gdk_pixbuf_format_is_disabled
0000000000010d70 T gdk_pixbuf_format_is_save_option_supported
0000000000010be0 T gdk_pixbuf_format_is_scalable
0000000000010ba0 T gdk_pixbuf_format_is_writable
0000000000010c60 T gdk_pixbuf_format_set_disabled
000000000001f770 T gdk_pixbuf_from_pixdata
0000000000009df0 T gdk_pixbuf_get_bits_per_sample
000000000000a6e0 T gdk_pixbuf_get_byte_length
0000000000009c90 T gdk_pixbuf_get_colorspace
00000000000125d0 T gdk_pixbuf_get_file_info
0000000000008ec0 T gdk_pixbuf_get_file_info_async
000000000000f310 T gdk_pixbuf_get_file_info_finish
0000000000010ce0 T gdk_pixbuf_get_formats
0000000000009d70 T gdk_pixbuf_get_has_alpha
0000000000009fc0 T gdk_pixbuf_get_height
0000000000009d00 T gdk_pixbuf_get_n_channels
000000000000c960 T gdk_pixbuf_get_option
000000000000caa0 T gdk_pixbuf_get_options
000000000000a8b0 T gdk_pixbuf_get_pixels
000000000000a780 T gdk_pixbuf_get_pixels_with_length
000000000000a670 T gdk_pixbuf_get_rowstride
0000000000009b50 T gdk_pixbuf_get_type
0000000000009f50 T gdk_pixbuf_get_width
000000000000ee50 T gdk_pixbuf_init_modules
0000000000011690 T gdk_pixbuf_loader_close
0000000000011610 T gdk_pixbuf_loader_get_animation
0000000000012b50 T gdk_pixbuf_loader_get_format
0000000000011590 T gdk_pixbuf_loader_get_pixbuf
0000000000010ec0 T gdk_pixbuf_loader_get_type
00000000000111c0 T gdk_pixbuf_loader_new
00000000000129d0 T gdk_pixbuf_loader_new_with_mime_type
00000000000128f0 T gdk_pixbuf_loader_new_with_type
0000000000010f70 T gdk_pixbuf_loader_set_size
0000000000011900 T gdk_pixbuf_loader_write
00000000000127e0 T gdk_pixbuf_loader_write_bytes
000000000002df88 R gdk_pixbuf_major_version
000000000002df80 R gdk_pixbuf_micro_version
000000000002df84 R gdk_pixbuf_minor_version
000000000000e920 T gdk_pixbuf_new
000000000000ec60 T gdk_pixbuf_new_from_bytes
000000000000e740 T gdk_pixbuf_new_from_data
000000000000eed0 T gdk_pixbuf_new_from_file
0000000000011e00 T gdk_pixbuf_new_from_file_at_scale
0000000000012180 T gdk_pixbuf_new_from_file_at_size
000000000001fef0 T gdk_pixbuf_new_from_inline
0000000000015e10 T gdk_pixbuf_new_from_resource
0000000000012340 T gdk_pixbuf_new_from_resource_at_scale
00000000000123c0 T gdk_pixbuf_new_from_stream
00000000000113f0 T gdk_pixbuf_new_from_stream_async
0000000000012280 T gdk_pixbuf_new_from_stream_at_scale
00000000000111e0 T gdk_pixbuf_new_from_stream_at_scale_async
000000000000f1f0 T gdk_pixbuf_new_from_stream_finish
000000000000f440 T gdk_pixbuf_new_from_xpm_data
000000000000eac0 T gdk_pixbuf_new_subpixbuf
000000000000dcb0 T gdk_pixbuf_non_anim_get_type
000000000000dd10 T gdk_pixbuf_non_anim_new
000000000000a8c0 T gdk_pixbuf_read_pixel_bytes
0000000000009e60 T gdk_pixbuf_read_pixels
0000000000009bb0 T gdk_pixbuf_ref
000000000000cb90 T gdk_pixbuf_remove_option
000000000001cec0 T gdk_pixbuf_rotate_simple
0000000000009ad0 T gdk_pixbuf_rotation_get_type
000000000001e390 T gdk_pixbuf_saturate_and_pixelate
000000000000f9b0 T gdk_pixbuf_save
00000000000103b0 T gdk_pixbuf_save_to_buffer
00000000000102a0 T gdk_pixbuf_save_to_bufferv
0000000000010080 T gdk_pixbuf_save_to_callback
000000000000fb40 T gdk_pixbuf_save_to_callbackv
0000000000010810 T gdk_pixbuf_save_to_stream
000000000000a340 T gdk_pixbuf_save_to_stream_async
0000000000010960 T gdk_pixbuf_save_to_stream_finish
00000000000107b0 T gdk_pixbuf_save_to_streamv
000000000000a080 T gdk_pixbuf_save_to_streamv_async
000000000000f600 T gdk_pixbuf_savev
0000000000012c50 T gdk_pixbuf_scale
0000000000015900 T gdk_pixbuf_scale_simple
000000000000ce00 T gdk_pixbuf_set_option
000000000001d800 T gdk_pixbuf_simple_anim_add_frame
000000000001da90 T gdk_pixbuf_simple_anim_get_loop
000000000001d750 T gdk_pixbuf_simple_anim_get_type
000000000001dcb0 T gdk_pixbuf_simple_anim_iter_get_type
000000000001d7b0 T gdk_pixbuf_simple_anim_new
000000000001d940 T gdk_pixbuf_simple_anim_set_loop
0000000000009bc0 T gdk_pixbuf_unref
0000000000039080 D gdk_pixbuf_version
000000000001ea40 T gdk_pixdata_deserialize
000000000001f150 T gdk_pixdata_from_pixbuf
000000000001b9d0 T gdk_pixdata_serialize
000000000001bcf0 T gdk_pixdata_to_csource
