
Verifying dependencies (2/7)
Verifying dependencies (3/7)
Verifying dependencies (4/7)
Verifying dependencies (5/7)
Verifying dependencies (6/7)
Verifying dependencies (7/7)
                            
Dependencies ready!
Compiling ...
Compiling (1)
Compiling (2)
Compiling (3)
Compiling (4)
Compiling (5)
Compiling (6)
Compiling (7)
Compiling (8)
Compiling (9)
Compiling (10)
Compiling (11)
Compiling (12)
Compiling (13)
Compiling (14)
Compiling (15)
Compiling (16)
Compiling (17)
Compiling (18)
Compiling (19)
Compiling (20)
Compiling (21)
Success! Compiled 21 modules.

    MenuSurfaceReplay ───> /home/hoskinson/omarchy-windows-parity/implementation/elm-shared-context-stable-popup-scope-v325/semantic/qa/replay-1791111367402468218/replay.js

