[06:57:00.994189] {Default Queue}  -> wl_display#1.get_registry(new id wl_registry#2)
[06:57:00.994213] {Default Queue}  -> wl_display#1.sync(new id wl_callback#3)
[06:57:00.994290] {Display Queue} wl_display#1.delete_id(3)
[06:57:00.994297] {Default Queue} wl_registry#2.global(1, "wl_seat", 9)
[06:57:00.994301] {Default Queue} wl_registry#2.global(2, "wl_data_device_manager", 3)
[06:57:00.994305] {Default Queue}  -> wl_registry#2.bind(2, "wl_data_device_manager", 3, new id [unknown]#4)
[06:57:00.994308] {Default Queue} wl_registry#2.global(3, "wl_compositor", 6)
[06:57:00.994311] {Default Queue}  -> wl_registry#2.bind(3, "wl_compositor", 3, new id [unknown]#5)
[06:57:00.994314] {Default Queue} wl_registry#2.global(4, "wl_subcompositor", 1)
[06:57:00.994316] {Default Queue}  -> wl_registry#2.bind(4, "wl_subcompositor", 1, new id [unknown]#6)
[06:57:00.994319] {Default Queue} wl_registry#2.global(5, "wl_shm", 2)
[06:57:00.994321] {Default Queue}  -> wl_registry#2.bind(5, "wl_shm", 1, new id [unknown]#7)
[06:57:00.994323] {Default Queue} wl_registry#2.global(6, "wp_viewporter", 1)
[06:57:00.994326] {Default Queue} wl_registry#2.global(7, "wp_tearing_control_manager_v1", 1)
[06:57:00.994329] {Default Queue} wl_registry#2.global(8, "wp_fractional_scale_manager_v1", 1)
[06:57:00.994332] {Default Queue} wl_registry#2.global(9, "zxdg_output_manager_v1", 3)
[06:57:00.994334] {Default Queue}  -> wl_registry#2.bind(9, "zxdg_output_manager_v1", 3, new id [unknown]#8)
[06:57:00.994337] {Default Queue}  -> wl_display#1.sync(new id wl_callback#9)
[06:57:00.994340] {Default Queue} wl_registry#2.global(10, "wp_cursor_shape_manager_v1", 2)
[06:57:00.994342] {Default Queue}  -> wl_registry#2.bind(10, "wp_cursor_shape_manager_v1", 1, new id [unknown]#10)
[06:57:00.994345] {Default Queue} wl_registry#2.global(11, "zwp_idle_inhibit_manager_v1", 1)
[06:57:00.994347] {Default Queue} wl_registry#2.global(12, "zwp_relative_pointer_manager_v1", 1)
[06:57:00.994350] {Default Queue} wl_registry#2.global(13, "zxdg_decoration_manager_v1", 2)
[06:57:00.994352] {Default Queue} wl_registry#2.global(14, "wp_alpha_modifier_v1", 1)
[06:57:00.994354] {Default Queue} wl_registry#2.global(15, "zwlr_gamma_control_manager_v1", 1)
[06:57:00.994357] {Default Queue} wl_registry#2.global(16, "ext_foreign_toplevel_list_v1", 1)
[06:57:00.994359] {Default Queue} wl_registry#2.global(17, "zwp_pointer_gestures_v1", 3)
[06:57:00.994363] {Default Queue}  -> wl_registry#2.bind(17, "zwp_pointer_gestures_v1", 1, new id [unknown]#11)
[06:57:00.994366] {Default Queue} wl_registry#2.global(18, "zwlr_foreign_toplevel_manager_v1", 3)
[06:57:00.994368] {Default Queue} wl_registry#2.global(19, "zwp_keyboard_shortcuts_inhibit_manager_v1", 1)
[06:57:00.994371] {Default Queue}  -> wl_registry#2.bind(19, "zwp_keyboard_shortcuts_inhibit_manager_v1", 1, new id [unknown]#12)
[06:57:00.994375] {Default Queue} wl_registry#2.global(20, "zwp_text_input_manager_v1", 1)
[06:57:00.994377] {Default Queue} wl_registry#2.global(21, "zwp_text_input_manager_v3", 1)
[06:57:00.994381] {Default Queue} wl_registry#2.global(22, "zwp_pointer_constraints_v1", 1)
[06:57:00.994384] {Default Queue} wl_registry#2.global(23, "zwlr_output_power_manager_v1", 1)
[06:57:00.994386] {Default Queue} wl_registry#2.global(24, "xdg_activation_v1", 1)
[06:57:00.994389] {Default Queue}  -> wl_registry#2.bind(24, "xdg_activation_v1", 1, new id [unknown]#13)
[06:57:00.994391] {Default Queue} wl_registry#2.global(25, "ext_idle_notifier_v1", 2)
[06:57:00.994394] {Default Queue} wl_registry#2.global(26, "hyprland_lock_notifier_v1", 1)
[06:57:00.994396] {Default Queue} wl_registry#2.global(27, "ext_session_lock_manager_v1", 1)
[06:57:00.994399] {Default Queue} wl_registry#2.global(28, "zwp_input_method_manager_v2", 1)
[06:57:00.994401] {Default Queue} wl_registry#2.global(29, "zwp_virtual_keyboard_manager_v1", 1)
[06:57:00.994404] {Default Queue} wl_registry#2.global(30, "zwlr_virtual_pointer_manager_v1", 2)
[06:57:00.994406] {Default Queue} wl_registry#2.global(31, "zwlr_output_manager_v1", 4)
[06:57:00.994410] {Default Queue} wl_registry#2.global(32, "org_kde_kwin_server_decoration_manager", 1)
[06:57:00.994417] {Default Queue}  -> wl_registry#2.bind(32, "org_kde_kwin_server_decoration_manager", 1, new id [unknown]#14)
[06:57:00.994423] {Default Queue} wl_registry#2.global(33, "hyprland_focus_grab_manager_v1", 1)
[06:57:00.994426] {Default Queue} wl_registry#2.global(34, "zwp_tablet_manager_v2", 1)
[06:57:00.994429] {Default Queue}  -> wl_registry#2.bind(34, "zwp_tablet_manager_v2", 1, new id [unknown]#15)
[06:57:00.994432] {Default Queue} wl_registry#2.global(35, "zwlr_layer_shell_v1", 5)
[06:57:00.994435] {Default Queue} wl_registry#2.global(36, "wp_presentation", 2)
[06:57:00.994437] {Default Queue} wl_registry#2.global(37, "xdg_wm_base", 7)
[06:57:00.994440] {Default Queue} wl_registry#2.global(38, "zwlr_data_control_manager_v1", 2)
[06:57:00.994443] {Default Queue} wl_registry#2.global(39, "zwp_primary_selection_device_manager_v1", 1)
[06:57:00.994445] {Default Queue}  -> wl_registry#2.bind(39, "zwp_primary_selection_device_manager_v1", 1, new id [unknown]#16)
[06:57:00.994448] {Default Queue} wl_registry#2.global(40, "xwayland_shell_v1", 1)
[06:57:00.994451] {Default Queue} wl_registry#2.global(41, "hyprland_toplevel_mapping_manager_v1", 1)
[06:57:00.994454] {Default Queue} wl_registry#2.global(42, "hyprland_global_shortcuts_manager_v1", 1)
[06:57:00.994457] {Default Queue} wl_registry#2.global(43, "xdg_wm_dialog_v1", 1)
[06:57:00.994459] {Default Queue} wl_registry#2.global(44, "wp_single_pixel_buffer_manager_v1", 1)
[06:57:00.994462] {Default Queue} wl_registry#2.global(45, "wp_security_context_manager_v1", 1)
[06:57:00.994465] {Default Queue} wl_registry#2.global(46, "hyprland_ctm_control_manager_v1", 2)
[06:57:00.994468] {Default Queue} wl_registry#2.global(47, "hyprland_input_capture_manager_v1", 1)
[06:57:00.994470] {Default Queue} wl_registry#2.global(48, "hyprland_surface_manager_v1", 2)
[06:57:00.994473] {Default Queue} wl_registry#2.global(49, "wp_content_type_manager_v1", 1)
[06:57:00.994476] {Default Queue} wl_registry#2.global(50, "xdg_toplevel_tag_manager_v1", 1)
[06:57:00.994479] {Default Queue} wl_registry#2.global(51, "xdg_system_bell_v1", 1)
[06:57:00.994482] {Default Queue} wl_registry#2.global(52, "vicinae_hotkey_manager_v1", 1)
[06:57:00.994485] {Default Queue} wl_registry#2.global(53, "ext_workspace_manager_v1", 1)
[06:57:00.994487] {Default Queue} wl_registry#2.global(54, "ext_data_control_manager_v1", 1)
[06:57:00.994490] {Default Queue} wl_registry#2.global(55, "wp_pointer_warp_v1", 1)
[06:57:00.994493] {Default Queue} wl_registry#2.global(56, "wp_fifo_manager_v1", 1)
[06:57:00.994495] {Default Queue} wl_registry#2.global(57, "zxdg_exporter_v2", 1)
[06:57:00.994498] {Default Queue}  -> wl_registry#2.bind(57, "zxdg_exporter_v2", 1, new id [unknown]#17)
[06:57:00.994501] {Default Queue} wl_registry#2.global(58, "zxdg_importer_v2", 1)
[06:57:00.994504] {Default Queue}  -> wl_registry#2.bind(58, "zxdg_importer_v2", 1, new id [unknown]#18)
[06:57:00.994511] {Default Queue} wl_registry#2.global(59, "ext_background_effect_manager_v1", 1)
[06:57:00.994514] {Default Queue} wl_registry#2.global(60, "wp_commit_timing_manager_v1", 1)
[06:57:00.994517] {Default Queue} wl_registry#2.global(61, "zwlr_screencopy_manager_v1", 3)
[06:57:00.994522] {Default Queue} wl_registry#2.global(62, "hyprland_toplevel_export_manager_v1", 2)
[06:57:00.994525] {Default Queue} wl_registry#2.global(63, "ext_output_image_capture_source_manager_v1", 1)
[06:57:00.994529] {Default Queue} wl_registry#2.global(64, "ext_foreign_toplevel_image_capture_source_manager_v1", 1)
[06:57:00.994532] {Default Queue} wl_registry#2.global(65, "ext_image_copy_capture_manager_v1", 1)
[06:57:00.994535] {Default Queue} wl_registry#2.global(66, "wp_color_manager_v1", 3)
[06:57:00.994538] {Default Queue} wl_registry#2.global(67, "wl_drm", 2)
[06:57:00.994540] {Default Queue} wl_registry#2.global(68, "zwp_linux_dmabuf_v1", 5)
[06:57:00.994543] {Default Queue} wl_registry#2.global(69, "wl_output", 4)
[06:57:00.994546] {Default Queue}  -> wl_registry#2.bind(69, "wl_output", 2, new id [unknown]#19)
[06:57:00.994580] {Default Queue}  -> zxdg_output_manager_v1#8.get_xdg_output(new id zxdg_output_v1#20, wl_output#19)
[06:57:00.994586] {Default Queue}  -> wl_display#1.sync(new id wl_callback#21)
[06:57:00.994589] {Default Queue} wl_callback#3.done(72)
[06:57:00.994617] {Default Queue}  -> wl_shm#7.create_pool(new id wl_shm_pool#3, fd 10, 2304)
[06:57:00.994691] {Default Queue}  -> wl_shm_pool#3.resize(6912)
[06:57:00.994735] {Default Queue}  -> wl_shm_pool#3.resize(16128)
[06:57:00.994812] {Default Queue}  -> wl_shm_pool#3.resize(34560)
[06:57:00.994949] {Default Queue}  -> wl_shm_pool#3.resize(71424)
[06:57:00.995208] {Default Queue}  -> wl_shm_pool#3.resize(145152)
[06:57:00.996163] {Default Queue}  -> wl_shm_pool#3.resize(292608)
[06:57:00.997203] {Default Queue}  -> wl_shm_pool#3.resize(587520)
[06:57:01.001264] {Default Queue}  -> wl_registry#2.bind(1, "wl_seat", 5, new id [unknown]#22)
[06:57:01.002894] {Default Queue}  -> wl_compositor#5.create_surface(new id wl_surface#23)
[06:57:01.002912] {Default Queue}  -> zwp_primary_selection_device_manager_v1#16.get_device(new id zwp_primary_selection_device_v1#24, wl_seat#22)
[06:57:01.002919] {Default Queue}  -> wl_data_device_manager#4.get_data_device(new id wl_data_device#25, wl_seat#22)
[06:57:01.002967] {Default Queue}  -> wl_compositor#5.create_surface(new id wl_surface#26)
[06:57:01.002971] {Default Queue}  -> zwp_tablet_manager_v2#15.get_tablet_seat(new id zwp_tablet_seat_v2#27, wl_seat#22)
[06:57:01.002977] {Default Queue}  -> wl_display#1.sync(new id wl_callback#28)
[06:57:01.003166] {Display Queue} wl_display#1.delete_id(9)
[06:57:01.003172] {Display Queue} wl_display#1.delete_id(21)
[06:57:01.003176] {Display Queue} wl_display#1.delete_id(28)
[06:57:01.003178] {Default Queue} wl_shm#7.format(0)
[06:57:01.003180] {Default Queue} wl_shm#7.format(1)
[06:57:01.003182] {Default Queue} wl_shm#7.format(875709016)
[06:57:01.003185] {Default Queue} wl_shm#7.format(875708993)
[06:57:01.003187] {Default Queue} wl_shm#7.format(808669784)
[06:57:01.003189] {Default Queue} wl_shm#7.format(808669761)
[06:57:01.003191] {Default Queue} wl_shm#7.format(808665688)
[06:57:01.003193] {Default Queue} wl_shm#7.format(808665665)
[06:57:01.003195] {Default Queue} wl_callback#9.done(72)
[06:57:01.003198] {Default Queue} org_kde_kwin_server_decoration_manager#14.default_mode(2)
[06:57:01.003202] {Default Queue} wl_output#19.scale(1)
[06:57:01.003205] {Default Queue} wl_output#19.mode(1, 800, 600, 60000)
[06:57:01.003209] {Default Queue} wl_output#19.geometry(0, 0, 0, 0, 1, "", "", 0)
[06:57:01.003214] {Default Queue} wl_output#19.done()
[06:57:01.003222] {Default Queue} zxdg_output_v1#20.name("WAYLAND-1")
[06:57:01.003225] {Default Queue} zxdg_output_v1#20.logical_position(0, 0)
[06:57:01.003228] {Default Queue} zxdg_output_v1#20.logical_size(800, 600)
[06:57:01.003231] {Default Queue} wl_output#19.done()
[06:57:01.003234] {Default Queue} wl_callback#21.done(72)
[06:57:01.003236] {Default Queue} wl_seat#22.name("Hyprland")
[06:57:01.003239] {Default Queue} wl_seat#22.capabilities(3)
[06:57:01.003242] {Default Queue}  -> wl_seat#22.get_pointer(new id wl_pointer#21)
[06:57:01.003249] {Default Queue}  -> zwp_pointer_gestures_v1#11.get_swipe_gesture(new id zwp_pointer_gesture_swipe_v1#9, wl_pointer#21)
[06:57:01.003254] {Default Queue}  -> zwp_pointer_gestures_v1#11.get_pinch_gesture(new id zwp_pointer_gesture_pinch_v1#29, wl_pointer#21)
[06:57:01.003258] {Default Queue}  -> wp_cursor_shape_manager_v1#10.get_pointer(new id wp_cursor_shape_device_v1#30, wl_pointer#21)
[06:57:01.003263] {Default Queue}  -> wl_seat#22.get_keyboard(new id wl_keyboard#31)
[06:57:01.003268] {Default Queue} wl_callback#28.done(72)
[06:57:01.003272] {Default Queue}  -> wl_registry#2.bind(37, "xdg_wm_base", 6, new id [unknown]#28)
[06:57:01.020136] {Default Queue}  -> wl_display#1.get_registry(new id wl_registry#32)
[06:57:01.020171] {Default Queue}  -> wl_display#1.sync(new id wl_callback#33)
[06:57:01.020293] {Display Queue} wl_display#1.delete_id(33)
[06:57:01.020299] {Default Queue} wl_keyboard#31.keymap(1, fd 6, 35572)
[06:57:01.021102] {Default Queue} wl_keyboard#31.repeat_info(25, 600)
[06:57:01.021122] {Default Queue} wl_registry#32.global(1, "wl_seat", 9)
[06:57:01.021132] {Default Queue} wl_registry#32.global(2, "wl_data_device_manager", 3)
[06:57:01.021135] {Default Queue} wl_registry#32.global(3, "wl_compositor", 6)
[06:57:01.021138] {Default Queue} wl_registry#32.global(4, "wl_subcompositor", 1)
[06:57:01.021140] {Default Queue} wl_registry#32.global(5, "wl_shm", 2)
[06:57:01.021143] {Default Queue} wl_registry#32.global(6, "wp_viewporter", 1)
[06:57:01.021145] {Default Queue} wl_registry#32.global(7, "wp_tearing_control_manager_v1", 1)
[06:57:01.021147] {Default Queue} wl_registry#32.global(8, "wp_fractional_scale_manager_v1", 1)
[06:57:01.021150] {Default Queue} wl_registry#32.global(9, "zxdg_output_manager_v1", 3)
[06:57:01.021152] {Default Queue} wl_registry#32.global(10, "wp_cursor_shape_manager_v1", 2)
[06:57:01.021155] {Default Queue} wl_registry#32.global(11, "zwp_idle_inhibit_manager_v1", 1)
[06:57:01.021157] {Default Queue} wl_registry#32.global(12, "zwp_relative_pointer_manager_v1", 1)
[06:57:01.021159] {Default Queue} wl_registry#32.global(13, "zxdg_decoration_manager_v1", 2)
[06:57:01.021162] {Default Queue} wl_registry#32.global(14, "wp_alpha_modifier_v1", 1)
[06:57:01.021164] {Default Queue} wl_registry#32.global(15, "zwlr_gamma_control_manager_v1", 1)
[06:57:01.021166] {Default Queue} wl_registry#32.global(16, "ext_foreign_toplevel_list_v1", 1)
[06:57:01.021169] {Default Queue} wl_registry#32.global(17, "zwp_pointer_gestures_v1", 3)
[06:57:01.021171] {Default Queue} wl_registry#32.global(18, "zwlr_foreign_toplevel_manager_v1", 3)
[06:57:01.021174] {Default Queue} wl_registry#32.global(19, "zwp_keyboard_shortcuts_inhibit_manager_v1", 1)
[06:57:01.021176] {Default Queue} wl_registry#32.global(20, "zwp_text_input_manager_v1", 1)
[06:57:01.021178] {Default Queue} wl_registry#32.global(21, "zwp_text_input_manager_v3", 1)
[06:57:01.021181] {Default Queue} wl_registry#32.global(22, "zwp_pointer_constraints_v1", 1)
[06:57:01.021183] {Default Queue} wl_registry#32.global(23, "zwlr_output_power_manager_v1", 1)
[06:57:01.021185] {Default Queue} wl_registry#32.global(24, "xdg_activation_v1", 1)
[06:57:01.021188] {Default Queue} wl_registry#32.global(25, "ext_idle_notifier_v1", 2)
[06:57:01.021190] {Default Queue} wl_registry#32.global(26, "hyprland_lock_notifier_v1", 1)
[06:57:01.021193] {Default Queue} wl_registry#32.global(27, "ext_session_lock_manager_v1", 1)
[06:57:01.021195] {Default Queue} wl_registry#32.global(28, "zwp_input_method_manager_v2", 1)
[06:57:01.021197] {Default Queue} wl_registry#32.global(29, "zwp_virtual_keyboard_manager_v1", 1)
[06:57:01.021200] {Default Queue} wl_registry#32.global(30, "zwlr_virtual_pointer_manager_v1", 2)
[06:57:01.021202] {Default Queue} wl_registry#32.global(31, "zwlr_output_manager_v1", 4)
[06:57:01.021205] {Default Queue} wl_registry#32.global(32, "org_kde_kwin_server_decoration_manager", 1)
[06:57:01.021207] {Default Queue} wl_registry#32.global(33, "hyprland_focus_grab_manager_v1", 1)
[06:57:01.021209] {Default Queue} wl_registry#32.global(34, "zwp_tablet_manager_v2", 1)
[06:57:01.021212] {Default Queue} wl_registry#32.global(35, "zwlr_layer_shell_v1", 5)
[06:57:01.021214] {Default Queue}  -> wl_registry#32.bind(35, "zwlr_layer_shell_v1", 4, new id [unknown]#34)
[06:57:01.021217] {Default Queue} wl_registry#32.global(36, "wp_presentation", 2)
[06:57:01.021221] {Default Queue} wl_registry#32.global(37, "xdg_wm_base", 7)
[06:57:01.021223] {Default Queue}  -> wl_registry#32.bind(37, "xdg_wm_base", 7, new id [unknown]#35)
[06:57:01.021226] {Default Queue} wl_registry#32.global(38, "zwlr_data_control_manager_v1", 2)
[06:57:01.021229] {Default Queue} wl_registry#32.global(39, "zwp_primary_selection_device_manager_v1", 1)
[06:57:01.021232] {Default Queue} wl_registry#32.global(40, "xwayland_shell_v1", 1)
[06:57:01.021235] {Default Queue} wl_registry#32.global(41, "hyprland_toplevel_mapping_manager_v1", 1)
[06:57:01.021237] {Default Queue} wl_registry#32.global(42, "hyprland_global_shortcuts_manager_v1", 1)
[06:57:01.021245] {Default Queue} wl_registry#32.global(43, "xdg_wm_dialog_v1", 1)
[06:57:01.021250] {Default Queue} wl_registry#32.global(44, "wp_single_pixel_buffer_manager_v1", 1)
[06:57:01.021252] {Default Queue} wl_registry#32.global(45, "wp_security_context_manager_v1", 1)
[06:57:01.021255] {Default Queue} wl_registry#32.global(46, "hyprland_ctm_control_manager_v1", 2)
[06:57:01.021258] {Default Queue} wl_registry#32.global(47, "hyprland_input_capture_manager_v1", 1)
[06:57:01.021261] {Default Queue} wl_registry#32.global(48, "hyprland_surface_manager_v1", 2)
[06:57:01.021263] {Default Queue} wl_registry#32.global(49, "wp_content_type_manager_v1", 1)
[06:57:01.021266] {Default Queue} wl_registry#32.global(50, "xdg_toplevel_tag_manager_v1", 1)
[06:57:01.021269] {Default Queue} wl_registry#32.global(51, "xdg_system_bell_v1", 1)
[06:57:01.021272] {Default Queue} wl_registry#32.global(52, "vicinae_hotkey_manager_v1", 1)
[06:57:01.021275] {Default Queue} wl_registry#32.global(53, "ext_workspace_manager_v1", 1)
[06:57:01.021277] {Default Queue} wl_registry#32.global(54, "ext_data_control_manager_v1", 1)
[06:57:01.021280] {Default Queue} wl_registry#32.global(55, "wp_pointer_warp_v1", 1)
[06:57:01.021283] {Default Queue} wl_registry#32.global(56, "wp_fifo_manager_v1", 1)
[06:57:01.021286] {Default Queue} wl_registry#32.global(57, "zxdg_exporter_v2", 1)
[06:57:01.021288] {Default Queue} wl_registry#32.global(58, "zxdg_importer_v2", 1)
[06:57:01.021291] {Default Queue} wl_registry#32.global(59, "ext_background_effect_manager_v1", 1)
[06:57:01.021294] {Default Queue} wl_registry#32.global(60, "wp_commit_timing_manager_v1", 1)
[06:57:01.021296] {Default Queue} wl_registry#32.global(61, "zwlr_screencopy_manager_v1", 3)
[06:57:01.021300] {Default Queue} wl_registry#32.global(62, "hyprland_toplevel_export_manager_v1", 2)
[06:57:01.021303] {Default Queue} wl_registry#32.global(63, "ext_output_image_capture_source_manager_v1", 1)
[06:57:01.021306] {Default Queue} wl_registry#32.global(64, "ext_foreign_toplevel_image_capture_source_manager_v1", 1)
[06:57:01.021309] {Default Queue} wl_registry#32.global(65, "ext_image_copy_capture_manager_v1", 1)
[06:57:01.021311] {Default Queue} wl_registry#32.global(66, "wp_color_manager_v1", 3)
[06:57:01.021314] {Default Queue} wl_registry#32.global(67, "wl_drm", 2)
[06:57:01.021317] {Default Queue} wl_registry#32.global(68, "zwp_linux_dmabuf_v1", 5)
[06:57:01.021320] {Default Queue} wl_registry#32.global(69, "wl_output", 4)
[06:57:01.021322] {Default Queue} wl_callback#33.done(72)
[06:57:01.048784] {Default Queue}  -> wl_compositor#5.create_surface(new id wl_surface#33)
[06:57:01.049167] {mesa egl display queue}  -> wl_display#1.get_registry(new id wl_registry#36)
[06:57:01.049182] {mesa egl display queue}  -> wl_display#1.sync(new id wl_callback#37)
[06:57:01.049415] {Display Queue} wl_display#1.delete_id(37)
[06:57:01.049420] {mesa egl display queue} wl_registry#36.global(1, "wl_seat", 9)
[06:57:01.049424] {mesa egl display queue} wl_registry#36.global(2, "wl_data_device_manager", 3)
[06:57:01.049426] {mesa egl display queue} wl_registry#36.global(3, "wl_compositor", 6)
[06:57:01.049428] {mesa egl display queue} wl_registry#36.global(4, "wl_subcompositor", 1)
[06:57:01.049430] {mesa egl display queue} wl_registry#36.global(5, "wl_shm", 2)
[06:57:01.049432] {mesa egl display queue} wl_registry#36.global(6, "wp_viewporter", 1)
[06:57:01.049434] {mesa egl display queue} wl_registry#36.global(7, "wp_tearing_control_manager_v1", 1)
[06:57:01.049436] {mesa egl display queue} wl_registry#36.global(8, "wp_fractional_scale_manager_v1", 1)
[06:57:01.049438] {mesa egl display queue} wl_registry#36.global(9, "zxdg_output_manager_v1", 3)
[06:57:01.049440] {mesa egl display queue} wl_registry#36.global(10, "wp_cursor_shape_manager_v1", 2)
[06:57:01.049442] {mesa egl display queue} wl_registry#36.global(11, "zwp_idle_inhibit_manager_v1", 1)
[06:57:01.049444] {mesa egl display queue} wl_registry#36.global(12, "zwp_relative_pointer_manager_v1", 1)
[06:57:01.049446] {mesa egl display queue} wl_registry#36.global(13, "zxdg_decoration_manager_v1", 2)
[06:57:01.049454] {mesa egl display queue} wl_registry#36.global(14, "wp_alpha_modifier_v1", 1)
[06:57:01.049464] {mesa egl display queue} wl_registry#36.global(15, "zwlr_gamma_control_manager_v1", 1)
[06:57:01.049466] {mesa egl display queue} wl_registry#36.global(16, "ext_foreign_toplevel_list_v1", 1)
[06:57:01.049468] {mesa egl display queue} wl_registry#36.global(17, "zwp_pointer_gestures_v1", 3)
[06:57:01.049470] {mesa egl display queue} wl_registry#36.global(18, "zwlr_foreign_toplevel_manager_v1", 3)
[06:57:01.049472] {mesa egl display queue} wl_registry#36.global(19, "zwp_keyboard_shortcuts_inhibit_manager_v1", 1)
[06:57:01.049474] {mesa egl display queue} wl_registry#36.global(20, "zwp_text_input_manager_v1", 1)
[06:57:01.049476] {mesa egl display queue} wl_registry#36.global(21, "zwp_text_input_manager_v3", 1)
[06:57:01.049477] {mesa egl display queue} wl_registry#36.global(22, "zwp_pointer_constraints_v1", 1)
[06:57:01.049479] {mesa egl display queue} wl_registry#36.global(23, "zwlr_output_power_manager_v1", 1)
[06:57:01.049481] {mesa egl display queue} wl_registry#36.global(24, "xdg_activation_v1", 1)
[06:57:01.049483] {mesa egl display queue} wl_registry#36.global(25, "ext_idle_notifier_v1", 2)
[06:57:01.049485] {mesa egl display queue} wl_registry#36.global(26, "hyprland_lock_notifier_v1", 1)
[06:57:01.049487] {mesa egl display queue} wl_registry#36.global(27, "ext_session_lock_manager_v1", 1)
[06:57:01.049489] {mesa egl display queue} wl_registry#36.global(28, "zwp_input_method_manager_v2", 1)
[06:57:01.049491] {mesa egl display queue} wl_registry#36.global(29, "zwp_virtual_keyboard_manager_v1", 1)
[06:57:01.049493] {mesa egl display queue} wl_registry#36.global(30, "zwlr_virtual_pointer_manager_v1", 2)
[06:57:01.049495] {mesa egl display queue} wl_registry#36.global(31, "zwlr_output_manager_v1", 4)
[06:57:01.049497] {mesa egl display queue} wl_registry#36.global(32, "org_kde_kwin_server_decoration_manager", 1)
[06:57:01.049499] {mesa egl display queue} wl_registry#36.global(33, "hyprland_focus_grab_manager_v1", 1)
[06:57:01.049501] {mesa egl display queue} wl_registry#36.global(34, "zwp_tablet_manager_v2", 1)
[06:57:01.049503] {mesa egl display queue} wl_registry#36.global(35, "zwlr_layer_shell_v1", 5)
[06:57:01.049505] {mesa egl display queue} wl_registry#36.global(36, "wp_presentation", 2)
[06:57:01.049512] {mesa egl display queue}  -> wl_registry#36.bind(36, "wp_presentation", 1, new id [unknown]#38)
[06:57:01.049516] {mesa egl display queue} wl_registry#36.global(37, "xdg_wm_base", 7)
[06:57:01.049518] {mesa egl display queue} wl_registry#36.global(38, "zwlr_data_control_manager_v1", 2)
[06:57:01.049520] {mesa egl display queue} wl_registry#36.global(39, "zwp_primary_selection_device_manager_v1", 1)
[06:57:01.049522] {mesa egl display queue} wl_registry#36.global(40, "xwayland_shell_v1", 1)
[06:57:01.049524] {mesa egl display queue} wl_registry#36.global(41, "hyprland_toplevel_mapping_manager_v1", 1)
[06:57:01.049526] {mesa egl display queue} wl_registry#36.global(42, "hyprland_global_shortcuts_manager_v1", 1)
[06:57:01.049528] {mesa egl display queue} wl_registry#36.global(43, "xdg_wm_dialog_v1", 1)
[06:57:01.049531] {mesa egl display queue} wl_registry#36.global(44, "wp_single_pixel_buffer_manager_v1", 1)
[06:57:01.049533] {mesa egl display queue} wl_registry#36.global(45, "wp_security_context_manager_v1", 1)
[06:57:01.049535] {mesa egl display queue} wl_registry#36.global(46, "hyprland_ctm_control_manager_v1", 2)
[06:57:01.049537] {mesa egl display queue} wl_registry#36.global(47, "hyprland_input_capture_manager_v1", 1)
[06:57:01.049539] {mesa egl display queue} wl_registry#36.global(48, "hyprland_surface_manager_v1", 2)
[06:57:01.049541] {mesa egl display queue} wl_registry#36.global(49, "wp_content_type_manager_v1", 1)
[06:57:01.049544] {mesa egl display queue} wl_registry#36.global(50, "xdg_toplevel_tag_manager_v1", 1)
[06:57:01.049546] {mesa egl display queue} wl_registry#36.global(51, "xdg_system_bell_v1", 1)
[06:57:01.049552] {mesa egl display queue} wl_registry#36.global(52, "vicinae_hotkey_manager_v1", 1)
[06:57:01.049556] {mesa egl display queue} wl_registry#36.global(53, "ext_workspace_manager_v1", 1)
[06:57:01.049558] {mesa egl display queue} wl_registry#36.global(54, "ext_data_control_manager_v1", 1)
[06:57:01.049560] {mesa egl display queue} wl_registry#36.global(55, "wp_pointer_warp_v1", 1)
[06:57:01.049563] {mesa egl display queue} wl_registry#36.global(56, "wp_fifo_manager_v1", 1)
[06:57:01.049565] {mesa egl display queue} wl_registry#36.global(57, "zxdg_exporter_v2", 1)
[06:57:01.049567] {mesa egl display queue} wl_registry#36.global(58, "zxdg_importer_v2", 1)
[06:57:01.049570] {mesa egl display queue} wl_registry#36.global(59, "ext_background_effect_manager_v1", 1)
[06:57:01.049573] {mesa egl display queue} wl_registry#36.global(60, "wp_commit_timing_manager_v1", 1)
[06:57:01.049575] {mesa egl display queue} wl_registry#36.global(61, "zwlr_screencopy_manager_v1", 3)
[06:57:01.049577] {mesa egl display queue} wl_registry#36.global(62, "hyprland_toplevel_export_manager_v1", 2)
[06:57:01.049579] {mesa egl display queue} wl_registry#36.global(63, "ext_output_image_capture_source_manager_v1", 1)
[06:57:01.049582] {mesa egl display queue} wl_registry#36.global(64, "ext_foreign_toplevel_image_capture_source_manager_v1", 1)
[06:57:01.049584] {mesa egl display queue} wl_registry#36.global(65, "ext_image_copy_capture_manager_v1", 1)
[06:57:01.049587] {mesa egl display queue} wl_registry#36.global(66, "wp_color_manager_v1", 3)
[06:57:01.049589] {mesa egl display queue} wl_registry#36.global(67, "wl_drm", 2)
[06:57:01.049591] {mesa egl display queue} wl_registry#36.global(68, "zwp_linux_dmabuf_v1", 5)
[06:57:01.049593] {mesa egl display queue}  -> wl_registry#36.bind(68, "zwp_linux_dmabuf_v1", 4, new id [unknown]#39)
[06:57:01.049596] {mesa egl display queue} wl_registry#36.global(69, "wl_output", 4)
[06:57:01.049598] {mesa egl display queue} wl_callback#37.done(72)
[06:57:01.049601] {mesa egl display queue}  -> zwp_linux_dmabuf_v1#39.get_default_feedback(new id zwp_linux_dmabuf_feedback_v1#37)
[06:57:01.049605] {mesa egl display queue}  -> wl_display#1.sync(new id wl_callback#40)
[06:57:01.049834] {Display Queue} wl_display#1.delete_id(40)
[06:57:01.049861] {mesa egl display queue} wp_presentation#38.clock_id(1)
[06:57:01.049869] {mesa egl display queue} zwp_linux_dmabuf_feedback_v1#37.format_table(fd 11, 2960)
[06:57:01.049892] {mesa egl display queue} zwp_linux_dmabuf_feedback_v1#37.main_device(array[8])
[06:57:01.050153] {mesa egl display queue} zwp_linux_dmabuf_feedback_v1#37.tranche_target_device(array[8])
[06:57:01.050157] {mesa egl display queue} zwp_linux_dmabuf_feedback_v1#37.tranche_flags(0)
[06:57:01.050159] {mesa egl display queue} zwp_linux_dmabuf_feedback_v1#37.tranche_formats(array[370])
[06:57:01.050167] {mesa egl display queue} zwp_linux_dmabuf_feedback_v1#37.tranche_done()
[06:57:01.050169] {mesa egl display queue} zwp_linux_dmabuf_feedback_v1#37.done()
[06:57:01.050171] {mesa egl display queue} wl_callback#40.done(72)
[06:57:01.050174] {mesa egl display queue}  -> zwp_linux_dmabuf_feedback_v1#37.destroy()
[06:57:01.061624] {Default Queue}  -> wl_surface#33.destroy()
[06:57:01.061716] {Default Queue}  -> wl_compositor#5.create_surface(new id wl_surface#40)
[06:57:01.064535] {Default Queue}  -> wl_surface#40.destroy()
view-process-policy: related=1 distinct-manager=1
view-process-policy: related=1 distinct-manager=1
[06:57:01.076744] {Default Queue}  -> wl_compositor#5.create_surface(new id wl_surface#41)
[06:57:01.077109] {Default Queue}  -> wl_display#1.get_registry(new id wl_registry#42)
[06:57:01.077158] {Default Queue}  -> wl_surface#41.attach(nil, 0, 0)
[06:57:01.077163] {Default Queue}  -> zwlr_layer_shell_v1#34.get_layer_surface(new id zwlr_layer_surface_v1#43, wl_surface#41, wl_output#19, 2, "elm-shell-recovery-v17")
[06:57:01.077167] {Default Queue}  -> zwlr_layer_surface_v1#43.set_keyboard_interactivity(0)
[06:57:01.077169] {Default Queue}  -> zwlr_layer_surface_v1#43.set_exclusive_zone(48)
[06:57:01.077175] {Default Queue}  -> zwlr_layer_surface_v1#43.set_anchor(13)
[06:57:01.077184] {Default Queue}  -> zwlr_layer_surface_v1#43.set_margin(0, 0, 0, 0)
[06:57:01.077186] {Default Queue}  -> zwlr_layer_surface_v1#43.set_size(0, 48)
[06:57:01.077189] {Default Queue}  -> wl_surface#41.commit()
[06:57:01.077191] {Default Queue}  -> wl_display#1.sync(new id wl_callback#44)
[06:57:01.077438] {Display Queue} wl_display#1.delete_id(37)
[06:57:01.077465] {Display Queue} wl_display#1.delete_id(33)
[06:57:01.077472] {Display Queue} wl_display#1.delete_id(40)
[06:57:01.077477] {Display Queue} wl_display#1.delete_id(44)
[06:57:01.077482] {Default Queue} wl_registry#42.global(1, "wl_seat", 9)
[06:57:01.077490] {Default Queue} wl_registry#42.global(2, "wl_data_device_manager", 3)
[06:57:01.077494] {Default Queue} wl_registry#42.global(3, "wl_compositor", 6)
[06:57:01.077497] {Default Queue} wl_registry#42.global(4, "wl_subcompositor", 1)
[06:57:01.077499] {Default Queue} wl_registry#42.global(5, "wl_shm", 2)
[06:57:01.077501] {Default Queue} wl_registry#42.global(6, "wp_viewporter", 1)
[06:57:01.077504] {Default Queue} wl_registry#42.global(7, "wp_tearing_control_manager_v1", 1)
[06:57:01.077506] {Default Queue} wl_registry#42.global(8, "wp_fractional_scale_manager_v1", 1)
[06:57:01.077514] {Default Queue} wl_registry#42.global(9, "zxdg_output_manager_v1", 3)
[06:57:01.077517] {Default Queue} wl_registry#42.global(10, "wp_cursor_shape_manager_v1", 2)
[06:57:01.077520] {Default Queue} wl_registry#42.global(11, "zwp_idle_inhibit_manager_v1", 1)
[06:57:01.077523] {Default Queue} wl_registry#42.global(12, "zwp_relative_pointer_manager_v1", 1)
[06:57:01.077525] {Default Queue} wl_registry#42.global(13, "zxdg_decoration_manager_v1", 2)
[06:57:01.077528] {Default Queue} wl_registry#42.global(14, "wp_alpha_modifier_v1", 1)
[06:57:01.077530] {Default Queue} wl_registry#42.global(15, "zwlr_gamma_control_manager_v1", 1)
[06:57:01.077532] {Default Queue} wl_registry#42.global(16, "ext_foreign_toplevel_list_v1", 1)
[06:57:01.077534] {Default Queue} wl_registry#42.global(17, "zwp_pointer_gestures_v1", 3)
[06:57:01.077537] {Default Queue} wl_registry#42.global(18, "zwlr_foreign_toplevel_manager_v1", 3)
[06:57:01.077540] {Default Queue} wl_registry#42.global(19, "zwp_keyboard_shortcuts_inhibit_manager_v1", 1)
[06:57:01.077543] {Default Queue} wl_registry#42.global(20, "zwp_text_input_manager_v1", 1)
[06:57:01.077545] {Default Queue} wl_registry#42.global(21, "zwp_text_input_manager_v3", 1)
[06:57:01.077548] {Default Queue}  -> wl_registry#42.bind(21, "zwp_text_input_manager_v3", 1, new id [unknown]#40)
[06:57:01.077553] {Default Queue}  -> zwp_text_input_manager_v3#40.get_text_input(new id zwp_text_input_v3#33, wl_seat#22)
[06:57:01.077555] {Default Queue} wl_registry#42.global(22, "zwp_pointer_constraints_v1", 1)
[06:57:01.077559] {Default Queue} wl_registry#42.global(23, "zwlr_output_power_manager_v1", 1)
[06:57:01.077562] {Default Queue} wl_registry#42.global(24, "xdg_activation_v1", 1)
[06:57:01.077565] {Default Queue} wl_registry#42.global(25, "ext_idle_notifier_v1", 2)
[06:57:01.077568] {Default Queue} wl_registry#42.global(26, "hyprland_lock_notifier_v1", 1)
[06:57:01.077571] {Default Queue} wl_registry#42.global(27, "ext_session_lock_manager_v1", 1)
[06:57:01.077573] {Default Queue} wl_registry#42.global(28, "zwp_input_method_manager_v2", 1)
[06:57:01.077576] {Default Queue} wl_registry#42.global(29, "zwp_virtual_keyboard_manager_v1", 1)
[06:57:01.077579] {Default Queue} wl_registry#42.global(30, "zwlr_virtual_pointer_manager_v1", 2)
[06:57:01.077582] {Default Queue} wl_registry#42.global(31, "zwlr_output_manager_v1", 4)
[06:57:01.077585] {Default Queue} wl_registry#42.global(32, "org_kde_kwin_server_decoration_manager", 1)
[06:57:01.077587] {Default Queue} wl_registry#42.global(33, "hyprland_focus_grab_manager_v1", 1)
[06:57:01.077590] {Default Queue} wl_registry#42.global(34, "zwp_tablet_manager_v2", 1)
[06:57:01.077593] {Default Queue} wl_registry#42.global(35, "zwlr_layer_shell_v1", 5)
[06:57:01.077596] {Default Queue} wl_registry#42.global(36, "wp_presentation", 2)
[06:57:01.077603] {Default Queue} wl_registry#42.global(37, "xdg_wm_base", 7)
[06:57:01.077610] {Default Queue} wl_registry#42.global(38, "zwlr_data_control_manager_v1", 2)
[06:57:01.077613] {Default Queue} wl_registry#42.global(39, "zwp_primary_selection_device_manager_v1", 1)
[06:57:01.077616] {Default Queue} wl_registry#42.global(40, "xwayland_shell_v1", 1)
[06:57:01.077618] {Default Queue} wl_registry#42.global(41, "hyprland_toplevel_mapping_manager_v1", 1)
[06:57:01.077621] {Default Queue} wl_registry#42.global(42, "hyprland_global_shortcuts_manager_v1", 1)
[06:57:01.077624] {Default Queue} wl_registry#42.global(43, "xdg_wm_dialog_v1", 1)
[06:57:01.077626] {Default Queue} wl_registry#42.global(44, "wp_single_pixel_buffer_manager_v1", 1)
[06:57:01.077629] {Default Queue} wl_registry#42.global(45, "wp_security_context_manager_v1", 1)
[06:57:01.077631] {Default Queue} wl_registry#42.global(46, "hyprland_ctm_control_manager_v1", 2)
[06:57:01.077633] {Default Queue} wl_registry#42.global(47, "hyprland_input_capture_manager_v1", 1)
[06:57:01.077635] {Default Queue} wl_registry#42.global(48, "hyprland_surface_manager_v1", 2)
[06:57:01.077637] {Default Queue} wl_registry#42.global(49, "wp_content_type_manager_v1", 1)
[06:57:01.077639] {Default Queue} wl_registry#42.global(50, "xdg_toplevel_tag_manager_v1", 1)
[06:57:01.077642] {Default Queue} wl_registry#42.global(51, "xdg_system_bell_v1", 1)
[06:57:01.077644] {Default Queue} wl_registry#42.global(52, "vicinae_hotkey_manager_v1", 1)
[06:57:01.077647] {Default Queue} wl_registry#42.global(53, "ext_workspace_manager_v1", 1)
[06:57:01.077649] {Default Queue} wl_registry#42.global(54, "ext_data_control_manager_v1", 1)
[06:57:01.077652] {Default Queue} wl_registry#42.global(55, "wp_pointer_warp_v1", 1)
[06:57:01.077655] {Default Queue} wl_registry#42.global(56, "wp_fifo_manager_v1", 1)
[06:57:01.077658] {Default Queue} wl_registry#42.global(57, "zxdg_exporter_v2", 1)
[06:57:01.077660] {Default Queue} wl_registry#42.global(58, "zxdg_importer_v2", 1)
[06:57:01.077662] {Default Queue} wl_registry#42.global(59, "ext_background_effect_manager_v1", 1)
[06:57:01.077665] {Default Queue} wl_registry#42.global(60, "wp_commit_timing_manager_v1", 1)
[06:57:01.077667] {Default Queue} wl_registry#42.global(61, "zwlr_screencopy_manager_v1", 3)
[06:57:01.077669] {Default Queue} wl_registry#42.global(62, "hyprland_toplevel_export_manager_v1", 2)
[06:57:01.077671] {Default Queue} wl_registry#42.global(63, "ext_output_image_capture_source_manager_v1", 1)
[06:57:01.077673] {Default Queue} wl_registry#42.global(64, "ext_foreign_toplevel_image_capture_source_manager_v1", 1)
[06:57:01.077675] {Default Queue} wl_registry#42.global(65, "ext_image_copy_capture_manager_v1", 1)
[06:57:01.077677] {Default Queue} wl_registry#42.global(66, "wp_color_manager_v1", 3)
[06:57:01.077680] {Default Queue} wl_registry#42.global(67, "wl_drm", 2)
[06:57:01.077683] {Default Queue} wl_registry#42.global(68, "zwp_linux_dmabuf_v1", 5)
[06:57:01.077685] {Default Queue} wl_registry#42.global(69, "wl_output", 4)
[06:57:01.077687] {Default Queue} zwlr_layer_surface_v1#43.configure(73, 800, 48)
[06:57:01.077690] {Default Queue}  -> zwlr_layer_surface_v1#43.ack_configure(73)
[06:57:01.077693] {Default Queue} wl_callback#44.done(75)
[06:57:01.077747] {Default Queue}  -> wl_surface#41.commit()
view-added: id=1 geometry=0,0,800,600
shared-host-start: views=1 controllers=1 backend-clients=1 sandbox=1
[06:57:01.078116] {Default Queue} zwlr_layer_surface_v1#43.configure(76, 800, 48)
[06:57:01.078121] {Default Queue}  -> zwlr_layer_surface_v1#43.ack_configure(76)
[06:57:01.083674] {Default Queue}  -> wl_surface#41.set_buffer_scale(1)
[06:57:01.083738] {Default Queue}  -> wl_shm#7.create_pool(new id wl_shm_pool#44, fd 23, 153600)
[06:57:01.083746] {Default Queue}  -> wl_shm_pool#44.create_buffer(new id wl_buffer#37, 0, 800, 48, 3200, 0)
[06:57:01.083860] {Default Queue}  -> wl_surface#41.attach(wl_buffer#37, 0, 0)
[06:57:01.083864] {Default Queue}  -> wl_surface#41.set_buffer_scale(1)
[06:57:01.083867] {Default Queue}  -> wl_surface#41.damage(0, 0, 800, 48)
[06:57:01.083873] {Default Queue}  -> wl_compositor#5.create_region(new id wl_region#45)
[06:57:01.083879] {Default Queue}  -> wl_region#45.add(0, 0, 800, 48)
[06:57:01.083881] {Default Queue}  -> wl_surface#41.set_opaque_region(wl_region#45)
[06:57:01.083883] {Default Queue}  -> wl_region#45.destroy()
[06:57:01.083885] {Default Queue}  -> wl_surface#41.set_input_region(nil)
[06:57:01.083890] {Default Queue}  -> wl_surface#41.frame(new id wl_callback#46)
[06:57:01.083893] {Default Queue}  -> wl_surface#41.commit()
[06:57:01.084230] {Display Queue} wl_display#1.delete_id(45)
[06:57:01.084234] {Display Queue} wl_display#1.delete_id(46)
[06:57:01.084236] {Default Queue} wl_callback#46.done(65125726)
[06:57:01.084238] {Default Queue} wl_surface#41.enter(wl_output#19)
[06:57:01.084241] {Default Queue} wl_buffer#37.release()
[06:57:01.181643] {Default Queue}  -> wl_surface#41.set_buffer_scale(1)
[06:57:01.181668] {mesa egl surface queue}  -> zwp_linux_dmabuf_v1#39.get_surface_feedback(new id zwp_linux_dmabuf_feedback_v1#46, wl_surface#41)
[06:57:01.181677] {mesa egl display queue}  -> wl_display#1.sync(new id wl_callback#45)
[06:57:01.182019] {Display Queue} wl_display#1.delete_id(45)
[06:57:01.182038] {mesa egl display queue} wl_callback#45.done(76)
[06:57:01.182057] {mesa egl surface queue} zwp_linux_dmabuf_feedback_v1#46.format_table(fd 31, 2960)
[06:57:01.182069] {mesa egl surface queue} zwp_linux_dmabuf_feedback_v1#46.main_device(array[8])
[06:57:01.182072] {mesa egl surface queue} zwp_linux_dmabuf_feedback_v1#46.tranche_target_device(array[8])
[06:57:01.182075] {mesa egl surface queue} zwp_linux_dmabuf_feedback_v1#46.tranche_flags(0)
[06:57:01.182078] {mesa egl surface queue} zwp_linux_dmabuf_feedback_v1#46.tranche_formats(array[370])
[06:57:01.182084] {mesa egl surface queue} zwp_linux_dmabuf_feedback_v1#46.tranche_done()
[06:57:01.182089] {mesa egl surface queue} zwp_linux_dmabuf_feedback_v1#46.done()
[06:57:01.184735] {Default Queue}  -> wl_surface#41.attach(wl_buffer#37, 0, 0)
[06:57:01.184752] {Default Queue}  -> wl_surface#41.set_buffer_scale(1)
[06:57:01.184757] {Default Queue}  -> wl_surface#41.damage(0, 0, 800, 48)
[06:57:01.184775] {Default Queue}  -> wl_surface#41.frame(new id wl_callback#45)
[06:57:01.184779] {Default Queue}  -> wl_surface#41.commit()
view-topology: {"viewProtocol":1,"kind":"view-topology","revision":"1","views":[{"id":"1","generation":"1"}]}
[06:57:01.189333] {Default Queue} wl_buffer#37.release()
surface-report: origin=bar {"kind":"surface-report","body":{"publication":null,"lease":null,"buttons":[],"focus":"","text":""}}
view-report: id=1 x=0 y=0 {"kind":"surface-report","body":{"publication":null,"lease":null,"buttons":[],"focus":"","text":""}}

** (process:2): WARNING **: 00:57:01.189: Failed to get atspi registered event listeners: GDBus.Error:org.freedesktop.DBus.Error.NameHasNoOwner: Could not activate remote peer 'org.a11y.atspi.Registry': unit failed

[06:57:01.191568] {Display Queue} wl_display#1.delete_id(45)
[06:57:01.191592] {Default Queue} wl_callback#45.done(65125833)
[06:57:01.191650] {Default Queue}  -> wl_buffer#37.destroy()
[06:57:01.191655] {Default Queue}  -> wl_shm_pool#44.destroy()
[06:57:01.196046] {mesa egl display queue}  -> zwp_linux_dmabuf_v1#39.create_params(new id zwp_linux_buffer_params_v1#45)
[06:57:01.196070] {mesa egl surface queue}  -> zwp_linux_buffer_params_v1#45.add(fd 28, 0, 0, 3584, 16777216, 15)
[06:57:01.196076] {mesa egl surface queue}  -> zwp_linux_buffer_params_v1#45.add(fd 30, 1, 229376, 448, 16777216, 15)
[06:57:01.196081] {mesa egl surface queue}  -> zwp_linux_buffer_params_v1#45.add(fd 39, 2, 233472, 64, 16777216, 15)
[06:57:01.196084] {mesa egl surface queue}  -> zwp_linux_buffer_params_v1#45.create_immed(new id wl_buffer#47, 800, 48, 875713089, 0)
[06:57:01.196089] {mesa egl surface queue}  -> zwp_linux_buffer_params_v1#45.destroy()
[06:57:01.196094] {mesa egl surface queue}  -> wl_surface#41.attach(wl_buffer#47, 0, 0)
[06:57:01.196097] {mesa egl surface queue}  -> wl_surface#41.damage(0, 0, 2147483647, 2147483647)
[06:57:01.196106] {mesa egl surface queue}  -> wl_surface#41.commit()
[06:57:01.196116] {mesa egl surface queue}  -> wl_display#1.sync(new id wl_callback#48)
view-refused: commit-preflight
surface-inspection: {"surfaceProtocol":2,"kind":"surface-inspection","publication":"0","lease":"0","body":{"phase":"Detached","transaction":"Idle","groups":[],"picker":null,"openerId":"applications:detached:0:control:opener","reconnectId":"reconnect"}}
[06:57:01.196802] discarded [unknown]#37.[event 0](0 fd, 8 byte)
[06:57:01.196827] {Display Queue} wl_display#1.delete_id(37)
[06:57:01.196834] {Display Queue} wl_display#1.delete_id(44)
[06:57:01.196837] {Display Queue} wl_display#1.delete_id(45)
[06:57:01.196840] {Display Queue} wl_display#1.delete_id(48)
backend-frame: {"protocolVersion":3,"kind":"attached","binding":{"lifetime":"3941633578222572660","session":"16908734657497756571","frontend":"1"},"compositor":{"pid":286778,"instance":"efb50993780079460b0cbed1363e2166a2de1d9f_1791097014_1561587849","coreHash":"efb50993780079460b0cbed1363e2166a2de1d9f_aq_0.15_hu_0.14_hg_0.5_hc_0.1_hlg_0.6"},"capabilities":{"observe":true,"effects":true,"minimizedState":true,"effectProtocol":1,"operations":["minimize","restore","activate"],"canonicalScene":false,"taskbarProjectionProtocol":1,"effectInvalidationProtocol":1}}
frontend-request: {"protocolVersion":3,"kind":"projection-request","binding":{"lifetime":"3941633578222572660","session":"16908734657497756571","frontend":"1"},"requestId":"1"}
surface-commit: publication=1 lease=0 open=0
view-commit: popup=0 focus=1 publication=1
surface-inspection: {"surfaceProtocol":2,"kind":"surface-inspection","publication":"1","lease":"0","body":{"phase":"Awaiting","transaction":"Idle","groups":[],"picker":null,"openerId":"applications:{\"lifetime\":\"3941633578222572660\",\"session\":\"16908734657497756571\",\"frontend\":\"1\"}:1:control:opener","reconnectId":"reconnect"}}
backend-frame: {"protocolVersion":3,"kind":"action-projection","binding":{"lifetime":"3941633578222572660","session":"16908734657497756571","frontend":"1"},"requestId":"1","context":{"lifetime":"3941633578222572660","epoch":"1","output":"1","revision":"3"},"scene":{"revision":"3","focused":"2","windows":[{"incarnation":"1","application":"GTK Application","label":"ELM-ACTIVATION-PEER","minimized":false,"owner":null,"available":true},{"incarnation":"2","application":"GTK Application","label":"ELM-AUTHORITY-FIXTURE","minimized":false,"owner":null,"available":true}]}}
surface-commit: publication=2 lease=0 open=0
view-commit: popup=0 focus=1 publication=2
surface-inspection: {"surfaceProtocol":2,"kind":"surface-inspection","publication":"2","lease":"0","body":{"phase":"Coherent","transaction":"Idle","groups":[{"key":"application:GTK Application","domId":"group:{\"lifetime\":\"3941633578222572660\",\"session\":\"16908734657497756571\",\"frontend\":\"1\"}:1:3:application:GTK Application","title":"ELM-ACTIVATION-PEER","active":true,"expanded":false}],"picker":null,"openerId":"applications:{\"lifetime\":\"3941633578222572660\",\"session\":\"16908734657497756571\",\"frontend\":\"1\"}:1:control:opener","reconnectId":"reconnect"}}
[06:57:01.293742] {mesa egl surface queue} wl_callback#48.done(76)
[06:57:01.294103] {mesa egl display queue}  -> zwp_linux_dmabuf_v1#39.create_params(new id zwp_linux_buffer_params_v1#48)
[06:57:01.294119] {mesa egl surface queue}  -> zwp_linux_buffer_params_v1#48.add(fd 28, 0, 0, 3584, 16777216, 15)
[06:57:01.294124] {mesa egl surface queue}  -> zwp_linux_buffer_params_v1#48.add(fd 30, 1, 229376, 448, 16777216, 15)
[06:57:01.294128] {mesa egl surface queue}  -> zwp_linux_buffer_params_v1#48.add(fd 39, 2, 233472, 64, 16777216, 15)
[06:57:01.294131] {mesa egl surface queue}  -> zwp_linux_buffer_params_v1#48.create_immed(new id wl_buffer#45, 800, 48, 875713089, 0)
[06:57:01.294135] {mesa egl surface queue}  -> zwp_linux_buffer_params_v1#48.destroy()
[06:57:01.294138] {mesa egl surface queue}  -> wl_surface#41.attach(wl_buffer#45, 0, 0)
[06:57:01.294141] {mesa egl surface queue}  -> wl_surface#41.damage(0, 0, 2147483647, 2147483647)
[06:57:01.294148] {mesa egl surface queue}  -> wl_surface#41.commit()
[06:57:01.294158] {mesa egl surface queue}  -> wl_display#1.sync(new id wl_callback#44)
[06:57:01.294556] {Display Queue} wl_display#1.delete_id(48)
[06:57:01.294573] {Display Queue} wl_display#1.delete_id(44)
surface-report: origin=bar {"kind":"surface-report","body":{"publication":"2","lease":"0","buttons":[{"id":"applications:{\"lifetime\":\"3941633578222572660\",\"session\":\"16908734657497756571\",\"frontend\":\"1\"}:1:control:opener","label":"Applications","accessibleName":"Open applications","disabled":false,"x":3,"y":3,"width":112.28125,"height":36},{"id":"group:{\"lifetime\":\"3941633578222572660\",\"session\":\"16908734657497756571\",\"frontend\":\"1\"}:1:3:application:GTK Application","label":"ELM-ACTIVATION-PEER2","accessibleName":"Choose a window from ELM-ACTIVATION-PEER","disabled":false,"x":121.28125,"y":3,"width":215.65625,"height":36}],"focus":"","text":"ApplicationsELM-ACTIVATION-PEER2Connected"}}
view-report: id=1 x=0 y=0 {"kind":"surface-report","body":{"publication":"2","lease":"0","buttons":[{"id":"applications:{\"lifetime\":\"3941633578222572660\",\"session\":\"16908734657497756571\",\"frontend\":\"1\"}:1:control:opener","label":"Applications","accessibleName":"Open applications","disabled":false,"x":3,"y":3,"width":112.28125,"height":36},{"id":"group:{\"lifetime\":\"3941633578222572660\",\"session\":\"16908734657497756571\",\"frontend\":\"1\"}:1:3:application:GTK Application","label":"ELM-ACTIVATION-PEER2","accessibleName":"Choose a window from ELM-ACTIVATION-PEER","disabled":false,"x":121.28125,"y":3,"width":215.65625,"height":36}],"focus":"","text":"ApplicationsELM-ACTIVATION-PEER2Connected"}}
[06:57:01.322261] {Default Queue} wl_pointer#21.enter(77, wl_surface#41, 229.00000000, 21.00000000)
[06:57:01.322305] {Default Queue} wl_pointer#21.frame()
[06:57:01.322366] {Default Queue}  -> wp_cursor_shape_device_v1#30.set_shape(77, 1)
[06:57:01.322372] {Default Queue} wl_pointer#21.motion(65125964, 229.00000000, 21.00000000)
[06:57:01.322375] {Default Queue} wl_pointer#21.frame()
[06:57:01.422877] {Default Queue} wl_pointer#21.button(78, 65126065, 272, 1)
[06:57:01.422918] {Default Queue} wl_pointer#21.frame()
surface-report: origin=bar {"kind":"surface-report","body":{"publication":"2","lease":"0","buttons":[{"id":"applications:{\"lifetime\":\"3941633578222572660\",\"session\":\"16908734657497756571\",\"frontend\":\"1\"}:1:control:opener","label":"Applications","accessibleName":"Open applications","disabled":false,"x":3,"y":3,"width":112.28125,"height":36},{"id":"group:{\"lifetime\":\"3941633578222572660\",\"session\":\"16908734657497756571\",\"frontend\":\"1\"}:1:3:application:GTK Application","label":"ELM-ACTIVATION-PEER2","accessibleName":"Choose a window from ELM-ACTIVATION-PEER","disabled":false,"x":121.28125,"y":3,"width":215.65625,"height":36}],"focus":"group:{\"lifetime\":\"3941633578222572660\",\"session\":\"16908734657497756571\",\"frontend\":\"1\"}:1:3:application:GTK Application","text":"ApplicationsELM-ACTIVATION-PEER2Connected"}}
view-report: id=1 x=0 y=0 {"kind":"surface-report","body":{"publication":"2","lease":"0","buttons":[{"id":"applications:{\"lifetime\":\"3941633578222572660\",\"session\":\"16908734657497756571\",\"frontend\":\"1\"}:1:control:opener","label":"Applications","accessibleName":"Open applications","disabled":false,"x":3,"y":3,"width":112.28125,"height":36},{"id":"group:{\"lifetime\":\"3941633578222572660\",\"session\":\"16908734657497756571\",\"frontend\":\"1\"}:1:3:application:GTK Application","label":"ELM-ACTIVATION-PEER2","accessibleName":"Choose a window from ELM-ACTIVATION-PEER","disabled":false,"x":121.28125,"y":3,"width":215.65625,"height":36}],"focus":"group:{\"lifetime\":\"3941633578222572660\",\"session\":\"16908734657497756571\",\"frontend\":\"1\"}:1:3:application:GTK Application","text":"ApplicationsELM-ACTIVATION-PEER2Connected"}}
[06:57:01.473405] {Default Queue} wl_pointer#21.button(79, 65126115, 272, 0)
[06:57:01.473434] {Default Queue} wl_pointer#21.frame()
[06:57:01.477362] {Default Queue}  -> wl_compositor#5.create_surface(new id wl_surface#48)
[06:57:01.477546] {Default Queue}  -> wl_surface#48.attach(nil, 0, 0)
[06:57:01.477554] {Default Queue}  -> xdg_wm_base#35.create_positioner(new id xdg_positioner#37)
[06:57:01.477558] {Default Queue}  -> xdg_positioner#37.set_size(700, 420)
[06:57:01.477560] {Default Queue}  -> xdg_positioner#37.set_anchor_rect(50, 0, 1, 48)
[06:57:01.477562] {Default Queue}  -> xdg_positioner#37.set_offset(0, 0)
[06:57:01.477563] {Default Queue}  -> xdg_positioner#37.set_anchor(6)
[06:57:01.477565] {Default Queue}  -> xdg_positioner#37.set_gravity(8)
[06:57:01.477566] {Default Queue}  -> xdg_positioner#37.set_constraint_adjustment(11)
[06:57:01.477568] {Default Queue}  -> xdg_wm_base#35.get_xdg_surface(new id xdg_surface#49, wl_surface#48)
[06:57:01.477570] {Default Queue}  -> xdg_surface#49.get_popup(new id xdg_popup#50, nil, xdg_positioner#37)
[06:57:01.477572] {Default Queue}  -> zwlr_layer_surface_v1#43.get_popup(xdg_popup#50)
[06:57:01.477573] {Default Queue}  -> xdg_positioner#37.destroy()
[06:57:01.477580] {Default Queue}  -> xdg_popup#50.grab(wl_seat#22, 78)
[06:57:01.477583] {Default Queue}  -> wl_surface#48.commit()
[06:57:01.477585] {Default Queue}  -> wl_display#1.sync(new id wl_callback#51)
[06:57:01.477856] {Display Queue} wl_display#1.delete_id(37)
[06:57:01.477860] {Display Queue} wl_display#1.delete_id(51)
[06:57:01.477863] {Default Queue} xdg_popup#50.configure(50, 48, 700, 420)
surface-configured: lease=1 rectKnown=0 gdkWidth=700 gdkHeight=420
[06:57:01.477873] {Default Queue} wl_keyboard#31.enter(83, wl_surface#48, array[0])
[06:57:01.477877] {Default Queue} wl_keyboard#31.modifiers(84, 0, 0, 0, 0)
[06:57:01.477886] {Default Queue} wl_data_device#25.selection(nil)
[06:57:01.477890] {Default Queue} wl_pointer#21.leave(85, wl_surface#41)
[06:57:01.477893] {Default Queue}  -> wp_cursor_shape_device_v1#30.set_shape(77, 1)
[06:57:01.477895] {Default Queue} wl_pointer#21.enter(86, wl_surface#48, -0.00781250, -0.00781250)
[06:57:01.477901] {Default Queue}  -> wp_cursor_shape_device_v1#30.set_shape(86, 1)
[06:57:01.477903] {Default Queue} wl_pointer#21.frame()
[06:57:01.477905] {Default Queue} wl_callback#51.done(86)
[06:57:01.477906] {Default Queue} xdg_surface#49.configure(80)
[06:57:01.477908] {Default Queue}  -> xdg_surface#49.ack_configure(80)
[06:57:01.477940] {Default Queue}  -> wp_cursor_shape_device_v1#30.set_shape(86, 1)
surface-popup-open: lease=1
surface-commit: publication=3 lease=1 open=1
view-commit: popup=1 focus=1 publication=3
surface-inspection: {"surfaceProtocol":2,"kind":"surface-inspection","publication":"3","lease":"1","body":{"phase":"Coherent","transaction":"Idle","groups":[{"key":"application:GTK Application","domId":"group:{\"lifetime\":\"3941633578222572660\",\"session\":\"16908734657497756571\",\"frontend\":\"1\"}:1:3:application:GTK Application","title":"ELM-ACTIVATION-PEER","active":true,"expanded":true}],"picker":{"generation":"1","closeId":"picker-close:{\"lifetime\":\"3941633578222572660\",\"session\":\"16908734657497756571\",\"frontend\":\"1\"}:1:3:1","selections":[{"incarnation":"1","title":"ELM-ACTIVATION-PEER","state":"Open","domId":"picker:{\"lifetime\":\"3941633578222572660\",\"session\":\"16908734657497756571\",\"frontend\":\"1\"}:1:3:1:1"},{"incarnation":"2","title":"ELM-AUTHORITY-FIXTURE","state":"Open","domId":"picker:{\"lifetime\":\"3941633578222572660\",\"session\":\"16908734657497756571\",\"frontend\":\"1\"}:1:3:1:2"}]},"openerId":"applications:{\"lifetime\":\"3941633578222572660\",\"session\":\"16908734657497756571\",\"frontend\":\"1\"}:1:control:opener","reconnectId":"reconnect"}}
surface-native-keyboard-focus: lease=1 in=1
[06:57:01.478161] {Default Queue}  -> xdg_surface#49.set_window_geometry(0, 0, 700, 420)
[06:57:01.478194] {Default Queue}  -> wl_shm#7.create_pool(new id wl_shm_pool#51, fd 28, 1176000)
[06:57:01.478200] {Default Queue}  -> wl_shm_pool#51.create_buffer(new id wl_buffer#37, 0, 700, 420, 2800, 0)
[06:57:01.478840] {Default Queue}  -> wl_surface#48.attach(wl_buffer#37, 0, 0)
[06:57:01.478850] {Default Queue}  -> wl_surface#48.set_buffer_scale(1)
[06:57:01.478857] {Default Queue}  -> wl_surface#48.damage(0, 0, 700, 420)
[06:57:01.478860] {Default Queue}  -> wl_compositor#5.create_region(new id wl_region#52)
[06:57:01.478862] {Default Queue}  -> wl_region#52.add(0, 0, 700, 420)
[06:57:01.478864] {Default Queue}  -> wl_surface#48.set_opaque_region(wl_region#52)
[06:57:01.478866] {Default Queue}  -> wl_region#52.destroy()
[06:57:01.478868] {Default Queue}  -> wl_surface#48.set_input_region(nil)
[06:57:01.478873] {Default Queue}  -> wl_surface#48.frame(new id wl_callback#53)
[06:57:01.478875] {Default Queue}  -> wl_surface#48.commit()
[06:57:01.479863] {Display Queue} wl_display#1.delete_id(52)
[06:57:01.479877] {Display Queue} wl_display#1.delete_id(53)
[06:57:01.479880] {Default Queue} wl_callback#53.done(65126122)
[06:57:01.479883] {Default Queue} wl_pointer#21.motion(65126122, 179.00000000, -27.00000000)
[06:57:01.479888] {Default Queue} wl_surface#48.enter(wl_output#19)
[06:57:01.479890] {Default Queue} wl_buffer#37.release()
surface-report: origin=popup {"kind":"surface-report","body":{"publication":null,"lease":null,"buttons":[],"focus":"","text":""}}
[06:57:01.498287] {Default Queue}  -> wl_surface#48.set_buffer_scale(1)
[06:57:01.498322] {mesa egl surface queue}  -> zwp_linux_dmabuf_v1#39.get_surface_feedback(new id zwp_linux_dmabuf_feedback_v1#53, wl_surface#48)
[06:57:01.498330] {mesa egl display queue}  -> wl_display#1.sync(new id wl_callback#52)
[06:57:01.498377] {Display Queue} wl_display#1.delete_id(52)
[06:57:01.498380] {mesa egl display queue} wl_callback#52.done(86)
[06:57:01.498393] {mesa egl surface queue} zwp_linux_dmabuf_feedback_v1#53.format_table(fd 42, 2960)
[06:57:01.498403] {mesa egl surface queue} zwp_linux_dmabuf_feedback_v1#53.main_device(array[8])
[06:57:01.498405] {mesa egl surface queue} zwp_linux_dmabuf_feedback_v1#53.tranche_target_device(array[8])
[06:57:01.498406] {mesa egl surface queue} zwp_linux_dmabuf_feedback_v1#53.tranche_flags(0)
[06:57:01.498408] {mesa egl surface queue} zwp_linux_dmabuf_feedback_v1#53.tranche_formats(array[370])
[06:57:01.498413] {mesa egl surface queue} zwp_linux_dmabuf_feedback_v1#53.tranche_done()
[06:57:01.498414] {mesa egl surface queue} zwp_linux_dmabuf_feedback_v1#53.done()
[06:57:01.503660] {Default Queue}  -> wl_surface#48.attach(wl_buffer#37, 0, 0)
[06:57:01.503680] {Default Queue}  -> wl_surface#48.set_buffer_scale(1)
[06:57:01.503685] {Default Queue}  -> wl_surface#48.damage(0, 0, 700, 420)
[06:57:01.503708] {Default Queue}  -> wl_surface#48.frame(new id wl_callback#52)
[06:57:01.503711] {Default Queue}  -> wl_surface#48.commit()
surface-report: origin=bar {"kind":"surface-report","body":{"publication":"3","lease":"1","buttons":[{"id":"applications:{\"lifetime\":\"3941633578222572660\",\"session\":\"16908734657497756571\",\"frontend\":\"1\"}:1:control:opener","label":"Applications","accessibleName":"Open applications","disabled":false,"x":3,"y":3,"width":112.28125,"height":36},{"id":"group:{\"lifetime\":\"3941633578222572660\",\"session\":\"16908734657497756571\",\"frontend\":\"1\"}:1:3:application:GTK Application","label":"ELM-ACTIVATION-PEER2","accessibleName":"Choose a window from ELM-ACTIVATION-PEER","disabled":false,"x":121.28125,"y":3,"width":215.65625,"height":36}],"focus":"group:{\"lifetime\":\"3941633578222572660\",\"session\":\"16908734657497756571\",\"frontend\":\"1\"}:1:3:application:GTK Application","text":"ApplicationsELM-ACTIVATION-PEER2Connected"}}
view-report: id=1 x=0 y=0 {"kind":"surface-report","body":{"publication":"3","lease":"1","buttons":[{"id":"applications:{\"lifetime\":\"3941633578222572660\",\"session\":\"16908734657497756571\",\"frontend\":\"1\"}:1:control:opener","label":"Applications","accessibleName":"Open applications","disabled":false,"x":3,"y":3,"width":112.28125,"height":36},{"id":"group:{\"lifetime\":\"3941633578222572660\",\"session\":\"16908734657497756571\",\"frontend\":\"1\"}:1:3:application:GTK Application","label":"ELM-ACTIVATION-PEER2","accessibleName":"Choose a window from ELM-ACTIVATION-PEER","disabled":false,"x":121.28125,"y":3,"width":215.65625,"height":36}],"focus":"group:{\"lifetime\":\"3941633578222572660\",\"session\":\"16908734657497756571\",\"frontend\":\"1\"}:1:3:application:GTK Application","text":"ApplicationsELM-ACTIVATION-PEER2Connected"}}
[06:57:01.504175] {Default Queue} wl_buffer#37.release()
surface-report: origin=popup {"kind":"surface-report","body":{"publication":"3","lease":"1","buttons":[{"id":"picker-close:{\"lifetime\":\"3941633578222572660\",\"session\":\"16908734657497756571\",\"frontend\":\"1\"}:1:3:1","label":"Close","accessibleName":"Close window picker","disabled":false,"x":3,"y":103.875,"width":694,"height":36},{"id":"picker:{\"lifetime\":\"3941633578222572660\",\"session\":\"16908734657497756571\",\"frontend\":\"1\"}:1:3:1:1","label":"Activate ELM-ACTIVATION-PEEROpen","accessibleName":"Activate ELM-ACTIVATION-PEER","disabled":false,"x":3,"y":142.875,"width":694,"height":36},{"id":"picker:{\"lifetime\":\"3941633578222572660\",\"session\":\"16908734657497756571\",\"frontend\":\"1\"}:1:3:1:2","label":"Activate ELM-AUTHORITY-FIXTUREOpen","accessibleName":"Activate ELM-AUTHORITY-FIXTURE","disabled":false,"x":3,"y":181.875,"width":694,"height":36}],"focus":"","text":"Choose a window\n\nConnected\nClose\nActivate ELM-ACTIVATION-PEEROpen\nActivate ELM-AUTHORITY-FIXTUREOpen"}}
surface-presentation-applied: publication=3 lease=1
surface-focus-issued: publication=3 lease=1
[06:57:01.508318] {Display Queue} wl_display#1.delete_id(52)
[06:57:01.508334] {Default Queue} wl_callback#52.done(65126150)
[06:57:01.508369] {Default Queue}  -> wl_buffer#37.destroy()
[06:57:01.508372] {Default Queue}  -> wl_shm_pool#51.destroy()
[06:57:01.510477] {mesa egl display queue}  -> zwp_linux_dmabuf_v1#39.create_params(new id zwp_linux_buffer_params_v1#52)
[06:57:01.510494] {mesa egl surface queue}  -> zwp_linux_buffer_params_v1#52.add(fd 43, 0, 0, 3072, 16777216, 15)
[06:57:01.510499] {mesa egl surface queue}  -> zwp_linux_buffer_params_v1#52.add(fd 44, 1, 1376256, 384, 16777216, 15)
[06:57:01.510503] {mesa egl surface queue}  -> zwp_linux_buffer_params_v1#52.add(fd 45, 2, 1384448, 64, 16777216, 15)
[06:57:01.510505] {mesa egl surface queue}  -> zwp_linux_buffer_params_v1#52.create_immed(new id wl_buffer#54, 700, 420, 875713089, 0)
[06:57:01.510513] {mesa egl surface queue}  -> zwp_linux_buffer_params_v1#52.destroy()
[06:57:01.510515] {mesa egl surface queue}  -> wl_surface#48.attach(wl_buffer#54, 0, 0)
[06:57:01.510518] {mesa egl surface queue}  -> wl_surface#48.damage(0, 0, 2147483647, 2147483647)
[06:57:01.510520] {mesa egl surface queue}  -> wl_surface#48.commit()
[06:57:01.510523] {mesa egl surface queue}  -> wl_display#1.sync(new id wl_callback#55)
[06:57:01.510704] discarded [unknown]#37.[event 0](0 fd, 8 byte)
[06:57:01.510710] {Display Queue} wl_display#1.delete_id(37)
[06:57:01.510713] {Display Queue} wl_display#1.delete_id(51)
[06:57:01.510715] {Display Queue} wl_display#1.delete_id(52)
[06:57:01.510716] {Display Queue} wl_display#1.delete_id(55)
surface-focus-applied: publication=3 lease=1
[06:57:01.527961] {mesa egl surface queue} wl_callback#55.done(86)
[06:57:01.528597] {mesa egl display queue}  -> zwp_linux_dmabuf_v1#39.create_params(new id zwp_linux_buffer_params_v1#55)
[06:57:01.528611] {mesa egl surface queue}  -> zwp_linux_buffer_params_v1#55.add(fd 43, 0, 0, 3072, 16777216, 15)
[06:57:01.528616] {mesa egl surface queue}  -> zwp_linux_buffer_params_v1#55.add(fd 44, 1, 1376256, 384, 16777216, 15)
[06:57:01.528619] {mesa egl surface queue}  -> zwp_linux_buffer_params_v1#55.add(fd 45, 2, 1384448, 64, 16777216, 15)
[06:57:01.528622] {mesa egl surface queue}  -> zwp_linux_buffer_params_v1#55.create_immed(new id wl_buffer#52, 700, 420, 875713089, 0)
[06:57:01.528625] {mesa egl surface queue}  -> zwp_linux_buffer_params_v1#55.destroy()
[06:57:01.528628] {mesa egl surface queue}  -> wl_surface#48.attach(wl_buffer#52, 0, 0)
[06:57:01.528631] {mesa egl surface queue}  -> wl_surface#48.damage(0, 0, 2147483647, 2147483647)
[06:57:01.528633] {mesa egl surface queue}  -> wl_surface#48.commit()
[06:57:01.528639] {mesa egl surface queue}  -> wl_display#1.sync(new id wl_callback#51)
[06:57:01.528990] {Display Queue} wl_display#1.delete_id(55)
[06:57:01.529004] {Display Queue} wl_display#1.delete_id(51)
surface-report: origin=popup {"kind":"surface-report","body":{"publication":"3","lease":"1","buttons":[{"id":"picker-close:{\"lifetime\":\"3941633578222572660\",\"session\":\"16908734657497756571\",\"frontend\":\"1\"}:1:3:1","label":"Close","accessibleName":"Close window picker","disabled":false,"x":3,"y":103.875,"width":694,"height":36},{"id":"picker:{\"lifetime\":\"3941633578222572660\",\"session\":\"16908734657497756571\",\"frontend\":\"1\"}:1:3:1:1","label":"Activate ELM-ACTIVATION-PEEROpen","accessibleName":"Activate ELM-ACTIVATION-PEER","disabled":false,"x":3,"y":142.875,"width":694,"height":36},{"id":"picker:{\"lifetime\":\"3941633578222572660\",\"session\":\"16908734657497756571\",\"frontend\":\"1\"}:1:3:1:2","label":"Activate ELM-AUTHORITY-FIXTUREOpen","accessibleName":"Activate ELM-AUTHORITY-FIXTURE","disabled":false,"x":3,"y":181.875,"width":694,"height":36}],"focus":"picker:{\"lifetime\":\"3941633578222572660\",\"session\":\"16908734657497756571\",\"frontend\":\"1\"}:1:3:1:1","text":"Choose a window\n\nConnected\nClose\nActivate ELM-ACTIVATION-PEEROpen\nActivate ELM-AUTHORITY-FIXTUREOpen"}}
[06:57:01.577234] {Default Queue} wl_pointer#21.motion(65126219, 350.00000000, 161.00000000)
[06:57:01.577272] {Default Queue} wl_pointer#21.frame()
[06:57:01.677669] {Default Queue} wl_pointer#21.motion(0, 350.00000000, 161.00000000)
[06:57:01.677706] {Default Queue} wl_pointer#21.button(87, 65126319, 272, 1)
[06:57:01.677734] {Default Queue} wl_pointer#21.motion(65126319, 350.00000000, 161.00000000)
[06:57:01.677744] {Default Queue} wl_pointer#21.frame()
[06:57:01.727757] {Default Queue} wl_pointer#21.button(88, 65126370, 272, 0)
[06:57:01.727773] {Default Queue} wl_pointer#21.frame()
[06:57:01.731395] {Default Queue}  -> wp_cursor_shape_device_v1#30.set_shape(86, 1)
[06:57:01.731473] {Default Queue}  -> xdg_popup#50.destroy()
[06:57:01.731477] {Default Queue}  -> xdg_surface#49.destroy()
[06:57:01.731489] {Default Queue}  -> wl_surface#48.destroy()
[06:57:01.731503] {mesa egl surface queue}  -> wl_buffer#52.destroy()
[06:57:01.731505] {mesa egl surface queue}  -> wl_buffer#54.destroy()
[06:57:01.731512] {mesa egl surface queue}  -> zwp_linux_dmabuf_feedback_v1#53.destroy()
[06:57:01.732171] {Default Queue}  -> wl_display#1.sync(new id wl_callback#51)
[06:57:01.732827] discarded [unknown]#50.[event 1](0 fd, 8 byte)
[06:57:01.732837] discarded [unknown]#52.[event 0](0 fd, 8 byte)
[06:57:01.732839] discarded [unknown]#54.[event 0](0 fd, 8 byte)
[06:57:01.732840] discarded [unknown]#54.[event 0](0 fd, 8 byte)
[06:57:01.732843] {Display Queue} wl_display#1.delete_id(50)
[06:57:01.732846] {Display Queue} wl_display#1.delete_id(49)
[06:57:01.732848] {Display Queue} wl_display#1.delete_id(54)
[06:57:01.732849] {Display Queue} wl_display#1.delete_id(53)
[06:57:01.732851] {Display Queue} wl_display#1.delete_id(48)
[06:57:01.732852] {Display Queue} wl_display#1.delete_id(51)
[06:57:01.732854] {Default Queue} wl_keyboard#31.modifiers(90, 0, 0, 0, 0)
[06:57:01.732861] {Default Queue} wl_keyboard#31.leave(91, nil)
[06:57:01.732865] {Default Queue} wl_pointer#21.leave(95, nil)
[06:57:01.732867] {Default Queue} wl_pointer#21.frame()
[06:57:01.732869] {Default Queue} wl_callback#51.done(96)
surface-popup-closed: lease=1
frontend-request: {"protocolVersion":3,"kind":"projection-request","binding":{"lifetime":"3941633578222572660","session":"16908734657497756571","frontend":"1"},"requestId":"2"}
surface-commit: publication=4 lease=1 open=0
view-commit: popup=0 focus=1 publication=4
surface-inspection: {"surfaceProtocol":2,"kind":"surface-inspection","publication":"4","lease":"1","body":{"phase":"Awaiting","transaction":"Idle","groups":[{"key":"application:GTK Application","domId":"group:{\"lifetime\":\"3941633578222572660\",\"session\":\"16908734657497756571\",\"frontend\":\"1\"}:1:3:application:GTK Application","title":"ELM-ACTIVATION-PEER","active":true,"expanded":false}],"picker":null,"openerId":"applications:{\"lifetime\":\"3941633578222572660\",\"session\":\"16908734657497756571\",\"frontend\":\"1\"}:1:control:opener","reconnectId":"reconnect"}}
backend-frame: {"protocolVersion":3,"kind":"host-refresh"}
frontend-request: {"protocolVersion":3,"kind":"projection-request","binding":{"lifetime":"3941633578222572660","session":"16908734657497756571","frontend":"1"},"requestId":"3"}
surface-commit: publication=5 lease=1 open=0
view-commit: popup=0 focus=1 publication=5
surface-inspection: {"surfaceProtocol":2,"kind":"surface-inspection","publication":"5","lease":"1","body":{"phase":"Awaiting","transaction":"Idle","groups":[{"key":"application:GTK Application","domId":"group:{\"lifetime\":\"3941633578222572660\",\"session\":\"16908734657497756571\",\"frontend\":\"1\"}:1:3:application:GTK Application","title":"ELM-ACTIVATION-PEER","active":true,"expanded":false}],"picker":null,"openerId":"applications:{\"lifetime\":\"3941633578222572660\",\"session\":\"16908734657497756571\",\"frontend\":\"1\"}:1:control:opener","reconnectId":"reconnect"}}
backend-frame: {"protocolVersion":3,"kind":"action-projection","binding":{"lifetime":"3941633578222572660","session":"16908734657497756571","frontend":"1"},"requestId":"2","context":{"lifetime":"3941633578222572660","epoch":"1","output":"1","revision":"4"},"scene":{"revision":"4","focused":"1","windows":[{"incarnation":"1","application":"GTK Application","label":"ELM-ACTIVATION-PEER","minimized":false,"owner":null,"available":true},{"incarnation":"2","application":"GTK Application","label":"ELM-AUTHORITY-FIXTURE","minimized":false,"owner":null,"available":true}]}}
backend-frame: {"protocolVersion":3,"kind":"action-projection","binding":{"lifetime":"3941633578222572660","session":"16908734657497756571","frontend":"1"},"requestId":"3","context":{"lifetime":"3941633578222572660","epoch":"1","output":"1","revision":"4"},"scene":{"revision":"4","focused":"1","windows":[{"incarnation":"1","application":"GTK Application","label":"ELM-ACTIVATION-PEER","minimized":false,"owner":null,"available":true},{"incarnation":"2","application":"GTK Application","label":"ELM-AUTHORITY-FIXTURE","minimized":false,"owner":null,"available":true}]}}
surface-inspection: {"surfaceProtocol":2,"kind":"surface-inspection","publication":"5","lease":"1","body":{"phase":"Awaiting","transaction":"Idle","groups":[{"key":"application:GTK Application","domId":"group:{\"lifetime\":\"3941633578222572660\",\"session\":\"16908734657497756571\",\"frontend\":\"1\"}:1:3:application:GTK Application","title":"ELM-ACTIVATION-PEER","active":true,"expanded":false}],"picker":null,"openerId":"applications:{\"lifetime\":\"3941633578222572660\",\"session\":\"16908734657497756571\",\"frontend\":\"1\"}:1:control:opener","reconnectId":"reconnect"}}
frontend-request: {"protocolVersion":3,"kind":"window-effect","effectProtocol":1,"binding":{"lifetime":"3941633578222572660","session":"16908734657497756571","frontend":"1"},"intent":{"request":"1","generation":"1","incarnation":"1","operation":"activate","context":{"lifetime":"3941633578222572660","epoch":"1","output":"1","revision":"4"}}}
surface-commit: publication=6 lease=1 open=0
view-commit: popup=0 focus=1 publication=6
surface-inspection: {"surfaceProtocol":2,"kind":"surface-inspection","publication":"6","lease":"1","body":{"phase":"Coherent","transaction":"Pending","groups":[{"key":"application:GTK Application","domId":"group:{\"lifetime\":\"3941633578222572660\",\"session\":\"16908734657497756571\",\"frontend\":\"1\"}:1:4:application:GTK Application","title":"ELM-ACTIVATION-PEER","active":true,"expanded":false}],"picker":null,"openerId":"applications:{\"lifetime\":\"3941633578222572660\",\"session\":\"16908734657497756571\",\"frontend\":\"1\"}:1:control:opener","reconnectId":"reconnect"}}
backend-frame: {"protocolVersion":3,"kind":"effect-outcome","effectProtocol":1,"binding":{"lifetime":"3941633578222572660","session":"16908734657497756571","frontend":"1"},"intent":{"request":"1","generation":"1","incarnation":"1","operation":"activate","context":{"lifetime":"3941633578222572660","epoch":"1","output":"1","revision":"4"}},"status":"Committed","reason":"applied","revision":"5","outputGeneration":"1"}
frontend-request: {"protocolVersion":3,"kind":"projection-request","binding":{"lifetime":"3941633578222572660","session":"16908734657497756571","frontend":"1"},"requestId":"4"}
surface-commit: publication=7 lease=1 open=0
view-commit: popup=0 focus=1 publication=7
surface-inspection: {"surfaceProtocol":2,"kind":"surface-inspection","publication":"7","lease":"1","body":{"phase":"Awaiting","transaction":"Committed","groups":[{"key":"application:GTK Application","domId":"group:{\"lifetime\":\"3941633578222572660\",\"session\":\"16908734657497756571\",\"frontend\":\"1\"}:1:4:application:GTK Application","title":"ELM-ACTIVATION-PEER","active":true,"expanded":false}],"picker":null,"openerId":"applications:{\"lifetime\":\"3941633578222572660\",\"session\":\"16908734657497756571\",\"frontend\":\"1\"}:1:control:opener","reconnectId":"reconnect"}}
backend-frame: {"protocolVersion":3,"kind":"action-projection","binding":{"lifetime":"3941633578222572660","session":"16908734657497756571","frontend":"1"},"requestId":"4","context":{"lifetime":"3941633578222572660","epoch":"1","output":"1","revision":"5"},"scene":{"revision":"5","focused":"1","windows":[{"incarnation":"2","application":"GTK Application","label":"ELM-AUTHORITY-FIXTURE","minimized":false,"owner":null,"available":true},{"incarnation":"1","application":"GTK Application","label":"ELM-ACTIVATION-PEER","minimized":false,"owner":null,"available":true}]}}
surface-commit: publication=8 lease=1 open=0
view-commit: popup=0 focus=1 publication=8
surface-inspection: {"surfaceProtocol":2,"kind":"surface-inspection","publication":"8","lease":"1","body":{"phase":"Coherent","transaction":"Committed","groups":[{"key":"application:GTK Application","domId":"group:{\"lifetime\":\"3941633578222572660\",\"session\":\"16908734657497756571\",\"frontend\":\"1\"}:1:5:application:GTK Application","title":"ELM-ACTIVATION-PEER","active":true,"expanded":false}],"picker":null,"openerId":"applications:{\"lifetime\":\"3941633578222572660\",\"session\":\"16908734657497756571\",\"frontend\":\"1\"}:1:control:opener","reconnectId":"reconnect"}}
[06:57:01.744504] discarded [unknown]#52.[event 0](0 fd, 8 byte)
[06:57:01.744517] discarded [unknown]#52.[event 0](0 fd, 8 byte)
[06:57:01.744525] {Display Queue} wl_display#1.delete_id(52)
surface-report: origin=bar {"kind":"surface-report","body":{"publication":"8","lease":"1","buttons":[{"id":"applications:{\"lifetime\":\"3941633578222572660\",\"session\":\"16908734657497756571\",\"frontend\":\"1\"}:1:control:opener","label":"Applications","accessibleName":"Open applications","disabled":false,"x":3,"y":3,"width":112.28125,"height":36},{"id":"group:{\"lifetime\":\"3941633578222572660\",\"session\":\"16908734657497756571\",\"frontend\":\"1\"}:1:5:application:GTK Application","label":"ELM-ACTIVATION-PEER2","accessibleName":"Choose a window from ELM-ACTIVATION-PEER","disabled":false,"x":121.28125,"y":3,"width":215.65625,"height":36}],"focus":"group:{\"lifetime\":\"3941633578222572660\",\"session\":\"16908734657497756571\",\"frontend\":\"1\"}:1:5:application:GTK Application","text":"ApplicationsELM-ACTIVATION-PEER2Connected"}}
view-report: id=1 x=0 y=0 {"kind":"surface-report","body":{"publication":"8","lease":"1","buttons":[{"id":"applications:{\"lifetime\":\"3941633578222572660\",\"session\":\"16908734657497756571\",\"frontend\":\"1\"}:1:control:opener","label":"Applications","accessibleName":"Open applications","disabled":false,"x":3,"y":3,"width":112.28125,"height":36},{"id":"group:{\"lifetime\":\"3941633578222572660\",\"session\":\"16908734657497756571\",\"frontend\":\"1\"}:1:5:application:GTK Application","label":"ELM-ACTIVATION-PEER2","accessibleName":"Choose a window from ELM-ACTIVATION-PEER","disabled":false,"x":121.28125,"y":3,"width":215.65625,"height":36}],"focus":"group:{\"lifetime\":\"3941633578222572660\",\"session\":\"16908734657497756571\",\"frontend\":\"1\"}:1:5:application:GTK Application","text":"ApplicationsELM-ACTIVATION-PEER2Connected"}}
Web process terminated: 0
Web process terminated: 0
Web process terminated: 0
[06:57:02.120109] {Default Queue}  -> wl_display#1.sync(new id wl_callback#52)
[06:57:02.120177] {Display Queue} wl_display#1.delete_id(52)
[06:57:02.120182] {Default Queue} wl_callback#52.done(101)
backend-exit: waited=1 normal=1 code=0
native-recovery-ready: views=1 backend-normal=1
recovery-control: id=1 x=195 y=4 w=84 h=40
[06:57:02.130796] {mesa egl surface queue} wl_buffer#47.release()
[06:57:02.130804] {mesa egl surface queue}  -> wl_buffer#47.destroy()
[06:57:02.130808] {mesa egl surface queue} wl_callback#44.done(76)
[06:57:02.131432] {Default Queue}  -> wl_surface#41.set_input_region(nil)
[06:57:02.132976] {mesa egl display queue}  -> zwp_linux_dmabuf_v1#39.create_params(new id zwp_linux_buffer_params_v1#44)
[06:57:02.132996] {mesa egl surface queue}  -> zwp_linux_buffer_params_v1#44.add(fd 21, 0, 0, 3584, 16777216, 15)
[06:57:02.133002] {mesa egl surface queue}  -> zwp_linux_buffer_params_v1#44.add(fd 23, 1, 229376, 448, 16777216, 15)
[06:57:02.133006] {mesa egl surface queue}  -> zwp_linux_buffer_params_v1#44.add(fd 24, 2, 233472, 64, 16777216, 15)
[06:57:02.133009] {mesa egl surface queue}  -> zwp_linux_buffer_params_v1#44.create_immed(new id wl_buffer#52, 800, 48, 875713089, 0)
[06:57:02.133013] {mesa egl surface queue}  -> zwp_linux_buffer_params_v1#44.destroy()
[06:57:02.133017] {mesa egl surface queue}  -> wl_surface#41.attach(wl_buffer#52, 0, 0)
[06:57:02.133020] {mesa egl surface queue}  -> wl_surface#41.damage(0, 0, 2147483647, 2147483647)
[06:57:02.133023] {mesa egl surface queue}  -> wl_surface#41.commit()
[06:57:02.133026] {mesa egl surface queue}  -> wl_display#1.sync(new id wl_callback#51)
[06:57:02.133402] discarded [unknown]#47.[event 0](0 fd, 8 byte)
[06:57:02.133406] discarded [unknown]#47.[event 0](0 fd, 8 byte)
[06:57:02.133411] {Display Queue} wl_display#1.delete_id(47)
[06:57:02.133415] {Display Queue} wl_display#1.delete_id(44)
[06:57:02.133418] {Display Queue} wl_display#1.delete_id(51)
[06:57:02.408038] {Default Queue}  -> wl_display#1.sync(new id wl_callback#44)
[06:57:02.408411] {Display Queue} wl_display#1.delete_id(44)
[06:57:02.408428] {Default Queue} wl_callback#44.done(105)
[06:57:02.408459] {Default Queue}  -> zwlr_layer_surface_v1#43.destroy()
[06:57:02.408478] {Default Queue}  -> wl_surface#41.destroy()
[06:57:02.408499] {mesa egl surface queue}  -> wl_buffer#45.destroy()
[06:57:02.408544] {mesa egl surface queue}  -> wl_buffer#52.destroy()
[06:57:02.408552] {mesa egl surface queue}  -> zwp_linux_dmabuf_feedback_v1#46.destroy()
view-retired: id=1
[06:57:02.412297] discarded [unknown]#45.[event 0](0 fd, 8 byte)
[06:57:02.412305] discarded [unknown]#45.[event 0](0 fd, 8 byte)
[06:57:02.412308] discarded [unknown]#52.[event 0](0 fd, 8 byte)
[06:57:02.412315] {Display Queue} wl_display#1.delete_id(43)
[06:57:02.412323] {Display Queue} wl_display#1.delete_id(45)
[06:57:02.412326] {Display Queue} wl_display#1.delete_id(46)
[06:57:02.412330] {Display Queue} wl_display#1.delete_id(41)
[06:57:02.427644] discarded [unknown]#52.[event 0](0 fd, 8 byte)
[06:57:02.427656] discarded [unknown]#52.[event 0](0 fd, 8 byte)
[06:57:02.427665] {Display Queue} wl_display#1.delete_id(52)
shared-host-exit: failure=1 rendered=1
