	linux-vdso.so.1 (0x00007f3a89241000)
	libwebkit2gtk-4.1.so.0 => /usr/lib/libwebkit2gtk-4.1.so.0 (0x00007f3a83800000)
	libsoup-3.0.so.0 => /usr/lib/libsoup-3.0.so.0 (0x00007f3a83769000)
	libjavascriptcoregtk-4.1.so.0 => /usr/lib/libjavascriptcoregtk-4.1.so.0 (0x00007f3a81200000)
	libgtk-layer-shell.so.0 => /usr/lib/libgtk-layer-shell.so.0 (0x00007f3a8372b000)
	libgtk-3.so.0 => /usr/lib/libgtk-3.so.0 (0x00007f3a80a00000)
	libgdk-3.so.0 => /usr/lib/libgdk-3.so.0 (0x00007f3a8363e000)
	libpangocairo-1.0.so.0 => /usr/lib/libpangocairo-1.0.so.0 (0x00007f3a8362c000)
	libcairo-gobject.so.2 => /usr/lib/libcairo-gobject.so.2 (0x00007f3a83623000)
	libgdk_pixbuf-2.0.so.0 => /usr/lib/libgdk_pixbuf-2.0.so.0 (0x00007f3a811c6000)
	libatk-1.0.so.0 => /usr/lib/libatk-1.0.so.0 (0x00007f3a8119f000)
	libpango-1.0.so.0 => /usr/lib/libpango-1.0.so.0 (0x00007f3a81130000)
	libcairo.so.2 => /usr/lib/libcairo.so.2 (0x00007f3a808c3000)
	libharfbuzz.so.0 => /usr/lib/libharfbuzz.so.0 (0x00007f3a80784000)
	libjson-glib-1.0.so.0 => /usr/lib/libjson-glib-1.0.so.0 (0x00007f3a81106000)
	libgio-2.0.so.0 => /usr/lib/libgio-2.0.so.0 (0x00007f3a805a5000)
	libgobject-2.0.so.0 => /usr/lib/libgobject-2.0.so.0 (0x00007f3a80542000)
	libgmodule-2.0.so.0 => /usr/lib/libgmodule-2.0.so.0 (0x00007f3a8361c000)
	libglib-2.0.so.0 => /usr/lib/libglib-2.0.so.0 (0x00007f3a803df000)
	libz.so.1 => /usr/lib/libz.so.1 (0x00007f3a803c4000)
	libstdc++.so.6 => /usr/lib/libstdc++.so.6 (0x00007f3a80000000)
	libm.so.6 => /usr/lib/libm.so.6 (0x00007f3a7fec9000)
	libgcc_s.so.1 => /usr/lib/libgcc_s.so.1 (0x00007f3a80397000)
	libc.so.6 => /usr/lib/libc.so.6 (0x00007f3a7fc00000)
	libepoxy.so.0 => /usr/lib/libepoxy.so.0 (0x00007f3a7faf3000)
	libatomic.so.1 => /usr/lib/libatomic.so.1 (0x00007f3a83611000)
	libfreetype.so.6 => /usr/lib/libfreetype.so.6 (0x00007f3a7fa23000)
	libfontconfig.so.1 => /usr/lib/libfontconfig.so.1 (0x00007f3a8031c000)
	libwebpmux.so.3 => /usr/lib/libwebpmux.so.3 (0x00007f3a80310000)
	libexpat.so.1 => /usr/lib/libexpat.so.1 (0x00007f3a802e2000)
	libicui18n.so.78 => /usr/lib/libicui18n.so.78 (0x00007f3a7f600000)
	libsystemd.so.0 => /usr/lib/libsystemd.so.0 (0x00007f3a7f4b8000)
	libjpeg.so.8 => /usr/lib/libjpeg.so.8 (0x00007f3a7f410000)
	libpng16.so.16 => /usr/lib/libpng16.so.16 (0x00007f3a7fe8c000)
	libicuuc.so.78 => /usr/lib/libicuuc.so.78 (0x00007f3a7f200000)
	libxml2.so.16 => /usr/lib/libxml2.so.16 (0x00007f3a7f0bb000)
	libsqlite3.so.0 => /usr/lib/libsqlite3.so.0 (0x00007f3a7ef22000)
	libxslt.so.1 => /usr/lib/libxslt.so.1 (0x00007f3a7fe4f000)
	liblcms2.so.2 => /usr/lib/liblcms2.so.2 (0x00007f3a7f9b7000)
	libgcrypt.so.20 => /usr/lib/libgcrypt.so.20 (0x00007f3a7ed71000)
	libgstallocators-1.0.so.0 => /usr/lib/libgstallocators-1.0.so.0 (0x00007f3a802d8000)
	libgstapp-1.0.so.0 => /usr/lib/libgstapp-1.0.so.0 (0x00007f3a7fe36000)
	libgstbase-1.0.so.0 => /usr/lib/libgstbase-1.0.so.0 (0x00007f3a7ece9000)
	libgstreamer-1.0.so.0 => /usr/lib/libgstreamer-1.0.so.0 (0x00007f3a7eb76000)
	libgstpbutils-1.0.so.0 => /usr/lib/libgstpbutils-1.0.so.0 (0x00007f3a7eb31000)
	libgstaudio-1.0.so.0 => /usr/lib/libgstaudio-1.0.so.0 (0x00007f3a7eaa7000)
	libgsttag-1.0.so.0 => /usr/lib/libgsttag-1.0.so.0 (0x00007f3a7ea68000)
	libgstvideo-1.0.so.0 => /usr/lib/libgstvideo-1.0.so.0 (0x00007f3a7e989000)
	libgstgl-1.0.so.0 => /usr/lib/libgstgl-1.0.so.0 (0x00007f3a7e8f3000)
	libgstfft-1.0.so.0 => /usr/lib/libgstfft-1.0.so.0 (0x00007f3a7fe2b000)
	libwebpdemux.so.2 => /usr/lib/libwebpdemux.so.2 (0x00007f3a7fe24000)
	libwebp.so.7 => /usr/lib/libwebp.so.7 (0x00007f3a7e86c000)
	libjxl.so.0.12 => /usr/lib/libjxl.so.0.12 (0x00007f3a7e400000)
	libavif.so.16 => /usr/lib/libavif.so.16 (0x00007f3a7e3b8000)
	libharfbuzz-icu.so.0 => /usr/lib/libharfbuzz-icu.so.0 (0x00007f3a802d3000)
	libX11.so.6 => /usr/lib/libX11.so.6 (0x00007f3a7e276000)
	libwayland-server.so.0 => /usr/lib/libwayland-server.so.0 (0x00007f3a7f9a2000)
	libwayland-client.so.0 => /usr/lib/libwayland-client.so.0 (0x00007f3a7f992000)
	libmanette-0.2.so.0 => /usr/lib/libmanette-0.2.so.0 (0x00007f3a7e224000)
	libseccomp.so.2 => /usr/lib/libseccomp.so.2 (0x00007f3a7e83f000)
	libenchant-2.so.2 => /usr/lib/libenchant-2.so.2 (0x00007f3a7e212000)
	libgbm.so.1 => /usr/lib/libgbm.so.1 (0x00007f3a7e839000)
	libdrm.so.2 => /usr/lib/libdrm.so.2 (0x00007f3a7e1fb000)
	libtasn1.so.6 => /usr/lib/libtasn1.so.6 (0x00007f3a7e1e5000)
	libhyphen.so.0 => /usr/lib/libhyphen.so.0 (0x00007f3a7e1dd000)
	libsecret-1.so.0 => /usr/lib/libsecret-1.so.0 (0x00007f3a7e17f000)
	/lib64/ld-linux-x86-64.so.2 => /usr/lib64/ld-linux-x86-64.so.2 (0x00007f3a89243000)
	libpsl.so.5 => /usr/lib/libpsl.so.5 (0x00007f3a7e16b000)
	libbrotlidec.so.1 => /usr/lib/libbrotlidec.so.1 (0x00007f3a7e15c000)
	libgssapi_krb5.so.2 => /usr/lib/libgssapi_krb5.so.2 (0x00007f3a7e104000)
	libnghttp2.so.14 => /usr/lib/libnghttp2.so.14 (0x00007f3a7e0da000)
	libpangoft2-1.0.so.0 => /usr/lib/libpangoft2-1.0.so.0 (0x00007f3a7e0bb000)
	libfribidi.so.0 => /usr/lib/libfribidi.so.0 (0x00007f3a7e09b000)
	libXi.so.6 => /usr/lib/libXi.so.6 (0x00007f3a7e086000)
	libatk-bridge-2.0.so.0 => /usr/lib/libatk-bridge-2.0.so.0 (0x00007f3a7e04a000)
	libcloudproviders.so.0 => /usr/lib/libcloudproviders.so.0 (0x00007f3a7e032000)
	libtinysparql-3.0.so.0 => /usr/lib/libtinysparql-3.0.so.0 (0x00007f3a7df5e000)
	libXfixes.so.3 => /usr/lib/libXfixes.so.3 (0x00007f3a7df56000)
	libxkbcommon.so.0 => /usr/lib/libxkbcommon.so.0 (0x00007f3a7def7000)
	libwayland-cursor.so.0 => /usr/lib/libwayland-cursor.so.0 (0x00007f3a7deee000)
	libwayland-egl.so.1 => /usr/lib/libwayland-egl.so.1 (0x00007f3a7dee9000)
	libXext.so.6 => /usr/lib/libXext.so.6 (0x00007f3a7ded5000)
	libXcursor.so.1 => /usr/lib/libXcursor.so.1 (0x00007f3a7dec8000)
	libXdamage.so.1 => /usr/lib/libXdamage.so.1 (0x00007f3a7dec3000)
	libXcomposite.so.1 => /usr/lib/libXcomposite.so.1 (0x00007f3a7debe000)
	libXrandr.so.2 => /usr/lib/libXrandr.so.2 (0x00007f3a7deb1000)
	libXinerama.so.1 => /usr/lib/libXinerama.so.1 (0x00007f3a7deac000)
	libglycin-2.so.0 => /usr/lib/libglycin-2.so.0 (0x00007f3a7da00000)
	libthai.so.0 => /usr/lib/libthai.so.0 (0x00007f3a7dea1000)
	libXrender.so.1 => /usr/lib/libXrender.so.1 (0x00007f3a7de95000)
	libxcb.so.1 => /usr/lib/libxcb.so.1 (0x00007f3a7de6a000)
	libxcb-render.so.0 => /usr/lib/libxcb-render.so.0 (0x00007f3a7de5b000)
	libxcb-shm.so.0 => /usr/lib/libxcb-shm.so.0 (0x00007f3a7de54000)
	libpixman-1.so.0 => /usr/lib/libpixman-1.so.0 (0x00007f3a7d951000)
	libgraphite2.so.3 => /usr/lib/libgraphite2.so.3 (0x00007f3a7de31000)
	libmount.so.1 => /usr/lib/libmount.so.1 (0x00007f3a7d8f4000)
	libffi.so.8 => /usr/lib/libffi.so.8 (0x00007f3a7de23000)
	libpcre2-8.so.0 => /usr/lib/libpcre2-8.so.0 (0x00007f3a7d841000)
	libbz2.so.1.0 => /usr/lib/libbz2.so.1.0 (0x00007f3a7de0e000)
	libicudata.so.78 => /usr/lib/libicudata.so.78 (0x00007f3a7b800000)
	libgpg-error.so.0 => /usr/lib/libgpg-error.so.0 (0x00007f3a7d814000)
	libunwind.so.8 => /usr/lib/libunwind.so.8 (0x00007f3a7d7f8000)
	libdw.so.1 => /usr/lib/libdw.so.1 (0x00007f3a7b75e000)
	liborc-0.4.so.0 => /usr/lib/liborc-0.4.so.0 (0x00007f3a7b64c000)
	libEGL.so.1 => /usr/lib/libEGL.so.1 (0x00007f3a7d7e6000)
	libGLX.so.0 => /usr/lib/libGLX.so.0 (0x00007f3a7d7b5000)
	libX11-xcb.so.1 => /usr/lib/libX11-xcb.so.1 (0x00007f3a7de05000)
	libgudev-1.0.so.0 => /usr/lib/libgudev-1.0.so.0 (0x00007f3a7d7a9000)
	libsharpyuv.so.0 => /usr/lib/libsharpyuv.so.0 (0x00007f3a7d7a0000)
	libjxl_cms.so.0.12 => /usr/lib/libjxl_cms.so.0.12 (0x00007f3a7b623000)
	libhwy.so.1 => /usr/lib/libhwy.so.1 (0x00007f3a7b614000)
	libbrotlienc.so.1 => /usr/lib/libbrotlienc.so.1 (0x00007f3a7b554000)
	libyuv.so => /usr/lib/libyuv.so (0x00007f3a7b4ad000)
	libdav1d.so.7 => /usr/lib/libdav1d.so.7 (0x00007f3a7b2cc000)
	librav1e.so.0.8 => /usr/lib/librav1e.so.0.8 (0x00007f3a7ae00000)
	libSvtAv1Enc.so.4 => /usr/lib/libSvtAv1Enc.so.4 (0x00007f3a72800000)
	libaom.so.3 => /usr/lib/libaom.so.3 (0x00007f3a71e00000)
	libhidapi-hidraw.so.0 => /usr/lib/libhidapi-hidraw.so.0 (0x00007f3a7d798000)
	libevdev.so.2 => /usr/lib/libevdev.so.2 (0x00007f3a7b2b6000)
	libtss2-esys.so.0 => /usr/lib/libtss2-esys.so.0 (0x00007f3a7b224000)
	libtss2-mu.so.0 => /usr/lib/libtss2-mu.so.0 (0x00007f3a7b1da000)
	libtss2-rc.so.0 => /usr/lib/libtss2-rc.so.0 (0x00007f3a7b1d1000)
	libtss2-tctildr.so.0 => /usr/lib/libtss2-tctildr.so.0 (0x00007f3a7b1c9000)
	libunistring.so.5 => /usr/lib/libunistring.so.5 (0x00007f3a71c19000)
	libidn2.so.0 => /usr/lib/libidn2.so.0 (0x00007f3a7b1a7000)
	libbrotlicommon.so.1 => /usr/lib/libbrotlicommon.so.1 (0x00007f3a7b184000)
	libkrb5.so.3 => /usr/lib/libkrb5.so.3 (0x00007f3a72731000)
	libk5crypto.so.3 => /usr/lib/libk5crypto.so.3 (0x00007f3a7b156000)
	libcom_err.so.2 => /usr/lib/libcom_err.so.2 (0x00007f3a7b150000)
	libkrb5support.so.0 => /usr/lib/libkrb5support.so.0 (0x00007f3a7b141000)
	libkeyutils.so.1 => /usr/lib/libkeyutils.so.1 (0x00007f3a7b13a000)
	libresolv.so.2 => /usr/lib/libresolv.so.2 (0x00007f3a7b127000)
	libatspi.so.0 => /usr/lib/libatspi.so.0 (0x00007f3a7adc4000)
	libdbus-1.so.3 => /usr/lib/libdbus-1.so.3 (0x00007f3a7ad71000)
	libdatrie.so.1 => /usr/lib/libdatrie.so.1 (0x00007f3a72728000)
	libXau.so.6 => /usr/lib/libXau.so.6 (0x00007f3a72723000)
	libXdmcp.so.6 => /usr/lib/libXdmcp.so.6 (0x00007f3a7271b000)
	libblkid.so.1 => /usr/lib/libblkid.so.1 (0x00007f3a71bd9000)
	liblzma.so.5 => /usr/lib/liblzma.so.5 (0x00007f3a726e6000)
	libelf.so.1 => /usr/lib/libelf.so.1 (0x00007f3a71bbb000)
	libzstd.so.1 => /usr/lib/libzstd.so.1 (0x00007f3a71ad5000)
	libGLdispatch.so.0 => /usr/lib/libGLdispatch.so.0 (0x00007f3a71a5c000)
	libudev.so.1 => /usr/lib/libudev.so.1 (0x00007f3a71a0c000)
	libcrypto.so.3 => /usr/lib/libcrypto.so.3 (0x00007f3a71400000)
	libtss2-sys.so.1 => /usr/lib/libtss2-sys.so.1 (0x00007f3a719ea000)
