Date: 2026-10-04 MDT
[12:19:23.626] weston 15.0.1
               https://wayland.freedesktop.org
               Bug reports to: https://gitlab.freedesktop.org/wayland/weston/issues/
               Build: 15.0.1
[12:19:23.626] Command line: /home/hoskinson/window-integration-qa/private-weston-host-v2/prefix/usr/bin/weston --backend=headless --renderer=gl --shell=kiosk-shell.so --fake-seat --no-config --socket=weston-host --width=800 --height=600 --scale=1 --idle-time=0 --log=/home/hoskinson/window-integration-qa/elm-gui-effects-1791137963411699176/weston-renderer.log --modules=/home/hoskinson/omarchy-windows-parity/implementation/elm-keyboard-loss-fixture-v151/build-1791126804731266243/parent-input.so
[12:19:23.626] OS: Linux, 7.2.7-1-omarchy, #1 SMP PREEMPT_DYNAMIC Sun, 27 Sep 2026 22:42:08 +0000, x86_64
[12:19:23.626] Flight recorder: enabled, scopes subscribed: log
[12:19:23.626] Starting with no config file.
[12:19:23.627] Output repaint window is 7 ms maximum.
[12:19:23.627] Loading module '/home/hoskinson/window-integration-qa/private-weston-host-v2/prefix/usr/lib/libweston-15/headless-backend.so'
[12:19:23.631] Loading module '/home/hoskinson/window-integration-qa/private-weston-host-v2/prefix/usr/lib/libweston-15/gl-renderer.so'
[12:19:23.648] Using rendering device: /dev/dri/renderD129
[12:19:23.650] EGL version: 1.5
[12:19:23.650] EGL vendor: Mesa Project
[12:19:23.650] EGL client APIs: OpenGL OpenGL_ES 
[12:19:23.650] EGL features:
               EGL Wayland extension: no
               context priority: yes
               buffer age: no
               partial update: yes
               swap buffers with damage: no
               configless context: yes
               surfaceless context: yes
               dmabuf support: modifiers
               fence sync: yes (native, wait)
[12:19:23.652] GL version: OpenGL ES 3.2 Mesa 26.2.2-arch1.1
[12:19:23.652] GLSL version: OpenGL ES GLSL ES 3.20
[12:19:23.652] GL vendor: Intel
[12:19:23.652] GL renderer: Mesa Intel(R) Graphics (ARL)
[12:19:23.659] GL ES 3.2 - renderer features:
               read-back format: ARGB8888
               glReadPixels supports y-flip: yes
               glReadPixels supports PBO: yes
               wl_shm 10 bpc formats: yes
               wl_shm 16 bpc formats: yes
               wl_shm half-float formats: yes
               internal R and RG formats: yes
               OES_EGL_image_external: yes
               GPU timeline: yes
               Texture immutability: yes
               Required precision: yes
[12:19:23.659] Using GL renderer
[12:19:23.659] Registered plugin API 'weston_windowed_output_api_headless_v2' of size 16
[12:19:23.659] Color manager: no-op
                 protocol support: no
[12:19:23.659] Output 'headless' attempts EOTF mode SDR and colorimetry mode default.
[12:19:23.659] Output 'headless' using color profile: stock sRGB color profile
[12:19:23.659] Output 'headless' enabled with head(s) headless
[12:19:23.659] Compositor capabilities:
               arbitrary surface rotation: yes
               screen capture uses y-flip: yes
               cursor planes: no
               arbitrary resolutions: no
               view mask clipping: yes
               explicit sync: yes
               color operations: yes
               color representation: yes
               presentation clock: CLOCK_MONOTONIC_RAW, id 4
               presentation clock resolution: 0.000000001 s
[12:19:23.659] Loading module '/home/hoskinson/window-integration-qa/private-weston-host-v2/prefix/usr/lib/weston/kiosk-shell.so'
[12:19:23.659] Loading module '/home/hoskinson/omarchy-windows-parity/implementation/elm-keyboard-loss-fixture-v151/build-1791126804731266243/parent-input.so'
[12:19:27.436] elm-parent-input motion 70,62 actual 70.00,62.00 focus=0x55d705c33070 pid=2947467
[12:19:27.457] elm-parent-input button 272 state=1 focus=0x55d705c33070 pid=2947467
[12:19:27.478] elm-parent-input button 272 state=0 focus=0x55d705c33070 pid=2947467
[12:19:27.499] elm-parent-input key=42 state=1 pid=2947467
[12:19:27.520] elm-parent-input key=30 state=1 pid=2947467
[12:19:27.536] elm-parent-input keyboard-focus requested=0 before-parent-key-balance mask=3 pid=2947467
[12:19:27.573] elm-parent-input motion 70,62 actual 70.00,62.00 focus=0x55d705c33070 pid=2947467
[12:19:27.573] elm-parent-input key=30 state=0 pid=2947467
[12:19:27.574] elm-parent-input key=42 state=0 pid=2947467
[12:19:27.595] elm-parent-input keyboard-focus requested=1 before-parent-key-balance mask=0 pid=2947467
[12:19:27.600] elm-parent-input key=30 state=1 pid=2947467
[12:19:27.600] elm-parent-input key=30 state=0 pid=2947467
[12:19:28.250] elm-parent-input motion 70,62 actual 70.00,62.00 focus=0x55d705c33070 pid=2947467
[12:19:28.271] elm-parent-input button 272 state=1 focus=0x55d705c33070 pid=2947467
[12:19:28.292] elm-parent-input button 272 state=0 focus=0x55d705c33070 pid=2947467
[12:19:28.313] elm-parent-input key=42 state=1 pid=2947467
[12:19:28.334] elm-parent-input key=30 state=1 pid=2947467
[12:19:28.372] elm-parent-input keyboard-removal-before-parent-key-balance mask=3
[12:19:28.372] elm-parent-input keyboard-capability requested=0 actual=0 accepted=1
[12:19:28.406] elm-parent-input motion 70,62 actual 70.00,62.00 focus=0x55d705c33070 pid=2947467
[12:19:28.406] elm-parent-input keyboard-capability requested=1 actual=1 accepted=1
[12:19:28.410] elm-parent-input key=30 state=1 pid=2947467
[12:19:28.410] elm-parent-input key=30 state=0 pid=2947467
[12:19:35.176] caught signal 15
