Date: 2026-10-03 MDT
[20:31:27.504] weston 15.0.1
               https://wayland.freedesktop.org
               Bug reports to: https://gitlab.freedesktop.org/wayland/weston/issues/
               Build: 15.0.1
[20:31:27.504] Command line: /home/hoskinson/window-integration-qa/private-weston-host-v2/prefix/usr/bin/weston --backend=headless --renderer=gl --shell=kiosk-shell.so --fake-seat --no-config --socket=weston-host --width=800 --height=600 --scale=1 --idle-time=0 --log=/home/hoskinson/window-integration-qa/elm-gui-effects-1791081087341029974/weston-renderer.log
[20:31:27.504] OS: Linux, 7.2.7-1-omarchy, #1 SMP PREEMPT_DYNAMIC Sun, 27 Sep 2026 22:42:08 +0000, x86_64
[20:31:27.504] Flight recorder: enabled, scopes subscribed: log
[20:31:27.504] Starting with no config file.
[20:31:27.504] Output repaint window is 7 ms maximum.
[20:31:27.504] Loading module '/home/hoskinson/window-integration-qa/private-weston-host-v2/prefix/usr/lib/libweston-15/headless-backend.so'
[20:31:27.509] Loading module '/home/hoskinson/window-integration-qa/private-weston-host-v2/prefix/usr/lib/libweston-15/gl-renderer.so'
[20:31:27.526] Using rendering device: /dev/dri/renderD129
[20:31:27.529] EGL version: 1.5
[20:31:27.529] EGL vendor: Mesa Project
[20:31:27.529] EGL client APIs: OpenGL OpenGL_ES 
[20:31:27.529] EGL features:
               EGL Wayland extension: no
               context priority: yes
               buffer age: no
               partial update: yes
               swap buffers with damage: no
               configless context: yes
               surfaceless context: yes
               dmabuf support: modifiers
               fence sync: yes (native, wait)
[20:31:27.531] GL version: OpenGL ES 3.2 Mesa 26.2.2-arch1.1
[20:31:27.531] GLSL version: OpenGL ES GLSL ES 3.20
[20:31:27.531] GL vendor: Intel
[20:31:27.531] GL renderer: Mesa Intel(R) Graphics (ARL)
[20:31:27.537] GL ES 3.2 - renderer features:
               read-back format: ARGB8888
               glReadPixels supports y-flip: yes
               glReadPixels supports PBO: yes
               wl_shm 10 bpc formats: yes
               wl_shm 16 bpc formats: yes
               wl_shm half-float formats: yes
               internal R and RG formats: yes
               OES_EGL_image_external: yes
               GPU timeline: yes
               Texture immutability: yes
               Required precision: yes
[20:31:27.537] Using GL renderer
[20:31:27.537] Registered plugin API 'weston_windowed_output_api_headless_v2' of size 16
[20:31:27.537] Color manager: no-op
                 protocol support: no
[20:31:27.537] Output 'headless' attempts EOTF mode SDR and colorimetry mode default.
[20:31:27.537] Output 'headless' using color profile: stock sRGB color profile
[20:31:27.537] Output 'headless' enabled with head(s) headless
[20:31:27.537] Compositor capabilities:
               arbitrary surface rotation: yes
               screen capture uses y-flip: yes
               cursor planes: no
               arbitrary resolutions: no
               view mask clipping: yes
               explicit sync: yes
               color operations: yes
               color representation: yes
               presentation clock: CLOCK_MONOTONIC_RAW, id 4
               presentation clock resolution: 0.000000001 s
[20:31:27.537] Loading module '/home/hoskinson/window-integration-qa/private-weston-host-v2/prefix/usr/lib/weston/kiosk-shell.so'
[20:31:33.686] caught signal 15
