	linux-vdso.so.1 (0x00007f725fe25000)
	libwebkit2gtk-4.1.so.0 => /usr/lib/libwebkit2gtk-4.1.so.0 (0x00007f725a400000)
	libsoup-3.0.so.0 => /usr/lib/libsoup-3.0.so.0 (0x00007f725a369000)
	libjavascriptcoregtk-4.1.so.0 => /usr/lib/libjavascriptcoregtk-4.1.so.0 (0x00007f7257e00000)
	libgtk-layer-shell.so.0 => /usr/lib/libgtk-layer-shell.so.0 (0x00007f725fd99000)
	libgtk-3.so.0 => /usr/lib/libgtk-3.so.0 (0x00007f7257600000)
	libgdk-3.so.0 => /usr/lib/libgdk-3.so.0 (0x00007f725a27c000)
	libpangocairo-1.0.so.0 => /usr/lib/libpangocairo-1.0.so.0 (0x00007f725fd85000)
	libcairo-gobject.so.2 => /usr/lib/libcairo-gobject.so.2 (0x00007f725fd7c000)
	libgdk_pixbuf-2.0.so.0 => /usr/lib/libgdk_pixbuf-2.0.so.0 (0x00007f725a242000)
	libatk-1.0.so.0 => /usr/lib/libatk-1.0.so.0 (0x00007f725fd55000)
	libpango-1.0.so.0 => /usr/lib/libpango-1.0.so.0 (0x00007f7257d91000)
	libcairo.so.2 => /usr/lib/libcairo.so.2 (0x00007f72574c3000)
	libharfbuzz.so.0 => /usr/lib/libharfbuzz.so.0 (0x00007f7257384000)
	libjson-glib-1.0.so.0 => /usr/lib/libjson-glib-1.0.so.0 (0x00007f725a218000)
	libgio-2.0.so.0 => /usr/lib/libgio-2.0.so.0 (0x00007f72571a5000)
	libgobject-2.0.so.0 => /usr/lib/libgobject-2.0.so.0 (0x00007f7257d2e000)
	libgmodule-2.0.so.0 => /usr/lib/libgmodule-2.0.so.0 (0x00007f725fd4a000)
	libglib-2.0.so.0 => /usr/lib/libglib-2.0.so.0 (0x00007f7257042000)
	libz.so.1 => /usr/lib/libz.so.1 (0x00007f7257d13000)
	libc.so.6 => /usr/lib/libc.so.6 (0x00007f7256e00000)
	libepoxy.so.0 => /usr/lib/libepoxy.so.0 (0x00007f7256cf3000)
	libatomic.so.1 => /usr/lib/libatomic.so.1 (0x00007f725a20d000)
	libfreetype.so.6 => /usr/lib/libfreetype.so.6 (0x00007f7256c23000)
	libfontconfig.so.1 => /usr/lib/libfontconfig.so.1 (0x00007f7256ba8000)
	libwebpmux.so.3 => /usr/lib/libwebpmux.so.3 (0x00007f7257d07000)
	libexpat.so.1 => /usr/lib/libexpat.so.1 (0x00007f7256b7a000)
	libicui18n.so.78 => /usr/lib/libicui18n.so.78 (0x00007f7256600000)
	libsystemd.so.0 => /usr/lib/libsystemd.so.0 (0x00007f7256a32000)
	libjpeg.so.8 => /usr/lib/libjpeg.so.8 (0x00007f7256558000)
	libpng16.so.16 => /usr/lib/libpng16.so.16 (0x00007f72569f5000)
	libicuuc.so.78 => /usr/lib/libicuuc.so.78 (0x00007f7256200000)
	libxml2.so.16 => /usr/lib/libxml2.so.16 (0x00007f7256413000)
	libsqlite3.so.0 => /usr/lib/libsqlite3.so.0 (0x00007f7256067000)
	libxslt.so.1 => /usr/lib/libxslt.so.1 (0x00007f72569b8000)
	liblcms2.so.2 => /usr/lib/liblcms2.so.2 (0x00007f7255ffb000)
	libgcrypt.so.20 => /usr/lib/libgcrypt.so.20 (0x00007f7255e4a000)
	libgstallocators-1.0.so.0 => /usr/lib/libgstallocators-1.0.so.0 (0x00007f7257038000)
	libgstapp-1.0.so.0 => /usr/lib/libgstapp-1.0.so.0 (0x00007f725699f000)
	libgstbase-1.0.so.0 => /usr/lib/libgstbase-1.0.so.0 (0x00007f7255dc2000)
	libgstreamer-1.0.so.0 => /usr/lib/libgstreamer-1.0.so.0 (0x00007f7255c4f000)
	libgstpbutils-1.0.so.0 => /usr/lib/libgstpbutils-1.0.so.0 (0x00007f7255c0a000)
	libgstaudio-1.0.so.0 => /usr/lib/libgstaudio-1.0.so.0 (0x00007f7255b80000)
	libgsttag-1.0.so.0 => /usr/lib/libgsttag-1.0.so.0 (0x00007f7255b41000)
	libgstvideo-1.0.so.0 => /usr/lib/libgstvideo-1.0.so.0 (0x00007f7255a62000)
	libgstgl-1.0.so.0 => /usr/lib/libgstgl-1.0.so.0 (0x00007f72559cc000)
	libgstfft-1.0.so.0 => /usr/lib/libgstfft-1.0.so.0 (0x00007f725702d000)
	libwebpdemux.so.2 => /usr/lib/libwebpdemux.so.2 (0x00007f7257026000)
	libwebp.so.7 => /usr/lib/libwebp.so.7 (0x00007f7255945000)
	libjxl.so.0.12 => /usr/lib/libjxl.so.0.12 (0x00007f7255400000)
	libavif.so.16 => /usr/lib/libavif.so.16 (0x00007f72558fd000)
	libharfbuzz-icu.so.0 => /usr/lib/libharfbuzz-icu.so.0 (0x00007f725699a000)
	libX11.so.6 => /usr/lib/libX11.so.6 (0x00007f72552be000)
	libwayland-server.so.0 => /usr/lib/libwayland-server.so.0 (0x00007f72558e8000)
	libwayland-client.so.0 => /usr/lib/libwayland-client.so.0 (0x00007f72558d8000)
	libm.so.6 => /usr/lib/libm.so.6 (0x00007f7255187000)
	libmanette-0.2.so.0 => /usr/lib/libmanette-0.2.so.0 (0x00007f7255886000)
	libseccomp.so.2 => /usr/lib/libseccomp.so.2 (0x00007f7255859000)
	libenchant-2.so.2 => /usr/lib/libenchant-2.so.2 (0x00007f7255847000)
	libgbm.so.1 => /usr/lib/libgbm.so.1 (0x00007f7256994000)
	libdrm.so.2 => /usr/lib/libdrm.so.2 (0x00007f7255170000)
	libtasn1.so.6 => /usr/lib/libtasn1.so.6 (0x00007f725515a000)
	libhyphen.so.0 => /usr/lib/libhyphen.so.0 (0x00007f725583f000)
	libsecret-1.so.0 => /usr/lib/libsecret-1.so.0 (0x00007f72550fc000)
	libstdc++.so.6 => /usr/lib/libstdc++.so.6 (0x00007f7254e00000)
	libgcc_s.so.1 => /usr/lib/libgcc_s.so.1 (0x00007f7254dd3000)
	/lib64/ld-linux-x86-64.so.2 => /usr/lib64/ld-linux-x86-64.so.2 (0x00007f725fe27000)
	libpsl.so.5 => /usr/lib/libpsl.so.5 (0x00007f72550e8000)
	libbrotlidec.so.1 => /usr/lib/libbrotlidec.so.1 (0x00007f72550d9000)
	libgssapi_krb5.so.2 => /usr/lib/libgssapi_krb5.so.2 (0x00007f7254d7b000)
	libnghttp2.so.14 => /usr/lib/libnghttp2.so.14 (0x00007f7254d51000)
	libpangoft2-1.0.so.0 => /usr/lib/libpangoft2-1.0.so.0 (0x00007f7254d32000)
	libfribidi.so.0 => /usr/lib/libfribidi.so.0 (0x00007f7254d12000)
	libXi.so.6 => /usr/lib/libXi.so.6 (0x00007f7254cfd000)
	libatk-bridge-2.0.so.0 => /usr/lib/libatk-bridge-2.0.so.0 (0x00007f7254cc1000)
	libcloudproviders.so.0 => /usr/lib/libcloudproviders.so.0 (0x00007f7254ca9000)
	libtinysparql-3.0.so.0 => /usr/lib/libtinysparql-3.0.so.0 (0x00007f7254bd5000)
	libXfixes.so.3 => /usr/lib/libXfixes.so.3 (0x00007f7255837000)
	libxkbcommon.so.0 => /usr/lib/libxkbcommon.so.0 (0x00007f7254b76000)
	libwayland-cursor.so.0 => /usr/lib/libwayland-cursor.so.0 (0x00007f7254b6d000)
	libwayland-egl.so.1 => /usr/lib/libwayland-egl.so.1 (0x00007f725640e000)
	libXext.so.6 => /usr/lib/libXext.so.6 (0x00007f7254b59000)
	libXcursor.so.1 => /usr/lib/libXcursor.so.1 (0x00007f7254b4c000)
	libXdamage.so.1 => /usr/lib/libXdamage.so.1 (0x00007f7254b47000)
	libXcomposite.so.1 => /usr/lib/libXcomposite.so.1 (0x00007f7254b42000)
	libXrandr.so.2 => /usr/lib/libXrandr.so.2 (0x00007f7254b35000)
	libXinerama.so.1 => /usr/lib/libXinerama.so.1 (0x00007f7254b30000)
	libglycin-2.so.0 => /usr/lib/libglycin-2.so.0 (0x00007f7254600000)
	libthai.so.0 => /usr/lib/libthai.so.0 (0x00007f7254b25000)
	libXrender.so.1 => /usr/lib/libXrender.so.1 (0x00007f7254b19000)
	libxcb.so.1 => /usr/lib/libxcb.so.1 (0x00007f7254aee000)
	libxcb-render.so.0 => /usr/lib/libxcb-render.so.0 (0x00007f7254adf000)
	libxcb-shm.so.0 => /usr/lib/libxcb-shm.so.0 (0x00007f7254ada000)
	libpixman-1.so.0 => /usr/lib/libpixman-1.so.0 (0x00007f7254a2b000)
	libgraphite2.so.3 => /usr/lib/libgraphite2.so.3 (0x00007f7254a08000)
	libmount.so.1 => /usr/lib/libmount.so.1 (0x00007f72545a3000)
	libffi.so.8 => /usr/lib/libffi.so.8 (0x00007f7254595000)
	libpcre2-8.so.0 => /usr/lib/libpcre2-8.so.0 (0x00007f72544e2000)
	libbz2.so.1.0 => /usr/lib/libbz2.so.1.0 (0x00007f72544cf000)
	libicudata.so.78 => /usr/lib/libicudata.so.78 (0x00007f7252400000)
	libgpg-error.so.0 => /usr/lib/libgpg-error.so.0 (0x00007f72544a2000)
	libunwind.so.8 => /usr/lib/libunwind.so.8 (0x00007f7254486000)
	libdw.so.1 => /usr/lib/libdw.so.1 (0x00007f72543e4000)
	liborc-0.4.so.0 => /usr/lib/liborc-0.4.so.0 (0x00007f72522ee000)
	libEGL.so.1 => /usr/lib/libEGL.so.1 (0x00007f72543d2000)
	libGLX.so.0 => /usr/lib/libGLX.so.0 (0x00007f72543a1000)
	libX11-xcb.so.1 => /usr/lib/libX11-xcb.so.1 (0x00007f72549fd000)
	libgudev-1.0.so.0 => /usr/lib/libgudev-1.0.so.0 (0x00007f7254395000)
	libsharpyuv.so.0 => /usr/lib/libsharpyuv.so.0 (0x00007f72522e5000)
	libjxl_cms.so.0.12 => /usr/lib/libjxl_cms.so.0.12 (0x00007f72522bc000)
	libhwy.so.1 => /usr/lib/libhwy.so.1 (0x00007f72522ad000)
	libbrotlienc.so.1 => /usr/lib/libbrotlienc.so.1 (0x00007f72521eb000)
	libyuv.so => /usr/lib/libyuv.so (0x00007f7252144000)
	libdav1d.so.7 => /usr/lib/libdav1d.so.7 (0x00007f7251f63000)
	librav1e.so.0.8 => /usr/lib/librav1e.so.0.8 (0x00007f7251c00000)
	libSvtAv1Enc.so.4 => /usr/lib/libSvtAv1Enc.so.4 (0x00007f7249600000)
	libaom.so.3 => /usr/lib/libaom.so.3 (0x00007f7248c00000)
	libhidapi-hidraw.so.0 => /usr/lib/libhidapi-hidraw.so.0 (0x00007f7251f59000)
	libevdev.so.2 => /usr/lib/libevdev.so.2 (0x00007f7251f43000)
	libtss2-esys.so.0 => /usr/lib/libtss2-esys.so.0 (0x00007f7251b6e000)
	libtss2-mu.so.0 => /usr/lib/libtss2-mu.so.0 (0x00007f72495b6000)
	libtss2-rc.so.0 => /usr/lib/libtss2-rc.so.0 (0x00007f7251f3a000)
	libtss2-tctildr.so.0 => /usr/lib/libtss2-tctildr.so.0 (0x00007f7251f30000)
	libunistring.so.5 => /usr/lib/libunistring.so.5 (0x00007f7248a19000)
	libidn2.so.0 => /usr/lib/libidn2.so.0 (0x00007f7249594000)
	libbrotlicommon.so.1 => /usr/lib/libbrotlicommon.so.1 (0x00007f7249571000)
	libkrb5.so.3 => /usr/lib/libkrb5.so.3 (0x00007f724894a000)
	libk5crypto.so.3 => /usr/lib/libk5crypto.so.3 (0x00007f7249543000)
	libcom_err.so.2 => /usr/lib/libcom_err.so.2 (0x00007f7251f28000)
	libkrb5support.so.0 => /usr/lib/libkrb5support.so.0 (0x00007f7249534000)
	libkeyutils.so.1 => /usr/lib/libkeyutils.so.1 (0x00007f724952d000)
	libresolv.so.2 => /usr/lib/libresolv.so.2 (0x00007f724951a000)
	libatspi.so.0 => /usr/lib/libatspi.so.0 (0x00007f724890e000)
	libdbus-1.so.3 => /usr/lib/libdbus-1.so.3 (0x00007f72488bb000)
	libdatrie.so.1 => /usr/lib/libdatrie.so.1 (0x00007f7249511000)
	libXau.so.6 => /usr/lib/libXau.so.6 (0x00007f724950c000)
	libXdmcp.so.6 => /usr/lib/libXdmcp.so.6 (0x00007f7249504000)
	libblkid.so.1 => /usr/lib/libblkid.so.1 (0x00007f724887b000)
	liblzma.so.5 => /usr/lib/liblzma.so.5 (0x00007f7248846000)
	libelf.so.1 => /usr/lib/libelf.so.1 (0x00007f72494e6000)
	libzstd.so.1 => /usr/lib/libzstd.so.1 (0x00007f7248760000)
	libGLdispatch.so.0 => /usr/lib/libGLdispatch.so.0 (0x00007f72486e7000)
	libudev.so.1 => /usr/lib/libudev.so.1 (0x00007f7248697000)
	libcrypto.so.3 => /usr/lib/libcrypto.so.3 (0x00007f7248000000)
	libtss2-sys.so.1 => /usr/lib/libtss2-sys.so.1 (0x00007f7248675000)
