dbus-daemon[473729]: [session uid=1000 pid=473729 pidfd=4] Activating service name='org.freedesktop.portal.Desktop' requested by ':1.2' (uid=1000 pid=474054 comm="/usr/bin/python3 -B /home/hoskinson/omarchy-window")
dbus-daemon[473729]: [session uid=1000 pid=473729 pidfd=4] Activating service name='org.freedesktop.impl.portal.PermissionStore' requested by ':1.3' (uid=1000 pid=474083 comm="/usr/lib/xdg-desktop-portal")
dbus-daemon[473729]: [session uid=1000 pid=473729 pidfd=4] Successfully activated service 'org.freedesktop.impl.portal.PermissionStore'
dbus-daemon[473729]: [session uid=1000 pid=473729 pidfd=4] Activating service name='org.freedesktop.portal.Documents' requested by ':1.3' (uid=1000 pid=474083 comm="/usr/lib/xdg-desktop-portal")
dbus-daemon[473729]: [session uid=1000 pid=473729 pidfd=4] Successfully activated service 'org.freedesktop.portal.Documents'
dbus-daemon[473729]: [session uid=1000 pid=473729 pidfd=4] Activating service name='org.freedesktop.impl.portal.desktop.gtk' requested by ':1.3' (uid=1000 pid=474083 comm="/usr/lib/xdg-desktop-portal")
dbus-daemon[473729]: [session uid=1000 pid=473729 pidfd=4] Activating service name='org.a11y.Bus' requested by ':1.7' (uid=1000 pid=474105 comm="/usr/lib/xdg-desktop-portal-gtk")
dbus-daemon[473729]: [session uid=1000 pid=473729 pidfd=4] Successfully activated service 'org.a11y.Bus'
dbus-daemon[473729]: [session uid=1000 pid=473729 pidfd=4] Activating service name='org.freedesktop.systemd1' requested by ':1.9' (uid=1000 pid=474122 comm="/usr/bin/dbus-broker-launch --config-file=/usr/sha")
dbus-daemon[473729]: [session uid=1000 pid=473729 pidfd=4] Activating service name='org.gtk.vfs.Daemon' requested by ':1.6' (uid=1000 pid=474105 comm="/usr/lib/xdg-desktop-portal-gtk")
dbus-daemon[473729]: [session uid=1000 pid=473729 pidfd=4] Activated service 'org.freedesktop.systemd1' failed: Process org.freedesktop.systemd1 exited with status 1
dbus-daemon[473729]: [session uid=1000 pid=473729 pidfd=4] Successfully activated service 'org.gtk.vfs.Daemon'
dbus-daemon[473729]: [session uid=1000 pid=473729 pidfd=4] Activating service name='org.freedesktop.systemd1' requested by ':1.9' (uid=1000 pid=474122 comm="/usr/bin/dbus-broker-launch --config-file=/usr/sha")
dbus-daemon[473729]: [session uid=1000 pid=473729 pidfd=4] Activated service 'org.freedesktop.systemd1' failed: Process org.freedesktop.systemd1 exited with status 1
dbus-daemon[473729]: [session uid=1000 pid=473729 pidfd=4] Successfully activated service 'org.freedesktop.impl.portal.desktop.gtk'

** (xdg-desktop-portal-gtk:474105): WARNING **: 01:40:05.613: AT-SPI: Could not obtain desktop path or name

dbus-daemon[473729]: [session uid=1000 pid=473729 pidfd=4] Activating service name='org.freedesktop.systemd1' requested by ':1.9' (uid=1000 pid=474122 comm="/usr/bin/dbus-broker-launch --config-file=/usr/sha")
dbus-daemon[473729]: [session uid=1000 pid=473729 pidfd=4] Activated service 'org.freedesktop.systemd1' failed: Process org.freedesktop.systemd1 exited with status 1

** (xdg-desktop-portal-gtk:474105): WARNING **: 01:40:05.615: atk-bridge: GetRegisteredEvents returned message with unknown signature

** (xdg-desktop-portal-gtk:474105): WARNING **: 01:40:05.615: atk-bridge: get_device_events_reply: unknown signature

(/usr/lib/xdg-desktop-portal:474083): xdg-desktop-portal-WARNING **: 01:40:05.622: Failed to load RealtimeKit property: GDBus.Error:org.freedesktop.DBus.Error.ServiceUnknown: The name is not activatable

(/usr/lib/xdg-desktop-portal:474083): xdg-desktop-portal-WARNING **: 01:40:05.623: Failed to load RealtimeKit property: GDBus.Error:org.freedesktop.DBus.Error.ServiceUnknown: The name is not activatable

(/usr/lib/xdg-desktop-portal:474083): xdg-desktop-portal-WARNING **: 01:40:05.623: Failed to load RealtimeKit property: GDBus.Error:org.freedesktop.DBus.Error.ServiceUnknown: The name is not activatable

(/usr/lib/xdg-desktop-portal:474083): xdg-desktop-portal-WARNING **: 01:40:05.626: Failed to connect to PipeWire: Couldn't connect to PipeWire
dbus-daemon[473729]: [session uid=1000 pid=473729 pidfd=4] Activating service name='org.freedesktop.impl.portal.desktop.hyprland' requested by ':1.3' (uid=1000 pid=474083 comm="/usr/lib/xdg-desktop-portal")
dbus-daemon[473729]: [session uid=1000 pid=473729 pidfd=4] Successfully activated service 'org.freedesktop.impl.portal.desktop.hyprland'
dbus-daemon[473729]: [session uid=1000 pid=473729 pidfd=4] Successfully activated service 'org.freedesktop.portal.Desktop'
dbus-daemon[473729]: [session uid=1000 pid=473729 pidfd=4] Activating service name='org.freedesktop.systemd1' requested by ':1.9' (uid=1000 pid=474122 comm="/usr/bin/dbus-broker-launch --config-file=/usr/sha")
dbus-daemon[473729]: [session uid=1000 pid=473729 pidfd=4] Activated service 'org.freedesktop.systemd1' failed: Process org.freedesktop.systemd1 exited with status 1
dbus-daemon[473729]: [session uid=1000 pid=473729 pidfd=4] Activating service name='org.freedesktop.systemd1' requested by ':1.9' (uid=1000 pid=474122 comm="/usr/bin/dbus-broker-launch --config-file=/usr/sha")
dbus-daemon[473729]: [session uid=1000 pid=473729 pidfd=4] Activated service 'org.freedesktop.systemd1' failed: Process org.freedesktop.systemd1 exited with status 1

(/usr/lib/xdg-desktop-portal:474083): xdg-desktop-portal-WARNING **: 01:40:06.420: Realtime error: Could not get pidns for pid 2: PIDFD_GET_PID_NAMESPACE ioctl failed: Inappropriate ioctl for device
dbus-daemon[473729]: [session uid=1000 pid=473729 pidfd=4] Activating service name='org.freedesktop.systemd1' requested by ':1.9' (uid=1000 pid=474122 comm="/usr/bin/dbus-broker-launch --config-file=/usr/sha")
dbus-daemon[473729]: [session uid=1000 pid=473729 pidfd=4] Activated service 'org.freedesktop.systemd1' failed: Process org.freedesktop.systemd1 exited with status 1
dbus-daemon[473729]: [session uid=1000 pid=473729 pidfd=4] Activating service name='org.freedesktop.systemd1' requested by ':1.9' (uid=1000 pid=474122 comm="/usr/bin/dbus-broker-launch --config-file=/usr/sha")
dbus-daemon[473729]: [session uid=1000 pid=473729 pidfd=4] Activated service 'org.freedesktop.systemd1' failed: Process org.freedesktop.systemd1 exited with status 1

(/usr/lib/xdg-desktop-portal:474083): xdg-desktop-portal-WARNING **: 01:40:06.606: Realtime error: Could not get pidns for pid 2: PIDFD_GET_PID_NAMESPACE ioctl failed: Inappropriate ioctl for device
Failed to launch bus: Bus exited with code 0