[19:14:25.911446] {Default Queue}  -> wl_display#1.get_registry(new id wl_registry#2)
[19:14:25.911466] {Default Queue}  -> wl_display#1.sync(new id wl_callback#3)
[19:14:25.911683] {Display Queue} wl_display#1.delete_id(3)
[19:14:25.911699] {Default Queue} wl_registry#2.global(1, "wl_seat", 9)
[19:14:25.911706] {Default Queue} wl_registry#2.global(2, "wl_data_device_manager", 3)
[19:14:25.911711] {Default Queue}  -> wl_registry#2.bind(2, "wl_data_device_manager", 3, new id [unknown]#4)
[19:14:25.911716] {Default Queue} wl_registry#2.global(3, "wl_compositor", 6)
[19:14:25.911718] {Default Queue}  -> wl_registry#2.bind(3, "wl_compositor", 3, new id [unknown]#5)
[19:14:25.911721] {Default Queue} wl_registry#2.global(4, "wl_subcompositor", 1)
[19:14:25.911723] {Default Queue}  -> wl_registry#2.bind(4, "wl_subcompositor", 1, new id [unknown]#6)
[19:14:25.911726] {Default Queue} wl_registry#2.global(5, "wl_shm", 2)
[19:14:25.911728] {Default Queue}  -> wl_registry#2.bind(5, "wl_shm", 1, new id [unknown]#7)
[19:14:25.911730] {Default Queue} wl_registry#2.global(6, "wp_viewporter", 1)
[19:14:25.911732] {Default Queue} wl_registry#2.global(7, "wp_tearing_control_manager_v1", 1)
[19:14:25.911734] {Default Queue} wl_registry#2.global(8, "wp_fractional_scale_manager_v1", 1)
[19:14:25.911738] {Default Queue} wl_registry#2.global(9, "zxdg_output_manager_v1", 3)
[19:14:25.911740] {Default Queue}  -> wl_registry#2.bind(9, "zxdg_output_manager_v1", 3, new id [unknown]#8)
[19:14:25.911744] {Default Queue}  -> wl_display#1.sync(new id wl_callback#9)
[19:14:25.911746] {Default Queue} wl_registry#2.global(10, "wp_cursor_shape_manager_v1", 2)
[19:14:25.911748] {Default Queue}  -> wl_registry#2.bind(10, "wp_cursor_shape_manager_v1", 1, new id [unknown]#10)
[19:14:25.911751] {Default Queue} wl_registry#2.global(11, "zwp_idle_inhibit_manager_v1", 1)
[19:14:25.911753] {Default Queue} wl_registry#2.global(12, "zwp_relative_pointer_manager_v1", 1)
[19:14:25.911755] {Default Queue} wl_registry#2.global(13, "zxdg_decoration_manager_v1", 2)
[19:14:25.911758] {Default Queue} wl_registry#2.global(14, "wp_alpha_modifier_v1", 1)
[19:14:25.911761] {Default Queue} wl_registry#2.global(15, "zwlr_gamma_control_manager_v1", 1)
[19:14:25.911763] {Default Queue} wl_registry#2.global(16, "ext_foreign_toplevel_list_v1", 1)
[19:14:25.911765] {Default Queue} wl_registry#2.global(17, "zwp_pointer_gestures_v1", 3)
[19:14:25.911768] {Default Queue}  -> wl_registry#2.bind(17, "zwp_pointer_gestures_v1", 1, new id [unknown]#11)
[19:14:25.911770] {Default Queue} wl_registry#2.global(18, "zwlr_foreign_toplevel_manager_v1", 3)
[19:14:25.911772] {Default Queue} wl_registry#2.global(19, "zwp_keyboard_shortcuts_inhibit_manager_v1", 1)
[19:14:25.911774] {Default Queue}  -> wl_registry#2.bind(19, "zwp_keyboard_shortcuts_inhibit_manager_v1", 1, new id [unknown]#12)
[19:14:25.911777] {Default Queue} wl_registry#2.global(20, "zwp_text_input_manager_v1", 1)
[19:14:25.911779] {Default Queue} wl_registry#2.global(21, "zwp_text_input_manager_v3", 1)
[19:14:25.911782] {Default Queue} wl_registry#2.global(22, "zwp_pointer_constraints_v1", 1)
[19:14:25.911784] {Default Queue} wl_registry#2.global(23, "zwlr_output_power_manager_v1", 1)
[19:14:25.911786] {Default Queue} wl_registry#2.global(24, "xdg_activation_v1", 1)
[19:14:25.911788] {Default Queue}  -> wl_registry#2.bind(24, "xdg_activation_v1", 1, new id [unknown]#13)
[19:14:25.911791] {Default Queue} wl_registry#2.global(25, "ext_idle_notifier_v1", 2)
[19:14:25.911793] {Default Queue} wl_registry#2.global(26, "hyprland_lock_notifier_v1", 1)
[19:14:25.911795] {Default Queue} wl_registry#2.global(27, "ext_session_lock_manager_v1", 1)
[19:14:25.911797] {Default Queue} wl_registry#2.global(28, "zwp_input_method_manager_v2", 1)
[19:14:25.911799] {Default Queue} wl_registry#2.global(29, "zwp_virtual_keyboard_manager_v1", 1)
[19:14:25.911802] {Default Queue} wl_registry#2.global(30, "zwlr_virtual_pointer_manager_v1", 2)
[19:14:25.911804] {Default Queue} wl_registry#2.global(31, "zwlr_output_manager_v1", 4)
[19:14:25.911807] {Default Queue} wl_registry#2.global(32, "org_kde_kwin_server_decoration_manager", 1)
[19:14:25.911815] {Default Queue}  -> wl_registry#2.bind(32, "org_kde_kwin_server_decoration_manager", 1, new id [unknown]#14)
[19:14:25.911823] {Default Queue} wl_registry#2.global(33, "hyprland_focus_grab_manager_v1", 1)
[19:14:25.911826] {Default Queue} wl_registry#2.global(34, "zwp_tablet_manager_v2", 1)
[19:14:25.911828] {Default Queue}  -> wl_registry#2.bind(34, "zwp_tablet_manager_v2", 1, new id [unknown]#15)
[19:14:25.911830] {Default Queue} wl_registry#2.global(35, "zwlr_layer_shell_v1", 5)
[19:14:25.911832] {Default Queue} wl_registry#2.global(36, "wp_presentation", 2)
[19:14:25.911833] {Default Queue} wl_registry#2.global(37, "xdg_wm_base", 7)
[19:14:25.911835] {Default Queue} wl_registry#2.global(38, "zwlr_data_control_manager_v1", 2)
[19:14:25.911838] {Default Queue} wl_registry#2.global(39, "zwp_primary_selection_device_manager_v1", 1)
[19:14:25.911840] {Default Queue}  -> wl_registry#2.bind(39, "zwp_primary_selection_device_manager_v1", 1, new id [unknown]#16)
[19:14:25.911842] {Default Queue} wl_registry#2.global(40, "xwayland_shell_v1", 1)
[19:14:25.911844] {Default Queue} wl_registry#2.global(41, "hyprland_toplevel_mapping_manager_v1", 1)
[19:14:25.911846] {Default Queue} wl_registry#2.global(42, "hyprland_global_shortcuts_manager_v1", 1)
[19:14:25.911848] {Default Queue} wl_registry#2.global(43, "xdg_wm_dialog_v1", 1)
[19:14:25.911850] {Default Queue} wl_registry#2.global(44, "wp_single_pixel_buffer_manager_v1", 1)
[19:14:25.911852] {Default Queue} wl_registry#2.global(45, "wp_security_context_manager_v1", 1)
[19:14:25.911854] {Default Queue} wl_registry#2.global(46, "hyprland_ctm_control_manager_v1", 2)
[19:14:25.911855] {Default Queue} wl_registry#2.global(47, "hyprland_input_capture_manager_v1", 1)
[19:14:25.911857] {Default Queue} wl_registry#2.global(48, "hyprland_surface_manager_v1", 2)
[19:14:25.911859] {Default Queue} wl_registry#2.global(49, "wp_content_type_manager_v1", 1)
[19:14:25.911861] {Default Queue} wl_registry#2.global(50, "xdg_toplevel_tag_manager_v1", 1)
[19:14:25.911863] {Default Queue} wl_registry#2.global(51, "xdg_system_bell_v1", 1)
[19:14:25.911865] {Default Queue} wl_registry#2.global(52, "vicinae_hotkey_manager_v1", 1)
[19:14:25.911867] {Default Queue} wl_registry#2.global(53, "ext_workspace_manager_v1", 1)
[19:14:25.911869] {Default Queue} wl_registry#2.global(54, "ext_data_control_manager_v1", 1)
[19:14:25.911871] {Default Queue} wl_registry#2.global(55, "wp_pointer_warp_v1", 1)
[19:14:25.911873] {Default Queue} wl_registry#2.global(56, "wp_fifo_manager_v1", 1)
[19:14:25.911875] {Default Queue} wl_registry#2.global(57, "zxdg_exporter_v2", 1)
[19:14:25.911877] {Default Queue}  -> wl_registry#2.bind(57, "zxdg_exporter_v2", 1, new id [unknown]#17)
[19:14:25.911879] {Default Queue} wl_registry#2.global(58, "zxdg_importer_v2", 1)
[19:14:25.911880] {Default Queue}  -> wl_registry#2.bind(58, "zxdg_importer_v2", 1, new id [unknown]#18)
[19:14:25.911882] {Default Queue} wl_registry#2.global(59, "ext_background_effect_manager_v1", 1)
[19:14:25.911884] {Default Queue} wl_registry#2.global(60, "wp_commit_timing_manager_v1", 1)
[19:14:25.911886] {Default Queue} wl_registry#2.global(61, "zwlr_screencopy_manager_v1", 3)
[19:14:25.911889] {Default Queue} wl_registry#2.global(62, "hyprland_toplevel_export_manager_v1", 2)
[19:14:25.911891] {Default Queue} wl_registry#2.global(63, "ext_output_image_capture_source_manager_v1", 1)
[19:14:25.911893] {Default Queue} wl_registry#2.global(64, "ext_foreign_toplevel_image_capture_source_manager_v1", 1)
[19:14:25.911895] {Default Queue} wl_registry#2.global(65, "ext_image_copy_capture_manager_v1", 1)
[19:14:25.911897] {Default Queue} wl_registry#2.global(66, "wp_color_manager_v1", 3)
[19:14:25.911899] {Default Queue} wl_registry#2.global(67, "wl_drm", 2)
[19:14:25.911901] {Default Queue} wl_registry#2.global(68, "zwp_linux_dmabuf_v1", 5)
[19:14:25.911903] {Default Queue} wl_registry#2.global(69, "wl_output", 4)
[19:14:25.911905] {Default Queue}  -> wl_registry#2.bind(69, "wl_output", 2, new id [unknown]#19)
[19:14:25.911943] {Default Queue}  -> zxdg_output_manager_v1#8.get_xdg_output(new id zxdg_output_v1#20, wl_output#19)
[19:14:25.911948] {Default Queue}  -> wl_display#1.sync(new id wl_callback#21)
[19:14:25.911950] {Default Queue} wl_callback#3.done(11)
[19:14:25.911989] {Default Queue}  -> wl_shm#7.create_pool(new id wl_shm_pool#3, fd 11, 2304)
[19:14:25.912069] {Default Queue}  -> wl_shm_pool#3.resize(6912)
[19:14:25.912118] {Default Queue}  -> wl_shm_pool#3.resize(16128)
[19:14:25.912195] {Default Queue}  -> wl_shm_pool#3.resize(34560)
[19:14:25.912344] {Default Queue}  -> wl_shm_pool#3.resize(71424)
[19:14:25.912622] {Default Queue}  -> wl_shm_pool#3.resize(145152)
[19:14:25.913634] {Default Queue}  -> wl_shm_pool#3.resize(292608)
[19:14:25.914813] {Default Queue}  -> wl_shm_pool#3.resize(587520)
[19:14:25.919238] {Default Queue}  -> wl_registry#2.bind(1, "wl_seat", 5, new id [unknown]#22)
[19:14:25.920776] {Default Queue}  -> wl_compositor#5.create_surface(new id wl_surface#23)
[19:14:25.920787] {Default Queue}  -> zwp_primary_selection_device_manager_v1#16.get_device(new id zwp_primary_selection_device_v1#24, wl_seat#22)
[19:14:25.920791] {Default Queue}  -> wl_data_device_manager#4.get_data_device(new id wl_data_device#25, wl_seat#22)
[19:14:25.920835] {Default Queue}  -> wl_compositor#5.create_surface(new id wl_surface#26)
[19:14:25.920838] {Default Queue}  -> zwp_tablet_manager_v2#15.get_tablet_seat(new id zwp_tablet_seat_v2#27, wl_seat#22)
[19:14:25.920842] {Default Queue}  -> wl_display#1.sync(new id wl_callback#28)
[19:14:25.921170] {Display Queue} wl_display#1.delete_id(9)
[19:14:25.921174] {Display Queue} wl_display#1.delete_id(21)
[19:14:25.921176] {Display Queue} wl_display#1.delete_id(28)
[19:14:25.921178] {Default Queue} wl_shm#7.format(0)
[19:14:25.921180] {Default Queue} wl_shm#7.format(1)
[19:14:25.921181] {Default Queue} wl_shm#7.format(875709016)
[19:14:25.921183] {Default Queue} wl_shm#7.format(875708993)
[19:14:25.921184] {Default Queue} wl_shm#7.format(808669784)
[19:14:25.921186] {Default Queue} wl_shm#7.format(808669761)
[19:14:25.921188] {Default Queue} wl_shm#7.format(808665688)
[19:14:25.921189] {Default Queue} wl_shm#7.format(808665665)
[19:14:25.921191] {Default Queue} wl_callback#9.done(11)
[19:14:25.921193] {Default Queue} org_kde_kwin_server_decoration_manager#14.default_mode(2)
[19:14:25.921196] {Default Queue} wl_output#19.scale(1)
[19:14:25.921198] {Default Queue} wl_output#19.mode(1, 800, 600, 60000)
[19:14:25.921201] {Default Queue} wl_output#19.geometry(0, 0, 0, 0, 1, "", "", 0)
[19:14:25.921205] {Default Queue} wl_output#19.done()
[19:14:25.921211] {Default Queue} zxdg_output_v1#20.name("WAYLAND-1")
[19:14:25.921213] {Default Queue} zxdg_output_v1#20.logical_position(0, 0)
[19:14:25.921215] {Default Queue} zxdg_output_v1#20.logical_size(800, 600)
[19:14:25.921217] {Default Queue} wl_output#19.done()
[19:14:25.921219] {Default Queue} wl_callback#21.done(11)
[19:14:25.921221] {Default Queue} wl_seat#22.name("Hyprland")
[19:14:25.921223] {Default Queue} wl_seat#22.capabilities(3)
[19:14:25.921225] {Default Queue}  -> wl_seat#22.get_pointer(new id wl_pointer#21)
[19:14:25.921230] {Default Queue}  -> zwp_pointer_gestures_v1#11.get_swipe_gesture(new id zwp_pointer_gesture_swipe_v1#9, wl_pointer#21)
[19:14:25.921234] {Default Queue}  -> zwp_pointer_gestures_v1#11.get_pinch_gesture(new id zwp_pointer_gesture_pinch_v1#29, wl_pointer#21)
[19:14:25.921237] {Default Queue}  -> wp_cursor_shape_manager_v1#10.get_pointer(new id wp_cursor_shape_device_v1#30, wl_pointer#21)
[19:14:25.921241] {Default Queue}  -> wl_seat#22.get_keyboard(new id wl_keyboard#31)
[19:14:25.921245] {Default Queue} wl_callback#28.done(11)
[19:14:25.921249] {Default Queue}  -> wl_registry#2.bind(37, "xdg_wm_base", 6, new id [unknown]#28)
[19:14:25.937067] {Default Queue}  -> wl_display#1.get_registry(new id wl_registry#32)
[19:14:25.937080] {Default Queue}  -> wl_display#1.sync(new id wl_callback#33)
[19:14:25.937193] {Display Queue} wl_display#1.delete_id(33)
[19:14:25.937197] {Default Queue} wl_keyboard#31.keymap(1, fd 4, 35572)
[19:14:25.937974] {Default Queue} wl_keyboard#31.repeat_info(25, 600)
[19:14:25.937986] {Default Queue} wl_registry#32.global(1, "wl_seat", 9)
[19:14:25.937994] {Default Queue} wl_registry#32.global(2, "wl_data_device_manager", 3)
[19:14:25.937997] {Default Queue} wl_registry#32.global(3, "wl_compositor", 6)
[19:14:25.937999] {Default Queue} wl_registry#32.global(4, "wl_subcompositor", 1)
[19:14:25.938001] {Default Queue} wl_registry#32.global(5, "wl_shm", 2)
[19:14:25.938002] {Default Queue} wl_registry#32.global(6, "wp_viewporter", 1)
[19:14:25.938004] {Default Queue} wl_registry#32.global(7, "wp_tearing_control_manager_v1", 1)
[19:14:25.938006] {Default Queue} wl_registry#32.global(8, "wp_fractional_scale_manager_v1", 1)
[19:14:25.938008] {Default Queue} wl_registry#32.global(9, "zxdg_output_manager_v1", 3)
[19:14:25.938010] {Default Queue} wl_registry#32.global(10, "wp_cursor_shape_manager_v1", 2)
[19:14:25.938012] {Default Queue} wl_registry#32.global(11, "zwp_idle_inhibit_manager_v1", 1)
[19:14:25.938014] {Default Queue} wl_registry#32.global(12, "zwp_relative_pointer_manager_v1", 1)
[19:14:25.938016] {Default Queue} wl_registry#32.global(13, "zxdg_decoration_manager_v1", 2)
[19:14:25.938018] {Default Queue} wl_registry#32.global(14, "wp_alpha_modifier_v1", 1)
[19:14:25.938020] {Default Queue} wl_registry#32.global(15, "zwlr_gamma_control_manager_v1", 1)
[19:14:25.938022] {Default Queue} wl_registry#32.global(16, "ext_foreign_toplevel_list_v1", 1)
[19:14:25.938023] {Default Queue} wl_registry#32.global(17, "zwp_pointer_gestures_v1", 3)
[19:14:25.938025] {Default Queue} wl_registry#32.global(18, "zwlr_foreign_toplevel_manager_v1", 3)
[19:14:25.938027] {Default Queue} wl_registry#32.global(19, "zwp_keyboard_shortcuts_inhibit_manager_v1", 1)
[19:14:25.938029] {Default Queue} wl_registry#32.global(20, "zwp_text_input_manager_v1", 1)
[19:14:25.938031] {Default Queue} wl_registry#32.global(21, "zwp_text_input_manager_v3", 1)
[19:14:25.938032] {Default Queue} wl_registry#32.global(22, "zwp_pointer_constraints_v1", 1)
[19:14:25.938034] {Default Queue} wl_registry#32.global(23, "zwlr_output_power_manager_v1", 1)
[19:14:25.938036] {Default Queue} wl_registry#32.global(24, "xdg_activation_v1", 1)
[19:14:25.938038] {Default Queue} wl_registry#32.global(25, "ext_idle_notifier_v1", 2)
[19:14:25.938040] {Default Queue} wl_registry#32.global(26, "hyprland_lock_notifier_v1", 1)
[19:14:25.938041] {Default Queue} wl_registry#32.global(27, "ext_session_lock_manager_v1", 1)
[19:14:25.938043] {Default Queue} wl_registry#32.global(28, "zwp_input_method_manager_v2", 1)
[19:14:25.938045] {Default Queue} wl_registry#32.global(29, "zwp_virtual_keyboard_manager_v1", 1)
[19:14:25.938047] {Default Queue} wl_registry#32.global(30, "zwlr_virtual_pointer_manager_v1", 2)
[19:14:25.938048] {Default Queue} wl_registry#32.global(31, "zwlr_output_manager_v1", 4)
[19:14:25.938050] {Default Queue} wl_registry#32.global(32, "org_kde_kwin_server_decoration_manager", 1)
[19:14:25.938052] {Default Queue} wl_registry#32.global(33, "hyprland_focus_grab_manager_v1", 1)
[19:14:25.938054] {Default Queue} wl_registry#32.global(34, "zwp_tablet_manager_v2", 1)
[19:14:25.938055] {Default Queue} wl_registry#32.global(35, "zwlr_layer_shell_v1", 5)
[19:14:25.938057] {Default Queue}  -> wl_registry#32.bind(35, "zwlr_layer_shell_v1", 4, new id [unknown]#34)
[19:14:25.938060] {Default Queue} wl_registry#32.global(36, "wp_presentation", 2)
[19:14:25.938062] {Default Queue} wl_registry#32.global(37, "xdg_wm_base", 7)
[19:14:25.938064] {Default Queue}  -> wl_registry#32.bind(37, "xdg_wm_base", 7, new id [unknown]#35)
[19:14:25.938066] {Default Queue} wl_registry#32.global(38, "zwlr_data_control_manager_v1", 2)
[19:14:25.938068] {Default Queue} wl_registry#32.global(39, "zwp_primary_selection_device_manager_v1", 1)
[19:14:25.938070] {Default Queue} wl_registry#32.global(40, "xwayland_shell_v1", 1)
[19:14:25.938071] {Default Queue} wl_registry#32.global(41, "hyprland_toplevel_mapping_manager_v1", 1)
[19:14:25.938073] {Default Queue} wl_registry#32.global(42, "hyprland_global_shortcuts_manager_v1", 1)
[19:14:25.938078] {Default Queue} wl_registry#32.global(43, "xdg_wm_dialog_v1", 1)
[19:14:25.938081] {Default Queue} wl_registry#32.global(44, "wp_single_pixel_buffer_manager_v1", 1)
[19:14:25.938082] {Default Queue} wl_registry#32.global(45, "wp_security_context_manager_v1", 1)
[19:14:25.938084] {Default Queue} wl_registry#32.global(46, "hyprland_ctm_control_manager_v1", 2)
[19:14:25.938086] {Default Queue} wl_registry#32.global(47, "hyprland_input_capture_manager_v1", 1)
[19:14:25.938088] {Default Queue} wl_registry#32.global(48, "hyprland_surface_manager_v1", 2)
[19:14:25.938089] {Default Queue} wl_registry#32.global(49, "wp_content_type_manager_v1", 1)
[19:14:25.938091] {Default Queue} wl_registry#32.global(50, "xdg_toplevel_tag_manager_v1", 1)
[19:14:25.938093] {Default Queue} wl_registry#32.global(51, "xdg_system_bell_v1", 1)
[19:14:25.938094] {Default Queue} wl_registry#32.global(52, "vicinae_hotkey_manager_v1", 1)
[19:14:25.938096] {Default Queue} wl_registry#32.global(53, "ext_workspace_manager_v1", 1)
[19:14:25.938098] {Default Queue} wl_registry#32.global(54, "ext_data_control_manager_v1", 1)
[19:14:25.938099] {Default Queue} wl_registry#32.global(55, "wp_pointer_warp_v1", 1)
[19:14:25.938101] {Default Queue} wl_registry#32.global(56, "wp_fifo_manager_v1", 1)
[19:14:25.938103] {Default Queue} wl_registry#32.global(57, "zxdg_exporter_v2", 1)
[19:14:25.938105] {Default Queue} wl_registry#32.global(58, "zxdg_importer_v2", 1)
[19:14:25.938106] {Default Queue} wl_registry#32.global(59, "ext_background_effect_manager_v1", 1)
[19:14:25.938108] {Default Queue} wl_registry#32.global(60, "wp_commit_timing_manager_v1", 1)
[19:14:25.938110] {Default Queue} wl_registry#32.global(61, "zwlr_screencopy_manager_v1", 3)
[19:14:25.938112] {Default Queue} wl_registry#32.global(62, "hyprland_toplevel_export_manager_v1", 2)
[19:14:25.938113] {Default Queue} wl_registry#32.global(63, "ext_output_image_capture_source_manager_v1", 1)
[19:14:25.938115] {Default Queue} wl_registry#32.global(64, "ext_foreign_toplevel_image_capture_source_manager_v1", 1)
[19:14:25.938117] {Default Queue} wl_registry#32.global(65, "ext_image_copy_capture_manager_v1", 1)
[19:14:25.938119] {Default Queue} wl_registry#32.global(66, "wp_color_manager_v1", 3)
[19:14:25.938120] {Default Queue} wl_registry#32.global(67, "wl_drm", 2)
[19:14:25.938122] {Default Queue} wl_registry#32.global(68, "zwp_linux_dmabuf_v1", 5)
[19:14:25.938124] {Default Queue} wl_registry#32.global(69, "wl_output", 4)
[19:14:25.938126] {Default Queue} wl_callback#33.done(11)
[19:14:25.965594] {Default Queue}  -> wl_compositor#5.create_surface(new id wl_surface#33)
[19:14:25.965906] {mesa egl display queue}  -> wl_display#1.get_registry(new id wl_registry#36)
[19:14:25.965912] {mesa egl display queue}  -> wl_display#1.sync(new id wl_callback#37)
[19:14:25.966031] {Display Queue} wl_display#1.delete_id(37)
[19:14:25.966035] {mesa egl display queue} wl_registry#36.global(1, "wl_seat", 9)
[19:14:25.966038] {mesa egl display queue} wl_registry#36.global(2, "wl_data_device_manager", 3)
[19:14:25.966040] {mesa egl display queue} wl_registry#36.global(3, "wl_compositor", 6)
[19:14:25.966042] {mesa egl display queue} wl_registry#36.global(4, "wl_subcompositor", 1)
[19:14:25.966044] {mesa egl display queue} wl_registry#36.global(5, "wl_shm", 2)
[19:14:25.966046] {mesa egl display queue} wl_registry#36.global(6, "wp_viewporter", 1)
[19:14:25.966048] {mesa egl display queue} wl_registry#36.global(7, "wp_tearing_control_manager_v1", 1)
[19:14:25.966050] {mesa egl display queue} wl_registry#36.global(8, "wp_fractional_scale_manager_v1", 1)
[19:14:25.966052] {mesa egl display queue} wl_registry#36.global(9, "zxdg_output_manager_v1", 3)
[19:14:25.966053] {mesa egl display queue} wl_registry#36.global(10, "wp_cursor_shape_manager_v1", 2)
[19:14:25.966055] {mesa egl display queue} wl_registry#36.global(11, "zwp_idle_inhibit_manager_v1", 1)
[19:14:25.966057] {mesa egl display queue} wl_registry#36.global(12, "zwp_relative_pointer_manager_v1", 1)
[19:14:25.966059] {mesa egl display queue} wl_registry#36.global(13, "zxdg_decoration_manager_v1", 2)
[19:14:25.966065] {mesa egl display queue} wl_registry#36.global(14, "wp_alpha_modifier_v1", 1)
[19:14:25.966073] {mesa egl display queue} wl_registry#36.global(15, "zwlr_gamma_control_manager_v1", 1)
[19:14:25.966075] {mesa egl display queue} wl_registry#36.global(16, "ext_foreign_toplevel_list_v1", 1)
[19:14:25.966076] {mesa egl display queue} wl_registry#36.global(17, "zwp_pointer_gestures_v1", 3)
[19:14:25.966078] {mesa egl display queue} wl_registry#36.global(18, "zwlr_foreign_toplevel_manager_v1", 3)
[19:14:25.966080] {mesa egl display queue} wl_registry#36.global(19, "zwp_keyboard_shortcuts_inhibit_manager_v1", 1)
[19:14:25.966082] {mesa egl display queue} wl_registry#36.global(20, "zwp_text_input_manager_v1", 1)
[19:14:25.966084] {mesa egl display queue} wl_registry#36.global(21, "zwp_text_input_manager_v3", 1)
[19:14:25.966086] {mesa egl display queue} wl_registry#36.global(22, "zwp_pointer_constraints_v1", 1)
[19:14:25.966088] {mesa egl display queue} wl_registry#36.global(23, "zwlr_output_power_manager_v1", 1)
[19:14:25.966089] {mesa egl display queue} wl_registry#36.global(24, "xdg_activation_v1", 1)
[19:14:25.966091] {mesa egl display queue} wl_registry#36.global(25, "ext_idle_notifier_v1", 2)
[19:14:25.966093] {mesa egl display queue} wl_registry#36.global(26, "hyprland_lock_notifier_v1", 1)
[19:14:25.966095] {mesa egl display queue} wl_registry#36.global(27, "ext_session_lock_manager_v1", 1)
[19:14:25.966097] {mesa egl display queue} wl_registry#36.global(28, "zwp_input_method_manager_v2", 1)
[19:14:25.966098] {mesa egl display queue} wl_registry#36.global(29, "zwp_virtual_keyboard_manager_v1", 1)
[19:14:25.966100] {mesa egl display queue} wl_registry#36.global(30, "zwlr_virtual_pointer_manager_v1", 2)
[19:14:25.966102] {mesa egl display queue} wl_registry#36.global(31, "zwlr_output_manager_v1", 4)
[19:14:25.966104] {mesa egl display queue} wl_registry#36.global(32, "org_kde_kwin_server_decoration_manager", 1)
[19:14:25.966105] {mesa egl display queue} wl_registry#36.global(33, "hyprland_focus_grab_manager_v1", 1)
[19:14:25.966107] {mesa egl display queue} wl_registry#36.global(34, "zwp_tablet_manager_v2", 1)
[19:14:25.966109] {mesa egl display queue} wl_registry#36.global(35, "zwlr_layer_shell_v1", 5)
[19:14:25.966111] {mesa egl display queue} wl_registry#36.global(36, "wp_presentation", 2)
[19:14:25.966113] {mesa egl display queue}  -> wl_registry#36.bind(36, "wp_presentation", 1, new id [unknown]#38)
[19:14:25.966116] {mesa egl display queue} wl_registry#36.global(37, "xdg_wm_base", 7)
[19:14:25.966118] {mesa egl display queue} wl_registry#36.global(38, "zwlr_data_control_manager_v1", 2)
[19:14:25.966120] {mesa egl display queue} wl_registry#36.global(39, "zwp_primary_selection_device_manager_v1", 1)
[19:14:25.966122] {mesa egl display queue} wl_registry#36.global(40, "xwayland_shell_v1", 1)
[19:14:25.966124] {mesa egl display queue} wl_registry#36.global(41, "hyprland_toplevel_mapping_manager_v1", 1)
[19:14:25.966126] {mesa egl display queue} wl_registry#36.global(42, "hyprland_global_shortcuts_manager_v1", 1)
[19:14:25.966128] {mesa egl display queue} wl_registry#36.global(43, "xdg_wm_dialog_v1", 1)
[19:14:25.966129] {mesa egl display queue} wl_registry#36.global(44, "wp_single_pixel_buffer_manager_v1", 1)
[19:14:25.966131] {mesa egl display queue} wl_registry#36.global(45, "wp_security_context_manager_v1", 1)
[19:14:25.966133] {mesa egl display queue} wl_registry#36.global(46, "hyprland_ctm_control_manager_v1", 2)
[19:14:25.966135] {mesa egl display queue} wl_registry#36.global(47, "hyprland_input_capture_manager_v1", 1)
[19:14:25.966137] {mesa egl display queue} wl_registry#36.global(48, "hyprland_surface_manager_v1", 2)
[19:14:25.966138] {mesa egl display queue} wl_registry#36.global(49, "wp_content_type_manager_v1", 1)
[19:14:25.966140] {mesa egl display queue} wl_registry#36.global(50, "xdg_toplevel_tag_manager_v1", 1)
[19:14:25.966142] {mesa egl display queue} wl_registry#36.global(51, "xdg_system_bell_v1", 1)
[19:14:25.966146] {mesa egl display queue} wl_registry#36.global(52, "vicinae_hotkey_manager_v1", 1)
[19:14:25.966149] {mesa egl display queue} wl_registry#36.global(53, "ext_workspace_manager_v1", 1)
[19:14:25.966151] {mesa egl display queue} wl_registry#36.global(54, "ext_data_control_manager_v1", 1)
[19:14:25.966152] {mesa egl display queue} wl_registry#36.global(55, "wp_pointer_warp_v1", 1)
[19:14:25.966154] {mesa egl display queue} wl_registry#36.global(56, "wp_fifo_manager_v1", 1)
[19:14:25.966156] {mesa egl display queue} wl_registry#36.global(57, "zxdg_exporter_v2", 1)
[19:14:25.966158] {mesa egl display queue} wl_registry#36.global(58, "zxdg_importer_v2", 1)
[19:14:25.966160] {mesa egl display queue} wl_registry#36.global(59, "ext_background_effect_manager_v1", 1)
[19:14:25.966161] {mesa egl display queue} wl_registry#36.global(60, "wp_commit_timing_manager_v1", 1)
[19:14:25.966163] {mesa egl display queue} wl_registry#36.global(61, "zwlr_screencopy_manager_v1", 3)
[19:14:25.966165] {mesa egl display queue} wl_registry#36.global(62, "hyprland_toplevel_export_manager_v1", 2)
[19:14:25.966167] {mesa egl display queue} wl_registry#36.global(63, "ext_output_image_capture_source_manager_v1", 1)
[19:14:25.966169] {mesa egl display queue} wl_registry#36.global(64, "ext_foreign_toplevel_image_capture_source_manager_v1", 1)
[19:14:25.966171] {mesa egl display queue} wl_registry#36.global(65, "ext_image_copy_capture_manager_v1", 1)
[19:14:25.966173] {mesa egl display queue} wl_registry#36.global(66, "wp_color_manager_v1", 3)
[19:14:25.966175] {mesa egl display queue} wl_registry#36.global(67, "wl_drm", 2)
[19:14:25.966177] {mesa egl display queue} wl_registry#36.global(68, "zwp_linux_dmabuf_v1", 5)
[19:14:25.966179] {mesa egl display queue}  -> wl_registry#36.bind(68, "zwp_linux_dmabuf_v1", 4, new id [unknown]#39)
[19:14:25.966181] {mesa egl display queue} wl_registry#36.global(69, "wl_output", 4)
[19:14:25.966183] {mesa egl display queue} wl_callback#37.done(11)
[19:14:25.966185] {mesa egl display queue}  -> zwp_linux_dmabuf_v1#39.get_default_feedback(new id zwp_linux_dmabuf_feedback_v1#37)
[19:14:25.966189] {mesa egl display queue}  -> wl_display#1.sync(new id wl_callback#40)
[19:14:25.966221] {Display Queue} wl_display#1.delete_id(40)
[19:14:25.966224] {mesa egl display queue} wp_presentation#38.clock_id(1)
[19:14:25.966225] {mesa egl display queue} zwp_linux_dmabuf_feedback_v1#37.format_table(fd 12, 2960)
[19:14:25.966237] {mesa egl display queue} zwp_linux_dmabuf_feedback_v1#37.main_device(array[8])
[19:14:25.966488] {mesa egl display queue} zwp_linux_dmabuf_feedback_v1#37.tranche_target_device(array[8])
[19:14:25.966490] {mesa egl display queue} zwp_linux_dmabuf_feedback_v1#37.tranche_flags(0)
[19:14:25.966492] {mesa egl display queue} zwp_linux_dmabuf_feedback_v1#37.tranche_formats(array[370])
[19:14:25.966499] {mesa egl display queue} zwp_linux_dmabuf_feedback_v1#37.tranche_done()
[19:14:25.966501] {mesa egl display queue} zwp_linux_dmabuf_feedback_v1#37.done()
[19:14:25.966503] {mesa egl display queue} wl_callback#40.done(11)
[19:14:25.966505] {mesa egl display queue}  -> zwp_linux_dmabuf_feedback_v1#37.destroy()
[19:14:25.979819] {Default Queue}  -> wl_surface#33.destroy()
[19:14:25.979917] {Default Queue}  -> wl_compositor#5.create_surface(new id wl_surface#40)
[19:14:25.983410] {Default Queue}  -> wl_surface#40.destroy()
view-process-policy: related=1 distinct-manager=1
view-process-policy: related=1 distinct-manager=1
[19:14:26.001027] {Default Queue}  -> wl_compositor#5.create_surface(new id wl_surface#41)
[19:14:26.001691] {Default Queue}  -> wl_display#1.get_registry(new id wl_registry#42)
[19:14:26.001764] {Default Queue}  -> wl_surface#41.attach(nil, 0, 0)
[19:14:26.001770] {Default Queue}  -> zwlr_layer_shell_v1#34.get_layer_surface(new id zwlr_layer_surface_v1#43, wl_surface#41, wl_output#19, 2, "elm-shell-recovery-v17")
[19:14:26.001775] {Default Queue}  -> zwlr_layer_surface_v1#43.set_keyboard_interactivity(0)
[19:14:26.001778] {Default Queue}  -> zwlr_layer_surface_v1#43.set_exclusive_zone(48)
[19:14:26.001784] {Default Queue}  -> zwlr_layer_surface_v1#43.set_anchor(13)
[19:14:26.001794] {Default Queue}  -> zwlr_layer_surface_v1#43.set_margin(0, 0, 0, 0)
[19:14:26.001796] {Default Queue}  -> zwlr_layer_surface_v1#43.set_size(0, 48)
[19:14:26.001800] {Default Queue}  -> wl_surface#41.commit()
[19:14:26.001803] {Default Queue}  -> wl_display#1.sync(new id wl_callback#44)
[19:14:26.002102] {Display Queue} wl_display#1.delete_id(37)
[19:14:26.002106] {Display Queue} wl_display#1.delete_id(33)
[19:14:26.002108] {Display Queue} wl_display#1.delete_id(40)
[19:14:26.002110] {Display Queue} wl_display#1.delete_id(44)
[19:14:26.002112] {Default Queue} wl_registry#42.global(1, "wl_seat", 9)
[19:14:26.002115] {Default Queue} wl_registry#42.global(2, "wl_data_device_manager", 3)
[19:14:26.002117] {Default Queue} wl_registry#42.global(3, "wl_compositor", 6)
[19:14:26.002119] {Default Queue} wl_registry#42.global(4, "wl_subcompositor", 1)
[19:14:26.002121] {Default Queue} wl_registry#42.global(5, "wl_shm", 2)
[19:14:26.002123] {Default Queue} wl_registry#42.global(6, "wp_viewporter", 1)
[19:14:26.002125] {Default Queue} wl_registry#42.global(7, "wp_tearing_control_manager_v1", 1)
[19:14:26.002127] {Default Queue} wl_registry#42.global(8, "wp_fractional_scale_manager_v1", 1)
[19:14:26.002129] {Default Queue} wl_registry#42.global(9, "zxdg_output_manager_v1", 3)
[19:14:26.002131] {Default Queue} wl_registry#42.global(10, "wp_cursor_shape_manager_v1", 2)
[19:14:26.002133] {Default Queue} wl_registry#42.global(11, "zwp_idle_inhibit_manager_v1", 1)
[19:14:26.002135] {Default Queue} wl_registry#42.global(12, "zwp_relative_pointer_manager_v1", 1)
[19:14:26.002137] {Default Queue} wl_registry#42.global(13, "zxdg_decoration_manager_v1", 2)
[19:14:26.002139] {Default Queue} wl_registry#42.global(14, "wp_alpha_modifier_v1", 1)
[19:14:26.002141] {Default Queue} wl_registry#42.global(15, "zwlr_gamma_control_manager_v1", 1)
[19:14:26.002143] {Default Queue} wl_registry#42.global(16, "ext_foreign_toplevel_list_v1", 1)
[19:14:26.002145] {Default Queue} wl_registry#42.global(17, "zwp_pointer_gestures_v1", 3)
[19:14:26.002147] {Default Queue} wl_registry#42.global(18, "zwlr_foreign_toplevel_manager_v1", 3)
[19:14:26.002149] {Default Queue} wl_registry#42.global(19, "zwp_keyboard_shortcuts_inhibit_manager_v1", 1)
[19:14:26.002151] {Default Queue} wl_registry#42.global(20, "zwp_text_input_manager_v1", 1)
[19:14:26.002153] {Default Queue} wl_registry#42.global(21, "zwp_text_input_manager_v3", 1)
[19:14:26.002155] {Default Queue}  -> wl_registry#42.bind(21, "zwp_text_input_manager_v3", 1, new id [unknown]#40)
[19:14:26.002158] {Default Queue}  -> zwp_text_input_manager_v3#40.get_text_input(new id zwp_text_input_v3#33, wl_seat#22)
[19:14:26.002160] {Default Queue} wl_registry#42.global(22, "zwp_pointer_constraints_v1", 1)
[19:14:26.002162] {Default Queue} wl_registry#42.global(23, "zwlr_output_power_manager_v1", 1)
[19:14:26.002164] {Default Queue} wl_registry#42.global(24, "xdg_activation_v1", 1)
[19:14:26.002166] {Default Queue} wl_registry#42.global(25, "ext_idle_notifier_v1", 2)
[19:14:26.002168] {Default Queue} wl_registry#42.global(26, "hyprland_lock_notifier_v1", 1)
[19:14:26.002171] {Default Queue} wl_registry#42.global(27, "ext_session_lock_manager_v1", 1)
[19:14:26.002173] {Default Queue} wl_registry#42.global(28, "zwp_input_method_manager_v2", 1)
[19:14:26.002175] {Default Queue} wl_registry#42.global(29, "zwp_virtual_keyboard_manager_v1", 1)
[19:14:26.002177] {Default Queue} wl_registry#42.global(30, "zwlr_virtual_pointer_manager_v1", 2)
[19:14:26.002179] {Default Queue} wl_registry#42.global(31, "zwlr_output_manager_v1", 4)
[19:14:26.002181] {Default Queue} wl_registry#42.global(32, "org_kde_kwin_server_decoration_manager", 1)
[19:14:26.002184] {Default Queue} wl_registry#42.global(33, "hyprland_focus_grab_manager_v1", 1)
[19:14:26.002186] {Default Queue} wl_registry#42.global(34, "zwp_tablet_manager_v2", 1)
[19:14:26.002188] {Default Queue} wl_registry#42.global(35, "zwlr_layer_shell_v1", 5)
[19:14:26.002190] {Default Queue} wl_registry#42.global(36, "wp_presentation", 2)
[19:14:26.002195] {Default Queue} wl_registry#42.global(37, "xdg_wm_base", 7)
[19:14:26.002199] {Default Queue} wl_registry#42.global(38, "zwlr_data_control_manager_v1", 2)
[19:14:26.002201] {Default Queue} wl_registry#42.global(39, "zwp_primary_selection_device_manager_v1", 1)
[19:14:26.002203] {Default Queue} wl_registry#42.global(40, "xwayland_shell_v1", 1)
[19:14:26.002205] {Default Queue} wl_registry#42.global(41, "hyprland_toplevel_mapping_manager_v1", 1)
[19:14:26.002207] {Default Queue} wl_registry#42.global(42, "hyprland_global_shortcuts_manager_v1", 1)
[19:14:26.002210] {Default Queue} wl_registry#42.global(43, "xdg_wm_dialog_v1", 1)
[19:14:26.002211] {Default Queue} wl_registry#42.global(44, "wp_single_pixel_buffer_manager_v1", 1)
[19:14:26.002214] {Default Queue} wl_registry#42.global(45, "wp_security_context_manager_v1", 1)
[19:14:26.002216] {Default Queue} wl_registry#42.global(46, "hyprland_ctm_control_manager_v1", 2)
[19:14:26.002218] {Default Queue} wl_registry#42.global(47, "hyprland_input_capture_manager_v1", 1)
[19:14:26.002220] {Default Queue} wl_registry#42.global(48, "hyprland_surface_manager_v1", 2)
[19:14:26.002222] {Default Queue} wl_registry#42.global(49, "wp_content_type_manager_v1", 1)
[19:14:26.002224] {Default Queue} wl_registry#42.global(50, "xdg_toplevel_tag_manager_v1", 1)
[19:14:26.002226] {Default Queue} wl_registry#42.global(51, "xdg_system_bell_v1", 1)
[19:14:26.002228] {Default Queue} wl_registry#42.global(52, "vicinae_hotkey_manager_v1", 1)
[19:14:26.002230] {Default Queue} wl_registry#42.global(53, "ext_workspace_manager_v1", 1)
[19:14:26.002232] {Default Queue} wl_registry#42.global(54, "ext_data_control_manager_v1", 1)
[19:14:26.002234] {Default Queue} wl_registry#42.global(55, "wp_pointer_warp_v1", 1)
[19:14:26.002236] {Default Queue} wl_registry#42.global(56, "wp_fifo_manager_v1", 1)
[19:14:26.002238] {Default Queue} wl_registry#42.global(57, "zxdg_exporter_v2", 1)
[19:14:26.002240] {Default Queue} wl_registry#42.global(58, "zxdg_importer_v2", 1)
[19:14:26.002242] {Default Queue} wl_registry#42.global(59, "ext_background_effect_manager_v1", 1)
[19:14:26.002244] {Default Queue} wl_registry#42.global(60, "wp_commit_timing_manager_v1", 1)
[19:14:26.002246] {Default Queue} wl_registry#42.global(61, "zwlr_screencopy_manager_v1", 3)
[19:14:26.002252] {Default Queue} wl_registry#42.global(62, "hyprland_toplevel_export_manager_v1", 2)
[19:14:26.002254] {Default Queue} wl_registry#42.global(63, "ext_output_image_capture_source_manager_v1", 1)
[19:14:26.002256] {Default Queue} wl_registry#42.global(64, "ext_foreign_toplevel_image_capture_source_manager_v1", 1)
[19:14:26.002258] {Default Queue} wl_registry#42.global(65, "ext_image_copy_capture_manager_v1", 1)
[19:14:26.002260] {Default Queue} wl_registry#42.global(66, "wp_color_manager_v1", 3)
[19:14:26.002263] {Default Queue} wl_registry#42.global(67, "wl_drm", 2)
[19:14:26.002265] {Default Queue} wl_registry#42.global(68, "zwp_linux_dmabuf_v1", 5)
[19:14:26.002267] {Default Queue} wl_registry#42.global(69, "wl_output", 4)
[19:14:26.002269] {Default Queue} zwlr_layer_surface_v1#43.configure(12, 800, 48)
[19:14:26.002271] {Default Queue}  -> zwlr_layer_surface_v1#43.ack_configure(12)
[19:14:26.002274] {Default Queue} wl_callback#44.done(14)
[19:14:26.002318] {Default Queue}  -> wl_surface#41.commit()
view-added: id=1 geometry=0,0,800,600
shared-host-start: views=1 controllers=1 backend-clients=1 sandbox=1
[19:14:26.002839] {Default Queue} zwlr_layer_surface_v1#43.configure(15, 800, 48)
[19:14:26.002849] {Default Queue}  -> zwlr_layer_surface_v1#43.ack_configure(15)
[19:14:26.007453] {Default Queue}  -> wl_surface#41.set_buffer_scale(1)
[19:14:26.007534] {Default Queue}  -> wl_shm#7.create_pool(new id wl_shm_pool#44, fd 24, 153600)
[19:14:26.007543] {Default Queue}  -> wl_shm_pool#44.create_buffer(new id wl_buffer#37, 0, 800, 48, 3200, 0)
[19:14:26.007651] {Default Queue}  -> wl_surface#41.attach(wl_buffer#37, 0, 0)
[19:14:26.007656] {Default Queue}  -> wl_surface#41.set_buffer_scale(1)
[19:14:26.007658] {Default Queue}  -> wl_surface#41.damage(0, 0, 800, 48)
[19:14:26.007666] {Default Queue}  -> wl_compositor#5.create_region(new id wl_region#45)
[19:14:26.007675] {Default Queue}  -> wl_region#45.add(0, 0, 800, 48)
[19:14:26.007677] {Default Queue}  -> wl_surface#41.set_opaque_region(wl_region#45)
[19:14:26.007680] {Default Queue}  -> wl_region#45.destroy()
[19:14:26.007682] {Default Queue}  -> wl_surface#41.set_input_region(nil)
[19:14:26.007687] {Default Queue}  -> wl_surface#41.frame(new id wl_callback#46)
[19:14:26.007690] {Default Queue}  -> wl_surface#41.commit()
[19:14:26.008140] {Display Queue} wl_display#1.delete_id(45)
[19:14:26.008144] {Display Queue} wl_display#1.delete_id(46)
[19:14:26.008147] {Default Queue} wl_callback#46.done(105531943)
[19:14:26.008150] {Default Queue} wl_surface#41.enter(wl_output#19)
[19:14:26.008152] {Default Queue} wl_buffer#37.release()
[19:14:26.126166] {Default Queue}  -> wl_surface#41.set_buffer_scale(1)
[19:14:26.126186] {mesa egl surface queue}  -> zwp_linux_dmabuf_v1#39.get_surface_feedback(new id zwp_linux_dmabuf_feedback_v1#46, wl_surface#41)
[19:14:26.126194] {mesa egl display queue}  -> wl_display#1.sync(new id wl_callback#45)
[19:14:26.126227] {Display Queue} wl_display#1.delete_id(45)
[19:14:26.126230] {mesa egl display queue} wl_callback#45.done(15)
[19:14:26.126239] {mesa egl surface queue} zwp_linux_dmabuf_feedback_v1#46.format_table(fd 34, 2960)
[19:14:26.126250] {mesa egl surface queue} zwp_linux_dmabuf_feedback_v1#46.main_device(array[8])
[19:14:26.126252] {mesa egl surface queue} zwp_linux_dmabuf_feedback_v1#46.tranche_target_device(array[8])
[19:14:26.126254] {mesa egl surface queue} zwp_linux_dmabuf_feedback_v1#46.tranche_flags(0)
[19:14:26.126256] {mesa egl surface queue} zwp_linux_dmabuf_feedback_v1#46.tranche_formats(array[370])
[19:14:26.126260] {mesa egl surface queue} zwp_linux_dmabuf_feedback_v1#46.tranche_done()
[19:14:26.126263] {mesa egl surface queue} zwp_linux_dmabuf_feedback_v1#46.done()
[19:14:26.128673] {Default Queue}  -> wl_surface#41.attach(wl_buffer#37, 0, 0)
[19:14:26.128688] {Default Queue}  -> wl_surface#41.set_buffer_scale(1)
[19:14:26.128692] {Default Queue}  -> wl_surface#41.damage(0, 0, 800, 48)
[19:14:26.128709] {Default Queue}  -> wl_surface#41.frame(new id wl_callback#45)
[19:14:26.128712] {Default Queue}  -> wl_surface#41.commit()
view-topology: {"viewProtocol":1,"kind":"view-topology","revision":"1","views":[{"id":"1","generation":"1"}]}
[19:14:26.131996] {Default Queue} wl_buffer#37.release()

** (process:2): WARNING **: 13:14:26.133: Failed to get atspi registered event listeners: GDBus.Error:org.freedesktop.DBus.Error.NameHasNoOwner: Could not activate remote peer 'org.a11y.atspi.Registry': unit failed

surface-report: origin=bar {"kind":"surface-report","body":{"publication":null,"lease":null,"buttons":[],"focus":"","text":""}}
view-report: id=1 x=0 y=0 {"kind":"surface-report","body":{"publication":null,"lease":null,"buttons":[],"focus":"","text":""}}
surface-commit: publication=3 lease=0 open=0
view-commit: popup=0 focus=1 publication=3
surface-inspection: {"surfaceProtocol":2,"kind":"surface-inspection","publication":"3","lease":"0","body":{"phase":"Detached","transaction":"Idle","groups":[],"menu":null,"mode":"closed","outstanding":0,"registry":0,"picker":null,"openerId":"applications:detached:2:control:opener","reconnectId":"reconnect"}}
[19:14:26.142438] {Display Queue} wl_display#1.delete_id(45)
[19:14:26.142449] {Default Queue} wl_callback#45.done(105532077)
[19:14:26.142491] {Default Queue}  -> wl_buffer#37.destroy()
[19:14:26.142496] {Default Queue}  -> wl_shm_pool#44.destroy()
[19:14:26.148991] {mesa egl display queue}  -> zwp_linux_dmabuf_v1#39.create_params(new id zwp_linux_buffer_params_v1#45)
[19:14:26.149015] {mesa egl surface queue}  -> zwp_linux_buffer_params_v1#45.add(fd 29, 0, 0, 3584, 16777216, 15)
[19:14:26.149022] {mesa egl surface queue}  -> zwp_linux_buffer_params_v1#45.add(fd 31, 1, 229376, 448, 16777216, 15)
[19:14:26.149026] {mesa egl surface queue}  -> zwp_linux_buffer_params_v1#45.add(fd 40, 2, 233472, 64, 16777216, 15)
[19:14:26.149036] {mesa egl surface queue}  -> zwp_linux_buffer_params_v1#45.create_immed(new id wl_buffer#47, 800, 48, 875713089, 0)
[19:14:26.149050] {mesa egl surface queue}  -> zwp_linux_buffer_params_v1#45.destroy()
[19:14:26.149054] {mesa egl surface queue}  -> wl_surface#41.attach(wl_buffer#47, 0, 0)
[19:14:26.149057] {mesa egl surface queue}  -> wl_surface#41.damage(0, 0, 2147483647, 2147483647)
[19:14:26.149059] {mesa egl surface queue}  -> wl_surface#41.commit()
[19:14:26.149062] {mesa egl surface queue}  -> wl_display#1.sync(new id wl_callback#48)
[19:14:26.149233] discarded [unknown]#37.[event 0](0 fd, 8 byte)
[19:14:26.149241] {Display Queue} wl_display#1.delete_id(37)
[19:14:26.149244] {Display Queue} wl_display#1.delete_id(44)
[19:14:26.149250] {Display Queue} wl_display#1.delete_id(45)
[19:14:26.149253] {Display Queue} wl_display#1.delete_id(48)
surface-report: origin=bar {"kind":"surface-report","body":{"publication":"3","lease":"0","buttons":[{"id":"reconnect","label":"Reconnect","accessibleName":"Reconnect to the window system","disabled":true,"x":3,"y":3,"width":102.5,"height":36}],"focus":"","text":"ReconnectConnecting…"}}
view-report: id=1 x=0 y=0 {"kind":"surface-report","body":{"publication":"3","lease":"0","buttons":[{"id":"reconnect","label":"Reconnect","accessibleName":"Reconnect to the window system","disabled":true,"x":3,"y":3,"width":102.5,"height":36}],"focus":"","text":"ReconnectConnecting…"}}
[19:14:26.175129] {mesa egl surface queue} wl_callback#48.done(15)
[19:14:26.175462] {mesa egl display queue}  -> zwp_linux_dmabuf_v1#39.create_params(new id zwp_linux_buffer_params_v1#48)
[19:14:26.175479] {mesa egl surface queue}  -> zwp_linux_buffer_params_v1#48.add(fd 29, 0, 0, 3584, 16777216, 15)
[19:14:26.175485] {mesa egl surface queue}  -> zwp_linux_buffer_params_v1#48.add(fd 31, 1, 229376, 448, 16777216, 15)
[19:14:26.175489] {mesa egl surface queue}  -> zwp_linux_buffer_params_v1#48.add(fd 40, 2, 233472, 64, 16777216, 15)
[19:14:26.175492] {mesa egl surface queue}  -> zwp_linux_buffer_params_v1#48.create_immed(new id wl_buffer#45, 800, 48, 875713089, 0)
[19:14:26.175497] {mesa egl surface queue}  -> zwp_linux_buffer_params_v1#48.destroy()
[19:14:26.175500] {mesa egl surface queue}  -> wl_surface#41.attach(wl_buffer#45, 0, 0)
[19:14:26.175503] {mesa egl surface queue}  -> wl_surface#41.damage(0, 0, 2147483647, 2147483647)
[19:14:26.175505] {mesa egl surface queue}  -> wl_surface#41.commit()
[19:14:26.175508] {mesa egl surface queue}  -> wl_display#1.sync(new id wl_callback#44)
[19:14:26.175628] {Display Queue} wl_display#1.delete_id(48)
[19:14:26.175637] {Display Queue} wl_display#1.delete_id(44)
backend-frame: {"protocolVersion":3,"kind":"attached","binding":{"lifetime":"7325077382954161085","session":"10907009523672219936","frontend":"1"},"compositor":{"pid":3167037,"instance":"efb50993780079460b0cbed1363e2166a2de1d9f_1791141263_49237969","coreHash":"efb50993780079460b0cbed1363e2166a2de1d9f_aq_0.15_hu_0.14_hg_0.5_hc_0.1_hlg_0.6"},"capabilities":{"observe":true,"effects":true,"minimizedState":true,"effectProtocol":1,"operations":["minimize","restore","activate"],"canonicalScene":false,"taskbarProjectionProtocol":1,"effectInvalidationProtocol":1}}
backend-frame: {"protocolVersion":3,"kind":"host-recovery-watermarks","binding":{"lifetime":"7325077382954161085","session":"10907009523672219936","frontend":"1"},"request":"0","generation":"0"}
backend-frame: {"protocolVersion":3,"kind":"host-geometry-negotiate"}
frontend-request: {"protocolVersion":3,"kind":"projection-request","binding":{"lifetime":"7325077382954161085","session":"10907009523672219936","frontend":"1"},"requestId":"1"}
surface-commit: publication=4 lease=0 open=0
view-commit: popup=0 focus=1 publication=4
surface-inspection: {"surfaceProtocol":2,"kind":"surface-inspection","publication":"4","lease":"0","body":{"phase":"Awaiting","transaction":"Idle","groups":[],"menu":null,"mode":"closed","outstanding":0,"registry":0,"picker":null,"openerId":"applications:{\"lifetime\":\"7325077382954161085\",\"session\":\"10907009523672219936\",\"frontend\":\"1\"}:3:control:opener","reconnectId":"reconnect"}}
backend-frame: {"protocolVersion":3,"kind":"action-projection","binding":{"lifetime":"7325077382954161085","session":"10907009523672219936","frontend":"1"},"requestId":"1","context":{"lifetime":"7325077382954161085","epoch":"1","output":"1","revision":"1"},"scene":{"revision":"1","focused":"2","windows":[{"incarnation":"2","application":"GTK Application","label":"ELM-AUTHORITY-FIXTURE","minimized":false,"owner":null,"available":true},{"incarnation":"1","application":"GTK Application","label":"ELM-ACTIVATION-PEER","minimized":false,"owner":null,"available":true}]}}
surface-inspection: {"surfaceProtocol":2,"kind":"surface-inspection","publication":"4","lease":"0","body":{"phase":"Awaiting","transaction":"Idle","groups":[],"menu":null,"mode":"closed","outstanding":0,"registry":0,"picker":null,"openerId":"applications:{\"lifetime\":\"7325077382954161085\",\"session\":\"10907009523672219936\",\"frontend\":\"1\"}:3:control:opener","reconnectId":"reconnect"}}
frontend-request: {"protocolVersion":3,"kind":"geometry-attach","geometryProtocol":2,"binding":{"lifetime":"7325077382954161085","session":"10907009523672219936","frontend":"1"},"requestId":"2"}
surface-commit: publication=5 lease=0 open=0
view-commit: popup=0 focus=1 publication=5
surface-inspection: {"surfaceProtocol":2,"kind":"surface-inspection","publication":"5","lease":"0","body":{"phase":"Awaiting","transaction":"Idle","groups":[],"menu":null,"mode":"closed","outstanding":0,"registry":0,"picker":null,"openerId":"applications:{\"lifetime\":\"7325077382954161085\",\"session\":\"10907009523672219936\",\"frontend\":\"1\"}:3:control:opener","reconnectId":"reconnect"}}
surface-inspection: {"surfaceProtocol":2,"kind":"surface-inspection","publication":"5","lease":"0","body":{"phase":"Awaiting","transaction":"Idle","groups":[],"menu":null,"mode":"closed","outstanding":0,"registry":0,"picker":null,"openerId":"applications:{\"lifetime\":\"7325077382954161085\",\"session\":\"10907009523672219936\",\"frontend\":\"1\"}:3:control:opener","reconnectId":"reconnect"}}
backend-frame: {"protocolVersion":3,"kind":"geometry-attached","geometryProtocol":2,"binding":{"lifetime":"7325077382954161085","session":"10907009523672219936","frontend":"1"},"requestId":"2","capabilities":{"observe":true,"effects":true,"effectProtocol":2,"operations":["maximize","restore-geometry"],"placementCapacity":256,"canonicalScene":false}}
surface-commit: publication=6 lease=0 open=0
view-commit: popup=0 focus=1 publication=6
surface-inspection: {"surfaceProtocol":2,"kind":"surface-inspection","publication":"6","lease":"0","body":{"phase":"Coherent","transaction":"Idle","groups":[{"key":"application:GTK Application","domId":"group:{\"lifetime\":\"7325077382954161085\",\"session\":\"10907009523672219936\",\"frontend\":\"1\"}:1:1:application:GTK Application","title":"ELM-ACTIVATION-PEER","active":true,"expanded":false}],"menu":null,"mode":"closed","outstanding":0,"registry":0,"picker":null,"openerId":"applications:{\"lifetime\":\"7325077382954161085\",\"session\":\"10907009523672219936\",\"frontend\":\"1\"}:3:control:opener","reconnectId":"reconnect"}}
surface-inspection: {"surfaceProtocol":2,"kind":"surface-inspection","publication":"6","lease":"0","body":{"phase":"Coherent","transaction":"Idle","groups":[{"key":"application:GTK Application","domId":"group:{\"lifetime\":\"7325077382954161085\",\"session\":\"10907009523672219936\",\"frontend\":\"1\"}:1:1:application:GTK Application","title":"ELM-ACTIVATION-PEER","active":true,"expanded":false}],"menu":null,"mode":"closed","outstanding":0,"registry":0,"picker":null,"openerId":"applications:{\"lifetime\":\"7325077382954161085\",\"session\":\"10907009523672219936\",\"frontend\":\"1\"}:3:control:opener","reconnectId":"reconnect"}}
frontend-request: {"protocolVersion":3,"kind":"geometry-facts-request","geometryProtocol":2,"binding":{"lifetime":"7325077382954161085","session":"10907009523672219936","frontend":"1"},"requestId":"3","minimumWatermark":"0"}
surface-commit: publication=7 lease=0 open=0
view-commit: popup=0 focus=1 publication=7
surface-inspection: {"surfaceProtocol":2,"kind":"surface-inspection","publication":"7","lease":"0","body":{"phase":"Coherent","transaction":"Idle","groups":[{"key":"application:GTK Application","domId":"group:{\"lifetime\":\"7325077382954161085\",\"session\":\"10907009523672219936\",\"frontend\":\"1\"}:1:1:application:GTK Application","title":"ELM-ACTIVATION-PEER","active":true,"expanded":false}],"menu":null,"mode":"closed","outstanding":0,"registry":0,"picker":null,"openerId":"applications:{\"lifetime\":\"7325077382954161085\",\"session\":\"10907009523672219936\",\"frontend\":\"1\"}:3:control:opener","reconnectId":"reconnect"}}
surface-inspection: {"surfaceProtocol":2,"kind":"surface-inspection","publication":"7","lease":"0","body":{"phase":"Coherent","transaction":"Idle","groups":[{"key":"application:GTK Application","domId":"group:{\"lifetime\":\"7325077382954161085\",\"session\":\"10907009523672219936\",\"frontend\":\"1\"}:1:1:application:GTK Application","title":"ELM-ACTIVATION-PEER","active":true,"expanded":false}],"menu":null,"mode":"closed","outstanding":0,"registry":0,"picker":null,"openerId":"applications:{\"lifetime\":\"7325077382954161085\",\"session\":\"10907009523672219936\",\"frontend\":\"1\"}:3:control:opener","reconnectId":"reconnect"}}
backend-frame: {"protocolVersion":3,"kind":"geometry-facts","geometryProtocol":2,"binding":{"lifetime":"7325077382954161085","session":"10907009523672219936","frontend":"1"},"requestId":"3","sequence":"1","revision":"1","outputGeneration":"1","facts":{"focused":"2","inputBlocked":false,"windows":[{"incarnation":"2","owner":null,"workspace":"1","workspaceGeneration":"1","monitor":"0","outputOwnershipGeneration":"1","workAreaRevision":"1","workArea":[0,48,800,552],"logicalGeometry":[20,68,380,512],"visualGeometry":[21,69,373,510],"nativeMode":"ordinary","clientMode":"ordinary","minimized":false,"floating":false,"grouped":false,"fixedSize":false,"constrainedSize":true,"geometryEligible":false,"ordinaryPlacementKnown":false,"sizePolicy":{"inputs":{"profile":"wayland-zero-origin-v1","rawMinimum":[108,42],"rawMaximum":[0,0],"layoutMinimum":[108,42],"layoutMaximum":[1.7976931348623157e+308,1.7976931348623157e+308],"geometryOrigin":[0,0],"reservedTopLeft":[1,1],"reservedBottomRight":[1,1],"monitorScale":1},"maximize":{"logical":[0,48,800,552],"visual":null,"real":[1,49,798,550],"configure":[798,550]},"restoreGeometry":null},"capabilities":{"maximize":false,"restoreGeometry":false}},{"incarnation":"1","owner":null,"workspace":"1","workspaceGeneration":"1","monitor":"0","outputOwnershipGeneration":"1","workAreaRevision":"1","workArea":[0,48,800,552],"logicalGeometry":[400,68,380,512],"visualGeometry":[406,69,373,510],"nativeMode":"ordinary","clientMode":"ordinary","minimized":false,"floating":false,"grouped":false,"fixedSize":false,"constrainedSize":true,"geometryEligible":false,"ordinaryPlacementKnown":false,"sizePolicy":{"inputs":{"profile":"wayland-zero-origin-v1","rawMinimum":[108,124],"rawMaximum":[0,0],"layoutMinimum":[108,124],"layoutMaximum":[1.7976931348623157e+308,1.7976931348623157e+308],"geometryOrigin":[0,0],"reservedTopLeft":[1,1],"reservedBottomRight":[1,1],"monitorScale":1},"maximize":{"logical":[0,48,800,552],"visual":null,"real":[1,49,798,550],"configure":[798,550]},"restoreGeometry":null},"capabilities":{"maximize":false,"restoreGeometry":false}}]}}
surface-commit: publication=8 lease=0 open=0
view-commit: popup=0 focus=1 publication=8
surface-inspection: {"surfaceProtocol":2,"kind":"surface-inspection","publication":"8","lease":"0","body":{"phase":"Coherent","transaction":"Idle","groups":[{"key":"application:GTK Application","domId":"group:{\"lifetime\":\"7325077382954161085\",\"session\":\"10907009523672219936\",\"frontend\":\"1\"}:1:1:application:GTK Application","title":"ELM-ACTIVATION-PEER","active":true,"expanded":false}],"menu":null,"mode":"closed","outstanding":0,"registry":0,"picker":null,"openerId":"applications:{\"lifetime\":\"7325077382954161085\",\"session\":\"10907009523672219936\",\"frontend\":\"1\"}:3:control:opener","reconnectId":"reconnect"}}
[19:14:26.233430] {mesa egl surface queue} wl_callback#44.done(15)
[19:14:26.233449] {mesa egl surface queue} wl_buffer#47.release()
[19:14:26.233453] {mesa egl surface queue}  -> wl_buffer#47.destroy()
[19:14:26.233759] {mesa egl display queue}  -> zwp_linux_dmabuf_v1#39.create_params(new id zwp_linux_buffer_params_v1#44)
[19:14:26.233775] {mesa egl surface queue}  -> zwp_linux_buffer_params_v1#44.add(fd 42, 0, 0, 3584, 16777216, 15)
[19:14:26.233780] {mesa egl surface queue}  -> zwp_linux_buffer_params_v1#44.add(fd 43, 1, 229376, 448, 16777216, 15)
[19:14:26.233784] {mesa egl surface queue}  -> zwp_linux_buffer_params_v1#44.add(fd 44, 2, 233472, 64, 16777216, 15)
[19:14:26.233787] {mesa egl surface queue}  -> zwp_linux_buffer_params_v1#44.create_immed(new id wl_buffer#48, 800, 48, 875713089, 0)
[19:14:26.233791] {mesa egl surface queue}  -> zwp_linux_buffer_params_v1#44.destroy()
[19:14:26.233799] {mesa egl surface queue}  -> wl_surface#41.attach(wl_buffer#48, 0, 0)
[19:14:26.233802] {mesa egl surface queue}  -> wl_surface#41.damage(0, 0, 2147483647, 2147483647)
[19:14:26.233804] {mesa egl surface queue}  -> wl_surface#41.commit()
[19:14:26.233807] {mesa egl surface queue}  -> wl_display#1.sync(new id wl_callback#37)
[19:14:26.234154] discarded [unknown]#47.[event 0](0 fd, 8 byte)
[19:14:26.234164] discarded [unknown]#47.[event 0](0 fd, 8 byte)
[19:14:26.234174] {Display Queue} wl_display#1.delete_id(47)
[19:14:26.234178] {Display Queue} wl_display#1.delete_id(44)
[19:14:26.234180] {Display Queue} wl_display#1.delete_id(37)
surface-report: origin=bar {"kind":"surface-report","body":{"publication":"8","lease":"0","buttons":[{"id":"applications:{\"lifetime\":\"7325077382954161085\",\"session\":\"10907009523672219936\",\"frontend\":\"1\"}:3:control:opener","label":"Applications","accessibleName":"Open applications","disabled":false,"x":3,"y":3,"width":112.28125,"height":36},{"id":"group:{\"lifetime\":\"7325077382954161085\",\"session\":\"10907009523672219936\",\"frontend\":\"1\"}:1:1:application:GTK Application","label":"ELM-ACTIVATION-PEER2","accessibleName":"Choose a window from ELM-ACTIVATION-PEER","disabled":false,"x":121.28125,"y":3,"width":215.65625,"height":36}],"focus":"","text":"ApplicationsELM-ACTIVATION-PEER2Connected"}}
view-report: id=1 x=0 y=0 {"kind":"surface-report","body":{"publication":"8","lease":"0","buttons":[{"id":"applications:{\"lifetime\":\"7325077382954161085\",\"session\":\"10907009523672219936\",\"frontend\":\"1\"}:3:control:opener","label":"Applications","accessibleName":"Open applications","disabled":false,"x":3,"y":3,"width":112.28125,"height":36},{"id":"group:{\"lifetime\":\"7325077382954161085\",\"session\":\"10907009523672219936\",\"frontend\":\"1\"}:1:1:application:GTK Application","label":"ELM-ACTIVATION-PEER2","accessibleName":"Choose a window from ELM-ACTIVATION-PEER","disabled":false,"x":121.28125,"y":3,"width":215.65625,"height":36}],"focus":"","text":"ApplicationsELM-ACTIVATION-PEER2Connected"}}
[19:14:26.249785] {Default Queue} wl_pointer#21.enter(16, wl_surface#41, 229.00000000, 21.00000000)
[19:14:26.249802] {Default Queue} wl_pointer#21.frame()
[19:14:26.249857] {Default Queue}  -> wp_cursor_shape_device_v1#30.set_shape(16, 1)
[19:14:26.249863] {Default Queue} wl_pointer#21.motion(105532185, 229.00000000, 21.00000000)
[19:14:26.249866] {Default Queue} wl_pointer#21.frame()
[19:14:26.350212] {Default Queue} wl_pointer#21.button(17, 105532285, 273, 1)
[19:14:26.350227] {Default Queue} wl_pointer#21.frame()
context-input-report: {"kind":"context-input-report","phase":"press","button":2,"buttons":2,"trusted":true,"id":"bar:group:application:GTK Application"}
surface-report: origin=bar {"kind":"surface-report","body":{"publication":"8","lease":"0","buttons":[{"id":"applications:{\"lifetime\":\"7325077382954161085\",\"session\":\"10907009523672219936\",\"frontend\":\"1\"}:3:control:opener","label":"Applications","accessibleName":"Open applications","disabled":false,"x":3,"y":3,"width":112.28125,"height":36},{"id":"group:{\"lifetime\":\"7325077382954161085\",\"session\":\"10907009523672219936\",\"frontend\":\"1\"}:1:1:application:GTK Application","label":"ELM-ACTIVATION-PEER2","accessibleName":"Choose a window from ELM-ACTIVATION-PEER","disabled":false,"x":121.28125,"y":3,"width":215.65625,"height":36}],"focus":"group:{\"lifetime\":\"7325077382954161085\",\"session\":\"10907009523672219936\",\"frontend\":\"1\"}:1:1:application:GTK Application","text":"ApplicationsELM-ACTIVATION-PEER2Connected"}}
view-report: id=1 x=0 y=0 {"kind":"surface-report","body":{"publication":"8","lease":"0","buttons":[{"id":"applications:{\"lifetime\":\"7325077382954161085\",\"session\":\"10907009523672219936\",\"frontend\":\"1\"}:3:control:opener","label":"Applications","accessibleName":"Open applications","disabled":false,"x":3,"y":3,"width":112.28125,"height":36},{"id":"group:{\"lifetime\":\"7325077382954161085\",\"session\":\"10907009523672219936\",\"frontend\":\"1\"}:1:1:application:GTK Application","label":"ELM-ACTIVATION-PEER2","accessibleName":"Choose a window from ELM-ACTIVATION-PEER","disabled":false,"x":121.28125,"y":3,"width":215.65625,"height":36}],"focus":"group:{\"lifetime\":\"7325077382954161085\",\"session\":\"10907009523672219936\",\"frontend\":\"1\"}:1:1:application:GTK Application","text":"ApplicationsELM-ACTIVATION-PEER2Connected"}}
[19:14:26.400585] {Default Queue} wl_pointer#21.button(18, 105532336, 273, 0)
[19:14:26.400602] {Default Queue} wl_pointer#21.frame()
context-input-report: {"kind":"context-input-report","phase":"release","button":2,"buttons":0,"trusted":true,"id":"bar:group:application:GTK Application"}
qa-interleave-hold: publication=8 proof=8
surface-commit: publication=9 lease=0 open=0
view-commit: popup=0 focus=1 publication=9
surface-inspection: {"surfaceProtocol":2,"kind":"surface-inspection","publication":"9","lease":"0","body":{"phase":"Coherent","transaction":"Idle","groups":[{"key":"application:GTK Application","domId":"group:{\"lifetime\":\"7325077382954161085\",\"session\":\"10907009523672219936\",\"frontend\":\"1\"}:1:1:application:GTK Application","title":"ELM-ACTIVATION-PEER","active":true,"expanded":false}],"menu":null,"mode":"closed","outstanding":0,"registry":0,"picker":null,"openerId":"applications:{\"lifetime\":\"7325077382954161085\",\"session\":\"10907009523672219936\",\"frontend\":\"1\"}:3:control:opener","reconnectId":"reconnect"}}
surface-report: origin=bar {"kind":"surface-report","body":{"publication":"9","lease":"0","buttons":[{"id":"applications:{\"lifetime\":\"7325077382954161085\",\"session\":\"10907009523672219936\",\"frontend\":\"1\"}:3:control:opener","label":"Applications","accessibleName":"Open applications","disabled":false,"x":3,"y":3,"width":112.28125,"height":36},{"id":"group:{\"lifetime\":\"7325077382954161085\",\"session\":\"10907009523672219936\",\"frontend\":\"1\"}:1:1:application:GTK Application","label":"ELM-ACTIVATION-PEER2","accessibleName":"Choose a window from ELM-ACTIVATION-PEER","disabled":false,"x":121.28125,"y":3,"width":215.65625,"height":36}],"focus":"group:{\"lifetime\":\"7325077382954161085\",\"session\":\"10907009523672219936\",\"frontend\":\"1\"}:1:1:application:GTK Application","text":"ApplicationsELM-ACTIVATION-PEER2Connected"}}
view-report: id=1 x=0 y=0 {"kind":"surface-report","body":{"publication":"9","lease":"0","buttons":[{"id":"applications:{\"lifetime\":\"7325077382954161085\",\"session\":\"10907009523672219936\",\"frontend\":\"1\"}:3:control:opener","label":"Applications","accessibleName":"Open applications","disabled":false,"x":3,"y":3,"width":112.28125,"height":36},{"id":"group:{\"lifetime\":\"7325077382954161085\",\"session\":\"10907009523672219936\",\"frontend\":\"1\"}:1:1:application:GTK Application","label":"ELM-ACTIVATION-PEER2","accessibleName":"Choose a window from ELM-ACTIVATION-PEER","disabled":false,"x":121.28125,"y":3,"width":215.65625,"height":36}],"focus":"group:{\"lifetime\":\"7325077382954161085\",\"session\":\"10907009523672219936\",\"frontend\":\"1\"}:1:1:application:GTK Application","text":"ApplicationsELM-ACTIVATION-PEER2Connected"}}
[19:14:32.535003] {Default Queue}  -> wl_display#1.sync(new id wl_callback#44)
[19:14:32.535094] {Display Queue} wl_display#1.delete_id(44)
[19:14:32.535102] {Default Queue} wl_callback#44.done(18)
backend-exit: waited=1 normal=1 code=0
[19:14:32.544929] {Default Queue}  -> zwlr_layer_surface_v1#43.destroy()
[19:14:32.544958] {Default Queue}  -> wl_surface#41.destroy()
[19:14:32.544980] {mesa egl surface queue}  -> wl_buffer#45.destroy()
[19:14:32.545075] {mesa egl surface queue}  -> wl_buffer#48.destroy()
[19:14:32.545081] {mesa egl surface queue}  -> zwp_linux_dmabuf_feedback_v1#46.destroy()
view-retired: id=1
[19:14:32.551964] discarded [unknown]#45.[event 0](0 fd, 8 byte)
[19:14:32.551972] discarded [unknown]#45.[event 0](0 fd, 8 byte)
[19:14:32.551974] discarded [unknown]#48.[event 0](0 fd, 8 byte)
[19:14:32.551989] {Display Queue} wl_display#1.delete_id(43)
[19:14:32.551993] {Display Queue} wl_display#1.delete_id(45)
[19:14:32.551996] {Display Queue} wl_display#1.delete_id(46)
[19:14:32.551998] {Display Queue} wl_display#1.delete_id(41)
[19:14:32.552000] {Default Queue} wl_pointer#21.leave(20, nil)
[19:14:32.552002] {Default Queue} wl_pointer#21.frame()
[19:14:32.562377] discarded [unknown]#48.[event 0](0 fd, 8 byte)
[19:14:32.562384] discarded [unknown]#48.[event 0](0 fd, 8 byte)
[19:14:32.562389] {Display Queue} wl_display#1.delete_id(48)

(process:2): GLib-GIO-WARNING **: 13:14:32.569: Error releasing name org.webkit.app-a58ecb50231d51afcd98d45d7451f7c50736b7446d770c889faaf395b3b189c6.Sandboxed.WebProcess-04691ec7-6b94-42d4-a734-03937027a590: The connection is closed
shared-host-exit: failure=0 rendered=1
