host-start: layer=1 sandbox=1 acceleration-policy=always experimental-effects=1

** (process:2): WARNING **: 15:42:10.285: Failed to get atspi registered event listeners: GDBus.Error:org.freedesktop.DBus.Error.NameHasNoOwner: Could not activate remote peer 'org.a11y.atspi.Registry': unit failed

projection-report: {"protocolVersion":3,"kind":"projection-report","body":{"phase":"Detached","rows":[],"status":"Connecting…","transaction":"Idle","reconnect":{"disabled":true,"point":[75.25,165.4375]}}}
backend-frame: {"protocolVersion":3,"kind":"attached","binding":{"lifetime":"7875150530801540074","session":"6470974699175150098","frontend":"1"},"compositor":{"pid":2169477,"instance":"efb50993780079460b0cbed1363e2166a2de1d9f_1791063728_1620143294","coreHash":"efb50993780079460b0cbed1363e2166a2de1d9f_aq_0.15_hu_0.14_hg_0.5_hc_0.1_hlg_0.6"},"capabilities":{"observe":true,"effects":true,"minimizedState":true,"effectProtocol":1,"operations":["minimize","restore"],"canonicalScene":false}}
backend-frame: {"protocolVersion":3,"kind":"action-projection","binding":{"lifetime":"7875150530801540074","session":"6470974699175150098","frontend":"1"},"requestId":"1","context":{"lifetime":"7875150530801540074","epoch":"1","output":"1","revision":"1"},"scene":{"revision":"1","windows":[{"incarnation":"1","label":"ELM-AUTHORITY-FIXTURE","minimized":false}]}}
projection-report: {"protocolVersion":3,"kind":"projection-report","body":{"phase":"Coherent","rows":[{"incarnation":"1","label":"ELM-AUTHORITY-FIXTURE","state":"Open","action":"Minimize","disabled":false,"point":[679.4375,235.4375]}],"status":"Connected","transaction":"Idle","reconnect":null}}
render-report: {"protocolVersion":3,"kind":"render-report","body":{"windows":1,"actionsDisabled":false}}
frontend-request: {"protocolVersion":3,"kind":"window-effect","effectProtocol":1,"binding":{"lifetime":"7875150530801540074","session":"6470974699175150098","frontend":"1"},"intent":{"request":"1","generation":"1","incarnation":"1","operation":"minimize","context":{"lifetime":"7875150530801540074","epoch":"1","output":"1","revision":"1"}}}
backend-frame: {"protocolVersion":3,"kind":"effect-outcome","effectProtocol":1,"binding":{"lifetime":"7875150530801540074","session":"6470974699175150098","frontend":"1"},"intent":{"request":"1","generation":"1","incarnation":"1","operation":"minimize","context":{"lifetime":"7875150530801540074","epoch":"1","output":"1","revision":"1"}},"status":"Committed","reason":"applied","revision":"2","outputGeneration":"1"}
backend-frame: {"protocolVersion":3,"kind":"host-refresh"}
backend-frame: {"protocolVersion":3,"kind":"action-projection","binding":{"lifetime":"7875150530801540074","session":"6470974699175150098","frontend":"1"},"requestId":"2","context":{"lifetime":"7875150530801540074","epoch":"1","output":"1","revision":"2"},"scene":{"revision":"2","windows":[{"incarnation":"1","label":"ELM-AUTHORITY-FIXTURE","minimized":true}]}}
backend-frame: {"protocolVersion":3,"kind":"action-projection","binding":{"lifetime":"7875150530801540074","session":"6470974699175150098","frontend":"1"},"requestId":"3","context":{"lifetime":"7875150530801540074","epoch":"1","output":"1","revision":"2"},"scene":{"revision":"2","windows":[{"incarnation":"1","label":"ELM-AUTHORITY-FIXTURE","minimized":true}]}}
projection-report: {"protocolVersion":3,"kind":"projection-report","body":{"phase":"Coherent","rows":[{"incarnation":"1","label":"ELM-AUTHORITY-FIXTURE","state":"Minimized","action":"Restore","disabled":false,"point":[682.984375,235.4375]}],"status":"Connected","transaction":"Committed","reconnect":null}}
frontend-request: {"protocolVersion":3,"kind":"window-effect","effectProtocol":1,"binding":{"lifetime":"7875150530801540074","session":"6470974699175150098","frontend":"1"},"intent":{"request":"2","generation":"2","incarnation":"1","operation":"restore","context":{"lifetime":"7875150530801540074","epoch":"1","output":"1","revision":"2"}}}
backend-frame: {"protocolVersion":3,"kind":"effect-outcome","effectProtocol":1,"binding":{"lifetime":"7875150530801540074","session":"6470974699175150098","frontend":"1"},"intent":{"request":"2","generation":"2","incarnation":"1","operation":"restore","context":{"lifetime":"7875150530801540074","epoch":"1","output":"1","revision":"2"}},"status":"Committed","reason":"applied","revision":"3","outputGeneration":"1"}
backend-frame: {"protocolVersion":3,"kind":"host-refresh"}
backend-frame: {"protocolVersion":3,"kind":"action-projection","binding":{"lifetime":"7875150530801540074","session":"6470974699175150098","frontend":"1"},"requestId":"4","context":{"lifetime":"7875150530801540074","epoch":"1","output":"1","revision":"3"},"scene":{"revision":"3","windows":[{"incarnation":"1","label":"ELM-AUTHORITY-FIXTURE","minimized":false}]}}
backend-frame: {"protocolVersion":3,"kind":"action-projection","binding":{"lifetime":"7875150530801540074","session":"6470974699175150098","frontend":"1"},"requestId":"5","context":{"lifetime":"7875150530801540074","epoch":"1","output":"1","revision":"3"},"scene":{"revision":"3","windows":[{"incarnation":"1","label":"ELM-AUTHORITY-FIXTURE","minimized":false}]}}
projection-report: {"protocolVersion":3,"kind":"projection-report","body":{"phase":"Coherent","rows":[{"incarnation":"1","label":"ELM-AUTHORITY-FIXTURE","state":"Open","action":"Minimize","disabled":false,"point":[679.4375,235.4375]}],"status":"Connected","transaction":"Committed","reconnect":null}}
frontend-request: {"protocolVersion":3,"kind":"window-effect","effectProtocol":1,"binding":{"lifetime":"7875150530801540074","session":"6470974699175150098","frontend":"1"},"intent":{"request":"3","generation":"3","incarnation":"1","operation":"minimize","context":{"lifetime":"7875150530801540074","epoch":"1","output":"1","revision":"3"}}}
projection-report: {"protocolVersion":3,"kind":"projection-report","body":{"phase":"Coherent","rows":[{"incarnation":"1","label":"ELM-AUTHORITY-FIXTURE","state":"Open","action":"Minimize","disabled":true,"point":[679.4375,235.4375]}],"status":"Applying window change…","transaction":"Pending","reconnect":null}}
backend-exit: waited=1 normal=0 code=-1
projection-report: {"protocolVersion":3,"kind":"projection-report","body":{"phase":"Detached","rows":[{"incarnation":"1","label":"ELM-AUTHORITY-FIXTURE","state":"Last known: Open","action":"Minimize","disabled":true,"point":[679.4375,235.4375]}],"status":"Connection lost. Reconnect to continue. The last request could not be confirmed.","transaction":"Unknown","reconnect":{"disabled":false,"point":[75.25,165.4375]}}}
frontend-request: {"protocolVersion":3,"kind":"host-reconnect"}
projection-report: {"protocolVersion":3,"kind":"projection-report","body":{"phase":"Detached","rows":[{"incarnation":"1","label":"ELM-AUTHORITY-FIXTURE","state":"Last known: Open","action":"Minimize","disabled":true,"point":[679.4375,235.4375]}],"status":"Reconnecting… The last request could not be confirmed.","transaction":"Unknown","reconnect":{"disabled":true,"point":[75.25,165.4375]}}}
backend-frame: {"protocolVersion":3,"kind":"attached","binding":{"lifetime":"7875150530801540074","session":"9306291636673755934","frontend":"1"},"compositor":{"pid":2169477,"instance":"efb50993780079460b0cbed1363e2166a2de1d9f_1791063728_1620143294","coreHash":"efb50993780079460b0cbed1363e2166a2de1d9f_aq_0.15_hu_0.14_hg_0.5_hc_0.1_hlg_0.6"},"capabilities":{"observe":true,"effects":true,"minimizedState":true,"effectProtocol":1,"operations":["minimize","restore"],"canonicalScene":false}}
backend-frame: {"protocolVersion":3,"kind":"action-projection","binding":{"lifetime":"7875150530801540074","session":"9306291636673755934","frontend":"1"},"requestId":"6","context":{"lifetime":"7875150530801540074","epoch":"1","output":"1","revision":"3"},"scene":{"revision":"3","windows":[{"incarnation":"1","label":"ELM-AUTHORITY-FIXTURE","minimized":false}]}}
projection-report: {"protocolVersion":3,"kind":"projection-report","body":{"phase":"Coherent","rows":[{"incarnation":"1","label":"ELM-AUTHORITY-FIXTURE","state":"Open","action":"Minimize","disabled":false,"point":[679.4375,235.4375]}],"status":"Connected The last request could not be confirmed.","transaction":"Unknown","reconnect":null}}
backend-exit: waited=1 normal=1 code=0
host-exit: failure=0 rendered=1
