test_actual_candidate_and_links (test_actual_binding.LoadedSourceTests.test_actual_candidate_and_links) ... FAIL
test_actual_link_replacement_persists_raw_refusal (test_actual_binding.LoadedSourceTests.test_actual_link_replacement_persists_raw_refusal) ... ok
test_actual_source_fd_swap_is_refused (test_actual_binding.LoadedSourceTests.test_actual_source_fd_swap_is_refused) ... ok
test_alias_and_unsafe_mode_refuse (test_actual_binding.LoadedSourceTests.test_alias_and_unsafe_mode_refuse) ... ok
test_post_disk_link_replacement_refuses (test_actual_binding.LoadedSourceTests.test_post_disk_link_replacement_refuses) ... ERROR
test_stale_preloaded_v17_is_not_repaired_by_outer_path (test_actual_binding.LoadedSourceTests.test_stale_preloaded_v17_is_not_repaired_by_outer_path) ... ok
test_valid_module_token_replacement_refuses (test_actual_binding.LoadedSourceTests.test_valid_module_token_replacement_refuses) ... ok
test_actual_held_lease_first_complete_binding (test_actual_binding.OwnerKernelTests.test_actual_held_lease_first_complete_binding) ... ERROR
test_actual_reader_peer_and_journal_equal_binding (test_actual_binding.OwnerKernelTests.test_actual_reader_peer_and_journal_equal_binding) ... ERROR
test_actual_recovery_coordinator_binding_before_any_effect (test_actual_binding.OwnerKernelTests.test_actual_recovery_coordinator_binding_before_any_effect) ... ERROR
test_actual_terminal_closed_lease_and_ledger_then_changed_archive_refuses (test_actual_binding.OwnerKernelTests.test_actual_terminal_closed_lease_and_ledger_then_changed_archive_refuses) ... ERROR
test_callback_replacement_after_disk_refuses (test_actual_binding.OwnerKernelTests.test_callback_replacement_after_disk_refuses) ... ERROR
test_exact_actual_actor_class_and_callback_chain (test_actual_binding.OwnerKernelTests.test_exact_actual_actor_class_and_callback_chain) ... ERROR
test_expected_fault_pending_data_is_retained_without_authority (test_actual_binding.OwnerKernelTests.test_expected_fault_pending_data_is_retained_without_authority) ... ERROR
test_genuine_owned_data_probe_uses_actual_row_and_no_helper (test_actual_binding.OwnerKernelTests.test_genuine_owned_data_probe_uses_actual_row_and_no_helper) ... ERROR
test_owner_changed_after_disk_has_raw_confirmation_before_refusal (test_actual_binding.OwnerKernelTests.test_owner_changed_after_disk_has_raw_confirmation_before_refusal) ... ERROR
test_pending_refused_missing_and_replaced_owner_never_admit (test_actual_binding.OwnerKernelTests.test_pending_refused_missing_and_replaced_owner_never_admit) ... ERROR
test_probe_wrong_owner_before_bytes_is_persisted_unusable (test_actual_binding.OwnerKernelTests.test_probe_wrong_owner_before_bytes_is_persisted_unusable) ... ERROR
test_stale_callback_no_actor_preparation_authority (test_actual_binding.OwnerKernelTests.test_stale_callback_no_actor_preparation_authority) ... ERROR
test_wrong_actual_recovery_factory_refuses_before_effect (test_actual_binding.OwnerKernelTests.test_wrong_actual_recovery_factory_refuses_before_effect) ... ERROR
test_wrong_collector_digest_persists_no_usable_binding (test_actual_binding.OwnerKernelTests.test_wrong_collector_digest_persists_no_usable_binding) ... ok
test_actual_batch_callback_objects_and_roots_captured (test_batch_binding.BatchBindingKernelTests.test_actual_batch_callback_objects_and_roots_captured) ... ERROR
test_exact_actual_terminal_batch_and_postdisk_callbacks (test_batch_binding.BatchBindingKernelTests.test_exact_actual_terminal_batch_and_postdisk_callbacks) ... ERROR
test_individually_valid_batch_replacement_after_disk_refuses (test_batch_binding.BatchBindingKernelTests.test_individually_valid_batch_replacement_after_disk_refuses) ... ERROR
test_individually_valid_foreign_commands_root_preview_or_actor_refuse (test_batch_binding.BatchBindingKernelTests.test_individually_valid_foreign_commands_root_preview_or_actor_refuse) ... 
  test_individually_valid_foreign_commands_root_preview_or_actor_refuse (test_batch_binding.BatchBindingKernelTests.test_individually_valid_foreign_commands_root_preview_or_actor_refuse) (field='commands') ... ERROR
  test_individually_valid_foreign_commands_root_preview_or_actor_refuse (test_batch_binding.BatchBindingKernelTests.test_individually_valid_foreign_commands_root_preview_or_actor_refuse) (field='root') ... ERROR
  test_individually_valid_foreign_commands_root_preview_or_actor_refuse (test_batch_binding.BatchBindingKernelTests.test_individually_valid_foreign_commands_root_preview_or_actor_refuse) (field='preview') ... ERROR
  test_individually_valid_foreign_commands_root_preview_or_actor_refuse (test_batch_binding.BatchBindingKernelTests.test_individually_valid_foreign_commands_root_preview_or_actor_refuse) (field='actor') ... ERROR
  test_individually_valid_foreign_commands_root_preview_or_actor_refuse (test_batch_binding.BatchBindingKernelTests.test_individually_valid_foreign_commands_root_preview_or_actor_refuse) (field='class') ... ERROR
  test_individually_valid_foreign_commands_root_preview_or_actor_refuse (test_batch_binding.BatchBindingKernelTests.test_individually_valid_foreign_commands_root_preview_or_actor_refuse) (field='finisher') ... ERROR
test_terminal_postdisk_replacement_has_raw_refusal (test_batch_binding.BatchBindingKernelTests.test_terminal_postdisk_replacement_has_raw_refusal) ... ERROR
test_terminal_replaced_callback_refuses (test_batch_binding.BatchBindingKernelTests.test_terminal_replaced_callback_refuses) ... ERROR
test_terminal_still_valid_replaced_batch_refuses (test_batch_binding.BatchBindingKernelTests.test_terminal_still_valid_replaced_batch_refuses) ... ERROR
test_missing_batch_or_extra_source_never_yields_complete_observation (test_batch_binding.ModuleCoverageTests.test_missing_batch_or_extra_source_never_yields_complete_observation) ... ok
test_actual_product_cache_read_minimize_and_composed_restore (test_capture_evidence.CaptureEvidenceTests.test_actual_product_cache_read_minimize_and_composed_restore) ... ok
test_cache_missing_changed_symlink_and_restore_difference_refuse (test_capture_evidence.CaptureEvidenceTests.test_cache_missing_changed_symlink_and_restore_difference_refuse) ... ok
test_capture_seed_and_exact_pairs_then_restore_reuse (test_capture_evidence.CaptureEvidenceTests.test_capture_seed_and_exact_pairs_then_restore_reuse) ... ok
test_native_fallback_no_sources_or_seed_cannot_satisfy (test_capture_evidence.CaptureEvidenceTests.test_native_fallback_no_sources_or_seed_cannot_satisfy) ... ok
test_retirement_retains_drained_real_seed_events_after_delegate (test_capture_evidence.CaptureEvidenceTests.test_retirement_retains_drained_real_seed_events_after_delegate) ... ok
test_actual_runner_places_archive_context_before_host_exit (test_failure_archive.ArchiveTests.test_actual_runner_places_archive_context_before_host_exit) ... ok
test_archive_before_host_disposal_after_cleanup_exception_without_ipc (test_failure_archive.ArchiveTests.test_archive_before_host_disposal_after_cleanup_exception_without_ipc) ... ok
test_truncated_crash_log_preserved_but_acceptance_refused (test_failure_archive.ArchiveTests.test_truncated_crash_log_preserved_but_acceptance_refused) ... ok
test_unsafe_config_or_log_symlink_refuses_before_archive (test_failure_archive.ArchiveTests.test_unsafe_config_or_log_symlink_refuses_before_archive) ... ok
test_changed_declared_ancestral_mode_refuses_instead_of_restat_blessing (test_freezer_v2.FreezerV2.test_changed_declared_ancestral_mode_refuses_instead_of_restat_blessing) ... ok
test_nested_retained_manifest_and_declared_modes_survive_actual_freezer (test_freezer_v2.FreezerV2.test_nested_retained_manifest_and_declared_modes_survive_actual_freezer) ... ok
test_actual_opened_descriptor_swap_refuses_even_if_path_restored (test_helpers.HelperTests.test_actual_opened_descriptor_swap_refuses_even_if_path_restored) ... ok
test_exact_terminal_identity_required (test_helpers.HelperTests.test_exact_terminal_identity_required) ... ok
test_nonzero_and_unknown_events_never_accept (test_helpers.HelperTests.test_nonzero_and_unknown_events_never_accept) ... ok
test_real_gated_exec_once_argv_status_and_duplicate_refusal (test_helpers.HelperTests.test_real_gated_exec_once_argv_status_and_duplicate_refusal) ... ok
test_real_unix_peer_full_eof_and_actual_reply (test_helpers.HelperTests.test_real_unix_peer_full_eof_and_actual_reply) ... ok
test_strict_exact_operation_identity (test_helpers.HelperTests.test_strict_exact_operation_identity) ... ok
test_symlink_config_refuses (test_helpers.HelperTests.test_symlink_config_refuses) ... ok
test_wrong_actual_socket_peer_refuses_before_send (test_helpers.HelperTests.test_wrong_actual_socket_peer_refuses_before_send) ... ok
test_actual_bytes_retained_after_release (test_observer.RetentionTests.test_actual_bytes_retained_after_release) ... ok
test_binding_delegate_and_return_preserved_outside_product_registry (test_observer.RetentionTests.test_binding_delegate_and_return_preserved_outside_product_registry) ... ok
test_foreign_actor_refused (test_observer.RetentionTests.test_foreign_actor_refused) ... ok
test_named_path_swap_after_read_refused (test_observer.RetentionTests.test_named_path_swap_after_read_refused) ... ok
test_normal_retirement_observed_after_original_registry_removal (test_observer.RetentionTests.test_normal_retirement_observed_after_original_registry_removal) ... ok
test_observation_delegates_capture_once_returns_same_object (test_observer.RetentionTests.test_observation_delegates_capture_once_returns_same_object) ... ok
test_unsafe_permissions_refused (test_observer.RetentionTests.test_unsafe_permissions_refused) ... ok
test_wrong_digest_refused (test_observer.RetentionTests.test_wrong_digest_refused) ... ok
test_wrong_epoch_refused (test_observer.RetentionTests.test_wrong_epoch_refused) ... ok
test_actual_all_copied_sources_and_absolute_imports_match (test_packaging.Packaging.test_actual_all_copied_sources_and_absolute_imports_match) ... ok
test_all_implicitly_enabled_production_services_are_disabled (test_packaging.Packaging.test_all_implicitly_enabled_production_services_are_disabled) ... ok
test_changed_source_is_not_accepted_from_unchanged_copy (test_packaging.Packaging.test_changed_source_is_not_accepted_from_unchanged_copy) ... ok
test_offscope_home_materialization_refuses_before_any_copy (test_packaging.Packaging.test_offscope_home_materialization_refuses_before_any_copy) ... ok
test_only_actual_window_widget_is_on_left_bar (test_packaging.Packaging.test_only_actual_window_widget_is_on_left_bar) ... ok
test_payload_has_no_links_into_main_catalogs (test_packaging.Packaging.test_payload_has_no_links_into_main_catalogs) ... ok
test_retained_absolute_import_is_explicit_and_unmodified (test_packaging.Packaging.test_retained_absolute_import_is_explicit_and_unmodified) ... ok
test_actual_taskbar_snapshot_delegates_unchanged_real_snap_query (test_query_roles.QueryRoles.test_actual_taskbar_snapshot_delegates_unchanged_real_snap_query) ... ok
test_native_runner_registers_before_gate_and_checks_final_roles (test_query_roles.QueryRoles.test_native_runner_registers_before_gate_and_checks_final_roles) ... ok
test_query_summary_distinct_qs_lifetimes_and_one_harness (test_query_roles.QueryRoles.test_query_summary_distinct_qs_lifetimes_and_one_harness) ... ok
test_real_gate_exec_keeps_registered_pid_start_and_eof_refuses (test_query_roles.QueryRoles.test_real_gate_exec_keeps_registered_pid_start_and_eof_refuses) ... ok
test_descriptor_relative_read_retains_selected_directory_not_rebound_path (test_recovery_observer.RecoveryArchiveTests.test_descriptor_relative_read_retains_selected_directory_not_rebound_path) ... ok
test_durable_cancel_archived_while_exact_sources_still_exist (test_recovery_observer.RecoveryArchiveTests.test_durable_cancel_archived_while_exact_sources_still_exist) ... ok
test_failed_real_persist_never_creates_acknowledgment_evidence (test_recovery_observer.RecoveryArchiveTests.test_failed_real_persist_never_creates_acknowledgment_evidence) ... ok
test_mismatched_readback_persists_raw_error_before_assertion (test_recovery_observer.RecoveryArchiveTests.test_mismatched_readback_persists_raw_error_before_assertion) ... ok
test_unknown_symlink_material_is_never_followed (test_recovery_observer.RecoveryArchiveTests.test_unknown_symlink_material_is_never_followed) ... ok
test_unsafe_mode_or_bound_never_becomes_retained_proof (test_recovery_observer.RecoveryArchiveTests.test_unsafe_mode_or_bound_never_becomes_retained_proof) ... ok
test_actual_kernel_peer_cannot_confirm_wrong_start_or_released_lease (test_recovery_restart.RestartTests.test_actual_kernel_peer_cannot_confirm_wrong_start_or_released_lease) ... ok
test_actual_new_gated_root_retains_sources_members_and_accumulated_limits (test_recovery_restart.RestartTests.test_actual_new_gated_root_retains_sources_members_and_accumulated_limits) ... ok
test_documented_runtime_recovery_binding_completes_before_actual_private_api (test_recovery_restart.RestartTests.test_documented_runtime_recovery_binding_completes_before_actual_private_api) ... ok
test_live_exact_old_root_cannot_be_replaced (test_recovery_restart.RestartTests.test_live_exact_old_root_cannot_be_replaced) ... ok
test_members_and_changed_frozen_source_refuse_before_config_write (test_recovery_restart.RestartTests.test_members_and_changed_frozen_source_refuse_before_config_write) ... ok
test_new_root_cannot_change_original_runtime_or_session (test_recovery_restart.RestartTests.test_new_root_cannot_change_original_runtime_or_session) ... ok
test_original_actual_baseline_template_requires_all15_and_normal_fixtures (test_recovery_restart.RestartTests.test_original_actual_baseline_template_requires_all15_and_normal_fixtures) ... ok
test_partial_source_or_forced_baseline_never_admits_fault_campaign (test_recovery_restart.RestartTests.test_partial_source_or_forced_baseline_never_admits_fault_campaign) ... ok
test_unknown_new_lifetime_and_used_evidence_destination_refuse (test_recovery_restart.RestartTests.test_unknown_new_lifetime_and_used_evidence_destination_refuse) ... ok
test_changed_receipt_prefix (test_reversal.ReversalEvidence.test_changed_receipt_prefix) ... ok
test_complete_fixture_scopes_acceptance (test_reversal.ReversalEvidence.test_complete_fixture_scopes_acceptance) ... ok
test_duplicate_origin (test_reversal.ReversalEvidence.test_duplicate_origin) ... ok
test_duplicate_swap (test_reversal.ReversalEvidence.test_duplicate_swap) ... ok
test_endpoint_is_not_an_interior_reversal (test_reversal.ReversalEvidence.test_endpoint_is_not_an_interior_reversal) ... ok
test_extra_texture_upload (test_reversal.ReversalEvidence.test_extra_texture_upload) ... ok
test_failed_swap (test_reversal.ReversalEvidence.test_failed_swap) ... ok
test_missing_output_origin (test_reversal.ReversalEvidence.test_missing_output_origin) ... ok
test_missing_second_reversal (test_reversal.ReversalEvidence.test_missing_second_reversal) ... ok
test_original_actual_baseline_is_insufficient (test_reversal.ReversalEvidence.test_original_actual_baseline_is_insufficient) ... ok
test_output_generation_change (test_reversal.ReversalEvidence.test_output_generation_change) ... ok
test_receipt_serial_regression (test_reversal.ReversalEvidence.test_receipt_serial_regression) ... ok
test_retarg_applied_twice (test_reversal.ReversalEvidence.test_retarg_applied_twice) ... ok
test_retarg_claims_native_authority (test_reversal.ReversalEvidence.test_retarg_claims_native_authority) ... ok
test_retarg_does_not_reuse_source (test_reversal.ReversalEvidence.test_retarg_does_not_reuse_source) ... ok
test_second_seed_is_recapture (test_reversal.ReversalEvidence.test_second_seed_is_recapture) ... ok
test_stale_endpoint (test_reversal.ReversalEvidence.test_stale_endpoint) ... ok
test_unknown_presented_token (test_reversal.ReversalEvidence.test_unknown_presented_token) ... ok
test_unpresented_final_endpoint (test_reversal.ReversalEvidence.test_unpresented_final_endpoint) ... ok
test_wrong_origin_member_rectangle (test_reversal.ReversalEvidence.test_wrong_origin_member_rectangle) ... ok
test_wrong_origin_sequence (test_reversal.ReversalEvidence.test_wrong_origin_sequence) ... ok
test_wrong_origin_timestamp (test_reversal.ReversalEvidence.test_wrong_origin_timestamp) ... ok
test_wrong_uploaded_source (test_reversal.ReversalEvidence.test_wrong_uploaded_source) ... ok
test_actual_gated_service_queries_full_eof_unchanged_launcher_and_refusals (test_service_queries.ServiceQueryTests.test_actual_gated_service_queries_full_eof_unchanged_launcher_and_refusals) ... ok
test_strict_exact_service_payloads_methods_identity_and_source (test_service_queries.ServiceQueryTests.test_strict_exact_service_payloads_methods_identity_and_source) ... ok
test_backend_source_mutation_refuses_and_records (test_v6_helpers.V6Tests.test_backend_source_mutation_refuses_and_records) ... ok
test_compositor_environment_includes_actual_private_omarchy_path (test_v6_helpers.V6Tests.test_compositor_environment_includes_actual_private_omarchy_path) ... ok
test_early_owned_bad_mode_refusal_is_durable_without_exec (test_v6_helpers.V6Tests.test_early_owned_bad_mode_refusal_is_durable_without_exec) ... ok
test_exact_inactive_relay_args_integer_boundaries (test_v6_helpers.V6Tests.test_exact_inactive_relay_args_integer_boundaries) ... ok
test_full_snap_source_unchanged_and_real_shell_precedes_load (test_v6_helpers.V6Tests.test_full_snap_source_unchanged_and_real_shell_precedes_load) ... ok
test_runtime_directory_normalization_preserves_payload_files (test_v6_helpers.V6Tests.test_runtime_directory_normalization_preserves_payload_files) ... ok
test_runtime_symlink_directory_refused (test_v6_helpers.V6Tests.test_runtime_symlink_directory_refused) ... ok
test_selected_wrapper_rejects_other_helper_operation (test_v6_helpers.V6Tests.test_selected_wrapper_rejects_other_helper_operation) ... ok
test_two_exact_delegates_complete_once_and_duplicate_fails (test_v6_helpers.V6Tests.test_two_exact_delegates_complete_once_and_duplicate_fails) ... ok
test_unchanged_packaged_launcher_executes_owned_qs_argv (test_v6_helpers.V6Tests.test_unchanged_packaged_launcher_executes_owned_qs_argv) ... ok

======================================================================
ERROR: test_post_disk_link_replacement_refuses (test_actual_binding.LoadedSourceTests.test_post_disk_link_replacement_refuses)
----------------------------------------------------------------------
Traceback (most recent call last):
  File "/home/hoskinson/window-integration-qa/family-preparation-thumbnail-v7/test_actual_binding.py", line 38, in test_post_disk_link_replacement_refuses
    self.assertTrue(json.loads(path.with_name('capture-confirmation.json').read_text())['errors'])
                               ~~~~~~~~~~~~~~~~~~~~~~~~~~~~~~~~~~~~~~~~~~~~~~~~~~~~~^^
  File "/usr/lib/python3.14/pathlib/__init__.py", line 787, in read_text
    with self.open(mode='r', encoding=encoding, errors=errors, newline=newline) as f:
         ~~~~~~~~~^^^^^^^^^^^^^^^^^^^^^^^^^^^^^^^^^^^^^^^^^^^^^^^^^^^^^^^^^^^^^
  File "/usr/lib/python3.14/pathlib/__init__.py", line 771, in open
    return io.open(self, mode, buffering, encoding, errors, newline)
           ~~~~~~~^^^^^^^^^^^^^^^^^^^^^^^^^^^^^^^^^^^^^^^^^^^^^^^^^^
FileNotFoundError: [Errno 2] No such file or directory: '/tmp/tmpsb67dzge/capture-confirmation.json'

======================================================================
ERROR: test_actual_held_lease_first_complete_binding (test_actual_binding.OwnerKernelTests.test_actual_held_lease_first_complete_binding)
----------------------------------------------------------------------
Traceback (most recent call last):
  File "/home/hoskinson/window-integration-qa/family-preparation-thumbnail-v7/test_actual_binding.py", line 76, in test_actual_held_lease_first_complete_binding
    proof=self.bound(factory,initial,destination,digest);self.assertTrue(proof['usable']);self.assertEqual(proof['owner']['pid'],os.getpid());self.assertEqual(proof['owner']['rootIdentity'],list(self.lease.root_identity));self.assertFalse(initial['usable']);self.assertTrue(json.loads(Path(proof['confirmation']['path']).read_text())['owner']==proof['owner'])
  File "/home/hoskinson/window-integration-qa/family-preparation-thumbnail-v7/test_actual_binding.py", line 73, in bound
    proof=binding.bind_owner(factory,self.lease.verify,destination/'actual-owner-binding.json',initial,digest);factory.binding_owner=proof;return proof
  File "/home/hoskinson/window-integration-qa/family-preparation-thumbnail-v7/module_binding.py", line 149, in bind_owner
    if raw['errors']:raise ValueError('complete owner binding refused; raw evidence: '+str(destination))
                     ^^^^^^^^^^^^^^^^^^^^^^^^^^^^^^^^^^^^^^^^^^^^^^^^^^^^^^^^^^^^^^^^^^^^^^^^^^^^^^^^^^^
ValueError: complete owner binding refused; raw evidence: /tmp/tmpwckzfec4/evidence/actual-owner-binding.json

======================================================================
ERROR: test_actual_reader_peer_and_journal_equal_binding (test_actual_binding.OwnerKernelTests.test_actual_reader_peer_and_journal_equal_binding)
----------------------------------------------------------------------
Traceback (most recent call last):
  File "/home/hoskinson/window-integration-qa/family-preparation-thumbnail-v7/test_actual_binding.py", line 101, in test_actual_reader_peer_and_journal_equal_binding
    proof=self.bound(factory,initial,destination,digest);self.assertEqual(self.query(),b'[]');ledger=self.reader.snapshot();journal=self.store.read();self.assertTrue(binding.validate_ledger(ledger,proof['owner'],journal));self.assertEqual(ledger['history'][0]['evidence']['peer']['pid'],os.getpid())
  File "/home/hoskinson/window-integration-qa/family-preparation-thumbnail-v7/test_actual_binding.py", line 73, in bound
    proof=binding.bind_owner(factory,self.lease.verify,destination/'actual-owner-binding.json',initial,digest);factory.binding_owner=proof;return proof
  File "/home/hoskinson/window-integration-qa/family-preparation-thumbnail-v7/module_binding.py", line 149, in bind_owner
    if raw['errors']:raise ValueError('complete owner binding refused; raw evidence: '+str(destination))
                     ^^^^^^^^^^^^^^^^^^^^^^^^^^^^^^^^^^^^^^^^^^^^^^^^^^^^^^^^^^^^^^^^^^^^^^^^^^^^^^^^^^^
ValueError: complete owner binding refused; raw evidence: /tmp/tmp2u1hoq55/evidence/actual-owner-binding.json

======================================================================
ERROR: test_actual_recovery_coordinator_binding_before_any_effect (test_actual_binding.OwnerKernelTests.test_actual_recovery_coordinator_binding_before_any_effect)
----------------------------------------------------------------------
Traceback (most recent call last):
  File "/home/hoskinson/window-integration-qa/family-preparation-thumbnail-v7/test_actual_binding.py", line 134, in test_actual_recovery_coordinator_binding_before_any_effect
    self.bound(factory,initial,destination,digest);coordinator=NativeRecovery(factory,lease_verify=self.lease.verify)
    ~~~~~~~~~~^^^^^^^^^^^^^^^^^^^^^^^^^^^^^^^^^^^^
  File "/home/hoskinson/window-integration-qa/family-preparation-thumbnail-v7/test_actual_binding.py", line 73, in bound
    proof=binding.bind_owner(factory,self.lease.verify,destination/'actual-owner-binding.json',initial,digest);factory.binding_owner=proof;return proof
  File "/home/hoskinson/window-integration-qa/family-preparation-thumbnail-v7/module_binding.py", line 149, in bind_owner
    if raw['errors']:raise ValueError('complete owner binding refused; raw evidence: '+str(destination))
                     ^^^^^^^^^^^^^^^^^^^^^^^^^^^^^^^^^^^^^^^^^^^^^^^^^^^^^^^^^^^^^^^^^^^^^^^^^^^^^^^^^^^
ValueError: complete owner binding refused; raw evidence: /tmp/tmpglyi7zi2/evidence/actual-owner-binding.json

======================================================================
ERROR: test_actual_terminal_closed_lease_and_ledger_then_changed_archive_refuses (test_actual_binding.OwnerKernelTests.test_actual_terminal_closed_lease_and_ledger_then_changed_archive_refuses)
----------------------------------------------------------------------
Traceback (most recent call last):
  File "/home/hoskinson/window-integration-qa/family-preparation-thumbnail-v7/test_actual_binding.py", line 163, in test_actual_terminal_closed_lease_and_ledger_then_changed_archive_refuses
    before=self.bound(factory,initial,destination,digest);probe=binding.data_probe(factory,destination/'probe.json');journal=self.store.read();journal['helperOwnership']={'keeper':{'servicePID':os.getpid(),'serviceStart':service_runtime.process_start(os.getpid()),'rootIdentity':list(self.lease.root_identity)}};self.store.write(journal);self.lease.close()
  File "/home/hoskinson/window-integration-qa/family-preparation-thumbnail-v7/test_actual_binding.py", line 73, in bound
    proof=binding.bind_owner(factory,self.lease.verify,destination/'actual-owner-binding.json',initial,digest);factory.binding_owner=proof;return proof
  File "/home/hoskinson/window-integration-qa/family-preparation-thumbnail-v7/module_binding.py", line 149, in bind_owner
    if raw['errors']:raise ValueError('complete owner binding refused; raw evidence: '+str(destination))
                     ^^^^^^^^^^^^^^^^^^^^^^^^^^^^^^^^^^^^^^^^^^^^^^^^^^^^^^^^^^^^^^^^^^^^^^^^^^^^^^^^^^^
ValueError: complete owner binding refused; raw evidence: /tmp/tmpq_teewei/evidence/actual-owner-binding.json

======================================================================
ERROR: test_callback_replacement_after_disk_refuses (test_actual_binding.OwnerKernelTests.test_callback_replacement_after_disk_refuses)
----------------------------------------------------------------------
Traceback (most recent call last):
  File "/home/hoskinson/window-integration-qa/family-preparation-thumbnail-v7/test_actual_binding.py", line 98, in test_callback_replacement_after_disk_refuses
    self.assertTrue(json.loads((destination/'actual-owner-binding-confirmation.json').read_text())['errors'])
                               ~~~~~~~~~~~~~~~~~~~~~~~~~~~~~~~~~~~~~~~~~~~~~~~~~~~~~~~~~~~~~~~~^^
  File "/usr/lib/python3.14/pathlib/__init__.py", line 787, in read_text
    with self.open(mode='r', encoding=encoding, errors=errors, newline=newline) as f:
         ~~~~~~~~~^^^^^^^^^^^^^^^^^^^^^^^^^^^^^^^^^^^^^^^^^^^^^^^^^^^^^^^^^^^^^
  File "/usr/lib/python3.14/pathlib/__init__.py", line 771, in open
    return io.open(self, mode, buffering, encoding, errors, newline)
           ~~~~~~~^^^^^^^^^^^^^^^^^^^^^^^^^^^^^^^^^^^^^^^^^^^^^^^^^^
FileNotFoundError: [Errno 2] No such file or directory: '/tmp/tmpy1cqhpqw/evidence/actual-owner-binding-confirmation.json'

======================================================================
ERROR: test_exact_actual_actor_class_and_callback_chain (test_actual_binding.OwnerKernelTests.test_exact_actual_actor_class_and_callback_chain)
----------------------------------------------------------------------
Traceback (most recent call last):
  File "/home/hoskinson/window-integration-qa/family-preparation-thumbnail-v7/test_actual_binding.py", line 122, in test_exact_actual_actor_class_and_callback_chain
    self.bound(factory,initial,destination,digest);desktop,transport,controller=self.actor(factory)
    ~~~~~~~~~~^^^^^^^^^^^^^^^^^^^^^^^^^^^^^^^^^^^^
  File "/home/hoskinson/window-integration-qa/family-preparation-thumbnail-v7/test_actual_binding.py", line 73, in bound
    proof=binding.bind_owner(factory,self.lease.verify,destination/'actual-owner-binding.json',initial,digest);factory.binding_owner=proof;return proof
  File "/home/hoskinson/window-integration-qa/family-preparation-thumbnail-v7/module_binding.py", line 149, in bind_owner
    if raw['errors']:raise ValueError('complete owner binding refused; raw evidence: '+str(destination))
                     ^^^^^^^^^^^^^^^^^^^^^^^^^^^^^^^^^^^^^^^^^^^^^^^^^^^^^^^^^^^^^^^^^^^^^^^^^^^^^^^^^^^
ValueError: complete owner binding refused; raw evidence: /tmp/tmpd6rf_isv/evidence/actual-owner-binding.json

======================================================================
ERROR: test_expected_fault_pending_data_is_retained_without_authority (test_actual_binding.OwnerKernelTests.test_expected_fault_pending_data_is_retained_without_authority)
----------------------------------------------------------------------
Traceback (most recent call last):
  File "/home/hoskinson/window-integration-qa/family-preparation-thumbnail-v7/test_actual_binding.py", line 155, in test_expected_fault_pending_data_is_retained_without_authority
    self.bound(factory,initial,destination,digest);self.query();pending=next(r for r in self.records if r['history'] and r['history'][-1]['outcome']=='pending')
    ~~~~~~~~~~^^^^^^^^^^^^^^^^^^^^^^^^^^^^^^^^^^^^
  File "/home/hoskinson/window-integration-qa/family-preparation-thumbnail-v7/test_actual_binding.py", line 73, in bound
    proof=binding.bind_owner(factory,self.lease.verify,destination/'actual-owner-binding.json',initial,digest);factory.binding_owner=proof;return proof
  File "/home/hoskinson/window-integration-qa/family-preparation-thumbnail-v7/module_binding.py", line 149, in bind_owner
    if raw['errors']:raise ValueError('complete owner binding refused; raw evidence: '+str(destination))
                     ^^^^^^^^^^^^^^^^^^^^^^^^^^^^^^^^^^^^^^^^^^^^^^^^^^^^^^^^^^^^^^^^^^^^^^^^^^^^^^^^^^^
ValueError: complete owner binding refused; raw evidence: /tmp/tmpmqzcghr1/evidence/actual-owner-binding.json

======================================================================
ERROR: test_genuine_owned_data_probe_uses_actual_row_and_no_helper (test_actual_binding.OwnerKernelTests.test_genuine_owned_data_probe_uses_actual_row_and_no_helper)
----------------------------------------------------------------------
Traceback (most recent call last):
  File "/home/hoskinson/window-integration-qa/family-preparation-thumbnail-v7/test_actual_binding.py", line 146, in test_genuine_owned_data_probe_uses_actual_row_and_no_helper
    self.bound(factory,initial,destination,digest);probe=binding.data_probe(factory,destination/'probe.json')
    ~~~~~~~~~~^^^^^^^^^^^^^^^^^^^^^^^^^^^^^^^^^^^^
  File "/home/hoskinson/window-integration-qa/family-preparation-thumbnail-v7/test_actual_binding.py", line 73, in bound
    proof=binding.bind_owner(factory,self.lease.verify,destination/'actual-owner-binding.json',initial,digest);factory.binding_owner=proof;return proof
  File "/home/hoskinson/window-integration-qa/family-preparation-thumbnail-v7/module_binding.py", line 149, in bind_owner
    if raw['errors']:raise ValueError('complete owner binding refused; raw evidence: '+str(destination))
                     ^^^^^^^^^^^^^^^^^^^^^^^^^^^^^^^^^^^^^^^^^^^^^^^^^^^^^^^^^^^^^^^^^^^^^^^^^^^^^^^^^^^
ValueError: complete owner binding refused; raw evidence: /tmp/tmp9c10e2fl/evidence/actual-owner-binding.json

======================================================================
ERROR: test_owner_changed_after_disk_has_raw_confirmation_before_refusal (test_actual_binding.OwnerKernelTests.test_owner_changed_after_disk_has_raw_confirmation_before_refusal)
----------------------------------------------------------------------
Traceback (most recent call last):
  File "/home/hoskinson/window-integration-qa/family-preparation-thumbnail-v7/test_actual_binding.py", line 89, in test_owner_changed_after_disk_has_raw_confirmation_before_refusal
    confirm=json.loads((destination/'actual-owner-binding-confirmation.json').read_text());self.assertTrue(confirm['errors']);self.assertFalse(confirm['usable'])
                       ~~~~~~~~~~~~~~~~~~~~~~~~~~~~~~~~~~~~~~~~~~~~~~~~~~~~~~~~~~~~~~~~^^
  File "/usr/lib/python3.14/pathlib/__init__.py", line 787, in read_text
    with self.open(mode='r', encoding=encoding, errors=errors, newline=newline) as f:
         ~~~~~~~~~^^^^^^^^^^^^^^^^^^^^^^^^^^^^^^^^^^^^^^^^^^^^^^^^^^^^^^^^^^^^^
  File "/usr/lib/python3.14/pathlib/__init__.py", line 771, in open
    return io.open(self, mode, buffering, encoding, errors, newline)
           ~~~~~~~^^^^^^^^^^^^^^^^^^^^^^^^^^^^^^^^^^^^^^^^^^^^^^^^^^
FileNotFoundError: [Errno 2] No such file or directory: '/tmp/tmptg31d9bc/evidence/actual-owner-binding-confirmation.json'

======================================================================
ERROR: test_pending_refused_missing_and_replaced_owner_never_admit (test_actual_binding.OwnerKernelTests.test_pending_refused_missing_and_replaced_owner_never_admit)
----------------------------------------------------------------------
Traceback (most recent call last):
  File "/home/hoskinson/window-integration-qa/family-preparation-thumbnail-v7/test_actual_binding.py", line 104, in test_pending_refused_missing_and_replaced_owner_never_admit
    proof=self.bound(factory,initial,destination,digest);self.query();ledger=self.reader.snapshot();journal=self.store.read()
  File "/home/hoskinson/window-integration-qa/family-preparation-thumbnail-v7/test_actual_binding.py", line 73, in bound
    proof=binding.bind_owner(factory,self.lease.verify,destination/'actual-owner-binding.json',initial,digest);factory.binding_owner=proof;return proof
  File "/home/hoskinson/window-integration-qa/family-preparation-thumbnail-v7/module_binding.py", line 149, in bind_owner
    if raw['errors']:raise ValueError('complete owner binding refused; raw evidence: '+str(destination))
                     ^^^^^^^^^^^^^^^^^^^^^^^^^^^^^^^^^^^^^^^^^^^^^^^^^^^^^^^^^^^^^^^^^^^^^^^^^^^^^^^^^^^
ValueError: complete owner binding refused; raw evidence: /tmp/tmp125bkz6b/evidence/actual-owner-binding.json

======================================================================
ERROR: test_probe_wrong_owner_before_bytes_is_persisted_unusable (test_actual_binding.OwnerKernelTests.test_probe_wrong_owner_before_bytes_is_persisted_unusable)
----------------------------------------------------------------------
Traceback (most recent call last):
  File "/home/hoskinson/window-integration-qa/family-preparation-thumbnail-v7/test_actual_binding.py", line 150, in test_probe_wrong_owner_before_bytes_is_persisted_unusable
    self.bound(factory,initial,destination,digest);factory.binding_owner['ownerToken']='0'*64;before=list(self.control.requests)
    ~~~~~~~~~~^^^^^^^^^^^^^^^^^^^^^^^^^^^^^^^^^^^^
  File "/home/hoskinson/window-integration-qa/family-preparation-thumbnail-v7/test_actual_binding.py", line 73, in bound
    proof=binding.bind_owner(factory,self.lease.verify,destination/'actual-owner-binding.json',initial,digest);factory.binding_owner=proof;return proof
  File "/home/hoskinson/window-integration-qa/family-preparation-thumbnail-v7/module_binding.py", line 149, in bind_owner
    if raw['errors']:raise ValueError('complete owner binding refused; raw evidence: '+str(destination))
                     ^^^^^^^^^^^^^^^^^^^^^^^^^^^^^^^^^^^^^^^^^^^^^^^^^^^^^^^^^^^^^^^^^^^^^^^^^^^^^^^^^^^
ValueError: complete owner binding refused; raw evidence: /tmp/tmp52jq296e/evidence/actual-owner-binding.json

======================================================================
ERROR: test_stale_callback_no_actor_preparation_authority (test_actual_binding.OwnerKernelTests.test_stale_callback_no_actor_preparation_authority)
----------------------------------------------------------------------
Traceback (most recent call last):
  File "/home/hoskinson/window-integration-qa/family-preparation-thumbnail-v7/test_actual_binding.py", line 128, in test_stale_callback_no_actor_preparation_authority
    self.bound(factory,initial,destination,digest);desktop,transport,controller=self.actor(factory);transport.callback=lambda event:None
    ~~~~~~~~~~^^^^^^^^^^^^^^^^^^^^^^^^^^^^^^^^^^^^
  File "/home/hoskinson/window-integration-qa/family-preparation-thumbnail-v7/test_actual_binding.py", line 73, in bound
    proof=binding.bind_owner(factory,self.lease.verify,destination/'actual-owner-binding.json',initial,digest);factory.binding_owner=proof;return proof
  File "/home/hoskinson/window-integration-qa/family-preparation-thumbnail-v7/module_binding.py", line 149, in bind_owner
    if raw['errors']:raise ValueError('complete owner binding refused; raw evidence: '+str(destination))
                     ^^^^^^^^^^^^^^^^^^^^^^^^^^^^^^^^^^^^^^^^^^^^^^^^^^^^^^^^^^^^^^^^^^^^^^^^^^^^^^^^^^^
ValueError: complete owner binding refused; raw evidence: /tmp/tmp3b07a0zp/evidence/actual-owner-binding.json

======================================================================
ERROR: test_wrong_actual_recovery_factory_refuses_before_effect (test_actual_binding.OwnerKernelTests.test_wrong_actual_recovery_factory_refuses_before_effect)
----------------------------------------------------------------------
Traceback (most recent call last):
  File "/home/hoskinson/window-integration-qa/family-preparation-thumbnail-v7/test_actual_binding.py", line 141, in test_wrong_actual_recovery_factory_refuses_before_effect
    self.bound(factory,initial,destination,digest);coordinator=NativeRecovery(factory,lease_verify=self.lease.verify);coordinator.factory=object()
    ~~~~~~~~~~^^^^^^^^^^^^^^^^^^^^^^^^^^^^^^^^^^^^
  File "/home/hoskinson/window-integration-qa/family-preparation-thumbnail-v7/test_actual_binding.py", line 73, in bound
    proof=binding.bind_owner(factory,self.lease.verify,destination/'actual-owner-binding.json',initial,digest);factory.binding_owner=proof;return proof
  File "/home/hoskinson/window-integration-qa/family-preparation-thumbnail-v7/module_binding.py", line 149, in bind_owner
    if raw['errors']:raise ValueError('complete owner binding refused; raw evidence: '+str(destination))
                     ^^^^^^^^^^^^^^^^^^^^^^^^^^^^^^^^^^^^^^^^^^^^^^^^^^^^^^^^^^^^^^^^^^^^^^^^^^^^^^^^^^^
ValueError: complete owner binding refused; raw evidence: /tmp/tmpa478veap/evidence/actual-owner-binding.json

======================================================================
ERROR: test_actual_batch_callback_objects_and_roots_captured (test_batch_binding.BatchBindingKernelTests.test_actual_batch_callback_objects_and_roots_captured)
----------------------------------------------------------------------
Traceback (most recent call last):
  File "/home/hoskinson/window-integration-qa/family-preparation-thumbnail-v7/test_batch_binding.py", line 44, in test_actual_batch_callback_objects_and_roots_captured
    self.bound(factory,initial,destination,digest)
    ~~~~~~~~~~^^^^^^^^^^^^^^^^^^^^^^^^^^^^^^^^^^^^
  File "/home/hoskinson/window-integration-qa/family-preparation-thumbnail-v7/test_actual_binding.py", line 73, in bound
    proof=binding.bind_owner(factory,self.lease.verify,destination/'actual-owner-binding.json',initial,digest);factory.binding_owner=proof;return proof
  File "/home/hoskinson/window-integration-qa/family-preparation-thumbnail-v7/module_binding.py", line 149, in bind_owner
    if raw['errors']:raise ValueError('complete owner binding refused; raw evidence: '+str(destination))
                     ^^^^^^^^^^^^^^^^^^^^^^^^^^^^^^^^^^^^^^^^^^^^^^^^^^^^^^^^^^^^^^^^^^^^^^^^^^^^^^^^^^^
ValueError: complete owner binding refused; raw evidence: /tmp/tmpgl_eefh6/evidence/actual-owner-binding.json

======================================================================
ERROR: test_exact_actual_terminal_batch_and_postdisk_callbacks (test_batch_binding.BatchBindingKernelTests.test_exact_actual_terminal_batch_and_postdisk_callbacks)
----------------------------------------------------------------------
Traceback (most recent call last):
  File "/home/hoskinson/window-integration-qa/family-preparation-thumbnail-v7/test_batch_binding.py", line 104, in test_exact_actual_terminal_batch_and_postdisk_callbacks
    self.bound(factory,initial,destination,digest);desktop=self.install_actor(factory,destination)
    ~~~~~~~~~~^^^^^^^^^^^^^^^^^^^^^^^^^^^^^^^^^^^^
  File "/home/hoskinson/window-integration-qa/family-preparation-thumbnail-v7/test_actual_binding.py", line 73, in bound
    proof=binding.bind_owner(factory,self.lease.verify,destination/'actual-owner-binding.json',initial,digest);factory.binding_owner=proof;return proof
  File "/home/hoskinson/window-integration-qa/family-preparation-thumbnail-v7/module_binding.py", line 149, in bind_owner
    if raw['errors']:raise ValueError('complete owner binding refused; raw evidence: '+str(destination))
                     ^^^^^^^^^^^^^^^^^^^^^^^^^^^^^^^^^^^^^^^^^^^^^^^^^^^^^^^^^^^^^^^^^^^^^^^^^^^^^^^^^^^
ValueError: complete owner binding refused; raw evidence: /tmp/tmplv78tsts/evidence/actual-owner-binding.json

======================================================================
ERROR: test_individually_valid_batch_replacement_after_disk_refuses (test_batch_binding.BatchBindingKernelTests.test_individually_valid_batch_replacement_after_disk_refuses)
----------------------------------------------------------------------
Traceback (most recent call last):
  File "/home/hoskinson/window-integration-qa/family-preparation-thumbnail-v7/test_batch_binding.py", line 74, in test_individually_valid_batch_replacement_after_disk_refuses
    self.bound(factory,initial,destination,digest)
    ~~~~~~~~~~^^^^^^^^^^^^^^^^^^^^^^^^^^^^^^^^^^^^
  File "/home/hoskinson/window-integration-qa/family-preparation-thumbnail-v7/test_actual_binding.py", line 73, in bound
    proof=binding.bind_owner(factory,self.lease.verify,destination/'actual-owner-binding.json',initial,digest);factory.binding_owner=proof;return proof
  File "/home/hoskinson/window-integration-qa/family-preparation-thumbnail-v7/module_binding.py", line 149, in bind_owner
    if raw['errors']:raise ValueError('complete owner binding refused; raw evidence: '+str(destination))
                     ^^^^^^^^^^^^^^^^^^^^^^^^^^^^^^^^^^^^^^^^^^^^^^^^^^^^^^^^^^^^^^^^^^^^^^^^^^^^^^^^^^^
ValueError: complete owner binding refused; raw evidence: /tmp/tmp22c7syjh/evidence/actual-owner-binding.json

======================================================================
ERROR: test_individually_valid_foreign_commands_root_preview_or_actor_refuse (test_batch_binding.BatchBindingKernelTests.test_individually_valid_foreign_commands_root_preview_or_actor_refuse) (field='commands')
----------------------------------------------------------------------
Traceback (most recent call last):
  File "/home/hoskinson/window-integration-qa/family-preparation-thumbnail-v7/test_batch_binding.py", line 59, in test_individually_valid_foreign_commands_root_preview_or_actor_refuse
    self.bound(factory,initial,destination,digest)
    ~~~~~~~~~~^^^^^^^^^^^^^^^^^^^^^^^^^^^^^^^^^^^^
  File "/home/hoskinson/window-integration-qa/family-preparation-thumbnail-v7/test_actual_binding.py", line 73, in bound
    proof=binding.bind_owner(factory,self.lease.verify,destination/'actual-owner-binding.json',initial,digest);factory.binding_owner=proof;return proof
  File "/home/hoskinson/window-integration-qa/family-preparation-thumbnail-v7/module_binding.py", line 149, in bind_owner
    if raw['errors']:raise ValueError('complete owner binding refused; raw evidence: '+str(destination))
                     ^^^^^^^^^^^^^^^^^^^^^^^^^^^^^^^^^^^^^^^^^^^^^^^^^^^^^^^^^^^^^^^^^^^^^^^^^^^^^^^^^^^
ValueError: complete owner binding refused; raw evidence: /tmp/tmpbrl3jdu3/evidence/actual-owner-binding.json

======================================================================
ERROR: test_individually_valid_foreign_commands_root_preview_or_actor_refuse (test_batch_binding.BatchBindingKernelTests.test_individually_valid_foreign_commands_root_preview_or_actor_refuse) (field='root')
----------------------------------------------------------------------
Traceback (most recent call last):
  File "/home/hoskinson/window-integration-qa/family-preparation-thumbnail-v7/test_batch_binding.py", line 59, in test_individually_valid_foreign_commands_root_preview_or_actor_refuse
    self.bound(factory,initial,destination,digest)
    ~~~~~~~~~~^^^^^^^^^^^^^^^^^^^^^^^^^^^^^^^^^^^^
  File "/home/hoskinson/window-integration-qa/family-preparation-thumbnail-v7/test_actual_binding.py", line 73, in bound
    proof=binding.bind_owner(factory,self.lease.verify,destination/'actual-owner-binding.json',initial,digest);factory.binding_owner=proof;return proof
  File "/home/hoskinson/window-integration-qa/family-preparation-thumbnail-v7/module_binding.py", line 149, in bind_owner
    if raw['errors']:raise ValueError('complete owner binding refused; raw evidence: '+str(destination))
                     ^^^^^^^^^^^^^^^^^^^^^^^^^^^^^^^^^^^^^^^^^^^^^^^^^^^^^^^^^^^^^^^^^^^^^^^^^^^^^^^^^^^
ValueError: complete owner binding refused; raw evidence: /tmp/tmpu59ze7lw/evidence/actual-owner-binding.json

======================================================================
ERROR: test_individually_valid_foreign_commands_root_preview_or_actor_refuse (test_batch_binding.BatchBindingKernelTests.test_individually_valid_foreign_commands_root_preview_or_actor_refuse) (field='preview')
----------------------------------------------------------------------
Traceback (most recent call last):
  File "/home/hoskinson/window-integration-qa/family-preparation-thumbnail-v7/test_batch_binding.py", line 59, in test_individually_valid_foreign_commands_root_preview_or_actor_refuse
    self.bound(factory,initial,destination,digest)
    ~~~~~~~~~~^^^^^^^^^^^^^^^^^^^^^^^^^^^^^^^^^^^^
  File "/home/hoskinson/window-integration-qa/family-preparation-thumbnail-v7/test_actual_binding.py", line 73, in bound
    proof=binding.bind_owner(factory,self.lease.verify,destination/'actual-owner-binding.json',initial,digest);factory.binding_owner=proof;return proof
  File "/home/hoskinson/window-integration-qa/family-preparation-thumbnail-v7/module_binding.py", line 149, in bind_owner
    if raw['errors']:raise ValueError('complete owner binding refused; raw evidence: '+str(destination))
                     ^^^^^^^^^^^^^^^^^^^^^^^^^^^^^^^^^^^^^^^^^^^^^^^^^^^^^^^^^^^^^^^^^^^^^^^^^^^^^^^^^^^
ValueError: complete owner binding refused; raw evidence: /tmp/tmppewigzrt/evidence/actual-owner-binding.json

======================================================================
ERROR: test_individually_valid_foreign_commands_root_preview_or_actor_refuse (test_batch_binding.BatchBindingKernelTests.test_individually_valid_foreign_commands_root_preview_or_actor_refuse) (field='actor')
----------------------------------------------------------------------
Traceback (most recent call last):
  File "/home/hoskinson/window-integration-qa/family-preparation-thumbnail-v7/test_batch_binding.py", line 59, in test_individually_valid_foreign_commands_root_preview_or_actor_refuse
    self.bound(factory,initial,destination,digest)
    ~~~~~~~~~~^^^^^^^^^^^^^^^^^^^^^^^^^^^^^^^^^^^^
  File "/home/hoskinson/window-integration-qa/family-preparation-thumbnail-v7/test_actual_binding.py", line 73, in bound
    proof=binding.bind_owner(factory,self.lease.verify,destination/'actual-owner-binding.json',initial,digest);factory.binding_owner=proof;return proof
  File "/home/hoskinson/window-integration-qa/family-preparation-thumbnail-v7/module_binding.py", line 149, in bind_owner
    if raw['errors']:raise ValueError('complete owner binding refused; raw evidence: '+str(destination))
                     ^^^^^^^^^^^^^^^^^^^^^^^^^^^^^^^^^^^^^^^^^^^^^^^^^^^^^^^^^^^^^^^^^^^^^^^^^^^^^^^^^^^
ValueError: complete owner binding refused; raw evidence: /tmp/tmp9z8q1g_n/evidence/actual-owner-binding.json

======================================================================
ERROR: test_individually_valid_foreign_commands_root_preview_or_actor_refuse (test_batch_binding.BatchBindingKernelTests.test_individually_valid_foreign_commands_root_preview_or_actor_refuse) (field='class')
----------------------------------------------------------------------
Traceback (most recent call last):
  File "/home/hoskinson/window-integration-qa/family-preparation-thumbnail-v7/test_batch_binding.py", line 59, in test_individually_valid_foreign_commands_root_preview_or_actor_refuse
    self.bound(factory,initial,destination,digest)
    ~~~~~~~~~~^^^^^^^^^^^^^^^^^^^^^^^^^^^^^^^^^^^^
  File "/home/hoskinson/window-integration-qa/family-preparation-thumbnail-v7/test_actual_binding.py", line 73, in bound
    proof=binding.bind_owner(factory,self.lease.verify,destination/'actual-owner-binding.json',initial,digest);factory.binding_owner=proof;return proof
  File "/home/hoskinson/window-integration-qa/family-preparation-thumbnail-v7/module_binding.py", line 149, in bind_owner
    if raw['errors']:raise ValueError('complete owner binding refused; raw evidence: '+str(destination))
                     ^^^^^^^^^^^^^^^^^^^^^^^^^^^^^^^^^^^^^^^^^^^^^^^^^^^^^^^^^^^^^^^^^^^^^^^^^^^^^^^^^^^
ValueError: complete owner binding refused; raw evidence: /tmp/tmpad63vca2/evidence/actual-owner-binding.json

======================================================================
ERROR: test_individually_valid_foreign_commands_root_preview_or_actor_refuse (test_batch_binding.BatchBindingKernelTests.test_individually_valid_foreign_commands_root_preview_or_actor_refuse) (field='finisher')
----------------------------------------------------------------------
Traceback (most recent call last):
  File "/home/hoskinson/window-integration-qa/family-preparation-thumbnail-v7/test_batch_binding.py", line 59, in test_individually_valid_foreign_commands_root_preview_or_actor_refuse
    self.bound(factory,initial,destination,digest)
    ~~~~~~~~~~^^^^^^^^^^^^^^^^^^^^^^^^^^^^^^^^^^^^
  File "/home/hoskinson/window-integration-qa/family-preparation-thumbnail-v7/test_actual_binding.py", line 73, in bound
    proof=binding.bind_owner(factory,self.lease.verify,destination/'actual-owner-binding.json',initial,digest);factory.binding_owner=proof;return proof
  File "/home/hoskinson/window-integration-qa/family-preparation-thumbnail-v7/module_binding.py", line 149, in bind_owner
    if raw['errors']:raise ValueError('complete owner binding refused; raw evidence: '+str(destination))
                     ^^^^^^^^^^^^^^^^^^^^^^^^^^^^^^^^^^^^^^^^^^^^^^^^^^^^^^^^^^^^^^^^^^^^^^^^^^^^^^^^^^^
ValueError: complete owner binding refused; raw evidence: /tmp/tmpjooui15c/evidence/actual-owner-binding.json

======================================================================
ERROR: test_terminal_postdisk_replacement_has_raw_refusal (test_batch_binding.BatchBindingKernelTests.test_terminal_postdisk_replacement_has_raw_refusal)
----------------------------------------------------------------------
Traceback (most recent call last):
  File "/home/hoskinson/window-integration-qa/family-preparation-thumbnail-v7/test_batch_binding.py", line 127, in test_terminal_postdisk_replacement_has_raw_refusal
    self.bound(factory,initial,destination,digest);desktop=self.install_actor(factory,destination)
    ~~~~~~~~~~^^^^^^^^^^^^^^^^^^^^^^^^^^^^^^^^^^^^
  File "/home/hoskinson/window-integration-qa/family-preparation-thumbnail-v7/test_actual_binding.py", line 73, in bound
    proof=binding.bind_owner(factory,self.lease.verify,destination/'actual-owner-binding.json',initial,digest);factory.binding_owner=proof;return proof
  File "/home/hoskinson/window-integration-qa/family-preparation-thumbnail-v7/module_binding.py", line 149, in bind_owner
    if raw['errors']:raise ValueError('complete owner binding refused; raw evidence: '+str(destination))
                     ^^^^^^^^^^^^^^^^^^^^^^^^^^^^^^^^^^^^^^^^^^^^^^^^^^^^^^^^^^^^^^^^^^^^^^^^^^^^^^^^^^^
ValueError: complete owner binding refused; raw evidence: /tmp/tmpe4jr2wgd/evidence/actual-owner-binding.json

======================================================================
ERROR: test_terminal_replaced_callback_refuses (test_batch_binding.BatchBindingKernelTests.test_terminal_replaced_callback_refuses)
----------------------------------------------------------------------
Traceback (most recent call last):
  File "/home/hoskinson/window-integration-qa/family-preparation-thumbnail-v7/test_batch_binding.py", line 123, in test_terminal_replaced_callback_refuses
    self.terminal_replacement('callback')
    ~~~~~~~~~~~~~~~~~~~~~~~~~^^^^^^^^^^^^
  File "/home/hoskinson/window-integration-qa/family-preparation-thumbnail-v7/test_batch_binding.py", line 113, in terminal_replacement
    self.bound(factory,initial,destination,digest);desktop=self.install_actor(factory,destination)
    ~~~~~~~~~~^^^^^^^^^^^^^^^^^^^^^^^^^^^^^^^^^^^^
  File "/home/hoskinson/window-integration-qa/family-preparation-thumbnail-v7/test_actual_binding.py", line 73, in bound
    proof=binding.bind_owner(factory,self.lease.verify,destination/'actual-owner-binding.json',initial,digest);factory.binding_owner=proof;return proof
  File "/home/hoskinson/window-integration-qa/family-preparation-thumbnail-v7/module_binding.py", line 149, in bind_owner
    if raw['errors']:raise ValueError('complete owner binding refused; raw evidence: '+str(destination))
                     ^^^^^^^^^^^^^^^^^^^^^^^^^^^^^^^^^^^^^^^^^^^^^^^^^^^^^^^^^^^^^^^^^^^^^^^^^^^^^^^^^^^
ValueError: complete owner binding refused; raw evidence: /tmp/tmp10id0z1s/evidence/actual-owner-binding.json

======================================================================
ERROR: test_terminal_still_valid_replaced_batch_refuses (test_batch_binding.BatchBindingKernelTests.test_terminal_still_valid_replaced_batch_refuses)
----------------------------------------------------------------------
Traceback (most recent call last):
  File "/home/hoskinson/window-integration-qa/family-preparation-thumbnail-v7/test_batch_binding.py", line 120, in test_terminal_still_valid_replaced_batch_refuses
    self.terminal_replacement('batch')
    ~~~~~~~~~~~~~~~~~~~~~~~~~^^^^^^^^^
  File "/home/hoskinson/window-integration-qa/family-preparation-thumbnail-v7/test_batch_binding.py", line 113, in terminal_replacement
    self.bound(factory,initial,destination,digest);desktop=self.install_actor(factory,destination)
    ~~~~~~~~~~^^^^^^^^^^^^^^^^^^^^^^^^^^^^^^^^^^^^
  File "/home/hoskinson/window-integration-qa/family-preparation-thumbnail-v7/test_actual_binding.py", line 73, in bound
    proof=binding.bind_owner(factory,self.lease.verify,destination/'actual-owner-binding.json',initial,digest);factory.binding_owner=proof;return proof
  File "/home/hoskinson/window-integration-qa/family-preparation-thumbnail-v7/module_binding.py", line 149, in bind_owner
    if raw['errors']:raise ValueError('complete owner binding refused; raw evidence: '+str(destination))
                     ^^^^^^^^^^^^^^^^^^^^^^^^^^^^^^^^^^^^^^^^^^^^^^^^^^^^^^^^^^^^^^^^^^^^^^^^^^^^^^^^^^^
ValueError: complete owner binding refused; raw evidence: /tmp/tmp3svl172b/evidence/actual-owner-binding.json

======================================================================
FAIL: test_actual_candidate_and_links (test_actual_binding.LoadedSourceTests.test_actual_candidate_and_links)
----------------------------------------------------------------------
Traceback (most recent call last):
  File "/home/hoskinson/window-integration-qa/family-preparation-thumbnail-v7/test_actual_binding.py", line 15, in test_actual_candidate_and_links
    raw=binding._observe('actual-cpu');self.assertEqual(raw['errors'],[]);self.assertFalse(raw['usable']);self.assertTrue(raw['rawEvidenceOnly']);self.assertEqual(len(raw['modules']),19);self.assertTrue(all(v['matched'] for v in raw['links']))
                                       ~~~~~~~~~~~~~~~~^^^^^^^^^^^^^^^^^^
AssertionError: Lists differ: [{'type': 'ValueError', 'message': 'actual[280 chars]or'}] != []

First list contains 3 additional elements.
First extra element 0:
{'type': 'ValueError', 'message': 'actual loaded module does not match frozen candidate: recovery_runtime'}

+ []
- [{'message': 'actual loaded module does not match frozen candidate: '
-              'recovery_runtime',
-   'type': 'ValueError'},
-  {'message': 'actual loaded module does not match frozen candidate: '
-              'recovery_cancel',
-   'type': 'ValueError'},
-  {'message': 'actual loaded module does not match frozen candidate: '
-              'helper_supervisor',
-   'type': 'ValueError'}]

----------------------------------------------------------------------
Ran 118 tests in 24.568s

FAILED (failures=1, errors=26)
