0000000000047068 u _ZGV10g_pHyprCtl
0000000000047070 u _ZGV13g_pCompositor
00000000000470a0 u _ZGV14g_pSeatManager
0000000000047038 u _ZGV15g_layoutManager
0000000000047098 u _ZGV15g_pEventManager
0000000000047040 u _ZGV15g_pHyprRenderer
0000000000047088 u _ZGV15g_pInputManager
0000000000047078 u _ZGV17g_pKeybindManager
00000000000470f8 u _ZGV18g_pXWaylandManager
0000000000047080 u _ZGV21g_pFunctionHookSystem
0000000000047090 u _ZGV21g_pSessionLockManager
00000000000470f0 u _ZGV23g_pDecorationPositioner
0000000000047058 u _ZGVN10NProtocols10compositorE
0000000000047060 u _ZGVN10NProtocols4syncE
00000000000470b0 u _ZGVN10NProtocols8xdgShellE
00000000000470a8 u _ZGVN10NProtocols9xdgDialogE
00000000000470d0 u _ZGVN16NColorManagement23SCRGB_IMAGE_DESCRIPTIONE
00000000000470c8 u _ZGVN16NColorManagement24BT2100_IMAGE_DESCRIPTIONE
00000000000470c0 u _ZGVN16NColorManagement24LINEAR_IMAGE_DESCRIPTIONE
00000000000470b8 u _ZGVN16NColorManagement27LINEAR_NN_IMAGE_DESCRIPTIONE
00000000000470d8 u _ZGVN16NColorManagement29DEFAULT_HDR_IMAGE_DESCRIPTIONE
00000000000470e0 u _ZGVN16NColorManagement30DEFAULT_SRGB_IMAGE_DESCRIPTIONE
00000000000470e8 u _ZGVN16NColorManagement33DEFAULT_GAMMA22_IMAGE_DESCRIPTIONE
0000000000047160 u _ZGVN3Log6loggerE
0000000000047110 u _ZGVN6Colors10LIGHT_BLUEE
0000000000047140 u _ZGVN6Colors3REDE
0000000000047148 u _ZGVN6Colors4BLUEE
0000000000047118 u _ZGVN6Colors4LIMEE
0000000000047108 u _ZGVN6Colors5BLACKE
0000000000047150 u _ZGVN6Colors5GREENE
0000000000047158 u _ZGVN6Colors5WHITEE
0000000000047138 u _ZGVN6Colors6ORANGEE
0000000000047120 u _ZGVN6Colors6PURPLEE
0000000000047130 u _ZGVN6Colors6YELLOWE
0000000000047128 u _ZGVN6Colors7MAGENTAE
0000000000047100 u _ZGVN6Config26CFontWeightConfigValueData7WEIGHTSB5cxx11E
0000000000047050 u _ZGVN6Render15g_pShaderLoaderE
0000000000047048 u _ZGVN6Render2GL13g_pHyprOpenGLE
0000000000047200 u _ZGVZ30__hyprland_api_get_client_hashE3verB5cxx11
00000000000471b0 u _ZN10NProtocols10compositorE
00000000000471c0 u _ZN10NProtocols4syncE
00000000000472a0 u _ZN10NProtocols8xdgShellE
0000000000047290 u _ZN10NProtocols9xdgDialogE
0000000000032200 W _ZN10SceneModal14focusRecipientERKN9Hyprutils6Memory14CSharedPointerIN7Desktop4View7CWindowEEEb
0000000000030030 W _ZN16NColorManagement17SImageDescription8SICCDataD1Ev
0000000000030030 W _ZN16NColorManagement17SImageDescription8SICCDataD2Ev
00000000000472e0 u _ZN16NColorManagement23SCRGB_IMAGE_DESCRIPTIONE
00000000000472d0 u _ZN16NColorManagement24BT2100_IMAGE_DESCRIPTIONE
00000000000472c0 u _ZN16NColorManagement24LINEAR_IMAGE_DESCRIPTIONE
00000000000472b0 u _ZN16NColorManagement27LINEAR_NN_IMAGE_DESCRIPTIONE
00000000000472f0 u _ZN16NColorManagement29DEFAULT_HDR_IMAGE_DESCRIPTIONE
0000000000047300 u _ZN16NColorManagement30DEFAULT_SRGB_IMAGE_DESCRIPTIONE
0000000000047310 u _ZN16NColorManagement33DEFAULT_GAMMA22_IMAGE_DESCRIPTIONE
000000000002fff0 W _ZN3Elm8Geometry8Barriers10definitiveENS0_6TargetE
000000000002ff90 W _ZN3Elm8Geometry8Barriers5beginENS0_6TargetE
00000000000316a0 W _ZN3Elm9PlacementeqERKNS0_8OriginalES3_
0000000000047640 u _ZN3Log6loggerE
00000000000473c0 u _ZN6Colors10LIGHT_BLUEE
0000000000047540 u _ZN6Colors3REDE
0000000000047580 u _ZN6Colors4BLUEE
0000000000047400 u _ZN6Colors4LIMEE
0000000000047380 u _ZN6Colors5BLACKE
00000000000475c0 u _ZN6Colors5GREENE
0000000000047600 u _ZN6Colors5WHITEE
0000000000047500 u _ZN6Colors6ORANGEE
0000000000047440 u _ZN6Colors6PURPLEE
00000000000474c0 u _ZN6Colors6YELLOWE
0000000000047480 u _ZN6Colors7MAGENTAE
0000000000047340 u _ZN6Config26CFontWeightConfigValueData7WEIGHTSB5cxx11E
00000000000471a0 u _ZN6Render15g_pShaderLoaderE
0000000000047190 u _ZN6Render2GL13g_pHyprOpenGLE
000000000002f050 W _ZN9Hyprutils6Memory12CWeakPointerIKN16NColorManagement17CImageDescriptionEED1Ev
000000000002f050 W _ZN9Hyprutils6Memory12CWeakPointerIKN16NColorManagement17CImageDescriptionEED2Ev
0000000000033430 W _ZN9Hyprutils6Memory12CWeakPointerIN7Desktop4View7CWindowEE13decrementWeakEv
000000000002fa20 W _ZN9Hyprutils6Memory14CSharedPointerI15SHyprCtlCommandED1Ev
000000000002fa20 W _ZN9Hyprutils6Memory14CSharedPointerI15SHyprCtlCommandED2Ev
000000000002fa90 W _ZN9Hyprutils6Memory14CSharedPointerINS_6Signal15CSignalListenerEED1Ev
000000000002fa90 W _ZN9Hyprutils6Memory14CSharedPointerINS_6Signal15CSignalListenerEED2Ev
000000000002f620 W _ZN9Hyprutils6Memory14CUniquePointerI11CCompositorED1Ev
000000000002f620 W _ZN9Hyprutils6Memory14CUniquePointerI11CCompositorED2Ev
000000000002f520 W _ZN9Hyprutils6Memory14CUniquePointerI11CHookSystemED1Ev
000000000002f520 W _ZN9Hyprutils6Memory14CUniquePointerI11CHookSystemED2Ev
000000000002f320 W _ZN9Hyprutils6Memory14CUniquePointerI12CSeatManagerED1Ev
000000000002f320 W _ZN9Hyprutils6Memory14CUniquePointerI12CSeatManagerED2Ev
000000000002f3a0 W _ZN9Hyprutils6Memory14CUniquePointerI13CEventManagerED1Ev
000000000002f3a0 W _ZN9Hyprutils6Memory14CUniquePointerI13CEventManagerED2Ev
000000000002f4a0 W _ZN9Hyprutils6Memory14CUniquePointerI13CInputManagerED1Ev
000000000002f4a0 W _ZN9Hyprutils6Memory14CUniquePointerI13CInputManagerED2Ev
000000000002f5a0 W _ZN9Hyprutils6Memory14CUniquePointerI15CKeybindManagerED1Ev
000000000002f5a0 W _ZN9Hyprutils6Memory14CUniquePointerI15CKeybindManagerED2Ev
000000000002f220 W _ZN9Hyprutils6Memory14CUniquePointerI17CXDGShellProtocolED1Ev
000000000002f220 W _ZN9Hyprutils6Memory14CUniquePointerI17CXDGShellProtocolED2Ev
000000000002f2a0 W _ZN9Hyprutils6Memory14CUniquePointerI18CXDGDialogProtocolED1Ev
000000000002f2a0 W _ZN9Hyprutils6Memory14CUniquePointerI18CXDGDialogProtocolED2Ev
000000000002f720 W _ZN9Hyprutils6Memory14CUniquePointerI19CDRMSyncobjProtocolED1Ev
000000000002f720 W _ZN9Hyprutils6Memory14CUniquePointerI19CDRMSyncobjProtocolED2Ev
000000000002f420 W _ZN9Hyprutils6Memory14CUniquePointerI19CSessionLockManagerED1Ev
000000000002f420 W _ZN9Hyprutils6Memory14CUniquePointerI19CSessionLockManagerED2Ev
000000000002f120 W _ZN9Hyprutils6Memory14CUniquePointerI20CHyprXWaylandManagerED1Ev
000000000002f120 W _ZN9Hyprutils6Memory14CUniquePointerI20CHyprXWaylandManagerED2Ev
000000000002f1a0 W _ZN9Hyprutils6Memory14CUniquePointerI21CDecorationPositionerED1Ev
000000000002f1a0 W _ZN9Hyprutils6Memory14CUniquePointerI21CDecorationPositionerED2Ev
000000000002f7a0 W _ZN9Hyprutils6Memory14CUniquePointerI21CWLCompositorProtocolED1Ev
000000000002f7a0 W _ZN9Hyprutils6Memory14CUniquePointerI21CWLCompositorProtocolED2Ev
000000000002f6a0 W _ZN9Hyprutils6Memory14CUniquePointerI8CHyprCtlED1Ev
000000000002f6a0 W _ZN9Hyprutils6Memory14CUniquePointerI8CHyprCtlED2Ev
000000000002f0a0 W _ZN9Hyprutils6Memory14CUniquePointerIN3Log7CLoggerEED1Ev
000000000002f0a0 W _ZN9Hyprutils6Memory14CUniquePointerIN3Log7CLoggerEED2Ev
000000000002f9a0 W _ZN9Hyprutils6Memory14CUniquePointerIN6Layout14CLayoutManagerEED1Ev
000000000002f9a0 W _ZN9Hyprutils6Memory14CUniquePointerIN6Layout14CLayoutManagerEED2Ev
000000000002f820 W _ZN9Hyprutils6Memory14CUniquePointerIN6Render13CShaderLoaderEED1Ev
000000000002f820 W _ZN9Hyprutils6Memory14CUniquePointerIN6Render13CShaderLoaderEED2Ev
000000000002f920 W _ZN9Hyprutils6Memory14CUniquePointerIN6Render13IHyprRendererEED1Ev
000000000002f920 W _ZN9Hyprutils6Memory14CUniquePointerIN6Render13IHyprRendererEED2Ev
000000000002f8a0 W _ZN9Hyprutils6Memory14CUniquePointerIN6Render2GL15CHyprOpenGLImplEED1Ev
000000000002f8a0 W _ZN9Hyprutils6Memory14CUniquePointerIN6Render2GL15CHyprOpenGLImplEED2Ev
000000000002f000 W _ZN9Hyprutils6Memory5Impl_9impl_base8_destroyEv
0000000000033070 W _ZN9Hyprutils6Signal8CSignalTIJNS_6Memory14CSharedPointerIN7Desktop4View7CWindowEEEEE6listenESt8functionIFvRKS7_EE
0000000000031780 W _ZN9__gnu_cxx12__to_xstringINSt7__cxx1112basic_stringIcSt11char_traitsIcESaIcEEEcEET_PFiPT0_mPKS8_P13__va_list_tagEmSB_z
000000000002ff50 W _ZNK3Elm8Geometry8Barriers7blockedENS0_6TargetE
000000000002fdd0 W _ZNK3Elm9Placement4Rect5validEv
000000000002fe80 W _ZNK3Elm9Placement7Records4readERKNS0_8IdentityERKSt8optionalIS2_ERKNS0_5ScopeE
0000000000032dd0 W _ZNK7Desktop5Types15COverridableVarIbLb1EE14valueOrDefaultEv
0000000000032dd0 W _ZNK7Desktop5Types15COverridableVarIbLb1EE14valueOrDefaultEvQoontT0_9is_same_vIT_bE
0000000000032e50 W _ZNK9Hyprutils6Memory12CWeakPointerI18CWLSurfaceResourceE4lockEv
0000000000032ba0 W _ZNK9Hyprutils6Memory12CWeakPointerIN7Desktop4View7CWindowEE4lockEv
0000000000032c70 W _ZNK9Hyprutils6Memory12CWeakPointerIN7Monitor8CMonitorEE4lockEv
000000000002e710 W _ZNKSt19bad_optional_access4whatEv
000000000002e720 W _ZNKSt5ctypeIcE8do_widenEc
0000000000033590 W _ZNKSt8_Rb_treeINSt7__cxx1112basic_stringIcSt11char_traitsIcESaIcEEES5_St9_IdentityIS5_ESt4lessIS5_ESaIS5_EE4findERKS5_
0000000000032f20 W _ZNSt12_Vector_baseIN3Elm8Geometry6TargetESaIS2_EED1Ev
0000000000032f20 W _ZNSt12_Vector_baseIN3Elm8Geometry6TargetESaIS2_EED2Ev
0000000000031c40 W _ZNSt12_Vector_baseIhSaIhEED1Ev
0000000000031c40 W _ZNSt12_Vector_baseIhSaIhEED2Ev
000000000002fba0 W _ZNSt14_Function_baseD1Ev
000000000002fba0 W _ZNSt14_Function_baseD2Ev
000000000002e850 W _ZNSt17_Function_handlerIFNSt7__cxx1112basic_stringIcSt11char_traitsIcESaIcEEE20eHyprCtlOutputFormatS5_EPS7_E10_M_managerERSt9_Any_dataRKSA_St18_Manager_operation
0000000000030e40 W _ZNSt17_Function_handlerIFNSt7__cxx1112basic_stringIcSt11char_traitsIcESaIcEEE20eHyprCtlOutputFormatS5_EPS7_E9_M_invokeERKSt9_Any_dataOS6_OS5_
000000000002fcd0 W _ZNSt17_Function_handlerIFvPvEZN9Hyprutils6Signal8CSignalTIJNS2_6Memory14CSharedPointerIN7Desktop4View7CWindowEEEEE9mkHandlerESt8functionIFvRKSA_EEEUlS0_E_E10_M_managerERSt9_Any_dataRKSJ_St18_Manager_operation
000000000002e780 W _ZNSt17_Function_handlerIFvPvEZN9Hyprutils6Signal8CSignalTIJNS2_6Memory14CSharedPointerIN7Desktop4View7CWindowEEEEE9mkHandlerESt8functionIFvRKSA_EEEUlS0_E_E9_M_invokeERKSt9_Any_dataOS0_
000000000002fbd0 W _ZNSt17_Function_handlerIFvPvEZN9Hyprutils6Signal8CSignalTIJNS2_6Memory14CSharedPointerIN7Desktop4View7CWindowEEENS7_12eFocusReasonEEE9mkHandlerESt8functionIFvRKSA_SB_EEEUlS0_E_E10_M_managerERSt9_Any_dataRKSK_St18_Manager_operation
000000000002e7e0 W _ZNSt17_Function_handlerIFvPvEZN9Hyprutils6Signal8CSignalTIJNS2_6Memory14CSharedPointerIN7Desktop4View7CWindowEEENS7_12eFocusReasonEEE9mkHandlerESt8functionIFvRKSA_SB_EEEUlS0_E_E9_M_invokeERKSt9_Any_dataOS0_
0000000000033f00 W _ZNSt19_UninitDestroyGuardIPN6Render10SceneTrace5FrameEvED1Ev
0000000000033f00 W _ZNSt19_UninitDestroyGuardIPN6Render10SceneTrace5FrameEvED2Ev
000000000002e750 W _ZNSt19bad_optional_accessD0Ev
000000000002e730 W _ZNSt19bad_optional_accessD1Ev
000000000002e730 W _ZNSt19bad_optional_accessD2Ev
00000000000334a0 W _ZNSt22_Optional_payload_baseISt6vectorIN9Hyprutils6Memory14CSharedPointerIN7Desktop4View7CWindowEEESaIS7_EEE8_M_resetEv
000000000002ea20 W _ZNSt3mapINSt7__cxx1112basic_stringIcSt11char_traitsIcESaIcEEEiSt4lessIS5_ESaISt4pairIKS5_iEEED1Ev
000000000002ea20 W _ZNSt3mapINSt7__cxx1112basic_stringIcSt11char_traitsIcESaIcEEEiSt4lessIS5_ESaISt4pairIKS5_iEEED2Ev
0000000000032f50 W _ZNSt6vectorIN6Render10SceneTrace5FrameESaIS2_EED1Ev
0000000000032f50 W _ZNSt6vectorIN6Render10SceneTrace5FrameESaIS2_EED2Ev
000000000002ea90 W _ZNSt6vectorIN9Hyprutils6Memory12CWeakPointerIN7Desktop4View7CWindowEEESaIS6_EED1Ev
000000000002ea90 W _ZNSt6vectorIN9Hyprutils6Memory12CWeakPointerIN7Desktop4View7CWindowEEESaIS6_EED2Ev
0000000000032060 W _ZNSt6vectorIN9Hyprutils6Memory14CSharedPointerIN7Desktop4View7CWindowEEESaIS6_EE9push_backERKS6_
0000000000031c80 W _ZNSt6vectorIN9Hyprutils6Memory14CSharedPointerIN7Desktop4View7CWindowEEESaIS6_EED1Ev
0000000000031c80 W _ZNSt6vectorIN9Hyprutils6Memory14CSharedPointerIN7Desktop4View7CWindowEEESaIS6_EED2Ev
000000000002e880 W _ZNSt6vectorIPKcSaIS1_EED1Ev
000000000002e880 W _ZNSt6vectorIPKcSaIS1_EED2Ev
0000000000030810 W _ZNSt7__cxx1112basic_stringIcSt11char_traitsIcESaIcEE10_M_disposeEv
0000000000032d40 W _ZNSt7__cxx1112basic_stringIcSt11char_traitsIcESaIcEE12_M_constructILb1EEEvPKcm
00000000000302f0 W _ZNSt7__cxx1112basic_stringIcSt11char_traitsIcESaIcEE6appendEPKc
0000000000030f30 W _ZNSt7__cxx1112basic_stringIcSt11char_traitsIcESaIcEE6appendEPKcm
00000000000332e0 W _ZNSt7__cxx1112basic_stringIcSt11char_traitsIcESaIcEE7reserveEm
0000000000031510 W _ZNSt7__cxx1112basic_stringIcSt11char_traitsIcESaIcEE9_M_assignERKS4_
0000000000030120 W _ZNSt7__cxx1112basic_stringIcSt11char_traitsIcESaIcEE9_M_mutateEmmPKcm
000000000002eb40 W _ZNSt7__cxx1112basic_stringIcSt11char_traitsIcESaIcEEC1EOS4_
000000000002fb00 W _ZNSt7__cxx1112basic_stringIcSt11char_traitsIcESaIcEEC1IS3_EEPKcRKS3_
000000000002eb40 W _ZNSt7__cxx1112basic_stringIcSt11char_traitsIcESaIcEEC2EOS4_
000000000002fb00 W _ZNSt7__cxx1112basic_stringIcSt11char_traitsIcESaIcEEC2IS3_EEPKcRKS3_
000000000002e8b0 W _ZNSt7__cxx1112basic_stringIcSt11char_traitsIcESaIcEED1Ev
000000000002e8b0 W _ZNSt7__cxx1112basic_stringIcSt11char_traitsIcESaIcEED2Ev
000000000002ed00 W _ZNSt7__cxx119to_stringEi
0000000000030840 W _ZNSt7__cxx119to_stringEl
0000000000030b50 W _ZNSt7__cxx119to_stringEm
0000000000033b10 W _ZNSt8_Rb_treeINSt7__cxx1112basic_stringIcSt11char_traitsIcESaIcEEES5_St9_IdentityIS5_ESt4lessIS5_ESaIS5_EE16_M_assign_uniqueIPKS5_EEvT_SF_
00000000000336e0 W _ZNSt8_Rb_treeINSt7__cxx1112basic_stringIcSt11char_traitsIcESaIcEEES5_St9_IdentityIS5_ESt4lessIS5_ESaIS5_EE24_M_get_insert_unique_posERKS5_
0000000000033850 W _ZNSt8_Rb_treeINSt7__cxx1112basic_stringIcSt11char_traitsIcESaIcEEES5_St9_IdentityIS5_ESt4lessIS5_ESaIS5_EE29_M_get_insert_hint_unique_posESt23_Rb_tree_const_iteratorIS5_ERKS5_
0000000000034320 W _ZNSt8_Rb_treeINSt7__cxx1112basic_stringIcSt11char_traitsIcESaIcEEESt4pairIKS5_iESt10_Select1stIS8_ESt4lessIS5_ESaIS8_EE24_M_get_insert_unique_posERS7_
0000000000034490 W _ZNSt8_Rb_treeINSt7__cxx1112basic_stringIcSt11char_traitsIcESaIcEEESt4pairIKS5_iESt10_Select1stIS8_ESt4lessIS5_ESaIS8_EE29_M_get_insert_hint_unique_posESt23_Rb_tree_const_iteratorIS8_ERS7_
0000000000034000 W _ZSt16__do_uninit_copyIN9__gnu_cxx17__normal_iteratorIPKN6Render10SceneTrace5FrameESt6vectorIS4_SaIS4_EEEESA_PS4_ET1_T_T0_SC_
0000000000031730 W _ZSteqIcSt11char_traitsIcESaIcEEbRKNSt7__cxx1112basic_stringIT_T0_T1_EEPKS5_
00000000000314d0 W _ZSteqIcSt11char_traitsIcESaIcEEbRKNSt7__cxx1112basic_stringIT_T0_T1_EESA_
00000000000303c0 W _ZStplIcSt11char_traitsIcESaIcEENSt7__cxx1112basic_stringIT_T0_T1_EEOS8_S9_
00000000000318f0 W _ZStplIcSt11char_traitsIcESaIcEENSt7__cxx1112basic_stringIT_T0_T1_EEPKS5_OS8_
000000000003c8b8 V _ZTIFNSt7__cxx1112basic_stringIcSt11char_traitsIcESaIcEEE20eHyprCtlOutputFormatS4_E
000000000003c910 V _ZTIPFNSt7__cxx1112basic_stringIcSt11char_traitsIcESaIcEEE20eHyprCtlOutputFormatS4_E
000000000003c8c8 V _ZTISt19bad_optional_access
000000000003c930 V _ZTIZN9Hyprutils6Signal8CSignalTIJNS_6Memory14CSharedPointerIN7Desktop4View7CWindowEEEEE9mkHandlerESt8functionIFvRKS7_EEEUlPvE_
000000000003c940 V _ZTIZN9Hyprutils6Signal8CSignalTIJNS_6Memory14CSharedPointerIN7Desktop4View7CWindowEEENS4_12eFocusReasonEEE9mkHandlerESt8functionIFvRKS7_S8_EEEUlPvE_
0000000000036280 V _ZTSFNSt7__cxx1112basic_stringIcSt11char_traitsIcESaIcEEE20eHyprCtlOutputFormatS4_E
0000000000036440 V _ZTSPFNSt7__cxx1112basic_stringIcSt11char_traitsIcESaIcEEE20eHyprCtlOutputFormatS4_E
00000000000362d0 V _ZTSSt19bad_optional_access
00000000000364a0 V _ZTSZN9Hyprutils6Signal8CSignalTIJNS_6Memory14CSharedPointerIN7Desktop4View7CWindowEEEEE9mkHandlerESt8functionIFvRKS7_EEEUlPvE_
0000000000036520 V _ZTSZN9Hyprutils6Signal8CSignalTIJNS_6Memory14CSharedPointerIN7Desktop4View7CWindowEEENS4_12eFocusReasonEEE9mkHandlerESt8functionIFvRKS7_S8_EEEUlPvE_
000000000003c950 V _ZTVSt19bad_optional_access
0000000000047220 u _ZZ30__hyprland_api_get_client_hashE3verB5cxx11
000000000002e7a0 W _ZZN9Hyprutils6Memory14CUniquePointerIN3Log7CLoggerEEC4EPS3_ENUlPvE_4_FUNES6_
0000000000031000 W __hyprland_api_get_client_hash
0000000000047170 u g_layoutManager
00000000000471e0 u g_pCompositor
0000000000047320 u g_pDecorationPositioner
0000000000047270 u g_pEventManager
0000000000047240 u g_pFunctionHookSystem
00000000000471d0 u g_pHyprCtl
0000000000047180 u g_pHyprRenderer
0000000000047250 u g_pInputManager
00000000000471f0 u g_pKeybindManager
0000000000047280 u g_pSeatManager
0000000000047260 u g_pSessionLockManager
0000000000047330 u g_pXWaylandManager
0000000000013d40 T pluginAPIVersion
0000000000013d70 T pluginExit
0000000000021730 T pluginInit
