An example execution:

[State 0]
{
  s:
    {
      applied: 0,
      confirmed: 0,
      draft: 0,
      expected: 0,
      knownRevision: 1,
      nativeRevision: 1,
      phase: "idle",
      request: 0,
      stored: 0,
      writes: 0
    }
}

[State 1]
{
  s:
    {
      applied: 0,
      confirmed: 0,
      draft: 0,
      expected: 0,
      knownRevision: 1,
      nativeRevision: 1,
      phase: "idle",
      request: 0,
      stored: 0,
      writes: 0
    }
}

[State 2]
{
  s:
    {
      applied: 0,
      confirmed: 0,
      draft: 2,
      expected: 0,
      knownRevision: 1,
      nativeRevision: 1,
      phase: "idle",
      request: 0,
      stored: 0,
      writes: 0
    }
}

[State 3]
{
  s:
    {
      applied: 0,
      confirmed: 0,
      draft: 0,
      expected: 0,
      knownRevision: 1,
      nativeRevision: 1,
      phase: "idle",
      request: 0,
      stored: 0,
      writes: 0
    }
}

[State 4]
{
  s:
    {
      applied: 0,
      confirmed: 0,
      draft: 0,
      expected: 0,
      knownRevision: 1,
      nativeRevision: 1,
      phase: "idle",
      request: 0,
      stored: 0,
      writes: 0
    }
}

[State 5]
{
  s:
    {
      applied: 0,
      confirmed: 0,
      draft: 0,
      expected: 0,
      knownRevision: 1,
      nativeRevision: 1,
      phase: "idle",
      request: 0,
      stored: 0,
      writes: 0
    }
}

[State 6]
{
  s:
    {
      applied: 0,
      confirmed: 0,
      draft: 0,
      expected: 0,
      knownRevision: 1,
      nativeRevision: 1,
      phase: "idle",
      request: 0,
      stored: 0,
      writes: 0
    }
}

[State 7]
{
  s:
    {
      applied: 0,
      confirmed: 0,
      draft: 3,
      expected: 0,
      knownRevision: 1,
      nativeRevision: 1,
      phase: "idle",
      request: 0,
      stored: 0,
      writes: 0
    }
}

[State 8]
{
  s:
    {
      applied: 0,
      confirmed: 0,
      draft: 0,
      expected: 0,
      knownRevision: 1,
      nativeRevision: 1,
      phase: "idle",
      request: 0,
      stored: 0,
      writes: 0
    }
}

[State 9]
{
  s:
    {
      applied: 0,
      confirmed: 0,
      draft: 0,
      expected: 0,
      knownRevision: 1,
      nativeRevision: 1,
      phase: "idle",
      request: 0,
      stored: 0,
      writes: 0
    }
}

[State 10]
{
  s:
    {
      applied: 0,
      confirmed: 0,
      draft: 1,
      expected: 0,
      knownRevision: 1,
      nativeRevision: 1,
      phase: "idle",
      request: 0,
      stored: 0,
      writes: 0
    }
}

[State 11]
{
  s:
    {
      applied: 0,
      confirmed: 0,
      draft: 0,
      expected: 0,
      knownRevision: 1,
      nativeRevision: 1,
      phase: "idle",
      request: 0,
      stored: 0,
      writes: 0
    }
}

[State 12]
{
  s:
    {
      applied: 0,
      confirmed: 0,
      draft: 1,
      expected: 0,
      knownRevision: 1,
      nativeRevision: 1,
      phase: "idle",
      request: 0,
      stored: 0,
      writes: 0
    }
}

[State 13]
{
  s:
    {
      applied: 0,
      confirmed: 0,
      draft: 1,
      expected: 0,
      knownRevision: 1,
      nativeRevision: 1,
      phase: "idle",
      request: 0,
      stored: 0,
      writes: 0
    }
}

[State 14]
{
  s:
    {
      applied: 0,
      confirmed: 0,
      draft: 2,
      expected: 0,
      knownRevision: 1,
      nativeRevision: 1,
      phase: "idle",
      request: 0,
      stored: 0,
      writes: 0
    }
}

[State 15]
{
  s:
    {
      applied: 0,
      confirmed: 0,
      draft: 3,
      expected: 0,
      knownRevision: 1,
      nativeRevision: 1,
      phase: "idle",
      request: 0,
      stored: 0,
      writes: 0
    }
}

[State 16]
{
  s:
    {
      applied: 0,
      confirmed: 0,
      draft: 1,
      expected: 0,
      knownRevision: 1,
      nativeRevision: 1,
      phase: "idle",
      request: 0,
      stored: 0,
      writes: 0
    }
}

[State 17]
{
  s:
    {
      applied: 0,
      confirmed: 0,
      draft: 1,
      expected: 0,
      knownRevision: 1,
      nativeRevision: 1,
      phase: "idle",
      request: 0,
      stored: 0,
      writes: 0
    }
}

[State 18]
{
  s:
    {
      applied: 0,
      confirmed: 0,
      draft: 1,
      expected: 0,
      knownRevision: 1,
      nativeRevision: 1,
      phase: "idle",
      request: 0,
      stored: 0,
      writes: 0
    }
}

[State 19]
{
  s:
    {
      applied: 0,
      confirmed: 0,
      draft: 3,
      expected: 0,
      knownRevision: 1,
      nativeRevision: 1,
      phase: "idle",
      request: 0,
      stored: 0,
      writes: 0
    }
}

[State 20]
{
  s:
    {
      applied: 0,
      confirmed: 0,
      draft: 0,
      expected: 0,
      knownRevision: 1,
      nativeRevision: 1,
      phase: "idle",
      request: 0,
      stored: 0,
      writes: 0
    }
}

[State 21]
{
  s:
    {
      applied: 0,
      confirmed: 0,
      draft: 0,
      expected: 0,
      knownRevision: 1,
      nativeRevision: 1,
      phase: "idle",
      request: 0,
      stored: 0,
      writes: 0
    }
}

[State 22]
{
  s:
    {
      applied: 0,
      confirmed: 0,
      draft: 2,
      expected: 0,
      knownRevision: 1,
      nativeRevision: 1,
      phase: "idle",
      request: 0,
      stored: 0,
      writes: 0
    }
}

[State 23]
{
  s:
    {
      applied: 0,
      confirmed: 0,
      draft: 2,
      expected: 0,
      knownRevision: 1,
      nativeRevision: 1,
      phase: "idle",
      request: 0,
      stored: 0,
      writes: 0
    }
}

[State 24]
{
  s:
    {
      applied: 0,
      confirmed: 0,
      draft: 2,
      expected: 1,
      knownRevision: 1,
      nativeRevision: 1,
      phase: "pending",
      request: 1,
      stored: 0,
      writes: 1
    }
}

[State 25]
{
  s:
    {
      applied: 0,
      confirmed: 0,
      draft: 2,
      expected: 1,
      knownRevision: 1,
      nativeRevision: 2,
      phase: "unknown",
      request: 1,
      stored: 2,
      writes: 1
    }
}

[State 26]
{
  s:
    {
      applied: 0,
      confirmed: 0,
      draft: 2,
      expected: 1,
      knownRevision: 1,
      nativeRevision: 2,
      phase: "unknown",
      request: 1,
      stored: 2,
      writes: 1
    }
}

[State 27]
{
  s:
    {
      applied: 0,
      confirmed: 0,
      draft: 2,
      expected: 1,
      knownRevision: 1,
      nativeRevision: 2,
      phase: "unknown",
      request: 1,
      stored: 2,
      writes: 1
    }
}

[State 28]
{
  s:
    {
      applied: 2,
      confirmed: 2,
      draft: 2,
      expected: 1,
      knownRevision: 2,
      nativeRevision: 2,
      phase: "idle",
      request: 1,
      stored: 2,
      writes: 1
    }
}

[State 29]
{
  s:
    {
      applied: 2,
      confirmed: 2,
      draft: 2,
      expected: 1,
      knownRevision: 2,
      nativeRevision: 2,
      phase: "idle",
      request: 1,
      stored: 2,
      writes: 1
    }
}

[State 30]
{
  s:
    {
      applied: 2,
      confirmed: 2,
      draft: 2,
      expected: 1,
      knownRevision: 2,
      nativeRevision: 2,
      phase: "idle",
      request: 1,
      stored: 2,
      writes: 1
    }
}

[ok] No violation found (759ms at 1318 traces/second).
Trace length statistics: max=31, min=31, average=31.00
You may increase --max-samples and --max-steps.
Use --verbosity to produce more (or less) output.
Witnesses:
bothCommitted was witnessed in 543 trace(s) out of 1000 explored (54.30%)
unknownHeld was witnessed in 454 trace(s) out of 1000 explored (45.40%)
staleRefused was witnessed in 436 trace(s) out of 1000 explored (43.60%)
Use --seed=0x1362a --backend=typescript to reproduce.
