	linux-vdso.so.1 (0x00007f3ae8407000)
	libxcb-icccm.so.4 => /usr/lib/libxcb-icccm.so.4 (0x00007f3ae83d2000)
	libxcb-composite.so.0 => /usr/lib/libxcb-composite.so.0 (0x00007f3ae83cd000)
	libxcb-xfixes.so.0 => /usr/lib/libxcb-xfixes.so.0 (0x00007f3ae83c4000)
	libxcb-render.so.0 => /usr/lib/libxcb-render.so.0 (0x00007f3ae83b5000)
	libxcb-res.so.0 => /usr/lib/libxcb-res.so.0 (0x00007f3ae83ad000)
	libxcb-errors.so.0 => /usr/lib/libxcb-errors.so.0 (0x00007f3ae83a3000)
	libxcb.so.1 => /usr/lib/libxcb.so.1 (0x00007f3ae73d5000)
	libaquamarine.so.14 => /usr/lib/libaquamarine.so.14 (0x00007f3ae727e000)
	libhyprlang.so.2 => /usr/lib/libhyprlang.so.2 (0x00007f3ae7239000)
	libhyprutils.so.13 => /usr/lib/libhyprutils.so.13 (0x00007f3ae71c0000)
	libhyprcursor.so.0 => /usr/lib/libhyprcursor.so.0 (0x00007f3ae715f000)
	libhyprgraphics.so.4 => /usr/lib/libhyprgraphics.so.4 (0x00007f3ae7129000)
	libxkbcommon.so.0 => /usr/lib/libxkbcommon.so.0 (0x00007f3ae70ca000)
	libuuid.so.1 => /usr/lib/libuuid.so.1 (0x00007f3ae70c0000)
	libwayland-server.so.0 => /usr/lib/libwayland-server.so.0 (0x00007f3ae70ab000)
	libpangocairo-1.0.so.0 => /usr/lib/libpangocairo-1.0.so.0 (0x00007f3ae7099000)
	libpango-1.0.so.0 => /usr/lib/libpango-1.0.so.0 (0x00007f3ae702a000)
	libcairo.so.2 => /usr/lib/libcairo.so.2 (0x00007f3ae6eed000)
	libharfbuzz.so.0 => /usr/lib/libharfbuzz.so.0 (0x00007f3ae6dae000)
	libpixman-1.so.0 => /usr/lib/libpixman-1.so.0 (0x00007f3ae6cff000)
	libXcursor.so.1 => /usr/lib/libXcursor.so.1 (0x00007f3ae6cf2000)
	libdrm.so.2 => /usr/lib/libdrm.so.2 (0x00007f3ae6cdb000)
	libinput.so.10 => /usr/lib/libinput.so.10 (0x00007f3ae6c6a000)
	libeis.so.1 => /usr/lib/libeis.so.1 (0x00007f3ae6c49000)
	libgbm.so.1 => /usr/lib/libgbm.so.1 (0x00007f3ae6c43000)
	libgio-2.0.so.0 => /usr/lib/libgio-2.0.so.0 (0x00007f3ae6a64000)
	libgobject-2.0.so.0 => /usr/lib/libgobject-2.0.so.0 (0x00007f3ae6a01000)
	libglib-2.0.so.0 => /usr/lib/libglib-2.0.so.0 (0x00007f3ae689e000)
	libre2.so.11 => /usr/lib/libre2.so.11 (0x00007f3ae6811000)
	libabsl_log_internal_check_op.so.2608.0.0 => /usr/lib/libabsl_log_internal_check_op.so.2608.0.0 (0x00007f3ae6808000)
	libabsl_leak_check.so.2608.0.0 => /usr/lib/libabsl_leak_check.so.2608.0.0 (0x00007f3ae6803000)
	libabsl_log_internal_conditions.so.2608.0.0 => /usr/lib/libabsl_log_internal_conditions.so.2608.0.0 (0x00007f3ae67fe000)
	libabsl_log_internal_message.so.2608.0.0 => /usr/lib/libabsl_log_internal_message.so.2608.0.0 (0x00007f3ae67ef000)
	libabsl_examine_stack.so.2608.0.0 => /usr/lib/libabsl_examine_stack.so.2608.0.0 (0x00007f3ae67ea000)
	libabsl_log_internal_format.so.2608.0.0 => /usr/lib/libabsl_log_internal_format.so.2608.0.0 (0x00007f3ae67e5000)
	libabsl_log_internal_nullguard.so.2608.0.0 => /usr/lib/libabsl_log_internal_nullguard.so.2608.0.0 (0x00007f3ae67e0000)
	libabsl_log_internal_structured_proto.so.2608.0.0 => /usr/lib/libabsl_log_internal_structured_proto.so.2608.0.0 (0x00007f3ae67db000)
	libabsl_log_internal_log_sink_set.so.2608.0.0 => /usr/lib/libabsl_log_internal_log_sink_set.so.2608.0.0 (0x00007f3ae67d5000)
	libabsl_log_internal_globals.so.2608.0.0 => /usr/lib/libabsl_log_internal_globals.so.2608.0.0 (0x00007f3ae67ce000)
	libabsl_log_globals.so.2608.0.0 => /usr/lib/libabsl_log_globals.so.2608.0.0 (0x00007f3ae67c8000)
	libabsl_log_sink.so.2608.0.0 => /usr/lib/libabsl_log_sink.so.2608.0.0 (0x00007f3ae67c3000)
	libabsl_log_entry.so.2608.0.0 => /usr/lib/libabsl_log_entry.so.2608.0.0 (0x00007f3ae67bd000)
	libabsl_log_internal_proto.so.2608.0.0 => /usr/lib/libabsl_log_internal_proto.so.2608.0.0 (0x00007f3ae67b8000)
	libabsl_strerror.so.2608.0.0 => /usr/lib/libabsl_strerror.so.2608.0.0 (0x00007f3ae67b1000)
	libabsl_vlog_config_internal.so.2608.0.0 => /usr/lib/libabsl_vlog_config_internal.so.2608.0.0 (0x00007f3ae67a8000)
	libabsl_log_internal_fnmatch.so.2608.0.0 => /usr/lib/libabsl_log_internal_fnmatch.so.2608.0.0 (0x00007f3ae67a3000)
	libabsl_flags_internal.so.2608.0.0 => /usr/lib/libabsl_flags_internal.so.2608.0.0 (0x00007f3ae6798000)
	libabsl_flags_marshalling.so.2608.0.0 => /usr/lib/libabsl_flags_marshalling.so.2608.0.0 (0x00007f3ae678c000)
	libabsl_flags_reflection.so.2608.0.0 => /usr/lib/libabsl_flags_reflection.so.2608.0.0 (0x00007f3ae6780000)
	libabsl_flags_private_handle_accessor.so.2608.0.0 => /usr/lib/libabsl_flags_private_handle_accessor.so.2608.0.0 (0x00007f3ae6779000)
	libabsl_flags_commandlineflag.so.2608.0.0 => /usr/lib/libabsl_flags_commandlineflag.so.2608.0.0 (0x00007f3ae6774000)
	libabsl_flags_commandlineflag_internal.so.2608.0.0 => /usr/lib/libabsl_flags_commandlineflag_internal.so.2608.0.0 (0x00007f3ae676f000)
	libabsl_flags_config.so.2608.0.0 => /usr/lib/libabsl_flags_config.so.2608.0.0 (0x00007f3ae6768000)
	libabsl_flags_program_name.so.2608.0.0 => /usr/lib/libabsl_flags_program_name.so.2608.0.0 (0x00007f3ae6763000)
	libabsl_raw_hash_set.so.2608.0.0 => /usr/lib/libabsl_raw_hash_set.so.2608.0.0 (0x00007f3ae6756000)
	libabsl_cord.so.2608.0.0 => /usr/lib/libabsl_cord.so.2608.0.0 (0x00007f3ae673d000)
	libabsl_cordz_info.so.2608.0.0 => /usr/lib/libabsl_cordz_info.so.2608.0.0 (0x00007f3ae6736000)
	libabsl_cord_internal.so.2608.0.0 => /usr/lib/libabsl_cord_internal.so.2608.0.0 (0x00007f3ae6727000)
	libabsl_cordz_functions.so.2608.0.0 => /usr/lib/libabsl_cordz_functions.so.2608.0.0 (0x00007f3ae6722000)
	libabsl_cordz_handle.so.2608.0.0 => /usr/lib/libabsl_cordz_handle.so.2608.0.0 (0x00007f3ae671b000)
	libabsl_crc_cord_state.so.2608.0.0 => /usr/lib/libabsl_crc_cord_state.so.2608.0.0 (0x00007f3ae6714000)
	libabsl_crc32c.so.2608.0.0 => /usr/lib/libabsl_crc32c.so.2608.0.0 (0x00007f3ae670e000)
	libabsl_crc_internal.so.2608.0.0 => /usr/lib/libabsl_crc_internal.so.2608.0.0 (0x00007f3ae6708000)
	libabsl_base_cpu_detect.so.2608.0.0 => /usr/lib/libabsl_base_cpu_detect.so.2608.0.0 (0x00007f3ae6703000)
	libabsl_hashtablez_sampler.so.2608.0.0 => /usr/lib/libabsl_hashtablez_sampler.so.2608.0.0 (0x00007f3ae66fd000)
	libabsl_exponential_biased.so.2608.0.0 => /usr/lib/libabsl_exponential_biased.so.2608.0.0 (0x00007f3ae66f6000)
	libabsl_hash.so.2608.0.0 => /usr/lib/libabsl_hash.so.2608.0.0 (0x00007f3ae66f1000)
	libabsl_city.so.2608.0.0 => /usr/lib/libabsl_city.so.2608.0.0 (0x00007f3ae66ec000)
	libabsl_str_format_internal.so.2608.0.0 => /usr/lib/libabsl_str_format_internal.so.2608.0.0 (0x00007f3ae66cd000)
	libabsl_synchronization.so.2608.0.0 => /usr/lib/libabsl_synchronization.so.2608.0.0 (0x00007f3ae66bb000)
	libabsl_graphcycles_internal.so.2608.0.0 => /usr/lib/libabsl_graphcycles_internal.so.2608.0.0 (0x00007f3ae66b0000)
	libabsl_kernel_timeout_internal.so.2608.0.0 => /usr/lib/libabsl_kernel_timeout_internal.so.2608.0.0 (0x00007f3ae66ab000)
	libabsl_stacktrace.so.2608.0.0 => /usr/lib/libabsl_stacktrace.so.2608.0.0 (0x00007f3ae66a6000)
	libabsl_symbolize.so.2608.0.0 => /usr/lib/libabsl_symbolize.so.2608.0.0 (0x00007f3ae669e000)
	libabsl_debugging_internal.so.2608.0.0 => /usr/lib/libabsl_debugging_internal.so.2608.0.0 (0x00007f3ae6697000)
	libabsl_demangle_internal.so.2608.0.0 => /usr/lib/libabsl_demangle_internal.so.2608.0.0 (0x00007f3ae6688000)
	libabsl_demangle_rust.so.2608.0.0 => /usr/lib/libabsl_demangle_rust.so.2608.0.0 (0x00007f3ae6681000)
	libabsl_decode_rust_punycode.so.2608.0.0 => /usr/lib/libabsl_decode_rust_punycode.so.2608.0.0 (0x00007f3ae667c000)
	libabsl_utf8_for_code_point.so.2608.0.0 => /usr/lib/libabsl_utf8_for_code_point.so.2608.0.0 (0x00007f3ae6677000)
	libabsl_malloc_internal.so.2608.0.0 => /usr/lib/libabsl_malloc_internal.so.2608.0.0 (0x00007f3ae6670000)
	libabsl_time.so.2608.0.0 => /usr/lib/libabsl_time.so.2608.0.0 (0x00007f3ae665a000)
	libabsl_civil_time.so.2608.0.0 => /usr/lib/libabsl_civil_time.so.2608.0.0 (0x00007f3ae6652000)
	libabsl_strings.so.2608.0.0 => /usr/lib/libabsl_strings.so.2608.0.0 (0x00007f3ae662c000)
	libabsl_strings_internal.so.2608.0.0 => /usr/lib/libabsl_strings_internal.so.2608.0.0 (0x00007f3ae6626000)
	libabsl_hardening.so.2608.0.0 => /usr/lib/libabsl_hardening.so.2608.0.0 (0x00007f3ae6621000)
	libabsl_int128.so.2608.0.0 => /usr/lib/libabsl_int128.so.2608.0.0 (0x00007f3ae6618000)
	libabsl_source_location.so.2608.0.0 => /usr/lib/libabsl_source_location.so.2608.0.0 (0x00007f3ae6613000)
	libabsl_throw_delegate.so.2608.0.0 => /usr/lib/libabsl_throw_delegate.so.2608.0.0 (0x00007f3ae660d000)
	libabsl_time_zone.so.2608.0.0 => /usr/lib/libabsl_time_zone.so.2608.0.0 (0x00007f3ae65f2000)
	libabsl_tracing_internal.so.2608.0.0 => /usr/lib/libabsl_tracing_internal.so.2608.0.0 (0x00007f3ae65ed000)
	libabsl_base.so.2608.0.0 => /usr/lib/libabsl_base.so.2608.0.0 (0x00007f3ae65e7000)
	libabsl_raw_logging_internal.so.2608.0.0 => /usr/lib/libabsl_raw_logging_internal.so.2608.0.0 (0x00007f3ae65e0000)
	libabsl_log_severity.so.2608.0.0 => /usr/lib/libabsl_log_severity.so.2608.0.0 (0x00007f3ae65db000)
	libabsl_spinlock_wait.so.2608.0.0 => /usr/lib/libabsl_spinlock_wait.so.2608.0.0 (0x00007f3ae65d6000)
	libmuparser.so.2 => /usr/lib/libmuparser.so.2 (0x00007f3ae6551000)
	liblcms2.so.2 => /usr/lib/liblcms2.so.2 (0x00007f3ae64e5000)
	liblua.so.5.5 => /usr/lib/liblua.so.5.5 (0x00007f3ae649b000)
	libEGL.so.1 => /usr/lib/libEGL.so.1 (0x00007f3ae6487000)
	libGLESv2.so.2 => /usr/lib/libGLESv2.so.2 (0x00007f3ae6477000)
	libGLX.so.0 => /usr/lib/libGLX.so.0 (0x00007f3ae6446000)
	libOpenGL.so.0 => /usr/lib/libOpenGL.so.0 (0x00007f3ae6422000)
	libglslang-default-resource-limits.so.16 => /usr/lib/libglslang-default-resource-limits.so.16 (0x00007f3ae6418000)
	libSPIRV.so.16 => /usr/lib/libSPIRV.so.16 (0x00007f3ae6413000)
	libglslang.so.16 => /usr/lib/libglslang.so.16 (0x00007f3ae5800000)
	libSPIRV-Tools-opt.so => /usr/lib/libSPIRV-Tools-opt.so (0x00007f3ae5400000)
	libSPIRV-Tools.so => /usr/lib/libSPIRV-Tools.so (0x00007f3ae5224000)
	libstdc++.so.6 => /usr/lib/libstdc++.so.6 (0x00007f3ae4e00000)
	libm.so.6 => /usr/lib/libm.so.6 (0x00007f3ae62da000)
	libgcc_s.so.1 => /usr/lib/libgcc_s.so.1 (0x00007f3ae57d3000)
	libc.so.6 => /usr/lib/libc.so.6 (0x00007f3ae4a00000)
	libXau.so.6 => /usr/lib/libXau.so.6 (0x00007f3ae62d3000)
	libXdmcp.so.6 => /usr/lib/libXdmcp.so.6 (0x00007f3ae62cb000)
	libseat.so.1 => /usr/lib/libseat.so.1 (0x00007f3ae62c0000)
	libwayland-client.so.0 => /usr/lib/libwayland-client.so.0 (0x00007f3ae57c3000)
	libudev.so.1 => /usr/lib/libudev.so.1 (0x00007f3ae5773000)
	libdisplay-info.so.3 => /usr/lib/libdisplay-info.so.3 (0x00007f3ae573a000)
	libzip.so.5 => /usr/lib/libzip.so.5 (0x00007f3ae571a000)
	librsvg-2.so.2 => /usr/lib/librsvg-2.so.2 (0x00007f3ae4400000)
	libtomlplusplus.so.3 => /usr/lib/libtomlplusplus.so.3 (0x00007f3ae56e0000)
	libjpeg.so.8 => /usr/lib/libjpeg.so.8 (0x00007f3ae517c000)
	libwebp.so.7 => /usr/lib/libwebp.so.7 (0x00007f3ae50f5000)
	libmagic.so.1 => /usr/lib/libmagic.so.1 (0x00007f3ae56af000)
	libpng16.so.16 => /usr/lib/libpng16.so.16 (0x00007f3ae4dc3000)
	libjxl.so.0.12 => /usr/lib/libjxl.so.0.12 (0x00007f3ae3e00000)
	libjxl_threads.so.0.12 => /usr/lib/libjxl_threads.so.0.12 (0x00007f3ae56a9000)
	/lib64/ld-linux-x86-64.so.2 => /usr/lib64/ld-linux-x86-64.so.2 (0x00007f3ae8409000)
	libffi.so.8 => /usr/lib/libffi.so.8 (0x00007f3ae5699000)
	libpangoft2-1.0.so.0 => /usr/lib/libpangoft2-1.0.so.0 (0x00007f3ae50d6000)
	libfontconfig.so.1 => /usr/lib/libfontconfig.so.1 (0x00007f3ae4d48000)
	libfribidi.so.0 => /usr/lib/libfribidi.so.0 (0x00007f3ae4d28000)
	libthai.so.0 => /usr/lib/libthai.so.0 (0x00007f3ae568e000)
	libz.so.1 => /usr/lib/libz.so.1 (0x00007f3ae4d0d000)
	libfreetype.so.6 => /usr/lib/libfreetype.so.6 (0x00007f3ae4c3d000)
	libX11.so.6 => /usr/lib/libX11.so.6 (0x00007f3ae48be000)
	libXext.so.6 => /usr/lib/libXext.so.6 (0x00007f3ae4c29000)
	libXrender.so.1 => /usr/lib/libXrender.so.1 (0x00007f3ae5680000)
	libxcb-shm.so.0 => /usr/lib/libxcb-shm.so.0 (0x00007f3ae4c24000)
	libgraphite2.so.3 => /usr/lib/libgraphite2.so.3 (0x00007f3ae489b000)
	libXfixes.so.3 => /usr/lib/libXfixes.so.3 (0x00007f3ae4893000)
	libmtdev.so.1 => /usr/lib/libmtdev.so.1 (0x00007f3ae43f9000)
	libevdev.so.2 => /usr/lib/libevdev.so.2 (0x00007f3ae43e3000)
	libwacom.so.9 => /usr/lib/libwacom.so.9 (0x00007f3ae43d0000)
	liblua5.4.so.5.4 => /usr/lib/liblua5.4.so.5.4 (0x00007f3ae438a000)
	libexpat.so.1 => /usr/lib/libexpat.so.1 (0x00007f3ae435c000)
	libgmodule-2.0.so.0 => /usr/lib/libgmodule-2.0.so.0 (0x00007f3ae4355000)
	libmount.so.1 => /usr/lib/libmount.so.1 (0x00007f3ae42f8000)
	libpcre2-8.so.0 => /usr/lib/libpcre2-8.so.0 (0x00007f3ae4245000)
	libgomp.so.1 => /usr/lib/libgomp.so.1 (0x00007f3ae3da6000)
	libGLdispatch.so.0 => /usr/lib/libGLdispatch.so.0 (0x00007f3ae3d2d000)
	libsystemd.so.0 => /usr/lib/libsystemd.so.0 (0x00007f3ae3be5000)
	libbz2.so.1.0 => /usr/lib/libbz2.so.1.0 (0x00007f3ae3bd2000)
	liblzma.so.5 => /usr/lib/liblzma.so.5 (0x00007f3ae3b9d000)
	libzstd.so.1 => /usr/lib/libzstd.so.1 (0x00007f3ae3ab7000)
	libcrypto.so.3 => /usr/lib/libcrypto.so.3 (0x00007f3ae3400000)
	libgdk_pixbuf-2.0.so.0 => /usr/lib/libgdk_pixbuf-2.0.so.0 (0x00007f3ae3a7d000)
	libdav1d.so.7 => /usr/lib/libdav1d.so.7 (0x00007f3ae321f000)
	libxml2.so.16 => /usr/lib/libxml2.so.16 (0x00007f3ae30da000)
	libsharpyuv.so.0 => /usr/lib/libsharpyuv.so.0 (0x00007f3ae423c000)
	libjxl_cms.so.0.12 => /usr/lib/libjxl_cms.so.0.12 (0x00007f3ae3a54000)
	libhwy.so.1 => /usr/lib/libhwy.so.1 (0x00007f3ae3a45000)
	libbrotlidec.so.1 => /usr/lib/libbrotlidec.so.1 (0x00007f3ae3a36000)
	libbrotlienc.so.1 => /usr/lib/libbrotlienc.so.1 (0x00007f3ae301a000)
	libdatrie.so.1 => /usr/lib/libdatrie.so.1 (0x00007f3ae3a2d000)
	libgudev-1.0.so.0 => /usr/lib/libgudev-1.0.so.0 (0x00007f3ae3a21000)
	libblkid.so.1 => /usr/lib/libblkid.so.1 (0x00007f3ae39e1000)
	libglycin-2.so.0 => /usr/lib/libglycin-2.so.0 (0x00007f3ae2c00000)
	libicuuc.so.78 => /usr/lib/libicuuc.so.78 (0x00007f3ae2800000)
	libbrotlicommon.so.1 => /usr/lib/libbrotlicommon.so.1 (0x00007f3ae39be000)
	libseccomp.so.2 => /usr/lib/libseccomp.so.2 (0x00007f3ae2bd3000)
	libicudata.so.78 => /usr/lib/libicudata.so.78 (0x00007f3ae0800000)
