0000000000020208 W _Z10assertImplIJEEviSt17basic_string_viewIcSt11char_traitsIcEESt19basic_format_stringIcJDpNSt13type_identityIT_E4typeEEEDpOS6_
00000000000ad2e0 u _ZGV10g_pHyprCtl
00000000000ad2e8 u _ZGV13g_pCompositor
00000000000ad318 u _ZGV14g_pSeatManager
00000000000ad2b0 u _ZGV15g_layoutManager
00000000000ad310 u _ZGV15g_pEventManager
00000000000ad2b8 u _ZGV15g_pHyprRenderer
00000000000ad300 u _ZGV15g_pInputManager
00000000000ad2f0 u _ZGV17g_pKeybindManager
00000000000ad370 u _ZGV18g_pXWaylandManager
00000000000ad2f8 u _ZGV21g_pFunctionHookSystem
00000000000ad308 u _ZGV21g_pSessionLockManager
00000000000ad368 u _ZGV23g_pDecorationPositioner
00000000000ad2d0 u _ZGVN10NProtocols10compositorE
00000000000ad2a8 u _ZGVN10NProtocols13subcompositorE
00000000000ad2d8 u _ZGVN10NProtocols4syncE
00000000000ad328 u _ZGVN10NProtocols8xdgShellE
00000000000ad320 u _ZGVN10NProtocols9xdgDialogE
00000000000ad348 u _ZGVN16NColorManagement23SCRGB_IMAGE_DESCRIPTIONE
00000000000ad340 u _ZGVN16NColorManagement24BT2100_IMAGE_DESCRIPTIONE
00000000000ad338 u _ZGVN16NColorManagement24LINEAR_IMAGE_DESCRIPTIONE
00000000000ad330 u _ZGVN16NColorManagement27LINEAR_NN_IMAGE_DESCRIPTIONE
00000000000ad350 u _ZGVN16NColorManagement29DEFAULT_HDR_IMAGE_DESCRIPTIONE
00000000000ad358 u _ZGVN16NColorManagement30DEFAULT_SRGB_IMAGE_DESCRIPTIONE
00000000000ad360 u _ZGVN16NColorManagement33DEFAULT_GAMMA22_IMAGE_DESCRIPTIONE
00000000000ad3d8 u _ZGVN3Log6loggerE
00000000000ad388 u _ZGVN6Colors10LIGHT_BLUEE
00000000000ad3b8 u _ZGVN6Colors3REDE
00000000000ad3c0 u _ZGVN6Colors4BLUEE
00000000000ad390 u _ZGVN6Colors4LIMEE
00000000000ad380 u _ZGVN6Colors5BLACKE
00000000000ad3c8 u _ZGVN6Colors5GREENE
00000000000ad3d0 u _ZGVN6Colors5WHITEE
00000000000ad3b0 u _ZGVN6Colors6ORANGEE
00000000000ad398 u _ZGVN6Colors6PURPLEE
00000000000ad3a8 u _ZGVN6Colors6YELLOWE
00000000000ad3a0 u _ZGVN6Colors7MAGENTAE
00000000000ad378 u _ZGVN6Config26CFontWeightConfigValueData7WEIGHTSB5cxx11E
00000000000ad2c8 u _ZGVN6Render15g_pShaderLoaderE
00000000000ad2c0 u _ZGVN6Render2GL13g_pHyprOpenGLE
00000000000ad480 u _ZGVZ30__hyprland_api_get_client_hashE3verB5cxx11
00000000000ad430 u _ZN10NProtocols10compositorE
00000000000ad3e0 u _ZN10NProtocols13subcompositorE
00000000000ad440 u _ZN10NProtocols4syncE
00000000000ad520 u _ZN10NProtocols8xdgShellE
00000000000ad510 u _ZN10NProtocols9xdgDialogE
000000000006fcc0 W _ZN10SceneModal14focusRecipientERKN9Hyprutils6Memory14CSharedPointerIN7Desktop4View7CWindowEEEb
0000000000063d70 W _ZN12CConfigValueIN6Config5SVec2EED1Ev
0000000000063d70 W _ZN12CConfigValueIN6Config5SVec2EED2Ev
0000000000063d60 W _ZN12CConfigValueINSt7__cxx1112basic_stringIcSt11char_traitsIcESaIcEEEED1Ev
0000000000063d60 W _ZN12CConfigValueINSt7__cxx1112basic_stringIcSt11char_traitsIcESaIcEEEED2Ev
00000000000728d0 W _ZN12CConfigValueIfEC1ERKNSt7__cxx1112basic_stringIcSt11char_traitsIcESaIcEEE
00000000000728d0 W _ZN12CConfigValueIfEC2ERKNSt7__cxx1112basic_stringIcSt11char_traitsIcESaIcEEE
0000000000063d80 W _ZN12CConfigValueIfED1Ev
0000000000063d80 W _ZN12CConfigValueIfED2Ev
0000000000072880 W _ZN12CConfigValueIlEC1ERKNSt7__cxx1112basic_stringIcSt11char_traitsIcESaIcEEE
0000000000072880 W _ZN12CConfigValueIlEC2ERKNSt7__cxx1112basic_stringIcSt11char_traitsIcESaIcEEE
0000000000063d90 W _ZN12CConfigValueIlED1Ev
0000000000063d90 W _ZN12CConfigValueIlED2Ev
0000000000063b90 W _ZN15CSubsurfaceRole4roleEv
0000000000063ad0 W _ZN15CXDGSurfaceRole4roleEv
00000000000688a0 W _ZN16NColorManagement17SImageDescription8SICCDataD1Ev
00000000000688a0 W _ZN16NColorManagement17SImageDescription8SICCDataD2Ev
00000000000ad560 u _ZN16NColorManagement23SCRGB_IMAGE_DESCRIPTIONE
00000000000ad550 u _ZN16NColorManagement24BT2100_IMAGE_DESCRIPTIONE
00000000000ad540 u _ZN16NColorManagement24LINEAR_IMAGE_DESCRIPTIONE
00000000000ad530 u _ZN16NColorManagement27LINEAR_NN_IMAGE_DESCRIPTIONE
00000000000ad570 u _ZN16NColorManagement29DEFAULT_HDR_IMAGE_DESCRIPTIONE
00000000000ad580 u _ZN16NColorManagement30DEFAULT_SRGB_IMAGE_DESCRIPTIONE
00000000000ad590 u _ZN16NColorManagement33DEFAULT_GAMMA22_IMAGE_DESCRIPTIONE
000000000006b330 W _ZN19CSurfacePassElement11SRenderDataD1Ev
000000000006b330 W _ZN19CSurfacePassElement11SRenderDataD2Ev
00000000000665b0 W _ZN19CSurfacePassElementD0Ev
000000000007b070 W _ZN19CSurfacePassElementD1Ev
000000000007b070 W _ZN19CSurfacePassElementD2Ev
00000000000773c0 W _ZN3Elm15GrantRetirement8Registry5helloENS0_4PeerE
0000000000069d80 W _ZN3Elm15GrantRetirement8Registry6retireENS0_4PeerENS0_7BindingES3_
0000000000067980 W _ZN3Elm19ProspectiveGeometry11positiveBoxEN9Hyprutils4Math4CBoxE
0000000000067ae0 W _ZN3Elm19ProspectiveGeometry11validBoundsENS0_6BoundsEb
0000000000067bc0 W _ZN3Elm19ProspectiveGeometry20fixedConfigureDomainENS0_6BoundsES1_
0000000000067f70 W _ZN3Elm19ProspectiveGeometry7projectENS0_5InputE
0000000000067940 W _ZN3Elm8Geometry8Barriers10definitiveENS0_6TargetE
00000000000678e0 W _ZN3Elm8Geometry8Barriers5beginENS0_6TargetE
000000000006c430 W _ZN3Elm9PlacementeqERKNS0_8OriginalES3_
00000000000ad8c0 u _ZN3Log6loggerE
00000000000ad640 u _ZN6Colors10LIGHT_BLUEE
00000000000ad7c0 u _ZN6Colors3REDE
00000000000ad800 u _ZN6Colors4BLUEE
00000000000ad680 u _ZN6Colors4LIMEE
00000000000ad600 u _ZN6Colors5BLACKE
00000000000ad840 u _ZN6Colors5GREENE
00000000000ad880 u _ZN6Colors5WHITEE
00000000000ad780 u _ZN6Colors6ORANGEE
00000000000ad6c0 u _ZN6Colors6PURPLEE
00000000000ad740 u _ZN6Colors6YELLOWE
00000000000ad700 u _ZN6Colors7MAGENTAE
00000000000ad5c0 u _ZN6Config26CFontWeightConfigValueData7WEIGHTSB5cxx11E
000000000006b130 W _ZN6Render11SRenderDataD1Ev
000000000006b130 W _ZN6Render11SRenderDataD2Ev
00000000000ad420 u _ZN6Render15g_pShaderLoaderE
00000000000ad410 u _ZN6Render2GL13g_pHyprOpenGLE
000000000006c510 W _ZN7preview11WindowStyleD1Ev
000000000006c510 W _ZN7preview11WindowStyleD2Ev
000000000006a420 W _ZN7preview12TreeRevision7observeESt6vectorINS_8TreeNodeESaIS2_EEb
000000000007d950 W _ZN7preview13StyleRevision11unavailableEv
000000000007cc40 W _ZN7preview13StyleRevision7observeEmmSt6vectorINS_11WindowStyleESaIS2_EEbNS_19RenderConfigurationE
00000000000721d0 W _ZN7preview14FamilyRevision11unavailableEv
000000000006b540 W _ZN7preview14FamilyRevision7observeEmSt6vectorINS_10FamilyNodeESaIS2_EEb
000000000006be40 W _ZN7preview2fd4sealESt4spanIKhLm18446744073709551615EE
00000000000731c0 W _ZN7preview2fd4sendILm25EEEbiRKSt5arrayImXT_EEi
0000000000073040 W _ZN7preview2fd4sendILm28EEEbiRKSt5arrayImXT_EEi
0000000000063ce0 W _ZN7preview2fd5OwnedD1Ev
0000000000063ce0 W _ZN7preview2fd5OwnedD2Ev
0000000000072a20 W _ZN7preview2fd7receiveILm10EEESt8optionalINS0_8ReceivedIXT_EEEEim
000000000006a090 W _ZN7preview7capture10clientPlanEdddddbbb
000000000006e440 W _ZN7preview7capture10encodeRgbaESt4spanIKhLm18446744073709551615EEjjjbb
000000000006d8a0 W _ZN7preview7capture11ReservationD1Ev
000000000006d8a0 W _ZN7preview7capture11ReservationD2Ev
0000000000071100 W _ZN7preview7capture11surfaceTreeEN9Hyprutils6Memory14CSharedPointerI18CWLSurfaceResourceEE
0000000000070810 W _ZN7preview7capture12clientLayoutEN9Hyprutils6Memory14CSharedPointerIN7Desktop4View7CWindowEEE
0000000000079340 W _ZN7preview7capture13rootPopupTreeEN9Hyprutils6Memory14CSharedPointerIN7Desktop4View7CWindowEEE
0000000000074400 W _ZN7preview7capture17captureOwnedPlaneEN9Hyprutils6Memory14CSharedPointerIN7Desktop4View7CWindowEEERNS0_6BudgetEmRKSt8functionIFbvEEb
00000000000777b0 W _ZN7preview7capture18captureOwnedClientEN9Hyprutils6Memory14CSharedPointerIN7Desktop4View7CWindowEEERNS0_6BudgetEmRKSt8functionIFbvEE
000000000007a680 W _ZN7preview7capture22SurfaceRevisionTracker7observeERKNS0_11SurfaceTreeE
00000000000739a0 W _ZN7preview7capture22captureOwnedFamilyCropEN9Hyprutils6Memory14CSharedPointerIN7Desktop4View7CWindowEEERNS0_6BudgetEmRKSt8functionIFbvEEPNS1_4Math4CBoxE
0000000000069fe0 W _ZN7preview7capture3crcESt4spanIKhLm18446744073709551615EE
0000000000069f40 W _ZN7preview7capture4planEjj
000000000006dbb0 W _ZN7preview7capture6Budget7reserveEm
000000000006da20 W _ZN7preview7capture8OwnedPngD0Ev
000000000006d940 W _ZN7preview7capture8OwnedPngD1Ev
000000000006d940 W _ZN7preview7capture8OwnedPngD2Ev
0000000000063b70 W _ZN7preview7capture8Readback10endDataPtrEv
0000000000063b80 W _ZN7preview7capture8Readback11sendReleaseEv
0000000000063c90 W _ZN7preview7capture8Readback12beginDataPtrEj
0000000000063b20 W _ZN7preview7capture8Readback13isSynchronousEv
0000000000063b40 W _ZN7preview7capture8Readback3shmEv
0000000000063af0 W _ZN7preview7capture8Readback4capsEv
0000000000063b30 W _ZN7preview7capture8Readback4goodEv
0000000000063b00 W _ZN7preview7capture8Readback4typeEv
0000000000063b10 W _ZN7preview7capture8Readback6updateERKN9Hyprutils4Math7CRegionE
000000000006e270 W _ZN7preview7capture8ReadbackC1ERKNS0_4PlanE
000000000006e270 W _ZN7preview7capture8ReadbackC2ERKNS0_4PlanE
00000000000646b0 W _ZN7preview7capture8ReadbackD0Ev
0000000000064660 W _ZN7preview7capture8ReadbackD1Ev
0000000000064660 W _ZN7preview7capture8ReadbackD2Ev
000000000008f600 u _ZN7preview7capture8crcTableE
0000000000072120 W _ZN9Hyprutils6Memory10makeSharedIN7preview7capture8ReadbackEJRKNS3_4PlanEEEENS0_14CSharedPointerIT_EEDpOT0_
00000000000736e0 W _ZN9Hyprutils6Memory12CWeakPointerI18CWLSurfaceResourceE13decrementWeakEv
0000000000073890 W _ZN9Hyprutils6Memory12CWeakPointerIKN16NColorManagement17CImageDescriptionEE13decrementWeakEv
0000000000065c10 W _ZN9Hyprutils6Memory12CWeakPointerIKN16NColorManagement17CImageDescriptionEED1Ev
0000000000065c10 W _ZN9Hyprutils6Memory12CWeakPointerIKN16NColorManagement17CImageDescriptionEED2Ev
00000000000750d0 W _ZN9Hyprutils6Memory12CWeakPointerIN7Desktop4View7CWindowEE13decrementWeakEv
0000000000075070 W _ZN9Hyprutils6Memory12CWeakPointerIN7Monitor8CMonitorEE13decrementWeakEv
0000000000064d30 W _ZN9Hyprutils6Memory14CSharedPointerI15SHyprCtlCommandED1Ev
0000000000064d30 W _ZN9Hyprutils6Memory14CSharedPointerI15SHyprCtlCommandED2Ev
0000000000064700 W _ZN9Hyprutils6Memory14CSharedPointerIN7preview7capture8ReadbackEE7_deleteEPv
0000000000064dc0 W _ZN9Hyprutils6Memory14CSharedPointerINS_6Signal15CSignalListenerEED1Ev
0000000000064dc0 W _ZN9Hyprutils6Memory14CSharedPointerINS_6Signal15CSignalListenerEED2Ev
00000000000655e0 W _ZN9Hyprutils6Memory14CUniquePointerI11CCompositorED1Ev
00000000000655e0 W _ZN9Hyprutils6Memory14CUniquePointerI11CCompositorED2Ev
0000000000065480 W _ZN9Hyprutils6Memory14CUniquePointerI11CHookSystemED1Ev
0000000000065480 W _ZN9Hyprutils6Memory14CUniquePointerI11CHookSystemED2Ev
00000000000651c0 W _ZN9Hyprutils6Memory14CUniquePointerI12CSeatManagerED1Ev
00000000000651c0 W _ZN9Hyprutils6Memory14CUniquePointerI12CSeatManagerED2Ev
0000000000075130 W _ZN9Hyprutils6Memory14CUniquePointerI12IPassElementE9decrementEv
0000000000065270 W _ZN9Hyprutils6Memory14CUniquePointerI13CEventManagerED1Ev
0000000000065270 W _ZN9Hyprutils6Memory14CUniquePointerI13CEventManagerED2Ev
00000000000653d0 W _ZN9Hyprutils6Memory14CUniquePointerI13CInputManagerED1Ev
00000000000653d0 W _ZN9Hyprutils6Memory14CUniquePointerI13CInputManagerED2Ev
0000000000065530 W _ZN9Hyprutils6Memory14CUniquePointerI15CKeybindManagerED1Ev
0000000000065530 W _ZN9Hyprutils6Memory14CUniquePointerI15CKeybindManagerED2Ev
0000000000065060 W _ZN9Hyprutils6Memory14CUniquePointerI17CXDGShellProtocolED1Ev
0000000000065060 W _ZN9Hyprutils6Memory14CUniquePointerI17CXDGShellProtocolED2Ev
0000000000065110 W _ZN9Hyprutils6Memory14CUniquePointerI18CXDGDialogProtocolED1Ev
0000000000065110 W _ZN9Hyprutils6Memory14CUniquePointerI18CXDGDialogProtocolED2Ev
0000000000065740 W _ZN9Hyprutils6Memory14CUniquePointerI19CDRMSyncobjProtocolED1Ev
0000000000065740 W _ZN9Hyprutils6Memory14CUniquePointerI19CDRMSyncobjProtocolED2Ev
0000000000065320 W _ZN9Hyprutils6Memory14CUniquePointerI19CSessionLockManagerED1Ev
0000000000065320 W _ZN9Hyprutils6Memory14CUniquePointerI19CSessionLockManagerED2Ev
0000000000064f00 W _ZN9Hyprutils6Memory14CUniquePointerI20CHyprXWaylandManagerED1Ev
0000000000064f00 W _ZN9Hyprutils6Memory14CUniquePointerI20CHyprXWaylandManagerED2Ev
0000000000064fb0 W _ZN9Hyprutils6Memory14CUniquePointerI21CDecorationPositionerED1Ev
0000000000064fb0 W _ZN9Hyprutils6Memory14CUniquePointerI21CDecorationPositionerED2Ev
00000000000657f0 W _ZN9Hyprutils6Memory14CUniquePointerI21CWLCompositorProtocolED1Ev
00000000000657f0 W _ZN9Hyprutils6Memory14CUniquePointerI21CWLCompositorProtocolED2Ev
0000000000065b60 W _ZN9Hyprutils6Memory14CUniquePointerI24CWLSubcompositorProtocolED1Ev
0000000000065b60 W _ZN9Hyprutils6Memory14CUniquePointerI24CWLSubcompositorProtocolED2Ev
0000000000065690 W _ZN9Hyprutils6Memory14CUniquePointerI8CHyprCtlED1Ev
0000000000065690 W _ZN9Hyprutils6Memory14CUniquePointerI8CHyprCtlED2Ev
0000000000064e50 W _ZN9Hyprutils6Memory14CUniquePointerIN3Log7CLoggerEED1Ev
0000000000064e50 W _ZN9Hyprutils6Memory14CUniquePointerIN3Log7CLoggerEED2Ev
0000000000065ab0 W _ZN9Hyprutils6Memory14CUniquePointerIN6Layout14CLayoutManagerEED1Ev
0000000000065ab0 W _ZN9Hyprutils6Memory14CUniquePointerIN6Layout14CLayoutManagerEED2Ev
00000000000658a0 W _ZN9Hyprutils6Memory14CUniquePointerIN6Render13CShaderLoaderEED1Ev
00000000000658a0 W _ZN9Hyprutils6Memory14CUniquePointerIN6Render13CShaderLoaderEED2Ev
0000000000065a00 W _ZN9Hyprutils6Memory14CUniquePointerIN6Render13IHyprRendererEED1Ev
0000000000065a00 W _ZN9Hyprutils6Memory14CUniquePointerIN6Render13IHyprRendererEED2Ev
0000000000065950 W _ZN9Hyprutils6Memory14CUniquePointerIN6Render2GL15CHyprOpenGLImplEED1Ev
0000000000065950 W _ZN9Hyprutils6Memory14CUniquePointerIN6Render2GL15CHyprOpenGLImplEED2Ev
0000000000066550 W _ZN9Hyprutils6Memory5Impl_9impl_base8_destroyEv
0000000000072400 W _ZN9Hyprutils6Signal8CSignalTIJEE6listenESt8functionIFvvEE
000000000006d310 W _ZN9__gnu_cxx12__to_xstringINSt7__cxx1112basic_stringIcSt11char_traitsIcESaIcEEEcEET_PFiPT0_mPKS8_P13__va_list_tagEmSB_z
000000000008aa70 W _ZNK12CConfigValueIlEdeEv
0000000000069bc0 W _ZNK3Elm15GrantRetirement8Registry13callerMatchesENS0_4PeerENS0_7BindingE
0000000000069c60 W _ZNK3Elm15GrantRetirement8Registry15retirementStateENS0_4PeerENS0_7BindingES3_
00000000000678a0 W _ZNK3Elm8Geometry8Barriers7blockedENS0_6TargetE
0000000000067720 W _ZNK3Elm9Placement4Rect5validEv
00000000000677d0 W _ZNK3Elm9Placement7Records4readERKNS0_8IdentityERKSt8optionalIS2_ERKNS0_5ScopeE
00000000000727d0 W _ZNK7Desktop5Types15COverridableVarIbLb1EE14valueOrDefaultEv
00000000000727d0 W _ZNK7Desktop5Types15COverridableVarIbLb1EE14valueOrDefaultEvQoontT0_9is_same_vIT_bE
0000000000063c80 W _ZNK7preview7capture8OwnedPng3pngEv
0000000000063ae0 W _ZNK7preview7capture8OwnedPng6chargeEv
0000000000066990 W _ZNK9Hyprutils4Math4CBoxeqERKS1_
0000000000071000 W _ZNK9Hyprutils6Memory12CWeakPointerI18CWLSurfaceResourceE4lockEv
0000000000072670 W _ZNK9Hyprutils6Memory12CWeakPointerIN7Desktop4View7CWindowEE4lockEv
0000000000070740 W _ZNK9Hyprutils6Memory12CWeakPointerIN7Monitor8CMonitorEE4lockEv
0000000000063ac0 W _ZNKSt19bad_optional_access4whatEv
000000000007b910 W _ZNKSt20basic_format_contextINSt8__format10_Sink_iterIcEEcE3argEm
0000000000063ab0 W _ZNKSt5ctypeIcE8do_widenEc
000000000006cf80 W _ZNKSt7__cxx1112basic_stringIcSt11char_traitsIcESaIcEE6substrEmm
00000000000752e0 W _ZNKSt8_Rb_treeINSt7__cxx1112basic_stringIcSt11char_traitsIcESaIcEEES5_St9_IdentityIS5_ESt4lessIS5_ESaIS5_EE4findERKS5_
0000000000063c50 W _ZNKSt8__format13_Padding_sinkINS_10_Sink_iterIcEEcE13_M_discardingEv
00000000000810a0 W _ZNKSt8__format14__formatter_fpIcE6formatIdNS_10_Sink_iterIcEEEENSt20basic_format_contextIT0_cE8iteratorET_RS7_
00000000000800f0 W _ZNKSt8__format14__formatter_fpIcE6formatIeNS_10_Sink_iterIcEEEENSt20basic_format_contextIT0_cE8iteratorET_RS7_
0000000000082030 W _ZNKSt8__format14__formatter_fpIcE6formatIfNS_10_Sink_iterIcEEEENSt20basic_format_contextIT0_cE8iteratorET_RS7_
000000000007f080 W _ZNKSt8__format14__formatter_fpIcE6formatIgNS_10_Sink_iterIcEEEENSt20basic_format_contextIT0_cE8iteratorET_RS7_
000000000007ecd0 W _ZNKSt8__format15__formatter_intIcE13_M_format_intINS_10_Sink_iterIcEEEENSt20basic_format_contextIT_cE8iteratorESt17basic_string_viewIcSt11char_traitsIcEEmRS7_
0000000000084b90 W _ZNKSt8__format15__formatter_intIcE19_M_format_characterINS_10_Sink_iterIcEEEENSt20basic_format_contextIT_cE8iteratorEcRS7_
0000000000088120 W _ZNKSt8__format15__formatter_intIcE6formatINS_10_Sink_iterIcEEEENSt20basic_format_contextIT_cE8iteratorEbRS7_
0000000000084d00 W _ZNKSt8__format15__formatter_intIcE6formatIhNS_10_Sink_iterIcEEEENSt20basic_format_contextIT0_cE8iteratorET_RS7_
0000000000085200 W _ZNKSt8__format15__formatter_intIcE6formatIiNS_10_Sink_iterIcEEEENSt20basic_format_contextIT0_cE8iteratorET_RS7_
0000000000085800 W _ZNKSt8__format15__formatter_intIcE6formatIjNS_10_Sink_iterIcEEEENSt20basic_format_contextIT0_cE8iteratorET_RS7_
00000000000869c0 W _ZNKSt8__format15__formatter_intIcE6formatImNS_10_Sink_iterIcEEEENSt20basic_format_contextIT0_cE8iteratorET_RS7_
0000000000086f80 W _ZNKSt8__format15__formatter_intIcE6formatInNS_10_Sink_iterIcEEEENSt20basic_format_contextIT0_cE8iteratorET_RS7_
0000000000087880 W _ZNKSt8__format15__formatter_intIcE6formatIoNS_10_Sink_iterIcEEEENSt20basic_format_contextIT0_cE8iteratorET_RS7_
0000000000085d80 W _ZNKSt8__format15__formatter_intIcE6formatIxNS_10_Sink_iterIcEEEENSt20basic_format_contextIT0_cE8iteratorET_RS7_
0000000000086400 W _ZNKSt8__format15__formatter_intIcE6formatIyNS_10_Sink_iterIcEEEENSt20basic_format_contextIT0_cE8iteratorET_RS7_
00000000000884b0 W _ZNKSt8__format15__formatter_strIcE17_M_format_escapedINS_10_Sink_iterIcEEEET_St17basic_string_viewIcSt11char_traitsIcEERSt20basic_format_contextIS5_cE
0000000000063c40 W _ZNKSt8__format5_SinkIcE13_M_discardingEv
0000000000082f90 W _ZNKSt9__unicode9__v16_0_022_Grapheme_cluster_viewISt17basic_string_viewIcSt11char_traitsIcEEE9_Iterator11_M_is_breakENS0_13_Gcb_propertyES8_NS_13_Utf_iteratorIcDiPKcSB_NS_5_ReplEEE
0000000000064980 W _ZNSt10unique_ptrIN3Elm15GrantRetirement8RegistryESt14default_deleteIS2_EED1Ev
0000000000064980 W _ZNSt10unique_ptrIN3Elm15GrantRetirement8RegistryESt14default_deleteIS2_EED2Ev
000000000006daf0 W _ZNSt10unique_ptrIN7preview7capture6BudgetESt14default_deleteIS2_EED1Ev
000000000006daf0 W _ZNSt10unique_ptrIN7preview7capture6BudgetESt14default_deleteIS2_EED2Ev
0000000000075430 W _ZNSt12_Vector_baseI12pixman_box32SaIS0_EED1Ev
0000000000075430 W _ZNSt12_Vector_baseI12pixman_box32SaIS0_EED2Ev
0000000000072850 W _ZNSt12_Vector_baseIN3Elm8Geometry6TargetESaIS2_EED1Ev
0000000000072850 W _ZNSt12_Vector_baseIN3Elm8Geometry6TargetESaIS2_EED2Ev
0000000000073330 W _ZNSt12_Vector_baseIN6Render10SceneTrace5FrameESaIS2_EED1Ev
0000000000073330 W _ZNSt12_Vector_baseIN6Render10SceneTrace5FrameESaIS2_EED2Ev
00000000000721a0 W _ZNSt12_Vector_baseIN7preview10FamilyNodeESaIS1_EED1Ev
00000000000721a0 W _ZNSt12_Vector_baseIN7preview10FamilyNodeESaIS1_EED2Ev
00000000000720f0 W _ZNSt12_Vector_baseIN7preview8TreeNodeESaIS1_EED1Ev
00000000000720f0 W _ZNSt12_Vector_baseIN7preview8TreeNodeESaIS1_EED2Ev
0000000000072290 W _ZNSt12_Vector_baseISt5arrayIdLm4EESaIS1_EED1Ev
0000000000072290 W _ZNSt12_Vector_baseISt5arrayIdLm4EESaIS1_EED2Ev
0000000000072920 W _ZNSt12_Vector_baseISt5arrayIiLm4EESaIS1_EED1Ev
0000000000072920 W _ZNSt12_Vector_baseISt5arrayIiLm4EESaIS1_EED2Ev
000000000006e240 W _ZNSt12_Vector_baseIhSaIhEED1Ev
000000000006e240 W _ZNSt12_Vector_baseIhSaIhEED2Ev
0000000000063dc0 W _ZNSt12format_errorD0Ev
0000000000063da0 W _ZNSt12format_errorD1Ev
0000000000063da0 W _ZNSt12format_errorD2Ev
0000000000066a80 W _ZNSt14_Function_baseD1Ev
0000000000066a80 W _ZNSt14_Function_baseD2Ev
000000000006d820 W _ZNSt16_Sp_counted_baseILN9__gnu_cxx12_Lock_policyE2EE10_M_releaseEv
000000000006d7d0 W _ZNSt16_Sp_counted_baseILN9__gnu_cxx12_Lock_policyE2EE24_M_release_last_use_coldEv
0000000000075740 W _ZNSt16basic_format_argISt20basic_format_contextINSt8__format10_Sink_iterIcEEcEE8_M_visitIZNS1_15__do_vformat_toIcLj1EEENS2_IT_EES9_St17basic_string_viewIS8_St11char_traitsIS8_EERS0_IS9_S8_EEUlRS8_E_EEDcOS8_
0000000000088f50 W _ZNSt16basic_format_argISt20basic_format_contextINSt8__format10_Sink_iterIcEEcEE8_M_visitIZNS1_19_Formatting_scannerIS3_cE13_M_format_argEmEUlRT_E_EEDcOS9_
0000000000063ef0 W _ZNSt17_Function_handlerIFNSt7__cxx1112basic_stringIcSt11char_traitsIcESaIcEEE20eHyprCtlOutputFormatS5_EPS7_E10_M_managerERSt9_Any_dataRKSA_St18_Manager_operation
0000000000069490 W _ZNSt17_Function_handlerIFNSt7__cxx1112basic_stringIcSt11char_traitsIcESaIcEEE20eHyprCtlOutputFormatS5_EPS7_E9_M_invokeERKSt9_Any_dataOS6_OS5_
0000000000063fd0 W _ZNSt17_Function_handlerIFvN9Hyprutils6Memory14CSharedPointerIN7Desktop4View6CPopupEEEPvEZN7preview7capture13rootPopupTreeENS2_INS4_7CWindowEEEEUlS6_S7_E_E10_M_managerERSt9_Any_dataRKSF_St18_Manager_operation
0000000000079b00 W _ZNSt17_Function_handlerIFvN9Hyprutils6Memory14CSharedPointerIN7Desktop4View6CPopupEEEPvEZN7preview7capture13rootPopupTreeENS2_INS4_7CWindowEEEEUlS6_S7_E_E9_M_invokeERKSt9_Any_dataOS6_OS7_
0000000000066db0 W _ZNSt17_Function_handlerIFvPvEZN9Hyprutils6Signal8CSignalTIJEE9mkHandlerESt8functionIFvvEEEUlS0_E_E10_M_managerERSt9_Any_dataRKSB_St18_Manager_operation
0000000000063d00 W _ZNSt17_Function_handlerIFvPvEZN9Hyprutils6Signal8CSignalTIJEE9mkHandlerESt8functionIFvvEEEUlS0_E_E9_M_invokeERKSt9_Any_dataOS0_
0000000000066cb0 W _ZNSt17_Function_handlerIFvPvEZN9Hyprutils6Signal8CSignalTIJNS2_6Memory14CSharedPointerIN7Desktop4View7CWindowEEEEE9mkHandlerESt8functionIFvRKSA_EEEUlS0_E_E10_M_managerERSt9_Any_dataRKSJ_St18_Manager_operation
0000000000063d20 W _ZNSt17_Function_handlerIFvPvEZN9Hyprutils6Signal8CSignalTIJNS2_6Memory14CSharedPointerIN7Desktop4View7CWindowEEEEE9mkHandlerESt8functionIFvRKSA_EEEUlS0_E_E9_M_invokeERKSt9_Any_dataOS0_
0000000000066bb0 W _ZNSt17_Function_handlerIFvPvEZN9Hyprutils6Signal8CSignalTIJNS2_6Memory14CSharedPointerIN7Desktop4View7CWindowEEENS7_12eFocusReasonEEE9mkHandlerESt8functionIFvRKSA_SB_EEEUlS0_E_E10_M_managerERSt9_Any_dataRKSK_St18_Manager_operation
0000000000063e80 W _ZNSt17_Function_handlerIFvPvEZN9Hyprutils6Signal8CSignalTIJNS2_6Memory14CSharedPointerIN7Desktop4View7CWindowEEENS7_12eFocusReasonEEE9mkHandlerESt8functionIFvRKSA_SB_EEEUlS0_E_E9_M_invokeERKSt9_Any_dataOS0_
0000000000066ab0 W _ZNSt17_Function_handlerIFvPvEZN9Hyprutils6Signal8CSignalTIJNS2_6Memory14CSharedPointerIN7Monitor8CMonitorEEEEE9mkHandlerESt8functionIFvRKS9_EEEUlS0_E_E10_M_managerERSt9_Any_dataRKSI_St18_Manager_operation
0000000000063d40 W _ZNSt17_Function_handlerIFvPvEZN9Hyprutils6Signal8CSignalTIJNS2_6Memory14CSharedPointerIN7Monitor8CMonitorEEEEE9mkHandlerESt8functionIFvRKS9_EEEUlS0_E_E9_M_invokeERKSt9_Any_dataOS0_
0000000000064130 W _ZNSt17_Function_handlerIFvmEZN7preview7capture11surfaceTreeEN9Hyprutils6Memory14CSharedPointerI18CWLSurfaceResourceEEEUlmE_E10_M_managerERSt9_Any_dataRKSA_St18_Manager_operation
0000000000064300 W _ZNSt17_Function_handlerIFvmEZN7preview7capture11surfaceTreeEN9Hyprutils6Memory14CSharedPointerI18CWLSurfaceResourceEEEUlmE_E9_M_invokeERKSt9_Any_dataOm
000000000007c0c0 W _ZNSt19_UninitDestroyGuardIPN6Render10SceneTrace5FrameEvED1Ev
000000000007c0c0 W _ZNSt19_UninitDestroyGuardIPN6Render10SceneTrace5FrameEvED2Ev
0000000000063e10 W _ZNSt19bad_optional_accessD0Ev
0000000000063df0 W _ZNSt19bad_optional_accessD1Ev
0000000000063df0 W _ZNSt19bad_optional_accessD2Ev
00000000000738f0 W _ZNSt22_Optional_payload_baseIN7preview7capture11ReservationEE8_M_resetEv
0000000000077680 W _ZNSt22_Optional_payload_baseIN7preview7capture11SurfaceTreeEE10_M_destroyEv
00000000000751e0 W _ZNSt22_Optional_payload_baseISt6vectorIN9Hyprutils6Memory14CSharedPointerIN7Desktop4View7CWindowEEESaIS7_EEE8_M_resetEv
0000000000063cd0 W _ZNSt23_Sp_counted_ptr_inplaceIN7preview7capture11BudgetStateESaIvELN9__gnu_cxx12_Lock_policyE2EE10_M_destroyEv
0000000000063c30 W _ZNSt23_Sp_counted_ptr_inplaceIN7preview7capture11BudgetStateESaIvELN9__gnu_cxx12_Lock_policyE2EE10_M_disposeEv
0000000000064600 W _ZNSt23_Sp_counted_ptr_inplaceIN7preview7capture11BudgetStateESaIvELN9__gnu_cxx12_Lock_policyE2EE14_M_get_deleterERKSt9type_info
0000000000063cc0 W _ZNSt23_Sp_counted_ptr_inplaceIN7preview7capture11BudgetStateESaIvELN9__gnu_cxx12_Lock_policyE2EED0Ev
0000000000063c20 W _ZNSt23_Sp_counted_ptr_inplaceIN7preview7capture11BudgetStateESaIvELN9__gnu_cxx12_Lock_policyE2EED1Ev
0000000000063c20 W _ZNSt23_Sp_counted_ptr_inplaceIN7preview7capture11BudgetStateESaIvELN9__gnu_cxx12_Lock_policyE2EED2Ev
0000000000064b30 W _ZNSt3mapINSt7__cxx1112basic_stringIcSt11char_traitsIcESaIcEEEiSt4lessIS5_ESaISt4pairIKS5_iEEED1Ev
0000000000064b30 W _ZNSt3mapINSt7__cxx1112basic_stringIcSt11char_traitsIcESaIcEEEiSt4lessIS5_ESaISt4pairIKS5_iEEED2Ev
0000000000069580 W _ZNSt3mapImN7preview13StyleRevisionESt4lessImESaISt4pairIKmS1_EEED1Ev
0000000000069580 W _ZNSt3mapImN7preview13StyleRevisionESt4lessImESaISt4pairIKmS1_EEED2Ev
00000000000665a0 W _ZNSt3mapImN7preview7capture22SurfaceRevisionTrackerESt4lessImESaISt4pairIKmS2_EEED1Ev
00000000000665a0 W _ZNSt3mapImN7preview7capture22SurfaceRevisionTrackerESt4lessImESaISt4pairIKmS2_EEED2Ev
0000000000070ed0 W _ZNSt3setIPK18CWLSurfaceResourceSt4lessIS2_ESaIS2_EEC1ESt16initializer_listIS2_ERKS4_RKS5_
0000000000070ed0 W _ZNSt3setIPK18CWLSurfaceResourceSt4lessIS2_ESaIS2_EEC2ESt16initializer_listIS2_ERKS4_RKS5_
000000000007b400 W _ZNSt5arrayIN7preview13StyleGradientELm6EEC1ERKS2_
000000000007b400 W _ZNSt5arrayIN7preview13StyleGradientELm6EEC2ERKS2_
0000000000073360 W _ZNSt6vectorIN6Render10SceneTrace5FrameESaIS2_EED1Ev
0000000000073360 W _ZNSt6vectorIN6Render10SceneTrace5FrameESaIS2_EED2Ev
00000000000722c0 W _ZNSt6vectorIN7preview11WindowStyleESaIS1_EED1Ev
00000000000722c0 W _ZNSt6vectorIN7preview11WindowStyleESaIS1_EED2Ev
0000000000070dc0 W _ZNSt6vectorIN7preview7capture10SurfaceRowESaIS2_EED1Ev
0000000000070dc0 W _ZNSt6vectorIN7preview7capture10SurfaceRowESaIS2_EED2Ev
0000000000064ba0 W _ZNSt6vectorIN9Hyprutils6Memory12CWeakPointerIN7Desktop4View7CWindowEEESaIS6_EED1Ev
0000000000064ba0 W _ZNSt6vectorIN9Hyprutils6Memory12CWeakPointerIN7Desktop4View7CWindowEEESaIS6_EED2Ev
000000000006fb20 W _ZNSt6vectorIN9Hyprutils6Memory14CSharedPointerIN7Desktop4View7CWindowEEESaIS6_EE9push_backERKS6_
000000000006f720 W _ZNSt6vectorIN9Hyprutils6Memory14CSharedPointerIN7Desktop4View7CWindowEEESaIS6_EED1Ev
000000000006f720 W _ZNSt6vectorIN9Hyprutils6Memory14CSharedPointerIN7Desktop4View7CWindowEEESaIS6_EED2Ev
00000000000642b0 W _ZNSt6vectorIPKcSaIS1_EED1Ev
00000000000642b0 W _ZNSt6vectorIPKcSaIS1_EED2Ev
0000000000068e60 W _ZNSt7__cxx1112basic_stringIcSt11char_traitsIcESaIcEE10_M_disposeEv
00000000000766e0 W _ZNSt7__cxx1112basic_stringIcSt11char_traitsIcESaIcEE10_M_replaceEmmPKcm
0000000000072740 W _ZNSt7__cxx1112basic_stringIcSt11char_traitsIcESaIcEE12_M_constructILb1EEEvPKcm
0000000000068b60 W _ZNSt7__cxx1112basic_stringIcSt11char_traitsIcESaIcEE6appendEPKc
0000000000069720 W _ZNSt7__cxx1112basic_stringIcSt11char_traitsIcESaIcEE6appendEPKcm
0000000000073740 W _ZNSt7__cxx1112basic_stringIcSt11char_traitsIcESaIcEE7reserveEm
000000000006c2a0 W _ZNSt7__cxx1112basic_stringIcSt11char_traitsIcESaIcEE9_M_assignERKS4_
0000000000068990 W _ZNSt7__cxx1112basic_stringIcSt11char_traitsIcESaIcEE9_M_mutateEmmPKcm
000000000006c070 W _ZNSt7__cxx1112basic_stringIcSt11char_traitsIcESaIcEE9push_backEc
0000000000065c70 W _ZNSt7__cxx1112basic_stringIcSt11char_traitsIcESaIcEEC1EOS4_
00000000000669e0 W _ZNSt7__cxx1112basic_stringIcSt11char_traitsIcESaIcEEC1IS3_EEPKcRKS3_
0000000000065c70 W _ZNSt7__cxx1112basic_stringIcSt11char_traitsIcESaIcEEC2EOS4_
00000000000669e0 W _ZNSt7__cxx1112basic_stringIcSt11char_traitsIcESaIcEEC2IS3_EEPKcRKS3_
0000000000064760 W _ZNSt7__cxx1112basic_stringIcSt11char_traitsIcESaIcEED1Ev
0000000000064760 W _ZNSt7__cxx1112basic_stringIcSt11char_traitsIcESaIcEED2Ev
000000000006e130 W _ZNSt7__cxx1112basic_stringIcSt11char_traitsIcESaIcEEaSEOS4_
0000000000065e30 W _ZNSt7__cxx119to_stringEi
0000000000066130 W _ZNSt7__cxx119to_stringEj
0000000000068e90 W _ZNSt7__cxx119to_stringEl
00000000000691a0 W _ZNSt7__cxx119to_stringEm
000000000007c950 W _ZNSt7__equalILb0EE5equalIPKN7preview11WindowStyleES5_EEbT_S6_T0_
000000000007bc80 W _ZNSt8_Rb_treeINSt7__cxx1112basic_stringIcSt11char_traitsIcESaIcEEES5_St9_IdentityIS5_ESt4lessIS5_ESaIS5_EE16_M_assign_uniqueIPKS5_EEvT_SF_
000000000007b290 W _ZNSt8_Rb_treeINSt7__cxx1112basic_stringIcSt11char_traitsIcESaIcEEES5_St9_IdentityIS5_ESt4lessIS5_ESaIS5_EE24_M_get_insert_unique_posERKS5_
000000000007b980 W _ZNSt8_Rb_treeINSt7__cxx1112basic_stringIcSt11char_traitsIcESaIcEEES5_St9_IdentityIS5_ESt4lessIS5_ESaIS5_EE29_M_get_insert_hint_unique_posESt23_Rb_tree_const_iteratorIS5_ERKS5_
000000000007c4e0 W _ZNSt8_Rb_treeINSt7__cxx1112basic_stringIcSt11char_traitsIcESaIcEEESt4pairIKS5_iESt10_Select1stIS8_ESt4lessIS5_ESaIS8_EE24_M_get_insert_unique_posERS7_
000000000007c650 W _ZNSt8_Rb_treeINSt7__cxx1112basic_stringIcSt11char_traitsIcESaIcEEESt4pairIKS5_iESt10_Select1stIS8_ESt4lessIS5_ESaIS8_EE29_M_get_insert_hint_unique_posESt23_Rb_tree_const_iteratorIS8_ERS7_
000000000007a4a0 W _ZNSt8_Rb_treeIPK18CWLSurfaceResourceSt4pairIKS2_N7preview7capture14TrackedSurfaceEESt10_Select1stIS8_ESt4lessIS2_ESaIS8_EE22_M_emplace_hint_uniqueIJRPS0_S7_EEESt17_Rb_tree_iteratorIS8_ESt23_Rb_tree_const_iteratorIS8_EDpOT_
0000000000077260 W _ZNSt8_Rb_treeImSt4pairIKmN3Elm15GrantRetirement8Registry5EntryEESt10_Select1stIS6_ESt4lessImESaIS6_EE22_M_emplace_hint_uniqueIJRmS5_EEESt17_Rb_tree_iteratorIS6_ESt23_Rb_tree_const_iteratorIS6_EDpOT_
0000000000073480 W _ZNSt8__detail13__to_chars_16IjEESt15to_chars_resultPcS2_T_
00000000000735c0 W _ZNSt8__detail13__to_chars_16ImEESt15to_chars_resultPcS2_T_
000000000006d040 W _ZNSt8__detail18__to_chars_10_implIjEEvPcjT_
000000000006d1a0 W _ZNSt8__detail18__to_chars_10_implImEEvPcjT_
0000000000075460 W _ZNSt8__detail18__to_chars_10_implIoEEvPcjT_
000000000008fa20 u _ZNSt8__detail31__from_chars_alnum_to_val_tableILb0EE5valueE
0000000000064210 W _ZNSt8__format10_File_sink11_M_overflowEv
00000000000663e0 W _ZNSt8__format10_File_sinkD1Ev
00000000000663e0 W _ZNSt8__format10_File_sinkD2Ev
0000000000083740 W _ZNSt8__format10__truncateIcEEmRSt17basic_string_viewIT_St11char_traitsIS2_EEm
000000000007e110 W _ZNSt8__format13_Padding_sinkINS_10_Sink_iterIcEEcE10_M_reserveEm
0000000000084040 W _ZNSt8__format13_Padding_sinkINS_10_Sink_iterIcEEcE11_M_overflowEv
0000000000083d10 W _ZNSt8__format13_Padding_sinkINS_10_Sink_iterIcEEcE15_M_force_updateEv
0000000000083ff0 W _ZNSt8__format13_Padding_sinkINS_10_Sink_iterIcEEcE7_M_bumpEm
0000000000063c70 W _ZNSt8__format14_Fixedbuf_sinkIcE11_M_overflowEv
000000000006c5e0 W _ZNSt8__format14__formatter_fpIcE5parseERSt26basic_format_parse_contextIcE
000000000007e2d0 W _ZNSt8__format14__write_paddedINS_10_Sink_iterIcEEcEET_S3_St17basic_string_viewIT0_St11char_traitsIS5_EENS_6_AlignEmDi
0000000000089a30 W _ZNSt8__format15__do_vformat_toIcLj1EEENS_10_Sink_iterIT_EES3_St17basic_string_viewIS2_St11char_traitsIS2_EERSt20basic_format_contextIS3_S2_E
0000000000067090 W _ZNSt8__format15__formatter_intIcE11_M_do_parseERSt26basic_format_parse_contextIcENS_10_Pres_typeE
000000000007dbd0 W _ZNSt8__format15__formatter_ptrIcE5parseERSt26basic_format_parse_contextIcE
000000000006dc50 W _ZNSt8__format15__formatter_strIcE5parseERSt26basic_format_parse_contextIcE
00000000000849f0 W _ZNSt8__format15__write_escapedIcNS_10_Sink_iterIcEEEET0_S3_St17basic_string_viewIT_St11char_traitsIS5_EENS_10_Term_charE
00000000000841c0 W _ZNSt8__format18__write_escape_seqINS_10_Sink_iterIcEEcEET_S3_jSt17basic_string_viewIT0_St11char_traitsIS5_EE
0000000000064c50 W _ZNSt8__format19_Formatting_scannerINS_10_Sink_iterIcEEcE11_M_on_charsEPKc
0000000000089960 W _ZNSt8__format19_Formatting_scannerINS_10_Sink_iterIcEEcE13_M_format_argEm
000000000007ea10 W _ZNSt8__format22__write_padded_as_specIcNS_10_Sink_iterIcEEEET0_St17basic_string_viewINSt13type_identityIT_E4typeESt11char_traitsIS8_EEmRSt20basic_format_contextIS3_S6_ERKNS_5_SpecIS6_EENS_6_AlignE
00000000000843a0 W _ZNSt8__format28__write_escaped_unicode_partIcNS_10_Sink_iterIcEEEET0_S3_RSt17basic_string_viewIT_St11char_traitsIS5_EERbNS_10_Term_charE
00000000000201fb W _ZNSt8__format29__failed_to_parse_format_specEv
00000000000201ee W _ZNSt8__format33__invalid_arg_id_in_format_stringEv
00000000000201e1 W _ZNSt8__format39__conflicting_indexing_in_format_stringEv
0000000000063ba0 W _ZNSt8__format5_SinkIcE10_M_reserveEm
0000000000063c10 W _ZNSt8__format5_SinkIcE7_M_bumpEm
000000000007e070 W _ZNSt8__format5_SinkIcE8_M_writeESt17basic_string_viewIcSt11char_traitsIcEE
0000000000066eb0 W _ZNSt8__format5_SpecIcE27_S_parse_width_or_precisionEPKcS3_RtRbRSt26basic_format_parse_contextIcE
00000000000697f0 W _ZNSt8__format9_Seq_sinkINSt7__cxx1112basic_stringIcSt11char_traitsIcESaIcEEEE10_M_reserveEm
0000000000068d60 W _ZNSt8__format9_Seq_sinkINSt7__cxx1112basic_stringIcSt11char_traitsIcESaIcEEEE11_M_overflowEv
0000000000068c30 W _ZNSt8__format9_Seq_sinkINSt7__cxx1112basic_stringIcSt11char_traitsIcESaIcEEEE7_M_bumpEm
0000000000090e20 u _ZNSt9__unicode9__v16_0_011__gcb_edgesE
0000000000090000 u _ZNSt9__unicode9__v16_0_012__incb_edgesE
0000000000094080 u _ZNSt9__unicode9__v16_0_013__width_edgesE
0000000000092940 u _ZNSt9__unicode9__v16_0_014__escape_edgesE
0000000000090dc0 u _ZNSt9__unicode9__v16_0_014__incb_linkersE
000000000008fb20 u _ZNSt9__unicode9__v16_0_014__xpicto_edgesE
00000000000833c0 W _ZNSt9__unicode9__v16_0_022_Grapheme_cluster_viewISt17basic_string_viewIcSt11char_traitsIcEEE9_IteratorppEv
000000000007eb00 W _ZSt14__add_groupingIcEPT_S1_S0_PKcmPKS0_S5_
000000000007c1c0 W _ZSt16__do_uninit_copyIN9__gnu_cxx17__normal_iteratorIPKN6Render10SceneTrace5FrameESt6vectorIS4_SaIS4_EEEESA_PS4_ET1_T_T0_SC_
000000000007b570 W _ZSt16__do_uninit_copyIN9__gnu_cxx17__normal_iteratorIPKN7preview11WindowStyleESt6vectorIS3_SaIS3_EEEES9_PS3_ET1_T_T0_SB_
000000000008a870 W _ZSt17vprint_nonunicodeP8_IO_FILESt17basic_string_viewIcSt11char_traitsIcEESt17basic_format_argsISt20basic_format_contextINSt8__format10_Sink_iterIcEEcEE
000000000002018c W _ZSt20__throw_format_errorPKc
000000000008a450 W _ZSt7vformatB5cxx11St17basic_string_viewIcSt11char_traitsIcEESt17basic_format_argsISt20basic_format_contextINSt8__format10_Sink_iterIcEEcEE
00000000000729b0 W _ZSteqIN7preview7ContextES1_ENSt9enable_ifIX16is_convertible_vIDTeqcl7declvalIRKT_EEcl7declvalIRKT0_EEEbEEbE4typeERKSt8optionalIS3_ERKSC_IS6_E
000000000006c4c0 W _ZSteqIcSt11char_traitsIcESaIcEEbRKNSt7__cxx1112basic_stringIT_T0_T1_EEPKS5_
000000000006c260 W _ZSteqIcSt11char_traitsIcESaIcEEbRKNSt7__cxx1112basic_stringIT_T0_T1_EESA_
0000000000072950 W _ZStneIN7preview7ContextES1_ENSt9enable_ifIX16is_convertible_vIDTnecl7declvalIRKT_EEcl7declvalIRKT0_EEEbEEbE4typeERKSt8optionalIS3_ERKSC_IS6_E
0000000000076890 W _ZStplIcSt11char_traitsIcESaIcEENSt7__cxx1112basic_stringIT_T0_T1_EEOS8_S9_
000000000006d480 W _ZStplIcSt11char_traitsIcESaIcEENSt7__cxx1112basic_stringIT_T0_T1_EEPKS5_OS8_
00000000000a13b0 V _ZTI12ISurfaceRole
00000000000a1418 V _ZTI15CSubsurfaceRole
00000000000a1250 V _ZTIFNSt7__cxx1112basic_stringIcSt11char_traitsIcESaIcEEE20eHyprCtlOutputFormatS4_E
00000000000a13d0 V _ZTIN7preview3uri7PayloadE
00000000000a13c0 V _ZTIN7preview6BufferE
00000000000a13e8 V _ZTIN7preview7capture8OwnedPngE
00000000000a1400 V _ZTIN7preview7capture8ReadbackE
00000000000a1360 V _ZTINSt8__format10_File_sinkE
00000000000a1278 V _ZTINSt8__format13_Padding_sinkINS_10_Sink_iterIcEEcEE
00000000000a1260 V _ZTINSt8__format14_Fixedbuf_sinkIcEE
00000000000a1510 V _ZTINSt8__format19_Formatting_scannerINS_10_Sink_iterIcEEcEE
00000000000a1320 V _ZTINSt8__format5_SinkIcEE
00000000000a1388 V _ZTINSt8__format8_ScannerIcEE
00000000000a1330 V _ZTINSt8__format9_Buf_sinkIcEE
00000000000a1348 V _ZTINSt8__format9_Seq_sinkINSt7__cxx1112basic_stringIcSt11char_traitsIcESaIcEEEEE
00000000000a14f0 V _ZTIPFNSt7__cxx1112basic_stringIcSt11char_traitsIcESaIcEEE20eHyprCtlOutputFormatS4_E
00000000000a1240 V _ZTISt11_Mutex_baseILN9__gnu_cxx12_Lock_policyE2EE
00000000000a1308 V _ZTISt12format_error
00000000000a1398 V _ZTISt16_Sp_counted_baseILN9__gnu_cxx12_Lock_policyE2EE
00000000000a12f0 V _ZTISt19bad_optional_access
00000000000a1528 V _ZTISt23_Sp_counted_ptr_inplaceIN7preview7capture11BudgetStateESaIvELN9__gnu_cxx12_Lock_policyE2EE
00000000000a1430 V _ZTIZN7preview7capture11surfaceTreeEN9Hyprutils6Memory14CSharedPointerI18CWLSurfaceResourceEEEUlmE_
00000000000a1440 V _ZTIZN7preview7capture13rootPopupTreeEN9Hyprutils6Memory14CSharedPointerIN7Desktop4View7CWindowEEEEUlNS3_INS5_6CPopupEEEPvE_
00000000000a1540 V _ZTIZN9Hyprutils6Signal8CSignalTIJEE9mkHandlerESt8functionIFvvEEEUlPvE_
00000000000a1550 V _ZTIZN9Hyprutils6Signal8CSignalTIJNS_6Memory14CSharedPointerIN7Desktop4View7CWindowEEEEE9mkHandlerESt8functionIFvRKS7_EEEUlPvE_
00000000000a1560 V _ZTIZN9Hyprutils6Signal8CSignalTIJNS_6Memory14CSharedPointerIN7Desktop4View7CWindowEEENS4_12eFocusReasonEEE9mkHandlerESt8functionIFvRKS7_S8_EEEUlPvE_
00000000000a1570 V _ZTIZN9Hyprutils6Signal8CSignalTIJNS_6Memory14CSharedPointerIN7Monitor8CMonitorEEEEE9mkHandlerESt8functionIFvRKS6_EEEUlPvE_
000000000008f158 V _ZTS12ISurfaceRole
000000000008f1f0 V _ZTS15CSubsurfaceRole
000000000008eec0 V _ZTSFNSt7__cxx1112basic_stringIcSt11char_traitsIcESaIcEEE20eHyprCtlOutputFormatS4_E
000000000008f190 V _ZTSN7preview3uri7PayloadE
000000000008f170 V _ZTSN7preview6BufferE
000000000008f1b0 V _ZTSN7preview7capture8OwnedPngE
000000000008f1d0 V _ZTSN7preview7capture8ReadbackE
000000000008f120 V _ZTSNSt7__cxx1112basic_stringIcSt11char_traitsIcESaIcEEE
000000000008f090 V _ZTSNSt8__format10_File_sinkE
000000000008ef80 V _ZTSNSt8__format13_Padding_sinkINS_10_Sink_iterIcEEcEE
000000000008ef40 V _ZTSNSt8__format14_Fixedbuf_sinkIcEE
000000000008f360 V _ZTSNSt8__format19_Formatting_scannerINS_10_Sink_iterIcEEcEE
000000000008f000 V _ZTSNSt8__format5_SinkIcEE
000000000008f0b0 V _ZTSNSt8__format8_ScannerIcEE
000000000008f020 V _ZTSNSt8__format9_Buf_sinkIcEE
000000000008f040 V _ZTSNSt8__format9_Seq_sinkINSt7__cxx1112basic_stringIcSt11char_traitsIcESaIcEEEEE
000000000008f300 V _ZTSPFNSt7__cxx1112basic_stringIcSt11char_traitsIcESaIcEEE20eHyprCtlOutputFormatS4_E
000000000008ee80 V _ZTSSt11_Mutex_baseILN9__gnu_cxx12_Lock_policyE2EE
000000000008efe0 V _ZTSSt12format_error
000000000008f0e0 V _ZTSSt16_Sp_counted_baseILN9__gnu_cxx12_Lock_policyE2EE
000000000008ef10 V _ZTSSt19_Sp_make_shared_tag
000000000008efc0 V _ZTSSt19bad_optional_access
000000000008f3a0 V _ZTSSt23_Sp_counted_ptr_inplaceIN7preview7capture11BudgetStateESaIvELN9__gnu_cxx12_Lock_policyE2EE
000000000008f220 V _ZTSZN7preview7capture11surfaceTreeEN9Hyprutils6Memory14CSharedPointerI18CWLSurfaceResourceEEEUlmE_
000000000008f280 V _ZTSZN7preview7capture13rootPopupTreeEN9Hyprutils6Memory14CSharedPointerIN7Desktop4View7CWindowEEEEUlNS3_INS5_6CPopupEEEPvE_
000000000008f400 V _ZTSZN9Hyprutils6Signal8CSignalTIJEE9mkHandlerESt8functionIFvvEEEUlPvE_
000000000008f460 V _ZTSZN9Hyprutils6Signal8CSignalTIJNS_6Memory14CSharedPointerIN7Desktop4View7CWindowEEEEE9mkHandlerESt8functionIFvRKS7_EEEUlPvE_
000000000008f4e0 V _ZTSZN9Hyprutils6Signal8CSignalTIJNS_6Memory14CSharedPointerIN7Desktop4View7CWindowEEENS4_12eFocusReasonEEE9mkHandlerESt8functionIFvRKS7_S8_EEEUlPvE_
000000000008f580 V _ZTSZN9Hyprutils6Signal8CSignalTIJNS_6Memory14CSharedPointerIN7Monitor8CMonitorEEEEE9mkHandlerESt8functionIFvRKS6_EEEUlPvE_
00000000000a1630 V _ZTVN7preview7capture8OwnedPngE
00000000000a1660 V _ZTVN7preview7capture8ReadbackE
00000000000a1600 V _ZTVNSt8__format10_File_sinkE
00000000000a12c0 V _ZTVNSt8__format13_Padding_sinkINS_10_Sink_iterIcEEcEE
00000000000a1290 V _ZTVNSt8__format14_Fixedbuf_sinkIcEE
00000000000a16e8 V _ZTVNSt8__format19_Formatting_scannerINS_10_Sink_iterIcEEcEE
00000000000a15d0 V _ZTVNSt8__format9_Seq_sinkINSt7__cxx1112basic_stringIcSt11char_traitsIcESaIcEEEEE
00000000000a15a8 V _ZTVSt12format_error
00000000000a1580 V _ZTVSt19bad_optional_access
00000000000a1708 V _ZTVSt23_Sp_counted_ptr_inplaceIN7preview7capture11BudgetStateESaIvELN9__gnu_cxx12_Lock_policyE2EE
00000000000ad4a0 u _ZZ30__hyprland_api_get_client_hashE3verB5cxx11
000000000006a880 W _ZZN7preview7capture11surfaceTreeEN9Hyprutils6Memory14CSharedPointerI18CWLSurfaceResourceEEENKUlmE_clEm
000000000006a060 W _ZZN7preview7capture17captureOwnedPlaneEN9Hyprutils6Memory14CSharedPointerIN7Desktop4View7CWindowEEERNS0_6BudgetEmRKSt8functionIFbvEEbEN7RestoreD1Ev
000000000006a060 W _ZZN7preview7capture17captureOwnedPlaneEN9Hyprutils6Memory14CSharedPointerIN7Desktop4View7CWindowEEERNS0_6BudgetEmRKSt8functionIFbvEEbEN7RestoreD2Ev
000000000006a030 W _ZZN7preview7capture17captureOwnedPlaneEN9Hyprutils6Memory14CSharedPointerIN7Desktop4View7CWindowEEERNS0_6BudgetEmRKSt8functionIFbvEEbENKUlvE_clEv
000000000006abb0 W _ZZN7preview7capture18captureOwnedClientEN9Hyprutils6Memory14CSharedPointerIN7Desktop4View7CWindowEEERNS0_6BudgetEmRKSt8functionIFbvEEEN7Restore5resetEv
000000000006ab80 W _ZZN7preview7capture18captureOwnedClientEN9Hyprutils6Memory14CSharedPointerIN7Desktop4View7CWindowEEERNS0_6BudgetEmRKSt8functionIFbvEEENKUlvE_clEv
000000000006c030 W _ZZN7preview7capture22captureOwnedFamilyCropEN9Hyprutils6Memory14CSharedPointerIN7Desktop4View7CWindowEEERNS0_6BudgetEmRKSt8functionIFbvEEPNS1_4Math4CBoxEEN7RestoreD1Ev
000000000006c030 W _ZZN7preview7capture22captureOwnedFamilyCropEN9Hyprutils6Memory14CSharedPointerIN7Desktop4View7CWindowEEERNS0_6BudgetEmRKSt8functionIFbvEEPNS1_4Math4CBoxEEN7RestoreD2Ev
000000000006c000 W _ZZN7preview7capture22captureOwnedFamilyCropEN9Hyprutils6Memory14CSharedPointerIN7Desktop4View7CWindowEEERNS0_6BudgetEmRKSt8functionIFbvEEPNS1_4Math4CBoxEENKUlvE_clEv
00000000000667e0 W _ZZN9Hyprutils6Memory14CUniquePointerI19CSurfacePassElementEC4EPS2_ENUlPvE_4_FUNES5_
0000000000063e40 W _ZZN9Hyprutils6Memory14CUniquePointerIN3Log7CLoggerEEC4EPS3_ENUlPvE_4_FUNES6_
000000000008fa00 u _ZZNSt19_Sp_make_shared_tag5_S_tiEvE5__tag
0000000000076d90 W __hyprland_api_get_client_hash
00000000000ad3f0 u g_layoutManager
00000000000ad460 u g_pCompositor
00000000000ad5a0 u g_pDecorationPositioner
00000000000ad4f0 u g_pEventManager
00000000000ad4c0 u g_pFunctionHookSystem
00000000000ad450 u g_pHyprCtl
00000000000ad400 u g_pHyprRenderer
00000000000ad4d0 u g_pInputManager
00000000000ad470 u g_pKeybindManager
00000000000ad500 u g_pSeatManager
00000000000ad4e0 u g_pSessionLockManager
00000000000ad5b0 u g_pXWaylandManager
0000000000028ff0 T pluginAPIVersion
00000000000298d0 T pluginExit
000000000003cf20 T pluginInit
