{"event":"ack-configure","sequence":1,"controlSequence":0,"rootCommits":1,"childCommits":0,"serial":17,"width":320,"height":240,"monotonicNs":233204936785264}
{"event":"buffercommit","sequence":2,"controlSequence":0,"rootCommits":2,"childCommits":0,"serial":17,"width":320,"height":240,"monotonicNs":233204936904185}
{"event":"ready","sequence":3,"controlSequence":0,"rootCommits":2,"childCommits":0,"serial":17,"width":320,"height":240,"monotonicNs":233204936912533}
{"event":"buffer-release","sequence":4,"controlSequence":0,"rootCommits":2,"childCommits":0,"serial":17,"width":320,"height":240,"monotonicNs":233204937399059}
{"event":"ack-configure","sequence":5,"controlSequence":0,"rootCommits":2,"childCommits":0,"serial":18,"width":320,"height":240,"monotonicNs":233204937418207}
{"event":"ack-configure","sequence":6,"controlSequence":0,"rootCommits":2,"childCommits":0,"serial":35,"width":320,"height":240,"monotonicNs":233210623823735}
{"event":"ack-configure","sequence":7,"controlSequence":0,"rootCommits":2,"childCommits":0,"serial":38,"width":320,"height":240,"monotonicNs":233210635487817}
{"event":"ack-configure","sequence":8,"controlSequence":0,"rootCommits":2,"childCommits":0,"serial":52,"width":320,"height":240,"monotonicNs":233216965322822}
{"event":"ack-configure","sequence":9,"controlSequence":0,"rootCommits":2,"childCommits":0,"serial":55,"width":320,"height":240,"monotonicNs":233216977317719}
{"event":"ack-configure","sequence":10,"controlSequence":0,"rootCommits":2,"childCommits":0,"serial":57,"width":320,"height":240,"monotonicNs":233217612070341}
{"event":"ack-configure","sequence":11,"controlSequence":0,"rootCommits":2,"childCommits":0,"serial":131,"width":320,"height":240,"monotonicNs":233232609531811}
{"event":"ack-configure","sequence":12,"controlSequence":0,"rootCommits":2,"childCommits":0,"serial":132,"width":320,"height":240,"monotonicNs":233232652190339}
{"event":"ack-configure","sequence":13,"controlSequence":0,"rootCommits":2,"childCommits":0,"serial":210,"width":320,"height":240,"monotonicNs":233252834850160}
{"event":"ack-configure","sequence":14,"controlSequence":0,"rootCommits":2,"childCommits":0,"serial":213,"width":320,"height":240,"monotonicNs":233252836448518}
{"event":"ack-configure","sequence":15,"controlSequence":0,"rootCommits":2,"childCommits":0,"serial":214,"width":320,"height":240,"monotonicNs":233252862060516}
{"event":"ack-configure","sequence":16,"controlSequence":0,"rootCommits":2,"childCommits":0,"serial":219,"width":320,"height":240,"monotonicNs":233252887933354}
{"event":"ack-configure","sequence":17,"controlSequence":0,"rootCommits":2,"childCommits":0,"serial":220,"width":320,"height":240,"monotonicNs":233252939044910}
{"event":"ack-configure","sequence":18,"controlSequence":0,"rootCommits":2,"childCommits":0,"serial":225,"width":320,"height":240,"monotonicNs":233252989790786}
{"event":"ack-configure","sequence":19,"controlSequence":0,"rootCommits":2,"childCommits":0,"serial":226,"width":320,"height":240,"monotonicNs":233253041033596}
{"event":"ack-configure","sequence":20,"controlSequence":0,"rootCommits":2,"childCommits":0,"serial":231,"width":320,"height":240,"monotonicNs":233253092249577}
{"event":"ack-configure","sequence":21,"controlSequence":0,"rootCommits":2,"childCommits":0,"serial":232,"width":320,"height":240,"monotonicNs":233253219986322}
{"event":"ack-configure","sequence":22,"controlSequence":0,"rootCommits":2,"childCommits":0,"serial":237,"width":320,"height":240,"monotonicNs":233253245721793}
{"event":"ack-configure","sequence":23,"controlSequence":0,"rootCommits":2,"childCommits":0,"serial":238,"width":320,"height":240,"monotonicNs":233253397653312}
{"event":"ack-configure","sequence":24,"controlSequence":0,"rootCommits":2,"childCommits":0,"serial":243,"width":320,"height":240,"monotonicNs":233253423579973}
{"event":"ack-configure","sequence":25,"controlSequence":0,"rootCommits":2,"childCommits":0,"serial":244,"width":320,"height":240,"monotonicNs":233253526665307}
{"event":"ack-configure","sequence":26,"controlSequence":0,"rootCommits":2,"childCommits":0,"serial":249,"width":320,"height":240,"monotonicNs":233253577581706}
{"event":"ack-configure","sequence":27,"controlSequence":0,"rootCommits":2,"childCommits":0,"serial":250,"width":320,"height":240,"monotonicNs":233253603470405}
{"event":"ack-configure","sequence":28,"controlSequence":0,"rootCommits":2,"childCommits":0,"serial":255,"width":320,"height":240,"monotonicNs":233253654277718}
{"event":"ack-configure","sequence":29,"controlSequence":0,"rootCommits":2,"childCommits":0,"serial":256,"width":320,"height":240,"monotonicNs":233253705160039}
{"event":"ack-configure","sequence":30,"controlSequence":0,"rootCommits":2,"childCommits":0,"serial":261,"width":320,"height":240,"monotonicNs":233253806213014}
{"event":"ack-configure","sequence":31,"controlSequence":0,"rootCommits":2,"childCommits":0,"serial":263,"width":320,"height":240,"monotonicNs":233254347646625}
{"event":"ack-configure","sequence":32,"controlSequence":0,"rootCommits":2,"childCommits":0,"serial":268,"width":320,"height":240,"monotonicNs":233254499110227}
{"event":"ack-configure","sequence":33,"controlSequence":0,"rootCommits":2,"childCommits":0,"serial":270,"width":320,"height":240,"monotonicNs":233254753536151}
{"event":"ack-configure","sequence":34,"controlSequence":0,"rootCommits":2,"childCommits":0,"serial":273,"width":320,"height":240,"monotonicNs":233254785600966}
{"event":"ack-configure","sequence":35,"controlSequence":0,"rootCommits":2,"childCommits":0,"serial":297,"width":320,"height":240,"monotonicNs":233255261600885}
{"event":"ack-configure","sequence":36,"controlSequence":0,"rootCommits":2,"childCommits":0,"serial":327,"width":320,"height":240,"monotonicNs":233261823118321}
{"event":"ack-configure","sequence":37,"controlSequence":0,"rootCommits":2,"childCommits":0,"serial":384,"width":320,"height":240,"monotonicNs":233268307364714}
{"event":"ack-configure","sequence":38,"controlSequence":0,"rootCommits":2,"childCommits":0,"serial":429,"width":320,"height":240,"monotonicNs":233275217175758}
{"event":"ack-configure","sequence":39,"controlSequence":0,"rootCommits":2,"childCommits":0,"serial":441,"width":320,"height":240,"monotonicNs":233276071016134}
{"event":"request","sequence":40,"controlSequence":1,"rootCommits":2,"childCommits":0,"serial":441,"width":320,"height":240,"monotonicNs":233276723070929,"command":"quit"}
{"event":"normalexit","sequence":41,"controlSequence":1,"rootCommits":2,"childCommits":0,"serial":441,"width":320,"height":240,"monotonicNs":233276723093482}
