[20:44:31.456901] {Default Queue}  -> wl_display#1.get_registry(new id wl_registry#2)
[20:44:31.456921] {Default Queue}  -> wl_display#1.sync(new id wl_callback#3)
[20:44:31.457085] {Display Queue} wl_display#1.delete_id(3)
[20:44:31.457090] {Default Queue} wl_registry#2.global(1, "wl_seat", 9)
[20:44:31.457094] {Default Queue} wl_registry#2.global(2, "wl_data_device_manager", 3)
[20:44:31.457096] {Default Queue} wl_registry#2.global(3, "wl_compositor", 6)
[20:44:31.457099] {Default Queue}  -> wl_registry#2.bind(3, "wl_compositor", 4, new id [unknown]#4)
[20:44:31.457102] {Default Queue} wl_registry#2.global(4, "wl_subcompositor", 1)
[20:44:31.457105] {Default Queue}  -> wl_registry#2.bind(4, "wl_subcompositor", 1, new id [unknown]#5)
[20:44:31.457107] {Default Queue} wl_registry#2.global(5, "wl_shm", 2)
[20:44:31.457110] {Default Queue}  -> wl_registry#2.bind(5, "wl_shm", 1, new id [unknown]#6)
[20:44:31.457112] {Default Queue} wl_registry#2.global(6, "wp_viewporter", 1)
[20:44:31.457115] {Default Queue} wl_registry#2.global(7, "wp_tearing_control_manager_v1", 1)
[20:44:31.457117] {Default Queue} wl_registry#2.global(8, "wp_fractional_scale_manager_v1", 1)
[20:44:31.457119] {Default Queue} wl_registry#2.global(9, "zxdg_output_manager_v1", 3)
[20:44:31.457121] {Default Queue} wl_registry#2.global(10, "wp_cursor_shape_manager_v1", 2)
[20:44:31.457124] {Default Queue} wl_registry#2.global(11, "zwp_idle_inhibit_manager_v1", 1)
[20:44:31.457127] {Default Queue} wl_registry#2.global(12, "zwp_relative_pointer_manager_v1", 1)
[20:44:31.457129] {Default Queue} wl_registry#2.global(13, "zxdg_decoration_manager_v1", 2)
[20:44:31.457131] {Default Queue} wl_registry#2.global(14, "wp_alpha_modifier_v1", 1)
[20:44:31.457133] {Default Queue} wl_registry#2.global(15, "zwlr_gamma_control_manager_v1", 1)
[20:44:31.457136] {Default Queue} wl_registry#2.global(16, "ext_foreign_toplevel_list_v1", 1)
[20:44:31.457138] {Default Queue} wl_registry#2.global(17, "zwp_pointer_gestures_v1", 3)
[20:44:31.457140] {Default Queue} wl_registry#2.global(18, "zwlr_foreign_toplevel_manager_v1", 3)
[20:44:31.457142] {Default Queue} wl_registry#2.global(19, "zwp_keyboard_shortcuts_inhibit_manager_v1", 1)
[20:44:31.457145] {Default Queue} wl_registry#2.global(20, "zwp_text_input_manager_v1", 1)
[20:44:31.457147] {Default Queue} wl_registry#2.global(21, "zwp_text_input_manager_v3", 1)
[20:44:31.457151] {Default Queue} wl_registry#2.global(22, "zwp_pointer_constraints_v1", 1)
[20:44:31.457153] {Default Queue} wl_registry#2.global(23, "zwlr_output_power_manager_v1", 1)
[20:44:31.457156] {Default Queue} wl_registry#2.global(24, "xdg_activation_v1", 1)
[20:44:31.457158] {Default Queue} wl_registry#2.global(25, "ext_idle_notifier_v1", 2)
[20:44:31.457161] {Default Queue} wl_registry#2.global(26, "hyprland_lock_notifier_v1", 1)
[20:44:31.457163] {Default Queue} wl_registry#2.global(27, "ext_session_lock_manager_v1", 1)
[20:44:31.457165] {Default Queue} wl_registry#2.global(28, "zwp_input_method_manager_v2", 1)
[20:44:31.457168] {Default Queue} wl_registry#2.global(29, "zwp_virtual_keyboard_manager_v1", 1)
[20:44:31.457170] {Default Queue} wl_registry#2.global(30, "zwlr_virtual_pointer_manager_v1", 2)
[20:44:31.457173] {Default Queue} wl_registry#2.global(31, "zwlr_output_manager_v1", 4)
[20:44:31.457175] {Default Queue} wl_registry#2.global(32, "org_kde_kwin_server_decoration_manager", 1)
[20:44:31.457178] {Default Queue} wl_registry#2.global(33, "hyprland_focus_grab_manager_v1", 1)
[20:44:31.457180] {Default Queue} wl_registry#2.global(34, "zwp_tablet_manager_v2", 1)
[20:44:31.457182] {Default Queue} wl_registry#2.global(35, "zwlr_layer_shell_v1", 5)
[20:44:31.457185] {Default Queue} wl_registry#2.global(36, "wp_presentation", 2)
[20:44:31.457187] {Default Queue} wl_registry#2.global(37, "xdg_wm_base", 7)
[20:44:31.457189] {Default Queue}  -> wl_registry#2.bind(37, "xdg_wm_base", 6, new id [unknown]#7)
[20:44:31.457192] {Default Queue} wl_registry#2.global(38, "zwlr_data_control_manager_v1", 2)
[20:44:31.457194] {Default Queue} wl_registry#2.global(39, "zwp_primary_selection_device_manager_v1", 1)
[20:44:31.457202] {Default Queue} wl_registry#2.global(40, "xwayland_shell_v1", 1)
[20:44:31.457206] {Default Queue} wl_registry#2.global(41, "hyprland_toplevel_mapping_manager_v1", 1)
[20:44:31.457211] {Default Queue} wl_registry#2.global(42, "hyprland_global_shortcuts_manager_v1", 1)
[20:44:31.457214] {Default Queue} wl_registry#2.global(43, "xdg_wm_dialog_v1", 1)
[20:44:31.457216] {Default Queue}  -> wl_registry#2.bind(43, "xdg_wm_dialog_v1", 1, new id [unknown]#8)
[20:44:31.457219] {Default Queue} wl_registry#2.global(44, "wp_single_pixel_buffer_manager_v1", 1)
[20:44:31.457222] {Default Queue} wl_registry#2.global(45, "wp_security_context_manager_v1", 1)
[20:44:31.457224] {Default Queue} wl_registry#2.global(46, "hyprland_ctm_control_manager_v1", 2)
[20:44:31.457226] {Default Queue} wl_registry#2.global(47, "hyprland_input_capture_manager_v1", 1)
[20:44:31.457229] {Default Queue} wl_registry#2.global(48, "hyprland_surface_manager_v1", 2)
[20:44:31.457231] {Default Queue} wl_registry#2.global(49, "wp_content_type_manager_v1", 1)
[20:44:31.457233] {Default Queue} wl_registry#2.global(50, "xdg_toplevel_tag_manager_v1", 1)
[20:44:31.457236] {Default Queue} wl_registry#2.global(51, "xdg_system_bell_v1", 1)
[20:44:31.457238] {Default Queue} wl_registry#2.global(52, "vicinae_hotkey_manager_v1", 1)
[20:44:31.457240] {Default Queue} wl_registry#2.global(53, "ext_workspace_manager_v1", 1)
[20:44:31.457243] {Default Queue} wl_registry#2.global(54, "ext_data_control_manager_v1", 1)
[20:44:31.457245] {Default Queue} wl_registry#2.global(55, "wp_pointer_warp_v1", 1)
[20:44:31.457251] {Default Queue} wl_registry#2.global(56, "wp_fifo_manager_v1", 1)
[20:44:31.457253] {Default Queue} wl_registry#2.global(57, "zxdg_exporter_v2", 1)
[20:44:31.457255] {Default Queue} wl_registry#2.global(58, "zxdg_importer_v2", 1)
[20:44:31.457258] {Default Queue} wl_registry#2.global(59, "ext_background_effect_manager_v1", 1)
[20:44:31.457260] {Default Queue}  -> wl_registry#2.bind(59, "ext_background_effect_manager_v1", 1, new id [unknown]#9)
[20:44:31.457262] {Default Queue} wl_registry#2.global(60, "wp_commit_timing_manager_v1", 1)
[20:44:31.457265] {Default Queue} wl_registry#2.global(61, "zwlr_screencopy_manager_v1", 3)
[20:44:31.457267] {Default Queue} wl_registry#2.global(62, "hyprland_toplevel_export_manager_v1", 2)
[20:44:31.457269] {Default Queue} wl_registry#2.global(63, "ext_output_image_capture_source_manager_v1", 1)
[20:44:31.457272] {Default Queue} wl_registry#2.global(64, "ext_foreign_toplevel_image_capture_source_manager_v1", 1)
[20:44:31.457274] {Default Queue} wl_registry#2.global(65, "ext_image_copy_capture_manager_v1", 1)
[20:44:31.457277] {Default Queue} wl_registry#2.global(66, "wp_color_manager_v1", 3)
[20:44:31.457279] {Default Queue} wl_registry#2.global(67, "wl_drm", 2)
[20:44:31.457281] {Default Queue} wl_registry#2.global(68, "zwp_linux_dmabuf_v1", 5)
[20:44:31.457283] {Default Queue} wl_registry#2.global(69, "wl_output", 4)
[20:44:31.457286] {Default Queue} wl_callback#3.done(13)
[20:44:31.457288] {Default Queue}  -> wl_compositor#4.create_surface(new id wl_surface#3)
[20:44:31.457291] {Default Queue}  -> xdg_wm_base#7.get_xdg_surface(new id xdg_surface#10, wl_surface#3)
[20:44:31.457293] {Default Queue}  -> xdg_surface#10.get_toplevel(new id xdg_toplevel#11)
[20:44:31.457296] {Default Queue}  -> xdg_toplevel#11.set_title("WARLOCK-CHILD-PROBE")
[20:44:31.457298] {Default Queue}  -> xdg_toplevel#11.set_app_id("warlock-child-probe")
[20:44:31.457300] {Default Queue}  -> xdg_toplevel#11.set_min_size(320, 240)
[20:44:31.457303] {Default Queue}  -> xdg_toplevel#11.set_max_size(320, 240)
[20:44:31.457305] {Default Queue}  -> wl_surface#3.commit()
[20:44:31.457431] {Default Queue} discarded wl_shm#6.format(0)
[20:44:31.457440] {Default Queue} discarded wl_shm#6.format(1)
[20:44:31.457443] {Default Queue} discarded wl_shm#6.format(875709016)
[20:44:31.457446] {Default Queue} discarded wl_shm#6.format(875708993)
[20:44:31.457447] {Default Queue} discarded wl_shm#6.format(808669784)
[20:44:31.457449] {Default Queue} discarded wl_shm#6.format(808669761)
[20:44:31.457454] {Default Queue} discarded wl_shm#6.format(808665688)
[20:44:31.457460] {Default Queue} discarded wl_shm#6.format(808665665)
[20:44:31.457462] {Default Queue} ext_background_effect_manager_v1#9.capabilities(1)
[20:44:31.457465] {Default Queue} xdg_toplevel#11.wm_capabilities(array[8])
[20:44:31.457467] {Default Queue} xdg_toplevel#11.configure(0, 0, array[16])
[20:44:31.457470] {Default Queue} xdg_surface#10.configure(14)
[20:44:31.457472] {Default Queue}  -> xdg_surface#10.ack_configure(14)
{"event":"ack-configure","sequence":1,"controlSequence":0,"rootCommits":1,"childCommits":0,"serial":14,"width":320,"height":240,"monotonicNs":370137393228720}
[20:44:31.457597] {Default Queue}  -> wl_shm#6.create_pool(new id wl_shm_pool#12, fd 5, 307200)
[20:44:31.457602] {Default Queue}  -> wl_shm_pool#12.create_buffer(new id wl_buffer#13, 0, 320, 240, 1280, 0)
[20:44:31.457605] {Default Queue}  -> wl_shm_pool#12.destroy()
[20:44:31.457609] {Default Queue}  -> xdg_surface#10.set_window_geometry(0, 0, 320, 240)
[20:44:31.457612] {Default Queue}  -> wl_surface#3.attach(wl_buffer#13, 0, 0)
[20:44:31.457614] {Default Queue}  -> wl_surface#3.damage(0, 0, 320, 240)
[20:44:31.457616] {Default Queue}  -> wl_surface#3.commit()
{"event":"buffercommit","sequence":2,"controlSequence":0,"rootCommits":2,"childCommits":0,"serial":14,"width":320,"height":240,"monotonicNs":370137393371825}
{"event":"ready","sequence":3,"controlSequence":0,"rootCommits":2,"childCommits":0,"serial":14,"width":320,"height":240,"monotonicNs":370137393373413}
[20:44:31.458651] {Display Queue} wl_display#1.delete_id(12)
[20:44:31.458662] {Default Queue} wl_buffer#13.release()
{"event":"buffer-release","sequence":4,"controlSequence":0,"rootCommits":2,"childCommits":0,"serial":14,"width":320,"height":240,"monotonicNs":370137394419293}
[20:44:31.458669] {Default Queue}  -> wl_buffer#13.destroy()
[20:44:31.458684] {Default Queue} xdg_toplevel#11.configure(320, 240, array[20])
[20:44:31.458691] {Default Queue} xdg_surface#10.configure(15)
[20:44:31.458694] {Default Queue}  -> xdg_surface#10.ack_configure(15)
{"event":"ack-configure","sequence":5,"controlSequence":0,"rootCommits":2,"childCommits":0,"serial":15,"width":320,"height":240,"monotonicNs":370137394450087}
[20:44:31.458879] discarded [unknown]#13.[event 0](0 fd, 8 byte)
[20:44:31.458889] {Display Queue} wl_display#1.delete_id(13)
[20:44:31.484628] {Default Queue} xdg_toplevel#11.configure(320, 240, array[16])
[20:44:31.484637] {Default Queue} xdg_surface#10.configure(21)
[20:44:31.484641] {Default Queue}  -> xdg_surface#10.ack_configure(21)
{"event":"ack-configure","sequence":6,"controlSequence":0,"rootCommits":2,"childCommits":0,"serial":21,"width":320,"height":240,"monotonicNs":370137420397291}
[20:44:32.680036] {Default Queue} xdg_wm_base#7.ping(1337)
[20:44:32.680066] {Default Queue}  -> xdg_wm_base#7.pong(1337)
[20:44:34.180161] {Default Queue} xdg_wm_base#7.ping(1337)
[20:44:34.180175] {Default Queue}  -> xdg_wm_base#7.pong(1337)
[20:44:35.680404] {Default Queue} xdg_wm_base#7.ping(1337)
[20:44:35.680429] {Default Queue}  -> xdg_wm_base#7.pong(1337)
[20:44:37.180425] {Default Queue} xdg_wm_base#7.ping(1337)
[20:44:37.180439] {Default Queue}  -> xdg_wm_base#7.pong(1337)
[20:44:38.680563] {Default Queue} xdg_wm_base#7.ping(1337)
[20:44:38.680588] {Default Queue}  -> xdg_wm_base#7.pong(1337)
[20:44:40.180643] {Default Queue} xdg_wm_base#7.ping(1337)
[20:44:40.180657] {Default Queue}  -> xdg_wm_base#7.pong(1337)
[20:44:41.680822] {Default Queue} xdg_wm_base#7.ping(1337)
[20:44:41.680849] {Default Queue}  -> xdg_wm_base#7.pong(1337)
{"event":"request","sequence":7,"controlSequence":1,"rootCommits":2,"childCommits":0,"serial":21,"width":320,"height":240,"monotonicNs":370148721150346,"command":"quit"}
[20:44:42.785408] {Default Queue}  -> xdg_toplevel#11.destroy()
[20:44:42.785413] {Default Queue}  -> xdg_surface#10.destroy()
[20:44:42.785415] {Default Queue}  -> wl_surface#3.destroy()
[20:44:42.785417] {Default Queue}  -> xdg_wm_dialog_v1#8.destroy()
[20:44:42.785424] {Default Queue}  -> ext_background_effect_manager_v1#9.destroy()
[20:44:42.785430] {Default Queue}  -> xdg_wm_base#7.destroy()
[20:44:42.785433] {Default Queue}  -> wl_subcompositor#5.destroy()
{"event":"normalexit","sequence":8,"controlSequence":1,"rootCommits":2,"childCommits":0,"serial":21,"width":320,"height":240,"monotonicNs":370148721197055}
