[22:12:43.860361] {Default Queue}  -> wl_display#1.get_registry(new id wl_registry#2)
[22:12:43.860388] {Default Queue}  -> wl_display#1.sync(new id wl_callback#3)
[22:12:43.860481] {Display Queue} wl_display#1.delete_id(3)
[22:12:43.860493] {Default Queue} wl_registry#2.global(1, "wl_seat", 9)
[22:12:43.860498] {Default Queue} wl_registry#2.global(2, "wl_data_device_manager", 3)
[22:12:43.860502] {Default Queue}  -> wl_registry#2.bind(2, "wl_data_device_manager", 3, new id [unknown]#4)
[22:12:43.860506] {Default Queue} wl_registry#2.global(3, "wl_compositor", 6)
[22:12:43.860509] {Default Queue}  -> wl_registry#2.bind(3, "wl_compositor", 3, new id [unknown]#5)
[22:12:43.860512] {Default Queue} wl_registry#2.global(4, "wl_subcompositor", 1)
[22:12:43.860515] {Default Queue}  -> wl_registry#2.bind(4, "wl_subcompositor", 1, new id [unknown]#6)
[22:12:43.860518] {Default Queue} wl_registry#2.global(5, "wl_shm", 2)
[22:12:43.860521] {Default Queue}  -> wl_registry#2.bind(5, "wl_shm", 1, new id [unknown]#7)
[22:12:43.860524] {Default Queue} wl_registry#2.global(6, "wp_viewporter", 1)
[22:12:43.860527] {Default Queue} wl_registry#2.global(7, "wp_tearing_control_manager_v1", 1)
[22:12:43.860530] {Default Queue} wl_registry#2.global(8, "wp_fractional_scale_manager_v1", 1)
[22:12:43.860533] {Default Queue} wl_registry#2.global(9, "zxdg_output_manager_v1", 3)
[22:12:43.860536] {Default Queue}  -> wl_registry#2.bind(9, "zxdg_output_manager_v1", 3, new id [unknown]#8)
[22:12:43.860539] {Default Queue}  -> wl_display#1.sync(new id wl_callback#9)
[22:12:43.860542] {Default Queue} wl_registry#2.global(10, "wp_cursor_shape_manager_v1", 2)
[22:12:43.860545] {Default Queue}  -> wl_registry#2.bind(10, "wp_cursor_shape_manager_v1", 1, new id [unknown]#10)
[22:12:43.860548] {Default Queue} wl_registry#2.global(11, "zwp_idle_inhibit_manager_v1", 1)
[22:12:43.860551] {Default Queue} wl_registry#2.global(12, "zwp_relative_pointer_manager_v1", 1)
[22:12:43.860554] {Default Queue} wl_registry#2.global(13, "zxdg_decoration_manager_v1", 2)
[22:12:43.860556] {Default Queue} wl_registry#2.global(14, "wp_alpha_modifier_v1", 1)
[22:12:43.860559] {Default Queue} wl_registry#2.global(15, "zwlr_gamma_control_manager_v1", 1)
[22:12:43.860562] {Default Queue} wl_registry#2.global(16, "ext_foreign_toplevel_list_v1", 1)
[22:12:43.860566] {Default Queue} wl_registry#2.global(17, "zwp_pointer_gestures_v1", 3)
[22:12:43.860571] {Default Queue}  -> wl_registry#2.bind(17, "zwp_pointer_gestures_v1", 1, new id [unknown]#11)
[22:12:43.860574] {Default Queue} wl_registry#2.global(18, "zwlr_foreign_toplevel_manager_v1", 3)
[22:12:43.860576] {Default Queue} wl_registry#2.global(19, "zwp_keyboard_shortcuts_inhibit_manager_v1", 1)
[22:12:43.860579] {Default Queue}  -> wl_registry#2.bind(19, "zwp_keyboard_shortcuts_inhibit_manager_v1", 1, new id [unknown]#12)
[22:12:43.860583] {Default Queue} wl_registry#2.global(20, "zwp_text_input_manager_v1", 1)
[22:12:43.860586] {Default Queue} wl_registry#2.global(21, "zwp_text_input_manager_v3", 1)
[22:12:43.860589] {Default Queue} wl_registry#2.global(22, "zwp_pointer_constraints_v1", 1)
[22:12:43.860591] {Default Queue} wl_registry#2.global(23, "zwlr_output_power_manager_v1", 1)
[22:12:43.860594] {Default Queue} wl_registry#2.global(24, "xdg_activation_v1", 1)
[22:12:43.860597] {Default Queue}  -> wl_registry#2.bind(24, "xdg_activation_v1", 1, new id [unknown]#13)
[22:12:43.860600] {Default Queue} wl_registry#2.global(25, "ext_idle_notifier_v1", 2)
[22:12:43.860602] {Default Queue} wl_registry#2.global(26, "hyprland_lock_notifier_v1", 1)
[22:12:43.860605] {Default Queue} wl_registry#2.global(27, "ext_session_lock_manager_v1", 1)
[22:12:43.860608] {Default Queue} wl_registry#2.global(28, "zwp_input_method_manager_v2", 1)
[22:12:43.860610] {Default Queue} wl_registry#2.global(29, "zwp_virtual_keyboard_manager_v1", 1)
[22:12:43.860613] {Default Queue} wl_registry#2.global(30, "zwlr_virtual_pointer_manager_v1", 2)
[22:12:43.860616] {Default Queue} wl_registry#2.global(31, "zwlr_output_manager_v1", 4)
[22:12:43.860619] {Default Queue} wl_registry#2.global(32, "org_kde_kwin_server_decoration_manager", 1)
[22:12:43.860628] {Default Queue}  -> wl_registry#2.bind(32, "org_kde_kwin_server_decoration_manager", 1, new id [unknown]#14)
[22:12:43.860636] {Default Queue} wl_registry#2.global(33, "hyprland_focus_grab_manager_v1", 1)
[22:12:43.860640] {Default Queue} wl_registry#2.global(34, "zwp_tablet_manager_v2", 1)
[22:12:43.860643] {Default Queue}  -> wl_registry#2.bind(34, "zwp_tablet_manager_v2", 1, new id [unknown]#15)
[22:12:43.860645] {Default Queue} wl_registry#2.global(35, "zwlr_layer_shell_v1", 5)
[22:12:43.860648] {Default Queue} wl_registry#2.global(36, "wp_presentation", 2)
[22:12:43.860651] {Default Queue} wl_registry#2.global(37, "xdg_wm_base", 7)
[22:12:43.860653] {Default Queue} wl_registry#2.global(38, "zwlr_data_control_manager_v1", 2)
[22:12:43.860656] {Default Queue} wl_registry#2.global(39, "zwp_primary_selection_device_manager_v1", 1)
[22:12:43.860659] {Default Queue}  -> wl_registry#2.bind(39, "zwp_primary_selection_device_manager_v1", 1, new id [unknown]#16)
[22:12:43.860662] {Default Queue} wl_registry#2.global(40, "xwayland_shell_v1", 1)
[22:12:43.860665] {Default Queue} wl_registry#2.global(41, "hyprland_toplevel_mapping_manager_v1", 1)
[22:12:43.860668] {Default Queue} wl_registry#2.global(42, "hyprland_global_shortcuts_manager_v1", 1)
[22:12:43.860671] {Default Queue} wl_registry#2.global(43, "xdg_wm_dialog_v1", 1)
[22:12:43.860674] {Default Queue} wl_registry#2.global(44, "wp_single_pixel_buffer_manager_v1", 1)
[22:12:43.860677] {Default Queue} wl_registry#2.global(45, "wp_security_context_manager_v1", 1)
[22:12:43.860680] {Default Queue} wl_registry#2.global(46, "hyprland_ctm_control_manager_v1", 2)
[22:12:43.860682] {Default Queue} wl_registry#2.global(47, "hyprland_input_capture_manager_v1", 1)
[22:12:43.860685] {Default Queue} wl_registry#2.global(48, "hyprland_surface_manager_v1", 2)
[22:12:43.860689] {Default Queue} wl_registry#2.global(49, "wp_content_type_manager_v1", 1)
[22:12:43.860692] {Default Queue} wl_registry#2.global(50, "xdg_toplevel_tag_manager_v1", 1)
[22:12:43.860695] {Default Queue} wl_registry#2.global(51, "xdg_system_bell_v1", 1)
[22:12:43.860697] {Default Queue} wl_registry#2.global(52, "vicinae_hotkey_manager_v1", 1)
[22:12:43.860700] {Default Queue} wl_registry#2.global(53, "ext_workspace_manager_v1", 1)
[22:12:43.860703] {Default Queue} wl_registry#2.global(54, "ext_data_control_manager_v1", 1)
[22:12:43.860706] {Default Queue} wl_registry#2.global(55, "wp_pointer_warp_v1", 1)
[22:12:43.860709] {Default Queue} wl_registry#2.global(56, "wp_fifo_manager_v1", 1)
[22:12:43.860711] {Default Queue} wl_registry#2.global(57, "zxdg_exporter_v2", 1)
[22:12:43.860714] {Default Queue}  -> wl_registry#2.bind(57, "zxdg_exporter_v2", 1, new id [unknown]#17)
[22:12:43.860719] {Default Queue} wl_registry#2.global(58, "zxdg_importer_v2", 1)
[22:12:43.860722] {Default Queue}  -> wl_registry#2.bind(58, "zxdg_importer_v2", 1, new id [unknown]#18)
[22:12:43.860725] {Default Queue} wl_registry#2.global(59, "ext_background_effect_manager_v1", 1)
[22:12:43.860728] {Default Queue} wl_registry#2.global(60, "wp_commit_timing_manager_v1", 1)
[22:12:43.860731] {Default Queue} wl_registry#2.global(61, "zwlr_screencopy_manager_v1", 3)
[22:12:43.860735] {Default Queue} wl_registry#2.global(62, "hyprland_toplevel_export_manager_v1", 2)
[22:12:43.860738] {Default Queue} wl_registry#2.global(63, "ext_output_image_capture_source_manager_v1", 1)
[22:12:43.860741] {Default Queue} wl_registry#2.global(64, "ext_foreign_toplevel_image_capture_source_manager_v1", 1)
[22:12:43.860744] {Default Queue} wl_registry#2.global(65, "ext_image_copy_capture_manager_v1", 1)
[22:12:43.860746] {Default Queue} wl_registry#2.global(66, "wp_color_manager_v1", 3)
[22:12:43.860749] {Default Queue} wl_registry#2.global(67, "wl_drm", 2)
[22:12:43.860752] {Default Queue} wl_registry#2.global(68, "zwp_linux_dmabuf_v1", 5)
[22:12:43.860755] {Default Queue} wl_registry#2.global(69, "wl_output", 4)
[22:12:43.860757] {Default Queue}  -> wl_registry#2.bind(69, "wl_output", 2, new id [unknown]#19)
[22:12:43.860791] {Default Queue}  -> zxdg_output_manager_v1#8.get_xdg_output(new id zxdg_output_v1#20, wl_output#19)
[22:12:43.860799] {Default Queue}  -> wl_display#1.sync(new id wl_callback#21)
[22:12:43.860802] {Default Queue} wl_callback#3.done(12)
[22:12:43.860836] {Default Queue}  -> wl_shm#7.create_pool(new id wl_shm_pool#3, fd 10, 2304)
[22:12:43.860916] {Default Queue}  -> wl_shm_pool#3.resize(6912)
[22:12:43.860965] {Default Queue}  -> wl_shm_pool#3.resize(16128)
[22:12:43.861049] {Default Queue}  -> wl_shm_pool#3.resize(34560)
[22:12:43.861190] {Default Queue}  -> wl_shm_pool#3.resize(71424)
[22:12:43.861463] {Default Queue}  -> wl_shm_pool#3.resize(145152)
[22:12:43.862429] {Default Queue}  -> wl_shm_pool#3.resize(292608)
[22:12:43.863496] {Default Queue}  -> wl_shm_pool#3.resize(587520)
[22:12:43.867686] {Default Queue}  -> wl_registry#2.bind(1, "wl_seat", 5, new id [unknown]#22)
[22:12:43.869443] {Default Queue}  -> wl_compositor#5.create_surface(new id wl_surface#23)
[22:12:43.869461] {Default Queue}  -> zwp_primary_selection_device_manager_v1#16.get_device(new id zwp_primary_selection_device_v1#24, wl_seat#22)
[22:12:43.869470] {Default Queue}  -> wl_data_device_manager#4.get_data_device(new id wl_data_device#25, wl_seat#22)
[22:12:43.869522] {Default Queue}  -> wl_compositor#5.create_surface(new id wl_surface#26)
[22:12:43.869527] {Default Queue}  -> zwp_tablet_manager_v2#15.get_tablet_seat(new id zwp_tablet_seat_v2#27, wl_seat#22)
[22:12:43.869533] {Default Queue}  -> wl_display#1.sync(new id wl_callback#28)
[22:12:43.869726] {Display Queue} wl_display#1.delete_id(9)
[22:12:43.869732] {Display Queue} wl_display#1.delete_id(21)
[22:12:43.869735] {Display Queue} wl_display#1.delete_id(28)
[22:12:43.869738] {Default Queue} wl_shm#7.format(0)
[22:12:43.869741] {Default Queue} wl_shm#7.format(1)
[22:12:43.869744] {Default Queue} wl_shm#7.format(875709016)
[22:12:43.869746] {Default Queue} wl_shm#7.format(875708993)
[22:12:43.869749] {Default Queue} wl_shm#7.format(808669784)
[22:12:43.869751] {Default Queue} wl_shm#7.format(808669761)
[22:12:43.869755] {Default Queue} wl_shm#7.format(808665688)
[22:12:43.869757] {Default Queue} wl_shm#7.format(808665665)
[22:12:43.869760] {Default Queue} wl_callback#9.done(12)
[22:12:43.869763] {Default Queue} org_kde_kwin_server_decoration_manager#14.default_mode(2)
[22:12:43.869768] {Default Queue} wl_output#19.scale(1)
[22:12:43.869771] {Default Queue} wl_output#19.mode(1, 800, 600, 60000)
[22:12:43.869775] {Default Queue} wl_output#19.geometry(0, 0, 0, 0, 1, "", "", 0)
[22:12:43.869781] {Default Queue} wl_output#19.done()
[22:12:43.869794] {Default Queue} zxdg_output_v1#20.name("WAYLAND-1")
[22:12:43.869799] {Default Queue} zxdg_output_v1#20.logical_position(0, 0)
[22:12:43.869802] {Default Queue} zxdg_output_v1#20.logical_size(800, 600)
[22:12:43.869805] {Default Queue} wl_output#19.done()
[22:12:43.869809] {Default Queue} wl_callback#21.done(12)
[22:12:43.869812] {Default Queue} wl_seat#22.name("Hyprland")
[22:12:43.869815] {Default Queue} wl_seat#22.capabilities(3)
[22:12:43.869819] {Default Queue}  -> wl_seat#22.get_pointer(new id wl_pointer#21)
[22:12:43.869826] {Default Queue}  -> zwp_pointer_gestures_v1#11.get_swipe_gesture(new id zwp_pointer_gesture_swipe_v1#9, wl_pointer#21)
[22:12:43.869832] {Default Queue}  -> zwp_pointer_gestures_v1#11.get_pinch_gesture(new id zwp_pointer_gesture_pinch_v1#29, wl_pointer#21)
[22:12:43.869837] {Default Queue}  -> wp_cursor_shape_manager_v1#10.get_pointer(new id wp_cursor_shape_device_v1#30, wl_pointer#21)
[22:12:43.869842] {Default Queue}  -> wl_seat#22.get_keyboard(new id wl_keyboard#31)
[22:12:43.869849] {Default Queue} wl_callback#28.done(12)
[22:12:43.869853] {Default Queue}  -> wl_registry#2.bind(37, "xdg_wm_base", 6, new id [unknown]#28)
[22:12:43.886735] {Default Queue}  -> wl_display#1.get_registry(new id wl_registry#32)
[22:12:43.886761] {Default Queue}  -> wl_display#1.sync(new id wl_callback#33)
[22:12:43.886887] {Display Queue} wl_display#1.delete_id(33)
[22:12:43.886893] {Default Queue} wl_keyboard#31.keymap(1, fd 4, 35572)
[22:12:43.887721] {Default Queue} wl_keyboard#31.repeat_info(25, 600)
[22:12:43.887737] {Default Queue} wl_registry#32.global(1, "wl_seat", 9)
[22:12:43.887747] {Default Queue} wl_registry#32.global(2, "wl_data_device_manager", 3)
[22:12:43.887750] {Default Queue} wl_registry#32.global(3, "wl_compositor", 6)
[22:12:43.887753] {Default Queue} wl_registry#32.global(4, "wl_subcompositor", 1)
[22:12:43.887756] {Default Queue} wl_registry#32.global(5, "wl_shm", 2)
[22:12:43.887759] {Default Queue} wl_registry#32.global(6, "wp_viewporter", 1)
[22:12:43.887762] {Default Queue} wl_registry#32.global(7, "wp_tearing_control_manager_v1", 1)
[22:12:43.887765] {Default Queue} wl_registry#32.global(8, "wp_fractional_scale_manager_v1", 1)
[22:12:43.887767] {Default Queue} wl_registry#32.global(9, "zxdg_output_manager_v1", 3)
[22:12:43.887770] {Default Queue} wl_registry#32.global(10, "wp_cursor_shape_manager_v1", 2)
[22:12:43.887774] {Default Queue} wl_registry#32.global(11, "zwp_idle_inhibit_manager_v1", 1)
[22:12:43.887777] {Default Queue} wl_registry#32.global(12, "zwp_relative_pointer_manager_v1", 1)
[22:12:43.887779] {Default Queue} wl_registry#32.global(13, "zxdg_decoration_manager_v1", 2)
[22:12:43.887782] {Default Queue} wl_registry#32.global(14, "wp_alpha_modifier_v1", 1)
[22:12:43.887785] {Default Queue} wl_registry#32.global(15, "zwlr_gamma_control_manager_v1", 1)
[22:12:43.887788] {Default Queue} wl_registry#32.global(16, "ext_foreign_toplevel_list_v1", 1)
[22:12:43.887790] {Default Queue} wl_registry#32.global(17, "zwp_pointer_gestures_v1", 3)
[22:12:43.887793] {Default Queue} wl_registry#32.global(18, "zwlr_foreign_toplevel_manager_v1", 3)
[22:12:43.887795] {Default Queue} wl_registry#32.global(19, "zwp_keyboard_shortcuts_inhibit_manager_v1", 1)
[22:12:43.887799] {Default Queue} wl_registry#32.global(20, "zwp_text_input_manager_v1", 1)
[22:12:43.887801] {Default Queue} wl_registry#32.global(21, "zwp_text_input_manager_v3", 1)
[22:12:43.887804] {Default Queue} wl_registry#32.global(22, "zwp_pointer_constraints_v1", 1)
[22:12:43.887806] {Default Queue} wl_registry#32.global(23, "zwlr_output_power_manager_v1", 1)
[22:12:43.887809] {Default Queue} wl_registry#32.global(24, "xdg_activation_v1", 1)
[22:12:43.887812] {Default Queue} wl_registry#32.global(25, "ext_idle_notifier_v1", 2)
[22:12:43.887814] {Default Queue} wl_registry#32.global(26, "hyprland_lock_notifier_v1", 1)
[22:12:43.887817] {Default Queue} wl_registry#32.global(27, "ext_session_lock_manager_v1", 1)
[22:12:43.887820] {Default Queue} wl_registry#32.global(28, "zwp_input_method_manager_v2", 1)
[22:12:43.887822] {Default Queue} wl_registry#32.global(29, "zwp_virtual_keyboard_manager_v1", 1)
[22:12:43.887825] {Default Queue} wl_registry#32.global(30, "zwlr_virtual_pointer_manager_v1", 2)
[22:12:43.887828] {Default Queue} wl_registry#32.global(31, "zwlr_output_manager_v1", 4)
[22:12:43.887830] {Default Queue} wl_registry#32.global(32, "org_kde_kwin_server_decoration_manager", 1)
[22:12:43.887834] {Default Queue} wl_registry#32.global(33, "hyprland_focus_grab_manager_v1", 1)
[22:12:43.887837] {Default Queue} wl_registry#32.global(34, "zwp_tablet_manager_v2", 1)
[22:12:43.887839] {Default Queue} wl_registry#32.global(35, "zwlr_layer_shell_v1", 5)
[22:12:43.887843] {Default Queue}  -> wl_registry#32.bind(35, "zwlr_layer_shell_v1", 4, new id [unknown]#34)
[22:12:43.887846] {Default Queue} wl_registry#32.global(36, "wp_presentation", 2)
[22:12:43.887849] {Default Queue} wl_registry#32.global(37, "xdg_wm_base", 7)
[22:12:43.887852] {Default Queue}  -> wl_registry#32.bind(37, "xdg_wm_base", 7, new id [unknown]#35)
[22:12:43.887855] {Default Queue} wl_registry#32.global(38, "zwlr_data_control_manager_v1", 2)
[22:12:43.887858] {Default Queue} wl_registry#32.global(39, "zwp_primary_selection_device_manager_v1", 1)
[22:12:43.887861] {Default Queue} wl_registry#32.global(40, "xwayland_shell_v1", 1)
[22:12:43.887863] {Default Queue} wl_registry#32.global(41, "hyprland_toplevel_mapping_manager_v1", 1)
[22:12:43.887866] {Default Queue} wl_registry#32.global(42, "hyprland_global_shortcuts_manager_v1", 1)
[22:12:43.887872] {Default Queue} wl_registry#32.global(43, "xdg_wm_dialog_v1", 1)
[22:12:43.887876] {Default Queue} wl_registry#32.global(44, "wp_single_pixel_buffer_manager_v1", 1)
[22:12:43.887879] {Default Queue} wl_registry#32.global(45, "wp_security_context_manager_v1", 1)
[22:12:43.887882] {Default Queue} wl_registry#32.global(46, "hyprland_ctm_control_manager_v1", 2)
[22:12:43.887885] {Default Queue} wl_registry#32.global(47, "hyprland_input_capture_manager_v1", 1)
[22:12:43.887888] {Default Queue} wl_registry#32.global(48, "hyprland_surface_manager_v1", 2)
[22:12:43.887890] {Default Queue} wl_registry#32.global(49, "wp_content_type_manager_v1", 1)
[22:12:43.887893] {Default Queue} wl_registry#32.global(50, "xdg_toplevel_tag_manager_v1", 1)
[22:12:43.887896] {Default Queue} wl_registry#32.global(51, "xdg_system_bell_v1", 1)
[22:12:43.887898] {Default Queue} wl_registry#32.global(52, "vicinae_hotkey_manager_v1", 1)
[22:12:43.887901] {Default Queue} wl_registry#32.global(53, "ext_workspace_manager_v1", 1)
[22:12:43.887904] {Default Queue} wl_registry#32.global(54, "ext_data_control_manager_v1", 1)
[22:12:43.887906] {Default Queue} wl_registry#32.global(55, "wp_pointer_warp_v1", 1)
[22:12:43.887909] {Default Queue} wl_registry#32.global(56, "wp_fifo_manager_v1", 1)
[22:12:43.887912] {Default Queue} wl_registry#32.global(57, "zxdg_exporter_v2", 1)
[22:12:43.887914] {Default Queue} wl_registry#32.global(58, "zxdg_importer_v2", 1)
[22:12:43.887917] {Default Queue} wl_registry#32.global(59, "ext_background_effect_manager_v1", 1)
[22:12:43.887919] {Default Queue} wl_registry#32.global(60, "wp_commit_timing_manager_v1", 1)
[22:12:43.887922] {Default Queue} wl_registry#32.global(61, "zwlr_screencopy_manager_v1", 3)
[22:12:43.887925] {Default Queue} wl_registry#32.global(62, "hyprland_toplevel_export_manager_v1", 2)
[22:12:43.887927] {Default Queue} wl_registry#32.global(63, "ext_output_image_capture_source_manager_v1", 1)
[22:12:43.887930] {Default Queue} wl_registry#32.global(64, "ext_foreign_toplevel_image_capture_source_manager_v1", 1)
[22:12:43.887932] {Default Queue} wl_registry#32.global(65, "ext_image_copy_capture_manager_v1", 1)
[22:12:43.887935] {Default Queue} wl_registry#32.global(66, "wp_color_manager_v1", 3)
[22:12:43.887938] {Default Queue} wl_registry#32.global(67, "wl_drm", 2)
[22:12:43.887941] {Default Queue} wl_registry#32.global(68, "zwp_linux_dmabuf_v1", 5)
[22:12:43.887943] {Default Queue} wl_registry#32.global(69, "wl_output", 4)
[22:12:43.887946] {Default Queue} wl_callback#33.done(12)
[22:12:43.918040] {Default Queue}  -> wl_compositor#5.create_surface(new id wl_surface#33)
[22:12:43.918439] {mesa egl display queue}  -> wl_display#1.get_registry(new id wl_registry#36)
[22:12:43.918449] {mesa egl display queue}  -> wl_display#1.sync(new id wl_callback#37)
[22:12:43.918571] {Display Queue} wl_display#1.delete_id(37)
[22:12:43.918577] {mesa egl display queue} wl_registry#36.global(1, "wl_seat", 9)
[22:12:43.918582] {mesa egl display queue} wl_registry#36.global(2, "wl_data_device_manager", 3)
[22:12:43.918587] {mesa egl display queue} wl_registry#36.global(3, "wl_compositor", 6)
[22:12:43.918590] {mesa egl display queue} wl_registry#36.global(4, "wl_subcompositor", 1)
[22:12:43.918593] {mesa egl display queue} wl_registry#36.global(5, "wl_shm", 2)
[22:12:43.918596] {mesa egl display queue} wl_registry#36.global(6, "wp_viewporter", 1)
[22:12:43.918599] {mesa egl display queue} wl_registry#36.global(7, "wp_tearing_control_manager_v1", 1)
[22:12:43.918602] {mesa egl display queue} wl_registry#36.global(8, "wp_fractional_scale_manager_v1", 1)
[22:12:43.918605] {mesa egl display queue} wl_registry#36.global(9, "zxdg_output_manager_v1", 3)
[22:12:43.918608] {mesa egl display queue} wl_registry#36.global(10, "wp_cursor_shape_manager_v1", 2)
[22:12:43.918611] {mesa egl display queue} wl_registry#36.global(11, "zwp_idle_inhibit_manager_v1", 1)
[22:12:43.918613] {mesa egl display queue} wl_registry#36.global(12, "zwp_relative_pointer_manager_v1", 1)
[22:12:43.918616] {mesa egl display queue} wl_registry#36.global(13, "zxdg_decoration_manager_v1", 2)
[22:12:43.918627] {mesa egl display queue} wl_registry#36.global(14, "wp_alpha_modifier_v1", 1)
[22:12:43.918642] {mesa egl display queue} wl_registry#36.global(15, "zwlr_gamma_control_manager_v1", 1)
[22:12:43.918645] {mesa egl display queue} wl_registry#36.global(16, "ext_foreign_toplevel_list_v1", 1)
[22:12:43.918648] {mesa egl display queue} wl_registry#36.global(17, "zwp_pointer_gestures_v1", 3)
[22:12:43.918651] {mesa egl display queue} wl_registry#36.global(18, "zwlr_foreign_toplevel_manager_v1", 3)
[22:12:43.918654] {mesa egl display queue} wl_registry#36.global(19, "zwp_keyboard_shortcuts_inhibit_manager_v1", 1)
[22:12:43.918657] {mesa egl display queue} wl_registry#36.global(20, "zwp_text_input_manager_v1", 1)
[22:12:43.918659] {mesa egl display queue} wl_registry#36.global(21, "zwp_text_input_manager_v3", 1)
[22:12:43.918662] {mesa egl display queue} wl_registry#36.global(22, "zwp_pointer_constraints_v1", 1)
[22:12:43.918665] {mesa egl display queue} wl_registry#36.global(23, "zwlr_output_power_manager_v1", 1)
[22:12:43.918667] {mesa egl display queue} wl_registry#36.global(24, "xdg_activation_v1", 1)
[22:12:43.918670] {mesa egl display queue} wl_registry#36.global(25, "ext_idle_notifier_v1", 2)
[22:12:43.918673] {mesa egl display queue} wl_registry#36.global(26, "hyprland_lock_notifier_v1", 1)
[22:12:43.918675] {mesa egl display queue} wl_registry#36.global(27, "ext_session_lock_manager_v1", 1)
[22:12:43.918678] {mesa egl display queue} wl_registry#36.global(28, "zwp_input_method_manager_v2", 1)
[22:12:43.918681] {mesa egl display queue} wl_registry#36.global(29, "zwp_virtual_keyboard_manager_v1", 1)
[22:12:43.918684] {mesa egl display queue} wl_registry#36.global(30, "zwlr_virtual_pointer_manager_v1", 2)
[22:12:43.918687] {mesa egl display queue} wl_registry#36.global(31, "zwlr_output_manager_v1", 4)
[22:12:43.918690] {mesa egl display queue} wl_registry#36.global(32, "org_kde_kwin_server_decoration_manager", 1)
[22:12:43.918692] {mesa egl display queue} wl_registry#36.global(33, "hyprland_focus_grab_manager_v1", 1)
[22:12:43.918695] {mesa egl display queue} wl_registry#36.global(34, "zwp_tablet_manager_v2", 1)
[22:12:43.918698] {mesa egl display queue} wl_registry#36.global(35, "zwlr_layer_shell_v1", 5)
[22:12:43.918701] {mesa egl display queue} wl_registry#36.global(36, "wp_presentation", 2)
[22:12:43.918704] {mesa egl display queue}  -> wl_registry#36.bind(36, "wp_presentation", 1, new id [unknown]#38)
[22:12:43.918708] {mesa egl display queue} wl_registry#36.global(37, "xdg_wm_base", 7)
[22:12:43.918711] {mesa egl display queue} wl_registry#36.global(38, "zwlr_data_control_manager_v1", 2)
[22:12:43.918714] {mesa egl display queue} wl_registry#36.global(39, "zwp_primary_selection_device_manager_v1", 1)
[22:12:43.918716] {mesa egl display queue} wl_registry#36.global(40, "xwayland_shell_v1", 1)
[22:12:43.918719] {mesa egl display queue} wl_registry#36.global(41, "hyprland_toplevel_mapping_manager_v1", 1)
[22:12:43.918722] {mesa egl display queue} wl_registry#36.global(42, "hyprland_global_shortcuts_manager_v1", 1)
[22:12:43.918725] {mesa egl display queue} wl_registry#36.global(43, "xdg_wm_dialog_v1", 1)
[22:12:43.918728] {mesa egl display queue} wl_registry#36.global(44, "wp_single_pixel_buffer_manager_v1", 1)
[22:12:43.918731] {mesa egl display queue} wl_registry#36.global(45, "wp_security_context_manager_v1", 1)
[22:12:43.918733] {mesa egl display queue} wl_registry#36.global(46, "hyprland_ctm_control_manager_v1", 2)
[22:12:43.918736] {mesa egl display queue} wl_registry#36.global(47, "hyprland_input_capture_manager_v1", 1)
[22:12:43.918739] {mesa egl display queue} wl_registry#36.global(48, "hyprland_surface_manager_v1", 2)
[22:12:43.918742] {mesa egl display queue} wl_registry#36.global(49, "wp_content_type_manager_v1", 1)
[22:12:43.918745] {mesa egl display queue} wl_registry#36.global(50, "xdg_toplevel_tag_manager_v1", 1)
[22:12:43.918748] {mesa egl display queue} wl_registry#36.global(51, "xdg_system_bell_v1", 1)
[22:12:43.918753] {mesa egl display queue} wl_registry#36.global(52, "vicinae_hotkey_manager_v1", 1)
[22:12:43.918758] {mesa egl display queue} wl_registry#36.global(53, "ext_workspace_manager_v1", 1)
[22:12:43.918761] {mesa egl display queue} wl_registry#36.global(54, "ext_data_control_manager_v1", 1)
[22:12:43.918763] {mesa egl display queue} wl_registry#36.global(55, "wp_pointer_warp_v1", 1)
[22:12:43.918766] {mesa egl display queue} wl_registry#36.global(56, "wp_fifo_manager_v1", 1)
[22:12:43.918769] {mesa egl display queue} wl_registry#36.global(57, "zxdg_exporter_v2", 1)
[22:12:43.918771] {mesa egl display queue} wl_registry#36.global(58, "zxdg_importer_v2", 1)
[22:12:43.918774] {mesa egl display queue} wl_registry#36.global(59, "ext_background_effect_manager_v1", 1)
[22:12:43.918777] {mesa egl display queue} wl_registry#36.global(60, "wp_commit_timing_manager_v1", 1)
[22:12:43.918780] {mesa egl display queue} wl_registry#36.global(61, "zwlr_screencopy_manager_v1", 3)
[22:12:43.918782] {mesa egl display queue} wl_registry#36.global(62, "hyprland_toplevel_export_manager_v1", 2)
[22:12:43.918785] {mesa egl display queue} wl_registry#36.global(63, "ext_output_image_capture_source_manager_v1", 1)
[22:12:43.918787] {mesa egl display queue} wl_registry#36.global(64, "ext_foreign_toplevel_image_capture_source_manager_v1", 1)
[22:12:43.918790] {mesa egl display queue} wl_registry#36.global(65, "ext_image_copy_capture_manager_v1", 1)
[22:12:43.918793] {mesa egl display queue} wl_registry#36.global(66, "wp_color_manager_v1", 3)
[22:12:43.918795] {mesa egl display queue} wl_registry#36.global(67, "wl_drm", 2)
[22:12:43.918798] {mesa egl display queue} wl_registry#36.global(68, "zwp_linux_dmabuf_v1", 5)
[22:12:43.918800] {mesa egl display queue}  -> wl_registry#36.bind(68, "zwp_linux_dmabuf_v1", 4, new id [unknown]#39)
[22:12:43.918803] {mesa egl display queue} wl_registry#36.global(69, "wl_output", 4)
[22:12:43.918806] {mesa egl display queue} wl_callback#37.done(12)
[22:12:43.918810] {mesa egl display queue}  -> zwp_linux_dmabuf_v1#39.get_default_feedback(new id zwp_linux_dmabuf_feedback_v1#37)
[22:12:43.918815] {mesa egl display queue}  -> wl_display#1.sync(new id wl_callback#40)
[22:12:43.918848] {Display Queue} wl_display#1.delete_id(40)
[22:12:43.918852] {mesa egl display queue} wp_presentation#38.clock_id(1)
[22:12:43.918856] {mesa egl display queue} zwp_linux_dmabuf_feedback_v1#37.format_table(fd 12, 2960)
[22:12:43.918870] {mesa egl display queue} zwp_linux_dmabuf_feedback_v1#37.main_device(array[8])
[22:12:43.919172] {mesa egl display queue} zwp_linux_dmabuf_feedback_v1#37.tranche_target_device(array[8])
[22:12:43.919178] {mesa egl display queue} zwp_linux_dmabuf_feedback_v1#37.tranche_flags(0)
[22:12:43.919182] {mesa egl display queue} zwp_linux_dmabuf_feedback_v1#37.tranche_formats(array[370])
[22:12:43.919191] {mesa egl display queue} zwp_linux_dmabuf_feedback_v1#37.tranche_done()
[22:12:43.919195] {mesa egl display queue} zwp_linux_dmabuf_feedback_v1#37.done()
[22:12:43.919198] {mesa egl display queue} wl_callback#40.done(12)
[22:12:43.919201] {mesa egl display queue}  -> zwp_linux_dmabuf_feedback_v1#37.destroy()
[22:12:43.933661] {Default Queue}  -> wl_surface#33.destroy()
[22:12:43.933800] {Default Queue}  -> wl_compositor#5.create_surface(new id wl_surface#40)
[22:12:43.937186] {Default Queue}  -> wl_surface#40.destroy()
view-process-policy: related=1 distinct-manager=1
view-process-policy: related=1 distinct-manager=1
[22:12:43.949320] {Default Queue}  -> wl_compositor#5.create_surface(new id wl_surface#41)
[22:12:43.949867] {Default Queue}  -> wl_display#1.get_registry(new id wl_registry#42)
[22:12:43.949946] {Default Queue}  -> wl_surface#41.attach(nil, 0, 0)
[22:12:43.949954] {Default Queue}  -> zwlr_layer_shell_v1#34.get_layer_surface(new id zwlr_layer_surface_v1#43, wl_surface#41, wl_output#19, 2, "elm-shell-recovery-v17")
[22:12:43.949963] {Default Queue}  -> zwlr_layer_surface_v1#43.set_keyboard_interactivity(0)
[22:12:43.949966] {Default Queue}  -> zwlr_layer_surface_v1#43.set_exclusive_zone(48)
[22:12:43.949977] {Default Queue}  -> zwlr_layer_surface_v1#43.set_anchor(13)
[22:12:43.949992] {Default Queue}  -> zwlr_layer_surface_v1#43.set_margin(0, 0, 0, 0)
[22:12:43.949995] {Default Queue}  -> zwlr_layer_surface_v1#43.set_size(0, 48)
[22:12:43.949999] {Default Queue}  -> wl_surface#41.commit()
[22:12:43.950003] {Default Queue}  -> wl_display#1.sync(new id wl_callback#44)
[22:12:43.950240] {Display Queue} wl_display#1.delete_id(37)
[22:12:43.950250] {Display Queue} wl_display#1.delete_id(33)
[22:12:43.950253] {Display Queue} wl_display#1.delete_id(40)
[22:12:43.950256] {Display Queue} wl_display#1.delete_id(44)
[22:12:43.950259] {Default Queue} wl_registry#42.global(1, "wl_seat", 9)
[22:12:43.950263] {Default Queue} wl_registry#42.global(2, "wl_data_device_manager", 3)
[22:12:43.950265] {Default Queue} wl_registry#42.global(3, "wl_compositor", 6)
[22:12:43.950269] {Default Queue} wl_registry#42.global(4, "wl_subcompositor", 1)
[22:12:43.950271] {Default Queue} wl_registry#42.global(5, "wl_shm", 2)
[22:12:43.950274] {Default Queue} wl_registry#42.global(6, "wp_viewporter", 1)
[22:12:43.950277] {Default Queue} wl_registry#42.global(7, "wp_tearing_control_manager_v1", 1)
[22:12:43.950280] {Default Queue} wl_registry#42.global(8, "wp_fractional_scale_manager_v1", 1)
[22:12:43.950283] {Default Queue} wl_registry#42.global(9, "zxdg_output_manager_v1", 3)
[22:12:43.950285] {Default Queue} wl_registry#42.global(10, "wp_cursor_shape_manager_v1", 2)
[22:12:43.950288] {Default Queue} wl_registry#42.global(11, "zwp_idle_inhibit_manager_v1", 1)
[22:12:43.950291] {Default Queue} wl_registry#42.global(12, "zwp_relative_pointer_manager_v1", 1)
[22:12:43.950294] {Default Queue} wl_registry#42.global(13, "zxdg_decoration_manager_v1", 2)
[22:12:43.950297] {Default Queue} wl_registry#42.global(14, "wp_alpha_modifier_v1", 1)
[22:12:43.950299] {Default Queue} wl_registry#42.global(15, "zwlr_gamma_control_manager_v1", 1)
[22:12:43.950302] {Default Queue} wl_registry#42.global(16, "ext_foreign_toplevel_list_v1", 1)
[22:12:43.950305] {Default Queue} wl_registry#42.global(17, "zwp_pointer_gestures_v1", 3)
[22:12:43.950307] {Default Queue} wl_registry#42.global(18, "zwlr_foreign_toplevel_manager_v1", 3)
[22:12:43.950310] {Default Queue} wl_registry#42.global(19, "zwp_keyboard_shortcuts_inhibit_manager_v1", 1)
[22:12:43.950313] {Default Queue} wl_registry#42.global(20, "zwp_text_input_manager_v1", 1)
[22:12:43.950316] {Default Queue} wl_registry#42.global(21, "zwp_text_input_manager_v3", 1)
[22:12:43.950319] {Default Queue}  -> wl_registry#42.bind(21, "zwp_text_input_manager_v3", 1, new id [unknown]#40)
[22:12:43.950323] {Default Queue}  -> zwp_text_input_manager_v3#40.get_text_input(new id zwp_text_input_v3#33, wl_seat#22)
[22:12:43.950326] {Default Queue} wl_registry#42.global(22, "zwp_pointer_constraints_v1", 1)
[22:12:43.950329] {Default Queue} wl_registry#42.global(23, "zwlr_output_power_manager_v1", 1)
[22:12:43.950332] {Default Queue} wl_registry#42.global(24, "xdg_activation_v1", 1)
[22:12:43.950335] {Default Queue} wl_registry#42.global(25, "ext_idle_notifier_v1", 2)
[22:12:43.950337] {Default Queue} wl_registry#42.global(26, "hyprland_lock_notifier_v1", 1)
[22:12:43.950340] {Default Queue} wl_registry#42.global(27, "ext_session_lock_manager_v1", 1)
[22:12:43.950343] {Default Queue} wl_registry#42.global(28, "zwp_input_method_manager_v2", 1)
[22:12:43.950346] {Default Queue} wl_registry#42.global(29, "zwp_virtual_keyboard_manager_v1", 1)
[22:12:43.950348] {Default Queue} wl_registry#42.global(30, "zwlr_virtual_pointer_manager_v1", 2)
[22:12:43.950351] {Default Queue} wl_registry#42.global(31, "zwlr_output_manager_v1", 4)
[22:12:43.950354] {Default Queue} wl_registry#42.global(32, "org_kde_kwin_server_decoration_manager", 1)
[22:12:43.950357] {Default Queue} wl_registry#42.global(33, "hyprland_focus_grab_manager_v1", 1)
[22:12:43.950359] {Default Queue} wl_registry#42.global(34, "zwp_tablet_manager_v2", 1)
[22:12:43.950362] {Default Queue} wl_registry#42.global(35, "zwlr_layer_shell_v1", 5)
[22:12:43.950365] {Default Queue} wl_registry#42.global(36, "wp_presentation", 2)
[22:12:43.950372] {Default Queue} wl_registry#42.global(37, "xdg_wm_base", 7)
[22:12:43.950379] {Default Queue} wl_registry#42.global(38, "zwlr_data_control_manager_v1", 2)
[22:12:43.950382] {Default Queue} wl_registry#42.global(39, "zwp_primary_selection_device_manager_v1", 1)
[22:12:43.950385] {Default Queue} wl_registry#42.global(40, "xwayland_shell_v1", 1)
[22:12:43.950388] {Default Queue} wl_registry#42.global(41, "hyprland_toplevel_mapping_manager_v1", 1)
[22:12:43.950391] {Default Queue} wl_registry#42.global(42, "hyprland_global_shortcuts_manager_v1", 1)
[22:12:43.950394] {Default Queue} wl_registry#42.global(43, "xdg_wm_dialog_v1", 1)
[22:12:43.950397] {Default Queue} wl_registry#42.global(44, "wp_single_pixel_buffer_manager_v1", 1)
[22:12:43.950400] {Default Queue} wl_registry#42.global(45, "wp_security_context_manager_v1", 1)
[22:12:43.950403] {Default Queue} wl_registry#42.global(46, "hyprland_ctm_control_manager_v1", 2)
[22:12:43.950405] {Default Queue} wl_registry#42.global(47, "hyprland_input_capture_manager_v1", 1)
[22:12:43.950408] {Default Queue} wl_registry#42.global(48, "hyprland_surface_manager_v1", 2)
[22:12:43.950411] {Default Queue} wl_registry#42.global(49, "wp_content_type_manager_v1", 1)
[22:12:43.950414] {Default Queue} wl_registry#42.global(50, "xdg_toplevel_tag_manager_v1", 1)
[22:12:43.950417] {Default Queue} wl_registry#42.global(51, "xdg_system_bell_v1", 1)
[22:12:43.950419] {Default Queue} wl_registry#42.global(52, "vicinae_hotkey_manager_v1", 1)
[22:12:43.950422] {Default Queue} wl_registry#42.global(53, "ext_workspace_manager_v1", 1)
[22:12:43.950425] {Default Queue} wl_registry#42.global(54, "ext_data_control_manager_v1", 1)
[22:12:43.950428] {Default Queue} wl_registry#42.global(55, "wp_pointer_warp_v1", 1)
[22:12:43.950431] {Default Queue} wl_registry#42.global(56, "wp_fifo_manager_v1", 1)
[22:12:43.950434] {Default Queue} wl_registry#42.global(57, "zxdg_exporter_v2", 1)
[22:12:43.950437] {Default Queue} wl_registry#42.global(58, "zxdg_importer_v2", 1)
[22:12:43.950440] {Default Queue} wl_registry#42.global(59, "ext_background_effect_manager_v1", 1)
[22:12:43.950443] {Default Queue} wl_registry#42.global(60, "wp_commit_timing_manager_v1", 1)
[22:12:43.950445] {Default Queue} wl_registry#42.global(61, "zwlr_screencopy_manager_v1", 3)
[22:12:43.950448] {Default Queue} wl_registry#42.global(62, "hyprland_toplevel_export_manager_v1", 2)
[22:12:43.950451] {Default Queue} wl_registry#42.global(63, "ext_output_image_capture_source_manager_v1", 1)
[22:12:43.950453] {Default Queue} wl_registry#42.global(64, "ext_foreign_toplevel_image_capture_source_manager_v1", 1)
[22:12:43.950456] {Default Queue} wl_registry#42.global(65, "ext_image_copy_capture_manager_v1", 1)
[22:12:43.950459] {Default Queue} wl_registry#42.global(66, "wp_color_manager_v1", 3)
[22:12:43.950461] {Default Queue} wl_registry#42.global(67, "wl_drm", 2)
[22:12:43.950464] {Default Queue} wl_registry#42.global(68, "zwp_linux_dmabuf_v1", 5)
[22:12:43.950467] {Default Queue} wl_registry#42.global(69, "wl_output", 4)
[22:12:43.950469] {Default Queue} zwlr_layer_surface_v1#43.configure(13, 800, 48)
[22:12:43.950473] {Default Queue}  -> zwlr_layer_surface_v1#43.ack_configure(13)
[22:12:43.950476] {Default Queue} wl_callback#44.done(15)
[22:12:43.950528] {Default Queue}  -> wl_surface#41.commit()
view-added: id=1 geometry=0,0,800,600
shared-host-start: views=1 controllers=1 backend-clients=1 sandbox=1
[22:12:43.950969] {Default Queue} zwlr_layer_surface_v1#43.configure(16, 800, 48)
[22:12:43.950980] {Default Queue}  -> zwlr_layer_surface_v1#43.ack_configure(16)
[22:12:43.955571] {Default Queue}  -> wl_surface#41.set_buffer_scale(1)
[22:12:43.955670] {Default Queue}  -> wl_shm#7.create_pool(new id wl_shm_pool#44, fd 24, 153600)
[22:12:43.955681] {Default Queue}  -> wl_shm_pool#44.create_buffer(new id wl_buffer#37, 0, 800, 48, 3200, 0)
[22:12:43.955809] {Default Queue}  -> wl_surface#41.attach(wl_buffer#37, 0, 0)
[22:12:43.955815] {Default Queue}  -> wl_surface#41.set_buffer_scale(1)
[22:12:43.955818] {Default Queue}  -> wl_surface#41.damage(0, 0, 800, 48)
[22:12:43.955828] {Default Queue}  -> wl_compositor#5.create_region(new id wl_region#45)
[22:12:43.955840] {Default Queue}  -> wl_region#45.add(0, 0, 800, 48)
[22:12:43.955844] {Default Queue}  -> wl_surface#41.set_opaque_region(wl_region#45)
[22:12:43.955847] {Default Queue}  -> wl_region#45.destroy()
[22:12:43.955851] {Default Queue}  -> wl_surface#41.set_input_region(nil)
[22:12:43.955857] {Default Queue}  -> wl_surface#41.frame(new id wl_callback#46)
[22:12:43.955861] {Default Queue}  -> wl_surface#41.commit()
[22:12:43.956269] {Display Queue} wl_display#1.delete_id(45)
[22:12:43.956285] {Display Queue} wl_display#1.delete_id(46)
[22:12:43.956289] {Default Queue} wl_callback#46.done(116229891)
[22:12:43.956294] {Default Queue} wl_surface#41.enter(wl_output#19)
[22:12:43.956298] {Default Queue} wl_buffer#37.release()
[22:12:44.069002] {Default Queue}  -> wl_surface#41.set_buffer_scale(1)
[22:12:44.069039] {mesa egl surface queue}  -> zwp_linux_dmabuf_v1#39.get_surface_feedback(new id zwp_linux_dmabuf_feedback_v1#46, wl_surface#41)
[22:12:44.069051] {mesa egl display queue}  -> wl_display#1.sync(new id wl_callback#45)
[22:12:44.069122] {Display Queue} wl_display#1.delete_id(45)
[22:12:44.069127] {mesa egl display queue} wl_callback#45.done(16)
[22:12:44.069139] {mesa egl surface queue} zwp_linux_dmabuf_feedback_v1#46.format_table(fd 34, 2960)
[22:12:44.069157] {mesa egl surface queue} zwp_linux_dmabuf_feedback_v1#46.main_device(array[8])
[22:12:44.069161] {mesa egl surface queue} zwp_linux_dmabuf_feedback_v1#46.tranche_target_device(array[8])
[22:12:44.069164] {mesa egl surface queue} zwp_linux_dmabuf_feedback_v1#46.tranche_flags(0)
[22:12:44.069167] {mesa egl surface queue} zwp_linux_dmabuf_feedback_v1#46.tranche_formats(array[370])
[22:12:44.069172] {mesa egl surface queue} zwp_linux_dmabuf_feedback_v1#46.tranche_done()
[22:12:44.069177] {mesa egl surface queue} zwp_linux_dmabuf_feedback_v1#46.done()
[22:12:44.072226] {Default Queue}  -> wl_surface#41.attach(wl_buffer#37, 0, 0)
[22:12:44.072244] {Default Queue}  -> wl_surface#41.set_buffer_scale(1)
[22:12:44.072254] {Default Queue}  -> wl_surface#41.damage(0, 0, 800, 48)
[22:12:44.072273] {Default Queue}  -> wl_surface#41.frame(new id wl_callback#45)
[22:12:44.072277] {Default Queue}  -> wl_surface#41.commit()
[22:12:44.072596] {Default Queue} wl_buffer#37.release()
view-topology: {"viewProtocol":1,"kind":"view-topology","revision":"1","views":[{"id":"1","generation":"1"}]}

** (process:2): WARNING **: 16:12:44.073: Failed to get atspi registered event listeners: GDBus.Error:org.freedesktop.DBus.Error.NameHasNoOwner: Could not activate remote peer 'org.a11y.atspi.Registry': unit failed

surface-report: origin=bar {"kind":"surface-report","body":{"publication":null,"lease":null,"buttons":[],"focus":"","text":""}}
view-report: id=1 x=0 y=0 {"kind":"surface-report","body":{"publication":null,"lease":null,"buttons":[],"focus":"","text":""}}
surface-commit: publication=3 lease=0 open=0
view-commit: popup=0 focus=1 publication=3
surface-inspection: {"surfaceProtocol":2,"kind":"surface-inspection","publication":"3","lease":"0","body":{"phase":"Detached","transaction":"Idle","groups":[],"menu":null,"mode":"closed","outstanding":0,"registry":0,"picker":null,"openerId":"applications:detached:2:control:opener","reconnectId":"reconnect"}}
[22:12:44.088354] {Display Queue} wl_display#1.delete_id(45)
[22:12:44.088372] {Default Queue} wl_callback#45.done(116230023)
[22:12:44.088427] {Default Queue}  -> wl_buffer#37.destroy()
[22:12:44.088433] {Default Queue}  -> wl_shm_pool#44.destroy()
[22:12:44.094825] {mesa egl display queue}  -> zwp_linux_dmabuf_v1#39.create_params(new id zwp_linux_buffer_params_v1#45)
[22:12:44.094848] {mesa egl surface queue}  -> zwp_linux_buffer_params_v1#45.add(fd 29, 0, 0, 3584, 16777216, 15)
[22:12:44.094855] {mesa egl surface queue}  -> zwp_linux_buffer_params_v1#45.add(fd 31, 1, 229376, 448, 16777216, 15)
[22:12:44.094859] {mesa egl surface queue}  -> zwp_linux_buffer_params_v1#45.add(fd 40, 2, 233472, 64, 16777216, 15)
[22:12:44.094871] {mesa egl surface queue}  -> zwp_linux_buffer_params_v1#45.create_immed(new id wl_buffer#47, 800, 48, 875713089, 0)
[22:12:44.094883] {mesa egl surface queue}  -> zwp_linux_buffer_params_v1#45.destroy()
[22:12:44.094888] {mesa egl surface queue}  -> wl_surface#41.attach(wl_buffer#47, 0, 0)
[22:12:44.094892] {mesa egl surface queue}  -> wl_surface#41.damage(0, 0, 2147483647, 2147483647)
[22:12:44.094896] {mesa egl surface queue}  -> wl_surface#41.commit()
[22:12:44.094899] {mesa egl surface queue}  -> wl_display#1.sync(new id wl_callback#48)
[22:12:44.095095] discarded [unknown]#37.[event 0](0 fd, 8 byte)
[22:12:44.095105] {Display Queue} wl_display#1.delete_id(37)
[22:12:44.095109] {Display Queue} wl_display#1.delete_id(44)
[22:12:44.095112] {Display Queue} wl_display#1.delete_id(45)
[22:12:44.095115] {Display Queue} wl_display#1.delete_id(48)
[22:12:44.119280] {mesa egl surface queue} wl_callback#48.done(16)
[22:12:44.119668] {mesa egl display queue}  -> zwp_linux_dmabuf_v1#39.create_params(new id zwp_linux_buffer_params_v1#48)
[22:12:44.119683] {mesa egl surface queue}  -> zwp_linux_buffer_params_v1#48.add(fd 29, 0, 0, 3584, 16777216, 15)
[22:12:44.119690] {mesa egl surface queue}  -> zwp_linux_buffer_params_v1#48.add(fd 31, 1, 229376, 448, 16777216, 15)
[22:12:44.119694] {mesa egl surface queue}  -> zwp_linux_buffer_params_v1#48.add(fd 40, 2, 233472, 64, 16777216, 15)
[22:12:44.119697] {mesa egl surface queue}  -> zwp_linux_buffer_params_v1#48.create_immed(new id wl_buffer#45, 800, 48, 875713089, 0)
[22:12:44.119701] {mesa egl surface queue}  -> zwp_linux_buffer_params_v1#48.destroy()
[22:12:44.119705] {mesa egl surface queue}  -> wl_surface#41.attach(wl_buffer#45, 0, 0)
[22:12:44.119708] {mesa egl surface queue}  -> wl_surface#41.damage(0, 0, 2147483647, 2147483647)
[22:12:44.119710] {mesa egl surface queue}  -> wl_surface#41.commit()
[22:12:44.119713] {mesa egl surface queue}  -> wl_display#1.sync(new id wl_callback#44)
surface-report: origin=bar {"kind":"surface-report","body":{"publication":"3","lease":"0","buttons":[{"id":"reconnect","label":"Reconnect","accessibleName":"Reconnect to the window system","disabled":true,"x":3,"y":6,"width":102.5,"height":36}],"focus":"","text":"Reconnect\nConnecting…"}}
view-report: id=1 x=0 y=0 {"kind":"surface-report","body":{"publication":"3","lease":"0","buttons":[{"id":"reconnect","label":"Reconnect","accessibleName":"Reconnect to the window system","disabled":true,"x":3,"y":6,"width":102.5,"height":36}],"focus":"","text":"Reconnect\nConnecting…"}}
[22:12:44.119864] {Display Queue} wl_display#1.delete_id(48)
[22:12:44.119869] {Display Queue} wl_display#1.delete_id(44)
backend-frame: {"protocolVersion":3,"kind":"host-recovery-watermarks","binding":{"lifetime":"4732813547359445770","session":"2","frontend":"1"},"request":"0","generation":"0"}
backend-exit: waited=1 normal=0 code=-1
surface-commit: publication=4 lease=0 open=0
view-commit: popup=0 focus=1 publication=4
surface-inspection: {"surfaceProtocol":2,"kind":"surface-inspection","publication":"4","lease":"0","body":{"phase":"Detached","transaction":"Idle","groups":[],"menu":null,"mode":"closed","outstanding":0,"registry":0,"picker":null,"openerId":"applications:detached:3:control:opener","reconnectId":"reconnect"}}
surface-commit: publication=5 lease=0 open=0
view-commit: popup=0 focus=1 publication=5
surface-inspection: {"surfaceProtocol":2,"kind":"surface-inspection","publication":"5","lease":"0","body":{"phase":"Detached","transaction":"Idle","groups":[],"menu":null,"mode":"closed","outstanding":0,"registry":0,"picker":null,"openerId":"applications:detached:4:control:opener","reconnectId":"reconnect"}}
surface-commit: publication=6 lease=0 open=0
view-commit: popup=0 focus=1 publication=6
surface-inspection: {"surfaceProtocol":2,"kind":"surface-inspection","publication":"6","lease":"0","body":{"phase":"Detached","transaction":"Idle","groups":[],"menu":null,"mode":"closed","outstanding":0,"registry":0,"picker":null,"openerId":"applications:detached:5:control:opener","reconnectId":"reconnect"}}
[22:12:44.177806] {mesa egl surface queue} wl_callback#44.done(16)
[22:12:44.177839] {mesa egl surface queue} wl_buffer#47.release()
[22:12:44.177845] {mesa egl surface queue}  -> wl_buffer#47.destroy()
[22:12:44.178194] {mesa egl display queue}  -> zwp_linux_dmabuf_v1#39.create_params(new id zwp_linux_buffer_params_v1#44)
[22:12:44.178207] {mesa egl surface queue}  -> zwp_linux_buffer_params_v1#44.add(fd 29, 0, 0, 3584, 16777216, 15)
[22:12:44.178213] {mesa egl surface queue}  -> zwp_linux_buffer_params_v1#44.add(fd 31, 1, 229376, 448, 16777216, 15)
[22:12:44.178217] {mesa egl surface queue}  -> zwp_linux_buffer_params_v1#44.add(fd 34, 2, 233472, 64, 16777216, 15)
[22:12:44.178220] {mesa egl surface queue}  -> zwp_linux_buffer_params_v1#44.create_immed(new id wl_buffer#48, 800, 48, 875713089, 0)
[22:12:44.178226] {mesa egl surface queue}  -> zwp_linux_buffer_params_v1#44.destroy()
[22:12:44.178229] {mesa egl surface queue}  -> wl_surface#41.attach(wl_buffer#48, 0, 0)
[22:12:44.178233] {mesa egl surface queue}  -> wl_surface#41.damage(0, 0, 2147483647, 2147483647)
[22:12:44.178236] {mesa egl surface queue}  -> wl_surface#41.commit()
[22:12:44.178239] {mesa egl surface queue}  -> wl_display#1.sync(new id wl_callback#37)
[22:12:44.178604] discarded [unknown]#47.[event 0](0 fd, 8 byte)
[22:12:44.178619] discarded [unknown]#47.[event 0](0 fd, 8 byte)
[22:12:44.178629] {Display Queue} wl_display#1.delete_id(47)
[22:12:44.178635] {Display Queue} wl_display#1.delete_id(44)
[22:12:44.178638] {Display Queue} wl_display#1.delete_id(37)
surface-report: origin=bar {"kind":"surface-report","body":{"publication":"6","lease":"0","buttons":[{"id":"reconnect","label":"Reconnect","accessibleName":"Reconnect to the window system","disabled":false,"x":3,"y":6,"width":102.5,"height":36}],"focus":"","text":"Reconnect\nWindow recovery data is unavailable. Restore access, then reconnect."}}
view-report: id=1 x=0 y=0 {"kind":"surface-report","body":{"publication":"6","lease":"0","buttons":[{"id":"reconnect","label":"Reconnect","accessibleName":"Reconnect to the window system","disabled":false,"x":3,"y":6,"width":102.5,"height":36}],"focus":"","text":"Reconnect\nWindow recovery data is unavailable. Restore access, then reconnect."}}
[22:12:49.837980] {Default Queue}  -> wl_display#1.sync(new id wl_callback#44)
[22:12:49.838322] {Display Queue} wl_display#1.delete_id(44)
[22:12:49.838331] {Default Queue} wl_callback#44.done(16)
[22:12:49.838387] {Default Queue}  -> zwlr_layer_surface_v1#43.destroy()
[22:12:49.838410] {Default Queue}  -> wl_surface#41.destroy()
[22:12:49.838431] {mesa egl surface queue}  -> wl_buffer#45.destroy()
[22:12:49.838625] {mesa egl surface queue}  -> wl_buffer#48.destroy()
[22:12:49.838630] {mesa egl surface queue}  -> zwp_linux_dmabuf_feedback_v1#46.destroy()
view-retired: id=1
[22:12:49.845336] discarded [unknown]#45.[event 0](0 fd, 8 byte)
[22:12:49.845348] discarded [unknown]#45.[event 0](0 fd, 8 byte)
[22:12:49.845351] discarded [unknown]#48.[event 0](0 fd, 8 byte)
[22:12:49.845365] {Display Queue} wl_display#1.delete_id(43)
[22:12:49.845370] {Display Queue} wl_display#1.delete_id(45)
[22:12:49.845372] {Display Queue} wl_display#1.delete_id(46)
[22:12:49.845374] {Display Queue} wl_display#1.delete_id(41)
[22:12:49.861973] discarded [unknown]#48.[event 0](0 fd, 8 byte)
[22:12:49.861985] discarded [unknown]#48.[event 0](0 fd, 8 byte)
[22:12:49.861992] {Display Queue} wl_display#1.delete_id(48)
shared-host-exit: failure=0 rendered=1
