[07:19:46.762069] {Default Queue}  -> wl_display#1.get_registry(new id wl_registry#2)
[07:19:46.762102] {Default Queue}  -> wl_display#1.sync(new id wl_callback#3)
[07:19:46.762410] {Display Queue} wl_display#1.delete_id(3)
[07:19:46.762427] {Default Queue} wl_registry#2.global(1, "wl_seat", 9)
[07:19:46.762433] {Default Queue} wl_registry#2.global(2, "wl_data_device_manager", 3)
[07:19:46.762436] {Default Queue} wl_registry#2.global(3, "wl_compositor", 6)
[07:19:46.762441] {Default Queue}  -> wl_registry#2.bind(3, "wl_compositor", 4, new id [unknown]#4)
[07:19:46.762444] {Default Queue} wl_registry#2.global(4, "wl_subcompositor", 1)
[07:19:46.762447] {Default Queue} wl_registry#2.global(5, "wl_shm", 2)
[07:19:46.762449] {Default Queue}  -> wl_registry#2.bind(5, "wl_shm", 1, new id [unknown]#5)
[07:19:46.762452] {Default Queue} wl_registry#2.global(6, "wp_viewporter", 1)
[07:19:46.762454] {Default Queue} wl_registry#2.global(7, "wp_tearing_control_manager_v1", 1)
[07:19:46.762457] {Default Queue} wl_registry#2.global(8, "wp_fractional_scale_manager_v1", 1)
[07:19:46.762459] {Default Queue} wl_registry#2.global(9, "zxdg_output_manager_v1", 3)
[07:19:46.762462] {Default Queue} wl_registry#2.global(10, "wp_cursor_shape_manager_v1", 2)
[07:19:46.762464] {Default Queue} wl_registry#2.global(11, "zwp_idle_inhibit_manager_v1", 1)
[07:19:46.762466] {Default Queue} wl_registry#2.global(12, "zwp_relative_pointer_manager_v1", 1)
[07:19:46.762469] {Default Queue} wl_registry#2.global(13, "zxdg_decoration_manager_v1", 2)
[07:19:46.762471] {Default Queue} wl_registry#2.global(14, "wp_alpha_modifier_v1", 1)
[07:19:46.762473] {Default Queue} wl_registry#2.global(15, "zwlr_gamma_control_manager_v1", 1)
[07:19:46.762475] {Default Queue} wl_registry#2.global(16, "ext_foreign_toplevel_list_v1", 1)
[07:19:46.762477] {Default Queue} wl_registry#2.global(17, "zwp_pointer_gestures_v1", 3)
[07:19:46.762480] {Default Queue} wl_registry#2.global(18, "zwlr_foreign_toplevel_manager_v1", 3)
[07:19:46.762482] {Default Queue} wl_registry#2.global(19, "zwp_keyboard_shortcuts_inhibit_manager_v1", 1)
[07:19:46.762484] {Default Queue} wl_registry#2.global(20, "zwp_text_input_manager_v1", 1)
[07:19:46.762487] {Default Queue} wl_registry#2.global(21, "zwp_text_input_manager_v3", 1)
[07:19:46.762489] {Default Queue} wl_registry#2.global(22, "zwp_pointer_constraints_v1", 1)
[07:19:46.762492] {Default Queue} wl_registry#2.global(23, "zwlr_output_power_manager_v1", 1)
[07:19:46.762495] {Default Queue} wl_registry#2.global(24, "xdg_activation_v1", 1)
[07:19:46.762497] {Default Queue} wl_registry#2.global(25, "ext_idle_notifier_v1", 2)
[07:19:46.762499] {Default Queue} wl_registry#2.global(26, "hyprland_lock_notifier_v1", 1)
[07:19:46.762502] {Default Queue} wl_registry#2.global(27, "ext_session_lock_manager_v1", 1)
[07:19:46.762504] {Default Queue} wl_registry#2.global(28, "zwp_input_method_manager_v2", 1)
[07:19:46.762512] {Default Queue} wl_registry#2.global(29, "zwp_virtual_keyboard_manager_v1", 1)
[07:19:46.762514] {Default Queue} wl_registry#2.global(30, "zwlr_virtual_pointer_manager_v1", 2)
[07:19:46.762516] {Default Queue} wl_registry#2.global(31, "zwlr_output_manager_v1", 4)
[07:19:46.762518] {Default Queue} wl_registry#2.global(32, "org_kde_kwin_server_decoration_manager", 1)
[07:19:46.762520] {Default Queue} wl_registry#2.global(33, "hyprland_focus_grab_manager_v1", 1)
[07:19:46.762522] {Default Queue} wl_registry#2.global(34, "zwp_tablet_manager_v2", 1)
[07:19:46.762524] {Default Queue} wl_registry#2.global(35, "zwlr_layer_shell_v1", 5)
[07:19:46.762526] {Default Queue} wl_registry#2.global(36, "wp_presentation", 2)
[07:19:46.762528] {Default Queue} wl_registry#2.global(37, "xdg_wm_base", 7)
[07:19:46.762531] {Default Queue}  -> wl_registry#2.bind(37, "xdg_wm_base", 6, new id [unknown]#6)
[07:19:46.762533] {Default Queue} wl_registry#2.global(38, "zwlr_data_control_manager_v1", 2)
[07:19:46.762535] {Default Queue} wl_registry#2.global(39, "zwp_primary_selection_device_manager_v1", 1)
[07:19:46.762537] {Default Queue} wl_registry#2.global(40, "xwayland_shell_v1", 1)
[07:19:46.762546] {Default Queue} wl_registry#2.global(41, "hyprland_toplevel_mapping_manager_v1", 1)
[07:19:46.762553] {Default Queue} wl_registry#2.global(42, "hyprland_global_shortcuts_manager_v1", 1)
[07:19:46.762555] {Default Queue} wl_registry#2.global(43, "xdg_wm_dialog_v1", 1)
[07:19:46.762557] {Default Queue} wl_registry#2.global(44, "wp_single_pixel_buffer_manager_v1", 1)
[07:19:46.762559] {Default Queue} wl_registry#2.global(45, "wp_security_context_manager_v1", 1)
[07:19:46.762561] {Default Queue} wl_registry#2.global(46, "hyprland_ctm_control_manager_v1", 2)
[07:19:46.762563] {Default Queue} wl_registry#2.global(47, "hyprland_input_capture_manager_v1", 1)
[07:19:46.762565] {Default Queue} wl_registry#2.global(48, "hyprland_surface_manager_v1", 2)
[07:19:46.762567] {Default Queue} wl_registry#2.global(49, "wp_content_type_manager_v1", 1)
[07:19:46.762570] {Default Queue} wl_registry#2.global(50, "xdg_toplevel_tag_manager_v1", 1)
[07:19:46.762572] {Default Queue} wl_registry#2.global(51, "xdg_system_bell_v1", 1)
[07:19:46.762574] {Default Queue} wl_registry#2.global(52, "vicinae_hotkey_manager_v1", 1)
[07:19:46.762576] {Default Queue} wl_registry#2.global(53, "ext_workspace_manager_v1", 1)
[07:19:46.762578] {Default Queue} wl_registry#2.global(54, "ext_data_control_manager_v1", 1)
[07:19:46.762580] {Default Queue} wl_registry#2.global(55, "wp_pointer_warp_v1", 1)
[07:19:46.762582] {Default Queue} wl_registry#2.global(56, "wp_fifo_manager_v1", 1)
[07:19:46.762584] {Default Queue} wl_registry#2.global(57, "zxdg_exporter_v2", 1)
[07:19:46.762586] {Default Queue} wl_registry#2.global(58, "zxdg_importer_v2", 1)
[07:19:46.762589] {Default Queue} wl_registry#2.global(59, "ext_background_effect_manager_v1", 1)
[07:19:46.762591] {Default Queue} wl_registry#2.global(60, "wp_commit_timing_manager_v1", 1)
[07:19:46.762593] {Default Queue} wl_registry#2.global(61, "zwlr_screencopy_manager_v1", 3)
[07:19:46.762595] {Default Queue} wl_registry#2.global(62, "hyprland_toplevel_export_manager_v1", 2)
[07:19:46.762597] {Default Queue} wl_registry#2.global(63, "ext_output_image_capture_source_manager_v1", 1)
[07:19:46.762599] {Default Queue} wl_registry#2.global(64, "ext_foreign_toplevel_image_capture_source_manager_v1", 1)
[07:19:46.762601] {Default Queue} wl_registry#2.global(65, "ext_image_copy_capture_manager_v1", 1)
[07:19:46.762603] {Default Queue} wl_registry#2.global(66, "wp_color_manager_v1", 3)
[07:19:46.762606] {Default Queue} wl_registry#2.global(67, "wl_drm", 2)
[07:19:46.762608] {Default Queue} wl_registry#2.global(68, "zwp_linux_dmabuf_v1", 5)
[07:19:46.762610] {Default Queue} wl_registry#2.global(69, "wl_output", 4)
[07:19:46.762612] {Default Queue} wl_callback#3.done(0)
[07:19:46.762614] {Default Queue}  -> wl_compositor#4.create_surface(new id wl_surface#3)
[07:19:46.762617] {Default Queue}  -> xdg_wm_base#6.get_xdg_surface(new id xdg_surface#7, wl_surface#3)
[07:19:46.762620] {Default Queue}  -> xdg_surface#7.get_toplevel(new id xdg_toplevel#8)
[07:19:46.762622] {Default Queue}  -> xdg_toplevel#8.set_title("ELM-MAXIMIZE-PROBE")
[07:19:46.762624] {Default Queue}  -> xdg_toplevel#8.set_app_id("elm-maximize-probe")
[07:19:46.762626] {Default Queue}  -> wl_surface#3.commit()
[07:19:46.762985] {Default Queue} discarded wl_shm#5.format(0)
[07:19:46.763000] {Default Queue} discarded wl_shm#5.format(1)
[07:19:46.763003] {Default Queue} discarded wl_shm#5.format(875709016)
[07:19:46.763005] {Default Queue} discarded wl_shm#5.format(875708993)
[07:19:46.763007] {Default Queue} discarded wl_shm#5.format(808669784)
[07:19:46.763008] {Default Queue} discarded wl_shm#5.format(808669761)
[07:19:46.763010] {Default Queue} discarded wl_shm#5.format(808665688)
[07:19:46.763012] {Default Queue} discarded wl_shm#5.format(808665665)
[07:19:46.763013] {Default Queue} xdg_toplevel#8.wm_capabilities(array[8])
[07:19:46.763017] {Default Queue} xdg_toplevel#8.configure(800, 600, array[16])
[07:19:46.763020] {Default Queue} xdg_surface#7.configure(1)
[07:19:46.763022] {Default Queue}  -> xdg_surface#7.ack_configure(1)
{"event":"configure","sequence":1,"monotonicNs":66491405519546,"serial":1,"ackedSerial":1,"width":800,"height":600,"maximized":false,"fullscreen":false,"configuredWidth":800,"configuredHeight":600}
[07:19:46.763983] {Default Queue}  -> wl_shm#5.create_pool(new id wl_shm_pool#9, fd 5, 1920000)
[07:19:46.763992] {Default Queue}  -> wl_shm_pool#9.create_buffer(new id wl_buffer#10, 0, 800, 600, 3200, 0)
[07:19:46.763995] {Default Queue}  -> wl_shm_pool#9.destroy()
[07:19:46.763999] {Default Queue}  -> xdg_surface#7.set_window_geometry(0, 0, 800, 600)
[07:19:46.764002] {Default Queue}  -> wl_surface#3.attach(wl_buffer#10, 0, 0)
[07:19:46.764004] {Default Queue}  -> wl_surface#3.damage(0, 0, 800, 600)
[07:19:46.764007] {Default Queue}  -> wl_surface#3.commit()
{"event":"buffercommit","sequence":2,"monotonicNs":66491406506729,"serial":1,"ackedSerial":1,"width":800,"height":600,"maximized":false,"fullscreen":false,"bufferWidth":800,"bufferHeight":600,"inflight":1,"argb":"ff2971c8"}
{"event":"ready","sequence":3,"monotonicNs":66491406508766,"serial":1,"ackedSerial":1,"width":800,"height":600,"maximized":false,"fullscreen":false,"title":"ELM-MAXIMIZE-PROBE","appId":"elm-maximize-probe"}
[07:19:46.765113] {Display Queue} wl_display#1.delete_id(9)
[07:19:46.765129] {Default Queue} wl_buffer#10.release()
{"event":"buffer-release","sequence":4,"monotonicNs":66491407626788,"serial":1,"ackedSerial":1,"width":800,"height":600,"maximized":false,"fullscreen":false,"bufferSerial":1,"bufferWidth":800,"bufferHeight":600}
[07:19:46.765136] {Default Queue}  -> wl_buffer#10.destroy()
[07:19:46.765172] {Default Queue} xdg_toplevel#8.configure(758, 558, array[20])
[07:19:46.765177] {Default Queue} xdg_surface#7.configure(2)
[07:19:46.765179] {Default Queue}  -> xdg_surface#7.ack_configure(2)
{"event":"configure","sequence":5,"monotonicNs":66491407675283,"serial":2,"ackedSerial":2,"width":758,"height":558,"maximized":false,"fullscreen":false,"configuredWidth":758,"configuredHeight":558}
[07:19:46.766048] {Default Queue}  -> wl_shm#5.create_pool(new id wl_shm_pool#9, fd 5, 1691856)
[07:19:46.766055] {Default Queue}  -> wl_shm_pool#9.create_buffer(new id wl_buffer#11, 0, 758, 558, 3032, 0)
[07:19:46.766058] {Default Queue}  -> wl_shm_pool#9.destroy()
[07:19:46.766061] {Default Queue}  -> xdg_surface#7.set_window_geometry(0, 0, 758, 558)
[07:19:46.766063] {Default Queue}  -> wl_surface#3.attach(wl_buffer#11, 0, 0)
[07:19:46.766066] {Default Queue}  -> wl_surface#3.damage(0, 0, 758, 558)
[07:19:46.766069] {Default Queue}  -> wl_surface#3.commit()
{"event":"buffercommit","sequence":6,"monotonicNs":66491408568931,"serial":2,"ackedSerial":2,"width":758,"height":558,"maximized":false,"fullscreen":false,"bufferWidth":758,"bufferHeight":558,"inflight":1,"argb":"ff2a71c8"}
[07:19:46.767456] discarded [unknown]#10.[event 0](0 fd, 8 byte)
[07:19:46.767462] {Display Queue} wl_display#1.delete_id(10)
[07:19:46.767464] {Display Queue} wl_display#1.delete_id(9)
[07:19:46.767466] {Default Queue} wl_buffer#11.release()
{"event":"buffer-release","sequence":7,"monotonicNs":66491409961400,"serial":2,"ackedSerial":2,"width":758,"height":558,"maximized":false,"fullscreen":false,"bufferSerial":2,"bufferWidth":758,"bufferHeight":558}
[07:19:46.767469] {Default Queue}  -> wl_buffer#11.destroy()
[07:19:46.767616] discarded [unknown]#11.[event 0](0 fd, 8 byte)
[07:19:46.767622] {Display Queue} wl_display#1.delete_id(11)
[07:19:46.908126] {Default Queue} xdg_toplevel#8.configure(800, 600, array[20])
[07:19:46.908156] {Default Queue} xdg_surface#7.configure(3)
[07:19:46.908162] {Default Queue}  -> xdg_surface#7.ack_configure(3)
{"event":"configure","sequence":8,"monotonicNs":66491550659236,"serial":3,"ackedSerial":3,"width":800,"height":600,"maximized":false,"fullscreen":false,"configuredWidth":800,"configuredHeight":600}
[07:19:46.908815] {Default Queue}  -> wl_shm#5.create_pool(new id wl_shm_pool#11, fd 5, 1920000)
[07:19:46.908825] {Default Queue}  -> wl_shm_pool#11.create_buffer(new id wl_buffer#9, 0, 800, 600, 3200, 0)
[07:19:46.908829] {Default Queue}  -> wl_shm_pool#11.destroy()
[07:19:46.908838] {Default Queue}  -> xdg_surface#7.set_window_geometry(0, 0, 800, 600)
[07:19:46.908854] {Default Queue}  -> wl_surface#3.attach(wl_buffer#9, 0, 0)
[07:19:46.908856] {Default Queue}  -> wl_surface#3.damage(0, 0, 800, 600)
[07:19:46.908859] {Default Queue}  -> wl_surface#3.commit()
{"event":"buffercommit","sequence":9,"monotonicNs":66491551360498,"serial":3,"ackedSerial":3,"width":800,"height":600,"maximized":false,"fullscreen":false,"bufferWidth":800,"bufferHeight":600,"inflight":1,"argb":"ff2b71c8"}
[07:19:46.909455] {Display Queue} wl_display#1.delete_id(11)
[07:19:46.909487] {Default Queue} wl_buffer#9.release()
{"event":"buffer-release","sequence":10,"monotonicNs":66491551987483,"serial":3,"ackedSerial":3,"width":800,"height":600,"maximized":false,"fullscreen":false,"bufferSerial":3,"bufferWidth":800,"bufferHeight":600}
[07:19:46.909500] {Default Queue}  -> wl_buffer#9.destroy()
[07:19:46.910006] discarded [unknown]#9.[event 0](0 fd, 8 byte)
[07:19:46.910034] {Display Queue} wl_display#1.delete_id(9)
[07:19:46.911764] {Default Queue} xdg_toplevel#8.configure(320, 180, array[20])
[07:19:46.911793] {Default Queue} xdg_surface#7.configure(4)
[07:19:46.911801] {Default Queue}  -> xdg_surface#7.ack_configure(4)
{"event":"configure","sequence":11,"monotonicNs":66491554300760,"serial":4,"ackedSerial":4,"width":320,"height":180,"maximized":false,"fullscreen":false,"configuredWidth":320,"configuredHeight":180}
[07:19:46.911982] {Default Queue}  -> wl_shm#5.create_pool(new id wl_shm_pool#9, fd 5, 230400)
[07:19:46.911986] {Default Queue}  -> wl_shm_pool#9.create_buffer(new id wl_buffer#11, 0, 320, 180, 1280, 0)
[07:19:46.911989] {Default Queue}  -> wl_shm_pool#9.destroy()
[07:19:46.911992] {Default Queue}  -> xdg_surface#7.set_window_geometry(0, 0, 320, 180)
[07:19:46.911995] {Default Queue}  -> wl_surface#3.attach(wl_buffer#11, 0, 0)
[07:19:46.911997] {Default Queue}  -> wl_surface#3.damage(0, 0, 320, 180)
[07:19:46.911999] {Default Queue}  -> wl_surface#3.commit()
{"event":"buffercommit","sequence":12,"monotonicNs":66491554498863,"serial":4,"ackedSerial":4,"width":320,"height":180,"maximized":false,"fullscreen":false,"bufferWidth":320,"bufferHeight":180,"inflight":1,"argb":"ff2c71c8"}
[07:19:46.912251] {Display Queue} wl_display#1.delete_id(9)
[07:19:46.912263] {Default Queue} wl_buffer#11.release()
{"event":"buffer-release","sequence":13,"monotonicNs":66491554759535,"serial":4,"ackedSerial":4,"width":320,"height":180,"maximized":false,"fullscreen":false,"bufferSerial":4,"bufferWidth":320,"bufferHeight":180}
[07:19:46.912268] {Default Queue}  -> wl_buffer#11.destroy()
[07:19:46.912311] discarded [unknown]#11.[event 0](0 fd, 8 byte)
[07:19:46.912314] {Display Queue} wl_display#1.delete_id(11)
{"event":"request","sequence":14,"monotonicNs":66491576598684,"serial":4,"ackedSerial":4,"width":320,"height":180,"maximized":false,"fullscreen":false,"command":"sync"}
[07:19:46.934133] {Default Queue}  -> wl_display#1.sync(new id wl_callback#11)
[07:19:46.934164] {Display Queue} wl_display#1.delete_id(11)
[07:19:46.934169] {Default Queue} wl_callback#11.done(4)
{"event":"server-barrier","sequence":15,"monotonicNs":66491576665926,"serial":4,"ackedSerial":4,"width":320,"height":180,"maximized":false,"fullscreen":false,"requestSequence":14,"requestSerial":4,"command":"sync","callbackData":4}
[07:19:46.982260] {Default Queue}  -> xdg_toplevel#8.set_maximized()
{"event":"request","sequence":16,"monotonicNs":66491624794241,"serial":4,"ackedSerial":4,"width":320,"height":180,"maximized":false,"fullscreen":false,"command":"maximize"}
[07:19:46.982308] {Default Queue}  -> wl_display#1.sync(new id wl_callback#11)
[07:19:46.982480] {Display Queue} wl_display#1.delete_id(11)
[07:19:46.982506] {Default Queue} wl_callback#11.done(5)
{"event":"server-barrier","sequence":17,"monotonicNs":66491625011628,"serial":4,"ackedSerial":4,"width":320,"height":180,"maximized":false,"fullscreen":false,"requestSequence":16,"requestSerial":4,"command":"maximize","callbackData":5}
[07:19:46.982522] {Default Queue} xdg_toplevel#8.configure(798, 598, array[24])
[07:19:46.982538] {Default Queue} xdg_surface#7.configure(5)
[07:19:46.982556] {Default Queue}  -> xdg_surface#7.ack_configure(5)
{"event":"configure","sequence":18,"monotonicNs":66491625053491,"serial":5,"ackedSerial":5,"width":798,"height":598,"maximized":true,"fullscreen":false,"configuredWidth":798,"configuredHeight":598}
[07:19:46.983399] {Default Queue}  -> wl_shm#5.create_pool(new id wl_shm_pool#11, fd 5, 1908816)
[07:19:46.983411] {Default Queue}  -> wl_shm_pool#11.create_buffer(new id wl_buffer#9, 0, 798, 598, 3192, 0)
[07:19:46.983417] {Default Queue}  -> wl_shm_pool#11.destroy()
[07:19:46.983421] {Default Queue}  -> xdg_surface#7.set_window_geometry(0, 0, 798, 598)
[07:19:46.983425] {Default Queue}  -> wl_surface#3.attach(wl_buffer#9, 0, 0)
[07:19:46.983429] {Default Queue}  -> wl_surface#3.damage(0, 0, 798, 598)
[07:19:46.983432] {Default Queue}  -> wl_surface#3.commit()
{"event":"buffercommit","sequence":19,"monotonicNs":66491625934178,"serial":5,"ackedSerial":5,"width":798,"height":598,"maximized":true,"fullscreen":false,"bufferWidth":798,"bufferHeight":598,"inflight":1,"argb":"ff2d71c8"}
[07:19:46.983924] {Display Queue} wl_display#1.delete_id(11)
[07:19:46.983932] {Default Queue} wl_buffer#9.release()
{"event":"buffer-release","sequence":20,"monotonicNs":66491626429261,"serial":5,"ackedSerial":5,"width":798,"height":598,"maximized":true,"fullscreen":false,"bufferSerial":5,"bufferWidth":798,"bufferHeight":598}
[07:19:46.983939] {Default Queue}  -> wl_buffer#9.destroy()
[07:19:46.984139] discarded [unknown]#9.[event 0](0 fd, 8 byte)
[07:19:46.984144] {Display Queue} wl_display#1.delete_id(9)
[07:19:47.045921] {Default Queue}  -> xdg_toplevel#8.set_maximized()
{"event":"request","sequence":21,"monotonicNs":66491688437595,"serial":5,"ackedSerial":5,"width":798,"height":598,"maximized":true,"fullscreen":false,"command":"maximize"}
[07:19:47.045949] {Default Queue}  -> wl_display#1.sync(new id wl_callback#9)
[07:19:47.046035] {Display Queue} wl_display#1.delete_id(9)
[07:19:47.046046] {Default Queue} wl_callback#9.done(5)
{"event":"server-barrier","sequence":22,"monotonicNs":66491688543464,"serial":5,"ackedSerial":5,"width":798,"height":598,"maximized":true,"fullscreen":false,"requestSequence":21,"requestSerial":5,"command":"maximize","callbackData":5}
[07:19:47.093930] {Default Queue}  -> xdg_toplevel#8.unset_maximized()
{"event":"request","sequence":23,"monotonicNs":66491736447694,"serial":5,"ackedSerial":5,"width":798,"height":598,"maximized":true,"fullscreen":false,"command":"unmaximize"}
[07:19:47.093960] {Default Queue}  -> wl_display#1.sync(new id wl_callback#9)
[07:19:47.094278] {Display Queue} wl_display#1.delete_id(9)
[07:19:47.094312] {Default Queue} wl_callback#9.done(6)
{"event":"server-barrier","sequence":24,"monotonicNs":66491736811745,"serial":5,"ackedSerial":5,"width":798,"height":598,"maximized":true,"fullscreen":false,"requestSequence":23,"requestSerial":5,"command":"unmaximize","callbackData":6}
[07:19:47.094324] {Default Queue} xdg_toplevel#8.configure(320, 180, array[20])
[07:19:47.094331] {Default Queue} xdg_surface#7.configure(6)
[07:19:47.094336] {Default Queue}  -> xdg_surface#7.ack_configure(6)
{"event":"configure","sequence":25,"monotonicNs":66491736835611,"serial":6,"ackedSerial":6,"width":320,"height":180,"maximized":false,"fullscreen":false,"configuredWidth":320,"configuredHeight":180}
[07:19:47.094525] {Default Queue}  -> wl_shm#5.create_pool(new id wl_shm_pool#9, fd 5, 230400)
[07:19:47.094531] {Default Queue}  -> wl_shm_pool#9.create_buffer(new id wl_buffer#11, 0, 320, 180, 1280, 0)
[07:19:47.094535] {Default Queue}  -> wl_shm_pool#9.destroy()
[07:19:47.094538] {Default Queue}  -> xdg_surface#7.set_window_geometry(0, 0, 320, 180)
[07:19:47.094541] {Default Queue}  -> wl_surface#3.attach(wl_buffer#11, 0, 0)
[07:19:47.094544] {Default Queue}  -> wl_surface#3.damage(0, 0, 320, 180)
[07:19:47.094546] {Default Queue}  -> wl_surface#3.commit()
{"event":"buffercommit","sequence":26,"monotonicNs":66491737045765,"serial":6,"ackedSerial":6,"width":320,"height":180,"maximized":false,"fullscreen":false,"bufferWidth":320,"bufferHeight":180,"inflight":1,"argb":"ff2e71c8"}
[07:19:47.095036] {Display Queue} wl_display#1.delete_id(9)
[07:19:47.095061] {Default Queue} wl_buffer#11.release()
{"event":"buffer-release","sequence":27,"monotonicNs":66491737559066,"serial":6,"ackedSerial":6,"width":320,"height":180,"maximized":false,"fullscreen":false,"bufferSerial":6,"bufferWidth":320,"bufferHeight":180}
[07:19:47.095069] {Default Queue}  -> wl_buffer#11.destroy()
[07:19:47.095290] discarded [unknown]#11.[event 0](0 fd, 8 byte)
[07:19:47.095306] {Display Queue} wl_display#1.delete_id(11)
[07:19:47.200217] {Default Queue}  -> xdg_toplevel#8.unset_maximized()
{"event":"request","sequence":28,"monotonicNs":66491842738011,"serial":6,"ackedSerial":6,"width":320,"height":180,"maximized":false,"fullscreen":false,"command":"unmaximize"}
[07:19:47.200250] {Default Queue}  -> wl_display#1.sync(new id wl_callback#11)
[07:19:47.200350] {Display Queue} wl_display#1.delete_id(11)
[07:19:47.200361] {Default Queue} wl_callback#11.done(6)
{"event":"server-barrier","sequence":29,"monotonicNs":66491842859483,"serial":6,"ackedSerial":6,"width":320,"height":180,"maximized":false,"fullscreen":false,"requestSequence":28,"requestSerial":6,"command":"unmaximize","callbackData":6}
{"event":"request","sequence":30,"monotonicNs":66491908250690,"serial":6,"ackedSerial":6,"width":320,"height":180,"maximized":false,"fullscreen":false,"command":"quit"}
[07:19:47.265791] {Default Queue}  -> xdg_toplevel#8.destroy()
[07:19:47.265802] {Default Queue}  -> xdg_surface#7.destroy()
[07:19:47.265807] {Default Queue}  -> wl_surface#3.destroy()
[07:19:47.265810] {Default Queue}  -> xdg_wm_base#6.destroy()
{"event":"normalexit","sequence":31,"monotonicNs":66491908325960,"serial":6,"ackedSerial":6,"width":320,"height":180,"maximized":false,"fullscreen":false}
