	linux-vdso.so.1 (0x00007fed162d7000)
	libwebkit2gtk-4.1.so.0 => /usr/lib/libwebkit2gtk-4.1.so.0 (0x00007fed10800000)
	libsoup-3.0.so.0 => /usr/lib/libsoup-3.0.so.0 (0x00007fed161b1000)
	libjavascriptcoregtk-4.1.so.0 => /usr/lib/libjavascriptcoregtk-4.1.so.0 (0x00007fed0e200000)
	libgtk-layer-shell.so.0 => /usr/lib/libgtk-layer-shell.so.0 (0x00007fed16173000)
	libgtk-3.so.0 => /usr/lib/libgtk-3.so.0 (0x00007fed0da00000)
	libgdk-3.so.0 => /usr/lib/libgdk-3.so.0 (0x00007fed10713000)
	libpangocairo-1.0.so.0 => /usr/lib/libpangocairo-1.0.so.0 (0x00007fed1615f000)
	libcairo-gobject.so.2 => /usr/lib/libcairo-gobject.so.2 (0x00007fed16156000)
	libgdk_pixbuf-2.0.so.0 => /usr/lib/libgdk_pixbuf-2.0.so.0 (0x00007fed106d9000)
	libatk-1.0.so.0 => /usr/lib/libatk-1.0.so.0 (0x00007fed106b2000)
	libpango-1.0.so.0 => /usr/lib/libpango-1.0.so.0 (0x00007fed10643000)
	libcairo.so.2 => /usr/lib/libcairo.so.2 (0x00007fed0d8c3000)
	libharfbuzz.so.0 => /usr/lib/libharfbuzz.so.0 (0x00007fed0d784000)
	libjson-glib-1.0.so.0 => /usr/lib/libjson-glib-1.0.so.0 (0x00007fed10619000)
	libgio-2.0.so.0 => /usr/lib/libgio-2.0.so.0 (0x00007fed0d5a5000)
	libgobject-2.0.so.0 => /usr/lib/libgobject-2.0.so.0 (0x00007fed0e19d000)
	libgmodule-2.0.so.0 => /usr/lib/libgmodule-2.0.so.0 (0x00007fed1614b000)
	libglib-2.0.so.0 => /usr/lib/libglib-2.0.so.0 (0x00007fed0d442000)
	libz.so.1 => /usr/lib/libz.so.1 (0x00007fed0e182000)
	libstdc++.so.6 => /usr/lib/libstdc++.so.6 (0x00007fed0d000000)
	libm.so.6 => /usr/lib/libm.so.6 (0x00007fed0d30b000)
	libgcc_s.so.1 => /usr/lib/libgcc_s.so.1 (0x00007fed0e155000)
	libc.so.6 => /usr/lib/libc.so.6 (0x00007fed0cc00000)
	libepoxy.so.0 => /usr/lib/libepoxy.so.0 (0x00007fed0cef3000)
	libatomic.so.1 => /usr/lib/libatomic.so.1 (0x00007fed1060e000)
	libfreetype.so.6 => /usr/lib/libfreetype.so.6 (0x00007fed0ce23000)
	libfontconfig.so.1 => /usr/lib/libfontconfig.so.1 (0x00007fed0cb85000)
	libwebpmux.so.3 => /usr/lib/libwebpmux.so.3 (0x00007fed0e149000)
	libexpat.so.1 => /usr/lib/libexpat.so.1 (0x00007fed0e11b000)
	libicui18n.so.78 => /usr/lib/libicui18n.so.78 (0x00007fed0c600000)
	libsystemd.so.0 => /usr/lib/libsystemd.so.0 (0x00007fed0ca3d000)
	libjpeg.so.8 => /usr/lib/libjpeg.so.8 (0x00007fed0c995000)
	libpng16.so.16 => /usr/lib/libpng16.so.16 (0x00007fed0c5c3000)
	libicuuc.so.78 => /usr/lib/libicuuc.so.78 (0x00007fed0c200000)
	libxml2.so.16 => /usr/lib/libxml2.so.16 (0x00007fed0c47e000)
	libsqlite3.so.0 => /usr/lib/libsqlite3.so.0 (0x00007fed0c067000)
	libxslt.so.1 => /usr/lib/libxslt.so.1 (0x00007fed0c441000)
	liblcms2.so.2 => /usr/lib/liblcms2.so.2 (0x00007fed0bffb000)
	libgcrypt.so.20 => /usr/lib/libgcrypt.so.20 (0x00007fed0be4a000)
	libgstallocators-1.0.so.0 => /usr/lib/libgstallocators-1.0.so.0 (0x00007fed0e111000)
	libgstapp-1.0.so.0 => /usr/lib/libgstapp-1.0.so.0 (0x00007fed0d2f2000)
	libgstbase-1.0.so.0 => /usr/lib/libgstbase-1.0.so.0 (0x00007fed0bdc2000)
	libgstreamer-1.0.so.0 => /usr/lib/libgstreamer-1.0.so.0 (0x00007fed0bc4f000)
	libgstpbutils-1.0.so.0 => /usr/lib/libgstpbutils-1.0.so.0 (0x00007fed0bc0a000)
	libgstaudio-1.0.so.0 => /usr/lib/libgstaudio-1.0.so.0 (0x00007fed0bb80000)
	libgsttag-1.0.so.0 => /usr/lib/libgsttag-1.0.so.0 (0x00007fed0bb41000)
	libgstvideo-1.0.so.0 => /usr/lib/libgstvideo-1.0.so.0 (0x00007fed0ba62000)
	libgstgl-1.0.so.0 => /usr/lib/libgstgl-1.0.so.0 (0x00007fed0b9cc000)
	libgstfft-1.0.so.0 => /usr/lib/libgstfft-1.0.so.0 (0x00007fed0e102000)
	libwebpdemux.so.2 => /usr/lib/libwebpdemux.so.2 (0x00007fed0d2eb000)
	libwebp.so.7 => /usr/lib/libwebp.so.7 (0x00007fed0b945000)
	libjxl.so.0.12 => /usr/lib/libjxl.so.0.12 (0x00007fed0b400000)
	libavif.so.16 => /usr/lib/libavif.so.16 (0x00007fed0b8fd000)
	libharfbuzz-icu.so.0 => /usr/lib/libharfbuzz-icu.so.0 (0x00007fed0d2e6000)
	libX11.so.6 => /usr/lib/libX11.so.6 (0x00007fed0b2be000)
	libwayland-server.so.0 => /usr/lib/libwayland-server.so.0 (0x00007fed0c42c000)
	libwayland-client.so.0 => /usr/lib/libwayland-client.so.0 (0x00007fed0d2d6000)
	libmanette-0.2.so.0 => /usr/lib/libmanette-0.2.so.0 (0x00007fed0b8ab000)
	libseccomp.so.2 => /usr/lib/libseccomp.so.2 (0x00007fed0b87e000)
	libenchant-2.so.2 => /usr/lib/libenchant-2.so.2 (0x00007fed0c41a000)
	libgbm.so.1 => /usr/lib/libgbm.so.1 (0x00007fed0c98f000)
	libdrm.so.2 => /usr/lib/libdrm.so.2 (0x00007fed0b867000)
	libtasn1.so.6 => /usr/lib/libtasn1.so.6 (0x00007fed0b851000)
	libhyphen.so.0 => /usr/lib/libhyphen.so.0 (0x00007fed0c412000)
	libsecret-1.so.0 => /usr/lib/libsecret-1.so.0 (0x00007fed0b260000)
	/lib64/ld-linux-x86-64.so.2 => /usr/lib64/ld-linux-x86-64.so.2 (0x00007fed162d9000)
	libpsl.so.5 => /usr/lib/libpsl.so.5 (0x00007fed0b83d000)
	libbrotlidec.so.1 => /usr/lib/libbrotlidec.so.1 (0x00007fed0b251000)
	libgssapi_krb5.so.2 => /usr/lib/libgssapi_krb5.so.2 (0x00007fed0b1f9000)
	libnghttp2.so.14 => /usr/lib/libnghttp2.so.14 (0x00007fed0b1cf000)
	libpangoft2-1.0.so.0 => /usr/lib/libpangoft2-1.0.so.0 (0x00007fed0b1b0000)
	libfribidi.so.0 => /usr/lib/libfribidi.so.0 (0x00007fed0b190000)
	libXi.so.6 => /usr/lib/libXi.so.6 (0x00007fed0b17b000)
	libatk-bridge-2.0.so.0 => /usr/lib/libatk-bridge-2.0.so.0 (0x00007fed0b13f000)
	libcloudproviders.so.0 => /usr/lib/libcloudproviders.so.0 (0x00007fed0b127000)
	libtinysparql-3.0.so.0 => /usr/lib/libtinysparql-3.0.so.0 (0x00007fed0b053000)
	libXfixes.so.3 => /usr/lib/libXfixes.so.3 (0x00007fed0b04b000)
	libxkbcommon.so.0 => /usr/lib/libxkbcommon.so.0 (0x00007fed0afec000)
	libwayland-cursor.so.0 => /usr/lib/libwayland-cursor.so.0 (0x00007fed0afe3000)
	libwayland-egl.so.1 => /usr/lib/libwayland-egl.so.1 (0x00007fed0b838000)
	libXext.so.6 => /usr/lib/libXext.so.6 (0x00007fed0afcf000)
	libXcursor.so.1 => /usr/lib/libXcursor.so.1 (0x00007fed0afc2000)
	libXdamage.so.1 => /usr/lib/libXdamage.so.1 (0x00007fed0afbd000)
	libXcomposite.so.1 => /usr/lib/libXcomposite.so.1 (0x00007fed0afb8000)
	libXrandr.so.2 => /usr/lib/libXrandr.so.2 (0x00007fed0afab000)
	libXinerama.so.1 => /usr/lib/libXinerama.so.1 (0x00007fed0afa6000)
	libglycin-2.so.0 => /usr/lib/libglycin-2.so.0 (0x00007fed0aa00000)
	libthai.so.0 => /usr/lib/libthai.so.0 (0x00007fed0af99000)
	libXrender.so.1 => /usr/lib/libXrender.so.1 (0x00007fed0af8d000)
	libxcb.so.1 => /usr/lib/libxcb.so.1 (0x00007fed0af62000)
	libxcb-render.so.0 => /usr/lib/libxcb-render.so.0 (0x00007fed0af53000)
	libxcb-shm.so.0 => /usr/lib/libxcb-shm.so.0 (0x00007fed0af4c000)
	libpixman-1.so.0 => /usr/lib/libpixman-1.so.0 (0x00007fed0ae9d000)
	libgraphite2.so.3 => /usr/lib/libgraphite2.so.3 (0x00007fed0ae7a000)
	libmount.so.1 => /usr/lib/libmount.so.1 (0x00007fed0ae1d000)
	libffi.so.8 => /usr/lib/libffi.so.8 (0x00007fed0ae0f000)
	libpcre2-8.so.0 => /usr/lib/libpcre2-8.so.0 (0x00007fed0a94d000)
	libbz2.so.1.0 => /usr/lib/libbz2.so.1.0 (0x00007fed0a93a000)
	libicudata.so.78 => /usr/lib/libicudata.so.78 (0x00007fed08800000)
	libgpg-error.so.0 => /usr/lib/libgpg-error.so.0 (0x00007fed0a90d000)
	libunwind.so.8 => /usr/lib/libunwind.so.8 (0x00007fed0a8f1000)
	libdw.so.1 => /usr/lib/libdw.so.1 (0x00007fed0a84f000)
	liborc-0.4.so.0 => /usr/lib/liborc-0.4.so.0 (0x00007fed086ee000)
	libEGL.so.1 => /usr/lib/libEGL.so.1 (0x00007fed0a83d000)
	libGLX.so.0 => /usr/lib/libGLX.so.0 (0x00007fed0a80c000)
	libX11-xcb.so.1 => /usr/lib/libX11-xcb.so.1 (0x00007fed0ae04000)
	libgudev-1.0.so.0 => /usr/lib/libgudev-1.0.so.0 (0x00007fed0a800000)
	libsharpyuv.so.0 => /usr/lib/libsharpyuv.so.0 (0x00007fed0a7f7000)
	libjxl_cms.so.0.12 => /usr/lib/libjxl_cms.so.0.12 (0x00007fed0a7ce000)
	libhwy.so.1 => /usr/lib/libhwy.so.1 (0x00007fed0a7bf000)
	libbrotlienc.so.1 => /usr/lib/libbrotlienc.so.1 (0x00007fed0862e000)
	libyuv.so => /usr/lib/libyuv.so (0x00007fed08587000)
	libdav1d.so.7 => /usr/lib/libdav1d.so.7 (0x00007fed083a6000)
	librav1e.so.0.8 => /usr/lib/librav1e.so.0.8 (0x00007fed08000000)
	libSvtAv1Enc.so.4 => /usr/lib/libSvtAv1Enc.so.4 (0x00007fecffa00000)
	libaom.so.3 => /usr/lib/libaom.so.3 (0x00007fecff000000)
	libhidapi-hidraw.so.0 => /usr/lib/libhidapi-hidraw.so.0 (0x00007fed0a7b7000)
	libevdev.so.2 => /usr/lib/libevdev.so.2 (0x00007fed0a7a1000)
	libtss2-esys.so.0 => /usr/lib/libtss2-esys.so.0 (0x00007fed07f6e000)
	libtss2-mu.so.0 => /usr/lib/libtss2-mu.so.0 (0x00007fed0835c000)
	libtss2-rc.so.0 => /usr/lib/libtss2-rc.so.0 (0x00007fed0a798000)
	libtss2-tctildr.so.0 => /usr/lib/libtss2-tctildr.so.0 (0x00007fed08354000)
	libunistring.so.5 => /usr/lib/libunistring.so.5 (0x00007fecfee19000)
	libidn2.so.0 => /usr/lib/libidn2.so.0 (0x00007fed08332000)
	libbrotlicommon.so.1 => /usr/lib/libbrotlicommon.so.1 (0x00007fecff9dd000)
	libkrb5.so.3 => /usr/lib/libkrb5.so.3 (0x00007fecff90e000)
	libk5crypto.so.3 => /usr/lib/libk5crypto.so.3 (0x00007fecff8e0000)
	libcom_err.so.2 => /usr/lib/libcom_err.so.2 (0x00007fed0832c000)
	libkrb5support.so.0 => /usr/lib/libkrb5support.so.0 (0x00007fecfee0a000)
	libkeyutils.so.1 => /usr/lib/libkeyutils.so.1 (0x00007fed08325000)
	libresolv.so.2 => /usr/lib/libresolv.so.2 (0x00007fecfedf7000)
	libatspi.so.0 => /usr/lib/libatspi.so.0 (0x00007fecfedb9000)
	libdbus-1.so.3 => /usr/lib/libdbus-1.so.3 (0x00007fecfed66000)
	libdatrie.so.1 => /usr/lib/libdatrie.so.1 (0x00007fecfed5d000)
	libXau.so.6 => /usr/lib/libXau.so.6 (0x00007fecfed58000)
	libXdmcp.so.6 => /usr/lib/libXdmcp.so.6 (0x00007fecfed50000)
	libblkid.so.1 => /usr/lib/libblkid.so.1 (0x00007fecfed0e000)
	liblzma.so.5 => /usr/lib/liblzma.so.5 (0x00007fecfecd9000)
	libelf.so.1 => /usr/lib/libelf.so.1 (0x00007fecfecbb000)
	libzstd.so.1 => /usr/lib/libzstd.so.1 (0x00007fecfebd5000)
	libGLdispatch.so.0 => /usr/lib/libGLdispatch.so.0 (0x00007fecfeb5c000)
	libudev.so.1 => /usr/lib/libudev.so.1 (0x00007fecfeb0a000)
	libcrypto.so.3 => /usr/lib/libcrypto.so.3 (0x00007fecfe400000)
	libtss2-sys.so.1 => /usr/lib/libtss2-sys.so.1 (0x00007fecfeae8000)
