	linux-vdso.so.1 (0x00007f4ac2d3a000)
	libwebkit2gtk-4.1.so.0 => /usr/lib/libwebkit2gtk-4.1.so.0 (0x00007f4abd200000)
	libsoup-3.0.so.0 => /usr/lib/libsoup-3.0.so.0 (0x00007f4ac2c0f000)
	libjavascriptcoregtk-4.1.so.0 => /usr/lib/libjavascriptcoregtk-4.1.so.0 (0x00007f4abac00000)
	libgtk-layer-shell.so.0 => /usr/lib/libgtk-layer-shell.so.0 (0x00007f4ac2bd1000)
	libgtk-3.so.0 => /usr/lib/libgtk-3.so.0 (0x00007f4aba400000)
	libgdk-3.so.0 => /usr/lib/libgdk-3.so.0 (0x00007f4abd113000)
	libpangocairo-1.0.so.0 => /usr/lib/libpangocairo-1.0.so.0 (0x00007f4ac2bbd000)
	libcairo-gobject.so.2 => /usr/lib/libcairo-gobject.so.2 (0x00007f4ac2bb4000)
	libgdk_pixbuf-2.0.so.0 => /usr/lib/libgdk_pixbuf-2.0.so.0 (0x00007f4ac2b7a000)
	libatk-1.0.so.0 => /usr/lib/libatk-1.0.so.0 (0x00007f4ac2b53000)
	libpango-1.0.so.0 => /usr/lib/libpango-1.0.so.0 (0x00007f4abd0a4000)
	libcairo.so.2 => /usr/lib/libcairo.so.2 (0x00007f4aba2c3000)
	libharfbuzz.so.0 => /usr/lib/libharfbuzz.so.0 (0x00007f4aba184000)
	libjson-glib-1.0.so.0 => /usr/lib/libjson-glib-1.0.so.0 (0x00007f4abd07a000)
	libgio-2.0.so.0 => /usr/lib/libgio-2.0.so.0 (0x00007f4ab9fa5000)
	libgobject-2.0.so.0 => /usr/lib/libgobject-2.0.so.0 (0x00007f4abd017000)
	libgmodule-2.0.so.0 => /usr/lib/libgmodule-2.0.so.0 (0x00007f4ac2b48000)
	libglib-2.0.so.0 => /usr/lib/libglib-2.0.so.0 (0x00007f4ab9e42000)
	libz.so.1 => /usr/lib/libz.so.1 (0x00007f4ababe5000)
	libstdc++.so.6 => /usr/lib/libstdc++.so.6 (0x00007f4ab9a00000)
	libm.so.6 => /usr/lib/libm.so.6 (0x00007f4ab9d0b000)
	libgcc_s.so.1 => /usr/lib/libgcc_s.so.1 (0x00007f4ababb8000)
	libc.so.6 => /usr/lib/libc.so.6 (0x00007f4ab9600000)
	libepoxy.so.0 => /usr/lib/libepoxy.so.0 (0x00007f4ab98f3000)
	libatomic.so.1 => /usr/lib/libatomic.so.1 (0x00007f4ababad000)
	libfreetype.so.6 => /usr/lib/libfreetype.so.6 (0x00007f4ab9823000)
	libfontconfig.so.1 => /usr/lib/libfontconfig.so.1 (0x00007f4abab32000)
	libwebpmux.so.3 => /usr/lib/libwebpmux.so.3 (0x00007f4abab26000)
	libexpat.so.1 => /usr/lib/libexpat.so.1 (0x00007f4ab9cdd000)
	libicui18n.so.78 => /usr/lib/libicui18n.so.78 (0x00007f4ab9200000)
	libsystemd.so.0 => /usr/lib/libsystemd.so.0 (0x00007f4ab90b8000)
	libjpeg.so.8 => /usr/lib/libjpeg.so.8 (0x00007f4ab9010000)
	libpng16.so.16 => /usr/lib/libpng16.so.16 (0x00007f4ab95c3000)
	libicuuc.so.78 => /usr/lib/libicuuc.so.78 (0x00007f4ab8e00000)
	libxml2.so.16 => /usr/lib/libxml2.so.16 (0x00007f4ab8cbb000)
	libsqlite3.so.0 => /usr/lib/libsqlite3.so.0 (0x00007f4ab8b22000)
	libxslt.so.1 => /usr/lib/libxslt.so.1 (0x00007f4ab8ae5000)
	liblcms2.so.2 => /usr/lib/liblcms2.so.2 (0x00007f4ab8a79000)
	libgcrypt.so.20 => /usr/lib/libgcrypt.so.20 (0x00007f4ab88c8000)
	libgstallocators-1.0.so.0 => /usr/lib/libgstallocators-1.0.so.0 (0x00007f4abab1c000)
	libgstapp-1.0.so.0 => /usr/lib/libgstapp-1.0.so.0 (0x00007f4abab03000)
	libgstbase-1.0.so.0 => /usr/lib/libgstbase-1.0.so.0 (0x00007f4ab8840000)
	libgstreamer-1.0.so.0 => /usr/lib/libgstreamer-1.0.so.0 (0x00007f4ab86cd000)
	libgstpbutils-1.0.so.0 => /usr/lib/libgstpbutils-1.0.so.0 (0x00007f4ab8688000)
	libgstaudio-1.0.so.0 => /usr/lib/libgstaudio-1.0.so.0 (0x00007f4ab85fe000)
	libgsttag-1.0.so.0 => /usr/lib/libgsttag-1.0.so.0 (0x00007f4ab85bf000)
	libgstvideo-1.0.so.0 => /usr/lib/libgstvideo-1.0.so.0 (0x00007f4ab84e0000)
	libgstgl-1.0.so.0 => /usr/lib/libgstgl-1.0.so.0 (0x00007f4ab844a000)
	libgstfft-1.0.so.0 => /usr/lib/libgstfft-1.0.so.0 (0x00007f4ab95b8000)
	libwebpdemux.so.2 => /usr/lib/libwebpdemux.so.2 (0x00007f4ab9cd6000)
	libwebp.so.7 => /usr/lib/libwebp.so.7 (0x00007f4ab83c3000)
	libjxl.so.0.12 => /usr/lib/libjxl.so.0.12 (0x00007f4ab7e00000)
	libavif.so.16 => /usr/lib/libavif.so.16 (0x00007f4ab837b000)
	libharfbuzz-icu.so.0 => /usr/lib/libharfbuzz-icu.so.0 (0x00007f4abaafe000)
	libX11.so.6 => /usr/lib/libX11.so.6 (0x00007f4ab8239000)
	libwayland-server.so.0 => /usr/lib/libwayland-server.so.0 (0x00007f4ab95a3000)
	libwayland-client.so.0 => /usr/lib/libwayland-client.so.0 (0x00007f4ab9593000)
	libmanette-0.2.so.0 => /usr/lib/libmanette-0.2.so.0 (0x00007f4ab7dae000)
	libseccomp.so.2 => /usr/lib/libseccomp.so.2 (0x00007f4ab7d81000)
	libenchant-2.so.2 => /usr/lib/libenchant-2.so.2 (0x00007f4ab7d6f000)
	libgbm.so.1 => /usr/lib/libgbm.so.1 (0x00007f4ab7d69000)
	libdrm.so.2 => /usr/lib/libdrm.so.2 (0x00007f4ab7d52000)
	libtasn1.so.6 => /usr/lib/libtasn1.so.6 (0x00007f4ab7d3c000)
	libhyphen.so.0 => /usr/lib/libhyphen.so.0 (0x00007f4ab7d34000)
	libsecret-1.so.0 => /usr/lib/libsecret-1.so.0 (0x00007f4ab7cd6000)
	/lib64/ld-linux-x86-64.so.2 => /usr/lib64/ld-linux-x86-64.so.2 (0x00007f4ac2d3c000)
	libpsl.so.5 => /usr/lib/libpsl.so.5 (0x00007f4ab7cc2000)
	libbrotlidec.so.1 => /usr/lib/libbrotlidec.so.1 (0x00007f4ab7cb3000)
	libgssapi_krb5.so.2 => /usr/lib/libgssapi_krb5.so.2 (0x00007f4ab7c5b000)
	libnghttp2.so.14 => /usr/lib/libnghttp2.so.14 (0x00007f4ab7c31000)
	libpangoft2-1.0.so.0 => /usr/lib/libpangoft2-1.0.so.0 (0x00007f4ab7c12000)
	libfribidi.so.0 => /usr/lib/libfribidi.so.0 (0x00007f4ab7bf2000)
	libXi.so.6 => /usr/lib/libXi.so.6 (0x00007f4ab7bdd000)
	libatk-bridge-2.0.so.0 => /usr/lib/libatk-bridge-2.0.so.0 (0x00007f4ab7ba1000)
	libcloudproviders.so.0 => /usr/lib/libcloudproviders.so.0 (0x00007f4ab7b89000)
	libtinysparql-3.0.so.0 => /usr/lib/libtinysparql-3.0.so.0 (0x00007f4ab7ab5000)
	libXfixes.so.3 => /usr/lib/libXfixes.so.3 (0x00007f4ab7aad000)
	libxkbcommon.so.0 => /usr/lib/libxkbcommon.so.0 (0x00007f4ab7a4e000)
	libwayland-cursor.so.0 => /usr/lib/libwayland-cursor.so.0 (0x00007f4ab7a45000)
	libwayland-egl.so.1 => /usr/lib/libwayland-egl.so.1 (0x00007f4ab7a40000)
	libXext.so.6 => /usr/lib/libXext.so.6 (0x00007f4ab7a2c000)
	libXcursor.so.1 => /usr/lib/libXcursor.so.1 (0x00007f4ab7a1f000)
	libXdamage.so.1 => /usr/lib/libXdamage.so.1 (0x00007f4ab7a1a000)
	libXcomposite.so.1 => /usr/lib/libXcomposite.so.1 (0x00007f4ab7a15000)
	libXrandr.so.2 => /usr/lib/libXrandr.so.2 (0x00007f4ab7a08000)
	libXinerama.so.1 => /usr/lib/libXinerama.so.1 (0x00007f4ab7a03000)
	libglycin-2.so.0 => /usr/lib/libglycin-2.so.0 (0x00007f4ab7600000)
	libthai.so.0 => /usr/lib/libthai.so.0 (0x00007f4ab75f5000)
	libXrender.so.1 => /usr/lib/libXrender.so.1 (0x00007f4ab75e9000)
	libxcb.so.1 => /usr/lib/libxcb.so.1 (0x00007f4ab75be000)
	libxcb-render.so.0 => /usr/lib/libxcb-render.so.0 (0x00007f4ab75af000)
	libxcb-shm.so.0 => /usr/lib/libxcb-shm.so.0 (0x00007f4ab75aa000)
	libpixman-1.so.0 => /usr/lib/libpixman-1.so.0 (0x00007f4ab74fb000)
	libgraphite2.so.3 => /usr/lib/libgraphite2.so.3 (0x00007f4ab74d8000)
	libmount.so.1 => /usr/lib/libmount.so.1 (0x00007f4ab747b000)
	libffi.so.8 => /usr/lib/libffi.so.8 (0x00007f4ab746d000)
	libpcre2-8.so.0 => /usr/lib/libpcre2-8.so.0 (0x00007f4ab73ba000)
	libbz2.so.1.0 => /usr/lib/libbz2.so.1.0 (0x00007f4ab73a7000)
	libicudata.so.78 => /usr/lib/libicudata.so.78 (0x00007f4ab5400000)
	libgpg-error.so.0 => /usr/lib/libgpg-error.so.0 (0x00007f4ab53d3000)
	libunwind.so.8 => /usr/lib/libunwind.so.8 (0x00007f4ab53b7000)
	libdw.so.1 => /usr/lib/libdw.so.1 (0x00007f4ab5315000)
	liborc-0.4.so.0 => /usr/lib/liborc-0.4.so.0 (0x00007f4ab5203000)
	libEGL.so.1 => /usr/lib/libEGL.so.1 (0x00007f4ab51f1000)
	libGLX.so.0 => /usr/lib/libGLX.so.0 (0x00007f4ab51c0000)
	libX11-xcb.so.1 => /usr/lib/libX11-xcb.so.1 (0x00007f4ab739e000)
	libgudev-1.0.so.0 => /usr/lib/libgudev-1.0.so.0 (0x00007f4ab51b4000)
	libsharpyuv.so.0 => /usr/lib/libsharpyuv.so.0 (0x00007f4ab7395000)
	libjxl_cms.so.0.12 => /usr/lib/libjxl_cms.so.0.12 (0x00007f4ab518b000)
	libhwy.so.1 => /usr/lib/libhwy.so.1 (0x00007f4ab517c000)
	libbrotlienc.so.1 => /usr/lib/libbrotlienc.so.1 (0x00007f4ab50ba000)
	libyuv.so => /usr/lib/libyuv.so (0x00007f4ab5013000)
	libdav1d.so.7 => /usr/lib/libdav1d.so.7 (0x00007f4ab4e32000)
	librav1e.so.0.8 => /usr/lib/librav1e.so.0.8 (0x00007f4ab4a00000)
	libSvtAv1Enc.so.4 => /usr/lib/libSvtAv1Enc.so.4 (0x00007f4aac400000)
	libaom.so.3 => /usr/lib/libaom.so.3 (0x00007f4aaba00000)
	libhidapi-hidraw.so.0 => /usr/lib/libhidapi-hidraw.so.0 (0x00007f4ab4e28000)
	libevdev.so.2 => /usr/lib/libevdev.so.2 (0x00007f4ab4e12000)
	libtss2-esys.so.0 => /usr/lib/libtss2-esys.so.0 (0x00007f4ab4d80000)
	libtss2-mu.so.0 => /usr/lib/libtss2-mu.so.0 (0x00007f4ab4d36000)
	libtss2-rc.so.0 => /usr/lib/libtss2-rc.so.0 (0x00007f4ab4d2d000)
	libtss2-tctildr.so.0 => /usr/lib/libtss2-tctildr.so.0 (0x00007f4ab49f8000)
	libunistring.so.5 => /usr/lib/libunistring.so.5 (0x00007f4aab819000)
	libidn2.so.0 => /usr/lib/libidn2.so.0 (0x00007f4ab49d6000)
	libbrotlicommon.so.1 => /usr/lib/libbrotlicommon.so.1 (0x00007f4ab49b3000)
	libkrb5.so.3 => /usr/lib/libkrb5.so.3 (0x00007f4aac331000)
	libk5crypto.so.3 => /usr/lib/libk5crypto.so.3 (0x00007f4ab4985000)
	libcom_err.so.2 => /usr/lib/libcom_err.so.2 (0x00007f4ab497f000)
	libkrb5support.so.0 => /usr/lib/libkrb5support.so.0 (0x00007f4ab4970000)
	libkeyutils.so.1 => /usr/lib/libkeyutils.so.1 (0x00007f4aac32a000)
	libresolv.so.2 => /usr/lib/libresolv.so.2 (0x00007f4aac317000)
	libatspi.so.0 => /usr/lib/libatspi.so.0 (0x00007f4aab7dd000)
	libdbus-1.so.3 => /usr/lib/libdbus-1.so.3 (0x00007f4aab78a000)
	libdatrie.so.1 => /usr/lib/libdatrie.so.1 (0x00007f4aac30e000)
	libXau.so.6 => /usr/lib/libXau.so.6 (0x00007f4aac309000)
	libXdmcp.so.6 => /usr/lib/libXdmcp.so.6 (0x00007f4aac301000)
	libblkid.so.1 => /usr/lib/libblkid.so.1 (0x00007f4aab74a000)
	liblzma.so.5 => /usr/lib/liblzma.so.5 (0x00007f4aab715000)
	libelf.so.1 => /usr/lib/libelf.so.1 (0x00007f4aac2e3000)
	libzstd.so.1 => /usr/lib/libzstd.so.1 (0x00007f4aab62f000)
	libGLdispatch.so.0 => /usr/lib/libGLdispatch.so.0 (0x00007f4aab5b6000)
	libudev.so.1 => /usr/lib/libudev.so.1 (0x00007f4aab566000)
	libcrypto.so.3 => /usr/lib/libcrypto.so.3 (0x00007f4aaae00000)
	libtss2-sys.so.1 => /usr/lib/libtss2-sys.so.1 (0x00007f4aab544000)
