	linux-vdso.so.1 (0x00007f9c57309000)
	libwebkit2gtk-4.1.so.0 => /usr/lib/libwebkit2gtk-4.1.so.0 (0x00007f9c51800000)
	libsoup-3.0.so.0 => /usr/lib/libsoup-3.0.so.0 (0x00007f9c57224000)
	libjavascriptcoregtk-4.1.so.0 => /usr/lib/libjavascriptcoregtk-4.1.so.0 (0x00007f9c4f200000)
	libgtk-layer-shell.so.0 => /usr/lib/libgtk-layer-shell.so.0 (0x00007f9c571e6000)
	libgtk-3.so.0 => /usr/lib/libgtk-3.so.0 (0x00007f9c4ea00000)
	libgdk-3.so.0 => /usr/lib/libgdk-3.so.0 (0x00007f9c51713000)
	libpangocairo-1.0.so.0 => /usr/lib/libpangocairo-1.0.so.0 (0x00007f9c571d2000)
	libcairo-gobject.so.2 => /usr/lib/libcairo-gobject.so.2 (0x00007f9c571c9000)
	libgdk_pixbuf-2.0.so.0 => /usr/lib/libgdk_pixbuf-2.0.so.0 (0x00007f9c5718f000)
	libatk-1.0.so.0 => /usr/lib/libatk-1.0.so.0 (0x00007f9c57168000)
	libpango-1.0.so.0 => /usr/lib/libpango-1.0.so.0 (0x00007f9c516a4000)
	libcairo.so.2 => /usr/lib/libcairo.so.2 (0x00007f9c4e8c3000)
	libharfbuzz.so.0 => /usr/lib/libharfbuzz.so.0 (0x00007f9c4e784000)
	libjson-glib-1.0.so.0 => /usr/lib/libjson-glib-1.0.so.0 (0x00007f9c5167a000)
	libgio-2.0.so.0 => /usr/lib/libgio-2.0.so.0 (0x00007f9c4e5a5000)
	libgobject-2.0.so.0 => /usr/lib/libgobject-2.0.so.0 (0x00007f9c51617000)
	libgmodule-2.0.so.0 => /usr/lib/libgmodule-2.0.so.0 (0x00007f9c5715d000)
	libglib-2.0.so.0 => /usr/lib/libglib-2.0.so.0 (0x00007f9c4e442000)
	libz.so.1 => /usr/lib/libz.so.1 (0x00007f9c4f1e5000)
	libc.so.6 => /usr/lib/libc.so.6 (0x00007f9c4e200000)
	libepoxy.so.0 => /usr/lib/libepoxy.so.0 (0x00007f9c4e0f3000)
	libatomic.so.1 => /usr/lib/libatomic.so.1 (0x00007f9c57152000)
	libfreetype.so.6 => /usr/lib/libfreetype.so.6 (0x00007f9c4f115000)
	libfontconfig.so.1 => /usr/lib/libfontconfig.so.1 (0x00007f9c4e078000)
	libwebpmux.so.3 => /usr/lib/libwebpmux.so.3 (0x00007f9c4f109000)
	libexpat.so.1 => /usr/lib/libexpat.so.1 (0x00007f9c4e04a000)
	libicui18n.so.78 => /usr/lib/libicui18n.so.78 (0x00007f9c4dc00000)
	libsystemd.so.0 => /usr/lib/libsystemd.so.0 (0x00007f9c4dab8000)
	libjpeg.so.8 => /usr/lib/libjpeg.so.8 (0x00007f9c4dfa2000)
	libpng16.so.16 => /usr/lib/libpng16.so.16 (0x00007f9c4da7b000)
	libicuuc.so.78 => /usr/lib/libicuuc.so.78 (0x00007f9c4d800000)
	libxml2.so.16 => /usr/lib/libxml2.so.16 (0x00007f9c4d6bb000)
	libsqlite3.so.0 => /usr/lib/libsqlite3.so.0 (0x00007f9c4d522000)
	libxslt.so.1 => /usr/lib/libxslt.so.1 (0x00007f9c4da3e000)
	liblcms2.so.2 => /usr/lib/liblcms2.so.2 (0x00007f9c4d4b6000)
	libgcrypt.so.20 => /usr/lib/libgcrypt.so.20 (0x00007f9c4d305000)
	libgstallocators-1.0.so.0 => /usr/lib/libgstallocators-1.0.so.0 (0x00007f9c5160d000)
	libgstapp-1.0.so.0 => /usr/lib/libgstapp-1.0.so.0 (0x00007f9c4e429000)
	libgstbase-1.0.so.0 => /usr/lib/libgstbase-1.0.so.0 (0x00007f9c4d27d000)
	libgstreamer-1.0.so.0 => /usr/lib/libgstreamer-1.0.so.0 (0x00007f9c4d10a000)
	libgstpbutils-1.0.so.0 => /usr/lib/libgstpbutils-1.0.so.0 (0x00007f9c4d0c5000)
	libgstaudio-1.0.so.0 => /usr/lib/libgstaudio-1.0.so.0 (0x00007f9c4d03b000)
	libgsttag-1.0.so.0 => /usr/lib/libgsttag-1.0.so.0 (0x00007f9c4cffc000)
	libgstvideo-1.0.so.0 => /usr/lib/libgstvideo-1.0.so.0 (0x00007f9c4cf1d000)
	libgstgl-1.0.so.0 => /usr/lib/libgstgl-1.0.so.0 (0x00007f9c4ce87000)
	libgstfft-1.0.so.0 => /usr/lib/libgstfft-1.0.so.0 (0x00007f9c4f0fe000)
	libwebpdemux.so.2 => /usr/lib/libwebpdemux.so.2 (0x00007f9c4df9b000)
	libwebp.so.7 => /usr/lib/libwebp.so.7 (0x00007f9c4ce00000)
	libjxl.so.0.12 => /usr/lib/libjxl.so.0.12 (0x00007f9c4c800000)
	libavif.so.16 => /usr/lib/libavif.so.16 (0x00007f9c4cdb8000)
	libharfbuzz-icu.so.0 => /usr/lib/libharfbuzz-icu.so.0 (0x00007f9c4e424000)
	libX11.so.6 => /usr/lib/libX11.so.6 (0x00007f9c4cc76000)
	libwayland-server.so.0 => /usr/lib/libwayland-server.so.0 (0x00007f9c4da29000)
	libwayland-client.so.0 => /usr/lib/libwayland-client.so.0 (0x00007f9c4da19000)
	libm.so.6 => /usr/lib/libm.so.6 (0x00007f9c4c6c9000)
	libmanette-0.2.so.0 => /usr/lib/libmanette-0.2.so.0 (0x00007f9c4c677000)
	libseccomp.so.2 => /usr/lib/libseccomp.so.2 (0x00007f9c4cc49000)
	libenchant-2.so.2 => /usr/lib/libenchant-2.so.2 (0x00007f9c4cc37000)
	libgbm.so.1 => /usr/lib/libgbm.so.1 (0x00007f9c4df93000)
	libdrm.so.2 => /usr/lib/libdrm.so.2 (0x00007f9c4c660000)
	libtasn1.so.6 => /usr/lib/libtasn1.so.6 (0x00007f9c4c64a000)
	libhyphen.so.0 => /usr/lib/libhyphen.so.0 (0x00007f9c4da11000)
	libsecret-1.so.0 => /usr/lib/libsecret-1.so.0 (0x00007f9c4c5ec000)
	libstdc++.so.6 => /usr/lib/libstdc++.so.6 (0x00007f9c4c200000)
	libgcc_s.so.1 => /usr/lib/libgcc_s.so.1 (0x00007f9c4c5bf000)
	/lib64/ld-linux-x86-64.so.2 => /usr/lib64/ld-linux-x86-64.so.2 (0x00007f9c5730b000)
	libpsl.so.5 => /usr/lib/libpsl.so.5 (0x00007f9c4c5ab000)
	libbrotlidec.so.1 => /usr/lib/libbrotlidec.so.1 (0x00007f9c4c59c000)
	libgssapi_krb5.so.2 => /usr/lib/libgssapi_krb5.so.2 (0x00007f9c4c544000)
	libnghttp2.so.14 => /usr/lib/libnghttp2.so.14 (0x00007f9c4c51a000)
	libpangoft2-1.0.so.0 => /usr/lib/libpangoft2-1.0.so.0 (0x00007f9c4c4fb000)
	libfribidi.so.0 => /usr/lib/libfribidi.so.0 (0x00007f9c4c4db000)
	libXi.so.6 => /usr/lib/libXi.so.6 (0x00007f9c4c1eb000)
	libatk-bridge-2.0.so.0 => /usr/lib/libatk-bridge-2.0.so.0 (0x00007f9c4c1af000)
	libcloudproviders.so.0 => /usr/lib/libcloudproviders.so.0 (0x00007f9c4c197000)
	libtinysparql-3.0.so.0 => /usr/lib/libtinysparql-3.0.so.0 (0x00007f9c4c0c3000)
	libXfixes.so.3 => /usr/lib/libXfixes.so.3 (0x00007f9c4c4d3000)
	libxkbcommon.so.0 => /usr/lib/libxkbcommon.so.0 (0x00007f9c4c064000)
	libwayland-cursor.so.0 => /usr/lib/libwayland-cursor.so.0 (0x00007f9c4c05b000)
	libwayland-egl.so.1 => /usr/lib/libwayland-egl.so.1 (0x00007f9c4c056000)
	libXext.so.6 => /usr/lib/libXext.so.6 (0x00007f9c4c042000)
	libXcursor.so.1 => /usr/lib/libXcursor.so.1 (0x00007f9c4c033000)
	libXdamage.so.1 => /usr/lib/libXdamage.so.1 (0x00007f9c4c02e000)
	libXcomposite.so.1 => /usr/lib/libXcomposite.so.1 (0x00007f9c4c029000)
	libXrandr.so.2 => /usr/lib/libXrandr.so.2 (0x00007f9c4c01c000)
	libXinerama.so.1 => /usr/lib/libXinerama.so.1 (0x00007f9c4c017000)
	libglycin-2.so.0 => /usr/lib/libglycin-2.so.0 (0x00007f9c4bc00000)
	libthai.so.0 => /usr/lib/libthai.so.0 (0x00007f9c4c00a000)
	libXrender.so.1 => /usr/lib/libXrender.so.1 (0x00007f9c4bffe000)
	libxcb.so.1 => /usr/lib/libxcb.so.1 (0x00007f9c4bbd5000)
	libxcb-render.so.0 => /usr/lib/libxcb-render.so.0 (0x00007f9c4bbc6000)
	libxcb-shm.so.0 => /usr/lib/libxcb-shm.so.0 (0x00007f9c4bbbf000)
	libpixman-1.so.0 => /usr/lib/libpixman-1.so.0 (0x00007f9c4bb10000)
	libgraphite2.so.3 => /usr/lib/libgraphite2.so.3 (0x00007f9c4baed000)
	libmount.so.1 => /usr/lib/libmount.so.1 (0x00007f9c4ba90000)
	libffi.so.8 => /usr/lib/libffi.so.8 (0x00007f9c4ba82000)
	libpcre2-8.so.0 => /usr/lib/libpcre2-8.so.0 (0x00007f9c4b9cd000)
	libbz2.so.1.0 => /usr/lib/libbz2.so.1.0 (0x00007f9c4b9ba000)
	libicudata.so.78 => /usr/lib/libicudata.so.78 (0x00007f9c49a00000)
	libgpg-error.so.0 => /usr/lib/libgpg-error.so.0 (0x00007f9c499d3000)
	libunwind.so.8 => /usr/lib/libunwind.so.8 (0x00007f9c4b99c000)
	libdw.so.1 => /usr/lib/libdw.so.1 (0x00007f9c49931000)
	liborc-0.4.so.0 => /usr/lib/liborc-0.4.so.0 (0x00007f9c4981f000)
	libEGL.so.1 => /usr/lib/libEGL.so.1 (0x00007f9c4980d000)
	libGLX.so.0 => /usr/lib/libGLX.so.0 (0x00007f9c497dc000)
	libX11-xcb.so.1 => /usr/lib/libX11-xcb.so.1 (0x00007f9c4b995000)
	libgudev-1.0.so.0 => /usr/lib/libgudev-1.0.so.0 (0x00007f9c497d0000)
	libsharpyuv.so.0 => /usr/lib/libsharpyuv.so.0 (0x00007f9c497c7000)
	libjxl_cms.so.0.12 => /usr/lib/libjxl_cms.so.0.12 (0x00007f9c4979e000)
	libhwy.so.1 => /usr/lib/libhwy.so.1 (0x00007f9c4978f000)
	libbrotlienc.so.1 => /usr/lib/libbrotlienc.so.1 (0x00007f9c496cd000)
	libyuv.so => /usr/lib/libyuv.so (0x00007f9c49626000)
	libdav1d.so.7 => /usr/lib/libdav1d.so.7 (0x00007f9c49445000)
	librav1e.so.0.8 => /usr/lib/librav1e.so.0.8 (0x00007f9c49000000)
	libSvtAv1Enc.so.4 => /usr/lib/libSvtAv1Enc.so.4 (0x00007f9c40a00000)
	libaom.so.3 => /usr/lib/libaom.so.3 (0x00007f9c40000000)
	libhidapi-hidraw.so.0 => /usr/lib/libhidapi-hidraw.so.0 (0x00007f9c4943b000)
	libevdev.so.2 => /usr/lib/libevdev.so.2 (0x00007f9c49425000)
	libtss2-esys.so.0 => /usr/lib/libtss2-esys.so.0 (0x00007f9c49393000)
	libtss2-mu.so.0 => /usr/lib/libtss2-mu.so.0 (0x00007f9c49349000)
	libtss2-rc.so.0 => /usr/lib/libtss2-rc.so.0 (0x00007f9c49340000)
	libtss2-tctildr.so.0 => /usr/lib/libtss2-tctildr.so.0 (0x00007f9c49336000)
	libunistring.so.5 => /usr/lib/libunistring.so.5 (0x00007f9c3fe19000)
	libidn2.so.0 => /usr/lib/libidn2.so.0 (0x00007f9c48fde000)
	libbrotlicommon.so.1 => /usr/lib/libbrotlicommon.so.1 (0x00007f9c48fbb000)
	libkrb5.so.3 => /usr/lib/libkrb5.so.3 (0x00007f9c40931000)
	libk5crypto.so.3 => /usr/lib/libk5crypto.so.3 (0x00007f9c48f8d000)
	libcom_err.so.2 => /usr/lib/libcom_err.so.2 (0x00007f9c4932e000)
	libkrb5support.so.0 => /usr/lib/libkrb5support.so.0 (0x00007f9c48f7e000)
	libkeyutils.so.1 => /usr/lib/libkeyutils.so.1 (0x00007f9c49327000)
	libresolv.so.2 => /usr/lib/libresolv.so.2 (0x00007f9c4091e000)
	libatspi.so.0 => /usr/lib/libatspi.so.0 (0x00007f9c408e2000)
	libdbus-1.so.3 => /usr/lib/libdbus-1.so.3 (0x00007f9c3fdc6000)
	libdatrie.so.1 => /usr/lib/libdatrie.so.1 (0x00007f9c48f75000)
	libXau.so.6 => /usr/lib/libXau.so.6 (0x00007f9c48f70000)
	libXdmcp.so.6 => /usr/lib/libXdmcp.so.6 (0x00007f9c3fdbe000)
	libblkid.so.1 => /usr/lib/libblkid.so.1 (0x00007f9c3fd7e000)
	liblzma.so.5 => /usr/lib/liblzma.so.5 (0x00007f9c3fd49000)
	libelf.so.1 => /usr/lib/libelf.so.1 (0x00007f9c3fd2b000)
	libzstd.so.1 => /usr/lib/libzstd.so.1 (0x00007f9c3fc45000)
	libGLdispatch.so.0 => /usr/lib/libGLdispatch.so.0 (0x00007f9c3fbcc000)
	libudev.so.1 => /usr/lib/libudev.so.1 (0x00007f9c3fb7c000)
	libcrypto.so.3 => /usr/lib/libcrypto.so.3 (0x00007f9c3f400000)
	libtss2-sys.so.1 => /usr/lib/libtss2-sys.so.1 (0x00007f9c3fb5a000)
