	linux-vdso.so.1 (0x00007fde139aa000)
	libxcb-icccm.so.4 => /usr/lib/libxcb-icccm.so.4 (0x00007fde13975000)
	libxcb-composite.so.0 => /usr/lib/libxcb-composite.so.0 (0x00007fde13970000)
	libxcb-xfixes.so.0 => /usr/lib/libxcb-xfixes.so.0 (0x00007fde13967000)
	libxcb-render.so.0 => /usr/lib/libxcb-render.so.0 (0x00007fde13958000)
	libxcb-res.so.0 => /usr/lib/libxcb-res.so.0 (0x00007fde13950000)
	libxcb-errors.so.0 => /usr/lib/libxcb-errors.so.0 (0x00007fde13946000)
	libxcb.so.1 => /usr/lib/libxcb.so.1 (0x00007fde1391b000)
	libaquamarine.so.14 => /usr/lib/libaquamarine.so.14 (0x00007fde137c4000)
	libhyprlang.so.2 => /usr/lib/libhyprlang.so.2 (0x00007fde127bb000)
	libhyprutils.so.13 => /usr/lib/libhyprutils.so.13 (0x00007fde12742000)
	libhyprcursor.so.0 => /usr/lib/libhyprcursor.so.0 (0x00007fde126e1000)
	libhyprgraphics.so.4 => /usr/lib/libhyprgraphics.so.4 (0x00007fde126ab000)
	libxkbcommon.so.0 => /usr/lib/libxkbcommon.so.0 (0x00007fde1264c000)
	libuuid.so.1 => /usr/lib/libuuid.so.1 (0x00007fde137b8000)
	libwayland-server.so.0 => /usr/lib/libwayland-server.so.0 (0x00007fde137a3000)
	libpangocairo-1.0.so.0 => /usr/lib/libpangocairo-1.0.so.0 (0x00007fde1263a000)
	libpango-1.0.so.0 => /usr/lib/libpango-1.0.so.0 (0x00007fde125cb000)
	libcairo.so.2 => /usr/lib/libcairo.so.2 (0x00007fde1248e000)
	libharfbuzz.so.0 => /usr/lib/libharfbuzz.so.0 (0x00007fde1234f000)
	libpixman-1.so.0 => /usr/lib/libpixman-1.so.0 (0x00007fde122a0000)
	libXcursor.so.1 => /usr/lib/libXcursor.so.1 (0x00007fde12293000)
	libdrm.so.2 => /usr/lib/libdrm.so.2 (0x00007fde1227c000)
	libinput.so.10 => /usr/lib/libinput.so.10 (0x00007fde1220b000)
	libeis.so.1 => /usr/lib/libeis.so.1 (0x00007fde121ea000)
	libgbm.so.1 => /usr/lib/libgbm.so.1 (0x00007fde13799000)
	libgio-2.0.so.0 => /usr/lib/libgio-2.0.so.0 (0x00007fde1200b000)
	libgobject-2.0.so.0 => /usr/lib/libgobject-2.0.so.0 (0x00007fde11fa8000)
	libglib-2.0.so.0 => /usr/lib/libglib-2.0.so.0 (0x00007fde11e45000)
	libre2.so.11 => /usr/lib/libre2.so.11 (0x00007fde11db8000)
	libabsl_log_internal_check_op.so.2608.0.0 => /usr/lib/libabsl_log_internal_check_op.so.2608.0.0 (0x00007fde11daf000)
	libabsl_leak_check.so.2608.0.0 => /usr/lib/libabsl_leak_check.so.2608.0.0 (0x00007fde11daa000)
	libabsl_log_internal_conditions.so.2608.0.0 => /usr/lib/libabsl_log_internal_conditions.so.2608.0.0 (0x00007fde11da5000)
	libabsl_log_internal_message.so.2608.0.0 => /usr/lib/libabsl_log_internal_message.so.2608.0.0 (0x00007fde11d96000)
	libabsl_examine_stack.so.2608.0.0 => /usr/lib/libabsl_examine_stack.so.2608.0.0 (0x00007fde11d91000)
	libabsl_log_internal_format.so.2608.0.0 => /usr/lib/libabsl_log_internal_format.so.2608.0.0 (0x00007fde11d8c000)
	libabsl_log_internal_nullguard.so.2608.0.0 => /usr/lib/libabsl_log_internal_nullguard.so.2608.0.0 (0x00007fde11d87000)
	libabsl_log_internal_structured_proto.so.2608.0.0 => /usr/lib/libabsl_log_internal_structured_proto.so.2608.0.0 (0x00007fde11d82000)
	libabsl_log_internal_log_sink_set.so.2608.0.0 => /usr/lib/libabsl_log_internal_log_sink_set.so.2608.0.0 (0x00007fde11d7c000)
	libabsl_log_internal_globals.so.2608.0.0 => /usr/lib/libabsl_log_internal_globals.so.2608.0.0 (0x00007fde11d75000)
	libabsl_log_globals.so.2608.0.0 => /usr/lib/libabsl_log_globals.so.2608.0.0 (0x00007fde11d6f000)
	libabsl_log_sink.so.2608.0.0 => /usr/lib/libabsl_log_sink.so.2608.0.0 (0x00007fde11d6a000)
	libabsl_log_entry.so.2608.0.0 => /usr/lib/libabsl_log_entry.so.2608.0.0 (0x00007fde11d64000)
	libabsl_log_internal_proto.so.2608.0.0 => /usr/lib/libabsl_log_internal_proto.so.2608.0.0 (0x00007fde11d5f000)
	libabsl_strerror.so.2608.0.0 => /usr/lib/libabsl_strerror.so.2608.0.0 (0x00007fde11d58000)
	libabsl_vlog_config_internal.so.2608.0.0 => /usr/lib/libabsl_vlog_config_internal.so.2608.0.0 (0x00007fde11d4f000)
	libabsl_log_internal_fnmatch.so.2608.0.0 => /usr/lib/libabsl_log_internal_fnmatch.so.2608.0.0 (0x00007fde11d4a000)
	libabsl_flags_internal.so.2608.0.0 => /usr/lib/libabsl_flags_internal.so.2608.0.0 (0x00007fde11d3f000)
	libabsl_flags_marshalling.so.2608.0.0 => /usr/lib/libabsl_flags_marshalling.so.2608.0.0 (0x00007fde11d33000)
	libabsl_flags_reflection.so.2608.0.0 => /usr/lib/libabsl_flags_reflection.so.2608.0.0 (0x00007fde11d27000)
	libabsl_flags_private_handle_accessor.so.2608.0.0 => /usr/lib/libabsl_flags_private_handle_accessor.so.2608.0.0 (0x00007fde11d20000)
	libabsl_flags_commandlineflag.so.2608.0.0 => /usr/lib/libabsl_flags_commandlineflag.so.2608.0.0 (0x00007fde11d1b000)
	libabsl_flags_commandlineflag_internal.so.2608.0.0 => /usr/lib/libabsl_flags_commandlineflag_internal.so.2608.0.0 (0x00007fde11d16000)
	libabsl_flags_config.so.2608.0.0 => /usr/lib/libabsl_flags_config.so.2608.0.0 (0x00007fde11d0f000)
	libabsl_flags_program_name.so.2608.0.0 => /usr/lib/libabsl_flags_program_name.so.2608.0.0 (0x00007fde11d0a000)
	libabsl_raw_hash_set.so.2608.0.0 => /usr/lib/libabsl_raw_hash_set.so.2608.0.0 (0x00007fde11cfd000)
	libabsl_cord.so.2608.0.0 => /usr/lib/libabsl_cord.so.2608.0.0 (0x00007fde11ce4000)
	libabsl_cordz_info.so.2608.0.0 => /usr/lib/libabsl_cordz_info.so.2608.0.0 (0x00007fde11cdd000)
	libabsl_cord_internal.so.2608.0.0 => /usr/lib/libabsl_cord_internal.so.2608.0.0 (0x00007fde11cce000)
	libabsl_cordz_functions.so.2608.0.0 => /usr/lib/libabsl_cordz_functions.so.2608.0.0 (0x00007fde11cc9000)
	libabsl_cordz_handle.so.2608.0.0 => /usr/lib/libabsl_cordz_handle.so.2608.0.0 (0x00007fde11cc2000)
	libabsl_crc_cord_state.so.2608.0.0 => /usr/lib/libabsl_crc_cord_state.so.2608.0.0 (0x00007fde11cbb000)
	libabsl_crc32c.so.2608.0.0 => /usr/lib/libabsl_crc32c.so.2608.0.0 (0x00007fde11cb5000)
	libabsl_crc_internal.so.2608.0.0 => /usr/lib/libabsl_crc_internal.so.2608.0.0 (0x00007fde11caf000)
	libabsl_base_cpu_detect.so.2608.0.0 => /usr/lib/libabsl_base_cpu_detect.so.2608.0.0 (0x00007fde11caa000)
	libabsl_hashtablez_sampler.so.2608.0.0 => /usr/lib/libabsl_hashtablez_sampler.so.2608.0.0 (0x00007fde11ca4000)
	libabsl_exponential_biased.so.2608.0.0 => /usr/lib/libabsl_exponential_biased.so.2608.0.0 (0x00007fde11c9d000)
	libabsl_hash.so.2608.0.0 => /usr/lib/libabsl_hash.so.2608.0.0 (0x00007fde11c98000)
	libabsl_city.so.2608.0.0 => /usr/lib/libabsl_city.so.2608.0.0 (0x00007fde11c93000)
	libabsl_str_format_internal.so.2608.0.0 => /usr/lib/libabsl_str_format_internal.so.2608.0.0 (0x00007fde11c74000)
	libabsl_synchronization.so.2608.0.0 => /usr/lib/libabsl_synchronization.so.2608.0.0 (0x00007fde11c62000)
	libabsl_graphcycles_internal.so.2608.0.0 => /usr/lib/libabsl_graphcycles_internal.so.2608.0.0 (0x00007fde11c57000)
	libabsl_kernel_timeout_internal.so.2608.0.0 => /usr/lib/libabsl_kernel_timeout_internal.so.2608.0.0 (0x00007fde11c52000)
	libabsl_stacktrace.so.2608.0.0 => /usr/lib/libabsl_stacktrace.so.2608.0.0 (0x00007fde11c4d000)
	libabsl_symbolize.so.2608.0.0 => /usr/lib/libabsl_symbolize.so.2608.0.0 (0x00007fde11c45000)
	libabsl_debugging_internal.so.2608.0.0 => /usr/lib/libabsl_debugging_internal.so.2608.0.0 (0x00007fde11c3e000)
	libabsl_demangle_internal.so.2608.0.0 => /usr/lib/libabsl_demangle_internal.so.2608.0.0 (0x00007fde11c2f000)
	libabsl_demangle_rust.so.2608.0.0 => /usr/lib/libabsl_demangle_rust.so.2608.0.0 (0x00007fde11c28000)
	libabsl_decode_rust_punycode.so.2608.0.0 => /usr/lib/libabsl_decode_rust_punycode.so.2608.0.0 (0x00007fde11c23000)
	libabsl_utf8_for_code_point.so.2608.0.0 => /usr/lib/libabsl_utf8_for_code_point.so.2608.0.0 (0x00007fde11c1e000)
	libabsl_malloc_internal.so.2608.0.0 => /usr/lib/libabsl_malloc_internal.so.2608.0.0 (0x00007fde11c17000)
	libabsl_time.so.2608.0.0 => /usr/lib/libabsl_time.so.2608.0.0 (0x00007fde11c01000)
	libabsl_civil_time.so.2608.0.0 => /usr/lib/libabsl_civil_time.so.2608.0.0 (0x00007fde11bf9000)
	libabsl_strings.so.2608.0.0 => /usr/lib/libabsl_strings.so.2608.0.0 (0x00007fde11bd3000)
	libabsl_strings_internal.so.2608.0.0 => /usr/lib/libabsl_strings_internal.so.2608.0.0 (0x00007fde11bcd000)
	libabsl_hardening.so.2608.0.0 => /usr/lib/libabsl_hardening.so.2608.0.0 (0x00007fde11bc8000)
	libabsl_int128.so.2608.0.0 => /usr/lib/libabsl_int128.so.2608.0.0 (0x00007fde11bbf000)
	libabsl_source_location.so.2608.0.0 => /usr/lib/libabsl_source_location.so.2608.0.0 (0x00007fde11bba000)
	libabsl_throw_delegate.so.2608.0.0 => /usr/lib/libabsl_throw_delegate.so.2608.0.0 (0x00007fde11bb4000)
	libabsl_time_zone.so.2608.0.0 => /usr/lib/libabsl_time_zone.so.2608.0.0 (0x00007fde11b99000)
	libabsl_tracing_internal.so.2608.0.0 => /usr/lib/libabsl_tracing_internal.so.2608.0.0 (0x00007fde11b94000)
	libabsl_base.so.2608.0.0 => /usr/lib/libabsl_base.so.2608.0.0 (0x00007fde11b8e000)
	libabsl_raw_logging_internal.so.2608.0.0 => /usr/lib/libabsl_raw_logging_internal.so.2608.0.0 (0x00007fde11b87000)
	libabsl_log_severity.so.2608.0.0 => /usr/lib/libabsl_log_severity.so.2608.0.0 (0x00007fde11b82000)
	libabsl_spinlock_wait.so.2608.0.0 => /usr/lib/libabsl_spinlock_wait.so.2608.0.0 (0x00007fde11b7d000)
	libmuparser.so.2 => /usr/lib/libmuparser.so.2 (0x00007fde11af8000)
	liblcms2.so.2 => /usr/lib/liblcms2.so.2 (0x00007fde11a8c000)
	liblua.so.5.5 => /usr/lib/liblua.so.5.5 (0x00007fde11a42000)
	libEGL.so.1 => /usr/lib/libEGL.so.1 (0x00007fde11a2e000)
	libGLESv2.so.2 => /usr/lib/libGLESv2.so.2 (0x00007fde11a1e000)
	libGLX.so.0 => /usr/lib/libGLX.so.0 (0x00007fde119ed000)
	libOpenGL.so.0 => /usr/lib/libOpenGL.so.0 (0x00007fde119c9000)
	libglslang-default-resource-limits.so.16 => /usr/lib/libglslang-default-resource-limits.so.16 (0x00007fde119bf000)
	libSPIRV.so.16 => /usr/lib/libSPIRV.so.16 (0x00007fde119ba000)
	libglslang.so.16 => /usr/lib/libglslang.so.16 (0x00007fde10e00000)
	libSPIRV-Tools-opt.so => /usr/lib/libSPIRV-Tools-opt.so (0x00007fde10a00000)
	libSPIRV-Tools.so => /usr/lib/libSPIRV-Tools.so (0x00007fde10824000)
	libstdc++.so.6 => /usr/lib/libstdc++.so.6 (0x00007fde10400000)
	libm.so.6 => /usr/lib/libm.so.6 (0x00007fde10cc9000)
	libgcc_s.so.1 => /usr/lib/libgcc_s.so.1 (0x00007fde1198b000)
	libc.so.6 => /usr/lib/libc.so.6 (0x00007fde10000000)
	libXau.so.6 => /usr/lib/libXau.so.6 (0x00007fde11984000)
	libXdmcp.so.6 => /usr/lib/libXdmcp.so.6 (0x00007fde1197c000)
	libseat.so.1 => /usr/lib/libseat.so.1 (0x00007fde11971000)
	libwayland-client.so.0 => /usr/lib/libwayland-client.so.0 (0x00007fde11961000)
	libudev.so.1 => /usr/lib/libudev.so.1 (0x00007fde1190f000)
	libdisplay-info.so.3 => /usr/lib/libdisplay-info.so.3 (0x00007fde118d6000)
	libzip.so.5 => /usr/lib/libzip.so.5 (0x00007fde10ca9000)
	librsvg-2.so.2 => /usr/lib/librsvg-2.so.2 (0x00007fde0fa00000)
	libtomlplusplus.so.3 => /usr/lib/libtomlplusplus.so.3 (0x00007fde107ea000)
	libjpeg.so.8 => /usr/lib/libjpeg.so.8 (0x00007fde10742000)
	libwebp.so.7 => /usr/lib/libwebp.so.7 (0x00007fde10379000)
	libmagic.so.1 => /usr/lib/libmagic.so.1 (0x00007fde10713000)
	libpng16.so.16 => /usr/lib/libpng16.so.16 (0x00007fde106d6000)
	libjxl.so.0.12 => /usr/lib/libjxl.so.0.12 (0x00007fde0f400000)
	libjxl_threads.so.0.12 => /usr/lib/libjxl_threads.so.0.12 (0x00007fde118ce000)
	/lib64/ld-linux-x86-64.so.2 => /usr/lib64/ld-linux-x86-64.so.2 (0x00007fde139ac000)
	libffi.so.8 => /usr/lib/libffi.so.8 (0x00007fde118be000)
	libpangoft2-1.0.so.0 => /usr/lib/libpangoft2-1.0.so.0 (0x00007fde10c8a000)
	libfontconfig.so.1 => /usr/lib/libfontconfig.so.1 (0x00007fde102fe000)
	libfribidi.so.0 => /usr/lib/libfribidi.so.0 (0x00007fde102de000)
	libthai.so.0 => /usr/lib/libthai.so.0 (0x00007fde10c7f000)
	libz.so.1 => /usr/lib/libz.so.1 (0x00007fde102c3000)
	libfreetype.so.6 => /usr/lib/libfreetype.so.6 (0x00007fde0ff30000)
	libX11.so.6 => /usr/lib/libX11.so.6 (0x00007fde0f8be000)
	libXext.so.6 => /usr/lib/libXext.so.6 (0x00007fde102af000)
	libXrender.so.1 => /usr/lib/libXrender.so.1 (0x00007fde102a3000)
	libxcb-shm.so.0 => /usr/lib/libxcb-shm.so.0 (0x00007fde1029e000)
	libgraphite2.so.3 => /usr/lib/libgraphite2.so.3 (0x00007fde1027b000)
	libXfixes.so.3 => /usr/lib/libXfixes.so.3 (0x00007fde10273000)
	libmtdev.so.1 => /usr/lib/libmtdev.so.1 (0x00007fde1026c000)
	libevdev.so.2 => /usr/lib/libevdev.so.2 (0x00007fde10256000)
	libwacom.so.9 => /usr/lib/libwacom.so.9 (0x00007fde10243000)
	liblua5.4.so.5.4 => /usr/lib/liblua5.4.so.5.4 (0x00007fde0feea000)
	libexpat.so.1 => /usr/lib/libexpat.so.1 (0x00007fde0febc000)
	libgmodule-2.0.so.0 => /usr/lib/libgmodule-2.0.so.0 (0x00007fde1023a000)
	libmount.so.1 => /usr/lib/libmount.so.1 (0x00007fde0f861000)
	libpcre2-8.so.0 => /usr/lib/libpcre2-8.so.0 (0x00007fde0f34d000)
	libgomp.so.1 => /usr/lib/libgomp.so.1 (0x00007fde0f2f3000)
	libGLdispatch.so.0 => /usr/lib/libGLdispatch.so.0 (0x00007fde0f27a000)
	libsystemd.so.0 => /usr/lib/libsystemd.so.0 (0x00007fde0f132000)
	libbz2.so.1.0 => /usr/lib/libbz2.so.1.0 (0x00007fde10223000)
	liblzma.so.5 => /usr/lib/liblzma.so.5 (0x00007fde0f0fd000)
	libzstd.so.1 => /usr/lib/libzstd.so.1 (0x00007fde0f017000)
	libcrypto.so.3 => /usr/lib/libcrypto.so.3 (0x00007fde0ea00000)
	libgdk_pixbuf-2.0.so.0 => /usr/lib/libgdk_pixbuf-2.0.so.0 (0x00007fde0efdd000)
	libdav1d.so.7 => /usr/lib/libdav1d.so.7 (0x00007fde0e81f000)
	libxml2.so.16 => /usr/lib/libxml2.so.16 (0x00007fde0e6da000)
	libsharpyuv.so.0 => /usr/lib/libsharpyuv.so.0 (0x00007fde0feb1000)
	libjxl_cms.so.0.12 => /usr/lib/libjxl_cms.so.0.12 (0x00007fde0f838000)
	libhwy.so.1 => /usr/lib/libhwy.so.1 (0x00007fde0fea0000)
	libbrotlidec.so.1 => /usr/lib/libbrotlidec.so.1 (0x00007fde0fe91000)
	libbrotlienc.so.1 => /usr/lib/libbrotlienc.so.1 (0x00007fde0e61a000)
	libdatrie.so.1 => /usr/lib/libdatrie.so.1 (0x00007fde0efd4000)
	libgudev-1.0.so.0 => /usr/lib/libgudev-1.0.so.0 (0x00007fde0efc8000)
	libblkid.so.1 => /usr/lib/libblkid.so.1 (0x00007fde0e5da000)
	libglycin-2.so.0 => /usr/lib/libglycin-2.so.0 (0x00007fde0e000000)
	libicuuc.so.78 => /usr/lib/libicuuc.so.78 (0x00007fde0dc00000)
	libbrotlicommon.so.1 => /usr/lib/libbrotlicommon.so.1 (0x00007fde0e5b7000)
	libseccomp.so.2 => /usr/lib/libseccomp.so.2 (0x00007fde0e58a000)
	libicudata.so.78 => /usr/lib/libicudata.so.78 (0x00007fde0bc00000)
