Error: Native child exited: One original native-owned persistent Elm policy

=================================================================
==633366==ERROR: LeakSanitizer: detected memory leaks

Direct leak of 16 byte(s) in 1 object(s) allocated from:
    #0 0x7f1f2512c0c1 in malloc (/usr/lib/libasan.so.8+0x12c0c1) (BuildId: b8a4241051a1621937fdc46e867ba7ecb56d96ea)
    #1 0x7f1f2577f9da in g_malloc (/usr/lib/libglib-2.0.so.0+0x689da) (BuildId: cb17d184459352a7985a010f1cd3acef4a4f90d8)
    #2 0x7f1f2579f925 in g_slice_alloc0 (/usr/lib/libglib-2.0.so.0+0x88925) (BuildId: cb17d184459352a7985a010f1cd3acef4a4f90d8)
    #3 0x7f1f2575c88c  (/usr/lib/libglib-2.0.so.0+0x4588c) (BuildId: cb17d184459352a7985a010f1cd3acef4a4f90d8)
    #4 0x7f1f2575cbdf in g_error_new_literal (/usr/lib/libglib-2.0.so.0+0x45bdf) (BuildId: cb17d184459352a7985a010f1cd3acef4a4f90d8)
    #5 0x7f1f2575cce2 in g_set_error_literal (/usr/lib/libglib-2.0.so.0+0x45ce2) (BuildId: cb17d184459352a7985a010f1cd3acef4a4f90d8)
    #6 0x558ca835081c in (anonymous namespace)::fail(_GError**, WarlockPolicyError, char const*) (/home/hoskinson/omarchy-windows-parity/implementation/warlock-preview-provider-v116/qa/persistent-policy-native-check-1791364057762224393/checks+0x89881c) (BuildId: 13657ee32d7cc6eff17189ec15bf751f759cd731)
    #7 0x558ca8353a66 in warlock_preview_policy_new (/home/hoskinson/omarchy-windows-parity/implementation/warlock-preview-provider-v116/qa/persistent-policy-native-check-1791364057762224393/checks+0x89ba66) (BuildId: 13657ee32d7cc6eff17189ec15bf751f759cd731)
    #8 0x558ca807a634 in main (/home/hoskinson/omarchy-windows-parity/implementation/warlock-preview-provider-v116/qa/persistent-policy-native-check-1791364057762224393/checks+0x5c2634) (BuildId: 13657ee32d7cc6eff17189ec15bf751f759cd731)
    #9 0x7f1f21a27780  (/usr/lib/libc.so.6+0x27780) (BuildId: 503200d7fda94a5dc6058d7e0694e5d1dcb2e372)
    #10 0x7f1f21a278b8 in __libc_start_main (/usr/lib/libc.so.6+0x278b8) (BuildId: 503200d7fda94a5dc6058d7e0694e5d1dcb2e372)
    #11 0x558ca8078094 in _start (/home/hoskinson/omarchy-windows-parity/implementation/warlock-preview-provider-v116/qa/persistent-policy-native-check-1791364057762224393/checks+0x5c0094) (BuildId: 13657ee32d7cc6eff17189ec15bf751f759cd731)

Indirect leak of 42 byte(s) in 1 object(s) allocated from:
    #0 0x7f1f2512c0c1 in malloc (/usr/lib/libasan.so.8+0x12c0c1) (BuildId: b8a4241051a1621937fdc46e867ba7ecb56d96ea)
    #1 0x7f1f2577f9da in g_malloc (/usr/lib/libglib-2.0.so.0+0x689da) (BuildId: cb17d184459352a7985a010f1cd3acef4a4f90d8)
    #2 0x7f1f2579fe8b in g_strdup (/usr/lib/libglib-2.0.so.0+0x88e8b) (BuildId: cb17d184459352a7985a010f1cd3acef4a4f90d8)
    #3 0x7f1f2575cbd1 in g_error_new_literal (/usr/lib/libglib-2.0.so.0+0x45bd1) (BuildId: cb17d184459352a7985a010f1cd3acef4a4f90d8)
    #4 0x7f1f2575cce2 in g_set_error_literal (/usr/lib/libglib-2.0.so.0+0x45ce2) (BuildId: cb17d184459352a7985a010f1cd3acef4a4f90d8)
    #5 0x558ca835081c in (anonymous namespace)::fail(_GError**, WarlockPolicyError, char const*) (/home/hoskinson/omarchy-windows-parity/implementation/warlock-preview-provider-v116/qa/persistent-policy-native-check-1791364057762224393/checks+0x89881c) (BuildId: 13657ee32d7cc6eff17189ec15bf751f759cd731)
    #6 0x558ca8353a66 in warlock_preview_policy_new (/home/hoskinson/omarchy-windows-parity/implementation/warlock-preview-provider-v116/qa/persistent-policy-native-check-1791364057762224393/checks+0x89ba66) (BuildId: 13657ee32d7cc6eff17189ec15bf751f759cd731)
    #7 0x558ca807a634 in main (/home/hoskinson/omarchy-windows-parity/implementation/warlock-preview-provider-v116/qa/persistent-policy-native-check-1791364057762224393/checks+0x5c2634) (BuildId: 13657ee32d7cc6eff17189ec15bf751f759cd731)
    #8 0x7f1f21a27780  (/usr/lib/libc.so.6+0x27780) (BuildId: 503200d7fda94a5dc6058d7e0694e5d1dcb2e372)
    #9 0x7f1f21a278b8 in __libc_start_main (/usr/lib/libc.so.6+0x278b8) (BuildId: 503200d7fda94a5dc6058d7e0694e5d1dcb2e372)
    #10 0x558ca8078094 in _start (/home/hoskinson/omarchy-windows-parity/implementation/warlock-preview-provider-v116/qa/persistent-policy-native-check-1791364057762224393/checks+0x5c0094) (BuildId: 13657ee32d7cc6eff17189ec15bf751f759cd731)

SUMMARY: AddressSanitizer: 58 byte(s) leaked in 2 allocation(s).

    at ChildProcess.<anonymous> (/home/hoskinson/omarchy-windows-parity/implementation/warlock-preview-provider-v116/qa/persistent-policy-native-check-1791364057762224393/inputs/qa/persistent-policy-native-roundtrip.js:9:80)
    at ChildProcess.emit (node:events:514:20)
    at maybeClose (node:internal/child_process:1156:16)
    at ChildProcess._handle.onexit (node:internal/child_process:334:5)
