[07:06:37.943579] {Default Queue}  -> wl_display#1.get_registry(new id wl_registry#2)
[07:06:37.943608] {Default Queue}  -> wl_display#1.sync(new id wl_callback#3)
[07:06:37.943889] {Display Queue} wl_display#1.delete_id(3)
[07:06:37.943896] {Default Queue} wl_registry#2.global(1, "wl_seat", 9)
[07:06:37.943901] {Default Queue} wl_registry#2.global(2, "wl_data_device_manager", 3)
[07:06:37.943904] {Default Queue}  -> wl_registry#2.bind(2, "wl_data_device_manager", 3, new id [unknown]#4)
[07:06:37.943907] {Default Queue} wl_registry#2.global(3, "wl_compositor", 6)
[07:06:37.943910] {Default Queue}  -> wl_registry#2.bind(3, "wl_compositor", 3, new id [unknown]#5)
[07:06:37.943912] {Default Queue} wl_registry#2.global(4, "wl_subcompositor", 1)
[07:06:37.943915] {Default Queue}  -> wl_registry#2.bind(4, "wl_subcompositor", 1, new id [unknown]#6)
[07:06:37.943917] {Default Queue} wl_registry#2.global(5, "wl_shm", 2)
[07:06:37.943920] {Default Queue}  -> wl_registry#2.bind(5, "wl_shm", 1, new id [unknown]#7)
[07:06:37.943922] {Default Queue} wl_registry#2.global(6, "wp_viewporter", 1)
[07:06:37.943925] {Default Queue} wl_registry#2.global(7, "wp_tearing_control_manager_v1", 1)
[07:06:37.943927] {Default Queue} wl_registry#2.global(8, "wp_fractional_scale_manager_v1", 1)
[07:06:37.943930] {Default Queue} wl_registry#2.global(9, "zxdg_output_manager_v1", 3)
[07:06:37.943933] {Default Queue}  -> wl_registry#2.bind(9, "zxdg_output_manager_v1", 3, new id [unknown]#8)
[07:06:37.943936] {Default Queue}  -> wl_display#1.sync(new id wl_callback#9)
[07:06:37.943938] {Default Queue} wl_registry#2.global(10, "wp_cursor_shape_manager_v1", 2)
[07:06:37.943941] {Default Queue}  -> wl_registry#2.bind(10, "wp_cursor_shape_manager_v1", 1, new id [unknown]#10)
[07:06:37.943943] {Default Queue} wl_registry#2.global(11, "zwp_idle_inhibit_manager_v1", 1)
[07:06:37.943945] {Default Queue} wl_registry#2.global(12, "zwp_relative_pointer_manager_v1", 1)
[07:06:37.943947] {Default Queue} wl_registry#2.global(13, "zxdg_decoration_manager_v1", 2)
[07:06:37.943950] {Default Queue} wl_registry#2.global(14, "wp_alpha_modifier_v1", 1)
[07:06:37.943952] {Default Queue} wl_registry#2.global(15, "zwlr_gamma_control_manager_v1", 1)
[07:06:37.943954] {Default Queue} wl_registry#2.global(16, "ext_foreign_toplevel_list_v1", 1)
[07:06:37.943958] {Default Queue} wl_registry#2.global(17, "zwp_pointer_gestures_v1", 3)
[07:06:37.943961] {Default Queue}  -> wl_registry#2.bind(17, "zwp_pointer_gestures_v1", 1, new id [unknown]#11)
[07:06:37.943963] {Default Queue} wl_registry#2.global(18, "zwlr_foreign_toplevel_manager_v1", 3)
[07:06:37.943966] {Default Queue} wl_registry#2.global(19, "zwp_keyboard_shortcuts_inhibit_manager_v1", 1)
[07:06:37.943968] {Default Queue}  -> wl_registry#2.bind(19, "zwp_keyboard_shortcuts_inhibit_manager_v1", 1, new id [unknown]#12)
[07:06:37.943972] {Default Queue} wl_registry#2.global(20, "zwp_text_input_manager_v1", 1)
[07:06:37.943974] {Default Queue} wl_registry#2.global(21, "zwp_text_input_manager_v3", 1)
[07:06:37.943977] {Default Queue} wl_registry#2.global(22, "zwp_pointer_constraints_v1", 1)
[07:06:37.943979] {Default Queue} wl_registry#2.global(23, "zwlr_output_power_manager_v1", 1)
[07:06:37.943981] {Default Queue} wl_registry#2.global(24, "xdg_activation_v1", 1)
[07:06:37.943984] {Default Queue}  -> wl_registry#2.bind(24, "xdg_activation_v1", 1, new id [unknown]#13)
[07:06:37.943986] {Default Queue} wl_registry#2.global(25, "ext_idle_notifier_v1", 2)
[07:06:37.943988] {Default Queue} wl_registry#2.global(26, "hyprland_lock_notifier_v1", 1)
[07:06:37.943991] {Default Queue} wl_registry#2.global(27, "ext_session_lock_manager_v1", 1)
[07:06:37.943993] {Default Queue} wl_registry#2.global(28, "zwp_input_method_manager_v2", 1)
[07:06:37.943995] {Default Queue} wl_registry#2.global(29, "zwp_virtual_keyboard_manager_v1", 1)
[07:06:37.943998] {Default Queue} wl_registry#2.global(30, "zwlr_virtual_pointer_manager_v1", 2)
[07:06:37.944000] {Default Queue} wl_registry#2.global(31, "zwlr_output_manager_v1", 4)
[07:06:37.944003] {Default Queue} wl_registry#2.global(32, "org_kde_kwin_server_decoration_manager", 1)
[07:06:37.944010] {Default Queue}  -> wl_registry#2.bind(32, "org_kde_kwin_server_decoration_manager", 1, new id [unknown]#14)
[07:06:37.944016] {Default Queue} wl_registry#2.global(33, "hyprland_focus_grab_manager_v1", 1)
[07:06:37.944018] {Default Queue} wl_registry#2.global(34, "zwp_tablet_manager_v2", 1)
[07:06:37.944021] {Default Queue}  -> wl_registry#2.bind(34, "zwp_tablet_manager_v2", 1, new id [unknown]#15)
[07:06:37.944023] {Default Queue} wl_registry#2.global(35, "zwlr_layer_shell_v1", 5)
[07:06:37.944025] {Default Queue} wl_registry#2.global(36, "wp_presentation", 2)
[07:06:37.944028] {Default Queue} wl_registry#2.global(37, "xdg_wm_base", 7)
[07:06:37.944030] {Default Queue} wl_registry#2.global(38, "zwlr_data_control_manager_v1", 2)
[07:06:37.944032] {Default Queue} wl_registry#2.global(39, "zwp_primary_selection_device_manager_v1", 1)
[07:06:37.944035] {Default Queue}  -> wl_registry#2.bind(39, "zwp_primary_selection_device_manager_v1", 1, new id [unknown]#16)
[07:06:37.944037] {Default Queue} wl_registry#2.global(40, "xwayland_shell_v1", 1)
[07:06:37.944040] {Default Queue} wl_registry#2.global(41, "hyprland_toplevel_mapping_manager_v1", 1)
[07:06:37.944043] {Default Queue} wl_registry#2.global(42, "hyprland_global_shortcuts_manager_v1", 1)
[07:06:37.944046] {Default Queue} wl_registry#2.global(43, "xdg_wm_dialog_v1", 1)
[07:06:37.944048] {Default Queue} wl_registry#2.global(44, "wp_single_pixel_buffer_manager_v1", 1)
[07:06:37.944050] {Default Queue} wl_registry#2.global(45, "wp_security_context_manager_v1", 1)
[07:06:37.944053] {Default Queue} wl_registry#2.global(46, "hyprland_ctm_control_manager_v1", 2)
[07:06:37.944055] {Default Queue} wl_registry#2.global(47, "hyprland_input_capture_manager_v1", 1)
[07:06:37.944057] {Default Queue} wl_registry#2.global(48, "hyprland_surface_manager_v1", 2)
[07:06:37.944060] {Default Queue} wl_registry#2.global(49, "wp_content_type_manager_v1", 1)
[07:06:37.944062] {Default Queue} wl_registry#2.global(50, "xdg_toplevel_tag_manager_v1", 1)
[07:06:37.944065] {Default Queue} wl_registry#2.global(51, "xdg_system_bell_v1", 1)
[07:06:37.944067] {Default Queue} wl_registry#2.global(52, "vicinae_hotkey_manager_v1", 1)
[07:06:37.944069] {Default Queue} wl_registry#2.global(53, "ext_workspace_manager_v1", 1)
[07:06:37.944072] {Default Queue} wl_registry#2.global(54, "ext_data_control_manager_v1", 1)
[07:06:37.944074] {Default Queue} wl_registry#2.global(55, "wp_pointer_warp_v1", 1)
[07:06:37.944076] {Default Queue} wl_registry#2.global(56, "wp_fifo_manager_v1", 1)
[07:06:37.944078] {Default Queue} wl_registry#2.global(57, "zxdg_exporter_v2", 1)
[07:06:37.944081] {Default Queue}  -> wl_registry#2.bind(57, "zxdg_exporter_v2", 1, new id [unknown]#17)
[07:06:37.944083] {Default Queue} wl_registry#2.global(58, "zxdg_importer_v2", 1)
[07:06:37.944086] {Default Queue}  -> wl_registry#2.bind(58, "zxdg_importer_v2", 1, new id [unknown]#18)
[07:06:37.944088] {Default Queue} wl_registry#2.global(59, "ext_background_effect_manager_v1", 1)
[07:06:37.944090] {Default Queue} wl_registry#2.global(60, "wp_commit_timing_manager_v1", 1)
[07:06:37.944093] {Default Queue} wl_registry#2.global(61, "zwlr_screencopy_manager_v1", 3)
[07:06:37.944096] {Default Queue} wl_registry#2.global(62, "hyprland_toplevel_export_manager_v1", 2)
[07:06:37.944099] {Default Queue} wl_registry#2.global(63, "ext_output_image_capture_source_manager_v1", 1)
[07:06:37.944101] {Default Queue} wl_registry#2.global(64, "ext_foreign_toplevel_image_capture_source_manager_v1", 1)
[07:06:37.944104] {Default Queue} wl_registry#2.global(65, "ext_image_copy_capture_manager_v1", 1)
[07:06:37.944107] {Default Queue} wl_registry#2.global(66, "wp_color_manager_v1", 3)
[07:06:37.944109] {Default Queue} wl_registry#2.global(67, "wl_drm", 2)
[07:06:37.944111] {Default Queue} wl_registry#2.global(68, "zwp_linux_dmabuf_v1", 5)
[07:06:37.944114] {Default Queue} wl_registry#2.global(69, "wl_output", 4)
[07:06:37.944116] {Default Queue}  -> wl_registry#2.bind(69, "wl_output", 2, new id [unknown]#19)
[07:06:37.944143] {Default Queue}  -> zxdg_output_manager_v1#8.get_xdg_output(new id zxdg_output_v1#20, wl_output#19)
[07:06:37.944149] {Default Queue}  -> wl_display#1.sync(new id wl_callback#21)
[07:06:37.944152] {Default Queue} wl_callback#3.done(82)
[07:06:37.944183] {Default Queue}  -> wl_shm#7.create_pool(new id wl_shm_pool#3, fd 10, 2304)
[07:06:37.944256] {Default Queue}  -> wl_shm_pool#3.resize(6912)
[07:06:37.944297] {Default Queue}  -> wl_shm_pool#3.resize(16128)
[07:06:37.944366] {Default Queue}  -> wl_shm_pool#3.resize(34560)
[07:06:37.944490] {Default Queue}  -> wl_shm_pool#3.resize(71424)
[07:06:37.944737] {Default Queue}  -> wl_shm_pool#3.resize(145152)
[07:06:37.945596] {Default Queue}  -> wl_shm_pool#3.resize(292608)
[07:06:37.946547] {Default Queue}  -> wl_shm_pool#3.resize(587520)
[07:06:37.950302] {Default Queue}  -> wl_registry#2.bind(1, "wl_seat", 5, new id [unknown]#22)
[07:06:37.951809] {Default Queue}  -> wl_compositor#5.create_surface(new id wl_surface#23)
[07:06:37.951822] {Default Queue}  -> zwp_primary_selection_device_manager_v1#16.get_device(new id zwp_primary_selection_device_v1#24, wl_seat#22)
[07:06:37.951828] {Default Queue}  -> wl_data_device_manager#4.get_data_device(new id wl_data_device#25, wl_seat#22)
[07:06:37.951869] {Default Queue}  -> wl_compositor#5.create_surface(new id wl_surface#26)
[07:06:37.951873] {Default Queue}  -> zwp_tablet_manager_v2#15.get_tablet_seat(new id zwp_tablet_seat_v2#27, wl_seat#22)
[07:06:37.951877] {Default Queue}  -> wl_display#1.sync(new id wl_callback#28)
[07:06:37.952026] {Display Queue} wl_display#1.delete_id(9)
[07:06:37.952030] {Display Queue} wl_display#1.delete_id(21)
[07:06:37.952033] {Display Queue} wl_display#1.delete_id(28)
[07:06:37.952035] {Default Queue} wl_shm#7.format(0)
[07:06:37.952037] {Default Queue} wl_shm#7.format(1)
[07:06:37.952040] {Default Queue} wl_shm#7.format(875709016)
[07:06:37.952042] {Default Queue} wl_shm#7.format(875708993)
[07:06:37.952044] {Default Queue} wl_shm#7.format(808669784)
[07:06:37.952046] {Default Queue} wl_shm#7.format(808669761)
[07:06:37.952048] {Default Queue} wl_shm#7.format(808665688)
[07:06:37.952050] {Default Queue} wl_shm#7.format(808665665)
[07:06:37.952052] {Default Queue} wl_callback#9.done(82)
[07:06:37.952054] {Default Queue} org_kde_kwin_server_decoration_manager#14.default_mode(2)
[07:06:37.952058] {Default Queue} wl_output#19.scale(1)
[07:06:37.952060] {Default Queue} wl_output#19.mode(1, 800, 600, 60000)
[07:06:37.952064] {Default Queue} wl_output#19.geometry(0, 0, 0, 0, 1, "", "", 0)
[07:06:37.952068] {Default Queue} wl_output#19.done()
[07:06:37.952078] {Default Queue} zxdg_output_v1#20.name("WAYLAND-1")
[07:06:37.952081] {Default Queue} zxdg_output_v1#20.logical_position(0, 0)
[07:06:37.952083] {Default Queue} zxdg_output_v1#20.logical_size(800, 600)
[07:06:37.952086] {Default Queue} wl_output#19.done()
[07:06:37.952089] {Default Queue} wl_callback#21.done(82)
[07:06:37.952091] {Default Queue} wl_seat#22.name("Hyprland")
[07:06:37.952093] {Default Queue} wl_seat#22.capabilities(3)
[07:06:37.952096] {Default Queue}  -> wl_seat#22.get_pointer(new id wl_pointer#21)
[07:06:37.952101] {Default Queue}  -> zwp_pointer_gestures_v1#11.get_swipe_gesture(new id zwp_pointer_gesture_swipe_v1#9, wl_pointer#21)
[07:06:37.952106] {Default Queue}  -> zwp_pointer_gestures_v1#11.get_pinch_gesture(new id zwp_pointer_gesture_pinch_v1#29, wl_pointer#21)
[07:06:37.952109] {Default Queue}  -> wp_cursor_shape_manager_v1#10.get_pointer(new id wp_cursor_shape_device_v1#30, wl_pointer#21)
[07:06:37.952114] {Default Queue}  -> wl_seat#22.get_keyboard(new id wl_keyboard#31)
[07:06:37.952119] {Default Queue} wl_callback#28.done(82)
[07:06:37.952122] {Default Queue}  -> wl_registry#2.bind(37, "xdg_wm_base", 6, new id [unknown]#28)
[07:06:37.967176] {Default Queue}  -> wl_display#1.get_registry(new id wl_registry#32)
[07:06:37.967192] {Default Queue}  -> wl_display#1.sync(new id wl_callback#33)
[07:06:37.967287] {Display Queue} wl_display#1.delete_id(33)
[07:06:37.967291] {Default Queue} wl_keyboard#31.keymap(1, fd 5, 35572)
[07:06:37.968001] {Default Queue} wl_keyboard#31.repeat_info(25, 600)
[07:06:37.968013] {Default Queue} wl_registry#32.global(1, "wl_seat", 9)
[07:06:37.968021] {Default Queue} wl_registry#32.global(2, "wl_data_device_manager", 3)
[07:06:37.968024] {Default Queue} wl_registry#32.global(3, "wl_compositor", 6)
[07:06:37.968026] {Default Queue} wl_registry#32.global(4, "wl_subcompositor", 1)
[07:06:37.968028] {Default Queue} wl_registry#32.global(5, "wl_shm", 2)
[07:06:37.968031] {Default Queue} wl_registry#32.global(6, "wp_viewporter", 1)
[07:06:37.968033] {Default Queue} wl_registry#32.global(7, "wp_tearing_control_manager_v1", 1)
[07:06:37.968035] {Default Queue} wl_registry#32.global(8, "wp_fractional_scale_manager_v1", 1)
[07:06:37.968038] {Default Queue} wl_registry#32.global(9, "zxdg_output_manager_v1", 3)
[07:06:37.968040] {Default Queue} wl_registry#32.global(10, "wp_cursor_shape_manager_v1", 2)
[07:06:37.968042] {Default Queue} wl_registry#32.global(11, "zwp_idle_inhibit_manager_v1", 1)
[07:06:37.968045] {Default Queue} wl_registry#32.global(12, "zwp_relative_pointer_manager_v1", 1)
[07:06:37.968047] {Default Queue} wl_registry#32.global(13, "zxdg_decoration_manager_v1", 2)
[07:06:37.968049] {Default Queue} wl_registry#32.global(14, "wp_alpha_modifier_v1", 1)
[07:06:37.968051] {Default Queue} wl_registry#32.global(15, "zwlr_gamma_control_manager_v1", 1)
[07:06:37.968053] {Default Queue} wl_registry#32.global(16, "ext_foreign_toplevel_list_v1", 1)
[07:06:37.968056] {Default Queue} wl_registry#32.global(17, "zwp_pointer_gestures_v1", 3)
[07:06:37.968058] {Default Queue} wl_registry#32.global(18, "zwlr_foreign_toplevel_manager_v1", 3)
[07:06:37.968060] {Default Queue} wl_registry#32.global(19, "zwp_keyboard_shortcuts_inhibit_manager_v1", 1)
[07:06:37.968062] {Default Queue} wl_registry#32.global(20, "zwp_text_input_manager_v1", 1)
[07:06:37.968065] {Default Queue} wl_registry#32.global(21, "zwp_text_input_manager_v3", 1)
[07:06:37.968067] {Default Queue} wl_registry#32.global(22, "zwp_pointer_constraints_v1", 1)
[07:06:37.968069] {Default Queue} wl_registry#32.global(23, "zwlr_output_power_manager_v1", 1)
[07:06:37.968071] {Default Queue} wl_registry#32.global(24, "xdg_activation_v1", 1)
[07:06:37.968073] {Default Queue} wl_registry#32.global(25, "ext_idle_notifier_v1", 2)
[07:06:37.968075] {Default Queue} wl_registry#32.global(26, "hyprland_lock_notifier_v1", 1)
[07:06:37.968078] {Default Queue} wl_registry#32.global(27, "ext_session_lock_manager_v1", 1)
[07:06:37.968080] {Default Queue} wl_registry#32.global(28, "zwp_input_method_manager_v2", 1)
[07:06:37.968082] {Default Queue} wl_registry#32.global(29, "zwp_virtual_keyboard_manager_v1", 1)
[07:06:37.968084] {Default Queue} wl_registry#32.global(30, "zwlr_virtual_pointer_manager_v1", 2)
[07:06:37.968086] {Default Queue} wl_registry#32.global(31, "zwlr_output_manager_v1", 4)
[07:06:37.968088] {Default Queue} wl_registry#32.global(32, "org_kde_kwin_server_decoration_manager", 1)
[07:06:37.968091] {Default Queue} wl_registry#32.global(33, "hyprland_focus_grab_manager_v1", 1)
[07:06:37.968093] {Default Queue} wl_registry#32.global(34, "zwp_tablet_manager_v2", 1)
[07:06:37.968095] {Default Queue} wl_registry#32.global(35, "zwlr_layer_shell_v1", 5)
[07:06:37.968098] {Default Queue}  -> wl_registry#32.bind(35, "zwlr_layer_shell_v1", 4, new id [unknown]#34)
[07:06:37.968101] {Default Queue} wl_registry#32.global(36, "wp_presentation", 2)
[07:06:37.968103] {Default Queue} wl_registry#32.global(37, "xdg_wm_base", 7)
[07:06:37.968105] {Default Queue}  -> wl_registry#32.bind(37, "xdg_wm_base", 7, new id [unknown]#35)
[07:06:37.968108] {Default Queue} wl_registry#32.global(38, "zwlr_data_control_manager_v1", 2)
[07:06:37.968110] {Default Queue} wl_registry#32.global(39, "zwp_primary_selection_device_manager_v1", 1)
[07:06:37.968112] {Default Queue} wl_registry#32.global(40, "xwayland_shell_v1", 1)
[07:06:37.968114] {Default Queue} wl_registry#32.global(41, "hyprland_toplevel_mapping_manager_v1", 1)
[07:06:37.968117] {Default Queue} wl_registry#32.global(42, "hyprland_global_shortcuts_manager_v1", 1)
[07:06:37.968122] {Default Queue} wl_registry#32.global(43, "xdg_wm_dialog_v1", 1)
[07:06:37.968127] {Default Queue} wl_registry#32.global(44, "wp_single_pixel_buffer_manager_v1", 1)
[07:06:37.968129] {Default Queue} wl_registry#32.global(45, "wp_security_context_manager_v1", 1)
[07:06:37.968131] {Default Queue} wl_registry#32.global(46, "hyprland_ctm_control_manager_v1", 2)
[07:06:37.968134] {Default Queue} wl_registry#32.global(47, "hyprland_input_capture_manager_v1", 1)
[07:06:37.968136] {Default Queue} wl_registry#32.global(48, "hyprland_surface_manager_v1", 2)
[07:06:37.968138] {Default Queue} wl_registry#32.global(49, "wp_content_type_manager_v1", 1)
[07:06:37.968140] {Default Queue} wl_registry#32.global(50, "xdg_toplevel_tag_manager_v1", 1)
[07:06:37.968142] {Default Queue} wl_registry#32.global(51, "xdg_system_bell_v1", 1)
[07:06:37.968144] {Default Queue} wl_registry#32.global(52, "vicinae_hotkey_manager_v1", 1)
[07:06:37.968147] {Default Queue} wl_registry#32.global(53, "ext_workspace_manager_v1", 1)
[07:06:37.968149] {Default Queue} wl_registry#32.global(54, "ext_data_control_manager_v1", 1)
[07:06:37.968151] {Default Queue} wl_registry#32.global(55, "wp_pointer_warp_v1", 1)
[07:06:37.968153] {Default Queue} wl_registry#32.global(56, "wp_fifo_manager_v1", 1)
[07:06:37.968156] {Default Queue} wl_registry#32.global(57, "zxdg_exporter_v2", 1)
[07:06:37.968158] {Default Queue} wl_registry#32.global(58, "zxdg_importer_v2", 1)
[07:06:37.968161] {Default Queue} wl_registry#32.global(59, "ext_background_effect_manager_v1", 1)
[07:06:37.968163] {Default Queue} wl_registry#32.global(60, "wp_commit_timing_manager_v1", 1)
[07:06:37.968165] {Default Queue} wl_registry#32.global(61, "zwlr_screencopy_manager_v1", 3)
[07:06:37.968167] {Default Queue} wl_registry#32.global(62, "hyprland_toplevel_export_manager_v1", 2)
[07:06:37.968169] {Default Queue} wl_registry#32.global(63, "ext_output_image_capture_source_manager_v1", 1)
[07:06:37.968172] {Default Queue} wl_registry#32.global(64, "ext_foreign_toplevel_image_capture_source_manager_v1", 1)
[07:06:37.968174] {Default Queue} wl_registry#32.global(65, "ext_image_copy_capture_manager_v1", 1)
[07:06:37.968177] {Default Queue} wl_registry#32.global(66, "wp_color_manager_v1", 3)
[07:06:37.968179] {Default Queue} wl_registry#32.global(67, "wl_drm", 2)
[07:06:37.968182] {Default Queue} wl_registry#32.global(68, "zwp_linux_dmabuf_v1", 5)
[07:06:37.968185] {Default Queue} wl_registry#32.global(69, "wl_output", 4)
[07:06:37.968187] {Default Queue} wl_callback#33.done(82)
[07:06:37.993326] {Default Queue}  -> wl_compositor#5.create_surface(new id wl_surface#33)
[07:06:37.993619] {mesa egl display queue}  -> wl_display#1.get_registry(new id wl_registry#36)
[07:06:37.993627] {mesa egl display queue}  -> wl_display#1.sync(new id wl_callback#37)
[07:06:37.994063] {Display Queue} wl_display#1.delete_id(37)
[07:06:37.994076] {mesa egl display queue} wl_registry#36.global(1, "wl_seat", 9)
[07:06:37.994081] {mesa egl display queue} wl_registry#36.global(2, "wl_data_device_manager", 3)
[07:06:37.994083] {mesa egl display queue} wl_registry#36.global(3, "wl_compositor", 6)
[07:06:37.994085] {mesa egl display queue} wl_registry#36.global(4, "wl_subcompositor", 1)
[07:06:37.994087] {mesa egl display queue} wl_registry#36.global(5, "wl_shm", 2)
[07:06:37.994089] {mesa egl display queue} wl_registry#36.global(6, "wp_viewporter", 1)
[07:06:37.994091] {mesa egl display queue} wl_registry#36.global(7, "wp_tearing_control_manager_v1", 1)
[07:06:37.994092] {mesa egl display queue} wl_registry#36.global(8, "wp_fractional_scale_manager_v1", 1)
[07:06:37.994094] {mesa egl display queue} wl_registry#36.global(9, "zxdg_output_manager_v1", 3)
[07:06:37.994096] {mesa egl display queue} wl_registry#36.global(10, "wp_cursor_shape_manager_v1", 2)
[07:06:37.994098] {mesa egl display queue} wl_registry#36.global(11, "zwp_idle_inhibit_manager_v1", 1)
[07:06:37.994099] {mesa egl display queue} wl_registry#36.global(12, "zwp_relative_pointer_manager_v1", 1)
[07:06:37.994101] {mesa egl display queue} wl_registry#36.global(13, "zxdg_decoration_manager_v1", 2)
[07:06:37.994109] {mesa egl display queue} wl_registry#36.global(14, "wp_alpha_modifier_v1", 1)
[07:06:37.994117] {mesa egl display queue} wl_registry#36.global(15, "zwlr_gamma_control_manager_v1", 1)
[07:06:37.994119] {mesa egl display queue} wl_registry#36.global(16, "ext_foreign_toplevel_list_v1", 1)
[07:06:37.994121] {mesa egl display queue} wl_registry#36.global(17, "zwp_pointer_gestures_v1", 3)
[07:06:37.994123] {mesa egl display queue} wl_registry#36.global(18, "zwlr_foreign_toplevel_manager_v1", 3)
[07:06:37.994124] {mesa egl display queue} wl_registry#36.global(19, "zwp_keyboard_shortcuts_inhibit_manager_v1", 1)
[07:06:37.994126] {mesa egl display queue} wl_registry#36.global(20, "zwp_text_input_manager_v1", 1)
[07:06:37.994128] {mesa egl display queue} wl_registry#36.global(21, "zwp_text_input_manager_v3", 1)
[07:06:37.994130] {mesa egl display queue} wl_registry#36.global(22, "zwp_pointer_constraints_v1", 1)
[07:06:37.994132] {mesa egl display queue} wl_registry#36.global(23, "zwlr_output_power_manager_v1", 1)
[07:06:37.994134] {mesa egl display queue} wl_registry#36.global(24, "xdg_activation_v1", 1)
[07:06:37.994136] {mesa egl display queue} wl_registry#36.global(25, "ext_idle_notifier_v1", 2)
[07:06:37.994138] {mesa egl display queue} wl_registry#36.global(26, "hyprland_lock_notifier_v1", 1)
[07:06:37.994140] {mesa egl display queue} wl_registry#36.global(27, "ext_session_lock_manager_v1", 1)
[07:06:37.994142] {mesa egl display queue} wl_registry#36.global(28, "zwp_input_method_manager_v2", 1)
[07:06:37.994144] {mesa egl display queue} wl_registry#36.global(29, "zwp_virtual_keyboard_manager_v1", 1)
[07:06:37.994146] {mesa egl display queue} wl_registry#36.global(30, "zwlr_virtual_pointer_manager_v1", 2)
[07:06:37.994148] {mesa egl display queue} wl_registry#36.global(31, "zwlr_output_manager_v1", 4)
[07:06:37.994150] {mesa egl display queue} wl_registry#36.global(32, "org_kde_kwin_server_decoration_manager", 1)
[07:06:37.994151] {mesa egl display queue} wl_registry#36.global(33, "hyprland_focus_grab_manager_v1", 1)
[07:06:37.994153] {mesa egl display queue} wl_registry#36.global(34, "zwp_tablet_manager_v2", 1)
[07:06:37.994155] {mesa egl display queue} wl_registry#36.global(35, "zwlr_layer_shell_v1", 5)
[07:06:37.994157] {mesa egl display queue} wl_registry#36.global(36, "wp_presentation", 2)
[07:06:37.994160] {mesa egl display queue}  -> wl_registry#36.bind(36, "wp_presentation", 1, new id [unknown]#38)
[07:06:37.994163] {mesa egl display queue} wl_registry#36.global(37, "xdg_wm_base", 7)
[07:06:37.994165] {mesa egl display queue} wl_registry#36.global(38, "zwlr_data_control_manager_v1", 2)
[07:06:37.994167] {mesa egl display queue} wl_registry#36.global(39, "zwp_primary_selection_device_manager_v1", 1)
[07:06:37.994169] {mesa egl display queue} wl_registry#36.global(40, "xwayland_shell_v1", 1)
[07:06:37.994171] {mesa egl display queue} wl_registry#36.global(41, "hyprland_toplevel_mapping_manager_v1", 1)
[07:06:37.994173] {mesa egl display queue} wl_registry#36.global(42, "hyprland_global_shortcuts_manager_v1", 1)
[07:06:37.994175] {mesa egl display queue} wl_registry#36.global(43, "xdg_wm_dialog_v1", 1)
[07:06:37.994177] {mesa egl display queue} wl_registry#36.global(44, "wp_single_pixel_buffer_manager_v1", 1)
[07:06:37.994179] {mesa egl display queue} wl_registry#36.global(45, "wp_security_context_manager_v1", 1)
[07:06:37.994181] {mesa egl display queue} wl_registry#36.global(46, "hyprland_ctm_control_manager_v1", 2)
[07:06:37.994183] {mesa egl display queue} wl_registry#36.global(47, "hyprland_input_capture_manager_v1", 1)
[07:06:37.994186] {mesa egl display queue} wl_registry#36.global(48, "hyprland_surface_manager_v1", 2)
[07:06:37.994188] {mesa egl display queue} wl_registry#36.global(49, "wp_content_type_manager_v1", 1)
[07:06:37.994191] {mesa egl display queue} wl_registry#36.global(50, "xdg_toplevel_tag_manager_v1", 1)
[07:06:37.994193] {mesa egl display queue} wl_registry#36.global(51, "xdg_system_bell_v1", 1)
[07:06:37.994197] {mesa egl display queue} wl_registry#36.global(52, "vicinae_hotkey_manager_v1", 1)
[07:06:37.994200] {mesa egl display queue} wl_registry#36.global(53, "ext_workspace_manager_v1", 1)
[07:06:37.994202] {mesa egl display queue} wl_registry#36.global(54, "ext_data_control_manager_v1", 1)
[07:06:37.994205] {mesa egl display queue} wl_registry#36.global(55, "wp_pointer_warp_v1", 1)
[07:06:37.994207] {mesa egl display queue} wl_registry#36.global(56, "wp_fifo_manager_v1", 1)
[07:06:37.994209] {mesa egl display queue} wl_registry#36.global(57, "zxdg_exporter_v2", 1)
[07:06:37.994211] {mesa egl display queue} wl_registry#36.global(58, "zxdg_importer_v2", 1)
[07:06:37.994214] {mesa egl display queue} wl_registry#36.global(59, "ext_background_effect_manager_v1", 1)
[07:06:37.994216] {mesa egl display queue} wl_registry#36.global(60, "wp_commit_timing_manager_v1", 1)
[07:06:37.994218] {mesa egl display queue} wl_registry#36.global(61, "zwlr_screencopy_manager_v1", 3)
[07:06:37.994221] {mesa egl display queue} wl_registry#36.global(62, "hyprland_toplevel_export_manager_v1", 2)
[07:06:37.994223] {mesa egl display queue} wl_registry#36.global(63, "ext_output_image_capture_source_manager_v1", 1)
[07:06:37.994225] {mesa egl display queue} wl_registry#36.global(64, "ext_foreign_toplevel_image_capture_source_manager_v1", 1)
[07:06:37.994228] {mesa egl display queue} wl_registry#36.global(65, "ext_image_copy_capture_manager_v1", 1)
[07:06:37.994230] {mesa egl display queue} wl_registry#36.global(66, "wp_color_manager_v1", 3)
[07:06:37.994233] {mesa egl display queue} wl_registry#36.global(67, "wl_drm", 2)
[07:06:37.994235] {mesa egl display queue} wl_registry#36.global(68, "zwp_linux_dmabuf_v1", 5)
[07:06:37.994238] {mesa egl display queue}  -> wl_registry#36.bind(68, "zwp_linux_dmabuf_v1", 4, new id [unknown]#39)
[07:06:37.994240] {mesa egl display queue} wl_registry#36.global(69, "wl_output", 4)
[07:06:37.994243] {mesa egl display queue} wl_callback#37.done(82)
[07:06:37.994245] {mesa egl display queue}  -> zwp_linux_dmabuf_v1#39.get_default_feedback(new id zwp_linux_dmabuf_feedback_v1#37)
[07:06:37.994250] {mesa egl display queue}  -> wl_display#1.sync(new id wl_callback#40)
[07:06:37.994553] {Display Queue} wl_display#1.delete_id(40)
[07:06:37.994567] {mesa egl display queue} wp_presentation#38.clock_id(1)
[07:06:37.994571] {mesa egl display queue} zwp_linux_dmabuf_feedback_v1#37.format_table(fd 11, 2960)
[07:06:37.994583] {mesa egl display queue} zwp_linux_dmabuf_feedback_v1#37.main_device(array[8])
[07:06:37.994844] {mesa egl display queue} zwp_linux_dmabuf_feedback_v1#37.tranche_target_device(array[8])
[07:06:37.994847] {mesa egl display queue} zwp_linux_dmabuf_feedback_v1#37.tranche_flags(0)
[07:06:37.994850] {mesa egl display queue} zwp_linux_dmabuf_feedback_v1#37.tranche_formats(array[370])
[07:06:37.994857] {mesa egl display queue} zwp_linux_dmabuf_feedback_v1#37.tranche_done()
[07:06:37.994859] {mesa egl display queue} zwp_linux_dmabuf_feedback_v1#37.done()
[07:06:37.994861] {mesa egl display queue} wl_callback#40.done(82)
[07:06:37.994863] {mesa egl display queue}  -> zwp_linux_dmabuf_feedback_v1#37.destroy()
[07:06:38.006321] {Default Queue}  -> wl_surface#33.destroy()
[07:06:38.006399] {Default Queue}  -> wl_compositor#5.create_surface(new id wl_surface#40)
[07:06:38.009427] {Default Queue}  -> wl_surface#40.destroy()
view-process-policy: related=1 distinct-manager=1
view-process-policy: related=1 distinct-manager=1
[07:06:38.021649] {Default Queue}  -> wl_compositor#5.create_surface(new id wl_surface#41)
[07:06:38.022011] {Default Queue}  -> wl_display#1.get_registry(new id wl_registry#42)
[07:06:38.022060] {Default Queue}  -> wl_surface#41.attach(nil, 0, 0)
[07:06:38.022066] {Default Queue}  -> zwlr_layer_shell_v1#34.get_layer_surface(new id zwlr_layer_surface_v1#43, wl_surface#41, wl_output#19, 2, "elm-shell-recovery-v17")
[07:06:38.022071] {Default Queue}  -> zwlr_layer_surface_v1#43.set_keyboard_interactivity(0)
[07:06:38.022073] {Default Queue}  -> zwlr_layer_surface_v1#43.set_exclusive_zone(48)
[07:06:38.022079] {Default Queue}  -> zwlr_layer_surface_v1#43.set_anchor(13)
[07:06:38.022087] {Default Queue}  -> zwlr_layer_surface_v1#43.set_margin(0, 0, 0, 0)
[07:06:38.022089] {Default Queue}  -> zwlr_layer_surface_v1#43.set_size(0, 48)
[07:06:38.022092] {Default Queue}  -> wl_surface#41.commit()
[07:06:38.022094] {Default Queue}  -> wl_display#1.sync(new id wl_callback#44)
[07:06:38.022289] {Display Queue} wl_display#1.delete_id(37)
[07:06:38.022293] {Display Queue} wl_display#1.delete_id(33)
[07:06:38.022295] {Display Queue} wl_display#1.delete_id(40)
[07:06:38.022297] {Display Queue} wl_display#1.delete_id(44)
[07:06:38.022299] {Default Queue} wl_registry#42.global(1, "wl_seat", 9)
[07:06:38.022301] {Default Queue} wl_registry#42.global(2, "wl_data_device_manager", 3)
[07:06:38.022304] {Default Queue} wl_registry#42.global(3, "wl_compositor", 6)
[07:06:38.022306] {Default Queue} wl_registry#42.global(4, "wl_subcompositor", 1)
[07:06:38.022308] {Default Queue} wl_registry#42.global(5, "wl_shm", 2)
[07:06:38.022310] {Default Queue} wl_registry#42.global(6, "wp_viewporter", 1)
[07:06:38.022312] {Default Queue} wl_registry#42.global(7, "wp_tearing_control_manager_v1", 1)
[07:06:38.022314] {Default Queue} wl_registry#42.global(8, "wp_fractional_scale_manager_v1", 1)
[07:06:38.022316] {Default Queue} wl_registry#42.global(9, "zxdg_output_manager_v1", 3)
[07:06:38.022318] {Default Queue} wl_registry#42.global(10, "wp_cursor_shape_manager_v1", 2)
[07:06:38.022320] {Default Queue} wl_registry#42.global(11, "zwp_idle_inhibit_manager_v1", 1)
[07:06:38.022323] {Default Queue} wl_registry#42.global(12, "zwp_relative_pointer_manager_v1", 1)
[07:06:38.022324] {Default Queue} wl_registry#42.global(13, "zxdg_decoration_manager_v1", 2)
[07:06:38.022326] {Default Queue} wl_registry#42.global(14, "wp_alpha_modifier_v1", 1)
[07:06:38.022328] {Default Queue} wl_registry#42.global(15, "zwlr_gamma_control_manager_v1", 1)
[07:06:38.022331] {Default Queue} wl_registry#42.global(16, "ext_foreign_toplevel_list_v1", 1)
[07:06:38.022332] {Default Queue} wl_registry#42.global(17, "zwp_pointer_gestures_v1", 3)
[07:06:38.022335] {Default Queue} wl_registry#42.global(18, "zwlr_foreign_toplevel_manager_v1", 3)
[07:06:38.022336] {Default Queue} wl_registry#42.global(19, "zwp_keyboard_shortcuts_inhibit_manager_v1", 1)
[07:06:38.022338] {Default Queue} wl_registry#42.global(20, "zwp_text_input_manager_v1", 1)
[07:06:38.022341] {Default Queue} wl_registry#42.global(21, "zwp_text_input_manager_v3", 1)
[07:06:38.022343] {Default Queue}  -> wl_registry#42.bind(21, "zwp_text_input_manager_v3", 1, new id [unknown]#40)
[07:06:38.022346] {Default Queue}  -> zwp_text_input_manager_v3#40.get_text_input(new id zwp_text_input_v3#33, wl_seat#22)
[07:06:38.022349] {Default Queue} wl_registry#42.global(22, "zwp_pointer_constraints_v1", 1)
[07:06:38.022351] {Default Queue} wl_registry#42.global(23, "zwlr_output_power_manager_v1", 1)
[07:06:38.022353] {Default Queue} wl_registry#42.global(24, "xdg_activation_v1", 1)
[07:06:38.022355] {Default Queue} wl_registry#42.global(25, "ext_idle_notifier_v1", 2)
[07:06:38.022356] {Default Queue} wl_registry#42.global(26, "hyprland_lock_notifier_v1", 1)
[07:06:38.022358] {Default Queue} wl_registry#42.global(27, "ext_session_lock_manager_v1", 1)
[07:06:38.022360] {Default Queue} wl_registry#42.global(28, "zwp_input_method_manager_v2", 1)
[07:06:38.022362] {Default Queue} wl_registry#42.global(29, "zwp_virtual_keyboard_manager_v1", 1)
[07:06:38.022363] {Default Queue} wl_registry#42.global(30, "zwlr_virtual_pointer_manager_v1", 2)
[07:06:38.022365] {Default Queue} wl_registry#42.global(31, "zwlr_output_manager_v1", 4)
[07:06:38.022367] {Default Queue} wl_registry#42.global(32, "org_kde_kwin_server_decoration_manager", 1)
[07:06:38.022369] {Default Queue} wl_registry#42.global(33, "hyprland_focus_grab_manager_v1", 1)
[07:06:38.022371] {Default Queue} wl_registry#42.global(34, "zwp_tablet_manager_v2", 1)
[07:06:38.022372] {Default Queue} wl_registry#42.global(35, "zwlr_layer_shell_v1", 5)
[07:06:38.022374] {Default Queue} wl_registry#42.global(36, "wp_presentation", 2)
[07:06:38.022378] {Default Queue} wl_registry#42.global(37, "xdg_wm_base", 7)
[07:06:38.022381] {Default Queue} wl_registry#42.global(38, "zwlr_data_control_manager_v1", 2)
[07:06:38.022383] {Default Queue} wl_registry#42.global(39, "zwp_primary_selection_device_manager_v1", 1)
[07:06:38.022385] {Default Queue} wl_registry#42.global(40, "xwayland_shell_v1", 1)
[07:06:38.022388] {Default Queue} wl_registry#42.global(41, "hyprland_toplevel_mapping_manager_v1", 1)
[07:06:38.022390] {Default Queue} wl_registry#42.global(42, "hyprland_global_shortcuts_manager_v1", 1)
[07:06:38.022392] {Default Queue} wl_registry#42.global(43, "xdg_wm_dialog_v1", 1)
[07:06:38.022394] {Default Queue} wl_registry#42.global(44, "wp_single_pixel_buffer_manager_v1", 1)
[07:06:38.022396] {Default Queue} wl_registry#42.global(45, "wp_security_context_manager_v1", 1)
[07:06:38.022398] {Default Queue} wl_registry#42.global(46, "hyprland_ctm_control_manager_v1", 2)
[07:06:38.022400] {Default Queue} wl_registry#42.global(47, "hyprland_input_capture_manager_v1", 1)
[07:06:38.022402] {Default Queue} wl_registry#42.global(48, "hyprland_surface_manager_v1", 2)
[07:06:38.022404] {Default Queue} wl_registry#42.global(49, "wp_content_type_manager_v1", 1)
[07:06:38.022406] {Default Queue} wl_registry#42.global(50, "xdg_toplevel_tag_manager_v1", 1)
[07:06:38.022408] {Default Queue} wl_registry#42.global(51, "xdg_system_bell_v1", 1)
[07:06:38.022410] {Default Queue} wl_registry#42.global(52, "vicinae_hotkey_manager_v1", 1)
[07:06:38.022412] {Default Queue} wl_registry#42.global(53, "ext_workspace_manager_v1", 1)
[07:06:38.022414] {Default Queue} wl_registry#42.global(54, "ext_data_control_manager_v1", 1)
[07:06:38.022416] {Default Queue} wl_registry#42.global(55, "wp_pointer_warp_v1", 1)
[07:06:38.022418] {Default Queue} wl_registry#42.global(56, "wp_fifo_manager_v1", 1)
[07:06:38.022420] {Default Queue} wl_registry#42.global(57, "zxdg_exporter_v2", 1)
[07:06:38.022422] {Default Queue} wl_registry#42.global(58, "zxdg_importer_v2", 1)
[07:06:38.022425] {Default Queue} wl_registry#42.global(59, "ext_background_effect_manager_v1", 1)
[07:06:38.022427] {Default Queue} wl_registry#42.global(60, "wp_commit_timing_manager_v1", 1)
[07:06:38.022429] {Default Queue} wl_registry#42.global(61, "zwlr_screencopy_manager_v1", 3)
[07:06:38.022431] {Default Queue} wl_registry#42.global(62, "hyprland_toplevel_export_manager_v1", 2)
[07:06:38.022433] {Default Queue} wl_registry#42.global(63, "ext_output_image_capture_source_manager_v1", 1)
[07:06:38.022435] {Default Queue} wl_registry#42.global(64, "ext_foreign_toplevel_image_capture_source_manager_v1", 1)
[07:06:38.022437] {Default Queue} wl_registry#42.global(65, "ext_image_copy_capture_manager_v1", 1)
[07:06:38.022439] {Default Queue} wl_registry#42.global(66, "wp_color_manager_v1", 3)
[07:06:38.022441] {Default Queue} wl_registry#42.global(67, "wl_drm", 2)
[07:06:38.022443] {Default Queue} wl_registry#42.global(68, "zwp_linux_dmabuf_v1", 5)
[07:06:38.022445] {Default Queue} wl_registry#42.global(69, "wl_output", 4)
[07:06:38.022447] {Default Queue} zwlr_layer_surface_v1#43.configure(83, 800, 48)
[07:06:38.022449] {Default Queue}  -> zwlr_layer_surface_v1#43.ack_configure(83)
[07:06:38.022452] {Default Queue} wl_callback#44.done(85)
[07:06:38.022486] {Default Queue}  -> wl_surface#41.commit()
view-added: id=1 geometry=0,0,800,600
shared-host-start: views=1 controllers=1 backend-clients=1 sandbox=1
[07:06:38.023105] {Default Queue} zwlr_layer_surface_v1#43.configure(86, 800, 48)
[07:06:38.023111] {Default Queue}  -> zwlr_layer_surface_v1#43.ack_configure(86)
[07:06:38.026854] {Default Queue}  -> wl_surface#41.set_buffer_scale(1)
[07:06:38.026922] {Default Queue}  -> wl_shm#7.create_pool(new id wl_shm_pool#44, fd 23, 153600)
[07:06:38.026932] {Default Queue}  -> wl_shm_pool#44.create_buffer(new id wl_buffer#37, 0, 800, 48, 3200, 0)
[07:06:38.027051] {Default Queue}  -> wl_surface#41.attach(wl_buffer#37, 0, 0)
[07:06:38.027056] {Default Queue}  -> wl_surface#41.set_buffer_scale(1)
[07:06:38.027059] {Default Queue}  -> wl_surface#41.damage(0, 0, 800, 48)
[07:06:38.027065] {Default Queue}  -> wl_compositor#5.create_region(new id wl_region#45)
[07:06:38.027072] {Default Queue}  -> wl_region#45.add(0, 0, 800, 48)
[07:06:38.027074] {Default Queue}  -> wl_surface#41.set_opaque_region(wl_region#45)
[07:06:38.027076] {Default Queue}  -> wl_region#45.destroy()
[07:06:38.027079] {Default Queue}  -> wl_surface#41.set_input_region(nil)
[07:06:38.027083] {Default Queue}  -> wl_surface#41.frame(new id wl_callback#46)
[07:06:38.027086] {Default Queue}  -> wl_surface#41.commit()
[07:06:38.027417] {Display Queue} wl_display#1.delete_id(45)
[07:06:38.027422] {Display Queue} wl_display#1.delete_id(46)
[07:06:38.027425] {Default Queue} wl_callback#46.done(65702669)
[07:06:38.027427] {Default Queue} wl_surface#41.enter(wl_output#19)
[07:06:38.027429] {Default Queue} wl_buffer#37.release()
[07:06:38.129776] {Default Queue}  -> wl_surface#41.set_buffer_scale(1)
[07:06:38.129801] {mesa egl surface queue}  -> zwp_linux_dmabuf_v1#39.get_surface_feedback(new id zwp_linux_dmabuf_feedback_v1#46, wl_surface#41)
[07:06:38.129812] {mesa egl display queue}  -> wl_display#1.sync(new id wl_callback#45)
[07:06:38.129852] {Display Queue} wl_display#1.delete_id(45)
[07:06:38.129858] {mesa egl display queue} wl_callback#45.done(86)
[07:06:38.129868] {mesa egl surface queue} zwp_linux_dmabuf_feedback_v1#46.format_table(fd 31, 2960)
[07:06:38.129878] {mesa egl surface queue} zwp_linux_dmabuf_feedback_v1#46.main_device(array[8])
[07:06:38.129881] {mesa egl surface queue} zwp_linux_dmabuf_feedback_v1#46.tranche_target_device(array[8])
[07:06:38.129884] {mesa egl surface queue} zwp_linux_dmabuf_feedback_v1#46.tranche_flags(0)
[07:06:38.129887] {mesa egl surface queue} zwp_linux_dmabuf_feedback_v1#46.tranche_formats(array[370])
[07:06:38.129892] {mesa egl surface queue} zwp_linux_dmabuf_feedback_v1#46.tranche_done()
[07:06:38.129896] {mesa egl surface queue} zwp_linux_dmabuf_feedback_v1#46.done()
[07:06:38.132259] {Default Queue}  -> wl_surface#41.attach(wl_buffer#37, 0, 0)
[07:06:38.132275] {Default Queue}  -> wl_surface#41.set_buffer_scale(1)
[07:06:38.132280] {Default Queue}  -> wl_surface#41.damage(0, 0, 800, 48)
[07:06:38.132294] {Default Queue}  -> wl_surface#41.frame(new id wl_callback#45)
[07:06:38.132299] {Default Queue}  -> wl_surface#41.commit()
[07:06:38.133726] {Default Queue} wl_buffer#37.release()
view-topology: {"viewProtocol":1,"kind":"view-topology","revision":"1","views":[{"id":"1","generation":"1"}]}

** (process:2): WARNING **: 01:06:38.137: Failed to get atspi registered event listeners: GDBus.Error:org.freedesktop.DBus.Error.NameHasNoOwner: Could not activate remote peer 'org.a11y.atspi.Registry': unit failed

surface-report: origin=bar {"kind":"surface-report","body":{"publication":null,"lease":null,"buttons":[],"focus":"","text":""}}
view-report: id=1 x=0 y=0 {"kind":"surface-report","body":{"publication":null,"lease":null,"buttons":[],"focus":"","text":""}}
view-refused: commit-preflight
[07:06:38.145278] {Display Queue} wl_display#1.delete_id(45)
[07:06:38.145285] {Default Queue} wl_callback#45.done(65702787)
surface-inspection: {"surfaceProtocol":2,"kind":"surface-inspection","publication":"0","lease":"0","body":{"phase":"Detached","transaction":"Idle","groups":[],"picker":null,"openerId":"applications:detached:0:control:opener","reconnectId":"reconnect"}}
[07:06:38.145389] {Default Queue}  -> wl_buffer#37.destroy()
[07:06:38.145395] {Default Queue}  -> wl_shm_pool#44.destroy()
[07:06:38.149349] {mesa egl display queue}  -> zwp_linux_dmabuf_v1#39.create_params(new id zwp_linux_buffer_params_v1#45)
[07:06:38.149372] {mesa egl surface queue}  -> zwp_linux_buffer_params_v1#45.add(fd 24, 0, 0, 3584, 16777216, 15)
[07:06:38.149379] {mesa egl surface queue}  -> zwp_linux_buffer_params_v1#45.add(fd 26, 1, 229376, 448, 16777216, 15)
[07:06:38.149383] {mesa egl surface queue}  -> zwp_linux_buffer_params_v1#45.add(fd 27, 2, 233472, 64, 16777216, 15)
[07:06:38.149387] {mesa egl surface queue}  -> zwp_linux_buffer_params_v1#45.create_immed(new id wl_buffer#47, 800, 48, 875713089, 0)
[07:06:38.149402] {mesa egl surface queue}  -> zwp_linux_buffer_params_v1#45.destroy()
[07:06:38.149406] {mesa egl surface queue}  -> wl_surface#41.attach(wl_buffer#47, 0, 0)
[07:06:38.149409] {mesa egl surface queue}  -> wl_surface#41.damage(0, 0, 2147483647, 2147483647)
[07:06:38.149412] {mesa egl surface queue}  -> wl_surface#41.commit()
[07:06:38.149415] {mesa egl surface queue}  -> wl_display#1.sync(new id wl_callback#48)
[07:06:38.149769] discarded [unknown]#37.[event 0](0 fd, 8 byte)
[07:06:38.149786] {Display Queue} wl_display#1.delete_id(37)
[07:06:38.149791] {Display Queue} wl_display#1.delete_id(44)
[07:06:38.149798] {Display Queue} wl_display#1.delete_id(45)
[07:06:38.149800] {Display Queue} wl_display#1.delete_id(48)
backend-frame: {"protocolVersion":3,"kind":"attached","binding":{"lifetime":"2715172761033866138","session":"3572039335554073173","frontend":"1"},"compositor":{"pid":326787,"instance":"efb50993780079460b0cbed1363e2166a2de1d9f_1791097591_237202560","coreHash":"efb50993780079460b0cbed1363e2166a2de1d9f_aq_0.15_hu_0.14_hg_0.5_hc_0.1_hlg_0.6"},"capabilities":{"observe":true,"effects":true,"minimizedState":true,"effectProtocol":1,"operations":["minimize","restore","activate"],"canonicalScene":false,"taskbarProjectionProtocol":1,"effectInvalidationProtocol":1}}
backend-frame: {"protocolVersion":3,"kind":"host-uncertain","binding":{"lifetime":"2715172761033866138","session":"3572039335554073173","frontend":"1"},"intent":{"request":"2","generation":"2","incarnation":"1","operation":"activate","context":{"lifetime":"2715172761033866138","epoch":"1","output":"1","revision":"4"}}}
frontend-request: {"protocolVersion":3,"kind":"projection-request","binding":{"lifetime":"2715172761033866138","session":"3572039335554073173","frontend":"1"},"requestId":"1"}
surface-commit: publication=1 lease=0 open=0
view-commit: popup=0 focus=1 publication=1
surface-inspection: {"surfaceProtocol":2,"kind":"surface-inspection","publication":"1","lease":"0","body":{"phase":"Awaiting","transaction":"Idle","groups":[],"picker":null,"openerId":"applications:{\"lifetime\":\"2715172761033866138\",\"session\":\"3572039335554073173\",\"frontend\":\"1\"}:1:control:opener","reconnectId":"reconnect"}}
backend-frame: {"protocolVersion":3,"kind":"action-projection","binding":{"lifetime":"2715172761033866138","session":"3572039335554073173","frontend":"1"},"requestId":"1","context":{"lifetime":"2715172761033866138","epoch":"1","output":"1","revision":"5"},"scene":{"revision":"5","focused":"1","windows":[{"incarnation":"2","application":"GTK Application","label":"ELM-AUTHORITY-FIXTURE","minimized":false,"owner":null,"available":true},{"incarnation":"1","application":"GTK Application","label":"ELM-ACTIVATION-PEER","minimized":false,"owner":null,"available":true}]}}
surface-commit: publication=2 lease=0 open=0
view-commit: popup=0 focus=1 publication=2
surface-inspection: {"surfaceProtocol":2,"kind":"surface-inspection","publication":"2","lease":"0","body":{"phase":"Awaiting","transaction":"Unknown","groups":[],"picker":null,"openerId":"applications:{\"lifetime\":\"2715172761033866138\",\"session\":\"3572039335554073173\",\"frontend\":\"1\"}:1:control:opener","reconnectId":"reconnect"}}
surface-commit: publication=3 lease=0 open=0
view-commit: popup=0 focus=1 publication=3
surface-inspection: {"surfaceProtocol":2,"kind":"surface-inspection","publication":"3","lease":"0","body":{"phase":"Coherent","transaction":"Unknown","groups":[{"key":"application:GTK Application","domId":"group:{\"lifetime\":\"2715172761033866138\",\"session\":\"3572039335554073173\",\"frontend\":\"1\"}:1:5:application:GTK Application","title":"ELM-ACTIVATION-PEER","active":true,"expanded":false}],"picker":null,"openerId":"applications:{\"lifetime\":\"2715172761033866138\",\"session\":\"3572039335554073173\",\"frontend\":\"1\"}:1:control:opener","reconnectId":"reconnect"}}
[07:06:38.227220] {mesa egl surface queue} wl_callback#48.done(86)
[07:06:38.227573] {mesa egl display queue}  -> zwp_linux_dmabuf_v1#39.create_params(new id zwp_linux_buffer_params_v1#48)
[07:06:38.227597] {mesa egl surface queue}  -> zwp_linux_buffer_params_v1#48.add(fd 24, 0, 0, 3584, 16777216, 15)
[07:06:38.227613] {mesa egl surface queue}  -> zwp_linux_buffer_params_v1#48.add(fd 26, 1, 229376, 448, 16777216, 15)
[07:06:38.227618] {mesa egl surface queue}  -> zwp_linux_buffer_params_v1#48.add(fd 27, 2, 233472, 64, 16777216, 15)
[07:06:38.227622] {mesa egl surface queue}  -> zwp_linux_buffer_params_v1#48.create_immed(new id wl_buffer#45, 800, 48, 875713089, 0)
[07:06:38.227628] {mesa egl surface queue}  -> zwp_linux_buffer_params_v1#48.destroy()
[07:06:38.227632] {mesa egl surface queue}  -> wl_surface#41.attach(wl_buffer#45, 0, 0)
[07:06:38.227635] {mesa egl surface queue}  -> wl_surface#41.damage(0, 0, 2147483647, 2147483647)
[07:06:38.227638] {mesa egl surface queue}  -> wl_surface#41.commit()
[07:06:38.227641] {mesa egl surface queue}  -> wl_display#1.sync(new id wl_callback#44)
[07:06:38.227865] {Display Queue} wl_display#1.delete_id(48)
[07:06:38.227875] {Display Queue} wl_display#1.delete_id(44)
surface-report: origin=bar {"kind":"surface-report","body":{"publication":"3","lease":"0","buttons":[{"id":"applications:{\"lifetime\":\"2715172761033866138\",\"session\":\"3572039335554073173\",\"frontend\":\"1\"}:1:control:opener","label":"Applications","accessibleName":"Open applications","disabled":false,"x":3,"y":3,"width":112.28125,"height":36},{"id":"group:{\"lifetime\":\"2715172761033866138\",\"session\":\"3572039335554073173\",\"frontend\":\"1\"}:1:5:application:GTK Application","label":"ELM-ACTIVATION-PEER2","accessibleName":"Choose a window from ELM-ACTIVATION-PEER","disabled":false,"x":121.28125,"y":3,"width":215.65625,"height":36}],"focus":"","text":"ApplicationsELM-ACTIVATION-PEER2Connected The last request could not be confirmed."}}
view-report: id=1 x=0 y=0 {"kind":"surface-report","body":{"publication":"3","lease":"0","buttons":[{"id":"applications:{\"lifetime\":\"2715172761033866138\",\"session\":\"3572039335554073173\",\"frontend\":\"1\"}:1:control:opener","label":"Applications","accessibleName":"Open applications","disabled":false,"x":3,"y":3,"width":112.28125,"height":36},{"id":"group:{\"lifetime\":\"2715172761033866138\",\"session\":\"3572039335554073173\",\"frontend\":\"1\"}:1:5:application:GTK Application","label":"ELM-ACTIVATION-PEER2","accessibleName":"Choose a window from ELM-ACTIVATION-PEER","disabled":false,"x":121.28125,"y":3,"width":215.65625,"height":36}],"focus":"","text":"ApplicationsELM-ACTIVATION-PEER2Connected The last request could not be confirmed."}}
[07:06:38.810368] {Default Queue} wl_pointer#21.enter(87, wl_surface#41, 229.00000000, 21.00000000)
[07:06:38.810404] {Default Queue} wl_pointer#21.frame()
[07:06:38.810469] {Default Queue}  -> wp_cursor_shape_device_v1#30.set_shape(87, 1)
[07:06:38.810477] {Default Queue} wl_pointer#21.motion(65703452, 229.00000000, 21.00000000)
[07:06:38.810481] {Default Queue} wl_pointer#21.frame()
[07:06:38.910834] {Default Queue} wl_pointer#21.button(88, 65703553, 272, 1)
[07:06:38.910864] {Default Queue} wl_pointer#21.frame()
surface-report: origin=bar {"kind":"surface-report","body":{"publication":"3","lease":"0","buttons":[{"id":"applications:{\"lifetime\":\"2715172761033866138\",\"session\":\"3572039335554073173\",\"frontend\":\"1\"}:1:control:opener","label":"Applications","accessibleName":"Open applications","disabled":false,"x":3,"y":3,"width":112.28125,"height":36},{"id":"group:{\"lifetime\":\"2715172761033866138\",\"session\":\"3572039335554073173\",\"frontend\":\"1\"}:1:5:application:GTK Application","label":"ELM-ACTIVATION-PEER2","accessibleName":"Choose a window from ELM-ACTIVATION-PEER","disabled":false,"x":121.28125,"y":3,"width":215.65625,"height":36}],"focus":"group:{\"lifetime\":\"2715172761033866138\",\"session\":\"3572039335554073173\",\"frontend\":\"1\"}:1:5:application:GTK Application","text":"ApplicationsELM-ACTIVATION-PEER2Connected The last request could not be confirmed."}}
view-report: id=1 x=0 y=0 {"kind":"surface-report","body":{"publication":"3","lease":"0","buttons":[{"id":"applications:{\"lifetime\":\"2715172761033866138\",\"session\":\"3572039335554073173\",\"frontend\":\"1\"}:1:control:opener","label":"Applications","accessibleName":"Open applications","disabled":false,"x":3,"y":3,"width":112.28125,"height":36},{"id":"group:{\"lifetime\":\"2715172761033866138\",\"session\":\"3572039335554073173\",\"frontend\":\"1\"}:1:5:application:GTK Application","label":"ELM-ACTIVATION-PEER2","accessibleName":"Choose a window from ELM-ACTIVATION-PEER","disabled":false,"x":121.28125,"y":3,"width":215.65625,"height":36}],"focus":"group:{\"lifetime\":\"2715172761033866138\",\"session\":\"3572039335554073173\",\"frontend\":\"1\"}:1:5:application:GTK Application","text":"ApplicationsELM-ACTIVATION-PEER2Connected The last request could not be confirmed."}}
[07:06:38.961374] {Default Queue} wl_pointer#21.button(89, 65703603, 272, 0)
[07:06:38.961424] {Default Queue} wl_pointer#21.frame()
[07:06:38.965677] {Default Queue}  -> wl_compositor#5.create_surface(new id wl_surface#48)
[07:06:38.965919] {Default Queue}  -> wl_surface#48.attach(nil, 0, 0)
[07:06:38.965929] {Default Queue}  -> xdg_wm_base#35.create_positioner(new id xdg_positioner#37)
[07:06:38.965935] {Default Queue}  -> xdg_positioner#37.set_size(700, 420)
[07:06:38.965938] {Default Queue}  -> xdg_positioner#37.set_anchor_rect(50, 0, 1, 48)
[07:06:38.965941] {Default Queue}  -> xdg_positioner#37.set_offset(0, 0)
[07:06:38.965944] {Default Queue}  -> xdg_positioner#37.set_anchor(6)
[07:06:38.965946] {Default Queue}  -> xdg_positioner#37.set_gravity(8)
[07:06:38.965948] {Default Queue}  -> xdg_positioner#37.set_constraint_adjustment(11)
[07:06:38.965951] {Default Queue}  -> xdg_wm_base#35.get_xdg_surface(new id xdg_surface#49, wl_surface#48)
[07:06:38.965955] {Default Queue}  -> xdg_surface#49.get_popup(new id xdg_popup#50, nil, xdg_positioner#37)
[07:06:38.965958] {Default Queue}  -> zwlr_layer_surface_v1#43.get_popup(xdg_popup#50)
[07:06:38.965960] {Default Queue}  -> xdg_positioner#37.destroy()
[07:06:38.965968] {Default Queue}  -> xdg_popup#50.grab(wl_seat#22, 88)
[07:06:38.965972] {Default Queue}  -> wl_surface#48.commit()
[07:06:38.965975] {Default Queue}  -> wl_display#1.sync(new id wl_callback#51)
[07:06:38.966368] {Display Queue} wl_display#1.delete_id(37)
[07:06:38.966390] {Display Queue} wl_display#1.delete_id(51)
[07:06:38.966394] {Default Queue} xdg_popup#50.configure(50, 48, 700, 420)
surface-configured: lease=1 rectKnown=0 gdkWidth=700 gdkHeight=420
[07:06:38.966427] {Default Queue} wl_keyboard#31.enter(93, wl_surface#48, array[0])
[07:06:38.966435] {Default Queue} wl_keyboard#31.modifiers(94, 0, 0, 0, 0)
[07:06:38.966447] {Default Queue} wl_data_device#25.selection(nil)
[07:06:38.966457] {Default Queue} wl_pointer#21.leave(95, wl_surface#41)
[07:06:38.966464] {Default Queue}  -> wp_cursor_shape_device_v1#30.set_shape(87, 1)
[07:06:38.966468] {Default Queue} wl_pointer#21.enter(96, wl_surface#48, -0.00781250, -0.00781250)
[07:06:38.966479] {Default Queue}  -> wp_cursor_shape_device_v1#30.set_shape(96, 1)
[07:06:38.966483] {Default Queue} wl_pointer#21.frame()
[07:06:38.966487] {Default Queue} wl_callback#51.done(96)
[07:06:38.966490] {Default Queue} xdg_surface#49.configure(90)
[07:06:38.966493] {Default Queue}  -> xdg_surface#49.ack_configure(90)
[07:06:38.966561] {Default Queue}  -> wp_cursor_shape_device_v1#30.set_shape(96, 1)
surface-popup-open: lease=1
surface-commit: publication=4 lease=1 open=1
view-commit: popup=1 focus=1 publication=4
surface-inspection: {"surfaceProtocol":2,"kind":"surface-inspection","publication":"4","lease":"1","body":{"phase":"Coherent","transaction":"Unknown","groups":[{"key":"application:GTK Application","domId":"group:{\"lifetime\":\"2715172761033866138\",\"session\":\"3572039335554073173\",\"frontend\":\"1\"}:1:5:application:GTK Application","title":"ELM-ACTIVATION-PEER","active":true,"expanded":true}],"picker":{"generation":"1","closeId":"picker-close:{\"lifetime\":\"2715172761033866138\",\"session\":\"3572039335554073173\",\"frontend\":\"1\"}:1:5:1","selections":[{"incarnation":"1","title":"ELM-ACTIVATION-PEER","state":"Open","domId":"picker:{\"lifetime\":\"2715172761033866138\",\"session\":\"3572039335554073173\",\"frontend\":\"1\"}:1:5:1:1"},{"incarnation":"2","title":"ELM-AUTHORITY-FIXTURE","state":"Open","domId":"picker:{\"lifetime\":\"2715172761033866138\",\"session\":\"3572039335554073173\",\"frontend\":\"1\"}:1:5:1:2"}]},"openerId":"applications:{\"lifetime\":\"2715172761033866138\",\"session\":\"3572039335554073173\",\"frontend\":\"1\"}:1:control:opener","reconnectId":"reconnect"}}
surface-native-keyboard-focus: lease=1 in=1
[07:06:38.967015] {Default Queue}  -> xdg_surface#49.set_window_geometry(0, 0, 700, 420)
[07:06:38.967055] {Default Queue}  -> wl_shm#7.create_pool(new id wl_shm_pool#51, fd 24, 1176000)
[07:06:38.967065] {Default Queue}  -> wl_shm_pool#51.create_buffer(new id wl_buffer#37, 0, 700, 420, 2800, 0)
[07:06:38.967542] {Default Queue}  -> wl_surface#48.attach(wl_buffer#37, 0, 0)
[07:06:38.967549] {Default Queue}  -> wl_surface#48.set_buffer_scale(1)
[07:06:38.967553] {Default Queue}  -> wl_surface#48.damage(0, 0, 700, 420)
[07:06:38.967556] {Default Queue}  -> wl_compositor#5.create_region(new id wl_region#52)
[07:06:38.967559] {Default Queue}  -> wl_region#52.add(0, 0, 700, 420)
[07:06:38.967562] {Default Queue}  -> wl_surface#48.set_opaque_region(wl_region#52)
[07:06:38.967565] {Default Queue}  -> wl_region#52.destroy()
[07:06:38.967569] {Default Queue}  -> wl_surface#48.set_input_region(nil)
[07:06:38.967575] {Default Queue}  -> wl_surface#48.frame(new id wl_callback#53)
[07:06:38.967579] {Default Queue}  -> wl_surface#48.commit()
[07:06:38.968049] {Display Queue} wl_display#1.delete_id(52)
[07:06:38.968065] {Display Queue} wl_display#1.delete_id(53)
[07:06:38.968069] {Default Queue} wl_callback#53.done(65703610)
[07:06:38.968074] {Default Queue} wl_pointer#21.motion(65703610, 179.00000000, -27.00000000)
[07:06:38.968080] {Default Queue} wl_surface#48.enter(wl_output#19)
[07:06:38.968084] {Default Queue} wl_buffer#37.release()
surface-report: origin=popup {"kind":"surface-report","body":{"publication":null,"lease":null,"buttons":[],"focus":"","text":""}}
[07:06:38.987568] {Default Queue}  -> wl_surface#48.set_buffer_scale(1)
[07:06:38.987601] {mesa egl surface queue}  -> zwp_linux_dmabuf_v1#39.get_surface_feedback(new id zwp_linux_dmabuf_feedback_v1#53, wl_surface#48)
[07:06:38.987612] {mesa egl display queue}  -> wl_display#1.sync(new id wl_callback#52)
[07:06:38.987667] {Display Queue} wl_display#1.delete_id(52)
[07:06:38.987672] {mesa egl display queue} wl_callback#52.done(96)
[07:06:38.987686] {mesa egl surface queue} zwp_linux_dmabuf_feedback_v1#53.format_table(fd 42, 2960)
[07:06:38.987697] {mesa egl surface queue} zwp_linux_dmabuf_feedback_v1#53.main_device(array[8])
[07:06:38.987700] {mesa egl surface queue} zwp_linux_dmabuf_feedback_v1#53.tranche_target_device(array[8])
[07:06:38.987703] {mesa egl surface queue} zwp_linux_dmabuf_feedback_v1#53.tranche_flags(0)
[07:06:38.987706] {mesa egl surface queue} zwp_linux_dmabuf_feedback_v1#53.tranche_formats(array[370])
[07:06:38.987711] {mesa egl surface queue} zwp_linux_dmabuf_feedback_v1#53.tranche_done()
[07:06:38.987716] {mesa egl surface queue} zwp_linux_dmabuf_feedback_v1#53.done()
[07:06:38.992528] {Default Queue}  -> wl_surface#48.attach(wl_buffer#37, 0, 0)
[07:06:38.992546] {Default Queue}  -> wl_surface#48.set_buffer_scale(1)
[07:06:38.992552] {Default Queue}  -> wl_surface#48.damage(0, 0, 700, 420)
[07:06:38.992571] {Default Queue}  -> wl_surface#48.frame(new id wl_callback#52)
[07:06:38.992574] {Default Queue}  -> wl_surface#48.commit()
surface-report: origin=bar {"kind":"surface-report","body":{"publication":"4","lease":"1","buttons":[{"id":"applications:{\"lifetime\":\"2715172761033866138\",\"session\":\"3572039335554073173\",\"frontend\":\"1\"}:1:control:opener","label":"Applications","accessibleName":"Open applications","disabled":false,"x":3,"y":3,"width":112.28125,"height":36},{"id":"group:{\"lifetime\":\"2715172761033866138\",\"session\":\"3572039335554073173\",\"frontend\":\"1\"}:1:5:application:GTK Application","label":"ELM-ACTIVATION-PEER2","accessibleName":"Choose a window from ELM-ACTIVATION-PEER","disabled":false,"x":121.28125,"y":3,"width":215.65625,"height":36}],"focus":"group:{\"lifetime\":\"2715172761033866138\",\"session\":\"3572039335554073173\",\"frontend\":\"1\"}:1:5:application:GTK Application","text":"ApplicationsELM-ACTIVATION-PEER2Connected The last request could not be confirmed."}}
view-report: id=1 x=0 y=0 {"kind":"surface-report","body":{"publication":"4","lease":"1","buttons":[{"id":"applications:{\"lifetime\":\"2715172761033866138\",\"session\":\"3572039335554073173\",\"frontend\":\"1\"}:1:control:opener","label":"Applications","accessibleName":"Open applications","disabled":false,"x":3,"y":3,"width":112.28125,"height":36},{"id":"group:{\"lifetime\":\"2715172761033866138\",\"session\":\"3572039335554073173\",\"frontend\":\"1\"}:1:5:application:GTK Application","label":"ELM-ACTIVATION-PEER2","accessibleName":"Choose a window from ELM-ACTIVATION-PEER","disabled":false,"x":121.28125,"y":3,"width":215.65625,"height":36}],"focus":"group:{\"lifetime\":\"2715172761033866138\",\"session\":\"3572039335554073173\",\"frontend\":\"1\"}:1:5:application:GTK Application","text":"ApplicationsELM-ACTIVATION-PEER2Connected The last request could not be confirmed."}}
[07:06:38.992834] {Default Queue} wl_buffer#37.release()
surface-report: origin=popup {"kind":"surface-report","body":{"publication":"4","lease":"1","buttons":[{"id":"picker-close:{\"lifetime\":\"2715172761033866138\",\"session\":\"3572039335554073173\",\"frontend\":\"1\"}:1:5:1","label":"Close","accessibleName":"Close window picker","disabled":false,"x":3,"y":103.875,"width":694,"height":36},{"id":"picker:{\"lifetime\":\"2715172761033866138\",\"session\":\"3572039335554073173\",\"frontend\":\"1\"}:1:5:1:1","label":"Activate ELM-ACTIVATION-PEEROpen","accessibleName":"Activate ELM-ACTIVATION-PEER","disabled":false,"x":3,"y":142.875,"width":694,"height":36},{"id":"picker:{\"lifetime\":\"2715172761033866138\",\"session\":\"3572039335554073173\",\"frontend\":\"1\"}:1:5:1:2","label":"Activate ELM-AUTHORITY-FIXTUREOpen","accessibleName":"Activate ELM-AUTHORITY-FIXTURE","disabled":false,"x":3,"y":181.875,"width":694,"height":36}],"focus":"","text":"Choose a window\n\nConnected The last request could not be confirmed.\nClose\nActivate ELM-ACTIVATION-PEEROpen\nActivate ELM-AUTHORITY-FIXTUREOpen"}}
surface-presentation-applied: publication=4 lease=1
surface-focus-issued: publication=4 lease=1
[07:06:38.995816] {Display Queue} wl_display#1.delete_id(52)
[07:06:38.995834] {Default Queue} wl_callback#52.done(65703637)
[07:06:38.995870] {Default Queue}  -> wl_buffer#37.destroy()
[07:06:38.995875] {Default Queue}  -> wl_shm_pool#51.destroy()
[07:06:38.999141] {mesa egl display queue}  -> zwp_linux_dmabuf_v1#39.create_params(new id zwp_linux_buffer_params_v1#52)
[07:06:38.999168] {mesa egl surface queue}  -> zwp_linux_buffer_params_v1#52.add(fd 43, 0, 0, 3072, 16777216, 15)
[07:06:38.999177] {mesa egl surface queue}  -> zwp_linux_buffer_params_v1#52.add(fd 44, 1, 1376256, 384, 16777216, 15)
[07:06:38.999181] {mesa egl surface queue}  -> zwp_linux_buffer_params_v1#52.add(fd 45, 2, 1384448, 64, 16777216, 15)
[07:06:38.999185] {mesa egl surface queue}  -> zwp_linux_buffer_params_v1#52.create_immed(new id wl_buffer#54, 700, 420, 875713089, 0)
[07:06:38.999191] {mesa egl surface queue}  -> zwp_linux_buffer_params_v1#52.destroy()
[07:06:38.999195] {mesa egl surface queue}  -> wl_surface#48.attach(wl_buffer#54, 0, 0)
[07:06:38.999198] {mesa egl surface queue}  -> wl_surface#48.damage(0, 0, 2147483647, 2147483647)
[07:06:38.999201] {mesa egl surface queue}  -> wl_surface#48.commit()
[07:06:38.999204] {mesa egl surface queue}  -> wl_display#1.sync(new id wl_callback#55)
[07:06:38.999430] discarded [unknown]#37.[event 0](0 fd, 8 byte)
[07:06:38.999440] {Display Queue} wl_display#1.delete_id(37)
[07:06:38.999444] {Display Queue} wl_display#1.delete_id(51)
[07:06:38.999446] {Display Queue} wl_display#1.delete_id(52)
[07:06:38.999449] {Display Queue} wl_display#1.delete_id(55)
surface-focus-applied: publication=4 lease=1
[07:06:39.016764] {mesa egl surface queue} wl_callback#55.done(96)
[07:06:39.017627] {mesa egl display queue}  -> zwp_linux_dmabuf_v1#39.create_params(new id zwp_linux_buffer_params_v1#55)
[07:06:39.017649] {mesa egl surface queue}  -> zwp_linux_buffer_params_v1#55.add(fd 43, 0, 0, 3072, 16777216, 15)
[07:06:39.017656] {mesa egl surface queue}  -> zwp_linux_buffer_params_v1#55.add(fd 44, 1, 1376256, 384, 16777216, 15)
[07:06:39.017660] {mesa egl surface queue}  -> zwp_linux_buffer_params_v1#55.add(fd 45, 2, 1384448, 64, 16777216, 15)
[07:06:39.017663] {mesa egl surface queue}  -> zwp_linux_buffer_params_v1#55.create_immed(new id wl_buffer#52, 700, 420, 875713089, 0)
[07:06:39.017668] {mesa egl surface queue}  -> zwp_linux_buffer_params_v1#55.destroy()
[07:06:39.017671] {mesa egl surface queue}  -> wl_surface#48.attach(wl_buffer#52, 0, 0)
[07:06:39.017674] {mesa egl surface queue}  -> wl_surface#48.damage(0, 0, 2147483647, 2147483647)
[07:06:39.017677] {mesa egl surface queue}  -> wl_surface#48.commit()
[07:06:39.017680] {mesa egl surface queue}  -> wl_display#1.sync(new id wl_callback#51)
[07:06:39.017804] {Display Queue} wl_display#1.delete_id(55)
[07:06:39.017810] {Display Queue} wl_display#1.delete_id(51)
surface-report: origin=popup {"kind":"surface-report","body":{"publication":"4","lease":"1","buttons":[{"id":"picker-close:{\"lifetime\":\"2715172761033866138\",\"session\":\"3572039335554073173\",\"frontend\":\"1\"}:1:5:1","label":"Close","accessibleName":"Close window picker","disabled":false,"x":3,"y":103.875,"width":694,"height":36},{"id":"picker:{\"lifetime\":\"2715172761033866138\",\"session\":\"3572039335554073173\",\"frontend\":\"1\"}:1:5:1:1","label":"Activate ELM-ACTIVATION-PEEROpen","accessibleName":"Activate ELM-ACTIVATION-PEER","disabled":false,"x":3,"y":142.875,"width":694,"height":36},{"id":"picker:{\"lifetime\":\"2715172761033866138\",\"session\":\"3572039335554073173\",\"frontend\":\"1\"}:1:5:1:2","label":"Activate ELM-AUTHORITY-FIXTUREOpen","accessibleName":"Activate ELM-AUTHORITY-FIXTURE","disabled":false,"x":3,"y":181.875,"width":694,"height":36}],"focus":"picker:{\"lifetime\":\"2715172761033866138\",\"session\":\"3572039335554073173\",\"frontend\":\"1\"}:1:5:1:1","text":"Choose a window\n\nConnected The last request could not be confirmed.\nClose\nActivate ELM-ACTIVATION-PEEROpen\nActivate ELM-AUTHORITY-FIXTUREOpen"}}
[07:06:39.064566] {Default Queue} wl_pointer#21.motion(65703706, 350.00000000, 161.00000000)
[07:06:39.064588] {Default Queue} wl_pointer#21.frame()
[07:06:39.165156] {Default Queue} wl_pointer#21.button(97, 65703807, 272, 1)
[07:06:39.165183] {Default Queue} wl_pointer#21.motion(65703807, 350.00000000, 161.00000000)
[07:06:39.165197] {Default Queue} wl_pointer#21.frame()
[07:06:39.215337] {Default Queue} wl_pointer#21.button(98, 65703857, 272, 0)
[07:06:39.215355] {Default Queue} wl_pointer#21.frame()
[07:06:39.217564] {Default Queue}  -> wp_cursor_shape_device_v1#30.set_shape(96, 1)
[07:06:39.217639] {Default Queue}  -> xdg_popup#50.destroy()
[07:06:39.217644] {Default Queue}  -> xdg_surface#49.destroy()
[07:06:39.217657] {Default Queue}  -> wl_surface#48.destroy()
[07:06:39.217672] {mesa egl surface queue}  -> wl_buffer#52.destroy()
[07:06:39.217675] {mesa egl surface queue}  -> wl_buffer#54.destroy()
[07:06:39.217678] {mesa egl surface queue}  -> zwp_linux_dmabuf_feedback_v1#53.destroy()
[07:06:39.218163] {Default Queue}  -> wl_display#1.sync(new id wl_callback#51)
[07:06:39.218464] discarded [unknown]#50.[event 1](0 fd, 8 byte)
[07:06:39.218468] discarded [unknown]#52.[event 0](0 fd, 8 byte)
[07:06:39.218470] discarded [unknown]#54.[event 0](0 fd, 8 byte)
[07:06:39.218471] discarded [unknown]#54.[event 0](0 fd, 8 byte)
[07:06:39.218474] {Display Queue} wl_display#1.delete_id(50)
[07:06:39.218477] {Display Queue} wl_display#1.delete_id(49)
[07:06:39.218479] {Display Queue} wl_display#1.delete_id(54)
[07:06:39.218481] {Display Queue} wl_display#1.delete_id(53)
[07:06:39.218482] {Display Queue} wl_display#1.delete_id(48)
[07:06:39.218484] {Display Queue} wl_display#1.delete_id(51)
[07:06:39.218491] {Default Queue} wl_keyboard#31.modifiers(99, 0, 0, 0, 0)
[07:06:39.218514] {Default Queue} wl_keyboard#31.leave(100, nil)
[07:06:39.218519] {Default Queue} wl_pointer#21.leave(103, nil)
[07:06:39.218521] {Default Queue} wl_pointer#21.frame()
[07:06:39.218523] {Default Queue} wl_callback#51.done(104)
surface-popup-closed: lease=1
frontend-request: {"protocolVersion":3,"kind":"projection-request","binding":{"lifetime":"2715172761033866138","session":"3572039335554073173","frontend":"1"},"requestId":"2"}
surface-commit: publication=5 lease=1 open=0
view-commit: popup=0 focus=1 publication=5
surface-inspection: {"surfaceProtocol":2,"kind":"surface-inspection","publication":"5","lease":"1","body":{"phase":"Awaiting","transaction":"Unknown","groups":[{"key":"application:GTK Application","domId":"group:{\"lifetime\":\"2715172761033866138\",\"session\":\"3572039335554073173\",\"frontend\":\"1\"}:1:5:application:GTK Application","title":"ELM-ACTIVATION-PEER","active":true,"expanded":false}],"picker":null,"openerId":"applications:{\"lifetime\":\"2715172761033866138\",\"session\":\"3572039335554073173\",\"frontend\":\"1\"}:1:control:opener","reconnectId":"reconnect"}}
backend-frame: {"protocolVersion":3,"kind":"action-projection","binding":{"lifetime":"2715172761033866138","session":"3572039335554073173","frontend":"1"},"requestId":"2","context":{"lifetime":"2715172761033866138","epoch":"1","output":"1","revision":"5"},"scene":{"revision":"5","focused":"1","windows":[{"incarnation":"2","application":"GTK Application","label":"ELM-AUTHORITY-FIXTURE","minimized":false,"owner":null,"available":true},{"incarnation":"1","application":"GTK Application","label":"ELM-ACTIVATION-PEER","minimized":false,"owner":null,"available":true}]}}
frontend-request: {"protocolVersion":3,"kind":"window-effect","effectProtocol":1,"binding":{"lifetime":"2715172761033866138","session":"3572039335554073173","frontend":"1"},"intent":{"request":"3","generation":"3","incarnation":"1","operation":"activate","context":{"lifetime":"2715172761033866138","epoch":"1","output":"1","revision":"5"}}}
surface-commit: publication=6 lease=1 open=0
view-commit: popup=0 focus=1 publication=6
surface-inspection: {"surfaceProtocol":2,"kind":"surface-inspection","publication":"6","lease":"1","body":{"phase":"Coherent","transaction":"Pending","groups":[{"key":"application:GTK Application","domId":"group:{\"lifetime\":\"2715172761033866138\",\"session\":\"3572039335554073173\",\"frontend\":\"1\"}:1:5:application:GTK Application","title":"ELM-ACTIVATION-PEER","active":true,"expanded":false}],"picker":null,"openerId":"applications:{\"lifetime\":\"2715172761033866138\",\"session\":\"3572039335554073173\",\"frontend\":\"1\"}:1:control:opener","reconnectId":"reconnect"}}
backend-frame: {"protocolVersion":3,"kind":"effect-outcome","effectProtocol":1,"binding":{"lifetime":"2715172761033866138","session":"3572039335554073173","frontend":"1"},"intent":{"request":"3","generation":"3","incarnation":"1","operation":"activate","context":{"lifetime":"2715172761033866138","epoch":"1","output":"1","revision":"5"}},"status":"Committed","reason":"applied","revision":"5","outputGeneration":"1"}
backend-frame: {"protocolVersion":3,"kind":"host-refresh"}
frontend-request: {"protocolVersion":3,"kind":"projection-request","binding":{"lifetime":"2715172761033866138","session":"3572039335554073173","frontend":"1"},"requestId":"3"}
surface-commit: publication=7 lease=1 open=0
view-commit: popup=0 focus=1 publication=7
surface-inspection: {"surfaceProtocol":2,"kind":"surface-inspection","publication":"7","lease":"1","body":{"phase":"Awaiting","transaction":"Committed","groups":[{"key":"application:GTK Application","domId":"group:{\"lifetime\":\"2715172761033866138\",\"session\":\"3572039335554073173\",\"frontend\":\"1\"}:1:5:application:GTK Application","title":"ELM-ACTIVATION-PEER","active":true,"expanded":false}],"picker":null,"openerId":"applications:{\"lifetime\":\"2715172761033866138\",\"session\":\"3572039335554073173\",\"frontend\":\"1\"}:1:control:opener","reconnectId":"reconnect"}}
frontend-request: {"protocolVersion":3,"kind":"projection-request","binding":{"lifetime":"2715172761033866138","session":"3572039335554073173","frontend":"1"},"requestId":"4"}
surface-commit: publication=8 lease=1 open=0
view-commit: popup=0 focus=1 publication=8
surface-inspection: {"surfaceProtocol":2,"kind":"surface-inspection","publication":"8","lease":"1","body":{"phase":"Awaiting","transaction":"Committed","groups":[{"key":"application:GTK Application","domId":"group:{\"lifetime\":\"2715172761033866138\",\"session\":\"3572039335554073173\",\"frontend\":\"1\"}:1:5:application:GTK Application","title":"ELM-ACTIVATION-PEER","active":true,"expanded":false}],"picker":null,"openerId":"applications:{\"lifetime\":\"2715172761033866138\",\"session\":\"3572039335554073173\",\"frontend\":\"1\"}:1:control:opener","reconnectId":"reconnect"}}
backend-frame: {"protocolVersion":3,"kind":"action-projection","binding":{"lifetime":"2715172761033866138","session":"3572039335554073173","frontend":"1"},"requestId":"3","context":{"lifetime":"2715172761033866138","epoch":"1","output":"1","revision":"5"},"scene":{"revision":"5","focused":"1","windows":[{"incarnation":"2","application":"GTK Application","label":"ELM-AUTHORITY-FIXTURE","minimized":false,"owner":null,"available":true},{"incarnation":"1","application":"GTK Application","label":"ELM-ACTIVATION-PEER","minimized":false,"owner":null,"available":true}]}}
surface-inspection: {"surfaceProtocol":2,"kind":"surface-inspection","publication":"8","lease":"1","body":{"phase":"Awaiting","transaction":"Committed","groups":[{"key":"application:GTK Application","domId":"group:{\"lifetime\":\"2715172761033866138\",\"session\":\"3572039335554073173\",\"frontend\":\"1\"}:1:5:application:GTK Application","title":"ELM-ACTIVATION-PEER","active":true,"expanded":false}],"picker":null,"openerId":"applications:{\"lifetime\":\"2715172761033866138\",\"session\":\"3572039335554073173\",\"frontend\":\"1\"}:1:control:opener","reconnectId":"reconnect"}}
backend-frame: {"protocolVersion":3,"kind":"action-projection","binding":{"lifetime":"2715172761033866138","session":"3572039335554073173","frontend":"1"},"requestId":"4","context":{"lifetime":"2715172761033866138","epoch":"1","output":"1","revision":"5"},"scene":{"revision":"5","focused":"1","windows":[{"incarnation":"2","application":"GTK Application","label":"ELM-AUTHORITY-FIXTURE","minimized":false,"owner":null,"available":true},{"incarnation":"1","application":"GTK Application","label":"ELM-ACTIVATION-PEER","minimized":false,"owner":null,"available":true}]}}
surface-commit: publication=9 lease=1 open=0
view-commit: popup=0 focus=1 publication=9
surface-inspection: {"surfaceProtocol":2,"kind":"surface-inspection","publication":"9","lease":"1","body":{"phase":"Coherent","transaction":"Committed","groups":[{"key":"application:GTK Application","domId":"group:{\"lifetime\":\"2715172761033866138\",\"session\":\"3572039335554073173\",\"frontend\":\"1\"}:1:5:application:GTK Application","title":"ELM-ACTIVATION-PEER","active":true,"expanded":false}],"picker":null,"openerId":"applications:{\"lifetime\":\"2715172761033866138\",\"session\":\"3572039335554073173\",\"frontend\":\"1\"}:1:control:opener","reconnectId":"reconnect"}}
[07:06:39.229360] discarded [unknown]#52.[event 0](0 fd, 8 byte)
[07:06:39.229363] discarded [unknown]#52.[event 0](0 fd, 8 byte)
[07:06:39.229369] {Display Queue} wl_display#1.delete_id(52)
[07:06:39.235387] {mesa egl surface queue} wl_buffer#47.release()
[07:06:39.235402] {mesa egl surface queue}  -> wl_buffer#47.destroy()
[07:06:39.235405] {mesa egl surface queue} wl_callback#44.done(86)
[07:06:39.235710] {mesa egl display queue}  -> zwp_linux_dmabuf_v1#39.create_params(new id zwp_linux_buffer_params_v1#44)
[07:06:39.235719] {mesa egl surface queue}  -> zwp_linux_buffer_params_v1#44.add(fd 43, 0, 0, 3584, 16777216, 15)
[07:06:39.235724] {mesa egl surface queue}  -> zwp_linux_buffer_params_v1#44.add(fd 44, 1, 229376, 448, 16777216, 15)
[07:06:39.235727] {mesa egl surface queue}  -> zwp_linux_buffer_params_v1#44.add(fd 45, 2, 233472, 64, 16777216, 15)
[07:06:39.235734] {mesa egl surface queue}  -> zwp_linux_buffer_params_v1#44.create_immed(new id wl_buffer#52, 800, 48, 875713089, 0)
[07:06:39.235743] {mesa egl surface queue}  -> zwp_linux_buffer_params_v1#44.destroy()
[07:06:39.235745] {mesa egl surface queue}  -> wl_surface#41.attach(wl_buffer#52, 0, 0)
[07:06:39.235748] {mesa egl surface queue}  -> wl_surface#41.damage(0, 0, 2147483647, 2147483647)
[07:06:39.235750] {mesa egl surface queue}  -> wl_surface#41.commit()
[07:06:39.235752] {mesa egl surface queue}  -> wl_display#1.sync(new id wl_callback#51)
[07:06:39.236043] discarded [unknown]#47.[event 0](0 fd, 8 byte)
[07:06:39.236045] discarded [unknown]#47.[event 0](0 fd, 8 byte)
[07:06:39.236049] {Display Queue} wl_display#1.delete_id(47)
[07:06:39.236051] {Display Queue} wl_display#1.delete_id(44)
[07:06:39.236053] {Display Queue} wl_display#1.delete_id(51)
surface-report: origin=bar {"kind":"surface-report","body":{"publication":"9","lease":"1","buttons":[{"id":"applications:{\"lifetime\":\"2715172761033866138\",\"session\":\"3572039335554073173\",\"frontend\":\"1\"}:1:control:opener","label":"Applications","accessibleName":"Open applications","disabled":false,"x":3,"y":3,"width":112.28125,"height":36},{"id":"group:{\"lifetime\":\"2715172761033866138\",\"session\":\"3572039335554073173\",\"frontend\":\"1\"}:1:5:application:GTK Application","label":"ELM-ACTIVATION-PEER2","accessibleName":"Choose a window from ELM-ACTIVATION-PEER","disabled":false,"x":121.28125,"y":3,"width":215.65625,"height":36}],"focus":"group:{\"lifetime\":\"2715172761033866138\",\"session\":\"3572039335554073173\",\"frontend\":\"1\"}:1:5:application:GTK Application","text":"ApplicationsELM-ACTIVATION-PEER2Connected"}}
view-report: id=1 x=0 y=0 {"kind":"surface-report","body":{"publication":"9","lease":"1","buttons":[{"id":"applications:{\"lifetime\":\"2715172761033866138\",\"session\":\"3572039335554073173\",\"frontend\":\"1\"}:1:control:opener","label":"Applications","accessibleName":"Open applications","disabled":false,"x":3,"y":3,"width":112.28125,"height":36},{"id":"group:{\"lifetime\":\"2715172761033866138\",\"session\":\"3572039335554073173\",\"frontend\":\"1\"}:1:5:application:GTK Application","label":"ELM-ACTIVATION-PEER2","accessibleName":"Choose a window from ELM-ACTIVATION-PEER","disabled":false,"x":121.28125,"y":3,"width":215.65625,"height":36}],"focus":"group:{\"lifetime\":\"2715172761033866138\",\"session\":\"3572039335554073173\",\"frontend\":\"1\"}:1:5:application:GTK Application","text":"ApplicationsELM-ACTIVATION-PEER2Connected"}}
Web process terminated: 0
Web process terminated: 0
Web process terminated: 0
[07:06:39.600361] {Default Queue}  -> wl_display#1.sync(new id wl_callback#44)
[07:06:39.600400] {Display Queue} wl_display#1.delete_id(44)
[07:06:39.600404] {Default Queue} wl_callback#44.done(109)
backend-exit: waited=1 normal=1 code=0
native-recovery-ready: views=1 backend-normal=1
recovery-control: id=1 x=195 y=4 w=84 h=40
[07:06:39.610194] {mesa egl surface queue} wl_buffer#45.release()
[07:06:39.610200] {mesa egl surface queue} wl_callback#51.done(105)
[07:06:39.610698] {Default Queue}  -> wl_surface#41.set_input_region(nil)
[07:06:39.612029] {mesa egl surface queue}  -> wl_surface#41.attach(wl_buffer#45, 0, 0)
[07:06:39.612038] {mesa egl surface queue}  -> wl_surface#41.damage(0, 0, 2147483647, 2147483647)
[07:06:39.612042] {mesa egl surface queue}  -> wl_surface#41.commit()
[07:06:39.612044] {mesa egl surface queue}  -> wl_display#1.sync(new id wl_callback#51)
[07:06:39.612400] {Display Queue} wl_display#1.delete_id(51)
[07:06:39.889577] {Default Queue}  -> wl_display#1.sync(new id wl_callback#44)
[07:06:39.889917] {Display Queue} wl_display#1.delete_id(44)
[07:06:39.889929] {Default Queue} wl_callback#44.done(113)
[07:06:39.889953] {Default Queue}  -> zwlr_layer_surface_v1#43.destroy()
[07:06:39.889970] {Default Queue}  -> wl_surface#41.destroy()
[07:06:39.889989] {mesa egl surface queue}  -> wl_buffer#45.destroy()
[07:06:39.889992] {mesa egl surface queue}  -> wl_buffer#52.destroy()
[07:06:39.890017] {mesa egl surface queue}  -> zwp_linux_dmabuf_feedback_v1#46.destroy()
view-retired: id=1
[07:06:39.897311] discarded [unknown]#45.[event 0](0 fd, 8 byte)
[07:06:39.897321] discarded [unknown]#52.[event 0](0 fd, 8 byte)
[07:06:39.897323] discarded [unknown]#52.[event 0](0 fd, 8 byte)
[07:06:39.897326] discarded [unknown]#45.[event 0](0 fd, 8 byte)
[07:06:39.897327] discarded [unknown]#45.[event 0](0 fd, 8 byte)
[07:06:39.897331] {Display Queue} wl_display#1.delete_id(43)
[07:06:39.897337] {Display Queue} wl_display#1.delete_id(52)
[07:06:39.897343] {Display Queue} wl_display#1.delete_id(46)
[07:06:39.897346] {Display Queue} wl_display#1.delete_id(41)
[07:06:39.897348] {Display Queue} wl_display#1.delete_id(45)
shared-host-exit: failure=1 rendered=1
