[07:13:38.017021] {Default Queue}  -> wl_display#1.get_registry(new id wl_registry#2)
[07:13:38.017053] {Default Queue}  -> wl_display#1.sync(new id wl_callback#3)
[07:13:38.017169] {Display Queue} wl_display#1.delete_id(3)
[07:13:38.017173] {Default Queue} wl_registry#2.global(1, "wl_seat", 9)
[07:13:38.017177] {Default Queue} wl_registry#2.global(2, "wl_data_device_manager", 3)
[07:13:38.017179] {Default Queue} wl_registry#2.global(3, "wl_compositor", 6)
[07:13:38.017182] {Default Queue}  -> wl_registry#2.bind(3, "wl_compositor", 4, new id [unknown]#4)
[07:13:38.017185] {Default Queue} wl_registry#2.global(4, "wl_subcompositor", 1)
[07:13:38.017187] {Default Queue} wl_registry#2.global(5, "wl_shm", 2)
[07:13:38.017189] {Default Queue}  -> wl_registry#2.bind(5, "wl_shm", 1, new id [unknown]#5)
[07:13:38.017191] {Default Queue} wl_registry#2.global(6, "wp_viewporter", 1)
[07:13:38.017193] {Default Queue} wl_registry#2.global(7, "wp_tearing_control_manager_v1", 1)
[07:13:38.017195] {Default Queue} wl_registry#2.global(8, "wp_fractional_scale_manager_v1", 1)
[07:13:38.017197] {Default Queue} wl_registry#2.global(9, "zxdg_output_manager_v1", 3)
[07:13:38.017199] {Default Queue} wl_registry#2.global(10, "wp_cursor_shape_manager_v1", 2)
[07:13:38.017202] {Default Queue} wl_registry#2.global(11, "zwp_idle_inhibit_manager_v1", 1)
[07:13:38.017204] {Default Queue} wl_registry#2.global(12, "zwp_relative_pointer_manager_v1", 1)
[07:13:38.017207] {Default Queue} wl_registry#2.global(13, "zxdg_decoration_manager_v1", 2)
[07:13:38.017209] {Default Queue} wl_registry#2.global(14, "wp_alpha_modifier_v1", 1)
[07:13:38.017211] {Default Queue} wl_registry#2.global(15, "zwlr_gamma_control_manager_v1", 1)
[07:13:38.017213] {Default Queue} wl_registry#2.global(16, "ext_foreign_toplevel_list_v1", 1)
[07:13:38.017215] {Default Queue} wl_registry#2.global(17, "zwp_pointer_gestures_v1", 3)
[07:13:38.017217] {Default Queue} wl_registry#2.global(18, "zwlr_foreign_toplevel_manager_v1", 3)
[07:13:38.017220] {Default Queue} wl_registry#2.global(19, "zwp_keyboard_shortcuts_inhibit_manager_v1", 1)
[07:13:38.017222] {Default Queue} wl_registry#2.global(20, "zwp_text_input_manager_v1", 1)
[07:13:38.017224] {Default Queue} wl_registry#2.global(21, "zwp_text_input_manager_v3", 1)
[07:13:38.017227] {Default Queue} wl_registry#2.global(22, "zwp_pointer_constraints_v1", 1)
[07:13:38.017232] {Default Queue} wl_registry#2.global(23, "zwlr_output_power_manager_v1", 1)
[07:13:38.017235] {Default Queue} wl_registry#2.global(24, "xdg_activation_v1", 1)
[07:13:38.017238] {Default Queue} wl_registry#2.global(25, "ext_idle_notifier_v1", 2)
[07:13:38.017240] {Default Queue} wl_registry#2.global(26, "hyprland_lock_notifier_v1", 1)
[07:13:38.017242] {Default Queue} wl_registry#2.global(27, "ext_session_lock_manager_v1", 1)
[07:13:38.017245] {Default Queue} wl_registry#2.global(28, "zwp_input_method_manager_v2", 1)
[07:13:38.017247] {Default Queue} wl_registry#2.global(29, "zwp_virtual_keyboard_manager_v1", 1)
[07:13:38.017250] {Default Queue} wl_registry#2.global(30, "zwlr_virtual_pointer_manager_v1", 2)
[07:13:38.017252] {Default Queue} wl_registry#2.global(31, "zwlr_output_manager_v1", 4)
[07:13:38.017255] {Default Queue} wl_registry#2.global(32, "org_kde_kwin_server_decoration_manager", 1)
[07:13:38.017257] {Default Queue} wl_registry#2.global(33, "hyprland_focus_grab_manager_v1", 1)
[07:13:38.017259] {Default Queue} wl_registry#2.global(34, "zwp_tablet_manager_v2", 1)
[07:13:38.017262] {Default Queue} wl_registry#2.global(35, "zwlr_layer_shell_v1", 5)
[07:13:38.017265] {Default Queue} wl_registry#2.global(36, "wp_presentation", 2)
[07:13:38.017267] {Default Queue} wl_registry#2.global(37, "xdg_wm_base", 7)
[07:13:38.017269] {Default Queue}  -> wl_registry#2.bind(37, "xdg_wm_base", 6, new id [unknown]#6)
[07:13:38.017271] {Default Queue} wl_registry#2.global(38, "zwlr_data_control_manager_v1", 2)
[07:13:38.017273] {Default Queue} wl_registry#2.global(39, "zwp_primary_selection_device_manager_v1", 1)
[07:13:38.017276] {Default Queue} wl_registry#2.global(40, "xwayland_shell_v1", 1)
[07:13:38.017284] {Default Queue} wl_registry#2.global(41, "hyprland_toplevel_mapping_manager_v1", 1)
[07:13:38.017288] {Default Queue} wl_registry#2.global(42, "hyprland_global_shortcuts_manager_v1", 1)
[07:13:38.017291] {Default Queue} wl_registry#2.global(43, "xdg_wm_dialog_v1", 1)
[07:13:38.017294] {Default Queue} wl_registry#2.global(44, "wp_single_pixel_buffer_manager_v1", 1)
[07:13:38.017296] {Default Queue} wl_registry#2.global(45, "wp_security_context_manager_v1", 1)
[07:13:38.017298] {Default Queue} wl_registry#2.global(46, "hyprland_ctm_control_manager_v1", 2)
[07:13:38.017301] {Default Queue} wl_registry#2.global(47, "hyprland_input_capture_manager_v1", 1)
[07:13:38.017303] {Default Queue} wl_registry#2.global(48, "hyprland_surface_manager_v1", 2)
[07:13:38.017305] {Default Queue} wl_registry#2.global(49, "wp_content_type_manager_v1", 1)
[07:13:38.017307] {Default Queue} wl_registry#2.global(50, "xdg_toplevel_tag_manager_v1", 1)
[07:13:38.017310] {Default Queue} wl_registry#2.global(51, "xdg_system_bell_v1", 1)
[07:13:38.017312] {Default Queue} wl_registry#2.global(52, "vicinae_hotkey_manager_v1", 1)
[07:13:38.017314] {Default Queue} wl_registry#2.global(53, "ext_workspace_manager_v1", 1)
[07:13:38.017317] {Default Queue} wl_registry#2.global(54, "ext_data_control_manager_v1", 1)
[07:13:38.017319] {Default Queue} wl_registry#2.global(55, "wp_pointer_warp_v1", 1)
[07:13:38.017322] {Default Queue} wl_registry#2.global(56, "wp_fifo_manager_v1", 1)
[07:13:38.017324] {Default Queue} wl_registry#2.global(57, "zxdg_exporter_v2", 1)
[07:13:38.017326] {Default Queue} wl_registry#2.global(58, "zxdg_importer_v2", 1)
[07:13:38.017328] {Default Queue} wl_registry#2.global(59, "ext_background_effect_manager_v1", 1)
[07:13:38.017330] {Default Queue} wl_registry#2.global(60, "wp_commit_timing_manager_v1", 1)
[07:13:38.017332] {Default Queue} wl_registry#2.global(61, "zwlr_screencopy_manager_v1", 3)
[07:13:38.017334] {Default Queue} wl_registry#2.global(62, "hyprland_toplevel_export_manager_v1", 2)
[07:13:38.017337] {Default Queue} wl_registry#2.global(63, "ext_output_image_capture_source_manager_v1", 1)
[07:13:38.017339] {Default Queue} wl_registry#2.global(64, "ext_foreign_toplevel_image_capture_source_manager_v1", 1)
[07:13:38.017341] {Default Queue} wl_registry#2.global(65, "ext_image_copy_capture_manager_v1", 1)
[07:13:38.017344] {Default Queue} wl_registry#2.global(66, "wp_color_manager_v1", 3)
[07:13:38.017346] {Default Queue} wl_registry#2.global(67, "wl_drm", 2)
[07:13:38.017348] {Default Queue} wl_registry#2.global(68, "zwp_linux_dmabuf_v1", 5)
[07:13:38.017351] {Default Queue} wl_registry#2.global(69, "wl_output", 4)
[07:13:38.017353] {Default Queue} wl_callback#3.done(0)
[07:13:38.017356] {Default Queue}  -> wl_compositor#4.create_surface(new id wl_surface#3)
[07:13:38.017359] {Default Queue}  -> xdg_wm_base#6.get_xdg_surface(new id xdg_surface#7, wl_surface#3)
[07:13:38.017362] {Default Queue}  -> xdg_surface#7.get_toplevel(new id xdg_toplevel#8)
[07:13:38.017364] {Default Queue}  -> xdg_toplevel#8.set_title("ELM-MAXIMIZE-PROBE")
[07:13:38.017366] {Default Queue}  -> xdg_toplevel#8.set_app_id("elm-maximize-probe")
[07:13:38.017368] {Default Queue}  -> wl_surface#3.commit()
[07:13:38.017537] {Default Queue} discarded wl_shm#5.format(0)
[07:13:38.017541] {Default Queue} discarded wl_shm#5.format(1)
[07:13:38.017543] {Default Queue} discarded wl_shm#5.format(875709016)
[07:13:38.017545] {Default Queue} discarded wl_shm#5.format(875708993)
[07:13:38.017547] {Default Queue} discarded wl_shm#5.format(808669784)
[07:13:38.017549] {Default Queue} discarded wl_shm#5.format(808669761)
[07:13:38.017551] {Default Queue} discarded wl_shm#5.format(808665688)
[07:13:38.017552] {Default Queue} discarded wl_shm#5.format(808665665)
[07:13:38.017554] {Default Queue} xdg_toplevel#8.wm_capabilities(array[8])
[07:13:38.017557] {Default Queue} xdg_toplevel#8.configure(800, 600, array[16])
[07:13:38.017559] {Default Queue} xdg_surface#7.configure(1)
[07:13:38.017562] {Default Queue}  -> xdg_surface#7.ack_configure(1)
{"event":"configure","sequence":1,"monotonicNs":66122660058261,"serial":1,"ackedSerial":1,"width":800,"height":600,"maximized":false,"fullscreen":false,"configuredWidth":800,"configuredHeight":600}
[07:13:38.018244] {Default Queue}  -> wl_shm#5.create_pool(new id wl_shm_pool#9, fd 5, 1920000)
[07:13:38.018250] {Default Queue}  -> wl_shm_pool#9.create_buffer(new id wl_buffer#10, 0, 800, 600, 3200, 0)
[07:13:38.018253] {Default Queue}  -> wl_shm_pool#9.destroy()
[07:13:38.018257] {Default Queue}  -> xdg_surface#7.set_window_geometry(0, 0, 800, 600)
[07:13:38.018260] {Default Queue}  -> wl_surface#3.attach(wl_buffer#10, 0, 0)
[07:13:38.018262] {Default Queue}  -> wl_surface#3.damage(0, 0, 800, 600)
[07:13:38.018264] {Default Queue}  -> wl_surface#3.commit()
{"event":"buffercommit","sequence":2,"monotonicNs":66122660763159,"serial":1,"ackedSerial":1,"width":800,"height":600,"maximized":false,"fullscreen":false,"bufferWidth":800,"bufferHeight":600,"inflight":1,"argb":"ff2971c8"}
{"event":"ready","sequence":3,"monotonicNs":66122660765193,"serial":1,"ackedSerial":1,"width":800,"height":600,"maximized":false,"fullscreen":false,"title":"ELM-MAXIMIZE-PROBE","appId":"elm-maximize-probe"}
[07:13:38.019397] {Display Queue} wl_display#1.delete_id(9)
[07:13:38.019404] {Default Queue} wl_buffer#10.release()
{"event":"buffer-release","sequence":4,"monotonicNs":66122661899874,"serial":1,"ackedSerial":1,"width":800,"height":600,"maximized":false,"fullscreen":false,"bufferSerial":1,"bufferWidth":800,"bufferHeight":600}
[07:13:38.019409] {Default Queue}  -> wl_buffer#10.destroy()
[07:13:38.019445] {Default Queue} xdg_toplevel#8.configure(758, 558, array[24])
[07:13:38.019449] {Default Queue} xdg_surface#7.configure(2)
[07:13:38.019451] {Default Queue}  -> xdg_surface#7.ack_configure(2)
{"event":"configure","sequence":5,"monotonicNs":66122661946780,"serial":2,"ackedSerial":2,"width":758,"height":558,"maximized":true,"fullscreen":false,"configuredWidth":758,"configuredHeight":558}
[07:13:38.020034] {Default Queue}  -> wl_shm#5.create_pool(new id wl_shm_pool#9, fd 5, 1691856)
[07:13:38.020040] {Default Queue}  -> wl_shm_pool#9.create_buffer(new id wl_buffer#11, 0, 758, 558, 3032, 0)
[07:13:38.020043] {Default Queue}  -> wl_shm_pool#9.destroy()
[07:13:38.020045] {Default Queue}  -> xdg_surface#7.set_window_geometry(0, 0, 758, 558)
[07:13:38.020047] {Default Queue}  -> wl_surface#3.attach(wl_buffer#11, 0, 0)
[07:13:38.020050] {Default Queue}  -> wl_surface#3.damage(0, 0, 758, 558)
[07:13:38.020052] {Default Queue}  -> wl_surface#3.commit()
{"event":"buffercommit","sequence":6,"monotonicNs":66122662550293,"serial":2,"ackedSerial":2,"width":758,"height":558,"maximized":true,"fullscreen":false,"bufferWidth":758,"bufferHeight":558,"inflight":1,"argb":"ff2a71c8"}
[07:13:38.021126] discarded [unknown]#10.[event 0](0 fd, 8 byte)
[07:13:38.021133] {Display Queue} wl_display#1.delete_id(10)
[07:13:38.021136] {Display Queue} wl_display#1.delete_id(9)
[07:13:38.021138] {Default Queue} wl_buffer#11.release()
{"event":"buffer-release","sequence":7,"monotonicNs":66122663634092,"serial":2,"ackedSerial":2,"width":758,"height":558,"maximized":true,"fullscreen":false,"bufferSerial":2,"bufferWidth":758,"bufferHeight":558}
[07:13:38.021143] {Default Queue}  -> wl_buffer#11.destroy()
[07:13:38.021270] discarded [unknown]#11.[event 0](0 fd, 8 byte)
[07:13:38.021274] {Display Queue} wl_display#1.delete_id(11)
[07:13:38.145997] {Default Queue} xdg_toplevel#8.configure(800, 600, array[24])
[07:13:38.146022] {Default Queue} xdg_surface#7.configure(3)
[07:13:38.146026] {Default Queue}  -> xdg_surface#7.ack_configure(3)
{"event":"configure","sequence":8,"monotonicNs":66122788522430,"serial":3,"ackedSerial":3,"width":800,"height":600,"maximized":true,"fullscreen":false,"configuredWidth":800,"configuredHeight":600}
[07:13:38.146605] {Default Queue}  -> wl_shm#5.create_pool(new id wl_shm_pool#11, fd 5, 1920000)
[07:13:38.146614] {Default Queue}  -> wl_shm_pool#11.create_buffer(new id wl_buffer#9, 0, 800, 600, 3200, 0)
[07:13:38.146617] {Default Queue}  -> wl_shm_pool#11.destroy()
[07:13:38.146619] {Default Queue}  -> xdg_surface#7.set_window_geometry(0, 0, 800, 600)
[07:13:38.146627] {Default Queue}  -> wl_surface#3.attach(wl_buffer#9, 0, 0)
[07:13:38.146640] {Default Queue}  -> wl_surface#3.damage(0, 0, 800, 600)
[07:13:38.146642] {Default Queue}  -> wl_surface#3.commit()
{"event":"buffercommit","sequence":9,"monotonicNs":66122789143080,"serial":3,"ackedSerial":3,"width":800,"height":600,"maximized":true,"fullscreen":false,"bufferWidth":800,"bufferHeight":600,"inflight":1,"argb":"ff2b71c8"}
[07:13:38.146981] {Display Queue} wl_display#1.delete_id(11)
[07:13:38.146987] {Default Queue} wl_buffer#9.release()
{"event":"buffer-release","sequence":10,"monotonicNs":66122789482919,"serial":3,"ackedSerial":3,"width":800,"height":600,"maximized":true,"fullscreen":false,"bufferSerial":3,"bufferWidth":800,"bufferHeight":600}
[07:13:38.146991] {Default Queue}  -> wl_buffer#9.destroy()
[07:13:38.147116] discarded [unknown]#9.[event 0](0 fd, 8 byte)
[07:13:38.147120] {Display Queue} wl_display#1.delete_id(9)
[07:13:38.152655] {Default Queue} xdg_toplevel#8.configure(320, 180, array[24])
[07:13:38.152665] {Default Queue} xdg_surface#7.configure(4)
[07:13:38.152669] {Default Queue}  -> xdg_surface#7.ack_configure(4)
{"event":"configure","sequence":11,"monotonicNs":66122795165411,"serial":4,"ackedSerial":4,"width":320,"height":180,"maximized":true,"fullscreen":false,"configuredWidth":320,"configuredHeight":180}
[07:13:38.152756] {Default Queue}  -> wl_shm#5.create_pool(new id wl_shm_pool#9, fd 5, 230400)
[07:13:38.152760] {Default Queue}  -> wl_shm_pool#9.create_buffer(new id wl_buffer#11, 0, 320, 180, 1280, 0)
[07:13:38.152762] {Default Queue}  -> wl_shm_pool#9.destroy()
[07:13:38.152765] {Default Queue}  -> xdg_surface#7.set_window_geometry(0, 0, 320, 180)
[07:13:38.152767] {Default Queue}  -> wl_surface#3.attach(wl_buffer#11, 0, 0)
[07:13:38.152769] {Default Queue}  -> wl_surface#3.damage(0, 0, 320, 180)
[07:13:38.152771] {Default Queue}  -> wl_surface#3.commit()
{"event":"buffercommit","sequence":12,"monotonicNs":66122795270219,"serial":4,"ackedSerial":4,"width":320,"height":180,"maximized":true,"fullscreen":false,"bufferWidth":320,"bufferHeight":180,"inflight":1,"argb":"ff2c71c8"}
[07:13:38.153062] {Display Queue} wl_display#1.delete_id(9)
[07:13:38.153071] {Default Queue} wl_buffer#11.release()
{"event":"buffer-release","sequence":13,"monotonicNs":66122795567555,"serial":4,"ackedSerial":4,"width":320,"height":180,"maximized":true,"fullscreen":false,"bufferSerial":4,"bufferWidth":320,"bufferHeight":180}
[07:13:38.153076] {Default Queue}  -> wl_buffer#11.destroy()
[07:13:38.153112] discarded [unknown]#11.[event 0](0 fd, 8 byte)
[07:13:38.153115] {Display Queue} wl_display#1.delete_id(11)
[07:13:38.670180] {Default Queue} xdg_wm_base#6.ping(1337)
[07:13:38.670210] {Default Queue}  -> xdg_wm_base#6.pong(1337)
[07:13:40.170431] {Default Queue} xdg_wm_base#6.ping(1337)
[07:13:40.170459] {Default Queue}  -> xdg_wm_base#6.pong(1337)
[07:13:41.670555] {Default Queue} xdg_wm_base#6.ping(1337)
[07:13:41.670607] {Default Queue}  -> xdg_wm_base#6.pong(1337)
[07:13:43.170826] {Default Queue} xdg_wm_base#6.ping(1337)
[07:13:43.170857] {Default Queue}  -> xdg_wm_base#6.pong(1337)
{"event":"request","sequence":14,"monotonicNs":66128795487448,"serial":4,"ackedSerial":4,"width":320,"height":180,"maximized":true,"fullscreen":false,"command":"quit"}
[07:13:44.153023] {Default Queue}  -> xdg_toplevel#8.destroy()
[07:13:44.153030] {Default Queue}  -> xdg_surface#7.destroy()
[07:13:44.153033] {Default Queue}  -> wl_surface#3.destroy()
[07:13:44.153035] {Default Queue}  -> xdg_wm_base#6.destroy()
{"event":"normalexit","sequence":15,"monotonicNs":66128795542226,"serial":4,"ackedSerial":4,"width":320,"height":180,"maximized":true,"fullscreen":false}
