
  registry
    ok queryRegisteredTest passed 1 test(s)
    ok queryAbsentRetiredTest passed 1 test(s)
    ok queryOldFrontendRetiredTest passed 1 test(s)
    ok queryFutureSessionTest passed 1 test(s)
    ok queryFutureFrontendTest passed 1 test(s)
    ok querySelfRegisteredTest passed 1 test(s)
    ok queryForeignCallerTest passed 1 test(s)
    ok queryForeignLifetimeTest passed 1 test(s)
    ok queryZeroIdentityTest passed 1 test(s)
    ok queryOldGrantAfterReattachTest passed 1 test(s)
    ok exactRetirementTest passed 1 test(s)
    ok reattachTest passed 1 test(s)
    ok oldGrantDeniedTest passed 1 test(s)
    ok detachNoReuseTest passed 1 test(s)
    ok foreignCallerTest passed 1 test(s)
    ok foreignLifetimeTest passed 1 test(s)
    ok staleTargetTest passed 1 test(s)
    ok currentCallerTest passed 1 test(s)
    ok allocatorExhaustionTest passed 1 test(s)
    ok frontendExhaustionTest passed 1 test(s)
    ok futureSessionRefusalNotProofTest passed 1 test(s)
    ok futureFrontendRefusalNotProofTest passed 1 test(s)

  22 passing (15ms)
