Date: 2026-10-04 MDT
[01:46:55.419] weston 15.0.1
               https://wayland.freedesktop.org
               Bug reports to: https://gitlab.freedesktop.org/wayland/weston/issues/
               Build: 15.0.1
[01:46:55.419] Command line: /home/hoskinson/window-integration-qa/private-weston-host-v2/prefix/usr/bin/weston --backend=headless --renderer=gl --shell=kiosk-shell.so --fake-seat --no-config --socket=weston-host --width=800 --height=600 --scale=1 --idle-time=0 --log=/home/hoskinson/window-integration-qa/elm-parent-input-1791100015265080431/weston-renderer.log --modules=/home/hoskinson/omarchy-windows-parity/implementation/elm-parent-capability-v40/build-1791099632854316645/parent-input.so
[01:46:55.419] OS: Linux, 7.2.7-1-omarchy, #1 SMP PREEMPT_DYNAMIC Sun, 27 Sep 2026 22:42:08 +0000, x86_64
[01:46:55.419] Flight recorder: enabled, scopes subscribed: log
[01:46:55.419] Starting with no config file.
[01:46:55.419] Output repaint window is 7 ms maximum.
[01:46:55.419] Loading module '/home/hoskinson/window-integration-qa/private-weston-host-v2/prefix/usr/lib/libweston-15/headless-backend.so'
[01:46:55.424] Loading module '/home/hoskinson/window-integration-qa/private-weston-host-v2/prefix/usr/lib/libweston-15/gl-renderer.so'
[01:46:55.441] Using rendering device: /dev/dri/renderD129
[01:46:55.443] EGL version: 1.5
[01:46:55.443] EGL vendor: Mesa Project
[01:46:55.443] EGL client APIs: OpenGL OpenGL_ES 
[01:46:55.443] EGL features:
               EGL Wayland extension: no
               context priority: yes
               buffer age: no
               partial update: yes
               swap buffers with damage: no
               configless context: yes
               surfaceless context: yes
               dmabuf support: modifiers
               fence sync: yes (native, wait)
[01:46:55.445] GL version: OpenGL ES 3.2 Mesa 26.2.2-arch1.1
[01:46:55.445] GLSL version: OpenGL ES GLSL ES 3.20
[01:46:55.445] GL vendor: Intel
[01:46:55.445] GL renderer: Mesa Intel(R) Graphics (ARL)
[01:46:55.451] GL ES 3.2 - renderer features:
               read-back format: ARGB8888
               glReadPixels supports y-flip: yes
               glReadPixels supports PBO: yes
               wl_shm 10 bpc formats: yes
               wl_shm 16 bpc formats: yes
               wl_shm half-float formats: yes
               internal R and RG formats: yes
               OES_EGL_image_external: yes
               GPU timeline: yes
               Texture immutability: yes
               Required precision: yes
[01:46:55.451] Using GL renderer
[01:46:55.451] Registered plugin API 'weston_windowed_output_api_headless_v2' of size 16
[01:46:55.451] Color manager: no-op
                 protocol support: no
[01:46:55.452] Output 'headless' attempts EOTF mode SDR and colorimetry mode default.
[01:46:55.452] Output 'headless' using color profile: stock sRGB color profile
[01:46:55.452] Output 'headless' enabled with head(s) headless
[01:46:55.452] Compositor capabilities:
               arbitrary surface rotation: yes
               screen capture uses y-flip: yes
               cursor planes: no
               arbitrary resolutions: no
               view mask clipping: yes
               explicit sync: yes
               color operations: yes
               color representation: yes
               presentation clock: CLOCK_MONOTONIC_RAW, id 4
               presentation clock resolution: 0.000000001 s
[01:46:55.452] Loading module '/home/hoskinson/window-integration-qa/private-weston-host-v2/prefix/usr/lib/weston/kiosk-shell.so'
[01:46:55.452] Loading module '/home/hoskinson/omarchy-windows-parity/implementation/elm-parent-capability-v40/build-1791099632854316645/parent-input.so'
[01:46:57.194] elm-parent-input motion 1,1 actual 1.00,1.00 focus=0x562016337ab0 pid=502115
[01:46:57.302] elm-parent-input motion 400,300 actual 400.00,300.00 focus=0x562016337ab0 pid=502115
[01:46:57.302] elm-parent-input button 272 state=1 focus=0x562016337ab0 pid=502115
[01:46:57.303] elm-parent-input button 272 state=0 focus=0x562016337ab0 pid=502115
[01:46:57.311] elm-parent-input motion 45,45 actual 45.00,45.00 focus=0x562016337ab0 pid=502115
[01:46:57.311] elm-parent-input button 272 state=1 focus=0x562016337ab0 pid=502115
[01:46:57.311] elm-parent-input button 272 state=0 focus=0x562016337ab0 pid=502115
[01:46:57.320] elm-parent-input motion 755,555 actual 755.00,555.00 focus=0x562016337ab0 pid=502115
[01:46:57.321] elm-parent-input button 272 state=1 focus=0x562016337ab0 pid=502115
[01:46:57.321] elm-parent-input button 272 state=0 focus=0x562016337ab0 pid=502115
[01:46:57.386] elm-parent-input motion 400,300 actual 400.00,300.00 focus=0x562016337ab0 pid=502115
[01:46:57.386] elm-parent-input button 272 state=1 focus=0x562016337ab0 pid=502115
[01:46:57.386] elm-parent-input button 272 state=0 focus=0x562016337ab0 pid=502115
[01:46:57.396] elm-parent-input motion 56,56 actual 56.00,56.00 focus=0x562016337ab0 pid=502115
[01:46:57.396] elm-parent-input button 272 state=1 focus=0x562016337ab0 pid=502115
[01:46:57.396] elm-parent-input button 272 state=0 focus=0x562016337ab0 pid=502115
[01:46:57.405] elm-parent-input motion 744,544 actual 744.00,544.00 focus=0x562016337ab0 pid=502115
[01:46:57.405] elm-parent-input button 272 state=1 focus=0x562016337ab0 pid=502115
[01:46:57.405] elm-parent-input button 272 state=0 focus=0x562016337ab0 pid=502115
[01:46:57.492] elm-parent-input motion 400,300 actual 400.00,300.00 focus=0x562016337ab0 pid=502115
[01:46:57.493] elm-parent-input button 272 state=1 focus=0x562016337ab0 pid=502115
[01:46:57.493] elm-parent-input button 272 state=0 focus=0x562016337ab0 pid=502115
[01:46:57.503] elm-parent-input motion 75,84 actual 75.00,84.00 focus=0x562016337ab0 pid=502115
[01:46:57.503] elm-parent-input button 272 state=1 focus=0x562016337ab0 pid=502115
[01:46:57.503] elm-parent-input button 272 state=0 focus=0x562016337ab0 pid=502115
[01:46:57.513] elm-parent-input motion 725,516 actual 725.00,516.00 focus=0x562016337ab0 pid=502115
[01:46:57.513] elm-parent-input button 272 state=1 focus=0x562016337ab0 pid=502115
[01:46:57.513] elm-parent-input button 272 state=0 focus=0x562016337ab0 pid=502115
[01:46:57.579] elm-parent-input motion 400,300 actual 400.00,300.00 focus=0x562016337ab0 pid=502115
[01:46:57.579] elm-parent-input button 272 state=1 focus=0x562016337ab0 pid=502115
[01:46:57.580] elm-parent-input button 272 state=0 focus=0x562016337ab0 pid=502115
[01:46:57.634] elm-parent-input motion 45,45 actual 45.00,45.00 focus=0x562016337ab0 pid=502115
[01:46:57.634] elm-parent-input button 272 state=1 focus=0x562016337ab0 pid=502115
[01:46:57.635] elm-parent-input button 272 state=0 focus=0x562016337ab0 pid=502115
[01:46:57.645] elm-parent-input motion 755,555 actual 755.00,555.00 focus=0x562016337ab0 pid=502115
[01:46:57.645] elm-parent-input button 272 state=1 focus=0x562016337ab0 pid=502115
[01:46:57.645] elm-parent-input button 272 state=0 focus=0x562016337ab0 pid=502115
[01:46:57.688] elm-parent-input motion 274,207 actual 274.00,207.00 focus=0x562016337ab0 pid=502115
[01:46:57.689] elm-parent-input button 272 state=1 focus=0x562016337ab0 pid=502115
[01:46:57.757] elm-parent-input motion 275,209 actual 275.00,209.00 focus=0x562016337ab0 pid=502115
[01:46:57.778] elm-parent-input button 272 state=0 focus=0x562016337ab0 pid=502115
[01:46:57.835] elm-parent-input motion 275,209 actual 275.00,209.00 focus=0x562016337ab0 pid=502115
[01:46:57.835] elm-parent-input button 272 state=1 focus=0x562016337ab0 pid=502115
[01:46:57.840] elm-parent-input button 272 state=0 focus=0x562016337ab0 pid=502115
[01:46:57.897] elm-parent-input motion 275,209 actual 275.00,209.00 focus=0x562016337ab0 pid=502115
[01:46:57.917] elm-parent-input button 272 state=1 focus=0x562016337ab0 pid=502115
[01:46:57.988] elm-parent-input motion 278,213 actual 278.00,213.00 focus=0x562016337ab0 pid=502115
[01:46:57.988] elm-parent-input button 272 state=0 focus=0x562016337ab0 pid=502115
[01:46:58.079] elm-parent-input motion 278,213 actual 278.00,213.00 focus=0x562016337ab0 pid=502115
[01:46:58.100] elm-parent-input button 272 state=1 focus=0x562016337ab0 pid=502115
[01:46:58.125] elm-parent-input button 272 state=0 focus=0x562016337ab0 pid=502115
[01:46:58.161] elm-parent-input motion 278,213 actual 278.00,213.00 focus=0x562016337ab0 pid=502115
[01:46:58.181] elm-parent-input button 272 state=1 focus=0x562016337ab0 pid=502115
[01:46:58.229] elm-parent-input motion 274,207 actual 274.00,207.00 focus=0x562016337ab0 pid=502115
[01:46:58.250] elm-parent-input button 272 state=0 focus=0x562016337ab0 pid=502115
[01:46:58.308] elm-parent-input motion 274,207 actual 274.00,207.00 focus=0x562016337ab0 pid=502115
[01:46:58.329] elm-parent-input button 272 state=1 focus=0x562016337ab0 pid=502115
[01:46:58.338] elm-parent-input button 272 state=0 focus=0x562016337ab0 pid=502115
[01:46:58.375] elm-parent-input motion 274,207 actual 274.00,207.00 focus=0x562016337ab0 pid=502115
[01:46:58.375] elm-parent-input button 272 state=1 focus=0x562016337ab0 pid=502115
[01:46:58.437] elm-parent-input motion 274,207 actual 274.00,207.00 focus=0x562016337ab0 pid=502115
[01:46:58.458] elm-parent-input button 272 state=1 focus=0x562016337ab0 pid=502115
[01:46:58.484] elm-parent-input button 272 state=0 focus=0x562016337ab0 pid=502115
[01:46:58.541] elm-parent-input motion 274,207 actual 274.00,207.00 focus=0x562016337ab0 pid=502115
[01:46:58.562] elm-parent-input button 272 state=1 focus=0x562016337ab0 pid=502115
[01:46:58.603] elm-parent-input motion 274,207 actual 274.00,207.00 focus=0x562016337ab0 pid=502115
[01:46:58.603] elm-parent-input button 272 state=1 focus=0x562016337ab0 pid=502115
[01:46:58.608] elm-parent-input button 272 state=0 focus=0x562016337ab0 pid=502115
[01:46:58.645] elm-parent-input motion 274,207 actual 274.00,207.00 focus=0x562016337ab0 pid=502115
[01:46:58.645] elm-parent-input button 272 state=1 focus=0x562016337ab0 pid=502115
[01:46:58.685] elm-parent-input motion 274,207 actual 274.00,207.00 focus=0x562016337ab0 pid=502115
[01:46:58.706] elm-parent-input button 272 state=1 focus=0x562016337ab0 pid=502115
[01:46:58.711] elm-parent-input button 272 state=0 focus=0x562016337ab0 pid=502115
[01:46:58.779] elm-parent-input motion 274,207 actual 274.00,207.00 focus=0x562016337ab0 pid=502115
[01:46:58.800] elm-parent-input button 272 state=1 focus=0x562016337ab0 pid=502115
[01:46:58.805] elm-parent-input button 272 state=0 focus=0x562016337ab0 pid=502115
[01:46:58.842] elm-parent-input motion 274,207 actual 274.00,207.00 focus=0x562016337ab0 pid=502115
[01:46:58.842] elm-parent-input button 272 state=1 focus=0x562016337ab0 pid=502115
[01:46:58.868] elm-parent-input button 273 state=1 focus=0x562016337ab0 pid=502115
[01:46:58.894] elm-parent-input button 274 state=1 focus=0x562016337ab0 pid=502115
[01:46:58.987] elm-parent-input motion 274,207 actual 274.00,207.00 focus=0x562016337ab0 pid=502115
[01:46:59.008] elm-parent-input button 272 state=1 focus=0x562016337ab0 pid=502115
[01:46:59.034] elm-parent-input button 272 state=0 focus=0x562016337ab0 pid=502115
[01:46:59.072] elm-parent-input motion 274,207 actual 274.00,207.00 focus=0x562016337ab0 pid=502115
[01:46:59.102] elm-parent-input capability requested=0 actual=0 accepted=1
[01:46:59.142] elm-parent-input capability requested=0 actual=0 accepted=0
[01:46:59.576] elm-parent-input capability requested=1 actual=1 accepted=1
[01:46:59.621] elm-parent-input motion 281,214 actual 281.00,214.00 focus=0x562016337ab0 pid=502115
[01:46:59.642] elm-parent-input button 272 state=1 focus=0x562016337ab0 pid=502115
[01:46:59.668] elm-parent-input button 272 state=0 focus=0x562016337ab0 pid=502115
[01:46:59.717] elm-parent-input capability requested=1 actual=1 accepted=0
[01:46:59.751] elm-parent-input motion 281,214 actual 281.00,214.00 focus=0x562016337ab0 pid=502115
[01:46:59.751] elm-parent-input button 272 state=1 focus=0x562016337ab0 pid=502115
[01:46:59.764] elm-parent-input capability requested=0 actual=0 accepted=1
[01:46:59.812] elm-parent-input capability requested=0 actual=0 accepted=0
[01:47:00.226] elm-parent-input capability requested=1 actual=1 accepted=1
[01:47:00.267] elm-parent-input motion 274,207 actual 274.00,207.00 focus=0x562016337ab0 pid=502115
[01:47:00.287] elm-parent-input button 272 state=1 focus=0x562016337ab0 pid=502115
[01:47:00.314] elm-parent-input button 272 state=0 focus=0x562016337ab0 pid=502115
[01:47:00.362] elm-parent-input capability requested=1 actual=1 accepted=0
[01:47:00.397] elm-parent-input motion 274,207 actual 274.00,207.00 focus=0x562016337ab0 pid=502115
[01:47:00.590] elm-parent-input motion 400,300 actual 400.00,300.00 focus=0x5620165360e0 pid=502581
[01:47:06.811] caught signal 15
