0000000000007640 T DPMSCapable
0000000000007a40 T DPMSDisable
00000000000079a0 T DPMSEnable
0000000000007ae0 T DPMSForceLevel
0000000000007860 T DPMSGetTimeouts
0000000000007510 T DPMSGetVersion
0000000000007bb0 T DPMSInfo
0000000000006780 T DPMSQueryExtension
0000000000007750 T DPMSSetTimeouts
0000000000006350 T XGEQueryExtension
00000000000063b0 T XGEQueryVersion
0000000000006b40 T XLbxGetEventBase
0000000000006ad0 T XLbxQueryExtension
0000000000009070 T XLbxQueryVersion
0000000000007da0 T XMITMiscGetBugMode
0000000000006860 T XMITMiscQueryExtension
0000000000007ce0 T XMITMiscSetBugMode
00000000000074d0 T XMissingExtension
0000000000004b60 T XSecurityAllocXauth
0000000000004b80 T XSecurityFreeXauth
000000000000a530 T XSecurityGenerateAuthorization
0000000000006cd0 T XSecurityQueryExtension
000000000000a870 T XSecurityRevokeAuthorization
00000000000074a0 T XSetExtensionErrorHandler
000000000000af70 T XShapeCombineMask
000000000000ae20 T XShapeCombineRectangles
000000000000ac30 T XShapeCombineRegion
000000000000b070 T XShapeCombineShape
000000000000b630 T XShapeGetRectangles
000000000000b510 T XShapeInputSelected
000000000000b180 T XShapeOffsetShape
0000000000006e70 T XShapeQueryExtension
000000000000b270 T XShapeQueryExtents
000000000000ab00 T XShapeQueryVersion
000000000000b450 T XShapeSelectInput
000000000000bc40 T XShmAttach
0000000000004b90 T XShmCreateImage
000000000000c130 T XShmCreatePixmap
000000000000bd20 T XShmDetach
0000000000006f50 T XShmGetEventBase
000000000000bf60 T XShmGetImage
000000000000bb30 T XShmPixmapFormat
000000000000bde0 T XShmPutImage
0000000000006f80 T XShmQueryExtension
000000000000b9f0 T XShmQueryVersion
000000000000ccc0 T XSyncAwait
000000000000d9a0 T XSyncAwaitFence
000000000000d250 T XSyncChangeAlarm
000000000000c9c0 T XSyncChangeCounter
000000000000cf00 T XSyncCreateAlarm
000000000000c7d0 T XSyncCreateCounter
000000000000d540 T XSyncCreateFence
000000000000d010 T XSyncDestroyAlarm
000000000000cac0 T XSyncDestroyCounter
000000000000d7a0 T XSyncDestroyFence
0000000000004cd0 T XSyncFreeSystemCounterList
000000000000d410 T XSyncGetPriority
000000000000c530 T XSyncInitialize
0000000000004d10 T XSyncIntToValue
0000000000004d20 T XSyncIntsToValue
000000000000c5b0 T XSyncListSystemCounters
0000000000005140 T XSyncMaxValue
0000000000005160 T XSyncMinValue
000000000000d0d0 T XSyncQueryAlarm
000000000000cb80 T XSyncQueryCounter
0000000000007220 T XSyncQueryExtension
000000000000d860 T XSyncQueryFence
000000000000d6e0 T XSyncResetFence
000000000000c8c0 T XSyncSetCounter
000000000000d350 T XSyncSetPriority
000000000000d620 T XSyncTriggerFence
0000000000005000 T XSyncValueAdd
0000000000004df0 T XSyncValueEqual
0000000000004d90 T XSyncValueGreaterOrEqual
0000000000004d30 T XSyncValueGreaterThan
0000000000004e70 T XSyncValueHigh32
0000000000004e20 T XSyncValueIsNegative
0000000000004e50 T XSyncValueIsPositive
0000000000004e30 T XSyncValueIsZero
0000000000004dc0 T XSyncValueLessOrEqual
0000000000004d60 T XSyncValueLessThan
0000000000004e60 T XSyncValueLow32
00000000000050a0 T XSyncValueSubtract
0000000000013010 D XTestFakeAckType
0000000000005170 T XTestFakeInput
0000000000005b30 T XTestFlush
0000000000005270 T XTestGetInput
00000000000134e8 B XTestInputActionType
0000000000005960 T XTestMovePointer
0000000000005940 T XTestPressButton
0000000000005920 T XTestPressKey
0000000000005460 T XTestQueryInputSize
00000000000053c0 T XTestReset
0000000000005320 T XTestStopInput
0000000000004b40 T XagCreateAssociation
0000000000007fe0 T XagCreateEmbeddedApplicationGroup
00000000000081f0 T XagCreateNonembeddedApplicationGroup
0000000000008310 T XagDestroyApplicationGroup
0000000000004b50 T XagDestroyAssociation
00000000000083d0 T XagGetApplicationGroupAttributes
00000000000087d0 T XagQueryApplicationGroup
0000000000007eb0 T XagQueryVersion
000000000000dc50 T XcupGetReservedColormapEntries
000000000000db20 T XcupQueryVersion
000000000000df10 T XcupStoreColors
000000000000e200 T XdbeAllocateBackBufferName
000000000000e500 T XdbeBeginIdiom
000000000000e2e0 T XdbeDeallocateBackBufferName
000000000000e5a0 T XdbeEndIdiom
0000000000005bd0 T XdbeFreeVisualInfo
000000000000e920 T XdbeGetBackBufferAttributes
000000000000e640 T XdbeGetVisualInfo
0000000000007380 T XdbeQueryExtension
000000000000e3a0 T XdbeSwapBuffers
0000000000008a30 T XeviGetVisualInfo
00000000000069c0 T XeviQueryExtension
0000000000008900 T XeviQueryVersion
0000000000006430 T XextAddDisplay
0000000000005c20 T XextCreateExtension
0000000000005c50 T XextDestroyExtension
0000000000005ec0 T XextFindDisplay
0000000000005c70 T XextRemoveDisplay
0000000000009c20 T XmbufChangeBufferAttributes
0000000000009970 T XmbufChangeWindowAttributes
000000000000a2d0 T XmbufClearBufferArea
0000000000009480 T XmbufCreateBuffers
0000000000009f70 T XmbufCreateStereoWindow
00000000000095f0 T XmbufDestroyBuffers
00000000000096b0 T XmbufDisplayBuffers
0000000000009ad0 T XmbufGetBufferAttributes
0000000000009d80 T XmbufGetScreenInfo
0000000000009350 T XmbufGetVersion
00000000000097b0 T XmbufGetWindowAttributes
0000000000006bf0 T XmbufQueryExtension
00000000000134e0 B _XExtensionErrorFunction
