	linux-vdso.so.1 (0x00007f8d865b7000)
	libwebkit2gtk-4.1.so.0 => /usr/lib/libwebkit2gtk-4.1.so.0 (0x00007f8d80a00000)
	libsoup-3.0.so.0 => /usr/lib/libsoup-3.0.so.0 (0x00007f8d8648c000)
	libjavascriptcoregtk-4.1.so.0 => /usr/lib/libjavascriptcoregtk-4.1.so.0 (0x00007f8d7e400000)
	libgtk-layer-shell.so.0 => /usr/lib/libgtk-layer-shell.so.0 (0x00007f8d8644e000)
	libgtk-3.so.0 => /usr/lib/libgtk-3.so.0 (0x00007f8d7dc00000)
	libgdk-3.so.0 => /usr/lib/libgdk-3.so.0 (0x00007f8d8635f000)
	libpangocairo-1.0.so.0 => /usr/lib/libpangocairo-1.0.so.0 (0x00007f8d8634d000)
	libcairo-gobject.so.2 => /usr/lib/libcairo-gobject.so.2 (0x00007f8d809f7000)
	libgdk_pixbuf-2.0.so.0 => /usr/lib/libgdk_pixbuf-2.0.so.0 (0x00007f8d809bd000)
	libatk-1.0.so.0 => /usr/lib/libatk-1.0.so.0 (0x00007f8d80996000)
	libpango-1.0.so.0 => /usr/lib/libpango-1.0.so.0 (0x00007f8d80927000)
	libcairo.so.2 => /usr/lib/libcairo.so.2 (0x00007f8d7dac3000)
	libharfbuzz.so.0 => /usr/lib/libharfbuzz.so.0 (0x00007f8d7d984000)
	libjson-glib-1.0.so.0 => /usr/lib/libjson-glib-1.0.so.0 (0x00007f8d808fd000)
	libgio-2.0.so.0 => /usr/lib/libgio-2.0.so.0 (0x00007f8d7d7a5000)
	libgobject-2.0.so.0 => /usr/lib/libgobject-2.0.so.0 (0x00007f8d8089a000)
	libgmodule-2.0.so.0 => /usr/lib/libgmodule-2.0.so.0 (0x00007f8d80893000)
	libglib-2.0.so.0 => /usr/lib/libglib-2.0.so.0 (0x00007f8d7d642000)
	libz.so.1 => /usr/lib/libz.so.1 (0x00007f8d80878000)
	libstdc++.so.6 => /usr/lib/libstdc++.so.6 (0x00007f8d7d200000)
	libm.so.6 => /usr/lib/libm.so.6 (0x00007f8d7d50b000)
	libgcc_s.so.1 => /usr/lib/libgcc_s.so.1 (0x00007f8d8084b000)
	libc.so.6 => /usr/lib/libc.so.6 (0x00007f8d7ce00000)
	libepoxy.so.0 => /usr/lib/libepoxy.so.0 (0x00007f8d7d0f3000)
	libatomic.so.1 => /usr/lib/libatomic.so.1 (0x00007f8d80840000)
	libfreetype.so.6 => /usr/lib/libfreetype.so.6 (0x00007f8d7e330000)
	libfontconfig.so.1 => /usr/lib/libfontconfig.so.1 (0x00007f8d7d078000)
	libwebpmux.so.3 => /usr/lib/libwebpmux.so.3 (0x00007f8d80834000)
	libexpat.so.1 => /usr/lib/libexpat.so.1 (0x00007f8d7e302000)
	libicui18n.so.78 => /usr/lib/libicui18n.so.78 (0x00007f8d7ca00000)
	libsystemd.so.0 => /usr/lib/libsystemd.so.0 (0x00007f8d7c8b8000)
	libjpeg.so.8 => /usr/lib/libjpeg.so.8 (0x00007f8d7c810000)
	libpng16.so.16 => /usr/lib/libpng16.so.16 (0x00007f8d7d03b000)
	libicuuc.so.78 => /usr/lib/libicuuc.so.78 (0x00007f8d7c600000)
	libxml2.so.16 => /usr/lib/libxml2.so.16 (0x00007f8d7c4bb000)
	libsqlite3.so.0 => /usr/lib/libsqlite3.so.0 (0x00007f8d7c322000)
	libxslt.so.1 => /usr/lib/libxslt.so.1 (0x00007f8d7cdc3000)
	liblcms2.so.2 => /usr/lib/liblcms2.so.2 (0x00007f8d7c2b6000)
	libgcrypt.so.20 => /usr/lib/libgcrypt.so.20 (0x00007f8d7c105000)
	libgstallocators-1.0.so.0 => /usr/lib/libgstallocators-1.0.so.0 (0x00007f8d80828000)
	libgstapp-1.0.so.0 => /usr/lib/libgstapp-1.0.so.0 (0x00007f8d8080d000)
	libgstbase-1.0.so.0 => /usr/lib/libgstbase-1.0.so.0 (0x00007f8d7c07d000)
	libgstreamer-1.0.so.0 => /usr/lib/libgstreamer-1.0.so.0 (0x00007f8d7bf0a000)
	libgstpbutils-1.0.so.0 => /usr/lib/libgstpbutils-1.0.so.0 (0x00007f8d7bec5000)
	libgstaudio-1.0.so.0 => /usr/lib/libgstaudio-1.0.so.0 (0x00007f8d7be3b000)
	libgsttag-1.0.so.0 => /usr/lib/libgsttag-1.0.so.0 (0x00007f8d7bdfc000)
	libgstvideo-1.0.so.0 => /usr/lib/libgstvideo-1.0.so.0 (0x00007f8d7bd1d000)
	libgstgl-1.0.so.0 => /usr/lib/libgstgl-1.0.so.0 (0x00007f8d7bc87000)
	libgstfft-1.0.so.0 => /usr/lib/libgstfft-1.0.so.0 (0x00007f8d7d500000)
	libwebpdemux.so.2 => /usr/lib/libwebpdemux.so.2 (0x00007f8d7d4f9000)
	libwebp.so.7 => /usr/lib/libwebp.so.7 (0x00007f8d7bc00000)
	libjxl.so.0.12 => /usr/lib/libjxl.so.0.12 (0x00007f8d7b600000)
	libavif.so.16 => /usr/lib/libavif.so.16 (0x00007f8d7bbb8000)
	libharfbuzz-icu.so.0 => /usr/lib/libharfbuzz-icu.so.0 (0x00007f8d7d4f4000)
	libX11.so.6 => /usr/lib/libX11.so.6 (0x00007f8d7ba76000)
	libwayland-server.so.0 => /usr/lib/libwayland-server.so.0 (0x00007f8d7d4df000)
	libwayland-client.so.0 => /usr/lib/libwayland-client.so.0 (0x00007f8d7d02b000)
	libmanette-0.2.so.0 => /usr/lib/libmanette-0.2.so.0 (0x00007f8d7b5ae000)
	libseccomp.so.2 => /usr/lib/libseccomp.so.2 (0x00007f8d7cd96000)
	libenchant-2.so.2 => /usr/lib/libenchant-2.so.2 (0x00007f8d7ba64000)
	libgbm.so.1 => /usr/lib/libgbm.so.1 (0x00007f8d7d4d7000)
	libdrm.so.2 => /usr/lib/libdrm.so.2 (0x00007f8d7ba4d000)
	libtasn1.so.6 => /usr/lib/libtasn1.so.6 (0x00007f8d7ba37000)
	libhyphen.so.0 => /usr/lib/libhyphen.so.0 (0x00007f8d7d023000)
	libsecret-1.so.0 => /usr/lib/libsecret-1.so.0 (0x00007f8d7b550000)
	/lib64/ld-linux-x86-64.so.2 => /usr/lib64/ld-linux-x86-64.so.2 (0x00007f8d865b9000)
	libpsl.so.5 => /usr/lib/libpsl.so.5 (0x00007f8d7b53c000)
	libbrotlidec.so.1 => /usr/lib/libbrotlidec.so.1 (0x00007f8d7b52d000)
	libgssapi_krb5.so.2 => /usr/lib/libgssapi_krb5.so.2 (0x00007f8d7b4d5000)
	libnghttp2.so.14 => /usr/lib/libnghttp2.so.14 (0x00007f8d7b4ab000)
	libpangoft2-1.0.so.0 => /usr/lib/libpangoft2-1.0.so.0 (0x00007f8d7b48c000)
	libfribidi.so.0 => /usr/lib/libfribidi.so.0 (0x00007f8d7b46c000)
	libXi.so.6 => /usr/lib/libXi.so.6 (0x00007f8d7b457000)
	libatk-bridge-2.0.so.0 => /usr/lib/libatk-bridge-2.0.so.0 (0x00007f8d7b41b000)
	libcloudproviders.so.0 => /usr/lib/libcloudproviders.so.0 (0x00007f8d7b403000)
	libtinysparql-3.0.so.0 => /usr/lib/libtinysparql-3.0.so.0 (0x00007f8d7b32f000)
	libXfixes.so.3 => /usr/lib/libXfixes.so.3 (0x00007f8d7b327000)
	libxkbcommon.so.0 => /usr/lib/libxkbcommon.so.0 (0x00007f8d7b2c8000)
	libwayland-cursor.so.0 => /usr/lib/libwayland-cursor.so.0 (0x00007f8d7b2bf000)
	libwayland-egl.so.1 => /usr/lib/libwayland-egl.so.1 (0x00007f8d7cd8f000)
	libXext.so.6 => /usr/lib/libXext.so.6 (0x00007f8d7b2ab000)
	libXcursor.so.1 => /usr/lib/libXcursor.so.1 (0x00007f8d7b29e000)
	libXdamage.so.1 => /usr/lib/libXdamage.so.1 (0x00007f8d7b299000)
	libXcomposite.so.1 => /usr/lib/libXcomposite.so.1 (0x00007f8d7b294000)
	libXrandr.so.2 => /usr/lib/libXrandr.so.2 (0x00007f8d7b287000)
	libXinerama.so.1 => /usr/lib/libXinerama.so.1 (0x00007f8d7b282000)
	libglycin-2.so.0 => /usr/lib/libglycin-2.so.0 (0x00007f8d7ae00000)
	libthai.so.0 => /usr/lib/libthai.so.0 (0x00007f8d7b275000)
	libXrender.so.1 => /usr/lib/libXrender.so.1 (0x00007f8d7b269000)
	libxcb.so.1 => /usr/lib/libxcb.so.1 (0x00007f8d7b23e000)
	libxcb-render.so.0 => /usr/lib/libxcb-render.so.0 (0x00007f8d7b22f000)
	libxcb-shm.so.0 => /usr/lib/libxcb-shm.so.0 (0x00007f8d7b228000)
	libpixman-1.so.0 => /usr/lib/libpixman-1.so.0 (0x00007f8d7ad51000)
	libgraphite2.so.3 => /usr/lib/libgraphite2.so.3 (0x00007f8d7b205000)
	libmount.so.1 => /usr/lib/libmount.so.1 (0x00007f8d7acf4000)
	libffi.so.8 => /usr/lib/libffi.so.8 (0x00007f8d7ace6000)
	libpcre2-8.so.0 => /usr/lib/libpcre2-8.so.0 (0x00007f8d7ac33000)
	libbz2.so.1.0 => /usr/lib/libbz2.so.1.0 (0x00007f8d7ac20000)
	libicudata.so.78 => /usr/lib/libicudata.so.78 (0x00007f8d78c00000)
	libgpg-error.so.0 => /usr/lib/libgpg-error.so.0 (0x00007f8d7abf3000)
	libunwind.so.8 => /usr/lib/libunwind.so.8 (0x00007f8d7abd7000)
	libdw.so.1 => /usr/lib/libdw.so.1 (0x00007f8d78b5e000)
	liborc-0.4.so.0 => /usr/lib/liborc-0.4.so.0 (0x00007f8d78a4c000)
	libEGL.so.1 => /usr/lib/libEGL.so.1 (0x00007f8d7abc5000)
	libGLX.so.0 => /usr/lib/libGLX.so.0 (0x00007f8d78a1b000)
	libX11-xcb.so.1 => /usr/lib/libX11-xcb.so.1 (0x00007f8d7abc0000)
	libgudev-1.0.so.0 => /usr/lib/libgudev-1.0.so.0 (0x00007f8d7abb4000)
	libsharpyuv.so.0 => /usr/lib/libsharpyuv.so.0 (0x00007f8d7abab000)
	libjxl_cms.so.0.12 => /usr/lib/libjxl_cms.so.0.12 (0x00007f8d789f2000)
	libhwy.so.1 => /usr/lib/libhwy.so.1 (0x00007f8d7ab9c000)
	libbrotlienc.so.1 => /usr/lib/libbrotlienc.so.1 (0x00007f8d78932000)
	libyuv.so => /usr/lib/libyuv.so (0x00007f8d7888b000)
	libdav1d.so.7 => /usr/lib/libdav1d.so.7 (0x00007f8d786aa000)
	librav1e.so.0.8 => /usr/lib/librav1e.so.0.8 (0x00007f8d78200000)
	libSvtAv1Enc.so.4 => /usr/lib/libSvtAv1Enc.so.4 (0x00007f8d6fc00000)
	libaom.so.3 => /usr/lib/libaom.so.3 (0x00007f8d6f200000)
	libhidapi-hidraw.so.0 => /usr/lib/libhidapi-hidraw.so.0 (0x00007f8d786a2000)
	libevdev.so.2 => /usr/lib/libevdev.so.2 (0x00007f8d7868c000)
	libtss2-esys.so.0 => /usr/lib/libtss2-esys.so.0 (0x00007f8d785fa000)
	libtss2-mu.so.0 => /usr/lib/libtss2-mu.so.0 (0x00007f8d785b0000)
	libtss2-rc.so.0 => /usr/lib/libtss2-rc.so.0 (0x00007f8d785a7000)
	libtss2-tctildr.so.0 => /usr/lib/libtss2-tctildr.so.0 (0x00007f8d7859f000)
	libunistring.so.5 => /usr/lib/libunistring.so.5 (0x00007f8d6f019000)
	libidn2.so.0 => /usr/lib/libidn2.so.0 (0x00007f8d7857d000)
	libbrotlicommon.so.1 => /usr/lib/libbrotlicommon.so.1 (0x00007f8d7855a000)
	libkrb5.so.3 => /usr/lib/libkrb5.so.3 (0x00007f8d6fb31000)
	libk5crypto.so.3 => /usr/lib/libk5crypto.so.3 (0x00007f8d7852c000)
	libcom_err.so.2 => /usr/lib/libcom_err.so.2 (0x00007f8d78526000)
	libkrb5support.so.0 => /usr/lib/libkrb5support.so.0 (0x00007f8d781f1000)
	libkeyutils.so.1 => /usr/lib/libkeyutils.so.1 (0x00007f8d781ea000)
	libresolv.so.2 => /usr/lib/libresolv.so.2 (0x00007f8d781d7000)
	libatspi.so.0 => /usr/lib/libatspi.so.0 (0x00007f8d7819b000)
	libdbus-1.so.3 => /usr/lib/libdbus-1.so.3 (0x00007f8d6efc6000)
	libdatrie.so.1 => /usr/lib/libdatrie.so.1 (0x00007f8d78192000)
	libXau.so.6 => /usr/lib/libXau.so.6 (0x00007f8d7818d000)
	libXdmcp.so.6 => /usr/lib/libXdmcp.so.6 (0x00007f8d78185000)
	libblkid.so.1 => /usr/lib/libblkid.so.1 (0x00007f8d6faf1000)
	liblzma.so.5 => /usr/lib/liblzma.so.5 (0x00007f8d6ef91000)
	libelf.so.1 => /usr/lib/libelf.so.1 (0x00007f8d6ef73000)
	libzstd.so.1 => /usr/lib/libzstd.so.1 (0x00007f8d6ee8d000)
	libGLdispatch.so.0 => /usr/lib/libGLdispatch.so.0 (0x00007f8d6ee14000)
	libudev.so.1 => /usr/lib/libudev.so.1 (0x00007f8d6edc4000)
	libcrypto.so.3 => /usr/lib/libcrypto.so.3 (0x00007f8d6e800000)
	libtss2-sys.so.1 => /usr/lib/libtss2-sys.so.1 (0x00007f8d6e7de000)
