Realm replay original teardown close

=================================================================
==3936253==ERROR: LeakSanitizer: detected memory leaks

Direct leak of 24 byte(s) in 1 object(s) allocated from:
    #0 0x7f5038d2d2a1 in operator new(unsigned long) (/usr/lib/libasan.so.8+0x12d2a1) (BuildId: b8a4241051a1621937fdc46e867ba7ecb56d96ea)
    #1 0x5634a678214d in warlock_preview_bootstrap_open (/home/hoskinson/omarchy-windows-parity/implementation/warlock-preview-provider-v108/qa/preview-bootstrap-realm-model-check-1791348751768644082/release-claim-on-refused-close/checks+0x7ad14d) (BuildId: c549d7ed7f9714e6f2a6137c871d9ed34ff67112)
    #2 0x5634a653fe2c in main (/home/hoskinson/omarchy-windows-parity/implementation/warlock-preview-provider-v108/qa/preview-bootstrap-realm-model-check-1791348751768644082/release-claim-on-refused-close/checks+0x56ae2c) (BuildId: c549d7ed7f9714e6f2a6137c871d9ed34ff67112)
    #3 0x7f5037827780  (/usr/lib/libc.so.6+0x27780) (BuildId: 503200d7fda94a5dc6058d7e0694e5d1dcb2e372)
    #4 0x7f50378278b8 in __libc_start_main (/usr/lib/libc.so.6+0x278b8) (BuildId: 503200d7fda94a5dc6058d7e0694e5d1dcb2e372)
    #5 0x5634a652df34 in _start (/home/hoskinson/omarchy-windows-parity/implementation/warlock-preview-provider-v108/qa/preview-bootstrap-realm-model-check-1791348751768644082/release-claim-on-refused-close/checks+0x558f34) (BuildId: c549d7ed7f9714e6f2a6137c871d9ed34ff67112)

Direct leak of 24 byte(s) in 1 object(s) allocated from:
    #0 0x7f5038d2d2a1 in operator new(unsigned long) (/usr/lib/libasan.so.8+0x12d2a1) (BuildId: b8a4241051a1621937fdc46e867ba7ecb56d96ea)
    #1 0x5634a678214d in warlock_preview_bootstrap_open (/home/hoskinson/omarchy-windows-parity/implementation/warlock-preview-provider-v108/qa/preview-bootstrap-realm-model-check-1791348751768644082/release-claim-on-refused-close/checks+0x7ad14d) (BuildId: c549d7ed7f9714e6f2a6137c871d9ed34ff67112)
    #2 0x5634a653fcc4 in main (/home/hoskinson/omarchy-windows-parity/implementation/warlock-preview-provider-v108/qa/preview-bootstrap-realm-model-check-1791348751768644082/release-claim-on-refused-close/checks+0x56acc4) (BuildId: c549d7ed7f9714e6f2a6137c871d9ed34ff67112)
    #3 0x7f5037827780  (/usr/lib/libc.so.6+0x27780) (BuildId: 503200d7fda94a5dc6058d7e0694e5d1dcb2e372)
    #4 0x7f50378278b8 in __libc_start_main (/usr/lib/libc.so.6+0x278b8) (BuildId: 503200d7fda94a5dc6058d7e0694e5d1dcb2e372)
    #5 0x5634a652df34 in _start (/home/hoskinson/omarchy-windows-parity/implementation/warlock-preview-provider-v108/qa/preview-bootstrap-realm-model-check-1791348751768644082/release-claim-on-refused-close/checks+0x558f34) (BuildId: c549d7ed7f9714e6f2a6137c871d9ed34ff67112)

Direct leak of 16 byte(s) in 1 object(s) allocated from:
    #0 0x7f5038d2c0c1 in malloc (/usr/lib/libasan.so.8+0x12c0c1) (BuildId: b8a4241051a1621937fdc46e867ba7ecb56d96ea)
    #1 0x7f50389269da in g_malloc (/usr/lib/libglib-2.0.so.0+0x689da) (BuildId: cb17d184459352a7985a010f1cd3acef4a4f90d8)
    #2 0x7f5038946925 in g_slice_alloc0 (/usr/lib/libglib-2.0.so.0+0x88925) (BuildId: cb17d184459352a7985a010f1cd3acef4a4f90d8)
    #3 0x7f503890388c  (/usr/lib/libglib-2.0.so.0+0x4588c) (BuildId: cb17d184459352a7985a010f1cd3acef4a4f90d8)
    #4 0x7f5038903bdf in g_error_new_literal (/usr/lib/libglib-2.0.so.0+0x45bdf) (BuildId: cb17d184459352a7985a010f1cd3acef4a4f90d8)
    #5 0x7f5038903ce2 in g_set_error_literal (/usr/lib/libglib-2.0.so.0+0x45ce2) (BuildId: cb17d184459352a7985a010f1cd3acef4a4f90d8)
    #6 0x5634a6596908 in (anonymous namespace)::closeImported(WarlockImportedClients*, WarlockPreviewBootstrap*, _GError**) (/home/hoskinson/omarchy-windows-parity/implementation/warlock-preview-provider-v108/qa/preview-bootstrap-realm-model-check-1791348751768644082/release-claim-on-refused-close/checks+0x5c1908) (BuildId: c549d7ed7f9714e6f2a6137c871d9ed34ff67112)
    #7 0x5634a65969af in warlock_imported_clients_close_bootstrap (/home/hoskinson/omarchy-windows-parity/implementation/warlock-preview-provider-v108/qa/preview-bootstrap-realm-model-check-1791348751768644082/release-claim-on-refused-close/checks+0x5c19af) (BuildId: c549d7ed7f9714e6f2a6137c871d9ed34ff67112)
    #8 0x5634a6544ae2 in main (/home/hoskinson/omarchy-windows-parity/implementation/warlock-preview-provider-v108/qa/preview-bootstrap-realm-model-check-1791348751768644082/release-claim-on-refused-close/checks+0x56fae2) (BuildId: c549d7ed7f9714e6f2a6137c871d9ed34ff67112)
    #9 0x7f5037827780  (/usr/lib/libc.so.6+0x27780) (BuildId: 503200d7fda94a5dc6058d7e0694e5d1dcb2e372)
    #10 0x7f50378278b8 in __libc_start_main (/usr/lib/libc.so.6+0x278b8) (BuildId: 503200d7fda94a5dc6058d7e0694e5d1dcb2e372)
    #11 0x5634a652df34 in _start (/home/hoskinson/omarchy-windows-parity/implementation/warlock-preview-provider-v108/qa/preview-bootstrap-realm-model-check-1791348751768644082/release-claim-on-refused-close/checks+0x558f34) (BuildId: c549d7ed7f9714e6f2a6137c871d9ed34ff67112)

Indirect leak of 8896 byte(s) in 1 object(s) allocated from:
    #0 0x7f5038d2d2a1 in operator new(unsigned long) (/usr/lib/libasan.so.8+0x12d2a1) (BuildId: b8a4241051a1621937fdc46e867ba7ecb56d96ea)
    #1 0x5634a65b44e3 in warlock_imported_clients_open_controlled (/home/hoskinson/omarchy-windows-parity/implementation/warlock-preview-provider-v108/qa/preview-bootstrap-realm-model-check-1791348751768644082/release-claim-on-refused-close/checks+0x5df4e3) (BuildId: c549d7ed7f9714e6f2a6137c871d9ed34ff67112)
    #2 0x5634a6544946 in main (/home/hoskinson/omarchy-windows-parity/implementation/warlock-preview-provider-v108/qa/preview-bootstrap-realm-model-check-1791348751768644082/release-claim-on-refused-close/checks+0x56f946) (BuildId: c549d7ed7f9714e6f2a6137c871d9ed34ff67112)
    #3 0x7f5037827780  (/usr/lib/libc.so.6+0x27780) (BuildId: 503200d7fda94a5dc6058d7e0694e5d1dcb2e372)
    #4 0x7f50378278b8 in __libc_start_main (/usr/lib/libc.so.6+0x278b8) (BuildId: 503200d7fda94a5dc6058d7e0694e5d1dcb2e372)
    #5 0x5634a652df34 in _start (/home/hoskinson/omarchy-windows-parity/implementation/warlock-preview-provider-v108/qa/preview-bootstrap-realm-model-check-1791348751768644082/release-claim-on-refused-close/checks+0x558f34) (BuildId: c549d7ed7f9714e6f2a6137c871d9ed34ff67112)

Indirect leak of 1593 byte(s) in 1 object(s) allocated from:
    #0 0x7f5038d2d2a1 in operator new(unsigned long) (/usr/lib/libasan.so.8+0x12d2a1) (BuildId: b8a4241051a1621937fdc46e867ba7ecb56d96ea)
    #1 0x7f503856e168 in std::__cxx11::basic_string<char, std::char_traits<char>, std::allocator<char> >::_M_mutate(unsigned long, unsigned long, char const*, unsigned long) (/usr/lib/libstdc++.so.6+0x16e168) (BuildId: 5b8d3de442de987b24d0e3679533068f2ae62497)
    #2 0x5634a65f502c in preview::bridge::clientSeed[abi:cxx11](preview::bridge::SourceObservation const&, unsigned long, unsigned long) (/home/hoskinson/omarchy-windows-parity/implementation/warlock-preview-provider-v108/qa/preview-bootstrap-realm-model-check-1791348751768644082/release-claim-on-refused-close/checks+0x62002c) (BuildId: c549d7ed7f9714e6f2a6137c871d9ed34ff67112)
    #3 0x5634a675efe2 in preview::bridge::ImportedClients::startObserved(preview::demand::Coordinator&, unsigned long, preview::Id<preview::Incarnation>, unsigned long, unsigned long, unsigned long, preview::uri::View*, bool) (/home/hoskinson/omarchy-windows-parity/implementation/warlock-preview-provider-v108/qa/preview-bootstrap-realm-model-check-1791348751768644082/release-claim-on-refused-close/checks+0x789fe2) (BuildId: c549d7ed7f9714e6f2a6137c871d9ed34ff67112)
    #4 0x5634a6769a5a in auto preview::bridge::ImportedClients::tryStartAtReceiver(unsigned long, unsigned long, unsigned long, preview::Id<preview::Incarnation>, unsigned long, unsigned long, unsigned long)::{lambda(auto:1&, preview::uri::View*)#1}::operator()<preview::demand::Coordinator>(preview::demand::Coordinator&, preview::uri::View*) const (/home/hoskinson/omarchy-windows-parity/implementation/warlock-preview-provider-v108/qa/preview-bootstrap-realm-model-check-1791348751768644082/release-claim-on-refused-close/checks+0x794a5a) (BuildId: c549d7ed7f9714e6f2a6137c871d9ed34ff67112)
    #5 0x5634a676a417 in auto preview::uri::Endpoint::nativeDemandView<preview::bridge::ImportedClients::tryStartAtReceiver(unsigned long, unsigned long, unsigned long, preview::Id<preview::Incarnation>, unsigned long, unsigned long, unsigned long)::{lambda(auto:1&, preview::uri::View*)#1}>(unsigned long, preview::bridge::ImportedClients::tryStartAtReceiver(unsigned long, unsigned long, unsigned long, preview::Id<preview::Incarnation>, unsigned long, unsigned long, unsigned long)::{lambda(auto:1&, preview::uri::View*)#1}&&) (/home/hoskinson/omarchy-windows-parity/implementation/warlock-preview-provider-v108/qa/preview-bootstrap-realm-model-check-1791348751768644082/release-claim-on-refused-close/checks+0x795417) (BuildId: c549d7ed7f9714e6f2a6137c871d9ed34ff67112)
    #6 0x5634a676f845 in WarlockImportedClients::WarlockImportedClients(preview::bridge::Native&, unsigned long, unsigned long, unsigned long, unsigned long, bool) (/home/hoskinson/omarchy-windows-parity/implementation/warlock-preview-provider-v108/qa/preview-bootstrap-realm-model-check-1791348751768644082/release-claim-on-refused-close/checks+0x79a845) (BuildId: c549d7ed7f9714e6f2a6137c871d9ed34ff67112)
    #7 0x5634a65b4589 in warlock_imported_clients_open_controlled (/home/hoskinson/omarchy-windows-parity/implementation/warlock-preview-provider-v108/qa/preview-bootstrap-realm-model-check-1791348751768644082/release-claim-on-refused-close/checks+0x5df589) (BuildId: c549d7ed7f9714e6f2a6137c871d9ed34ff67112)
    #8 0x5634a6544946 in main (/home/hoskinson/omarchy-windows-parity/implementation/warlock-preview-provider-v108/qa/preview-bootstrap-realm-model-check-1791348751768644082/release-claim-on-refused-close/checks+0x56f946) (BuildId: c549d7ed7f9714e6f2a6137c871d9ed34ff67112)
    #9 0x7f5037827780  (/usr/lib/libc.so.6+0x27780) (BuildId: 503200d7fda94a5dc6058d7e0694e5d1dcb2e372)
    #10 0x7f50378278b8 in __libc_start_main (/usr/lib/libc.so.6+0x278b8) (BuildId: 503200d7fda94a5dc6058d7e0694e5d1dcb2e372)
    #11 0x5634a652df34 in _start (/home/hoskinson/omarchy-windows-parity/implementation/warlock-preview-provider-v108/qa/preview-bootstrap-realm-model-check-1791348751768644082/release-claim-on-refused-close/checks+0x558f34) (BuildId: c549d7ed7f9714e6f2a6137c871d9ed34ff67112)

Indirect leak of 816 byte(s) in 1 object(s) allocated from:
    #0 0x7f5038d2d2a1 in operator new(unsigned long) (/usr/lib/libasan.so.8+0x12d2a1) (BuildId: b8a4241051a1621937fdc46e867ba7ecb56d96ea)
    #1 0x5634a679addb in std::__detail::_MakeUniq<preview::bridge::Native>::__single_object std::make_unique<preview::bridge::Native, int, unsigned long, char const*, char const*, char const*>(int&&, unsigned long&&, char const*&&, char const*&&, char const*&&) (/home/hoskinson/omarchy-windows-parity/implementation/warlock-preview-provider-v108/qa/preview-bootstrap-realm-model-check-1791348751768644082/release-claim-on-refused-close/checks+0x7c5ddb) (BuildId: c549d7ed7f9714e6f2a6137c871d9ed34ff67112)
    #2 0x5634a67827ac in warlock_preview_bootstrap_open (/home/hoskinson/omarchy-windows-parity/implementation/warlock-preview-provider-v108/qa/preview-bootstrap-realm-model-check-1791348751768644082/release-claim-on-refused-close/checks+0x7ad7ac) (BuildId: c549d7ed7f9714e6f2a6137c871d9ed34ff67112)
    #3 0x5634a653fe2c in main (/home/hoskinson/omarchy-windows-parity/implementation/warlock-preview-provider-v108/qa/preview-bootstrap-realm-model-check-1791348751768644082/release-claim-on-refused-close/checks+0x56ae2c) (BuildId: c549d7ed7f9714e6f2a6137c871d9ed34ff67112)
    #4 0x7f5037827780  (/usr/lib/libc.so.6+0x27780) (BuildId: 503200d7fda94a5dc6058d7e0694e5d1dcb2e372)
    #5 0x7f50378278b8 in __libc_start_main (/usr/lib/libc.so.6+0x278b8) (BuildId: 503200d7fda94a5dc6058d7e0694e5d1dcb2e372)
    #6 0x5634a652df34 in _start (/home/hoskinson/omarchy-windows-parity/implementation/warlock-preview-provider-v108/qa/preview-bootstrap-realm-model-check-1791348751768644082/release-claim-on-refused-close/checks+0x558f34) (BuildId: c549d7ed7f9714e6f2a6137c871d9ed34ff67112)

Indirect leak of 816 byte(s) in 1 object(s) allocated from:
    #0 0x7f5038d2d2a1 in operator new(unsigned long) (/usr/lib/libasan.so.8+0x12d2a1) (BuildId: b8a4241051a1621937fdc46e867ba7ecb56d96ea)
    #1 0x5634a679addb in std::__detail::_MakeUniq<preview::bridge::Native>::__single_object std::make_unique<preview::bridge::Native, int, unsigned long, char const*, char const*, char const*>(int&&, unsigned long&&, char const*&&, char const*&&, char const*&&) (/home/hoskinson/omarchy-windows-parity/implementation/warlock-preview-provider-v108/qa/preview-bootstrap-realm-model-check-1791348751768644082/release-claim-on-refused-close/checks+0x7c5ddb) (BuildId: c549d7ed7f9714e6f2a6137c871d9ed34ff67112)
    #2 0x5634a67827ac in warlock_preview_bootstrap_open (/home/hoskinson/omarchy-windows-parity/implementation/warlock-preview-provider-v108/qa/preview-bootstrap-realm-model-check-1791348751768644082/release-claim-on-refused-close/checks+0x7ad7ac) (BuildId: c549d7ed7f9714e6f2a6137c871d9ed34ff67112)
    #3 0x5634a653fcc4 in main (/home/hoskinson/omarchy-windows-parity/implementation/warlock-preview-provider-v108/qa/preview-bootstrap-realm-model-check-1791348751768644082/release-claim-on-refused-close/checks+0x56acc4) (BuildId: c549d7ed7f9714e6f2a6137c871d9ed34ff67112)
    #4 0x7f5037827780  (/usr/lib/libc.so.6+0x27780) (BuildId: 503200d7fda94a5dc6058d7e0694e5d1dcb2e372)
    #5 0x7f50378278b8 in __libc_start_main (/usr/lib/libc.so.6+0x278b8) (BuildId: 503200d7fda94a5dc6058d7e0694e5d1dcb2e372)
    #6 0x5634a652df34 in _start (/home/hoskinson/omarchy-windows-parity/implementation/warlock-preview-provider-v108/qa/preview-bootstrap-realm-model-check-1791348751768644082/release-claim-on-refused-close/checks+0x558f34) (BuildId: c549d7ed7f9714e6f2a6137c871d9ed34ff67112)

Indirect leak of 787 byte(s) in 1 object(s) allocated from:
    #0 0x7f5038d2d2a1 in operator new(unsigned long) (/usr/lib/libasan.so.8+0x12d2a1) (BuildId: b8a4241051a1621937fdc46e867ba7ecb56d96ea)
    #1 0x7f503856e168 in std::__cxx11::basic_string<char, std::char_traits<char>, std::allocator<char> >::_M_mutate(unsigned long, unsigned long, char const*, unsigned long) (/usr/lib/libstdc++.so.6+0x16e168) (BuildId: 5b8d3de442de987b24d0e3679533068f2ae62497)
    #2 0x5634a65f8a40 in preview::bridge::ControlReservations::encode[abi:cxx11](unsigned long, std::basic_string_view<char, std::char_traits<char> >) const (/home/hoskinson/omarchy-windows-parity/implementation/warlock-preview-provider-v108/qa/preview-bootstrap-realm-model-check-1791348751768644082/release-claim-on-refused-close/checks+0x623a40) (BuildId: c549d7ed7f9714e6f2a6137c871d9ed34ff67112)
    #3 0x5634a66df54d in preview::bridge::ControlReservations::issue(PreviewControlGrant, unsigned long, unsigned long, std::basic_string_view<char, std::char_traits<char> >) (/home/hoskinson/omarchy-windows-parity/implementation/warlock-preview-provider-v108/qa/preview-bootstrap-realm-model-check-1791348751768644082/release-claim-on-refused-close/checks+0x70a54d) (BuildId: c549d7ed7f9714e6f2a6137c871d9ed34ff67112)
    #4 0x5634a66e039a in preview::bridge::ImportedControlAdmission::issueReconciliation(PreviewControlGrant, preview::uri::View const*, preview::Broker const&, std::basic_string_view<char, std::char_traits<char> >) (/home/hoskinson/omarchy-windows-parity/implementation/warlock-preview-provider-v108/qa/preview-bootstrap-realm-model-check-1791348751768644082/release-claim-on-refused-close/checks+0x70b39a) (BuildId: c549d7ed7f9714e6f2a6137c871d9ed34ff67112)
    #5 0x5634a66e34b5 in auto preview::bridge::ImportedClients::proposeReconciliation(PreviewControlGrant, std::__cxx11::basic_string<char, std::char_traits<char>, std::allocator<char> > const&, std::__cxx11::basic_string<char, std::char_traits<char>, std::allocator<char> > const&)::{lambda(auto:1&, preview::uri::View*)#1}::operator()<preview::demand::Coordinator>(preview::demand::Coordinator&, preview::uri::View*) const (/home/hoskinson/omarchy-windows-parity/implementation/warlock-preview-provider-v108/qa/preview-bootstrap-realm-model-check-1791348751768644082/release-claim-on-refused-close/checks+0x70e4b5) (BuildId: c549d7ed7f9714e6f2a6137c871d9ed34ff67112)
    #6 0x5634a66e3edf in auto preview::uri::Endpoint::nativeDemandView<preview::bridge::ImportedClients::proposeReconciliation(PreviewControlGrant, std::__cxx11::basic_string<char, std::char_traits<char>, std::allocator<char> > const&, std::__cxx11::basic_string<char, std::char_traits<char>, std::allocator<char> > const&)::{lambda(auto:1&, preview::uri::View*)#1}>(unsigned long, preview::bridge::ImportedClients::proposeReconciliation(PreviewControlGrant, std::__cxx11::basic_string<char, std::char_traits<char>, std::allocator<char> > const&, std::__cxx11::basic_string<char, std::char_traits<char>, std::allocator<char> > const&)::{lambda(auto:1&, preview::uri::View*)#1}&&) (/home/hoskinson/omarchy-windows-parity/implementation/warlock-preview-provider-v108/qa/preview-bootstrap-realm-model-check-1791348751768644082/release-claim-on-refused-close/checks+0x70eedf) (BuildId: c549d7ed7f9714e6f2a6137c871d9ed34ff67112)
    #7 0x5634a65a0fc3 in auto warlock_imported_clients_propose_control::{lambda(auto:1&)#1}::operator()<WarlockImportedClients>(WarlockImportedClients&) const (/home/hoskinson/omarchy-windows-parity/implementation/warlock-preview-provider-v108/qa/preview-bootstrap-realm-model-check-1791348751768644082/release-claim-on-refused-close/checks+0x5cbfc3) (BuildId: c549d7ed7f9714e6f2a6137c871d9ed34ff67112)
    #8 0x5634a65a2acd in warlock_imported_clients_propose_control (/home/hoskinson/omarchy-windows-parity/implementation/warlock-preview-provider-v108/qa/preview-bootstrap-realm-model-check-1791348751768644082/release-claim-on-refused-close/checks+0x5cdacd) (BuildId: c549d7ed7f9714e6f2a6137c871d9ed34ff67112)
    #9 0x5634a6532621 in main::{lambda(std::__cxx11::basic_string<char, std::char_traits<char>, std::allocator<char> > const&, bool)#1}::operator()(std::__cxx11::basic_string<char, std::char_traits<char>, std::allocator<char> > const&, bool) const (/home/hoskinson/omarchy-windows-parity/implementation/warlock-preview-provider-v108/qa/preview-bootstrap-realm-model-check-1791348751768644082/release-claim-on-refused-close/checks+0x55d621) (BuildId: c549d7ed7f9714e6f2a6137c871d9ed34ff67112)
    #10 0x5634a6544a67 in main (/home/hoskinson/omarchy-windows-parity/implementation/warlock-preview-provider-v108/qa/preview-bootstrap-realm-model-check-1791348751768644082/release-claim-on-refused-close/checks+0x56fa67) (BuildId: c549d7ed7f9714e6f2a6137c871d9ed34ff67112)
    #11 0x7f5037827780  (/usr/lib/libc.so.6+0x27780) (BuildId: 503200d7fda94a5dc6058d7e0694e5d1dcb2e372)
    #12 0x7f50378278b8 in __libc_start_main (/usr/lib/libc.so.6+0x278b8) (BuildId: 503200d7fda94a5dc6058d7e0694e5d1dcb2e372)
    #13 0x5634a652df34 in _start (/home/hoskinson/omarchy-windows-parity/implementation/warlock-preview-provider-v108/qa/preview-bootstrap-realm-model-check-1791348751768644082/release-claim-on-refused-close/checks+0x558f34) (BuildId: c549d7ed7f9714e6f2a6137c871d9ed34ff67112)

Indirect leak of 368 byte(s) in 1 object(s) allocated from:
    #0 0x7f5038d2d2a1 in operator new(unsigned long) (/usr/lib/libasan.so.8+0x12d2a1) (BuildId: b8a4241051a1621937fdc46e867ba7ecb56d96ea)
    #1 0x5634a6632a52 in preview::uri::Endpoint::Endpoint(preview::Limits, unsigned long, unsigned long, std::function<std::optional<preview::uri::NativeTime> (unsigned long)>) (/home/hoskinson/omarchy-windows-parity/implementation/warlock-preview-provider-v108/qa/preview-bootstrap-realm-model-check-1791348751768644082/release-claim-on-refused-close/checks+0x65da52) (BuildId: c549d7ed7f9714e6f2a6137c871d9ed34ff67112)
    #2 0x5634a6636f82 in preview::bridge::ImportedClients::ImportedClients(preview::bridge::Native&, unsigned long) (/home/hoskinson/omarchy-windows-parity/implementation/warlock-preview-provider-v108/qa/preview-bootstrap-realm-model-check-1791348751768644082/release-claim-on-refused-close/checks+0x661f82) (BuildId: c549d7ed7f9714e6f2a6137c871d9ed34ff67112)
    #3 0x5634a676b00d in WarlockImportedClients::WarlockImportedClients(preview::bridge::Native&, unsigned long, unsigned long, unsigned long, unsigned long, bool) (/home/hoskinson/omarchy-windows-parity/implementation/warlock-preview-provider-v108/qa/preview-bootstrap-realm-model-check-1791348751768644082/release-claim-on-refused-close/checks+0x79600d) (BuildId: c549d7ed7f9714e6f2a6137c871d9ed34ff67112)
    #4 0x5634a65b4589 in warlock_imported_clients_open_controlled (/home/hoskinson/omarchy-windows-parity/implementation/warlock-preview-provider-v108/qa/preview-bootstrap-realm-model-check-1791348751768644082/release-claim-on-refused-close/checks+0x5df589) (BuildId: c549d7ed7f9714e6f2a6137c871d9ed34ff67112)
    #5 0x5634a6544946 in main (/home/hoskinson/omarchy-windows-parity/implementation/warlock-preview-provider-v108/qa/preview-bootstrap-realm-model-check-1791348751768644082/release-claim-on-refused-close/checks+0x56f946) (BuildId: c549d7ed7f9714e6f2a6137c871d9ed34ff67112)
    #6 0x7f5037827780  (/usr/lib/libc.so.6+0x27780) (BuildId: 503200d7fda94a5dc6058d7e0694e5d1dcb2e372)
    #7 0x7f50378278b8 in __libc_start_main (/usr/lib/libc.so.6+0x278b8) (BuildId: 503200d7fda94a5dc6058d7e0694e5d1dcb2e372)
    #8 0x5634a652df34 in _start (/home/hoskinson/omarchy-windows-parity/implementation/warlock-preview-provider-v108/qa/preview-bootstrap-realm-model-check-1791348751768644082/release-claim-on-refused-close/checks+0x558f34) (BuildId: c549d7ed7f9714e6f2a6137c871d9ed34ff67112)

Indirect leak of 256 byte(s) in 1 object(s) allocated from:
    #0 0x7f5038d2d2a1 in operator new(unsigned long) (/usr/lib/libasan.so.8+0x12d2a1) (BuildId: b8a4241051a1621937fdc46e867ba7ecb56d96ea)
    #1 0x5634a66d486f in auto WarlockImportedClients::WarlockImportedClients(preview::bridge::Native&, unsigned long, unsigned long, unsigned long, unsigned long, bool)::{lambda(auto:1&)#1}::operator()<preview::Broker>(preview::Broker&) const (/home/hoskinson/omarchy-windows-parity/implementation/warlock-preview-provider-v108/qa/preview-bootstrap-realm-model-check-1791348751768644082/release-claim-on-refused-close/checks+0x6ff86f) (BuildId: c549d7ed7f9714e6f2a6137c871d9ed34ff67112)
    #2 0x5634a676ee7e in WarlockImportedClients::WarlockImportedClients(preview::bridge::Native&, unsigned long, unsigned long, unsigned long, unsigned long, bool) (/home/hoskinson/omarchy-windows-parity/implementation/warlock-preview-provider-v108/qa/preview-bootstrap-realm-model-check-1791348751768644082/release-claim-on-refused-close/checks+0x799e7e) (BuildId: c549d7ed7f9714e6f2a6137c871d9ed34ff67112)
    #3 0x5634a65b4589 in warlock_imported_clients_open_controlled (/home/hoskinson/omarchy-windows-parity/implementation/warlock-preview-provider-v108/qa/preview-bootstrap-realm-model-check-1791348751768644082/release-claim-on-refused-close/checks+0x5df589) (BuildId: c549d7ed7f9714e6f2a6137c871d9ed34ff67112)
    #4 0x5634a6544946 in main (/home/hoskinson/omarchy-windows-parity/implementation/warlock-preview-provider-v108/qa/preview-bootstrap-realm-model-check-1791348751768644082/release-claim-on-refused-close/checks+0x56f946) (BuildId: c549d7ed7f9714e6f2a6137c871d9ed34ff67112)
    #5 0x7f5037827780  (/usr/lib/libc.so.6+0x27780) (BuildId: 503200d7fda94a5dc6058d7e0694e5d1dcb2e372)
    #6 0x7f50378278b8 in __libc_start_main (/usr/lib/libc.so.6+0x278b8) (BuildId: 503200d7fda94a5dc6058d7e0694e5d1dcb2e372)
    #7 0x5634a652df34 in _start (/home/hoskinson/omarchy-windows-parity/implementation/warlock-preview-provider-v108/qa/preview-bootstrap-realm-model-check-1791348751768644082/release-claim-on-refused-close/checks+0x558f34) (BuildId: c549d7ed7f9714e6f2a6137c871d9ed34ff67112)

Indirect leak of 144 byte(s) in 1 object(s) allocated from:
    #0 0x7f5038d2d2a1 in operator new(unsigned long) (/usr/lib/libasan.so.8+0x12d2a1) (BuildId: b8a4241051a1621937fdc46e867ba7ecb56d96ea)
    #1 0x5634a676dd68 in WarlockImportedClients::WarlockImportedClients(preview::bridge::Native&, unsigned long, unsigned long, unsigned long, unsigned long, bool) (/home/hoskinson/omarchy-windows-parity/implementation/warlock-preview-provider-v108/qa/preview-bootstrap-realm-model-check-1791348751768644082/release-claim-on-refused-close/checks+0x798d68) (BuildId: c549d7ed7f9714e6f2a6137c871d9ed34ff67112)
    #2 0x5634a65b4589 in warlock_imported_clients_open_controlled (/home/hoskinson/omarchy-windows-parity/implementation/warlock-preview-provider-v108/qa/preview-bootstrap-realm-model-check-1791348751768644082/release-claim-on-refused-close/checks+0x5df589) (BuildId: c549d7ed7f9714e6f2a6137c871d9ed34ff67112)
    #3 0x5634a6544946 in main (/home/hoskinson/omarchy-windows-parity/implementation/warlock-preview-provider-v108/qa/preview-bootstrap-realm-model-check-1791348751768644082/release-claim-on-refused-close/checks+0x56f946) (BuildId: c549d7ed7f9714e6f2a6137c871d9ed34ff67112)
    #4 0x7f5037827780  (/usr/lib/libc.so.6+0x27780) (BuildId: 503200d7fda94a5dc6058d7e0694e5d1dcb2e372)
    #5 0x7f50378278b8 in __libc_start_main (/usr/lib/libc.so.6+0x278b8) (BuildId: 503200d7fda94a5dc6058d7e0694e5d1dcb2e372)
    #6 0x5634a652df34 in _start (/home/hoskinson/omarchy-windows-parity/implementation/warlock-preview-provider-v108/qa/preview-bootstrap-realm-model-check-1791348751768644082/release-claim-on-refused-close/checks+0x558f34) (BuildId: c549d7ed7f9714e6f2a6137c871d9ed34ff67112)

Indirect leak of 144 byte(s) in 1 object(s) allocated from:
    #0 0x7f5038d2d2a1 in operator new(unsigned long) (/usr/lib/libasan.so.8+0x12d2a1) (BuildId: b8a4241051a1621937fdc46e867ba7ecb56d96ea)
    #1 0x5634a6609b54 in preview::uri::Endpoint::enableDemand(preview::demand::Policy) (/home/hoskinson/omarchy-windows-parity/implementation/warlock-preview-provider-v108/qa/preview-bootstrap-realm-model-check-1791348751768644082/release-claim-on-refused-close/checks+0x634b54) (BuildId: c549d7ed7f9714e6f2a6137c871d9ed34ff67112)
    #2 0x5634a66372e8 in preview::bridge::ImportedClients::ImportedClients(preview::bridge::Native&, unsigned long) (/home/hoskinson/omarchy-windows-parity/implementation/warlock-preview-provider-v108/qa/preview-bootstrap-realm-model-check-1791348751768644082/release-claim-on-refused-close/checks+0x6622e8) (BuildId: c549d7ed7f9714e6f2a6137c871d9ed34ff67112)
    #3 0x5634a676b00d in WarlockImportedClients::WarlockImportedClients(preview::bridge::Native&, unsigned long, unsigned long, unsigned long, unsigned long, bool) (/home/hoskinson/omarchy-windows-parity/implementation/warlock-preview-provider-v108/qa/preview-bootstrap-realm-model-check-1791348751768644082/release-claim-on-refused-close/checks+0x79600d) (BuildId: c549d7ed7f9714e6f2a6137c871d9ed34ff67112)
    #4 0x5634a65b4589 in warlock_imported_clients_open_controlled (/home/hoskinson/omarchy-windows-parity/implementation/warlock-preview-provider-v108/qa/preview-bootstrap-realm-model-check-1791348751768644082/release-claim-on-refused-close/checks+0x5df589) (BuildId: c549d7ed7f9714e6f2a6137c871d9ed34ff67112)
    #5 0x5634a6544946 in main (/home/hoskinson/omarchy-windows-parity/implementation/warlock-preview-provider-v108/qa/preview-bootstrap-realm-model-check-1791348751768644082/release-claim-on-refused-close/checks+0x56f946) (BuildId: c549d7ed7f9714e6f2a6137c871d9ed34ff67112)
    #6 0x7f5037827780  (/usr/lib/libc.so.6+0x27780) (BuildId: 503200d7fda94a5dc6058d7e0694e5d1dcb2e372)
    #7 0x7f50378278b8 in __libc_start_main (/usr/lib/libc.so.6+0x278b8) (BuildId: 503200d7fda94a5dc6058d7e0694e5d1dcb2e372)
    #8 0x5634a652df34 in _start (/home/hoskinson/omarchy-windows-parity/implementation/warlock-preview-provider-v108/qa/preview-bootstrap-realm-model-check-1791348751768644082/release-claim-on-refused-close/checks+0x558f34) (BuildId: c549d7ed7f9714e6f2a6137c871d9ed34ff67112)

Indirect leak of 128 byte(s) in 1 object(s) allocated from:
    #0 0x7f5038d2d2a1 in operator new(unsigned long) (/usr/lib/libasan.so.8+0x12d2a1) (BuildId: b8a4241051a1621937fdc46e867ba7ecb56d96ea)
    #1 0x5634a65fd380 in std::shared_ptr<preview::bridge::ImportedClients::Authority> std::make_shared<preview::bridge::ImportedClients::Authority, preview::bridge::Native&>(preview::bridge::Native&) (/home/hoskinson/omarchy-windows-parity/implementation/warlock-preview-provider-v108/qa/preview-bootstrap-realm-model-check-1791348751768644082/release-claim-on-refused-close/checks+0x628380) (BuildId: c549d7ed7f9714e6f2a6137c871d9ed34ff67112)
    #2 0x5634a66351ca in preview::bridge::ImportedClients::ImportedClients(preview::bridge::Native&, unsigned long) (/home/hoskinson/omarchy-windows-parity/implementation/warlock-preview-provider-v108/qa/preview-bootstrap-realm-model-check-1791348751768644082/release-claim-on-refused-close/checks+0x6601ca) (BuildId: c549d7ed7f9714e6f2a6137c871d9ed34ff67112)
    #3 0x5634a676b00d in WarlockImportedClients::WarlockImportedClients(preview::bridge::Native&, unsigned long, unsigned long, unsigned long, unsigned long, bool) (/home/hoskinson/omarchy-windows-parity/implementation/warlock-preview-provider-v108/qa/preview-bootstrap-realm-model-check-1791348751768644082/release-claim-on-refused-close/checks+0x79600d) (BuildId: c549d7ed7f9714e6f2a6137c871d9ed34ff67112)
    #4 0x5634a65b4589 in warlock_imported_clients_open_controlled (/home/hoskinson/omarchy-windows-parity/implementation/warlock-preview-provider-v108/qa/preview-bootstrap-realm-model-check-1791348751768644082/release-claim-on-refused-close/checks+0x5df589) (BuildId: c549d7ed7f9714e6f2a6137c871d9ed34ff67112)
    #5 0x5634a6544946 in main (/home/hoskinson/omarchy-windows-parity/implementation/warlock-preview-provider-v108/qa/preview-bootstrap-realm-model-check-1791348751768644082/release-claim-on-refused-close/checks+0x56f946) (BuildId: c549d7ed7f9714e6f2a6137c871d9ed34ff67112)
    #6 0x7f5037827780  (/usr/lib/libc.so.6+0x27780) (BuildId: 503200d7fda94a5dc6058d7e0694e5d1dcb2e372)
    #7 0x7f50378278b8 in __libc_start_main (/usr/lib/libc.so.6+0x278b8) (BuildId: 503200d7fda94a5dc6058d7e0694e5d1dcb2e372)
    #8 0x5634a652df34 in _start (/home/hoskinson/omarchy-windows-parity/implementation/warlock-preview-provider-v108/qa/preview-bootstrap-realm-model-check-1791348751768644082/release-claim-on-refused-close/checks+0x558f34) (BuildId: c549d7ed7f9714e6f2a6137c871d9ed34ff67112)

Indirect leak of 120 byte(s) in 1 object(s) allocated from:
    #0 0x7f5038d2d2a1 in operator new(unsigned long) (/usr/lib/libasan.so.8+0x12d2a1) (BuildId: b8a4241051a1621937fdc46e867ba7ecb56d96ea)
    #1 0x5634a67c8bcc in std::_Rb_tree_iterator<std::pair<unsigned long const, preview::uri::View> > std::_Rb_tree<unsigned long, std::pair<unsigned long const, preview::uri::View>, std::_Select1st<std::pair<unsigned long const, preview::uri::View> >, std::less<unsigned long>, std::allocator<std::pair<unsigned long const, preview::uri::View> > >::_M_emplace_hint_unique<unsigned long&, preview::uri::View>(std::_Rb_tree_const_iterator<std::pair<unsigned long const, preview::uri::View> >, unsigned long&, preview::uri::View&&) (/home/hoskinson/omarchy-windows-parity/implementation/warlock-preview-provider-v108/qa/preview-bootstrap-realm-model-check-1791348751768644082/release-claim-on-refused-close/checks+0x7f3bcc) (BuildId: c549d7ed7f9714e6f2a6137c871d9ed34ff67112)
    #2 0x5634a67cade3 in std::pair<std::_Rb_tree_iterator<std::pair<unsigned long const, preview::uri::View> >, bool> std::map<unsigned long, preview::uri::View, std::less<unsigned long>, std::allocator<std::pair<unsigned long const, preview::uri::View> > >::emplace<unsigned long&, preview::uri::View>(unsigned long&, preview::uri::View&&) (/home/hoskinson/omarchy-windows-parity/implementation/warlock-preview-provider-v108/qa/preview-bootstrap-realm-model-check-1791348751768644082/release-claim-on-refused-close/checks+0x7f5de3) (BuildId: c549d7ed7f9714e6f2a6137c871d9ed34ff67112)
    #3 0x5634a67bcbb1 in preview::uri::Endpoint::registerControlView(unsigned long, preview::Binding const&, unsigned long) (/home/hoskinson/omarchy-windows-parity/implementation/warlock-preview-provider-v108/qa/preview-bootstrap-realm-model-check-1791348751768644082/release-claim-on-refused-close/checks+0x7e7bb1) (BuildId: c549d7ed7f9714e6f2a6137c871d9ed34ff67112)
    #4 0x5634a676d334 in WarlockImportedClients::WarlockImportedClients(preview::bridge::Native&, unsigned long, unsigned long, unsigned long, unsigned long, bool) (/home/hoskinson/omarchy-windows-parity/implementation/warlock-preview-provider-v108/qa/preview-bootstrap-realm-model-check-1791348751768644082/release-claim-on-refused-close/checks+0x798334) (BuildId: c549d7ed7f9714e6f2a6137c871d9ed34ff67112)
    #5 0x5634a65b4589 in warlock_imported_clients_open_controlled (/home/hoskinson/omarchy-windows-parity/implementation/warlock-preview-provider-v108/qa/preview-bootstrap-realm-model-check-1791348751768644082/release-claim-on-refused-close/checks+0x5df589) (BuildId: c549d7ed7f9714e6f2a6137c871d9ed34ff67112)
    #6 0x5634a6544946 in main (/home/hoskinson/omarchy-windows-parity/implementation/warlock-preview-provider-v108/qa/preview-bootstrap-realm-model-check-1791348751768644082/release-claim-on-refused-close/checks+0x56f946) (BuildId: c549d7ed7f9714e6f2a6137c871d9ed34ff67112)
    #7 0x7f5037827780  (/usr/lib/libc.so.6+0x27780) (BuildId: 503200d7fda94a5dc6058d7e0694e5d1dcb2e372)
    #8 0x7f50378278b8 in __libc_start_main (/usr/lib/libc.so.6+0x278b8) (BuildId: 503200d7fda94a5dc6058d7e0694e5d1dcb2e372)
    #9 0x5634a652df34 in _start (/home/hoskinson/omarchy-windows-parity/implementation/warlock-preview-provider-v108/qa/preview-bootstrap-realm-model-check-1791348751768644082/release-claim-on-refused-close/checks+0x558f34) (BuildId: c549d7ed7f9714e6f2a6137c871d9ed34ff67112)

Indirect leak of 104 byte(s) in 1 object(s) allocated from:
    #0 0x7f5038d2d2a1 in operator new(unsigned long) (/usr/lib/libasan.so.8+0x12d2a1) (BuildId: b8a4241051a1621937fdc46e867ba7ecb56d96ea)
    #1 0x5634a66cef1a in std::_Rb_tree_iterator<std::pair<unsigned long const, preview::bridge::ControlReservations::Row> > std::_Rb_tree<unsigned long, std::pair<unsigned long const, preview::bridge::ControlReservations::Row>, std::_Select1st<std::pair<unsigned long const, preview::bridge::ControlReservations::Row> >, std::less<unsigned long>, std::allocator<std::pair<unsigned long const, preview::bridge::ControlReservations::Row> > >::_M_emplace_hint_unique<unsigned long const&, preview::bridge::ControlReservations::Row>(std::_Rb_tree_const_iterator<std::pair<unsigned long const, preview::bridge::ControlReservations::Row> >, unsigned long const&, preview::bridge::ControlReservations::Row&&) (/home/hoskinson/omarchy-windows-parity/implementation/warlock-preview-provider-v108/qa/preview-bootstrap-realm-model-check-1791348751768644082/release-claim-on-refused-close/checks+0x6f9f1a) (BuildId: c549d7ed7f9714e6f2a6137c871d9ed34ff67112)
    #2 0x5634a66d1043 in std::pair<std::_Rb_tree_iterator<std::pair<unsigned long const, preview::bridge::ControlReservations::Row> >, bool> std::map<unsigned long, preview::bridge::ControlReservations::Row, std::less<unsigned long>, std::allocator<std::pair<unsigned long const, preview::bridge::ControlReservations::Row> > >::emplace<unsigned long const&, preview::bridge::ControlReservations::Row>(unsigned long const&, preview::bridge::ControlReservations::Row&&) (/home/hoskinson/omarchy-windows-parity/implementation/warlock-preview-provider-v108/qa/preview-bootstrap-realm-model-check-1791348751768644082/release-claim-on-refused-close/checks+0x6fc043) (BuildId: c549d7ed7f9714e6f2a6137c871d9ed34ff67112)
    #3 0x5634a66d1e45 in preview::bridge::ControlReservations::reserve(PreviewControlGrant, unsigned long) (/home/hoskinson/omarchy-windows-parity/implementation/warlock-preview-provider-v108/qa/preview-bootstrap-realm-model-check-1791348751768644082/release-claim-on-refused-close/checks+0x6fce45) (BuildId: c549d7ed7f9714e6f2a6137c871d9ed34ff67112)
    #4 0x5634a66d3f2b in preview::bridge::ImportedControlAdmission::ImportedControlAdmission(preview::bridge::ControlReservations&, PreviewControlGrant, preview::Broker const&, unsigned long) (/home/hoskinson/omarchy-windows-parity/implementation/warlock-preview-provider-v108/qa/preview-bootstrap-realm-model-check-1791348751768644082/release-claim-on-refused-close/checks+0x6fef2b) (BuildId: c549d7ed7f9714e6f2a6137c871d9ed34ff67112)
    #5 0x5634a66d4935 in auto WarlockImportedClients::WarlockImportedClients(preview::bridge::Native&, unsigned long, unsigned long, unsigned long, unsigned long, bool)::{lambda(auto:1&)#1}::operator()<preview::Broker>(preview::Broker&) const (/home/hoskinson/omarchy-windows-parity/implementation/warlock-preview-provider-v108/qa/preview-bootstrap-realm-model-check-1791348751768644082/release-claim-on-refused-close/checks+0x6ff935) (BuildId: c549d7ed7f9714e6f2a6137c871d9ed34ff67112)
    #6 0x5634a676ee7e in WarlockImportedClients::WarlockImportedClients(preview::bridge::Native&, unsigned long, unsigned long, unsigned long, unsigned long, bool) (/home/hoskinson/omarchy-windows-parity/implementation/warlock-preview-provider-v108/qa/preview-bootstrap-realm-model-check-1791348751768644082/release-claim-on-refused-close/checks+0x799e7e) (BuildId: c549d7ed7f9714e6f2a6137c871d9ed34ff67112)
    #7 0x5634a65b4589 in warlock_imported_clients_open_controlled (/home/hoskinson/omarchy-windows-parity/implementation/warlock-preview-provider-v108/qa/preview-bootstrap-realm-model-check-1791348751768644082/release-claim-on-refused-close/checks+0x5df589) (BuildId: c549d7ed7f9714e6f2a6137c871d9ed34ff67112)
    #8 0x5634a6544946 in main (/home/hoskinson/omarchy-windows-parity/implementation/warlock-preview-provider-v108/qa/preview-bootstrap-realm-model-check-1791348751768644082/release-claim-on-refused-close/checks+0x56f946) (BuildId: c549d7ed7f9714e6f2a6137c871d9ed34ff67112)
    #9 0x7f5037827780  (/usr/lib/libc.so.6+0x27780) (BuildId: 503200d7fda94a5dc6058d7e0694e5d1dcb2e372)
    #10 0x7f50378278b8 in __libc_start_main (/usr/lib/libc.so.6+0x278b8) (BuildId: 503200d7fda94a5dc6058d7e0694e5d1dcb2e372)
    #11 0x5634a652df34 in _start (/home/hoskinson/omarchy-windows-parity/implementation/warlock-preview-provider-v108/qa/preview-bootstrap-realm-model-check-1791348751768644082/release-claim-on-refused-close/checks+0x558f34) (BuildId: c549d7ed7f9714e6f2a6137c871d9ed34ff67112)

Indirect leak of 96 byte(s) in 1 object(s) allocated from:
    #0 0x7f5038d2d2a1 in operator new(unsigned long) (/usr/lib/libasan.so.8+0x12d2a1) (BuildId: b8a4241051a1621937fdc46e867ba7ecb56d96ea)
    #1 0x5634a678a0d5 in warlock_preview_bootstrap_attach_delivery (/home/hoskinson/omarchy-windows-parity/implementation/warlock-preview-provider-v108/qa/preview-bootstrap-realm-model-check-1791348751768644082/release-claim-on-refused-close/checks+0x7b50d5) (BuildId: c549d7ed7f9714e6f2a6137c871d9ed34ff67112)
    #2 0x5634a65412d8 in main (/home/hoskinson/omarchy-windows-parity/implementation/warlock-preview-provider-v108/qa/preview-bootstrap-realm-model-check-1791348751768644082/release-claim-on-refused-close/checks+0x56c2d8) (BuildId: c549d7ed7f9714e6f2a6137c871d9ed34ff67112)
    #3 0x7f5037827780  (/usr/lib/libc.so.6+0x27780) (BuildId: 503200d7fda94a5dc6058d7e0694e5d1dcb2e372)
    #4 0x7f50378278b8 in __libc_start_main (/usr/lib/libc.so.6+0x278b8) (BuildId: 503200d7fda94a5dc6058d7e0694e5d1dcb2e372)
    #5 0x5634a652df34 in _start (/home/hoskinson/omarchy-windows-parity/implementation/warlock-preview-provider-v108/qa/preview-bootstrap-realm-model-check-1791348751768644082/release-claim-on-refused-close/checks+0x558f34) (BuildId: c549d7ed7f9714e6f2a6137c871d9ed34ff67112)

Indirect leak of 72 byte(s) in 1 object(s) allocated from:
    #0 0x7f5038d2d2a1 in operator new(unsigned long) (/usr/lib/libasan.so.8+0x12d2a1) (BuildId: b8a4241051a1621937fdc46e867ba7ecb56d96ea)
    #1 0x5634a66d7678 in std::_Rb_tree_iterator<std::pair<unsigned long const, std::__cxx11::basic_string<char, std::char_traits<char>, std::allocator<char> > > > std::_Rb_tree<unsigned long, std::pair<unsigned long const, std::__cxx11::basic_string<char, std::char_traits<char>, std::allocator<char> > >, std::_Select1st<std::pair<unsigned long const, std::__cxx11::basic_string<char, std::char_traits<char>, std::allocator<char> > > >, std::less<unsigned long>, std::allocator<std::pair<unsigned long const, std::__cxx11::basic_string<char, std::char_traits<char>, std::allocator<char> > > > >::_M_emplace_hint_unique<unsigned long const&, std::__cxx11::basic_string<char, std::char_traits<char>, std::allocator<char> > >(std::_Rb_tree_const_iterator<std::pair<unsigned long const, std::__cxx11::basic_string<char, std::char_traits<char>, std::allocator<char> > > >, unsigned long const&, std::__cxx11::basic_string<char, std::char_traits<char>, std::allocator<char> >&&) (/home/hoskinson/omarchy-windows-parity/implementation/warlock-preview-provider-v108/qa/preview-bootstrap-realm-model-check-1791348751768644082/release-claim-on-refused-close/checks+0x702678) (BuildId: c549d7ed7f9714e6f2a6137c871d9ed34ff67112)
    #2 0x5634a66d9179 in std::pair<std::_Rb_tree_iterator<std::pair<unsigned long const, std::__cxx11::basic_string<char, std::char_traits<char>, std::allocator<char> > > >, bool> std::map<unsigned long, std::__cxx11::basic_string<char, std::char_traits<char>, std::allocator<char> >, std::less<unsigned long>, std::allocator<std::pair<unsigned long const, std::__cxx11::basic_string<char, std::char_traits<char>, std::allocator<char> > > > >::emplace<unsigned long const&, std::__cxx11::basic_string<char, std::char_traits<char>, std::allocator<char> > >(unsigned long const&, std::__cxx11::basic_string<char, std::char_traits<char>, std::allocator<char> >&&) (/home/hoskinson/omarchy-windows-parity/implementation/warlock-preview-provider-v108/qa/preview-bootstrap-realm-model-check-1791348751768644082/release-claim-on-refused-close/checks+0x704179) (BuildId: c549d7ed7f9714e6f2a6137c871d9ed34ff67112)
    #3 0x5634a66df669 in preview::bridge::ControlReservations::issue(PreviewControlGrant, unsigned long, unsigned long, std::basic_string_view<char, std::char_traits<char> >) (/home/hoskinson/omarchy-windows-parity/implementation/warlock-preview-provider-v108/qa/preview-bootstrap-realm-model-check-1791348751768644082/release-claim-on-refused-close/checks+0x70a669) (BuildId: c549d7ed7f9714e6f2a6137c871d9ed34ff67112)
    #4 0x5634a66e039a in preview::bridge::ImportedControlAdmission::issueReconciliation(PreviewControlGrant, preview::uri::View const*, preview::Broker const&, std::basic_string_view<char, std::char_traits<char> >) (/home/hoskinson/omarchy-windows-parity/implementation/warlock-preview-provider-v108/qa/preview-bootstrap-realm-model-check-1791348751768644082/release-claim-on-refused-close/checks+0x70b39a) (BuildId: c549d7ed7f9714e6f2a6137c871d9ed34ff67112)
    #5 0x5634a66e34b5 in auto preview::bridge::ImportedClients::proposeReconciliation(PreviewControlGrant, std::__cxx11::basic_string<char, std::char_traits<char>, std::allocator<char> > const&, std::__cxx11::basic_string<char, std::char_traits<char>, std::allocator<char> > const&)::{lambda(auto:1&, preview::uri::View*)#1}::operator()<preview::demand::Coordinator>(preview::demand::Coordinator&, preview::uri::View*) const (/home/hoskinson/omarchy-windows-parity/implementation/warlock-preview-provider-v108/qa/preview-bootstrap-realm-model-check-1791348751768644082/release-claim-on-refused-close/checks+0x70e4b5) (BuildId: c549d7ed7f9714e6f2a6137c871d9ed34ff67112)
    #6 0x5634a66e3edf in auto preview::uri::Endpoint::nativeDemandView<preview::bridge::ImportedClients::proposeReconciliation(PreviewControlGrant, std::__cxx11::basic_string<char, std::char_traits<char>, std::allocator<char> > const&, std::__cxx11::basic_string<char, std::char_traits<char>, std::allocator<char> > const&)::{lambda(auto:1&, preview::uri::View*)#1}>(unsigned long, preview::bridge::ImportedClients::proposeReconciliation(PreviewControlGrant, std::__cxx11::basic_string<char, std::char_traits<char>, std::allocator<char> > const&, std::__cxx11::basic_string<char, std::char_traits<char>, std::allocator<char> > const&)::{lambda(auto:1&, preview::uri::View*)#1}&&) (/home/hoskinson/omarchy-windows-parity/implementation/warlock-preview-provider-v108/qa/preview-bootstrap-realm-model-check-1791348751768644082/release-claim-on-refused-close/checks+0x70eedf) (BuildId: c549d7ed7f9714e6f2a6137c871d9ed34ff67112)
    #7 0x5634a65a0fc3 in auto warlock_imported_clients_propose_control::{lambda(auto:1&)#1}::operator()<WarlockImportedClients>(WarlockImportedClients&) const (/home/hoskinson/omarchy-windows-parity/implementation/warlock-preview-provider-v108/qa/preview-bootstrap-realm-model-check-1791348751768644082/release-claim-on-refused-close/checks+0x5cbfc3) (BuildId: c549d7ed7f9714e6f2a6137c871d9ed34ff67112)
    #8 0x5634a65a2acd in warlock_imported_clients_propose_control (/home/hoskinson/omarchy-windows-parity/implementation/warlock-preview-provider-v108/qa/preview-bootstrap-realm-model-check-1791348751768644082/release-claim-on-refused-close/checks+0x5cdacd) (BuildId: c549d7ed7f9714e6f2a6137c871d9ed34ff67112)
    #9 0x5634a6532621 in main::{lambda(std::__cxx11::basic_string<char, std::char_traits<char>, std::allocator<char> > const&, bool)#1}::operator()(std::__cxx11::basic_string<char, std::char_traits<char>, std::allocator<char> > const&, bool) const (/home/hoskinson/omarchy-windows-parity/implementation/warlock-preview-provider-v108/qa/preview-bootstrap-realm-model-check-1791348751768644082/release-claim-on-refused-close/checks+0x55d621) (BuildId: c549d7ed7f9714e6f2a6137c871d9ed34ff67112)
    #10 0x5634a6544a67 in main (/home/hoskinson/omarchy-windows-parity/implementation/warlock-preview-provider-v108/qa/preview-bootstrap-realm-model-check-1791348751768644082/release-claim-on-refused-close/checks+0x56fa67) (BuildId: c549d7ed7f9714e6f2a6137c871d9ed34ff67112)
    #11 0x7f5037827780  (/usr/lib/libc.so.6+0x27780) (BuildId: 503200d7fda94a5dc6058d7e0694e5d1dcb2e372)
    #12 0x7f50378278b8 in __libc_start_main (/usr/lib/libc.so.6+0x278b8) (BuildId: 503200d7fda94a5dc6058d7e0694e5d1dcb2e372)
    #13 0x5634a652df34 in _start (/home/hoskinson/omarchy-windows-parity/implementation/warlock-preview-provider-v108/qa/preview-bootstrap-realm-model-check-1791348751768644082/release-claim-on-refused-close/checks+0x558f34) (BuildId: c549d7ed7f9714e6f2a6137c871d9ed34ff67112)

Indirect leak of 65 byte(s) in 1 object(s) allocated from:
    #0 0x7f5038d2d2a1 in operator new(unsigned long) (/usr/lib/libasan.so.8+0x12d2a1) (BuildId: b8a4241051a1621937fdc46e867ba7ecb56d96ea)
    #1 0x7f503856e060 in std::__cxx11::basic_string<char, std::char_traits<char>, std::allocator<char> >::_M_assign(std::__cxx11::basic_string<char, std::char_traits<char>, std::allocator<char> > const&) (/usr/lib/libstdc++.so.6+0x16e060) (BuildId: 5b8d3de442de987b24d0e3679533068f2ae62497)
    #2 0x5634a67979f1 in preview::bridge::Native::Native(int, unsigned long, std::__cxx11::basic_string<char, std::char_traits<char>, std::allocator<char> >, std::__cxx11::basic_string<char, std::char_traits<char>, std::allocator<char> >, std::__cxx11::basic_string<char, std::char_traits<char>, std::allocator<char> >) (/home/hoskinson/omarchy-windows-parity/implementation/warlock-preview-provider-v108/qa/preview-bootstrap-realm-model-check-1791348751768644082/release-claim-on-refused-close/checks+0x7c29f1) (BuildId: c549d7ed7f9714e6f2a6137c871d9ed34ff67112)
    #3 0x5634a679afdb in std::__detail::_MakeUniq<preview::bridge::Native>::__single_object std::make_unique<preview::bridge::Native, int, unsigned long, char const*, char const*, char const*>(int&&, unsigned long&&, char const*&&, char const*&&, char const*&&) (/home/hoskinson/omarchy-windows-parity/implementation/warlock-preview-provider-v108/qa/preview-bootstrap-realm-model-check-1791348751768644082/release-claim-on-refused-close/checks+0x7c5fdb) (BuildId: c549d7ed7f9714e6f2a6137c871d9ed34ff67112)
    #4 0x5634a67827ac in warlock_preview_bootstrap_open (/home/hoskinson/omarchy-windows-parity/implementation/warlock-preview-provider-v108/qa/preview-bootstrap-realm-model-check-1791348751768644082/release-claim-on-refused-close/checks+0x7ad7ac) (BuildId: c549d7ed7f9714e6f2a6137c871d9ed34ff67112)
    #5 0x5634a653fe2c in main (/home/hoskinson/omarchy-windows-parity/implementation/warlock-preview-provider-v108/qa/preview-bootstrap-realm-model-check-1791348751768644082/release-claim-on-refused-close/checks+0x56ae2c) (BuildId: c549d7ed7f9714e6f2a6137c871d9ed34ff67112)
    #6 0x7f5037827780  (/usr/lib/libc.so.6+0x27780) (BuildId: 503200d7fda94a5dc6058d7e0694e5d1dcb2e372)
    #7 0x7f50378278b8 in __libc_start_main (/usr/lib/libc.so.6+0x278b8) (BuildId: 503200d7fda94a5dc6058d7e0694e5d1dcb2e372)
    #8 0x5634a652df34 in _start (/home/hoskinson/omarchy-windows-parity/implementation/warlock-preview-provider-v108/qa/preview-bootstrap-realm-model-check-1791348751768644082/release-claim-on-refused-close/checks+0x558f34) (BuildId: c549d7ed7f9714e6f2a6137c871d9ed34ff67112)

Indirect leak of 65 byte(s) in 1 object(s) allocated from:
    #0 0x7f5038d2d2a1 in operator new(unsigned long) (/usr/lib/libasan.so.8+0x12d2a1) (BuildId: b8a4241051a1621937fdc46e867ba7ecb56d96ea)
    #1 0x7f503856e060 in std::__cxx11::basic_string<char, std::char_traits<char>, std::allocator<char> >::_M_assign(std::__cxx11::basic_string<char, std::char_traits<char>, std::allocator<char> > const&) (/usr/lib/libstdc++.so.6+0x16e060) (BuildId: 5b8d3de442de987b24d0e3679533068f2ae62497)
    #2 0x5634a67979f1 in preview::bridge::Native::Native(int, unsigned long, std::__cxx11::basic_string<char, std::char_traits<char>, std::allocator<char> >, std::__cxx11::basic_string<char, std::char_traits<char>, std::allocator<char> >, std::__cxx11::basic_string<char, std::char_traits<char>, std::allocator<char> >) (/home/hoskinson/omarchy-windows-parity/implementation/warlock-preview-provider-v108/qa/preview-bootstrap-realm-model-check-1791348751768644082/release-claim-on-refused-close/checks+0x7c29f1) (BuildId: c549d7ed7f9714e6f2a6137c871d9ed34ff67112)
    #3 0x5634a679afdb in std::__detail::_MakeUniq<preview::bridge::Native>::__single_object std::make_unique<preview::bridge::Native, int, unsigned long, char const*, char const*, char const*>(int&&, unsigned long&&, char const*&&, char const*&&, char const*&&) (/home/hoskinson/omarchy-windows-parity/implementation/warlock-preview-provider-v108/qa/preview-bootstrap-realm-model-check-1791348751768644082/release-claim-on-refused-close/checks+0x7c5fdb) (BuildId: c549d7ed7f9714e6f2a6137c871d9ed34ff67112)
    #4 0x5634a67827ac in warlock_preview_bootstrap_open (/home/hoskinson/omarchy-windows-parity/implementation/warlock-preview-provider-v108/qa/preview-bootstrap-realm-model-check-1791348751768644082/release-claim-on-refused-close/checks+0x7ad7ac) (BuildId: c549d7ed7f9714e6f2a6137c871d9ed34ff67112)
    #5 0x5634a653fcc4 in main (/home/hoskinson/omarchy-windows-parity/implementation/warlock-preview-provider-v108/qa/preview-bootstrap-realm-model-check-1791348751768644082/release-claim-on-refused-close/checks+0x56acc4) (BuildId: c549d7ed7f9714e6f2a6137c871d9ed34ff67112)
    #6 0x7f5037827780  (/usr/lib/libc.so.6+0x27780) (BuildId: 503200d7fda94a5dc6058d7e0694e5d1dcb2e372)
    #7 0x7f50378278b8 in __libc_start_main (/usr/lib/libc.so.6+0x278b8) (BuildId: 503200d7fda94a5dc6058d7e0694e5d1dcb2e372)
    #8 0x5634a652df34 in _start (/home/hoskinson/omarchy-windows-parity/implementation/warlock-preview-provider-v108/qa/preview-bootstrap-realm-model-check-1791348751768644082/release-claim-on-refused-close/checks+0x558f34) (BuildId: c549d7ed7f9714e6f2a6137c871d9ed34ff67112)

Indirect leak of 48 byte(s) in 1 object(s) allocated from:
    #0 0x7f5038d2d2a1 in operator new(unsigned long) (/usr/lib/libasan.so.8+0x12d2a1) (BuildId: b8a4241051a1621937fdc46e867ba7ecb56d96ea)
    #1 0x5634a66db67c in std::_Rb_tree_iterator<std::pair<unsigned long const, unsigned long> > std::_Rb_tree<unsigned long, std::pair<unsigned long const, unsigned long>, std::_Select1st<std::pair<unsigned long const, unsigned long> >, std::less<unsigned long>, std::allocator<std::pair<unsigned long const, unsigned long> > >::_M_emplace_hint_unique<unsigned long&, unsigned long const&>(std::_Rb_tree_const_iterator<std::pair<unsigned long const, unsigned long> >, unsigned long&, unsigned long const&) (/home/hoskinson/omarchy-windows-parity/implementation/warlock-preview-provider-v108/qa/preview-bootstrap-realm-model-check-1791348751768644082/release-claim-on-refused-close/checks+0x70667c) (BuildId: c549d7ed7f9714e6f2a6137c871d9ed34ff67112)
    #2 0x5634a66dceab in std::pair<std::_Rb_tree_iterator<std::pair<unsigned long const, unsigned long> >, bool> std::map<unsigned long, unsigned long, std::less<unsigned long>, std::allocator<std::pair<unsigned long const, unsigned long> > >::emplace<unsigned long&, unsigned long const&>(unsigned long&, unsigned long const&) (/home/hoskinson/omarchy-windows-parity/implementation/warlock-preview-provider-v108/qa/preview-bootstrap-realm-model-check-1791348751768644082/release-claim-on-refused-close/checks+0x707eab) (BuildId: c549d7ed7f9714e6f2a6137c871d9ed34ff67112)
    #3 0x5634a66df71c in preview::bridge::ControlReservations::issue(PreviewControlGrant, unsigned long, unsigned long, std::basic_string_view<char, std::char_traits<char> >) (/home/hoskinson/omarchy-windows-parity/implementation/warlock-preview-provider-v108/qa/preview-bootstrap-realm-model-check-1791348751768644082/release-claim-on-refused-close/checks+0x70a71c) (BuildId: c549d7ed7f9714e6f2a6137c871d9ed34ff67112)
    #4 0x5634a66e039a in preview::bridge::ImportedControlAdmission::issueReconciliation(PreviewControlGrant, preview::uri::View const*, preview::Broker const&, std::basic_string_view<char, std::char_traits<char> >) (/home/hoskinson/omarchy-windows-parity/implementation/warlock-preview-provider-v108/qa/preview-bootstrap-realm-model-check-1791348751768644082/release-claim-on-refused-close/checks+0x70b39a) (BuildId: c549d7ed7f9714e6f2a6137c871d9ed34ff67112)
    #5 0x5634a66e34b5 in auto preview::bridge::ImportedClients::proposeReconciliation(PreviewControlGrant, std::__cxx11::basic_string<char, std::char_traits<char>, std::allocator<char> > const&, std::__cxx11::basic_string<char, std::char_traits<char>, std::allocator<char> > const&)::{lambda(auto:1&, preview::uri::View*)#1}::operator()<preview::demand::Coordinator>(preview::demand::Coordinator&, preview::uri::View*) const (/home/hoskinson/omarchy-windows-parity/implementation/warlock-preview-provider-v108/qa/preview-bootstrap-realm-model-check-1791348751768644082/release-claim-on-refused-close/checks+0x70e4b5) (BuildId: c549d7ed7f9714e6f2a6137c871d9ed34ff67112)
    #6 0x5634a66e3edf in auto preview::uri::Endpoint::nativeDemandView<preview::bridge::ImportedClients::proposeReconciliation(PreviewControlGrant, std::__cxx11::basic_string<char, std::char_traits<char>, std::allocator<char> > const&, std::__cxx11::basic_string<char, std::char_traits<char>, std::allocator<char> > const&)::{lambda(auto:1&, preview::uri::View*)#1}>(unsigned long, preview::bridge::ImportedClients::proposeReconciliation(PreviewControlGrant, std::__cxx11::basic_string<char, std::char_traits<char>, std::allocator<char> > const&, std::__cxx11::basic_string<char, std::char_traits<char>, std::allocator<char> > const&)::{lambda(auto:1&, preview::uri::View*)#1}&&) (/home/hoskinson/omarchy-windows-parity/implementation/warlock-preview-provider-v108/qa/preview-bootstrap-realm-model-check-1791348751768644082/release-claim-on-refused-close/checks+0x70eedf) (BuildId: c549d7ed7f9714e6f2a6137c871d9ed34ff67112)
    #7 0x5634a65a0fc3 in auto warlock_imported_clients_propose_control::{lambda(auto:1&)#1}::operator()<WarlockImportedClients>(WarlockImportedClients&) const (/home/hoskinson/omarchy-windows-parity/implementation/warlock-preview-provider-v108/qa/preview-bootstrap-realm-model-check-1791348751768644082/release-claim-on-refused-close/checks+0x5cbfc3) (BuildId: c549d7ed7f9714e6f2a6137c871d9ed34ff67112)
    #8 0x5634a65a2acd in warlock_imported_clients_propose_control (/home/hoskinson/omarchy-windows-parity/implementation/warlock-preview-provider-v108/qa/preview-bootstrap-realm-model-check-1791348751768644082/release-claim-on-refused-close/checks+0x5cdacd) (BuildId: c549d7ed7f9714e6f2a6137c871d9ed34ff67112)
    #9 0x5634a6532621 in main::{lambda(std::__cxx11::basic_string<char, std::char_traits<char>, std::allocator<char> > const&, bool)#1}::operator()(std::__cxx11::basic_string<char, std::char_traits<char>, std::allocator<char> > const&, bool) const (/home/hoskinson/omarchy-windows-parity/implementation/warlock-preview-provider-v108/qa/preview-bootstrap-realm-model-check-1791348751768644082/release-claim-on-refused-close/checks+0x55d621) (BuildId: c549d7ed7f9714e6f2a6137c871d9ed34ff67112)
    #10 0x5634a6544a67 in main (/home/hoskinson/omarchy-windows-parity/implementation/warlock-preview-provider-v108/qa/preview-bootstrap-realm-model-check-1791348751768644082/release-claim-on-refused-close/checks+0x56fa67) (BuildId: c549d7ed7f9714e6f2a6137c871d9ed34ff67112)
    #11 0x7f5037827780  (/usr/lib/libc.so.6+0x27780) (BuildId: 503200d7fda94a5dc6058d7e0694e5d1dcb2e372)
    #12 0x7f50378278b8 in __libc_start_main (/usr/lib/libc.so.6+0x278b8) (BuildId: 503200d7fda94a5dc6058d7e0694e5d1dcb2e372)
    #13 0x5634a652df34 in _start (/home/hoskinson/omarchy-windows-parity/implementation/warlock-preview-provider-v108/qa/preview-bootstrap-realm-model-check-1791348751768644082/release-claim-on-refused-close/checks+0x558f34) (BuildId: c549d7ed7f9714e6f2a6137c871d9ed34ff67112)

Indirect leak of 44 byte(s) in 1 object(s) allocated from:
    #0 0x7f5038d2c0c1 in malloc (/usr/lib/libasan.so.8+0x12c0c1) (BuildId: b8a4241051a1621937fdc46e867ba7ecb56d96ea)
    #1 0x7f50389269da in g_malloc (/usr/lib/libglib-2.0.so.0+0x689da) (BuildId: cb17d184459352a7985a010f1cd3acef4a4f90d8)
    #2 0x7f5038946e8b in g_strdup (/usr/lib/libglib-2.0.so.0+0x88e8b) (BuildId: cb17d184459352a7985a010f1cd3acef4a4f90d8)
    #3 0x7f5038903bd1 in g_error_new_literal (/usr/lib/libglib-2.0.so.0+0x45bd1) (BuildId: cb17d184459352a7985a010f1cd3acef4a4f90d8)
    #4 0x7f5038903ce2 in g_set_error_literal (/usr/lib/libglib-2.0.so.0+0x45ce2) (BuildId: cb17d184459352a7985a010f1cd3acef4a4f90d8)
    #5 0x5634a6596908 in (anonymous namespace)::closeImported(WarlockImportedClients*, WarlockPreviewBootstrap*, _GError**) (/home/hoskinson/omarchy-windows-parity/implementation/warlock-preview-provider-v108/qa/preview-bootstrap-realm-model-check-1791348751768644082/release-claim-on-refused-close/checks+0x5c1908) (BuildId: c549d7ed7f9714e6f2a6137c871d9ed34ff67112)
    #6 0x5634a65969af in warlock_imported_clients_close_bootstrap (/home/hoskinson/omarchy-windows-parity/implementation/warlock-preview-provider-v108/qa/preview-bootstrap-realm-model-check-1791348751768644082/release-claim-on-refused-close/checks+0x5c19af) (BuildId: c549d7ed7f9714e6f2a6137c871d9ed34ff67112)
    #7 0x5634a6544ae2 in main (/home/hoskinson/omarchy-windows-parity/implementation/warlock-preview-provider-v108/qa/preview-bootstrap-realm-model-check-1791348751768644082/release-claim-on-refused-close/checks+0x56fae2) (BuildId: c549d7ed7f9714e6f2a6137c871d9ed34ff67112)
    #8 0x7f5037827780  (/usr/lib/libc.so.6+0x27780) (BuildId: 503200d7fda94a5dc6058d7e0694e5d1dcb2e372)
    #9 0x7f50378278b8 in __libc_start_main (/usr/lib/libc.so.6+0x278b8) (BuildId: 503200d7fda94a5dc6058d7e0694e5d1dcb2e372)
    #10 0x5634a652df34 in _start (/home/hoskinson/omarchy-windows-parity/implementation/warlock-preview-provider-v108/qa/preview-bootstrap-realm-model-check-1791348751768644082/release-claim-on-refused-close/checks+0x558f34) (BuildId: c549d7ed7f9714e6f2a6137c871d9ed34ff67112)

Indirect leak of 31 byte(s) in 1 object(s) allocated from:
    #0 0x7f5038d2d2a1 in operator new(unsigned long) (/usr/lib/libasan.so.8+0x12d2a1) (BuildId: b8a4241051a1621937fdc46e867ba7ecb56d96ea)
    #1 0x7f503856e168 in std::__cxx11::basic_string<char, std::char_traits<char>, std::allocator<char> >::_M_mutate(unsigned long, unsigned long, char const*, unsigned long) (/usr/lib/libstdc++.so.6+0x16e168) (BuildId: 5b8d3de442de987b24d0e3679533068f2ae62497)
    #2 0x7f503856f770 in std::__cxx11::basic_string<char, std::char_traits<char>, std::allocator<char> >::_M_replace(unsigned long, unsigned long, char const*, unsigned long) (/usr/lib/libstdc++.so.6+0x16f770) (BuildId: 5b8d3de442de987b24d0e3679533068f2ae62497)
    #3 0x5634a6798955 in preview::bridge::Native::Native(int, unsigned long, std::__cxx11::basic_string<char, std::char_traits<char>, std::allocator<char> >, std::__cxx11::basic_string<char, std::char_traits<char>, std::allocator<char> >, std::__cxx11::basic_string<char, std::char_traits<char>, std::allocator<char> >) (/home/hoskinson/omarchy-windows-parity/implementation/warlock-preview-provider-v108/qa/preview-bootstrap-realm-model-check-1791348751768644082/release-claim-on-refused-close/checks+0x7c3955) (BuildId: c549d7ed7f9714e6f2a6137c871d9ed34ff67112)
    #4 0x5634a679afdb in std::__detail::_MakeUniq<preview::bridge::Native>::__single_object std::make_unique<preview::bridge::Native, int, unsigned long, char const*, char const*, char const*>(int&&, unsigned long&&, char const*&&, char const*&&, char const*&&) (/home/hoskinson/omarchy-windows-parity/implementation/warlock-preview-provider-v108/qa/preview-bootstrap-realm-model-check-1791348751768644082/release-claim-on-refused-close/checks+0x7c5fdb) (BuildId: c549d7ed7f9714e6f2a6137c871d9ed34ff67112)
    #5 0x5634a67827ac in warlock_preview_bootstrap_open (/home/hoskinson/omarchy-windows-parity/implementation/warlock-preview-provider-v108/qa/preview-bootstrap-realm-model-check-1791348751768644082/release-claim-on-refused-close/checks+0x7ad7ac) (BuildId: c549d7ed7f9714e6f2a6137c871d9ed34ff67112)
    #6 0x5634a653fcc4 in main (/home/hoskinson/omarchy-windows-parity/implementation/warlock-preview-provider-v108/qa/preview-bootstrap-realm-model-check-1791348751768644082/release-claim-on-refused-close/checks+0x56acc4) (BuildId: c549d7ed7f9714e6f2a6137c871d9ed34ff67112)
    #7 0x7f5037827780  (/usr/lib/libc.so.6+0x27780) (BuildId: 503200d7fda94a5dc6058d7e0694e5d1dcb2e372)
    #8 0x7f50378278b8 in __libc_start_main (/usr/lib/libc.so.6+0x278b8) (BuildId: 503200d7fda94a5dc6058d7e0694e5d1dcb2e372)
    #9 0x5634a652df34 in _start (/home/hoskinson/omarchy-windows-parity/implementation/warlock-preview-provider-v108/qa/preview-bootstrap-realm-model-check-1791348751768644082/release-claim-on-refused-close/checks+0x558f34) (BuildId: c549d7ed7f9714e6f2a6137c871d9ed34ff67112)

Indirect leak of 31 byte(s) in 1 object(s) allocated from:
    #0 0x7f5038d2d2a1 in operator new(unsigned long) (/usr/lib/libasan.so.8+0x12d2a1) (BuildId: b8a4241051a1621937fdc46e867ba7ecb56d96ea)
    #1 0x7f503856e168 in std::__cxx11::basic_string<char, std::char_traits<char>, std::allocator<char> >::_M_mutate(unsigned long, unsigned long, char const*, unsigned long) (/usr/lib/libstdc++.so.6+0x16e168) (BuildId: 5b8d3de442de987b24d0e3679533068f2ae62497)
    #2 0x7f503856f770 in std::__cxx11::basic_string<char, std::char_traits<char>, std::allocator<char> >::_M_replace(unsigned long, unsigned long, char const*, unsigned long) (/usr/lib/libstdc++.so.6+0x16f770) (BuildId: 5b8d3de442de987b24d0e3679533068f2ae62497)
    #3 0x5634a6798955 in preview::bridge::Native::Native(int, unsigned long, std::__cxx11::basic_string<char, std::char_traits<char>, std::allocator<char> >, std::__cxx11::basic_string<char, std::char_traits<char>, std::allocator<char> >, std::__cxx11::basic_string<char, std::char_traits<char>, std::allocator<char> >) (/home/hoskinson/omarchy-windows-parity/implementation/warlock-preview-provider-v108/qa/preview-bootstrap-realm-model-check-1791348751768644082/release-claim-on-refused-close/checks+0x7c3955) (BuildId: c549d7ed7f9714e6f2a6137c871d9ed34ff67112)
    #4 0x5634a679afdb in std::__detail::_MakeUniq<preview::bridge::Native>::__single_object std::make_unique<preview::bridge::Native, int, unsigned long, char const*, char const*, char const*>(int&&, unsigned long&&, char const*&&, char const*&&, char const*&&) (/home/hoskinson/omarchy-windows-parity/implementation/warlock-preview-provider-v108/qa/preview-bootstrap-realm-model-check-1791348751768644082/release-claim-on-refused-close/checks+0x7c5fdb) (BuildId: c549d7ed7f9714e6f2a6137c871d9ed34ff67112)
    #5 0x5634a67827ac in warlock_preview_bootstrap_open (/home/hoskinson/omarchy-windows-parity/implementation/warlock-preview-provider-v108/qa/preview-bootstrap-realm-model-check-1791348751768644082/release-claim-on-refused-close/checks+0x7ad7ac) (BuildId: c549d7ed7f9714e6f2a6137c871d9ed34ff67112)
    #6 0x5634a653fe2c in main (/home/hoskinson/omarchy-windows-parity/implementation/warlock-preview-provider-v108/qa/preview-bootstrap-realm-model-check-1791348751768644082/release-claim-on-refused-close/checks+0x56ae2c) (BuildId: c549d7ed7f9714e6f2a6137c871d9ed34ff67112)
    #7 0x7f5037827780  (/usr/lib/libc.so.6+0x27780) (BuildId: 503200d7fda94a5dc6058d7e0694e5d1dcb2e372)
    #8 0x7f50378278b8 in __libc_start_main (/usr/lib/libc.so.6+0x278b8) (BuildId: 503200d7fda94a5dc6058d7e0694e5d1dcb2e372)
    #9 0x5634a652df34 in _start (/home/hoskinson/omarchy-windows-parity/implementation/warlock-preview-provider-v108/qa/preview-bootstrap-realm-model-check-1791348751768644082/release-claim-on-refused-close/checks+0x558f34) (BuildId: c549d7ed7f9714e6f2a6137c871d9ed34ff67112)

Indirect leak of 21 byte(s) in 1 object(s) allocated from:
    #0 0x7f5038d2d2a1 in operator new(unsigned long) (/usr/lib/libasan.so.8+0x12d2a1) (BuildId: b8a4241051a1621937fdc46e867ba7ecb56d96ea)
    #1 0x5634a6548b18 in void std::__cxx11::basic_string<char, std::char_traits<char>, std::allocator<char> >::_M_construct<char const*>(char const*, char const*, std::forward_iterator_tag) (/home/hoskinson/omarchy-windows-parity/implementation/warlock-preview-provider-v108/qa/preview-bootstrap-realm-model-check-1791348751768644082/release-claim-on-refused-close/checks+0x573b18) (BuildId: c549d7ed7f9714e6f2a6137c871d9ed34ff67112)
    #2 0x5634a65491da in std::__cxx11::basic_string<char, std::char_traits<char>, std::allocator<char> >::basic_string<std::allocator<char> >(char const*, std::allocator<char> const&) (/home/hoskinson/omarchy-windows-parity/implementation/warlock-preview-provider-v108/qa/preview-bootstrap-realm-model-check-1791348751768644082/release-claim-on-refused-close/checks+0x5741da) (BuildId: c549d7ed7f9714e6f2a6137c871d9ed34ff67112)
    #3 0x5634a679af22 in std::__detail::_MakeUniq<preview::bridge::Native>::__single_object std::make_unique<preview::bridge::Native, int, unsigned long, char const*, char const*, char const*>(int&&, unsigned long&&, char const*&&, char const*&&, char const*&&) (/home/hoskinson/omarchy-windows-parity/implementation/warlock-preview-provider-v108/qa/preview-bootstrap-realm-model-check-1791348751768644082/release-claim-on-refused-close/checks+0x7c5f22) (BuildId: c549d7ed7f9714e6f2a6137c871d9ed34ff67112)
    #4 0x5634a67827ac in warlock_preview_bootstrap_open (/home/hoskinson/omarchy-windows-parity/implementation/warlock-preview-provider-v108/qa/preview-bootstrap-realm-model-check-1791348751768644082/release-claim-on-refused-close/checks+0x7ad7ac) (BuildId: c549d7ed7f9714e6f2a6137c871d9ed34ff67112)
    #5 0x5634a653fe2c in main (/home/hoskinson/omarchy-windows-parity/implementation/warlock-preview-provider-v108/qa/preview-bootstrap-realm-model-check-1791348751768644082/release-claim-on-refused-close/checks+0x56ae2c) (BuildId: c549d7ed7f9714e6f2a6137c871d9ed34ff67112)
    #6 0x7f5037827780  (/usr/lib/libc.so.6+0x27780) (BuildId: 503200d7fda94a5dc6058d7e0694e5d1dcb2e372)
    #7 0x7f50378278b8 in __libc_start_main (/usr/lib/libc.so.6+0x278b8) (BuildId: 503200d7fda94a5dc6058d7e0694e5d1dcb2e372)
    #8 0x5634a652df34 in _start (/home/hoskinson/omarchy-windows-parity/implementation/warlock-preview-provider-v108/qa/preview-bootstrap-realm-model-check-1791348751768644082/release-claim-on-refused-close/checks+0x558f34) (BuildId: c549d7ed7f9714e6f2a6137c871d9ed34ff67112)

Indirect leak of 21 byte(s) in 1 object(s) allocated from:
    #0 0x7f5038d2d2a1 in operator new(unsigned long) (/usr/lib/libasan.so.8+0x12d2a1) (BuildId: b8a4241051a1621937fdc46e867ba7ecb56d96ea)
    #1 0x5634a6548b18 in void std::__cxx11::basic_string<char, std::char_traits<char>, std::allocator<char> >::_M_construct<char const*>(char const*, char const*, std::forward_iterator_tag) (/home/hoskinson/omarchy-windows-parity/implementation/warlock-preview-provider-v108/qa/preview-bootstrap-realm-model-check-1791348751768644082/release-claim-on-refused-close/checks+0x573b18) (BuildId: c549d7ed7f9714e6f2a6137c871d9ed34ff67112)
    #2 0x5634a65491da in std::__cxx11::basic_string<char, std::char_traits<char>, std::allocator<char> >::basic_string<std::allocator<char> >(char const*, std::allocator<char> const&) (/home/hoskinson/omarchy-windows-parity/implementation/warlock-preview-provider-v108/qa/preview-bootstrap-realm-model-check-1791348751768644082/release-claim-on-refused-close/checks+0x5741da) (BuildId: c549d7ed7f9714e6f2a6137c871d9ed34ff67112)
    #3 0x5634a679af22 in std::__detail::_MakeUniq<preview::bridge::Native>::__single_object std::make_unique<preview::bridge::Native, int, unsigned long, char const*, char const*, char const*>(int&&, unsigned long&&, char const*&&, char const*&&, char const*&&) (/home/hoskinson/omarchy-windows-parity/implementation/warlock-preview-provider-v108/qa/preview-bootstrap-realm-model-check-1791348751768644082/release-claim-on-refused-close/checks+0x7c5f22) (BuildId: c549d7ed7f9714e6f2a6137c871d9ed34ff67112)
    #4 0x5634a67827ac in warlock_preview_bootstrap_open (/home/hoskinson/omarchy-windows-parity/implementation/warlock-preview-provider-v108/qa/preview-bootstrap-realm-model-check-1791348751768644082/release-claim-on-refused-close/checks+0x7ad7ac) (BuildId: c549d7ed7f9714e6f2a6137c871d9ed34ff67112)
    #5 0x5634a653fcc4 in main (/home/hoskinson/omarchy-windows-parity/implementation/warlock-preview-provider-v108/qa/preview-bootstrap-realm-model-check-1791348751768644082/release-claim-on-refused-close/checks+0x56acc4) (BuildId: c549d7ed7f9714e6f2a6137c871d9ed34ff67112)
    #6 0x7f5037827780  (/usr/lib/libc.so.6+0x27780) (BuildId: 503200d7fda94a5dc6058d7e0694e5d1dcb2e372)
    #7 0x7f50378278b8 in __libc_start_main (/usr/lib/libc.so.6+0x278b8) (BuildId: 503200d7fda94a5dc6058d7e0694e5d1dcb2e372)
    #8 0x5634a652df34 in _start (/home/hoskinson/omarchy-windows-parity/implementation/warlock-preview-provider-v108/qa/preview-bootstrap-realm-model-check-1791348751768644082/release-claim-on-refused-close/checks+0x558f34) (BuildId: c549d7ed7f9714e6f2a6137c871d9ed34ff67112)

Indirect leak of 16 byte(s) in 1 object(s) allocated from:
    #0 0x7f5038d2d2a1 in operator new(unsigned long) (/usr/lib/libasan.so.8+0x12d2a1) (BuildId: b8a4241051a1621937fdc46e867ba7ecb56d96ea)
    #1 0x5634a6635fca in preview::bridge::ImportedClients::ImportedClients(preview::bridge::Native&, unsigned long) (/home/hoskinson/omarchy-windows-parity/implementation/warlock-preview-provider-v108/qa/preview-bootstrap-realm-model-check-1791348751768644082/release-claim-on-refused-close/checks+0x660fca) (BuildId: c549d7ed7f9714e6f2a6137c871d9ed34ff67112)
    #2 0x5634a676b00d in WarlockImportedClients::WarlockImportedClients(preview::bridge::Native&, unsigned long, unsigned long, unsigned long, unsigned long, bool) (/home/hoskinson/omarchy-windows-parity/implementation/warlock-preview-provider-v108/qa/preview-bootstrap-realm-model-check-1791348751768644082/release-claim-on-refused-close/checks+0x79600d) (BuildId: c549d7ed7f9714e6f2a6137c871d9ed34ff67112)
    #3 0x5634a65b4589 in warlock_imported_clients_open_controlled (/home/hoskinson/omarchy-windows-parity/implementation/warlock-preview-provider-v108/qa/preview-bootstrap-realm-model-check-1791348751768644082/release-claim-on-refused-close/checks+0x5df589) (BuildId: c549d7ed7f9714e6f2a6137c871d9ed34ff67112)
    #4 0x5634a6544946 in main (/home/hoskinson/omarchy-windows-parity/implementation/warlock-preview-provider-v108/qa/preview-bootstrap-realm-model-check-1791348751768644082/release-claim-on-refused-close/checks+0x56f946) (BuildId: c549d7ed7f9714e6f2a6137c871d9ed34ff67112)
    #5 0x7f5037827780  (/usr/lib/libc.so.6+0x27780) (BuildId: 503200d7fda94a5dc6058d7e0694e5d1dcb2e372)
    #6 0x7f50378278b8 in __libc_start_main (/usr/lib/libc.so.6+0x278b8) (BuildId: 503200d7fda94a5dc6058d7e0694e5d1dcb2e372)
    #7 0x5634a652df34 in _start (/home/hoskinson/omarchy-windows-parity/implementation/warlock-preview-provider-v108/qa/preview-bootstrap-realm-model-check-1791348751768644082/release-claim-on-refused-close/checks+0x558f34) (BuildId: c549d7ed7f9714e6f2a6137c871d9ed34ff67112)

SUMMARY: AddressSanitizer: 14746 byte(s) leaked in 26 allocation(s).
