{"event":"ack-configure","sequence":1,"controlSequence":0,"rootCommits":1,"childCommits":0,"serial":17,"width":320,"height":240,"monotonicNs":243266562519717}
{"event":"buffercommit","sequence":2,"controlSequence":0,"rootCommits":2,"childCommits":0,"serial":17,"width":320,"height":240,"monotonicNs":243266562620761}
{"event":"ready","sequence":3,"controlSequence":0,"rootCommits":2,"childCommits":0,"serial":17,"width":320,"height":240,"monotonicNs":243266562628142}
{"event":"buffer-release","sequence":4,"controlSequence":0,"rootCommits":2,"childCommits":0,"serial":17,"width":320,"height":240,"monotonicNs":243266563183602}
{"event":"ack-configure","sequence":5,"controlSequence":0,"rootCommits":2,"childCommits":0,"serial":18,"width":320,"height":240,"monotonicNs":243266563200498}
{"event":"ack-configure","sequence":6,"controlSequence":0,"rootCommits":2,"childCommits":0,"serial":35,"width":320,"height":240,"monotonicNs":243272251451910}
{"event":"ack-configure","sequence":7,"controlSequence":0,"rootCommits":2,"childCommits":0,"serial":38,"width":320,"height":240,"monotonicNs":243272262176782}
{"event":"ack-configure","sequence":8,"controlSequence":0,"rootCommits":2,"childCommits":0,"serial":52,"width":320,"height":240,"monotonicNs":243278590566298}
{"event":"ack-configure","sequence":9,"controlSequence":0,"rootCommits":2,"childCommits":0,"serial":55,"width":320,"height":240,"monotonicNs":243278602581869}
{"event":"ack-configure","sequence":10,"controlSequence":0,"rootCommits":2,"childCommits":0,"serial":57,"width":320,"height":240,"monotonicNs":243279235889258}
{"event":"ack-configure","sequence":11,"controlSequence":0,"rootCommits":2,"childCommits":0,"serial":131,"width":320,"height":240,"monotonicNs":243294147070713}
{"event":"ack-configure","sequence":12,"controlSequence":0,"rootCommits":2,"childCommits":0,"serial":132,"width":320,"height":240,"monotonicNs":243294189823472}
{"event":"ack-configure","sequence":13,"controlSequence":0,"rootCommits":2,"childCommits":0,"serial":210,"width":320,"height":240,"monotonicNs":243314437125780}
{"event":"ack-configure","sequence":14,"controlSequence":0,"rootCommits":2,"childCommits":0,"serial":213,"width":320,"height":240,"monotonicNs":243314438183708}
{"event":"ack-configure","sequence":15,"controlSequence":0,"rootCommits":2,"childCommits":0,"serial":214,"width":320,"height":240,"monotonicNs":243314463701854}
{"event":"ack-configure","sequence":16,"controlSequence":0,"rootCommits":2,"childCommits":0,"serial":219,"width":320,"height":240,"monotonicNs":243314489454607}
{"event":"ack-configure","sequence":17,"controlSequence":0,"rootCommits":2,"childCommits":0,"serial":220,"width":320,"height":240,"monotonicNs":243314540603409}
{"event":"ack-configure","sequence":18,"controlSequence":0,"rootCommits":2,"childCommits":0,"serial":225,"width":320,"height":240,"monotonicNs":243314591605199}
{"event":"ack-configure","sequence":19,"controlSequence":0,"rootCommits":2,"childCommits":0,"serial":226,"width":320,"height":240,"monotonicNs":243314642889596}
{"event":"ack-configure","sequence":20,"controlSequence":0,"rootCommits":2,"childCommits":0,"serial":231,"width":320,"height":240,"monotonicNs":243314693851926}
{"event":"ack-configure","sequence":21,"controlSequence":0,"rootCommits":2,"childCommits":0,"serial":232,"width":320,"height":240,"monotonicNs":243314820924042}
{"event":"ack-configure","sequence":22,"controlSequence":0,"rootCommits":2,"childCommits":0,"serial":237,"width":320,"height":240,"monotonicNs":243314872145700}
{"event":"ack-configure","sequence":23,"controlSequence":0,"rootCommits":2,"childCommits":0,"serial":238,"width":320,"height":240,"monotonicNs":243315000092553}
{"event":"ack-configure","sequence":24,"controlSequence":0,"rootCommits":2,"childCommits":0,"serial":243,"width":320,"height":240,"monotonicNs":243315051632731}
{"event":"ack-configure","sequence":25,"controlSequence":0,"rootCommits":2,"childCommits":0,"serial":244,"width":320,"height":240,"monotonicNs":243315129613103}
{"event":"ack-configure","sequence":26,"controlSequence":0,"rootCommits":2,"childCommits":0,"serial":249,"width":320,"height":240,"monotonicNs":243315181142235}
{"event":"ack-configure","sequence":27,"controlSequence":0,"rootCommits":2,"childCommits":0,"serial":250,"width":320,"height":240,"monotonicNs":243315232755428}
{"event":"ack-configure","sequence":28,"controlSequence":0,"rootCommits":2,"childCommits":0,"serial":255,"width":320,"height":240,"monotonicNs":243315258940521}
{"event":"ack-configure","sequence":29,"controlSequence":0,"rootCommits":2,"childCommits":0,"serial":256,"width":320,"height":240,"monotonicNs":243315310668341}
{"event":"ack-configure","sequence":30,"controlSequence":0,"rootCommits":2,"childCommits":0,"serial":261,"width":320,"height":240,"monotonicNs":243315411973868}
{"event":"ack-configure","sequence":31,"controlSequence":0,"rootCommits":2,"childCommits":0,"serial":263,"width":320,"height":240,"monotonicNs":243315955909040}
{"event":"ack-configure","sequence":32,"controlSequence":0,"rootCommits":2,"childCommits":0,"serial":268,"width":320,"height":240,"monotonicNs":243316082188015}
{"event":"ack-configure","sequence":33,"controlSequence":0,"rootCommits":2,"childCommits":0,"serial":270,"width":320,"height":240,"monotonicNs":243316338409290}
{"event":"ack-configure","sequence":34,"controlSequence":0,"rootCommits":2,"childCommits":0,"serial":273,"width":320,"height":240,"monotonicNs":243316360189798}
{"event":"ack-configure","sequence":35,"controlSequence":0,"rootCommits":2,"childCommits":0,"serial":297,"width":320,"height":240,"monotonicNs":243316831151181}
{"event":"ack-configure","sequence":36,"controlSequence":0,"rootCommits":2,"childCommits":0,"serial":327,"width":320,"height":240,"monotonicNs":243323430403715}
{"event":"ack-configure","sequence":37,"controlSequence":0,"rootCommits":2,"childCommits":0,"serial":384,"width":320,"height":240,"monotonicNs":243330020716371}
{"event":"ack-configure","sequence":38,"controlSequence":0,"rootCommits":2,"childCommits":0,"serial":431,"width":320,"height":240,"monotonicNs":243339073733067}
{"event":"ack-configure","sequence":39,"controlSequence":0,"rootCommits":2,"childCommits":0,"serial":443,"width":320,"height":240,"monotonicNs":243339929152319}
{"event":"request","sequence":40,"controlSequence":1,"rootCommits":2,"childCommits":0,"serial":443,"width":320,"height":240,"monotonicNs":243340607565612,"command":"quit"}
{"event":"normalexit","sequence":41,"controlSequence":1,"rootCommits":2,"childCommits":0,"serial":443,"width":320,"height":240,"monotonicNs":243340607591287}
