An example execution:

[State 0]
{
  monitor:
    {
      before:
        {
          exhausted: false,
          invalidated: Set(),
          nextMenu: 1,
          nextOperation: 1,
          operations: [],
          retiredOutputs: Set(),
          view: Closed
        },
      beforeCount: 0,
      event: "init",
      intents: [],
      receiptBinding:
        {
          capabilities: 1,
          frontend: 1,
          output: 1,
          outputGeneration: 1,
          provider: 1,
          revision: 1,
          target: { incarnation: 1, lifetime: 1, session: 1 }
        },
      receiptId: 0,
      receiptOutcome: Pending
    },
  state:
    {
      exhausted: false,
      invalidated: Set(),
      nextMenu: 1,
      nextOperation: 1,
      operations: [],
      retiredOutputs: Set(),
      view: Closed
    }
}

[State 1]
{
  monitor:
    {
      before:
        {
          exhausted: false,
          invalidated: Set(),
          nextMenu: 1,
          nextOperation: 1,
          operations: [],
          retiredOutputs: Set(),
          view: Closed
        },
      beforeCount: 0,
      event: "open-rejected",
      intents: [],
      receiptBinding:
        {
          capabilities: 1,
          frontend: 1,
          output: 1,
          outputGeneration: 1,
          provider: 1,
          revision: 1,
          target: { incarnation: 1, lifetime: 1, session: 1 }
        },
      receiptId: 0,
      receiptOutcome: Pending
    },
  state:
    {
      exhausted: false,
      invalidated: Set(),
      nextMenu: 1,
      nextOperation: 1,
      operations: [],
      retiredOutputs: Set(),
      view: Closed
    }
}

[State 2]
{
  monitor:
    {
      before:
        {
          exhausted: false,
          invalidated: Set(),
          nextMenu: 1,
          nextOperation: 1,
          operations: [],
          retiredOutputs: Set(),
          view: Closed
        },
      beforeCount: 0,
      event: "retire",
      intents: [],
      receiptBinding:
        {
          capabilities: 1,
          frontend: 1,
          output: 1,
          outputGeneration: 1,
          provider: 1,
          revision: 1,
          target: { incarnation: 1, lifetime: 1, session: 1 }
        },
      receiptId: 0,
      receiptOutcome: Pending
    },
  state:
    {
      exhausted: false,
      invalidated:
        Set(
          {
            capabilities: 1,
            frontend: 1,
            output: 1,
            outputGeneration: 1,
            provider: 1,
            revision: 1,
            target: { incarnation: 3, lifetime: 1, session: 1 }
          }
        ),
      nextMenu: 1,
      nextOperation: 1,
      operations: [],
      retiredOutputs: Set(),
      view: Closed
    }
}

[State 3]
{
  monitor:
    {
      before:
        {
          exhausted: false,
          invalidated:
            Set(
              {
                capabilities: 1,
                frontend: 1,
                output: 1,
                outputGeneration: 1,
                provider: 1,
                revision: 1,
                target: { incarnation: 3, lifetime: 1, session: 1 }
              }
            ),
          nextMenu: 1,
          nextOperation: 1,
          operations: [],
          retiredOutputs: Set(),
          view: Closed
        },
      beforeCount: 0,
      event: "open",
      intents: [],
      receiptBinding:
        {
          capabilities: 1,
          frontend: 1,
          output: 1,
          outputGeneration: 1,
          provider: 1,
          revision: 1,
          target: { incarnation: 1, lifetime: 1, session: 1 }
        },
      receiptId: 0,
      receiptOutcome: Pending
    },
  state:
    {
      exhausted: false,
      invalidated:
        Set(
          {
            capabilities: 1,
            frontend: 1,
            output: 1,
            outputGeneration: 1,
            provider: 1,
            revision: 1,
            target: { incarnation: 3, lifetime: 1, session: 1 }
          }
        ),
      nextMenu: 2,
      nextOperation: 1,
      operations: [],
      retiredOutputs: Set(),
      view:
        Visible({
          binding:
            {
              capabilities: 1,
              frontend: 1,
              output: 1,
              outputGeneration: 1,
              provider: 1,
              revision: 1,
              target: { incarnation: 1, lifetime: 1, session: 1 }
            },
          enabled: Set(),
          id: 1,
          selected: -1
        })
    }
}

[State 4]
{
  monitor:
    {
      before:
        {
          exhausted: false,
          invalidated:
            Set(
              {
                capabilities: 1,
                frontend: 1,
                output: 1,
                outputGeneration: 1,
                provider: 1,
                revision: 1,
                target: { incarnation: 3, lifetime: 1, session: 1 }
              }
            ),
          nextMenu: 2,
          nextOperation: 1,
          operations: [],
          retiredOutputs: Set(),
          view:
            Visible({
              binding:
                {
                  capabilities: 1,
                  frontend: 1,
                  output: 1,
                  outputGeneration: 1,
                  provider: 1,
                  revision: 1,
                  target: { incarnation: 1, lifetime: 1, session: 1 }
                },
              enabled: Set(),
              id: 1,
              selected: -1
            })
        },
      beforeCount: 0,
      event: "open",
      intents: [],
      receiptBinding:
        {
          capabilities: 1,
          frontend: 1,
          output: 1,
          outputGeneration: 1,
          provider: 1,
          revision: 1,
          target: { incarnation: 1, lifetime: 1, session: 1 }
        },
      receiptId: 0,
      receiptOutcome: Pending
    },
  state:
    {
      exhausted: false,
      invalidated:
        Set(
          {
            capabilities: 1,
            frontend: 1,
            output: 1,
            outputGeneration: 1,
            provider: 1,
            revision: 1,
            target: { incarnation: 3, lifetime: 1, session: 1 }
          }
        ),
      nextMenu: 3,
      nextOperation: 1,
      operations: [],
      retiredOutputs: Set(),
      view:
        Visible({
          binding:
            {
              capabilities: 1,
              frontend: 1,
              output: 1,
              outputGeneration: 1,
              provider: 1,
              revision: 1,
              target: { incarnation: 2, lifetime: 1, session: 1 }
            },
          enabled: Set(0, 2),
          id: 2,
          selected: 0
        })
    }
}

[State 5]
{
  monitor:
    {
      before:
        {
          exhausted: false,
          invalidated:
            Set(
              {
                capabilities: 1,
                frontend: 1,
                output: 1,
                outputGeneration: 1,
                provider: 1,
                revision: 1,
                target: { incarnation: 3, lifetime: 1, session: 1 }
              }
            ),
          nextMenu: 3,
          nextOperation: 1,
          operations: [],
          retiredOutputs: Set(),
          view:
            Visible({
              binding:
                {
                  capabilities: 1,
                  frontend: 1,
                  output: 1,
                  outputGeneration: 1,
                  provider: 1,
                  revision: 1,
                  target: { incarnation: 2, lifetime: 1, session: 1 }
                },
              enabled: Set(0, 2),
              id: 2,
              selected: 0
            })
        },
      beforeCount: 0,
      event: "navigate",
      intents: [],
      receiptBinding:
        {
          capabilities: 1,
          frontend: 1,
          output: 1,
          outputGeneration: 1,
          provider: 1,
          revision: 1,
          target: { incarnation: 1, lifetime: 1, session: 1 }
        },
      receiptId: 0,
      receiptOutcome: Pending
    },
  state:
    {
      exhausted: false,
      invalidated:
        Set(
          {
            capabilities: 1,
            frontend: 1,
            output: 1,
            outputGeneration: 1,
            provider: 1,
            revision: 1,
            target: { incarnation: 3, lifetime: 1, session: 1 }
          }
        ),
      nextMenu: 3,
      nextOperation: 1,
      operations: [],
      retiredOutputs: Set(),
      view:
        Visible({
          binding:
            {
              capabilities: 1,
              frontend: 1,
              output: 1,
              outputGeneration: 1,
              provider: 1,
              revision: 1,
              target: { incarnation: 2, lifetime: 1, session: 1 }
            },
          enabled: Set(0, 2),
          id: 2,
          selected: 0
        })
    }
}

[State 6]
{
  monitor:
    {
      before:
        {
          exhausted: false,
          invalidated:
            Set(
              {
                capabilities: 1,
                frontend: 1,
                output: 1,
                outputGeneration: 1,
                provider: 1,
                revision: 1,
                target: { incarnation: 3, lifetime: 1, session: 1 }
              }
            ),
          nextMenu: 3,
          nextOperation: 1,
          operations: [],
          retiredOutputs: Set(),
          view:
            Visible({
              binding:
                {
                  capabilities: 1,
                  frontend: 1,
                  output: 1,
                  outputGeneration: 1,
                  provider: 1,
                  revision: 1,
                  target: { incarnation: 2, lifetime: 1, session: 1 }
                },
              enabled: Set(0, 2),
              id: 2,
              selected: 0
            })
        },
      beforeCount: 0,
      event: "navigate",
      intents: [],
      receiptBinding:
        {
          capabilities: 1,
          frontend: 1,
          output: 1,
          outputGeneration: 1,
          provider: 1,
          revision: 1,
          target: { incarnation: 1, lifetime: 1, session: 1 }
        },
      receiptId: 0,
      receiptOutcome: Pending
    },
  state:
    {
      exhausted: false,
      invalidated:
        Set(
          {
            capabilities: 1,
            frontend: 1,
            output: 1,
            outputGeneration: 1,
            provider: 1,
            revision: 1,
            target: { incarnation: 3, lifetime: 1, session: 1 }
          }
        ),
      nextMenu: 3,
      nextOperation: 1,
      operations: [],
      retiredOutputs: Set(),
      view:
        Visible({
          binding:
            {
              capabilities: 1,
              frontend: 1,
              output: 1,
              outputGeneration: 1,
              provider: 1,
              revision: 1,
              target: { incarnation: 2, lifetime: 1, session: 1 }
            },
          enabled: Set(0, 2),
          id: 2,
          selected: 2
        })
    }
}

[State 7]
{
  monitor:
    {
      before:
        {
          exhausted: false,
          invalidated:
            Set(
              {
                capabilities: 1,
                frontend: 1,
                output: 1,
                outputGeneration: 1,
                provider: 1,
                revision: 1,
                target: { incarnation: 3, lifetime: 1, session: 1 }
              }
            ),
          nextMenu: 3,
          nextOperation: 1,
          operations: [],
          retiredOutputs: Set(),
          view:
            Visible({
              binding:
                {
                  capabilities: 1,
                  frontend: 1,
                  output: 1,
                  outputGeneration: 1,
                  provider: 1,
                  revision: 1,
                  target: { incarnation: 2, lifetime: 1, session: 1 }
                },
              enabled: Set(0, 2),
              id: 2,
              selected: 2
            })
        },
      beforeCount: 0,
      event: "open",
      intents: [],
      receiptBinding:
        {
          capabilities: 1,
          frontend: 1,
          output: 1,
          outputGeneration: 1,
          provider: 1,
          revision: 1,
          target: { incarnation: 1, lifetime: 1, session: 1 }
        },
      receiptId: 0,
      receiptOutcome: Pending
    },
  state:
    {
      exhausted: false,
      invalidated:
        Set(
          {
            capabilities: 1,
            frontend: 1,
            output: 1,
            outputGeneration: 1,
            provider: 1,
            revision: 1,
            target: { incarnation: 3, lifetime: 1, session: 1 }
          }
        ),
      nextMenu: 4,
      nextOperation: 1,
      operations: [],
      retiredOutputs: Set(),
      view:
        Visible({
          binding:
            {
              capabilities: 1,
              frontend: 1,
              output: 1,
              outputGeneration: 1,
              provider: 1,
              revision: 1,
              target: { incarnation: 2, lifetime: 1, session: 1 }
            },
          enabled: Set(0, 2),
          id: 3,
          selected: 0
        })
    }
}

[State 8]
{
  monitor:
    {
      before:
        {
          exhausted: false,
          invalidated:
            Set(
              {
                capabilities: 1,
                frontend: 1,
                output: 1,
                outputGeneration: 1,
                provider: 1,
                revision: 1,
                target: { incarnation: 3, lifetime: 1, session: 1 }
              }
            ),
          nextMenu: 4,
          nextOperation: 1,
          operations: [],
          retiredOutputs: Set(),
          view:
            Visible({
              binding:
                {
                  capabilities: 1,
                  frontend: 1,
                  output: 1,
                  outputGeneration: 1,
                  provider: 1,
                  revision: 1,
                  target: { incarnation: 2, lifetime: 1, session: 1 }
                },
              enabled: Set(0, 2),
              id: 3,
              selected: 0
            })
        },
      beforeCount: 0,
      event: "dismiss",
      intents: [],
      receiptBinding:
        {
          capabilities: 1,
          frontend: 1,
          output: 1,
          outputGeneration: 1,
          provider: 1,
          revision: 1,
          target: { incarnation: 1, lifetime: 1, session: 1 }
        },
      receiptId: 0,
      receiptOutcome: Pending
    },
  state:
    {
      exhausted: false,
      invalidated:
        Set(
          {
            capabilities: 1,
            frontend: 1,
            output: 1,
            outputGeneration: 1,
            provider: 1,
            revision: 1,
            target: { incarnation: 3, lifetime: 1, session: 1 }
          }
        ),
      nextMenu: 4,
      nextOperation: 1,
      operations: [],
      retiredOutputs: Set(),
      view: Closed
    }
}

[State 9]
{
  monitor:
    {
      before:
        {
          exhausted: false,
          invalidated:
            Set(
              {
                capabilities: 1,
                frontend: 1,
                output: 1,
                outputGeneration: 1,
                provider: 1,
                revision: 1,
                target: { incarnation: 3, lifetime: 1, session: 1 }
              }
            ),
          nextMenu: 4,
          nextOperation: 1,
          operations: [],
          retiredOutputs: Set(),
          view: Closed
        },
      beforeCount: 0,
      event: "retire",
      intents: [],
      receiptBinding:
        {
          capabilities: 1,
          frontend: 1,
          output: 1,
          outputGeneration: 1,
          provider: 1,
          revision: 1,
          target: { incarnation: 1, lifetime: 1, session: 1 }
        },
      receiptId: 0,
      receiptOutcome: Pending
    },
  state:
    {
      exhausted: false,
      invalidated:
        Set(
          {
            capabilities: 1,
            frontend: 1,
            output: 1,
            outputGeneration: 1,
            provider: 1,
            revision: 1,
            target: { incarnation: 3, lifetime: 1, session: 1 }
          },
          {
            capabilities: 2,
            frontend: 2,
            output: 1,
            outputGeneration: 1,
            provider: 1,
            revision: 2,
            target: { incarnation: 1, lifetime: 1, session: 1 }
          }
        ),
      nextMenu: 4,
      nextOperation: 1,
      operations: [],
      retiredOutputs: Set(),
      view: Closed
    }
}

[State 10]
{
  monitor:
    {
      before:
        {
          exhausted: false,
          invalidated:
            Set(
              {
                capabilities: 1,
                frontend: 1,
                output: 1,
                outputGeneration: 1,
                provider: 1,
                revision: 1,
                target: { incarnation: 3, lifetime: 1, session: 1 }
              },
              {
                capabilities: 2,
                frontend: 2,
                output: 1,
                outputGeneration: 1,
                provider: 1,
                revision: 2,
                target: { incarnation: 1, lifetime: 1, session: 1 }
              }
            ),
          nextMenu: 4,
          nextOperation: 1,
          operations: [],
          retiredOutputs: Set(),
          view: Closed
        },
      beforeCount: 0,
      event: "activation-rejected",
      intents: [],
      receiptBinding:
        {
          capabilities: 1,
          frontend: 1,
          output: 1,
          outputGeneration: 1,
          provider: 1,
          revision: 1,
          target: { incarnation: 1, lifetime: 1, session: 1 }
        },
      receiptId: 0,
      receiptOutcome: Pending
    },
  state:
    {
      exhausted: false,
      invalidated:
        Set(
          {
            capabilities: 1,
            frontend: 1,
            output: 1,
            outputGeneration: 1,
            provider: 1,
            revision: 1,
            target: { incarnation: 3, lifetime: 1, session: 1 }
          },
          {
            capabilities: 2,
            frontend: 2,
            output: 1,
            outputGeneration: 1,
            provider: 1,
            revision: 2,
            target: { incarnation: 1, lifetime: 1, session: 1 }
          }
        ),
      nextMenu: 4,
      nextOperation: 1,
      operations: [],
      retiredOutputs: Set(),
      view: Closed
    }
}

[State 11]
{
  monitor:
    {
      before:
        {
          exhausted: false,
          invalidated:
            Set(
              {
                capabilities: 1,
                frontend: 1,
                output: 1,
                outputGeneration: 1,
                provider: 1,
                revision: 1,
                target: { incarnation: 3, lifetime: 1, session: 1 }
              },
              {
                capabilities: 2,
                frontend: 2,
                output: 1,
                outputGeneration: 1,
                provider: 1,
                revision: 2,
                target: { incarnation: 1, lifetime: 1, session: 1 }
              }
            ),
          nextMenu: 4,
          nextOperation: 1,
          operations: [],
          retiredOutputs: Set(),
          view: Closed
        },
      beforeCount: 0,
      event: "open",
      intents: [],
      receiptBinding:
        {
          capabilities: 1,
          frontend: 1,
          output: 1,
          outputGeneration: 1,
          provider: 1,
          revision: 1,
          target: { incarnation: 1, lifetime: 1, session: 1 }
        },
      receiptId: 0,
      receiptOutcome: Pending
    },
  state:
    {
      exhausted: false,
      invalidated:
        Set(
          {
            capabilities: 1,
            frontend: 1,
            output: 1,
            outputGeneration: 1,
            provider: 1,
            revision: 1,
            target: { incarnation: 3, lifetime: 1, session: 1 }
          },
          {
            capabilities: 2,
            frontend: 2,
            output: 1,
            outputGeneration: 1,
            provider: 1,
            revision: 2,
            target: { incarnation: 1, lifetime: 1, session: 1 }
          }
        ),
      nextMenu: 5,
      nextOperation: 1,
      operations: [],
      retiredOutputs: Set(),
      view:
        Visible({
          binding:
            {
              capabilities: 1,
              frontend: 1,
              output: 1,
              outputGeneration: 1,
              provider: 1,
              revision: 1,
              target: { incarnation: 1, lifetime: 1, session: 1 }
            },
          enabled: Set(),
          id: 4,
          selected: -1
        })
    }
}

[State 12]
{
  monitor:
    {
      before:
        {
          exhausted: false,
          invalidated:
            Set(
              {
                capabilities: 1,
                frontend: 1,
                output: 1,
                outputGeneration: 1,
                provider: 1,
                revision: 1,
                target: { incarnation: 3, lifetime: 1, session: 1 }
              },
              {
                capabilities: 2,
                frontend: 2,
                output: 1,
                outputGeneration: 1,
                provider: 1,
                revision: 2,
                target: { incarnation: 1, lifetime: 1, session: 1 }
              }
            ),
          nextMenu: 5,
          nextOperation: 1,
          operations: [],
          retiredOutputs: Set(),
          view:
            Visible({
              binding:
                {
                  capabilities: 1,
                  frontend: 1,
                  output: 1,
                  outputGeneration: 1,
                  provider: 1,
                  revision: 1,
                  target: { incarnation: 1, lifetime: 1, session: 1 }
                },
              enabled: Set(),
              id: 4,
              selected: -1
            })
        },
      beforeCount: 0,
      event: "retire",
      intents: [],
      receiptBinding:
        {
          capabilities: 1,
          frontend: 1,
          output: 1,
          outputGeneration: 1,
          provider: 1,
          revision: 1,
          target: { incarnation: 1, lifetime: 1, session: 1 }
        },
      receiptId: 0,
      receiptOutcome: Pending
    },
  state:
    {
      exhausted: false,
      invalidated:
        Set(
          {
            capabilities: 1,
            frontend: 1,
            output: 1,
            outputGeneration: 1,
            provider: 1,
            revision: 1,
            target: { incarnation: 2, lifetime: 1, session: 1 }
          },
          {
            capabilities: 1,
            frontend: 1,
            output: 1,
            outputGeneration: 1,
            provider: 1,
            revision: 1,
            target: { incarnation: 3, lifetime: 1, session: 1 }
          },
          {
            capabilities: 2,
            frontend: 2,
            output: 1,
            outputGeneration: 1,
            provider: 1,
            revision: 2,
            target: { incarnation: 1, lifetime: 1, session: 1 }
          }
        ),
      nextMenu: 5,
      nextOperation: 1,
      operations: [],
      retiredOutputs: Set(),
      view:
        Visible({
          binding:
            {
              capabilities: 1,
              frontend: 1,
              output: 1,
              outputGeneration: 1,
              provider: 1,
              revision: 1,
              target: { incarnation: 1, lifetime: 1, session: 1 }
            },
          enabled: Set(),
          id: 4,
          selected: -1
        })
    }
}

[State 13]
{
  monitor:
    {
      before:
        {
          exhausted: false,
          invalidated:
            Set(
              {
                capabilities: 1,
                frontend: 1,
                output: 1,
                outputGeneration: 1,
                provider: 1,
                revision: 1,
                target: { incarnation: 2, lifetime: 1, session: 1 }
              },
              {
                capabilities: 1,
                frontend: 1,
                output: 1,
                outputGeneration: 1,
                provider: 1,
                revision: 1,
                target: { incarnation: 3, lifetime: 1, session: 1 }
              },
              {
                capabilities: 2,
                frontend: 2,
                output: 1,
                outputGeneration: 1,
                provider: 1,
                revision: 2,
                target: { incarnation: 1, lifetime: 1, session: 1 }
              }
            ),
          nextMenu: 5,
          nextOperation: 1,
          operations: [],
          retiredOutputs: Set(),
          view:
            Visible({
              binding:
                {
                  capabilities: 1,
                  frontend: 1,
                  output: 1,
                  outputGeneration: 1,
                  provider: 1,
                  revision: 1,
                  target: { incarnation: 1, lifetime: 1, session: 1 }
                },
              enabled: Set(),
              id: 4,
              selected: -1
            })
        },
      beforeCount: 0,
      event: "dismiss",
      intents: [],
      receiptBinding:
        {
          capabilities: 1,
          frontend: 1,
          output: 1,
          outputGeneration: 1,
          provider: 1,
          revision: 1,
          target: { incarnation: 1, lifetime: 1, session: 1 }
        },
      receiptId: 0,
      receiptOutcome: Pending
    },
  state:
    {
      exhausted: false,
      invalidated:
        Set(
          {
            capabilities: 1,
            frontend: 1,
            output: 1,
            outputGeneration: 1,
            provider: 1,
            revision: 1,
            target: { incarnation: 2, lifetime: 1, session: 1 }
          },
          {
            capabilities: 1,
            frontend: 1,
            output: 1,
            outputGeneration: 1,
            provider: 1,
            revision: 1,
            target: { incarnation: 3, lifetime: 1, session: 1 }
          },
          {
            capabilities: 2,
            frontend: 2,
            output: 1,
            outputGeneration: 1,
            provider: 1,
            revision: 2,
            target: { incarnation: 1, lifetime: 1, session: 1 }
          }
        ),
      nextMenu: 5,
      nextOperation: 1,
      operations: [],
      retiredOutputs: Set(),
      view: Closed
    }
}

[State 14]
{
  monitor:
    {
      before:
        {
          exhausted: false,
          invalidated:
            Set(
              {
                capabilities: 1,
                frontend: 1,
                output: 1,
                outputGeneration: 1,
                provider: 1,
                revision: 1,
                target: { incarnation: 2, lifetime: 1, session: 1 }
              },
              {
                capabilities: 1,
                frontend: 1,
                output: 1,
                outputGeneration: 1,
                provider: 1,
                revision: 1,
                target: { incarnation: 3, lifetime: 1, session: 1 }
              },
              {
                capabilities: 2,
                frontend: 2,
                output: 1,
                outputGeneration: 1,
                provider: 1,
                revision: 2,
                target: { incarnation: 1, lifetime: 1, session: 1 }
              }
            ),
          nextMenu: 5,
          nextOperation: 1,
          operations: [],
          retiredOutputs: Set(),
          view: Closed
        },
      beforeCount: 0,
      event: "open",
      intents: [],
      receiptBinding:
        {
          capabilities: 1,
          frontend: 1,
          output: 1,
          outputGeneration: 1,
          provider: 1,
          revision: 1,
          target: { incarnation: 1, lifetime: 1, session: 1 }
        },
      receiptId: 0,
      receiptOutcome: Pending
    },
  state:
    {
      exhausted: false,
      invalidated:
        Set(
          {
            capabilities: 1,
            frontend: 1,
            output: 1,
            outputGeneration: 1,
            provider: 1,
            revision: 1,
            target: { incarnation: 2, lifetime: 1, session: 1 }
          },
          {
            capabilities: 1,
            frontend: 1,
            output: 1,
            outputGeneration: 1,
            provider: 1,
            revision: 1,
            target: { incarnation: 3, lifetime: 1, session: 1 }
          },
          {
            capabilities: 2,
            frontend: 2,
            output: 1,
            outputGeneration: 1,
            provider: 1,
            revision: 2,
            target: { incarnation: 1, lifetime: 1, session: 1 }
          }
        ),
      nextMenu: 6,
      nextOperation: 1,
      operations: [],
      retiredOutputs: Set(),
      view:
        Visible({
          binding:
            {
              capabilities: 1,
              frontend: 1,
              output: 1,
              outputGeneration: 1,
              provider: 1,
              revision: 1,
              target: { incarnation: 1, lifetime: 1, session: 1 }
            },
          enabled: Set(0, 2),
          id: 5,
          selected: 0
        })
    }
}

[State 15]
{
  monitor:
    {
      before:
        {
          exhausted: false,
          invalidated:
            Set(
              {
                capabilities: 1,
                frontend: 1,
                output: 1,
                outputGeneration: 1,
                provider: 1,
                revision: 1,
                target: { incarnation: 2, lifetime: 1, session: 1 }
              },
              {
                capabilities: 1,
                frontend: 1,
                output: 1,
                outputGeneration: 1,
                provider: 1,
                revision: 1,
                target: { incarnation: 3, lifetime: 1, session: 1 }
              },
              {
                capabilities: 2,
                frontend: 2,
                output: 1,
                outputGeneration: 1,
                provider: 1,
                revision: 2,
                target: { incarnation: 1, lifetime: 1, session: 1 }
              }
            ),
          nextMenu: 6,
          nextOperation: 1,
          operations: [],
          retiredOutputs: Set(),
          view:
            Visible({
              binding:
                {
                  capabilities: 1,
                  frontend: 1,
                  output: 1,
                  outputGeneration: 1,
                  provider: 1,
                  revision: 1,
                  target: { incarnation: 1, lifetime: 1, session: 1 }
                },
              enabled: Set(0, 2),
              id: 5,
              selected: 0
            })
        },
      beforeCount: 0,
      event: "dismiss",
      intents: [],
      receiptBinding:
        {
          capabilities: 1,
          frontend: 1,
          output: 1,
          outputGeneration: 1,
          provider: 1,
          revision: 1,
          target: { incarnation: 1, lifetime: 1, session: 1 }
        },
      receiptId: 0,
      receiptOutcome: Pending
    },
  state:
    {
      exhausted: false,
      invalidated:
        Set(
          {
            capabilities: 1,
            frontend: 1,
            output: 1,
            outputGeneration: 1,
            provider: 1,
            revision: 1,
            target: { incarnation: 2, lifetime: 1, session: 1 }
          },
          {
            capabilities: 1,
            frontend: 1,
            output: 1,
            outputGeneration: 1,
            provider: 1,
            revision: 1,
            target: { incarnation: 3, lifetime: 1, session: 1 }
          },
          {
            capabilities: 2,
            frontend: 2,
            output: 1,
            outputGeneration: 1,
            provider: 1,
            revision: 2,
            target: { incarnation: 1, lifetime: 1, session: 1 }
          }
        ),
      nextMenu: 6,
      nextOperation: 1,
      operations: [],
      retiredOutputs: Set(),
      view: Closed
    }
}

[State 16]
{
  monitor:
    {
      before:
        {
          exhausted: false,
          invalidated:
            Set(
              {
                capabilities: 1,
                frontend: 1,
                output: 1,
                outputGeneration: 1,
                provider: 1,
                revision: 1,
                target: { incarnation: 2, lifetime: 1, session: 1 }
              },
              {
                capabilities: 1,
                frontend: 1,
                output: 1,
                outputGeneration: 1,
                provider: 1,
                revision: 1,
                target: { incarnation: 3, lifetime: 1, session: 1 }
              },
              {
                capabilities: 2,
                frontend: 2,
                output: 1,
                outputGeneration: 1,
                provider: 1,
                revision: 2,
                target: { incarnation: 1, lifetime: 1, session: 1 }
              }
            ),
          nextMenu: 6,
          nextOperation: 1,
          operations: [],
          retiredOutputs: Set(),
          view: Closed
        },
      beforeCount: 0,
      event: "receipt-rejected",
      intents: [],
      receiptBinding:
        {
          capabilities: 1,
          frontend: 1,
          output: 1,
          outputGeneration: 1,
          provider: 1,
          revision: 1,
          target: { incarnation: 1, lifetime: 1, session: 1 }
        },
      receiptId: 0,
      receiptOutcome: Pending
    },
  state:
    {
      exhausted: false,
      invalidated:
        Set(
          {
            capabilities: 1,
            frontend: 1,
            output: 1,
            outputGeneration: 1,
            provider: 1,
            revision: 1,
            target: { incarnation: 2, lifetime: 1, session: 1 }
          },
          {
            capabilities: 1,
            frontend: 1,
            output: 1,
            outputGeneration: 1,
            provider: 1,
            revision: 1,
            target: { incarnation: 3, lifetime: 1, session: 1 }
          },
          {
            capabilities: 2,
            frontend: 2,
            output: 1,
            outputGeneration: 1,
            provider: 1,
            revision: 2,
            target: { incarnation: 1, lifetime: 1, session: 1 }
          }
        ),
      nextMenu: 6,
      nextOperation: 1,
      operations: [],
      retiredOutputs: Set(),
      view: Closed
    }
}

[State 17]
{
  monitor:
    {
      before:
        {
          exhausted: false,
          invalidated:
            Set(
              {
                capabilities: 1,
                frontend: 1,
                output: 1,
                outputGeneration: 1,
                provider: 1,
                revision: 1,
                target: { incarnation: 2, lifetime: 1, session: 1 }
              },
              {
                capabilities: 1,
                frontend: 1,
                output: 1,
                outputGeneration: 1,
                provider: 1,
                revision: 1,
                target: { incarnation: 3, lifetime: 1, session: 1 }
              },
              {
                capabilities: 2,
                frontend: 2,
                output: 1,
                outputGeneration: 1,
                provider: 1,
                revision: 2,
                target: { incarnation: 1, lifetime: 1, session: 1 }
              }
            ),
          nextMenu: 6,
          nextOperation: 1,
          operations: [],
          retiredOutputs: Set(),
          view: Closed
        },
      beforeCount: 0,
      event: "exhaust",
      intents: [],
      receiptBinding:
        {
          capabilities: 1,
          frontend: 1,
          output: 1,
          outputGeneration: 1,
          provider: 1,
          revision: 1,
          target: { incarnation: 1, lifetime: 1, session: 1 }
        },
      receiptId: 0,
      receiptOutcome: Pending
    },
  state:
    {
      exhausted: true,
      invalidated:
        Set(
          {
            capabilities: 1,
            frontend: 1,
            output: 1,
            outputGeneration: 1,
            provider: 1,
            revision: 1,
            target: { incarnation: 2, lifetime: 1, session: 1 }
          },
          {
            capabilities: 1,
            frontend: 1,
            output: 1,
            outputGeneration: 1,
            provider: 1,
            revision: 1,
            target: { incarnation: 3, lifetime: 1, session: 1 }
          },
          {
            capabilities: 2,
            frontend: 2,
            output: 1,
            outputGeneration: 1,
            provider: 1,
            revision: 2,
            target: { incarnation: 1, lifetime: 1, session: 1 }
          }
        ),
      nextMenu: 6,
      nextOperation: 1,
      operations: [],
      retiredOutputs: Set(),
      view: Closed
    }
}

[State 18]
{
  monitor:
    {
      before:
        {
          exhausted: true,
          invalidated:
            Set(
              {
                capabilities: 1,
                frontend: 1,
                output: 1,
                outputGeneration: 1,
                provider: 1,
                revision: 1,
                target: { incarnation: 2, lifetime: 1, session: 1 }
              },
              {
                capabilities: 1,
                frontend: 1,
                output: 1,
                outputGeneration: 1,
                provider: 1,
                revision: 1,
                target: { incarnation: 3, lifetime: 1, session: 1 }
              },
              {
                capabilities: 2,
                frontend: 2,
                output: 1,
                outputGeneration: 1,
                provider: 1,
                revision: 2,
                target: { incarnation: 1, lifetime: 1, session: 1 }
              }
            ),
          nextMenu: 6,
          nextOperation: 1,
          operations: [],
          retiredOutputs: Set(),
          view: Closed
        },
      beforeCount: 0,
      event: "retire-duplicate",
      intents: [],
      receiptBinding:
        {
          capabilities: 1,
          frontend: 1,
          output: 1,
          outputGeneration: 1,
          provider: 1,
          revision: 1,
          target: { incarnation: 1, lifetime: 1, session: 1 }
        },
      receiptId: 0,
      receiptOutcome: Pending
    },
  state:
    {
      exhausted: true,
      invalidated:
        Set(
          {
            capabilities: 1,
            frontend: 1,
            output: 1,
            outputGeneration: 1,
            provider: 1,
            revision: 1,
            target: { incarnation: 2, lifetime: 1, session: 1 }
          },
          {
            capabilities: 1,
            frontend: 1,
            output: 1,
            outputGeneration: 1,
            provider: 1,
            revision: 1,
            target: { incarnation: 3, lifetime: 1, session: 1 }
          },
          {
            capabilities: 2,
            frontend: 2,
            output: 1,
            outputGeneration: 1,
            provider: 1,
            revision: 2,
            target: { incarnation: 1, lifetime: 1, session: 1 }
          }
        ),
      nextMenu: 6,
      nextOperation: 1,
      operations: [],
      retiredOutputs: Set(),
      view: Closed
    }
}

[State 19]
{
  monitor:
    {
      before:
        {
          exhausted: true,
          invalidated:
            Set(
              {
                capabilities: 1,
                frontend: 1,
                output: 1,
                outputGeneration: 1,
                provider: 1,
                revision: 1,
                target: { incarnation: 2, lifetime: 1, session: 1 }
              },
              {
                capabilities: 1,
                frontend: 1,
                output: 1,
                outputGeneration: 1,
                provider: 1,
                revision: 1,
                target: { incarnation: 3, lifetime: 1, session: 1 }
              },
              {
                capabilities: 2,
                frontend: 2,
                output: 1,
                outputGeneration: 1,
                provider: 1,
                revision: 2,
                target: { incarnation: 1, lifetime: 1, session: 1 }
              }
            ),
          nextMenu: 6,
          nextOperation: 1,
          operations: [],
          retiredOutputs: Set(),
          view: Closed
        },
      beforeCount: 0,
      event: "open-rejected",
      intents: [],
      receiptBinding:
        {
          capabilities: 1,
          frontend: 1,
          output: 1,
          outputGeneration: 1,
          provider: 1,
          revision: 1,
          target: { incarnation: 1, lifetime: 1, session: 1 }
        },
      receiptId: 0,
      receiptOutcome: Pending
    },
  state:
    {
      exhausted: true,
      invalidated:
        Set(
          {
            capabilities: 1,
            frontend: 1,
            output: 1,
            outputGeneration: 1,
            provider: 1,
            revision: 1,
            target: { incarnation: 2, lifetime: 1, session: 1 }
          },
          {
            capabilities: 1,
            frontend: 1,
            output: 1,
            outputGeneration: 1,
            provider: 1,
            revision: 1,
            target: { incarnation: 3, lifetime: 1, session: 1 }
          },
          {
            capabilities: 2,
            frontend: 2,
            output: 1,
            outputGeneration: 1,
            provider: 1,
            revision: 2,
            target: { incarnation: 1, lifetime: 1, session: 1 }
          }
        ),
      nextMenu: 6,
      nextOperation: 1,
      operations: [],
      retiredOutputs: Set(),
      view: Closed
    }
}

[State 20]
{
  monitor:
    {
      before:
        {
          exhausted: true,
          invalidated:
            Set(
              {
                capabilities: 1,
                frontend: 1,
                output: 1,
                outputGeneration: 1,
                provider: 1,
                revision: 1,
                target: { incarnation: 2, lifetime: 1, session: 1 }
              },
              {
                capabilities: 1,
                frontend: 1,
                output: 1,
                outputGeneration: 1,
                provider: 1,
                revision: 1,
                target: { incarnation: 3, lifetime: 1, session: 1 }
              },
              {
                capabilities: 2,
                frontend: 2,
                output: 1,
                outputGeneration: 1,
                provider: 1,
                revision: 2,
                target: { incarnation: 1, lifetime: 1, session: 1 }
              }
            ),
          nextMenu: 6,
          nextOperation: 1,
          operations: [],
          retiredOutputs: Set(),
          view: Closed
        },
      beforeCount: 0,
      event: "retire-duplicate",
      intents: [],
      receiptBinding:
        {
          capabilities: 1,
          frontend: 1,
          output: 1,
          outputGeneration: 1,
          provider: 1,
          revision: 1,
          target: { incarnation: 1, lifetime: 1, session: 1 }
        },
      receiptId: 0,
      receiptOutcome: Pending
    },
  state:
    {
      exhausted: true,
      invalidated:
        Set(
          {
            capabilities: 1,
            frontend: 1,
            output: 1,
            outputGeneration: 1,
            provider: 1,
            revision: 1,
            target: { incarnation: 2, lifetime: 1, session: 1 }
          },
          {
            capabilities: 1,
            frontend: 1,
            output: 1,
            outputGeneration: 1,
            provider: 1,
            revision: 1,
            target: { incarnation: 3, lifetime: 1, session: 1 }
          },
          {
            capabilities: 2,
            frontend: 2,
            output: 1,
            outputGeneration: 1,
            provider: 1,
            revision: 2,
            target: { incarnation: 1, lifetime: 1, session: 1 }
          }
        ),
      nextMenu: 6,
      nextOperation: 1,
      operations: [],
      retiredOutputs: Set(),
      view: Closed
    }
}

[State 21]
{
  monitor:
    {
      before:
        {
          exhausted: true,
          invalidated:
            Set(
              {
                capabilities: 1,
                frontend: 1,
                output: 1,
                outputGeneration: 1,
                provider: 1,
                revision: 1,
                target: { incarnation: 2, lifetime: 1, session: 1 }
              },
              {
                capabilities: 1,
                frontend: 1,
                output: 1,
                outputGeneration: 1,
                provider: 1,
                revision: 1,
                target: { incarnation: 3, lifetime: 1, session: 1 }
              },
              {
                capabilities: 2,
                frontend: 2,
                output: 1,
                outputGeneration: 1,
                provider: 1,
                revision: 2,
                target: { incarnation: 1, lifetime: 1, session: 1 }
              }
            ),
          nextMenu: 6,
          nextOperation: 1,
          operations: [],
          retiredOutputs: Set(),
          view: Closed
        },
      beforeCount: 0,
      event: "receipt-rejected",
      intents: [],
      receiptBinding:
        {
          capabilities: 1,
          frontend: 1,
          output: 1,
          outputGeneration: 1,
          provider: 1,
          revision: 1,
          target: { incarnation: 1, lifetime: 1, session: 1 }
        },
      receiptId: 0,
      receiptOutcome: Pending
    },
  state:
    {
      exhausted: true,
      invalidated:
        Set(
          {
            capabilities: 1,
            frontend: 1,
            output: 1,
            outputGeneration: 1,
            provider: 1,
            revision: 1,
            target: { incarnation: 2, lifetime: 1, session: 1 }
          },
          {
            capabilities: 1,
            frontend: 1,
            output: 1,
            outputGeneration: 1,
            provider: 1,
            revision: 1,
            target: { incarnation: 3, lifetime: 1, session: 1 }
          },
          {
            capabilities: 2,
            frontend: 2,
            output: 1,
            outputGeneration: 1,
            provider: 1,
            revision: 2,
            target: { incarnation: 1, lifetime: 1, session: 1 }
          }
        ),
      nextMenu: 6,
      nextOperation: 1,
      operations: [],
      retiredOutputs: Set(),
      view: Closed
    }
}

[State 22]
{
  monitor:
    {
      before:
        {
          exhausted: true,
          invalidated:
            Set(
              {
                capabilities: 1,
                frontend: 1,
                output: 1,
                outputGeneration: 1,
                provider: 1,
                revision: 1,
                target: { incarnation: 2, lifetime: 1, session: 1 }
              },
              {
                capabilities: 1,
                frontend: 1,
                output: 1,
                outputGeneration: 1,
                provider: 1,
                revision: 1,
                target: { incarnation: 3, lifetime: 1, session: 1 }
              },
              {
                capabilities: 2,
                frontend: 2,
                output: 1,
                outputGeneration: 1,
                provider: 1,
                revision: 2,
                target: { incarnation: 1, lifetime: 1, session: 1 }
              }
            ),
          nextMenu: 6,
          nextOperation: 1,
          operations: [],
          retiredOutputs: Set(),
          view: Closed
        },
      beforeCount: 0,
      event: "activation-rejected",
      intents: [],
      receiptBinding:
        {
          capabilities: 1,
          frontend: 1,
          output: 1,
          outputGeneration: 1,
          provider: 1,
          revision: 1,
          target: { incarnation: 1, lifetime: 1, session: 1 }
        },
      receiptId: 0,
      receiptOutcome: Pending
    },
  state:
    {
      exhausted: true,
      invalidated:
        Set(
          {
            capabilities: 1,
            frontend: 1,
            output: 1,
            outputGeneration: 1,
            provider: 1,
            revision: 1,
            target: { incarnation: 2, lifetime: 1, session: 1 }
          },
          {
            capabilities: 1,
            frontend: 1,
            output: 1,
            outputGeneration: 1,
            provider: 1,
            revision: 1,
            target: { incarnation: 3, lifetime: 1, session: 1 }
          },
          {
            capabilities: 2,
            frontend: 2,
            output: 1,
            outputGeneration: 1,
            provider: 1,
            revision: 2,
            target: { incarnation: 1, lifetime: 1, session: 1 }
          }
        ),
      nextMenu: 6,
      nextOperation: 1,
      operations: [],
      retiredOutputs: Set(),
      view: Closed
    }
}

[State 23]
{
  monitor:
    {
      before:
        {
          exhausted: true,
          invalidated:
            Set(
              {
                capabilities: 1,
                frontend: 1,
                output: 1,
                outputGeneration: 1,
                provider: 1,
                revision: 1,
                target: { incarnation: 2, lifetime: 1, session: 1 }
              },
              {
                capabilities: 1,
                frontend: 1,
                output: 1,
                outputGeneration: 1,
                provider: 1,
                revision: 1,
                target: { incarnation: 3, lifetime: 1, session: 1 }
              },
              {
                capabilities: 2,
                frontend: 2,
                output: 1,
                outputGeneration: 1,
                provider: 1,
                revision: 2,
                target: { incarnation: 1, lifetime: 1, session: 1 }
              }
            ),
          nextMenu: 6,
          nextOperation: 1,
          operations: [],
          retiredOutputs: Set(),
          view: Closed
        },
      beforeCount: 0,
      event: "open-rejected",
      intents: [],
      receiptBinding:
        {
          capabilities: 1,
          frontend: 1,
          output: 1,
          outputGeneration: 1,
          provider: 1,
          revision: 1,
          target: { incarnation: 1, lifetime: 1, session: 1 }
        },
      receiptId: 0,
      receiptOutcome: Pending
    },
  state:
    {
      exhausted: true,
      invalidated:
        Set(
          {
            capabilities: 1,
            frontend: 1,
            output: 1,
            outputGeneration: 1,
            provider: 1,
            revision: 1,
            target: { incarnation: 2, lifetime: 1, session: 1 }
          },
          {
            capabilities: 1,
            frontend: 1,
            output: 1,
            outputGeneration: 1,
            provider: 1,
            revision: 1,
            target: { incarnation: 3, lifetime: 1, session: 1 }
          },
          {
            capabilities: 2,
            frontend: 2,
            output: 1,
            outputGeneration: 1,
            provider: 1,
            revision: 2,
            target: { incarnation: 1, lifetime: 1, session: 1 }
          }
        ),
      nextMenu: 6,
      nextOperation: 1,
      operations: [],
      retiredOutputs: Set(),
      view: Closed
    }
}

[State 24]
{
  monitor:
    {
      before:
        {
          exhausted: true,
          invalidated:
            Set(
              {
                capabilities: 1,
                frontend: 1,
                output: 1,
                outputGeneration: 1,
                provider: 1,
                revision: 1,
                target: { incarnation: 2, lifetime: 1, session: 1 }
              },
              {
                capabilities: 1,
                frontend: 1,
                output: 1,
                outputGeneration: 1,
                provider: 1,
                revision: 1,
                target: { incarnation: 3, lifetime: 1, session: 1 }
              },
              {
                capabilities: 2,
                frontend: 2,
                output: 1,
                outputGeneration: 1,
                provider: 1,
                revision: 2,
                target: { incarnation: 1, lifetime: 1, session: 1 }
              }
            ),
          nextMenu: 6,
          nextOperation: 1,
          operations: [],
          retiredOutputs: Set(),
          view: Closed
        },
      beforeCount: 0,
      event: "open-rejected",
      intents: [],
      receiptBinding:
        {
          capabilities: 1,
          frontend: 1,
          output: 1,
          outputGeneration: 1,
          provider: 1,
          revision: 1,
          target: { incarnation: 1, lifetime: 1, session: 1 }
        },
      receiptId: 0,
      receiptOutcome: Pending
    },
  state:
    {
      exhausted: true,
      invalidated:
        Set(
          {
            capabilities: 1,
            frontend: 1,
            output: 1,
            outputGeneration: 1,
            provider: 1,
            revision: 1,
            target: { incarnation: 2, lifetime: 1, session: 1 }
          },
          {
            capabilities: 1,
            frontend: 1,
            output: 1,
            outputGeneration: 1,
            provider: 1,
            revision: 1,
            target: { incarnation: 3, lifetime: 1, session: 1 }
          },
          {
            capabilities: 2,
            frontend: 2,
            output: 1,
            outputGeneration: 1,
            provider: 1,
            revision: 2,
            target: { incarnation: 1, lifetime: 1, session: 1 }
          }
        ),
      nextMenu: 6,
      nextOperation: 1,
      operations: [],
      retiredOutputs: Set(),
      view: Closed
    }
}

[State 25]
{
  monitor:
    {
      before:
        {
          exhausted: true,
          invalidated:
            Set(
              {
                capabilities: 1,
                frontend: 1,
                output: 1,
                outputGeneration: 1,
                provider: 1,
                revision: 1,
                target: { incarnation: 2, lifetime: 1, session: 1 }
              },
              {
                capabilities: 1,
                frontend: 1,
                output: 1,
                outputGeneration: 1,
                provider: 1,
                revision: 1,
                target: { incarnation: 3, lifetime: 1, session: 1 }
              },
              {
                capabilities: 2,
                frontend: 2,
                output: 1,
                outputGeneration: 1,
                provider: 1,
                revision: 2,
                target: { incarnation: 1, lifetime: 1, session: 1 }
              }
            ),
          nextMenu: 6,
          nextOperation: 1,
          operations: [],
          retiredOutputs: Set(),
          view: Closed
        },
      beforeCount: 0,
      event: "activation-rejected",
      intents: [],
      receiptBinding:
        {
          capabilities: 1,
          frontend: 1,
          output: 1,
          outputGeneration: 1,
          provider: 1,
          revision: 1,
          target: { incarnation: 1, lifetime: 1, session: 1 }
        },
      receiptId: 0,
      receiptOutcome: Pending
    },
  state:
    {
      exhausted: true,
      invalidated:
        Set(
          {
            capabilities: 1,
            frontend: 1,
            output: 1,
            outputGeneration: 1,
            provider: 1,
            revision: 1,
            target: { incarnation: 2, lifetime: 1, session: 1 }
          },
          {
            capabilities: 1,
            frontend: 1,
            output: 1,
            outputGeneration: 1,
            provider: 1,
            revision: 1,
            target: { incarnation: 3, lifetime: 1, session: 1 }
          },
          {
            capabilities: 2,
            frontend: 2,
            output: 1,
            outputGeneration: 1,
            provider: 1,
            revision: 2,
            target: { incarnation: 1, lifetime: 1, session: 1 }
          }
        ),
      nextMenu: 6,
      nextOperation: 1,
      operations: [],
      retiredOutputs: Set(),
      view: Closed
    }
}

[State 26]
{
  monitor:
    {
      before:
        {
          exhausted: true,
          invalidated:
            Set(
              {
                capabilities: 1,
                frontend: 1,
                output: 1,
                outputGeneration: 1,
                provider: 1,
                revision: 1,
                target: { incarnation: 2, lifetime: 1, session: 1 }
              },
              {
                capabilities: 1,
                frontend: 1,
                output: 1,
                outputGeneration: 1,
                provider: 1,
                revision: 1,
                target: { incarnation: 3, lifetime: 1, session: 1 }
              },
              {
                capabilities: 2,
                frontend: 2,
                output: 1,
                outputGeneration: 1,
                provider: 1,
                revision: 2,
                target: { incarnation: 1, lifetime: 1, session: 1 }
              }
            ),
          nextMenu: 6,
          nextOperation: 1,
          operations: [],
          retiredOutputs: Set(),
          view: Closed
        },
      beforeCount: 0,
      event: "receipt-rejected",
      intents: [],
      receiptBinding:
        {
          capabilities: 1,
          frontend: 1,
          output: 1,
          outputGeneration: 1,
          provider: 1,
          revision: 1,
          target: { incarnation: 1, lifetime: 1, session: 1 }
        },
      receiptId: 0,
      receiptOutcome: Pending
    },
  state:
    {
      exhausted: true,
      invalidated:
        Set(
          {
            capabilities: 1,
            frontend: 1,
            output: 1,
            outputGeneration: 1,
            provider: 1,
            revision: 1,
            target: { incarnation: 2, lifetime: 1, session: 1 }
          },
          {
            capabilities: 1,
            frontend: 1,
            output: 1,
            outputGeneration: 1,
            provider: 1,
            revision: 1,
            target: { incarnation: 3, lifetime: 1, session: 1 }
          },
          {
            capabilities: 2,
            frontend: 2,
            output: 1,
            outputGeneration: 1,
            provider: 1,
            revision: 2,
            target: { incarnation: 1, lifetime: 1, session: 1 }
          }
        ),
      nextMenu: 6,
      nextOperation: 1,
      operations: [],
      retiredOutputs: Set(),
      view: Closed
    }
}

[State 27]
{
  monitor:
    {
      before:
        {
          exhausted: true,
          invalidated:
            Set(
              {
                capabilities: 1,
                frontend: 1,
                output: 1,
                outputGeneration: 1,
                provider: 1,
                revision: 1,
                target: { incarnation: 2, lifetime: 1, session: 1 }
              },
              {
                capabilities: 1,
                frontend: 1,
                output: 1,
                outputGeneration: 1,
                provider: 1,
                revision: 1,
                target: { incarnation: 3, lifetime: 1, session: 1 }
              },
              {
                capabilities: 2,
                frontend: 2,
                output: 1,
                outputGeneration: 1,
                provider: 1,
                revision: 2,
                target: { incarnation: 1, lifetime: 1, session: 1 }
              }
            ),
          nextMenu: 6,
          nextOperation: 1,
          operations: [],
          retiredOutputs: Set(),
          view: Closed
        },
      beforeCount: 0,
      event: "activation-rejected",
      intents: [],
      receiptBinding:
        {
          capabilities: 1,
          frontend: 1,
          output: 1,
          outputGeneration: 1,
          provider: 1,
          revision: 1,
          target: { incarnation: 1, lifetime: 1, session: 1 }
        },
      receiptId: 0,
      receiptOutcome: Pending
    },
  state:
    {
      exhausted: true,
      invalidated:
        Set(
          {
            capabilities: 1,
            frontend: 1,
            output: 1,
            outputGeneration: 1,
            provider: 1,
            revision: 1,
            target: { incarnation: 2, lifetime: 1, session: 1 }
          },
          {
            capabilities: 1,
            frontend: 1,
            output: 1,
            outputGeneration: 1,
            provider: 1,
            revision: 1,
            target: { incarnation: 3, lifetime: 1, session: 1 }
          },
          {
            capabilities: 2,
            frontend: 2,
            output: 1,
            outputGeneration: 1,
            provider: 1,
            revision: 2,
            target: { incarnation: 1, lifetime: 1, session: 1 }
          }
        ),
      nextMenu: 6,
      nextOperation: 1,
      operations: [],
      retiredOutputs: Set(),
      view: Closed
    }
}

[State 28]
{
  monitor:
    {
      before:
        {
          exhausted: true,
          invalidated:
            Set(
              {
                capabilities: 1,
                frontend: 1,
                output: 1,
                outputGeneration: 1,
                provider: 1,
                revision: 1,
                target: { incarnation: 2, lifetime: 1, session: 1 }
              },
              {
                capabilities: 1,
                frontend: 1,
                output: 1,
                outputGeneration: 1,
                provider: 1,
                revision: 1,
                target: { incarnation: 3, lifetime: 1, session: 1 }
              },
              {
                capabilities: 2,
                frontend: 2,
                output: 1,
                outputGeneration: 1,
                provider: 1,
                revision: 2,
                target: { incarnation: 1, lifetime: 1, session: 1 }
              }
            ),
          nextMenu: 6,
          nextOperation: 1,
          operations: [],
          retiredOutputs: Set(),
          view: Closed
        },
      beforeCount: 0,
      event: "receipt-rejected",
      intents: [],
      receiptBinding:
        {
          capabilities: 1,
          frontend: 1,
          output: 1,
          outputGeneration: 1,
          provider: 1,
          revision: 1,
          target: { incarnation: 1, lifetime: 1, session: 1 }
        },
      receiptId: 0,
      receiptOutcome: Pending
    },
  state:
    {
      exhausted: true,
      invalidated:
        Set(
          {
            capabilities: 1,
            frontend: 1,
            output: 1,
            outputGeneration: 1,
            provider: 1,
            revision: 1,
            target: { incarnation: 2, lifetime: 1, session: 1 }
          },
          {
            capabilities: 1,
            frontend: 1,
            output: 1,
            outputGeneration: 1,
            provider: 1,
            revision: 1,
            target: { incarnation: 3, lifetime: 1, session: 1 }
          },
          {
            capabilities: 2,
            frontend: 2,
            output: 1,
            outputGeneration: 1,
            provider: 1,
            revision: 2,
            target: { incarnation: 1, lifetime: 1, session: 1 }
          }
        ),
      nextMenu: 6,
      nextOperation: 1,
      operations: [],
      retiredOutputs: Set(),
      view: Closed
    }
}

[State 29]
{
  monitor:
    {
      before:
        {
          exhausted: true,
          invalidated:
            Set(
              {
                capabilities: 1,
                frontend: 1,
                output: 1,
                outputGeneration: 1,
                provider: 1,
                revision: 1,
                target: { incarnation: 2, lifetime: 1, session: 1 }
              },
              {
                capabilities: 1,
                frontend: 1,
                output: 1,
                outputGeneration: 1,
                provider: 1,
                revision: 1,
                target: { incarnation: 3, lifetime: 1, session: 1 }
              },
              {
                capabilities: 2,
                frontend: 2,
                output: 1,
                outputGeneration: 1,
                provider: 1,
                revision: 2,
                target: { incarnation: 1, lifetime: 1, session: 1 }
              }
            ),
          nextMenu: 6,
          nextOperation: 1,
          operations: [],
          retiredOutputs: Set(),
          view: Closed
        },
      beforeCount: 0,
      event: "retire-duplicate",
      intents: [],
      receiptBinding:
        {
          capabilities: 1,
          frontend: 1,
          output: 1,
          outputGeneration: 1,
          provider: 1,
          revision: 1,
          target: { incarnation: 1, lifetime: 1, session: 1 }
        },
      receiptId: 0,
      receiptOutcome: Pending
    },
  state:
    {
      exhausted: true,
      invalidated:
        Set(
          {
            capabilities: 1,
            frontend: 1,
            output: 1,
            outputGeneration: 1,
            provider: 1,
            revision: 1,
            target: { incarnation: 2, lifetime: 1, session: 1 }
          },
          {
            capabilities: 1,
            frontend: 1,
            output: 1,
            outputGeneration: 1,
            provider: 1,
            revision: 1,
            target: { incarnation: 3, lifetime: 1, session: 1 }
          },
          {
            capabilities: 2,
            frontend: 2,
            output: 1,
            outputGeneration: 1,
            provider: 1,
            revision: 2,
            target: { incarnation: 1, lifetime: 1, session: 1 }
          }
        ),
      nextMenu: 6,
      nextOperation: 1,
      operations: [],
      retiredOutputs: Set(),
      view: Closed
    }
}

[State 30]
{
  monitor:
    {
      before:
        {
          exhausted: true,
          invalidated:
            Set(
              {
                capabilities: 1,
                frontend: 1,
                output: 1,
                outputGeneration: 1,
                provider: 1,
                revision: 1,
                target: { incarnation: 2, lifetime: 1, session: 1 }
              },
              {
                capabilities: 1,
                frontend: 1,
                output: 1,
                outputGeneration: 1,
                provider: 1,
                revision: 1,
                target: { incarnation: 3, lifetime: 1, session: 1 }
              },
              {
                capabilities: 2,
                frontend: 2,
                output: 1,
                outputGeneration: 1,
                provider: 1,
                revision: 2,
                target: { incarnation: 1, lifetime: 1, session: 1 }
              }
            ),
          nextMenu: 6,
          nextOperation: 1,
          operations: [],
          retiredOutputs: Set(),
          view: Closed
        },
      beforeCount: 0,
      event: "open-rejected",
      intents: [],
      receiptBinding:
        {
          capabilities: 1,
          frontend: 1,
          output: 1,
          outputGeneration: 1,
          provider: 1,
          revision: 1,
          target: { incarnation: 1, lifetime: 1, session: 1 }
        },
      receiptId: 0,
      receiptOutcome: Pending
    },
  state:
    {
      exhausted: true,
      invalidated:
        Set(
          {
            capabilities: 1,
            frontend: 1,
            output: 1,
            outputGeneration: 1,
            provider: 1,
            revision: 1,
            target: { incarnation: 2, lifetime: 1, session: 1 }
          },
          {
            capabilities: 1,
            frontend: 1,
            output: 1,
            outputGeneration: 1,
            provider: 1,
            revision: 1,
            target: { incarnation: 3, lifetime: 1, session: 1 }
          },
          {
            capabilities: 2,
            frontend: 2,
            output: 1,
            outputGeneration: 1,
            provider: 1,
            revision: 2,
            target: { incarnation: 1, lifetime: 1, session: 1 }
          }
        ),
      nextMenu: 6,
      nextOperation: 1,
      operations: [],
      retiredOutputs: Set(),
      view: Closed
    }
}

[State 31]
{
  monitor:
    {
      before:
        {
          exhausted: true,
          invalidated:
            Set(
              {
                capabilities: 1,
                frontend: 1,
                output: 1,
                outputGeneration: 1,
                provider: 1,
                revision: 1,
                target: { incarnation: 2, lifetime: 1, session: 1 }
              },
              {
                capabilities: 1,
                frontend: 1,
                output: 1,
                outputGeneration: 1,
                provider: 1,
                revision: 1,
                target: { incarnation: 3, lifetime: 1, session: 1 }
              },
              {
                capabilities: 2,
                frontend: 2,
                output: 1,
                outputGeneration: 1,
                provider: 1,
                revision: 2,
                target: { incarnation: 1, lifetime: 1, session: 1 }
              }
            ),
          nextMenu: 6,
          nextOperation: 1,
          operations: [],
          retiredOutputs: Set(),
          view: Closed
        },
      beforeCount: 0,
      event: "receipt-rejected",
      intents: [],
      receiptBinding:
        {
          capabilities: 1,
          frontend: 1,
          output: 1,
          outputGeneration: 1,
          provider: 1,
          revision: 1,
          target: { incarnation: 1, lifetime: 1, session: 1 }
        },
      receiptId: 0,
      receiptOutcome: Pending
    },
  state:
    {
      exhausted: true,
      invalidated:
        Set(
          {
            capabilities: 1,
            frontend: 1,
            output: 1,
            outputGeneration: 1,
            provider: 1,
            revision: 1,
            target: { incarnation: 2, lifetime: 1, session: 1 }
          },
          {
            capabilities: 1,
            frontend: 1,
            output: 1,
            outputGeneration: 1,
            provider: 1,
            revision: 1,
            target: { incarnation: 3, lifetime: 1, session: 1 }
          },
          {
            capabilities: 2,
            frontend: 2,
            output: 1,
            outputGeneration: 1,
            provider: 1,
            revision: 2,
            target: { incarnation: 1, lifetime: 1, session: 1 }
          }
        ),
      nextMenu: 6,
      nextOperation: 1,
      operations: [],
      retiredOutputs: Set(),
      view: Closed
    }
}

[State 32]
{
  monitor:
    {
      before:
        {
          exhausted: true,
          invalidated:
            Set(
              {
                capabilities: 1,
                frontend: 1,
                output: 1,
                outputGeneration: 1,
                provider: 1,
                revision: 1,
                target: { incarnation: 2, lifetime: 1, session: 1 }
              },
              {
                capabilities: 1,
                frontend: 1,
                output: 1,
                outputGeneration: 1,
                provider: 1,
                revision: 1,
                target: { incarnation: 3, lifetime: 1, session: 1 }
              },
              {
                capabilities: 2,
                frontend: 2,
                output: 1,
                outputGeneration: 1,
                provider: 1,
                revision: 2,
                target: { incarnation: 1, lifetime: 1, session: 1 }
              }
            ),
          nextMenu: 6,
          nextOperation: 1,
          operations: [],
          retiredOutputs: Set(),
          view: Closed
        },
      beforeCount: 0,
      event: "receipt-rejected",
      intents: [],
      receiptBinding:
        {
          capabilities: 1,
          frontend: 1,
          output: 1,
          outputGeneration: 1,
          provider: 1,
          revision: 1,
          target: { incarnation: 1, lifetime: 1, session: 1 }
        },
      receiptId: 0,
      receiptOutcome: Pending
    },
  state:
    {
      exhausted: true,
      invalidated:
        Set(
          {
            capabilities: 1,
            frontend: 1,
            output: 1,
            outputGeneration: 1,
            provider: 1,
            revision: 1,
            target: { incarnation: 2, lifetime: 1, session: 1 }
          },
          {
            capabilities: 1,
            frontend: 1,
            output: 1,
            outputGeneration: 1,
            provider: 1,
            revision: 1,
            target: { incarnation: 3, lifetime: 1, session: 1 }
          },
          {
            capabilities: 2,
            frontend: 2,
            output: 1,
            outputGeneration: 1,
            provider: 1,
            revision: 2,
            target: { incarnation: 1, lifetime: 1, session: 1 }
          }
        ),
      nextMenu: 6,
      nextOperation: 1,
      operations: [],
      retiredOutputs: Set(),
      view: Closed
    }
}

[State 33]
{
  monitor:
    {
      before:
        {
          exhausted: true,
          invalidated:
            Set(
              {
                capabilities: 1,
                frontend: 1,
                output: 1,
                outputGeneration: 1,
                provider: 1,
                revision: 1,
                target: { incarnation: 2, lifetime: 1, session: 1 }
              },
              {
                capabilities: 1,
                frontend: 1,
                output: 1,
                outputGeneration: 1,
                provider: 1,
                revision: 1,
                target: { incarnation: 3, lifetime: 1, session: 1 }
              },
              {
                capabilities: 2,
                frontend: 2,
                output: 1,
                outputGeneration: 1,
                provider: 1,
                revision: 2,
                target: { incarnation: 1, lifetime: 1, session: 1 }
              }
            ),
          nextMenu: 6,
          nextOperation: 1,
          operations: [],
          retiredOutputs: Set(),
          view: Closed
        },
      beforeCount: 0,
      event: "receipt-rejected",
      intents: [],
      receiptBinding:
        {
          capabilities: 1,
          frontend: 1,
          output: 1,
          outputGeneration: 1,
          provider: 1,
          revision: 1,
          target: { incarnation: 1, lifetime: 1, session: 1 }
        },
      receiptId: 0,
      receiptOutcome: Pending
    },
  state:
    {
      exhausted: true,
      invalidated:
        Set(
          {
            capabilities: 1,
            frontend: 1,
            output: 1,
            outputGeneration: 1,
            provider: 1,
            revision: 1,
            target: { incarnation: 2, lifetime: 1, session: 1 }
          },
          {
            capabilities: 1,
            frontend: 1,
            output: 1,
            outputGeneration: 1,
            provider: 1,
            revision: 1,
            target: { incarnation: 3, lifetime: 1, session: 1 }
          },
          {
            capabilities: 2,
            frontend: 2,
            output: 1,
            outputGeneration: 1,
            provider: 1,
            revision: 2,
            target: { incarnation: 1, lifetime: 1, session: 1 }
          }
        ),
      nextMenu: 6,
      nextOperation: 1,
      operations: [],
      retiredOutputs: Set(),
      view: Closed
    }
}

[State 34]
{
  monitor:
    {
      before:
        {
          exhausted: true,
          invalidated:
            Set(
              {
                capabilities: 1,
                frontend: 1,
                output: 1,
                outputGeneration: 1,
                provider: 1,
                revision: 1,
                target: { incarnation: 2, lifetime: 1, session: 1 }
              },
              {
                capabilities: 1,
                frontend: 1,
                output: 1,
                outputGeneration: 1,
                provider: 1,
                revision: 1,
                target: { incarnation: 3, lifetime: 1, session: 1 }
              },
              {
                capabilities: 2,
                frontend: 2,
                output: 1,
                outputGeneration: 1,
                provider: 1,
                revision: 2,
                target: { incarnation: 1, lifetime: 1, session: 1 }
              }
            ),
          nextMenu: 6,
          nextOperation: 1,
          operations: [],
          retiredOutputs: Set(),
          view: Closed
        },
      beforeCount: 0,
      event: "open-rejected",
      intents: [],
      receiptBinding:
        {
          capabilities: 1,
          frontend: 1,
          output: 1,
          outputGeneration: 1,
          provider: 1,
          revision: 1,
          target: { incarnation: 1, lifetime: 1, session: 1 }
        },
      receiptId: 0,
      receiptOutcome: Pending
    },
  state:
    {
      exhausted: true,
      invalidated:
        Set(
          {
            capabilities: 1,
            frontend: 1,
            output: 1,
            outputGeneration: 1,
            provider: 1,
            revision: 1,
            target: { incarnation: 2, lifetime: 1, session: 1 }
          },
          {
            capabilities: 1,
            frontend: 1,
            output: 1,
            outputGeneration: 1,
            provider: 1,
            revision: 1,
            target: { incarnation: 3, lifetime: 1, session: 1 }
          },
          {
            capabilities: 2,
            frontend: 2,
            output: 1,
            outputGeneration: 1,
            provider: 1,
            revision: 2,
            target: { incarnation: 1, lifetime: 1, session: 1 }
          }
        ),
      nextMenu: 6,
      nextOperation: 1,
      operations: [],
      retiredOutputs: Set(),
      view: Closed
    }
}

[State 35]
{
  monitor:
    {
      before:
        {
          exhausted: true,
          invalidated:
            Set(
              {
                capabilities: 1,
                frontend: 1,
                output: 1,
                outputGeneration: 1,
                provider: 1,
                revision: 1,
                target: { incarnation: 2, lifetime: 1, session: 1 }
              },
              {
                capabilities: 1,
                frontend: 1,
                output: 1,
                outputGeneration: 1,
                provider: 1,
                revision: 1,
                target: { incarnation: 3, lifetime: 1, session: 1 }
              },
              {
                capabilities: 2,
                frontend: 2,
                output: 1,
                outputGeneration: 1,
                provider: 1,
                revision: 2,
                target: { incarnation: 1, lifetime: 1, session: 1 }
              }
            ),
          nextMenu: 6,
          nextOperation: 1,
          operations: [],
          retiredOutputs: Set(),
          view: Closed
        },
      beforeCount: 0,
      event: "open-rejected",
      intents: [],
      receiptBinding:
        {
          capabilities: 1,
          frontend: 1,
          output: 1,
          outputGeneration: 1,
          provider: 1,
          revision: 1,
          target: { incarnation: 1, lifetime: 1, session: 1 }
        },
      receiptId: 0,
      receiptOutcome: Pending
    },
  state:
    {
      exhausted: true,
      invalidated:
        Set(
          {
            capabilities: 1,
            frontend: 1,
            output: 1,
            outputGeneration: 1,
            provider: 1,
            revision: 1,
            target: { incarnation: 2, lifetime: 1, session: 1 }
          },
          {
            capabilities: 1,
            frontend: 1,
            output: 1,
            outputGeneration: 1,
            provider: 1,
            revision: 1,
            target: { incarnation: 3, lifetime: 1, session: 1 }
          },
          {
            capabilities: 2,
            frontend: 2,
            output: 1,
            outputGeneration: 1,
            provider: 1,
            revision: 2,
            target: { incarnation: 1, lifetime: 1, session: 1 }
          }
        ),
      nextMenu: 6,
      nextOperation: 1,
      operations: [],
      retiredOutputs: Set(),
      view: Closed
    }
}

[State 36]
{
  monitor:
    {
      before:
        {
          exhausted: true,
          invalidated:
            Set(
              {
                capabilities: 1,
                frontend: 1,
                output: 1,
                outputGeneration: 1,
                provider: 1,
                revision: 1,
                target: { incarnation: 2, lifetime: 1, session: 1 }
              },
              {
                capabilities: 1,
                frontend: 1,
                output: 1,
                outputGeneration: 1,
                provider: 1,
                revision: 1,
                target: { incarnation: 3, lifetime: 1, session: 1 }
              },
              {
                capabilities: 2,
                frontend: 2,
                output: 1,
                outputGeneration: 1,
                provider: 1,
                revision: 2,
                target: { incarnation: 1, lifetime: 1, session: 1 }
              }
            ),
          nextMenu: 6,
          nextOperation: 1,
          operations: [],
          retiredOutputs: Set(),
          view: Closed
        },
      beforeCount: 0,
      event: "open-rejected",
      intents: [],
      receiptBinding:
        {
          capabilities: 1,
          frontend: 1,
          output: 1,
          outputGeneration: 1,
          provider: 1,
          revision: 1,
          target: { incarnation: 1, lifetime: 1, session: 1 }
        },
      receiptId: 0,
      receiptOutcome: Pending
    },
  state:
    {
      exhausted: true,
      invalidated:
        Set(
          {
            capabilities: 1,
            frontend: 1,
            output: 1,
            outputGeneration: 1,
            provider: 1,
            revision: 1,
            target: { incarnation: 2, lifetime: 1, session: 1 }
          },
          {
            capabilities: 1,
            frontend: 1,
            output: 1,
            outputGeneration: 1,
            provider: 1,
            revision: 1,
            target: { incarnation: 3, lifetime: 1, session: 1 }
          },
          {
            capabilities: 2,
            frontend: 2,
            output: 1,
            outputGeneration: 1,
            provider: 1,
            revision: 2,
            target: { incarnation: 1, lifetime: 1, session: 1 }
          }
        ),
      nextMenu: 6,
      nextOperation: 1,
      operations: [],
      retiredOutputs: Set(),
      view: Closed
    }
}

[State 37]
{
  monitor:
    {
      before:
        {
          exhausted: true,
          invalidated:
            Set(
              {
                capabilities: 1,
                frontend: 1,
                output: 1,
                outputGeneration: 1,
                provider: 1,
                revision: 1,
                target: { incarnation: 2, lifetime: 1, session: 1 }
              },
              {
                capabilities: 1,
                frontend: 1,
                output: 1,
                outputGeneration: 1,
                provider: 1,
                revision: 1,
                target: { incarnation: 3, lifetime: 1, session: 1 }
              },
              {
                capabilities: 2,
                frontend: 2,
                output: 1,
                outputGeneration: 1,
                provider: 1,
                revision: 2,
                target: { incarnation: 1, lifetime: 1, session: 1 }
              }
            ),
          nextMenu: 6,
          nextOperation: 1,
          operations: [],
          retiredOutputs: Set(),
          view: Closed
        },
      beforeCount: 0,
      event: "receipt-rejected",
      intents: [],
      receiptBinding:
        {
          capabilities: 1,
          frontend: 1,
          output: 1,
          outputGeneration: 1,
          provider: 1,
          revision: 1,
          target: { incarnation: 1, lifetime: 1, session: 1 }
        },
      receiptId: 0,
      receiptOutcome: Pending
    },
  state:
    {
      exhausted: true,
      invalidated:
        Set(
          {
            capabilities: 1,
            frontend: 1,
            output: 1,
            outputGeneration: 1,
            provider: 1,
            revision: 1,
            target: { incarnation: 2, lifetime: 1, session: 1 }
          },
          {
            capabilities: 1,
            frontend: 1,
            output: 1,
            outputGeneration: 1,
            provider: 1,
            revision: 1,
            target: { incarnation: 3, lifetime: 1, session: 1 }
          },
          {
            capabilities: 2,
            frontend: 2,
            output: 1,
            outputGeneration: 1,
            provider: 1,
            revision: 2,
            target: { incarnation: 1, lifetime: 1, session: 1 }
          }
        ),
      nextMenu: 6,
      nextOperation: 1,
      operations: [],
      retiredOutputs: Set(),
      view: Closed
    }
}

[State 38]
{
  monitor:
    {
      before:
        {
          exhausted: true,
          invalidated:
            Set(
              {
                capabilities: 1,
                frontend: 1,
                output: 1,
                outputGeneration: 1,
                provider: 1,
                revision: 1,
                target: { incarnation: 2, lifetime: 1, session: 1 }
              },
              {
                capabilities: 1,
                frontend: 1,
                output: 1,
                outputGeneration: 1,
                provider: 1,
                revision: 1,
                target: { incarnation: 3, lifetime: 1, session: 1 }
              },
              {
                capabilities: 2,
                frontend: 2,
                output: 1,
                outputGeneration: 1,
                provider: 1,
                revision: 2,
                target: { incarnation: 1, lifetime: 1, session: 1 }
              }
            ),
          nextMenu: 6,
          nextOperation: 1,
          operations: [],
          retiredOutputs: Set(),
          view: Closed
        },
      beforeCount: 0,
      event: "activation-rejected",
      intents: [],
      receiptBinding:
        {
          capabilities: 1,
          frontend: 1,
          output: 1,
          outputGeneration: 1,
          provider: 1,
          revision: 1,
          target: { incarnation: 1, lifetime: 1, session: 1 }
        },
      receiptId: 0,
      receiptOutcome: Pending
    },
  state:
    {
      exhausted: true,
      invalidated:
        Set(
          {
            capabilities: 1,
            frontend: 1,
            output: 1,
            outputGeneration: 1,
            provider: 1,
            revision: 1,
            target: { incarnation: 2, lifetime: 1, session: 1 }
          },
          {
            capabilities: 1,
            frontend: 1,
            output: 1,
            outputGeneration: 1,
            provider: 1,
            revision: 1,
            target: { incarnation: 3, lifetime: 1, session: 1 }
          },
          {
            capabilities: 2,
            frontend: 2,
            output: 1,
            outputGeneration: 1,
            provider: 1,
            revision: 2,
            target: { incarnation: 1, lifetime: 1, session: 1 }
          }
        ),
      nextMenu: 6,
      nextOperation: 1,
      operations: [],
      retiredOutputs: Set(),
      view: Closed
    }
}

[State 39]
{
  monitor:
    {
      before:
        {
          exhausted: true,
          invalidated:
            Set(
              {
                capabilities: 1,
                frontend: 1,
                output: 1,
                outputGeneration: 1,
                provider: 1,
                revision: 1,
                target: { incarnation: 2, lifetime: 1, session: 1 }
              },
              {
                capabilities: 1,
                frontend: 1,
                output: 1,
                outputGeneration: 1,
                provider: 1,
                revision: 1,
                target: { incarnation: 3, lifetime: 1, session: 1 }
              },
              {
                capabilities: 2,
                frontend: 2,
                output: 1,
                outputGeneration: 1,
                provider: 1,
                revision: 2,
                target: { incarnation: 1, lifetime: 1, session: 1 }
              }
            ),
          nextMenu: 6,
          nextOperation: 1,
          operations: [],
          retiredOutputs: Set(),
          view: Closed
        },
      beforeCount: 0,
      event: "retire-duplicate",
      intents: [],
      receiptBinding:
        {
          capabilities: 1,
          frontend: 1,
          output: 1,
          outputGeneration: 1,
          provider: 1,
          revision: 1,
          target: { incarnation: 1, lifetime: 1, session: 1 }
        },
      receiptId: 0,
      receiptOutcome: Pending
    },
  state:
    {
      exhausted: true,
      invalidated:
        Set(
          {
            capabilities: 1,
            frontend: 1,
            output: 1,
            outputGeneration: 1,
            provider: 1,
            revision: 1,
            target: { incarnation: 2, lifetime: 1, session: 1 }
          },
          {
            capabilities: 1,
            frontend: 1,
            output: 1,
            outputGeneration: 1,
            provider: 1,
            revision: 1,
            target: { incarnation: 3, lifetime: 1, session: 1 }
          },
          {
            capabilities: 2,
            frontend: 2,
            output: 1,
            outputGeneration: 1,
            provider: 1,
            revision: 2,
            target: { incarnation: 1, lifetime: 1, session: 1 }
          }
        ),
      nextMenu: 6,
      nextOperation: 1,
      operations: [],
      retiredOutputs: Set(),
      view: Closed
    }
}

[State 40]
{
  monitor:
    {
      before:
        {
          exhausted: true,
          invalidated:
            Set(
              {
                capabilities: 1,
                frontend: 1,
                output: 1,
                outputGeneration: 1,
                provider: 1,
                revision: 1,
                target: { incarnation: 2, lifetime: 1, session: 1 }
              },
              {
                capabilities: 1,
                frontend: 1,
                output: 1,
                outputGeneration: 1,
                provider: 1,
                revision: 1,
                target: { incarnation: 3, lifetime: 1, session: 1 }
              },
              {
                capabilities: 2,
                frontend: 2,
                output: 1,
                outputGeneration: 1,
                provider: 1,
                revision: 2,
                target: { incarnation: 1, lifetime: 1, session: 1 }
              }
            ),
          nextMenu: 6,
          nextOperation: 1,
          operations: [],
          retiredOutputs: Set(),
          view: Closed
        },
      beforeCount: 0,
      event: "open-rejected",
      intents: [],
      receiptBinding:
        {
          capabilities: 1,
          frontend: 1,
          output: 1,
          outputGeneration: 1,
          provider: 1,
          revision: 1,
          target: { incarnation: 1, lifetime: 1, session: 1 }
        },
      receiptId: 0,
      receiptOutcome: Pending
    },
  state:
    {
      exhausted: true,
      invalidated:
        Set(
          {
            capabilities: 1,
            frontend: 1,
            output: 1,
            outputGeneration: 1,
            provider: 1,
            revision: 1,
            target: { incarnation: 2, lifetime: 1, session: 1 }
          },
          {
            capabilities: 1,
            frontend: 1,
            output: 1,
            outputGeneration: 1,
            provider: 1,
            revision: 1,
            target: { incarnation: 3, lifetime: 1, session: 1 }
          },
          {
            capabilities: 2,
            frontend: 2,
            output: 1,
            outputGeneration: 1,
            provider: 1,
            revision: 2,
            target: { incarnation: 1, lifetime: 1, session: 1 }
          }
        ),
      nextMenu: 6,
      nextOperation: 1,
      operations: [],
      retiredOutputs: Set(),
      view: Closed
    }
}

[ok] No violation found (4262ms at 235 traces/second).
Trace length statistics: max=41, min=41, average=41.00
You may increase --max-samples and --max-steps.
Use --verbosity to produce more (or less) output.
Witnesses:
opened was witnessed in 772 trace(s) out of 1000 explored (77.20%)
activated was witnessed in 218 trace(s) out of 1000 explored (21.80%)
received was witnessed in 218 trace(s) out of 1000 explored (21.80%)
rejectedReceipt was witnessed in 995 trace(s) out of 1000 explored (99.50%)
dismissed was witnessed in 299 trace(s) out of 1000 explored (29.90%)
navigated was witnessed in 515 trace(s) out of 1000 explored (51.50%)
capacityReached was witnessed in 6 trace(s) out of 1000 explored (0.60%)
capacityRefused was witnessed in 0 trace(s) out of 1000 explored (0.00%)
capacityFreed was witnessed in 6 trace(s) out of 1000 explored (0.60%)
retired was witnessed in 1000 trace(s) out of 1000 explored (100.00%)
duplicateRetired was witnessed in 997 trace(s) out of 1000 explored (99.70%)
exhaustedReached was witnessed in 991 trace(s) out of 1000 explored (99.10%)
exhaustedReceipt was witnessed in 45 trace(s) out of 1000 explored (4.50%)
unknownRebound was witnessed in 0 trace(s) out of 1000 explored (0.00%)
rejectedActivation was witnessed in 1000 trace(s) out of 1000 explored (100.00%)
