[08:29:41.569353] {Default Queue}  -> wl_display#1.get_registry(new id wl_registry#2)
[08:29:41.569380] {Default Queue}  -> wl_display#1.sync(new id wl_callback#3)
[08:29:41.569585] {Display Queue} wl_display#1.delete_id(3)
[08:29:41.569590] {Default Queue} wl_registry#2.global(1, "wl_seat", 9)
[08:29:41.569594] {Default Queue} wl_registry#2.global(2, "wl_data_device_manager", 3)
[08:29:41.569597] {Default Queue}  -> wl_registry#2.bind(2, "wl_data_device_manager", 3, new id [unknown]#4)
[08:29:41.569600] {Default Queue} wl_registry#2.global(3, "wl_compositor", 6)
[08:29:41.569602] {Default Queue}  -> wl_registry#2.bind(3, "wl_compositor", 3, new id [unknown]#5)
[08:29:41.569604] {Default Queue} wl_registry#2.global(4, "wl_subcompositor", 1)
[08:29:41.569606] {Default Queue}  -> wl_registry#2.bind(4, "wl_subcompositor", 1, new id [unknown]#6)
[08:29:41.569609] {Default Queue} wl_registry#2.global(5, "wl_shm", 2)
[08:29:41.569611] {Default Queue}  -> wl_registry#2.bind(5, "wl_shm", 1, new id [unknown]#7)
[08:29:41.569613] {Default Queue} wl_registry#2.global(6, "wp_viewporter", 1)
[08:29:41.569615] {Default Queue} wl_registry#2.global(7, "wp_tearing_control_manager_v1", 1)
[08:29:41.569617] {Default Queue} wl_registry#2.global(8, "wp_fractional_scale_manager_v1", 1)
[08:29:41.569631] {Default Queue} wl_registry#2.global(9, "zxdg_output_manager_v1", 3)
[08:29:41.569634] {Default Queue}  -> wl_registry#2.bind(9, "zxdg_output_manager_v1", 3, new id [unknown]#8)
[08:29:41.569637] {Default Queue}  -> wl_display#1.sync(new id wl_callback#9)
[08:29:41.569639] {Default Queue} wl_registry#2.global(10, "wp_cursor_shape_manager_v1", 2)
[08:29:41.569642] {Default Queue}  -> wl_registry#2.bind(10, "wp_cursor_shape_manager_v1", 1, new id [unknown]#10)
[08:29:41.569644] {Default Queue} wl_registry#2.global(11, "zwp_idle_inhibit_manager_v1", 1)
[08:29:41.569646] {Default Queue} wl_registry#2.global(12, "zwp_relative_pointer_manager_v1", 1)
[08:29:41.569648] {Default Queue} wl_registry#2.global(13, "zxdg_decoration_manager_v1", 2)
[08:29:41.569650] {Default Queue} wl_registry#2.global(14, "wp_alpha_modifier_v1", 1)
[08:29:41.569652] {Default Queue} wl_registry#2.global(15, "zwlr_gamma_control_manager_v1", 1)
[08:29:41.569654] {Default Queue} wl_registry#2.global(16, "ext_foreign_toplevel_list_v1", 1)
[08:29:41.569657] {Default Queue} wl_registry#2.global(17, "zwp_pointer_gestures_v1", 3)
[08:29:41.569659] {Default Queue}  -> wl_registry#2.bind(17, "zwp_pointer_gestures_v1", 1, new id [unknown]#11)
[08:29:41.569661] {Default Queue} wl_registry#2.global(18, "zwlr_foreign_toplevel_manager_v1", 3)
[08:29:41.569663] {Default Queue} wl_registry#2.global(19, "zwp_keyboard_shortcuts_inhibit_manager_v1", 1)
[08:29:41.569665] {Default Queue}  -> wl_registry#2.bind(19, "zwp_keyboard_shortcuts_inhibit_manager_v1", 1, new id [unknown]#12)
[08:29:41.569668] {Default Queue} wl_registry#2.global(20, "zwp_text_input_manager_v1", 1)
[08:29:41.569671] {Default Queue} wl_registry#2.global(21, "zwp_text_input_manager_v3", 1)
[08:29:41.569673] {Default Queue} wl_registry#2.global(22, "zwp_pointer_constraints_v1", 1)
[08:29:41.569675] {Default Queue} wl_registry#2.global(23, "zwlr_output_power_manager_v1", 1)
[08:29:41.569677] {Default Queue} wl_registry#2.global(24, "xdg_activation_v1", 1)
[08:29:41.569679] {Default Queue}  -> wl_registry#2.bind(24, "xdg_activation_v1", 1, new id [unknown]#13)
[08:29:41.569681] {Default Queue} wl_registry#2.global(25, "ext_idle_notifier_v1", 2)
[08:29:41.569683] {Default Queue} wl_registry#2.global(26, "hyprland_lock_notifier_v1", 1)
[08:29:41.569685] {Default Queue} wl_registry#2.global(27, "ext_session_lock_manager_v1", 1)
[08:29:41.569688] {Default Queue} wl_registry#2.global(28, "zwp_input_method_manager_v2", 1)
[08:29:41.569691] {Default Queue} wl_registry#2.global(29, "zwp_virtual_keyboard_manager_v1", 1)
[08:29:41.569694] {Default Queue} wl_registry#2.global(30, "zwlr_virtual_pointer_manager_v1", 2)
[08:29:41.569696] {Default Queue} wl_registry#2.global(31, "zwlr_output_manager_v1", 4)
[08:29:41.569699] {Default Queue} wl_registry#2.global(32, "org_kde_kwin_server_decoration_manager", 1)
[08:29:41.569705] {Default Queue}  -> wl_registry#2.bind(32, "org_kde_kwin_server_decoration_manager", 1, new id [unknown]#14)
[08:29:41.569709] {Default Queue} wl_registry#2.global(33, "hyprland_focus_grab_manager_v1", 1)
[08:29:41.569712] {Default Queue} wl_registry#2.global(34, "zwp_tablet_manager_v2", 1)
[08:29:41.569714] {Default Queue}  -> wl_registry#2.bind(34, "zwp_tablet_manager_v2", 1, new id [unknown]#15)
[08:29:41.569716] {Default Queue} wl_registry#2.global(35, "zwlr_layer_shell_v1", 5)
[08:29:41.569718] {Default Queue} wl_registry#2.global(36, "wp_presentation", 2)
[08:29:41.569720] {Default Queue} wl_registry#2.global(37, "xdg_wm_base", 7)
[08:29:41.569722] {Default Queue} wl_registry#2.global(38, "zwlr_data_control_manager_v1", 2)
[08:29:41.569724] {Default Queue} wl_registry#2.global(39, "zwp_primary_selection_device_manager_v1", 1)
[08:29:41.569727] {Default Queue}  -> wl_registry#2.bind(39, "zwp_primary_selection_device_manager_v1", 1, new id [unknown]#16)
[08:29:41.569729] {Default Queue} wl_registry#2.global(40, "xwayland_shell_v1", 1)
[08:29:41.569731] {Default Queue} wl_registry#2.global(41, "hyprland_toplevel_mapping_manager_v1", 1)
[08:29:41.569734] {Default Queue} wl_registry#2.global(42, "hyprland_global_shortcuts_manager_v1", 1)
[08:29:41.569737] {Default Queue} wl_registry#2.global(43, "xdg_wm_dialog_v1", 1)
[08:29:41.569739] {Default Queue} wl_registry#2.global(44, "wp_single_pixel_buffer_manager_v1", 1)
[08:29:41.569741] {Default Queue} wl_registry#2.global(45, "wp_security_context_manager_v1", 1)
[08:29:41.569743] {Default Queue} wl_registry#2.global(46, "hyprland_ctm_control_manager_v1", 2)
[08:29:41.569745] {Default Queue} wl_registry#2.global(47, "hyprland_input_capture_manager_v1", 1)
[08:29:41.569747] {Default Queue} wl_registry#2.global(48, "hyprland_surface_manager_v1", 2)
[08:29:41.569749] {Default Queue} wl_registry#2.global(49, "wp_content_type_manager_v1", 1)
[08:29:41.569751] {Default Queue} wl_registry#2.global(50, "xdg_toplevel_tag_manager_v1", 1)
[08:29:41.569753] {Default Queue} wl_registry#2.global(51, "xdg_system_bell_v1", 1)
[08:29:41.569755] {Default Queue} wl_registry#2.global(52, "vicinae_hotkey_manager_v1", 1)
[08:29:41.569758] {Default Queue} wl_registry#2.global(53, "ext_workspace_manager_v1", 1)
[08:29:41.569760] {Default Queue} wl_registry#2.global(54, "ext_data_control_manager_v1", 1)
[08:29:41.569762] {Default Queue} wl_registry#2.global(55, "wp_pointer_warp_v1", 1)
[08:29:41.569764] {Default Queue} wl_registry#2.global(56, "wp_fifo_manager_v1", 1)
[08:29:41.569767] {Default Queue} wl_registry#2.global(57, "zxdg_exporter_v2", 1)
[08:29:41.569769] {Default Queue}  -> wl_registry#2.bind(57, "zxdg_exporter_v2", 1, new id [unknown]#17)
[08:29:41.569771] {Default Queue} wl_registry#2.global(58, "zxdg_importer_v2", 1)
[08:29:41.569773] {Default Queue}  -> wl_registry#2.bind(58, "zxdg_importer_v2", 1, new id [unknown]#18)
[08:29:41.569776] {Default Queue} wl_registry#2.global(59, "ext_background_effect_manager_v1", 1)
[08:29:41.569778] {Default Queue} wl_registry#2.global(60, "wp_commit_timing_manager_v1", 1)
[08:29:41.569781] {Default Queue} wl_registry#2.global(61, "zwlr_screencopy_manager_v1", 3)
[08:29:41.569784] {Default Queue} wl_registry#2.global(62, "hyprland_toplevel_export_manager_v1", 2)
[08:29:41.569787] {Default Queue} wl_registry#2.global(63, "ext_output_image_capture_source_manager_v1", 1)
[08:29:41.569790] {Default Queue} wl_registry#2.global(64, "ext_foreign_toplevel_image_capture_source_manager_v1", 1)
[08:29:41.569792] {Default Queue} wl_registry#2.global(65, "ext_image_copy_capture_manager_v1", 1)
[08:29:41.569794] {Default Queue} wl_registry#2.global(66, "wp_color_manager_v1", 3)
[08:29:41.569797] {Default Queue} wl_registry#2.global(67, "wl_drm", 2)
[08:29:41.569799] {Default Queue} wl_registry#2.global(68, "zwp_linux_dmabuf_v1", 5)
[08:29:41.569802] {Default Queue} wl_registry#2.global(69, "wl_output", 4)
[08:29:41.569804] {Default Queue}  -> wl_registry#2.bind(69, "wl_output", 2, new id [unknown]#19)
[08:29:41.569827] {Default Queue}  -> zxdg_output_manager_v1#8.get_xdg_output(new id zxdg_output_v1#20, wl_output#19)
[08:29:41.569832] {Default Queue}  -> wl_display#1.sync(new id wl_callback#21)
[08:29:41.569834] {Default Queue} wl_callback#3.done(0)
[08:29:41.569858] {Default Queue}  -> wl_shm#7.create_pool(new id wl_shm_pool#3, fd 10, 2304)
[08:29:41.569932] {Default Queue}  -> wl_shm_pool#3.resize(6912)
[08:29:41.569973] {Default Queue}  -> wl_shm_pool#3.resize(16128)
[08:29:41.570048] {Default Queue}  -> wl_shm_pool#3.resize(34560)
[08:29:41.570190] {Default Queue}  -> wl_shm_pool#3.resize(71424)
[08:29:41.570453] {Default Queue}  -> wl_shm_pool#3.resize(145152)
[08:29:41.571442] {Default Queue}  -> wl_shm_pool#3.resize(292608)
[08:29:41.572556] {Default Queue}  -> wl_shm_pool#3.resize(587520)
[08:29:41.576841] {Default Queue}  -> wl_registry#2.bind(1, "wl_seat", 5, new id [unknown]#22)
[08:29:41.578297] {Default Queue}  -> wl_compositor#5.create_surface(new id wl_surface#23)
[08:29:41.578310] {Default Queue}  -> zwp_primary_selection_device_manager_v1#16.get_device(new id zwp_primary_selection_device_v1#24, wl_seat#22)
[08:29:41.578316] {Default Queue}  -> wl_data_device_manager#4.get_data_device(new id wl_data_device#25, wl_seat#22)
[08:29:41.578357] {Default Queue}  -> wl_compositor#5.create_surface(new id wl_surface#26)
[08:29:41.578360] {Default Queue}  -> zwp_tablet_manager_v2#15.get_tablet_seat(new id zwp_tablet_seat_v2#27, wl_seat#22)
[08:29:41.578364] {Default Queue}  -> wl_display#1.sync(new id wl_callback#28)
[08:29:41.578704] {Display Queue} wl_display#1.delete_id(9)
[08:29:41.578708] {Display Queue} wl_display#1.delete_id(21)
[08:29:41.578710] {Display Queue} wl_display#1.delete_id(28)
[08:29:41.578712] {Default Queue} wl_shm#7.format(0)
[08:29:41.578714] {Default Queue} wl_shm#7.format(1)
[08:29:41.578715] {Default Queue} wl_shm#7.format(875709016)
[08:29:41.578717] {Default Queue} wl_shm#7.format(875708993)
[08:29:41.578719] {Default Queue} wl_shm#7.format(808669784)
[08:29:41.578721] {Default Queue} wl_shm#7.format(808669761)
[08:29:41.578723] {Default Queue} wl_shm#7.format(808665688)
[08:29:41.578725] {Default Queue} wl_shm#7.format(808665665)
[08:29:41.578726] {Default Queue} wl_callback#9.done(0)
[08:29:41.578728] {Default Queue} org_kde_kwin_server_decoration_manager#14.default_mode(2)
[08:29:41.578731] {Default Queue} wl_output#19.scale(1)
[08:29:41.578734] {Default Queue} wl_output#19.mode(1, 800, 600, 60000)
[08:29:41.578737] {Default Queue} wl_output#19.geometry(0, 0, 0, 0, 1, "", "", 0)
[08:29:41.578741] {Default Queue} wl_output#19.done()
[08:29:41.578749] {Default Queue} zxdg_output_v1#20.name("WAYLAND-1")
[08:29:41.578751] {Default Queue} zxdg_output_v1#20.logical_position(0, 0)
[08:29:41.578754] {Default Queue} zxdg_output_v1#20.logical_size(800, 600)
[08:29:41.578756] {Default Queue} wl_output#19.done()
[08:29:41.578758] {Default Queue} wl_callback#21.done(0)
[08:29:41.578760] {Default Queue} wl_seat#22.name("Hyprland")
[08:29:41.578763] {Default Queue} wl_seat#22.capabilities(3)
[08:29:41.578765] {Default Queue}  -> wl_seat#22.get_pointer(new id wl_pointer#21)
[08:29:41.578770] {Default Queue}  -> zwp_pointer_gestures_v1#11.get_swipe_gesture(new id zwp_pointer_gesture_swipe_v1#9, wl_pointer#21)
[08:29:41.578774] {Default Queue}  -> zwp_pointer_gestures_v1#11.get_pinch_gesture(new id zwp_pointer_gesture_pinch_v1#29, wl_pointer#21)
[08:29:41.578777] {Default Queue}  -> wp_cursor_shape_manager_v1#10.get_pointer(new id wp_cursor_shape_device_v1#30, wl_pointer#21)
[08:29:41.578781] {Default Queue}  -> wl_seat#22.get_keyboard(new id wl_keyboard#31)
[08:29:41.578786] {Default Queue} wl_callback#28.done(0)
[08:29:41.578788] {Default Queue}  -> wl_registry#2.bind(37, "xdg_wm_base", 6, new id [unknown]#28)
[08:29:41.624119] {Default Queue}  -> wl_compositor#5.create_surface(new id wl_surface#32)
[08:29:41.624207] {Default Queue}  -> xdg_wm_base#28.get_xdg_surface(new id xdg_surface#33, wl_surface#32)
[08:29:41.624214] {Default Queue}  -> xdg_surface#33.get_toplevel(new id xdg_toplevel#34)
[08:29:41.624221] {Default Queue}  -> xdg_toplevel#34.set_parent(nil)
[08:29:41.624228] {Default Queue}  -> xdg_toplevel#34.set_title("ELM-PARENT-INPUT-PROBE")
[08:29:41.624231] {Default Queue}  -> xdg_toplevel#34.set_app_id("fixture.py")
[08:29:41.624234] {Default Queue}  -> wl_surface#32.commit()
[08:29:41.624237] {Default Queue}  -> org_kde_kwin_server_decoration_manager#14.create(new id org_kde_kwin_server_decoration#35, wl_surface#32)
[08:29:41.624242] {Default Queue}  -> org_kde_kwin_server_decoration#35.request_mode(2)
/home/hoskinson/omarchy-windows-parity/implementation/elm-parent-multioutput-diagnostic-v54/fixture.py:152: PyGIDeprecationWarning: GLib.unix_signal_add is deprecated; use GLibUnix.signal_add instead
  GLib.unix_signal_add(GLib.PRIORITY_DEFAULT, signal.SIGTERM, quit_)
[08:29:41.626255] {Default Queue} wl_keyboard#31.keymap(1, fd 11, 35572)
[08:29:41.627275] {Default Queue} wl_keyboard#31.repeat_info(25, 600)
[08:29:41.627284] {Default Queue} xdg_toplevel#34.wm_capabilities(array[8])
[08:29:41.627288] {Default Queue} org_kde_kwin_server_decoration#35.mode(2)
[08:29:41.627292] {Default Queue} org_kde_kwin_server_decoration#35.mode(2)
[08:29:41.627295] {Default Queue} xdg_toplevel#34.configure(800, 600, array[16])
[08:29:41.627298] {Default Queue} xdg_surface#33.configure(1)
[08:29:41.627305] {Default Queue}  -> wl_surface#32.set_buffer_scale(1)
[08:29:41.627314] {Default Queue}  -> xdg_surface#33.ack_configure(1)
[08:29:41.642874] {Default Queue}  -> wl_shm#7.create_pool(new id wl_shm_pool#36, fd 12, 1920000)
[08:29:41.642889] {Default Queue}  -> wl_shm_pool#36.create_buffer(new id wl_buffer#37, 0, 800, 600, 3200, 0)
[08:29:41.644625] {Default Queue}  -> wl_surface#32.attach(wl_buffer#37, 0, 0)
[08:29:41.644637] {Default Queue}  -> wl_surface#32.set_buffer_scale(1)
[08:29:41.644642] {Default Queue}  -> wl_surface#32.damage(0, 0, 800, 600)
[08:29:41.644646] {Default Queue}  -> xdg_toplevel#34.set_min_size(192, 38)
[08:29:41.644649] {Default Queue}  -> xdg_toplevel#34.set_max_size(0, 0)
[08:29:41.644652] {Default Queue}  -> xdg_surface#33.set_window_geometry(0, 0, 800, 600)
[08:29:41.644655] {Default Queue}  -> wl_compositor#5.create_region(new id wl_region#38)
[08:29:41.644658] {Default Queue}  -> wl_region#38.add(0, 0, 800, 600)
[08:29:41.644661] {Default Queue}  -> wl_surface#32.set_opaque_region(wl_region#38)
[08:29:41.644663] {Default Queue}  -> wl_region#38.destroy()
[08:29:41.644666] {Default Queue}  -> wl_surface#32.set_input_region(nil)
[08:29:41.644676] {Default Queue}  -> wl_surface#32.frame(new id wl_callback#39)
[08:29:41.644679] {Default Queue}  -> wl_surface#32.commit()
[08:29:41.646140] {Display Queue} wl_display#1.delete_id(38)
[08:29:41.646170] {Display Queue} wl_display#1.delete_id(39)
[08:29:41.646177] {Default Queue} wl_callback#39.done(70686288)
[08:29:41.646185] {Default Queue} wl_surface#32.enter(wl_output#19)
[08:29:41.646190] {Default Queue} wl_keyboard#31.enter(3, wl_surface#32, array[0])
[08:29:41.646198] {Default Queue} wl_keyboard#31.modifiers(4, 0, 0, 0, 0)
[08:29:41.646210] {Default Queue} wl_data_device#25.selection(nil)
[08:29:41.646217] {Default Queue} wl_buffer#37.release()
[08:29:41.646220] {Default Queue} xdg_toplevel#34.configure(758, 558, array[24])
[08:29:41.646224] {Default Queue} xdg_surface#33.configure(2)
[08:29:41.646229] {Default Queue}  -> wl_buffer#37.destroy()
[08:29:41.646232] {Default Queue}  -> wl_shm_pool#36.destroy()
[08:29:41.646283] {Default Queue}  -> wl_surface#32.set_buffer_scale(1)
[08:29:41.646292] {Default Queue}  -> xdg_surface#33.ack_configure(2)
[08:29:41.646791] {Default Queue}  -> wl_shm#7.create_pool(new id wl_shm_pool#39, fd 12, 1691856)
[08:29:41.646798] {Default Queue}  -> wl_shm_pool#39.create_buffer(new id wl_buffer#38, 0, 758, 558, 3032, 0)
[08:29:41.647884] {Default Queue}  -> wl_surface#32.attach(wl_buffer#38, 0, 0)
[08:29:41.647891] {Default Queue}  -> wl_surface#32.set_buffer_scale(1)
[08:29:41.647895] {Default Queue}  -> wl_surface#32.damage(0, 0, 758, 558)
[08:29:41.647898] {Default Queue}  -> xdg_toplevel#34.set_min_size(192, 38)
[08:29:41.647906] {Default Queue}  -> xdg_toplevel#34.set_max_size(0, 0)
[08:29:41.647917] {Default Queue}  -> xdg_surface#33.set_window_geometry(0, 0, 758, 558)
[08:29:41.647921] {Default Queue}  -> wl_compositor#5.create_region(new id wl_region#40)
[08:29:41.647924] {Default Queue}  -> wl_region#40.add(0, 0, 758, 558)
[08:29:41.647928] {Default Queue}  -> wl_surface#32.set_opaque_region(wl_region#40)
[08:29:41.647930] {Default Queue}  -> wl_region#40.destroy()
[08:29:41.647938] {Default Queue}  -> wl_surface#32.frame(new id wl_callback#41)
[08:29:41.647942] {Default Queue}  -> wl_surface#32.commit()
[08:29:41.647962] discarded [unknown]#37.[event 0](0 fd, 8 byte)
[08:29:41.647966] {Display Queue} wl_display#1.delete_id(37)
[08:29:41.647970] {Display Queue} wl_display#1.delete_id(36)
[08:29:41.649339] {Display Queue} wl_display#1.delete_id(40)
[08:29:41.649359] {Default Queue} wl_buffer#38.release()
[08:29:41.792657] {Display Queue} wl_display#1.delete_id(41)
[08:29:41.792690] {Default Queue} wl_callback#41.done(70686296)
[08:29:41.817323] {Default Queue} wl_pointer#21.enter(5, wl_surface#32, 379.00000000, 279.00000000)
[08:29:41.817348] {Default Queue} wl_pointer#21.frame()
[08:29:41.817397] {Default Queue}  -> wp_cursor_shape_device_v1#30.set_shape(5, 1)
[08:29:41.817405] {Default Queue} wl_pointer#21.motion(70686459, 379.00000000, 279.00000000)
[08:29:41.817410] {Default Queue} wl_pointer#21.frame()
[08:29:41.858013] {Default Queue} wl_registry#2.global(70, "wl_output", 4)
[08:29:41.858033] {Default Queue}  -> wl_registry#2.bind(70, "wl_output", 2, new id [unknown]#41)
[08:29:41.858050] {Default Queue}  -> zxdg_output_manager_v1#8.get_xdg_output(new id zxdg_output_v1#40, wl_output#41)
[08:29:41.858055] {Default Queue}  -> wl_display#1.sync(new id wl_callback#36)
[08:29:41.858061] {Default Queue} zxdg_output_v1#20.logical_position(0, 0)
[08:29:41.858065] {Default Queue} zxdg_output_v1#20.logical_size(800, 600)
[08:29:41.858069] {Default Queue} zxdg_output_v1#20.logical_position(0, 0)
[08:29:41.858072] {Default Queue} zxdg_output_v1#20.logical_size(800, 600)
[08:29:41.858076] {Default Queue} wl_output#19.done()
[08:29:41.858711] {Default Queue} wl_keyboard#31.modifiers(6, 0, 0, 0, 0)
[08:29:41.858727] {Default Queue} wl_pointer#21.frame()
[08:29:41.858759] {Display Queue} wl_display#1.delete_id(36)
[08:29:41.858764] {Default Queue} wl_output#41.scale(1)
[08:29:41.858768] {Default Queue} wl_output#41.mode(1, 800, 600, 60000)
[08:29:41.858773] {Default Queue} wl_output#41.geometry(1000, 100, 0, 0, 1, "", "", 0)
[08:29:41.858780] {Default Queue} wl_output#41.done()
[08:29:41.858789] {Default Queue} zxdg_output_v1#40.name("WAYLAND-2")
[08:29:41.858794] {Default Queue} zxdg_output_v1#40.logical_position(1000, 100)
[08:29:41.858798] {Default Queue} zxdg_output_v1#40.logical_size(800, 600)
[08:29:41.858801] {Default Queue} wl_output#41.done()
[08:29:41.858805] {Default Queue} wl_callback#36.done(6)
[08:29:41.870491] {Default Queue} wl_pointer#21.leave(7, wl_surface#32)
[08:29:41.870515] {Default Queue}  -> wp_cursor_shape_device_v1#30.set_shape(5, 1)
[08:29:41.870522] {Default Queue} wl_pointer#21.frame()
[08:29:41.915346] {Default Queue} xdg_wm_base#28.ping(1337)
[08:29:41.915375] {Default Queue}  -> xdg_wm_base#28.pong(1337)
[08:29:42.143596] {Default Queue} wl_keyboard#31.modifiers(11, 0, 0, 0, 0)
[08:29:42.143636] {Default Queue} wl_keyboard#31.leave(12, wl_surface#32)
[08:29:42.143649] {Default Queue} xdg_toplevel#34.configure(758, 558, array[20])
[08:29:42.143655] {Default Queue} xdg_surface#33.configure(10)
[08:29:42.143667] {Default Queue}  -> xdg_surface#33.ack_configure(10)
[08:29:42.144484] {Default Queue}  -> wl_surface#32.attach(wl_buffer#38, 0, 0)
[08:29:42.144491] {Default Queue}  -> wl_surface#32.set_buffer_scale(1)
[08:29:42.144495] {Default Queue}  -> wl_surface#32.damage(0, 0, 758, 558)
[08:29:42.144499] {Default Queue}  -> xdg_toplevel#34.set_min_size(192, 38)
[08:29:42.144501] {Default Queue}  -> xdg_toplevel#34.set_max_size(0, 0)
[08:29:42.144504] {Default Queue}  -> xdg_surface#33.set_window_geometry(0, 0, 758, 558)
[08:29:42.144527] {Default Queue}  -> wl_surface#32.frame(new id wl_callback#36)
[08:29:42.144536] {Default Queue}  -> wl_surface#32.commit()
[08:29:42.145085] {Default Queue} wl_buffer#38.release()
[08:29:43.415377] {Default Queue} xdg_wm_base#28.ping(1337)
[08:29:43.415401] {Default Queue}  -> xdg_wm_base#28.pong(1337)
[08:29:43.690050] {Default Queue} wl_output#41.scale(2)
[08:29:43.690076] {Default Queue} wl_output#41.mode(1, 800, 600, 60000)
[08:29:43.690082] {Default Queue} wl_output#41.geometry(1000, 100, 0, 0, 1, "", "", 0)
[08:29:43.690090] {Default Queue} wl_output#41.done()
[08:29:43.690106] {Default Queue} zxdg_output_v1#20.logical_position(0, 0)
[08:29:43.690110] {Default Queue} zxdg_output_v1#20.logical_size(800, 600)
[08:29:43.690112] {Default Queue} zxdg_output_v1#40.logical_position(1000, 100)
[08:29:43.690115] {Default Queue} zxdg_output_v1#40.logical_size(400, 300)
[08:29:43.690117] {Default Queue} zxdg_output_v1#20.logical_position(0, 0)
[08:29:43.690120] {Default Queue} zxdg_output_v1#20.logical_size(800, 600)
[08:29:43.690123] {Default Queue} zxdg_output_v1#40.logical_position(1000, 100)
[08:29:43.690126] {Default Queue} zxdg_output_v1#40.logical_size(400, 300)
[08:29:43.690128] {Default Queue} zxdg_output_v1#20.logical_position(0, 0)
[08:29:43.690131] {Default Queue} zxdg_output_v1#20.logical_size(800, 600)
[08:29:43.690134] {Default Queue} zxdg_output_v1#40.logical_position(1000, 100)
[08:29:43.690138] {Default Queue} zxdg_output_v1#40.logical_size(400, 300)
[08:29:43.690141] {Default Queue} wl_output#19.done()
[08:29:43.690145] {Default Queue} wl_output#41.done()
[08:29:44.618368] {Default Queue} wl_output#41.scale(2)
[08:29:44.618390] {Default Queue} wl_output#41.mode(1, 960, 640, 60000)
[08:29:44.618395] {Default Queue} wl_output#41.geometry(1000, 100, 0, 0, 1, "", "", 0)
[08:29:44.618404] {Default Queue} wl_output#41.done()
[08:29:44.618418] {Default Queue} zxdg_output_v1#20.logical_position(0, 0)
[08:29:44.618422] {Default Queue} zxdg_output_v1#20.logical_size(800, 600)
[08:29:44.618424] {Default Queue} zxdg_output_v1#40.logical_position(1200, 200)
[08:29:44.618426] {Default Queue} zxdg_output_v1#40.logical_size(480, 320)
[08:29:44.618429] {Default Queue} zxdg_output_v1#20.logical_position(0, 0)
[08:29:44.618431] {Default Queue} zxdg_output_v1#20.logical_size(800, 600)
[08:29:44.618433] {Default Queue} zxdg_output_v1#40.logical_position(1200, 200)
[08:29:44.618436] {Default Queue} zxdg_output_v1#40.logical_size(480, 320)
[08:29:44.618438] {Default Queue} zxdg_output_v1#20.logical_position(0, 0)
[08:29:44.618441] {Default Queue} zxdg_output_v1#20.logical_size(800, 600)
[08:29:44.618443] {Default Queue} zxdg_output_v1#40.logical_position(1200, 200)
[08:29:44.618445] {Default Queue} zxdg_output_v1#40.logical_size(480, 320)
[08:29:44.618447] {Default Queue} wl_output#19.done()
[08:29:44.618451] {Default Queue} wl_output#41.done()
[08:29:44.915384] {Default Queue} xdg_wm_base#28.ping(1337)
[08:29:44.915411] {Default Queue}  -> xdg_wm_base#28.pong(1337)
[08:29:46.415671] {Default Queue} xdg_wm_base#28.ping(1337)
[08:29:46.415688] {Default Queue}  -> xdg_wm_base#28.pong(1337)
[08:29:47.915753] {Default Queue} xdg_wm_base#28.ping(1337)
[08:29:47.915778] {Default Queue}  -> xdg_wm_base#28.pong(1337)
[08:29:49.415846] {Default Queue} xdg_wm_base#28.ping(1337)
[08:29:49.415878] {Default Queue}  -> xdg_wm_base#28.pong(1337)
[08:29:50.915731] {Default Queue} xdg_wm_base#28.ping(1337)
[08:29:50.915768] {Default Queue}  -> xdg_wm_base#28.pong(1337)
[08:29:52.416284] {Default Queue} xdg_wm_base#28.ping(1337)
[08:29:52.416334] {Default Queue}  -> xdg_wm_base#28.pong(1337)
[08:29:53.916229] {Default Queue} xdg_wm_base#28.ping(1337)
[08:29:53.916270] {Default Queue}  -> xdg_wm_base#28.pong(1337)
[08:29:55.416195] {Default Queue} xdg_wm_base#28.ping(1337)
[08:29:55.416209] {Default Queue}  -> xdg_wm_base#28.pong(1337)
[08:29:56.916366] {Default Queue} xdg_wm_base#28.ping(1337)
[08:29:56.916407] {Default Queue}  -> xdg_wm_base#28.pong(1337)
[08:29:57.390209] {Default Queue}  -> xdg_toplevel#34.destroy()
[08:29:57.390222] {Default Queue}  -> xdg_surface#33.destroy()
[08:29:57.390227] {Default Queue}  -> org_kde_kwin_server_decoration#35.release()
[08:29:57.390230] {Default Queue}  -> wl_surface#32.destroy()
[08:29:57.390236] {Default Queue}  -> wl_buffer#38.destroy()
[08:29:57.390238] {Default Queue}  -> wl_shm_pool#39.destroy()
