	linux-vdso.so.1 (0x00007fb2b5275000)
	libxcb-icccm.so.4 => /usr/lib/libxcb-icccm.so.4 (0x00007fb2b5240000)
	libxcb-composite.so.0 => /usr/lib/libxcb-composite.so.0 (0x00007fb2b523b000)
	libxcb-xfixes.so.0 => /usr/lib/libxcb-xfixes.so.0 (0x00007fb2b5232000)
	libxcb-render.so.0 => /usr/lib/libxcb-render.so.0 (0x00007fb2b5223000)
	libxcb-res.so.0 => /usr/lib/libxcb-res.so.0 (0x00007fb2b521b000)
	libxcb-errors.so.0 => /usr/lib/libxcb-errors.so.0 (0x00007fb2b5211000)
	libxcb.so.1 => /usr/lib/libxcb.so.1 (0x00007fb2b51e6000)
	libaquamarine.so.14 => /usr/lib/libaquamarine.so.14 (0x00007fb2b40a9000)
	libhyprlang.so.2 => /usr/lib/libhyprlang.so.2 (0x00007fb2b51a1000)
	libhyprutils.so.13 => /usr/lib/libhyprutils.so.13 (0x00007fb2b4030000)
	libhyprcursor.so.0 => /usr/lib/libhyprcursor.so.0 (0x00007fb2b3fcf000)
	libhyprgraphics.so.4 => /usr/lib/libhyprgraphics.so.4 (0x00007fb2b3f99000)
	libxkbcommon.so.0 => /usr/lib/libxkbcommon.so.0 (0x00007fb2b3f3a000)
	libuuid.so.1 => /usr/lib/libuuid.so.1 (0x00007fb2b3f30000)
	libwayland-server.so.0 => /usr/lib/libwayland-server.so.0 (0x00007fb2b3f1b000)
	libpangocairo-1.0.so.0 => /usr/lib/libpangocairo-1.0.so.0 (0x00007fb2b3f09000)
	libpango-1.0.so.0 => /usr/lib/libpango-1.0.so.0 (0x00007fb2b3e9a000)
	libcairo.so.2 => /usr/lib/libcairo.so.2 (0x00007fb2b3d5d000)
	libharfbuzz.so.0 => /usr/lib/libharfbuzz.so.0 (0x00007fb2b3c1e000)
	libpixman-1.so.0 => /usr/lib/libpixman-1.so.0 (0x00007fb2b3b6f000)
	libXcursor.so.1 => /usr/lib/libXcursor.so.1 (0x00007fb2b3b62000)
	libdrm.so.2 => /usr/lib/libdrm.so.2 (0x00007fb2b3b4b000)
	libinput.so.10 => /usr/lib/libinput.so.10 (0x00007fb2b3ada000)
	libeis.so.1 => /usr/lib/libeis.so.1 (0x00007fb2b3ab9000)
	libgbm.so.1 => /usr/lib/libgbm.so.1 (0x00007fb2b3ab3000)
	libgio-2.0.so.0 => /usr/lib/libgio-2.0.so.0 (0x00007fb2b38d4000)
	libgobject-2.0.so.0 => /usr/lib/libgobject-2.0.so.0 (0x00007fb2b3871000)
	libglib-2.0.so.0 => /usr/lib/libglib-2.0.so.0 (0x00007fb2b370e000)
	libre2.so.11 => /usr/lib/libre2.so.11 (0x00007fb2b3681000)
	libabsl_log_internal_check_op.so.2608.0.0 => /usr/lib/libabsl_log_internal_check_op.so.2608.0.0 (0x00007fb2b3678000)
	libabsl_leak_check.so.2608.0.0 => /usr/lib/libabsl_leak_check.so.2608.0.0 (0x00007fb2b3673000)
	libabsl_log_internal_conditions.so.2608.0.0 => /usr/lib/libabsl_log_internal_conditions.so.2608.0.0 (0x00007fb2b366e000)
	libabsl_log_internal_message.so.2608.0.0 => /usr/lib/libabsl_log_internal_message.so.2608.0.0 (0x00007fb2b365f000)
	libabsl_examine_stack.so.2608.0.0 => /usr/lib/libabsl_examine_stack.so.2608.0.0 (0x00007fb2b3658000)
	libabsl_log_internal_format.so.2608.0.0 => /usr/lib/libabsl_log_internal_format.so.2608.0.0 (0x00007fb2b3653000)
	libabsl_log_internal_nullguard.so.2608.0.0 => /usr/lib/libabsl_log_internal_nullguard.so.2608.0.0 (0x00007fb2b364e000)
	libabsl_log_internal_structured_proto.so.2608.0.0 => /usr/lib/libabsl_log_internal_structured_proto.so.2608.0.0 (0x00007fb2b3649000)
	libabsl_log_internal_log_sink_set.so.2608.0.0 => /usr/lib/libabsl_log_internal_log_sink_set.so.2608.0.0 (0x00007fb2b3643000)
	libabsl_log_internal_globals.so.2608.0.0 => /usr/lib/libabsl_log_internal_globals.so.2608.0.0 (0x00007fb2b363c000)
	libabsl_log_globals.so.2608.0.0 => /usr/lib/libabsl_log_globals.so.2608.0.0 (0x00007fb2b3636000)
	libabsl_log_sink.so.2608.0.0 => /usr/lib/libabsl_log_sink.so.2608.0.0 (0x00007fb2b3631000)
	libabsl_log_entry.so.2608.0.0 => /usr/lib/libabsl_log_entry.so.2608.0.0 (0x00007fb2b362b000)
	libabsl_log_internal_proto.so.2608.0.0 => /usr/lib/libabsl_log_internal_proto.so.2608.0.0 (0x00007fb2b3626000)
	libabsl_strerror.so.2608.0.0 => /usr/lib/libabsl_strerror.so.2608.0.0 (0x00007fb2b361f000)
	libabsl_vlog_config_internal.so.2608.0.0 => /usr/lib/libabsl_vlog_config_internal.so.2608.0.0 (0x00007fb2b3616000)
	libabsl_log_internal_fnmatch.so.2608.0.0 => /usr/lib/libabsl_log_internal_fnmatch.so.2608.0.0 (0x00007fb2b3611000)
	libabsl_flags_internal.so.2608.0.0 => /usr/lib/libabsl_flags_internal.so.2608.0.0 (0x00007fb2b3606000)
	libabsl_flags_marshalling.so.2608.0.0 => /usr/lib/libabsl_flags_marshalling.so.2608.0.0 (0x00007fb2b35fa000)
	libabsl_flags_reflection.so.2608.0.0 => /usr/lib/libabsl_flags_reflection.so.2608.0.0 (0x00007fb2b35ee000)
	libabsl_flags_private_handle_accessor.so.2608.0.0 => /usr/lib/libabsl_flags_private_handle_accessor.so.2608.0.0 (0x00007fb2b35e7000)
	libabsl_flags_commandlineflag.so.2608.0.0 => /usr/lib/libabsl_flags_commandlineflag.so.2608.0.0 (0x00007fb2b35e2000)
	libabsl_flags_commandlineflag_internal.so.2608.0.0 => /usr/lib/libabsl_flags_commandlineflag_internal.so.2608.0.0 (0x00007fb2b35dd000)
	libabsl_flags_config.so.2608.0.0 => /usr/lib/libabsl_flags_config.so.2608.0.0 (0x00007fb2b35d6000)
	libabsl_flags_program_name.so.2608.0.0 => /usr/lib/libabsl_flags_program_name.so.2608.0.0 (0x00007fb2b35d1000)
	libabsl_raw_hash_set.so.2608.0.0 => /usr/lib/libabsl_raw_hash_set.so.2608.0.0 (0x00007fb2b35c4000)
	libabsl_cord.so.2608.0.0 => /usr/lib/libabsl_cord.so.2608.0.0 (0x00007fb2b35ab000)
	libabsl_cordz_info.so.2608.0.0 => /usr/lib/libabsl_cordz_info.so.2608.0.0 (0x00007fb2b35a4000)
	libabsl_cord_internal.so.2608.0.0 => /usr/lib/libabsl_cord_internal.so.2608.0.0 (0x00007fb2b3595000)
	libabsl_cordz_functions.so.2608.0.0 => /usr/lib/libabsl_cordz_functions.so.2608.0.0 (0x00007fb2b3590000)
	libabsl_cordz_handle.so.2608.0.0 => /usr/lib/libabsl_cordz_handle.so.2608.0.0 (0x00007fb2b3589000)
	libabsl_crc_cord_state.so.2608.0.0 => /usr/lib/libabsl_crc_cord_state.so.2608.0.0 (0x00007fb2b3582000)
	libabsl_crc32c.so.2608.0.0 => /usr/lib/libabsl_crc32c.so.2608.0.0 (0x00007fb2b357c000)
	libabsl_crc_internal.so.2608.0.0 => /usr/lib/libabsl_crc_internal.so.2608.0.0 (0x00007fb2b3576000)
	libabsl_base_cpu_detect.so.2608.0.0 => /usr/lib/libabsl_base_cpu_detect.so.2608.0.0 (0x00007fb2b3571000)
	libabsl_hashtablez_sampler.so.2608.0.0 => /usr/lib/libabsl_hashtablez_sampler.so.2608.0.0 (0x00007fb2b356b000)
	libabsl_exponential_biased.so.2608.0.0 => /usr/lib/libabsl_exponential_biased.so.2608.0.0 (0x00007fb2b3564000)
	libabsl_hash.so.2608.0.0 => /usr/lib/libabsl_hash.so.2608.0.0 (0x00007fb2b355f000)
	libabsl_city.so.2608.0.0 => /usr/lib/libabsl_city.so.2608.0.0 (0x00007fb2b355a000)
	libabsl_str_format_internal.so.2608.0.0 => /usr/lib/libabsl_str_format_internal.so.2608.0.0 (0x00007fb2b353b000)
	libabsl_synchronization.so.2608.0.0 => /usr/lib/libabsl_synchronization.so.2608.0.0 (0x00007fb2b3529000)
	libabsl_graphcycles_internal.so.2608.0.0 => /usr/lib/libabsl_graphcycles_internal.so.2608.0.0 (0x00007fb2b351e000)
	libabsl_kernel_timeout_internal.so.2608.0.0 => /usr/lib/libabsl_kernel_timeout_internal.so.2608.0.0 (0x00007fb2b3519000)
	libabsl_stacktrace.so.2608.0.0 => /usr/lib/libabsl_stacktrace.so.2608.0.0 (0x00007fb2b3514000)
	libabsl_symbolize.so.2608.0.0 => /usr/lib/libabsl_symbolize.so.2608.0.0 (0x00007fb2b350c000)
	libabsl_debugging_internal.so.2608.0.0 => /usr/lib/libabsl_debugging_internal.so.2608.0.0 (0x00007fb2b3505000)
	libabsl_demangle_internal.so.2608.0.0 => /usr/lib/libabsl_demangle_internal.so.2608.0.0 (0x00007fb2b34f6000)
	libabsl_demangle_rust.so.2608.0.0 => /usr/lib/libabsl_demangle_rust.so.2608.0.0 (0x00007fb2b34ef000)
	libabsl_decode_rust_punycode.so.2608.0.0 => /usr/lib/libabsl_decode_rust_punycode.so.2608.0.0 (0x00007fb2b34ea000)
	libabsl_utf8_for_code_point.so.2608.0.0 => /usr/lib/libabsl_utf8_for_code_point.so.2608.0.0 (0x00007fb2b34e5000)
	libabsl_malloc_internal.so.2608.0.0 => /usr/lib/libabsl_malloc_internal.so.2608.0.0 (0x00007fb2b34de000)
	libabsl_time.so.2608.0.0 => /usr/lib/libabsl_time.so.2608.0.0 (0x00007fb2b34c8000)
	libabsl_civil_time.so.2608.0.0 => /usr/lib/libabsl_civil_time.so.2608.0.0 (0x00007fb2b34c0000)
	libabsl_strings.so.2608.0.0 => /usr/lib/libabsl_strings.so.2608.0.0 (0x00007fb2b349a000)
	libabsl_strings_internal.so.2608.0.0 => /usr/lib/libabsl_strings_internal.so.2608.0.0 (0x00007fb2b3494000)
	libabsl_hardening.so.2608.0.0 => /usr/lib/libabsl_hardening.so.2608.0.0 (0x00007fb2b348f000)
	libabsl_int128.so.2608.0.0 => /usr/lib/libabsl_int128.so.2608.0.0 (0x00007fb2b3486000)
	libabsl_source_location.so.2608.0.0 => /usr/lib/libabsl_source_location.so.2608.0.0 (0x00007fb2b3481000)
	libabsl_throw_delegate.so.2608.0.0 => /usr/lib/libabsl_throw_delegate.so.2608.0.0 (0x00007fb2b347b000)
	libabsl_time_zone.so.2608.0.0 => /usr/lib/libabsl_time_zone.so.2608.0.0 (0x00007fb2b3460000)
	libabsl_tracing_internal.so.2608.0.0 => /usr/lib/libabsl_tracing_internal.so.2608.0.0 (0x00007fb2b345b000)
	libabsl_base.so.2608.0.0 => /usr/lib/libabsl_base.so.2608.0.0 (0x00007fb2b3455000)
	libabsl_raw_logging_internal.so.2608.0.0 => /usr/lib/libabsl_raw_logging_internal.so.2608.0.0 (0x00007fb2b344e000)
	libabsl_log_severity.so.2608.0.0 => /usr/lib/libabsl_log_severity.so.2608.0.0 (0x00007fb2b3449000)
	libabsl_spinlock_wait.so.2608.0.0 => /usr/lib/libabsl_spinlock_wait.so.2608.0.0 (0x00007fb2b3444000)
	libmuparser.so.2 => /usr/lib/libmuparser.so.2 (0x00007fb2b33bf000)
	liblcms2.so.2 => /usr/lib/liblcms2.so.2 (0x00007fb2b3353000)
	liblua.so.5.5 => /usr/lib/liblua.so.5.5 (0x00007fb2b3309000)
	libEGL.so.1 => /usr/lib/libEGL.so.1 (0x00007fb2b32f5000)
	libGLESv2.so.2 => /usr/lib/libGLESv2.so.2 (0x00007fb2b32e5000)
	libGLX.so.0 => /usr/lib/libGLX.so.0 (0x00007fb2b32b4000)
	libOpenGL.so.0 => /usr/lib/libOpenGL.so.0 (0x00007fb2b3290000)
	libglslang-default-resource-limits.so.16 => /usr/lib/libglslang-default-resource-limits.so.16 (0x00007fb2b3286000)
	libSPIRV.so.16 => /usr/lib/libSPIRV.so.16 (0x00007fb2b3281000)
	libglslang.so.16 => /usr/lib/libglslang.so.16 (0x00007fb2b2600000)
	libSPIRV-Tools-opt.so => /usr/lib/libSPIRV-Tools-opt.so (0x00007fb2b2200000)
	libSPIRV-Tools.so => /usr/lib/libSPIRV-Tools.so (0x00007fb2b2024000)
	libstdc++.so.6 => /usr/lib/libstdc++.so.6 (0x00007fb2b1c00000)
	libm.so.6 => /usr/lib/libm.so.6 (0x00007fb2b3148000)
	libgcc_s.so.1 => /usr/lib/libgcc_s.so.1 (0x00007fb2b311b000)
	libc.so.6 => /usr/lib/libc.so.6 (0x00007fb2b1800000)
	libXau.so.6 => /usr/lib/libXau.so.6 (0x00007fb2b3114000)
	libXdmcp.so.6 => /usr/lib/libXdmcp.so.6 (0x00007fb2b310c000)
	libseat.so.1 => /usr/lib/libseat.so.1 (0x00007fb2b3101000)
	libwayland-client.so.0 => /usr/lib/libwayland-client.so.0 (0x00007fb2b30f1000)
	libudev.so.1 => /usr/lib/libudev.so.1 (0x00007fb2b25b0000)
	libdisplay-info.so.3 => /usr/lib/libdisplay-info.so.3 (0x00007fb2b2577000)
	libzip.so.5 => /usr/lib/libzip.so.5 (0x00007fb2b30cf000)
	librsvg-2.so.2 => /usr/lib/librsvg-2.so.2 (0x00007fb2b1200000)
	libtomlplusplus.so.3 => /usr/lib/libtomlplusplus.so.3 (0x00007fb2b253d000)
	libjpeg.so.8 => /usr/lib/libjpeg.so.8 (0x00007fb2b2495000)
	libwebp.so.7 => /usr/lib/libwebp.so.7 (0x00007fb2b1f9d000)
	libmagic.so.1 => /usr/lib/libmagic.so.1 (0x00007fb2b1f6e000)
	libpng16.so.16 => /usr/lib/libpng16.so.16 (0x00007fb2b1f31000)
	libjxl.so.0.12 => /usr/lib/libjxl.so.0.12 (0x00007fb2b0c00000)
	libjxl_threads.so.0.12 => /usr/lib/libjxl_threads.so.0.12 (0x00007fb2b30c7000)
	/lib64/ld-linux-x86-64.so.2 => /usr/lib64/ld-linux-x86-64.so.2 (0x00007fb2b5277000)
	libffi.so.8 => /usr/lib/libffi.so.8 (0x00007fb2b2487000)
	libpangoft2-1.0.so.0 => /usr/lib/libpangoft2-1.0.so.0 (0x00007fb2b1f12000)
	libfontconfig.so.1 => /usr/lib/libfontconfig.so.1 (0x00007fb2b1b85000)
	libfribidi.so.0 => /usr/lib/libfribidi.so.0 (0x00007fb2b1ef2000)
	libthai.so.0 => /usr/lib/libthai.so.0 (0x00007fb2b247c000)
	libz.so.1 => /usr/lib/libz.so.1 (0x00007fb2b1ed7000)
	libfreetype.so.6 => /usr/lib/libfreetype.so.6 (0x00007fb2b1ab5000)
	libX11.so.6 => /usr/lib/libX11.so.6 (0x00007fb2b16be000)
	libXext.so.6 => /usr/lib/libXext.so.6 (0x00007fb2b1aa1000)
	libXrender.so.1 => /usr/lib/libXrender.so.1 (0x00007fb2b1a95000)
	libxcb-shm.so.0 => /usr/lib/libxcb-shm.so.0 (0x00007fb2b30be000)
	libgraphite2.so.3 => /usr/lib/libgraphite2.so.3 (0x00007fb2b1a72000)
	libXfixes.so.3 => /usr/lib/libXfixes.so.3 (0x00007fb2b1a6a000)
	libmtdev.so.1 => /usr/lib/libmtdev.so.1 (0x00007fb2b1a63000)
	libevdev.so.2 => /usr/lib/libevdev.so.2 (0x00007fb2b1a4d000)
	libwacom.so.9 => /usr/lib/libwacom.so.9 (0x00007fb2b1a3a000)
	liblua5.4.so.5.4 => /usr/lib/liblua5.4.so.5.4 (0x00007fb2b11ba000)
	libexpat.so.1 => /usr/lib/libexpat.so.1 (0x00007fb2b1690000)
	libgmodule-2.0.so.0 => /usr/lib/libgmodule-2.0.so.0 (0x00007fb2b1a33000)
	libmount.so.1 => /usr/lib/libmount.so.1 (0x00007fb2b115d000)
	libpcre2-8.so.0 => /usr/lib/libpcre2-8.so.0 (0x00007fb2b10aa000)
	libgomp.so.1 => /usr/lib/libgomp.so.1 (0x00007fb2b1050000)
	libGLdispatch.so.0 => /usr/lib/libGLdispatch.so.0 (0x00007fb2b0b87000)
	libsystemd.so.0 => /usr/lib/libsystemd.so.0 (0x00007fb2b0a3f000)
	libbz2.so.1.0 => /usr/lib/libbz2.so.1.0 (0x00007fb2b103d000)
	liblzma.so.5 => /usr/lib/liblzma.so.5 (0x00007fb2b0a0a000)
	libzstd.so.1 => /usr/lib/libzstd.so.1 (0x00007fb2b0924000)
	libcrypto.so.3 => /usr/lib/libcrypto.so.3 (0x00007fb2b0200000)
	libgdk_pixbuf-2.0.so.0 => /usr/lib/libgdk_pixbuf-2.0.so.0 (0x00007fb2b08ea000)
	libdav1d.so.7 => /usr/lib/libdav1d.so.7 (0x00007fb2b001f000)
	libxml2.so.16 => /usr/lib/libxml2.so.16 (0x00007fb2afeda000)
	libsharpyuv.so.0 => /usr/lib/libsharpyuv.so.0 (0x00007fb2b1a24000)
	libjxl_cms.so.0.12 => /usr/lib/libjxl_cms.so.0.12 (0x00007fb2b08c1000)
	libhwy.so.1 => /usr/lib/libhwy.so.1 (0x00007fb2b08b2000)
	libbrotlidec.so.1 => /usr/lib/libbrotlidec.so.1 (0x00007fb2b08a3000)
	libbrotlienc.so.1 => /usr/lib/libbrotlienc.so.1 (0x00007fb2b07e3000)
	libdatrie.so.1 => /usr/lib/libdatrie.so.1 (0x00007fb2b07da000)
	libgudev-1.0.so.0 => /usr/lib/libgudev-1.0.so.0 (0x00007fb2b07ce000)
	libblkid.so.1 => /usr/lib/libblkid.so.1 (0x00007fb2afe9a000)
	libglycin-2.so.0 => /usr/lib/libglycin-2.so.0 (0x00007fb2afa00000)
	libicuuc.so.78 => /usr/lib/libicuuc.so.78 (0x00007fb2af600000)
	libbrotlicommon.so.1 => /usr/lib/libbrotlicommon.so.1 (0x00007fb2b07ab000)
	libseccomp.so.2 => /usr/lib/libseccomp.so.2 (0x00007fb2afe6d000)
	libicudata.so.78 => /usr/lib/libicudata.so.78 (0x00007fb2ad600000)
