I2026-10-08 12:07:40.708464 instance.cpp:667] Starting fcitx5 5.1.22
I2026-10-08 12:07:40.711883 instance.cpp:1445] Override Enabled Addons: {classicui, unicode, keyboard, wayland, dbusfrontend, dbus}
I2026-10-08 12:07:40.711897 instance.cpp:1446] Override Disabled Addons: {all}
I2026-10-08 12:07:40.713658 addonmanager.cpp:204] Loaded addon wayland
I2026-10-08 12:07:40.713772 addonmanager.cpp:204] Loaded addon unicode
I2026-10-08 12:07:40.714123 keyboard.cpp:229] Attempting to load keyboard from: ["/usr/share/xkeyboard-config-2"] Rule: evdev
I2026-10-08 12:07:40.716499 addonmanager.cpp:204] Loaded addon keyboard
I2026-10-08 12:07:40.717613 addonmanager.cpp:204] Loaded addon dbus
I2026-10-08 12:07:40.717995 addonmanager.cpp:204] Loaded addon dbusfrontend
I2026-10-08 12:07:40.731905 inputmethodmanager.cpp:213] Found 753 input method(s) in addon keyboard
I2026-10-08 12:07:40.741578 classicui.cpp:110] Created classicui for wayland display:
I2026-10-08 12:07:40.741598 addonmanager.cpp:204] Loaded addon classicui
I2026-10-08 12:07:40.742823 dbusmodule.cpp:844] Service name change: org.fcitx.Fcitx5  :1.0
D2026-10-08 12:07:42.399355 instance.cpp:965] KeyEvent: Key(Control_L states=0) rawKey: Key(Control_L states=0) origKey: Key(Control_L states=0) Release:0 keycode: 37 program: elm-host
D2026-10-08 12:07:42.399409 inputcontext.cpp:342] KeyEvent handling time: 0ms result:0
D2026-10-08 12:07:42.399438 instance.cpp:965] KeyEvent: Key(Control+Shift_L states=4) rawKey: Key(Control+Shift_L states=4) origKey: Key(Control+Shift_L states=4) Release:0 keycode: 50 program: elm-host
D2026-10-08 12:07:42.399446 inputcontext.cpp:342] KeyEvent handling time: 0ms result:0
D2026-10-08 12:07:42.399458 instance.cpp:965] KeyEvent: Key(Control+Shift+U states=5) rawKey: Key(Control+Shift+U states=5) origKey: Key(Control+Shift+U states=5) Release:0 keycode: 30 program: elm-host
D2026-10-08 12:07:42.466186 inputcontext.cpp:342] KeyEvent handling time: 66ms result:1
D2026-10-08 12:07:42.466274 instance.cpp:965] KeyEvent: Key(Control+Shift+U states=5) rawKey: Key(Control+Shift+U states=5) origKey: Key(Control+Shift+U states=5) Release:1 keycode: 30 program: elm-host
D2026-10-08 12:07:42.466284 inputcontext.cpp:342] KeyEvent handling time: 0ms result:0
D2026-10-08 12:07:42.466296 instance.cpp:965] KeyEvent: Key(Control+Shift+Shift_L states=5) rawKey: Key(Control+Shift+Shift_L states=5) origKey: Key(Control+Shift+Shift_L states=5) Release:1 keycode: 50 program: elm-host
D2026-10-08 12:07:42.466302 inputcontext.cpp:342] KeyEvent handling time: 0ms result:0
D2026-10-08 12:07:42.466312 instance.cpp:965] KeyEvent: Key(Control+Control_L states=4) rawKey: Key(Control+Control_L states=4) origKey: Key(Control+Control_L states=4) Release:1 keycode: 37 program: elm-host
D2026-10-08 12:07:42.466317 inputcontext.cpp:342] KeyEvent handling time: 0ms result:0
D2026-10-08 12:07:42.609265 instance.cpp:965] KeyEvent: Key(2 states=0) rawKey: Key(2 states=0) origKey: Key(2 states=0) Release:0 keycode: 11 program: elm-host
D2026-10-08 12:07:42.609328 inputcontext.cpp:342] KeyEvent handling time: 0ms result:1
D2026-10-08 12:07:42.659317 instance.cpp:965] KeyEvent: Key(2 states=0) rawKey: Key(2 states=0) origKey: Key(2 states=0) Release:1 keycode: 11 program: elm-host
D2026-10-08 12:07:42.659354 inputcontext.cpp:342] KeyEvent handling time: 0ms result:0
D2026-10-08 12:07:42.823745 instance.cpp:965] KeyEvent: Key(6 states=0) rawKey: Key(6 states=0) origKey: Key(6 states=0) Release:0 keycode: 15 program: elm-host
D2026-10-08 12:07:42.823809 inputcontext.cpp:342] KeyEvent handling time: 0ms result:1
D2026-10-08 12:07:42.873574 instance.cpp:965] KeyEvent: Key(6 states=0) rawKey: Key(6 states=0) origKey: Key(6 states=0) Release:1 keycode: 15 program: elm-host
D2026-10-08 12:07:42.873616 inputcontext.cpp:342] KeyEvent handling time: 0ms result:0
D2026-10-08 12:07:43.037945 instance.cpp:965] KeyEvent: Key(3 states=0) rawKey: Key(3 states=0) origKey: Key(3 states=0) Release:0 keycode: 12 program: elm-host
D2026-10-08 12:07:43.038009 inputcontext.cpp:342] KeyEvent handling time: 0ms result:1
D2026-10-08 12:07:43.088131 instance.cpp:965] KeyEvent: Key(3 states=0) rawKey: Key(3 states=0) origKey: Key(3 states=0) Release:1 keycode: 12 program: elm-host
D2026-10-08 12:07:43.088168 inputcontext.cpp:342] KeyEvent handling time: 0ms result:0
D2026-10-08 12:07:43.252347 instance.cpp:965] KeyEvent: Key(a states=0) rawKey: Key(a states=0) origKey: Key(a states=0) Release:0 keycode: 38 program: elm-host
D2026-10-08 12:07:43.252415 inputcontext.cpp:342] KeyEvent handling time: 0ms result:1
D2026-10-08 12:07:43.302388 instance.cpp:965] KeyEvent: Key(a states=0) rawKey: Key(a states=0) origKey: Key(a states=0) Release:1 keycode: 38 program: elm-host
D2026-10-08 12:07:43.302428 inputcontext.cpp:342] KeyEvent handling time: 0ms result:0
D2026-10-08 12:07:43.555172 instance.cpp:965] KeyEvent: Key(space states=0) rawKey: Key(space states=0) origKey: Key(space states=0) Release:0 keycode: 65 program: elm-host
D2026-10-08 12:07:43.555237 inputcontext.cpp:342] KeyEvent handling time: 0ms result:1
D2026-10-08 12:07:43.605043 instance.cpp:965] KeyEvent: Key(space states=0) rawKey: Key(space states=0) origKey: Key(space states=0) Release:1 keycode: 65 program: elm-host
D2026-10-08 12:07:43.605090 inputcontext.cpp:342] KeyEvent handling time: 0ms result:0
D2026-10-08 12:07:43.795744 instance.cpp:965] KeyEvent: Key(Control_L states=0) rawKey: Key(Control_L states=0) origKey: Key(Control_L states=0) Release:0 keycode: 37 program: elm-host
D2026-10-08 12:07:43.795795 inputcontext.cpp:342] KeyEvent handling time: 0ms result:0
D2026-10-08 12:07:43.795823 instance.cpp:965] KeyEvent: Key(Control+Shift_L states=4) rawKey: Key(Control+Shift_L states=4) origKey: Key(Control+Shift_L states=4) Release:0 keycode: 50 program: elm-host
D2026-10-08 12:07:43.795831 inputcontext.cpp:342] KeyEvent handling time: 0ms result:0
D2026-10-08 12:07:43.795845 instance.cpp:965] KeyEvent: Key(Control+Shift+Alt_L states=5) rawKey: Key(Control+Shift+Alt_L states=5) origKey: Key(Control+Shift+Alt_L states=5) Release:0 keycode: 64 program: elm-host
D2026-10-08 12:07:43.795850 inputcontext.cpp:342] KeyEvent handling time: 0ms result:0
D2026-10-08 12:07:43.795859 instance.cpp:965] KeyEvent: Key(Control+Alt+Shift+U states=13) rawKey: Key(Control+Alt+Shift+U states=13) origKey: Key(Control+Alt+Shift+U states=13) Release:0 keycode: 30 program: elm-host
D2026-10-08 12:07:43.795894 inputcontext.cpp:342] KeyEvent handling time: 0ms result:1
D2026-10-08 12:07:43.845731 instance.cpp:965] KeyEvent: Key(Control+Alt+Shift+U states=13) rawKey: Key(Control+Alt+Shift+U states=13) origKey: Key(Control+Alt+Shift+U states=13) Release:1 keycode: 30 program: elm-host
D2026-10-08 12:07:43.845768 inputcontext.cpp:342] KeyEvent handling time: 0ms result:0
D2026-10-08 12:07:43.845794 instance.cpp:965] KeyEvent: Key(Control+Alt+Shift+Alt_L states=13) rawKey: Key(Control+Alt+Shift+Alt_L states=13) origKey: Key(Control+Alt+Shift+Alt_L states=13) Release:1 keycode: 64 program: elm-host
D2026-10-08 12:07:43.845799 inputcontext.cpp:342] KeyEvent handling time: 0ms result:0
D2026-10-08 12:07:43.845809 instance.cpp:965] KeyEvent: Key(Control+Shift+Shift_L states=5) rawKey: Key(Control+Shift+Shift_L states=5) origKey: Key(Control+Shift+Shift_L states=5) Release:1 keycode: 50 program: elm-host
D2026-10-08 12:07:43.845813 inputcontext.cpp:342] KeyEvent handling time: 0ms result:0
D2026-10-08 12:07:43.845821 instance.cpp:965] KeyEvent: Key(Control+Control_L states=4) rawKey: Key(Control+Control_L states=4) origKey: Key(Control+Control_L states=4) Release:1 keycode: 37 program: elm-host
D2026-10-08 12:07:43.845825 inputcontext.cpp:342] KeyEvent handling time: 0ms result:0
D2026-10-08 12:07:44.012759 instance.cpp:965] KeyEvent: Key(s states=0) rawKey: Key(s states=0) origKey: Key(s states=0) Release:0 keycode: 39 program: elm-host
D2026-10-08 12:07:44.012855 inputcontext.cpp:342] KeyEvent handling time: 0ms result:1
D2026-10-08 12:07:44.062504 instance.cpp:965] KeyEvent: Key(s states=0) rawKey: Key(s states=0) origKey: Key(s states=0) Release:1 keycode: 39 program: elm-host
D2026-10-08 12:07:44.062539 inputcontext.cpp:342] KeyEvent handling time: 0ms result:0
D2026-10-08 12:07:44.224909 instance.cpp:965] KeyEvent: Key(n states=0) rawKey: Key(n states=0) origKey: Key(n states=0) Release:0 keycode: 57 program: elm-host
D2026-10-08 12:07:44.225145 inputcontext.cpp:342] KeyEvent handling time: 0ms result:1
D2026-10-08 12:07:44.275147 instance.cpp:965] KeyEvent: Key(n states=0) rawKey: Key(n states=0) origKey: Key(n states=0) Release:1 keycode: 57 program: elm-host
D2026-10-08 12:07:44.275184 inputcontext.cpp:342] KeyEvent handling time: 0ms result:0
D2026-10-08 12:07:44.440401 instance.cpp:965] KeyEvent: Key(o states=0) rawKey: Key(o states=0) origKey: Key(o states=0) Release:0 keycode: 32 program: elm-host
D2026-10-08 12:07:44.440562 inputcontext.cpp:342] KeyEvent handling time: 0ms result:1
D2026-10-08 12:07:44.489904 instance.cpp:965] KeyEvent: Key(o states=0) rawKey: Key(o states=0) origKey: Key(o states=0) Release:1 keycode: 32 program: elm-host
D2026-10-08 12:07:44.489940 inputcontext.cpp:342] KeyEvent handling time: 0ms result:0
D2026-10-08 12:07:44.654313 instance.cpp:965] KeyEvent: Key(w states=0) rawKey: Key(w states=0) origKey: Key(w states=0) Release:0 keycode: 25 program: elm-host
D2026-10-08 12:07:44.654442 inputcontext.cpp:342] KeyEvent handling time: 0ms result:1
D2026-10-08 12:07:44.704378 instance.cpp:965] KeyEvent: Key(w states=0) rawKey: Key(w states=0) origKey: Key(w states=0) Release:1 keycode: 25 program: elm-host
D2026-10-08 12:07:44.704410 inputcontext.cpp:342] KeyEvent handling time: 0ms result:0
D2026-10-08 12:07:44.869279 instance.cpp:965] KeyEvent: Key(m states=0) rawKey: Key(m states=0) origKey: Key(m states=0) Release:0 keycode: 58 program: elm-host
D2026-10-08 12:07:44.869390 inputcontext.cpp:342] KeyEvent handling time: 0ms result:1
D2026-10-08 12:07:44.919294 instance.cpp:965] KeyEvent: Key(m states=0) rawKey: Key(m states=0) origKey: Key(m states=0) Release:1 keycode: 58 program: elm-host
D2026-10-08 12:07:44.919321 inputcontext.cpp:342] KeyEvent handling time: 0ms result:0
D2026-10-08 12:07:45.084165 instance.cpp:965] KeyEvent: Key(a states=0) rawKey: Key(a states=0) origKey: Key(a states=0) Release:0 keycode: 38 program: elm-host
D2026-10-08 12:07:45.084272 inputcontext.cpp:342] KeyEvent handling time: 0ms result:1
D2026-10-08 12:07:45.134221 instance.cpp:965] KeyEvent: Key(a states=0) rawKey: Key(a states=0) origKey: Key(a states=0) Release:1 keycode: 38 program: elm-host
D2026-10-08 12:07:45.134254 inputcontext.cpp:342] KeyEvent handling time: 0ms result:0
D2026-10-08 12:07:45.298663 instance.cpp:965] KeyEvent: Key(n states=0) rawKey: Key(n states=0) origKey: Key(n states=0) Release:0 keycode: 57 program: elm-host
D2026-10-08 12:07:45.298765 inputcontext.cpp:342] KeyEvent handling time: 0ms result:1
D2026-10-08 12:07:45.348751 instance.cpp:965] KeyEvent: Key(n states=0) rawKey: Key(n states=0) origKey: Key(n states=0) Release:1 keycode: 57 program: elm-host
D2026-10-08 12:07:45.348788 inputcontext.cpp:342] KeyEvent handling time: 0ms result:0
=========================
Fcitx 5.1.22 -- Get Signal No.: 15
Date: try "date -d @1791482872" if you are using GNU date ***
ProcessID: 2947083
/usr/bin/fcitx5(+0x13b51) [0x5573f2c29b51]
/usr/lib/libc.so.6(+0x3e6f0) [0x7f400a63e6f0]
/usr/lib/libc.so.6(+0xa0952) [0x7f400a6a0952]
/usr/lib/libc.so.6(epoll_wait+0x5b) [0x7f400a720cab]
/usr/lib/libsystemd.so.0(sd_event_wait+0x1e5) [0x7f400a9005a5]
/usr/lib/libsystemd.so.0(sd_event_run+0x2cc) [0x7f400a901e2c]
/usr/lib/libsystemd.so.0(sd_event_loop+0x90) [0x7f400a9021d0]
/usr/lib/libFcitx5Utils.so.2(_ZN5fcitx9EventLoop4execEv+0x2c) [0x7f400ae59cfc]
/usr/lib/libFcitx5Core.so.7(_ZN5fcitx8Instance4execEv+0x5e) [0x7f400af2915e]
/usr/bin/fcitx5(+0x11a78) [0x5573f2c27a78]
/usr/lib/libc.so.6(+0x27781) [0x7f400a627781]
/usr/lib/libc.so.6(__libc_start_main+0x89) [0x7f400a6278b9]
/usr/bin/fcitx5(+0x12e55) [0x5573f2c28e55]
I2026-10-08 12:07:52.119780 addonmanager.cpp:306] Unloading addon classicui
I2026-10-08 12:07:52.120269 addonmanager.cpp:306] Unloading addon dbusfrontend
I2026-10-08 12:07:52.120374 addonmanager.cpp:306] Unloading addon dbus
I2026-10-08 12:07:52.120415 addonmanager.cpp:306] Unloading addon keyboard
I2026-10-08 12:07:52.120526 addonmanager.cpp:306] Unloading addon unicode
I2026-10-08 12:07:52.125729 addonmanager.cpp:306] Unloading addon wayland
