	linux-vdso.so.1 (0x00007f8527070000)
	libxcb-icccm.so.4 => /usr/lib/libxcb-icccm.so.4 (0x00007f852703b000)
	libxcb-composite.so.0 => /usr/lib/libxcb-composite.so.0 (0x00007f8527036000)
	libxcb-xfixes.so.0 => /usr/lib/libxcb-xfixes.so.0 (0x00007f852702d000)
	libxcb-render.so.0 => /usr/lib/libxcb-render.so.0 (0x00007f852701e000)
	libxcb-res.so.0 => /usr/lib/libxcb-res.so.0 (0x00007f8527016000)
	libxcb-errors.so.0 => /usr/lib/libxcb-errors.so.0 (0x00007f852700c000)
	libxcb.so.1 => /usr/lib/libxcb.so.1 (0x00007f8526fe1000)
	libaquamarine.so.14 => /usr/lib/libaquamarine.so.14 (0x00007f8525ea9000)
	libhyprlang.so.2 => /usr/lib/libhyprlang.so.2 (0x00007f8526f9c000)
	libhyprutils.so.13 => /usr/lib/libhyprutils.so.13 (0x00007f8525e30000)
	libhyprcursor.so.0 => /usr/lib/libhyprcursor.so.0 (0x00007f8525dcf000)
	libhyprgraphics.so.4 => /usr/lib/libhyprgraphics.so.4 (0x00007f8525d99000)
	libxkbcommon.so.0 => /usr/lib/libxkbcommon.so.0 (0x00007f8525d3a000)
	libuuid.so.1 => /usr/lib/libuuid.so.1 (0x00007f8526f90000)
	libwayland-server.so.0 => /usr/lib/libwayland-server.so.0 (0x00007f8525d25000)
	libpangocairo-1.0.so.0 => /usr/lib/libpangocairo-1.0.so.0 (0x00007f8525d13000)
	libpango-1.0.so.0 => /usr/lib/libpango-1.0.so.0 (0x00007f8525ca4000)
	libcairo.so.2 => /usr/lib/libcairo.so.2 (0x00007f8525b67000)
	libharfbuzz.so.0 => /usr/lib/libharfbuzz.so.0 (0x00007f8525a28000)
	libpixman-1.so.0 => /usr/lib/libpixman-1.so.0 (0x00007f8525979000)
	libXcursor.so.1 => /usr/lib/libXcursor.so.1 (0x00007f8526f81000)
	libdrm.so.2 => /usr/lib/libdrm.so.2 (0x00007f8525962000)
	libinput.so.10 => /usr/lib/libinput.so.10 (0x00007f85258ef000)
	libeis.so.1 => /usr/lib/libeis.so.1 (0x00007f85258ce000)
	libgbm.so.1 => /usr/lib/libgbm.so.1 (0x00007f85258c8000)
	libgio-2.0.so.0 => /usr/lib/libgio-2.0.so.0 (0x00007f85256e9000)
	libgobject-2.0.so.0 => /usr/lib/libgobject-2.0.so.0 (0x00007f8525686000)
	libglib-2.0.so.0 => /usr/lib/libglib-2.0.so.0 (0x00007f8525523000)
	libre2.so.11 => /usr/lib/libre2.so.11 (0x00007f8525494000)
	libabsl_log_internal_check_op.so.2608.0.0 => /usr/lib/libabsl_log_internal_check_op.so.2608.0.0 (0x00007f852548b000)
	libabsl_leak_check.so.2608.0.0 => /usr/lib/libabsl_leak_check.so.2608.0.0 (0x00007f8525486000)
	libabsl_log_internal_conditions.so.2608.0.0 => /usr/lib/libabsl_log_internal_conditions.so.2608.0.0 (0x00007f8525481000)
	libabsl_log_internal_message.so.2608.0.0 => /usr/lib/libabsl_log_internal_message.so.2608.0.0 (0x00007f8525472000)
	libabsl_examine_stack.so.2608.0.0 => /usr/lib/libabsl_examine_stack.so.2608.0.0 (0x00007f852546b000)
	libabsl_log_internal_format.so.2608.0.0 => /usr/lib/libabsl_log_internal_format.so.2608.0.0 (0x00007f8525466000)
	libabsl_log_internal_nullguard.so.2608.0.0 => /usr/lib/libabsl_log_internal_nullguard.so.2608.0.0 (0x00007f8525461000)
	libabsl_log_internal_structured_proto.so.2608.0.0 => /usr/lib/libabsl_log_internal_structured_proto.so.2608.0.0 (0x00007f852545c000)
	libabsl_log_internal_log_sink_set.so.2608.0.0 => /usr/lib/libabsl_log_internal_log_sink_set.so.2608.0.0 (0x00007f8525456000)
	libabsl_log_internal_globals.so.2608.0.0 => /usr/lib/libabsl_log_internal_globals.so.2608.0.0 (0x00007f852544f000)
	libabsl_log_globals.so.2608.0.0 => /usr/lib/libabsl_log_globals.so.2608.0.0 (0x00007f8525449000)
	libabsl_log_sink.so.2608.0.0 => /usr/lib/libabsl_log_sink.so.2608.0.0 (0x00007f8525444000)
	libabsl_log_entry.so.2608.0.0 => /usr/lib/libabsl_log_entry.so.2608.0.0 (0x00007f852543e000)
	libabsl_log_internal_proto.so.2608.0.0 => /usr/lib/libabsl_log_internal_proto.so.2608.0.0 (0x00007f8525439000)
	libabsl_strerror.so.2608.0.0 => /usr/lib/libabsl_strerror.so.2608.0.0 (0x00007f8525432000)
	libabsl_vlog_config_internal.so.2608.0.0 => /usr/lib/libabsl_vlog_config_internal.so.2608.0.0 (0x00007f8525429000)
	libabsl_log_internal_fnmatch.so.2608.0.0 => /usr/lib/libabsl_log_internal_fnmatch.so.2608.0.0 (0x00007f8525424000)
	libabsl_flags_internal.so.2608.0.0 => /usr/lib/libabsl_flags_internal.so.2608.0.0 (0x00007f8525419000)
	libabsl_flags_marshalling.so.2608.0.0 => /usr/lib/libabsl_flags_marshalling.so.2608.0.0 (0x00007f852540d000)
	libabsl_flags_reflection.so.2608.0.0 => /usr/lib/libabsl_flags_reflection.so.2608.0.0 (0x00007f8525401000)
	libabsl_flags_private_handle_accessor.so.2608.0.0 => /usr/lib/libabsl_flags_private_handle_accessor.so.2608.0.0 (0x00007f85253fa000)
	libabsl_flags_commandlineflag.so.2608.0.0 => /usr/lib/libabsl_flags_commandlineflag.so.2608.0.0 (0x00007f85253f5000)
	libabsl_flags_commandlineflag_internal.so.2608.0.0 => /usr/lib/libabsl_flags_commandlineflag_internal.so.2608.0.0 (0x00007f85253f0000)
	libabsl_flags_config.so.2608.0.0 => /usr/lib/libabsl_flags_config.so.2608.0.0 (0x00007f85253e9000)
	libabsl_flags_program_name.so.2608.0.0 => /usr/lib/libabsl_flags_program_name.so.2608.0.0 (0x00007f85253e4000)
	libabsl_raw_hash_set.so.2608.0.0 => /usr/lib/libabsl_raw_hash_set.so.2608.0.0 (0x00007f85253d7000)
	libabsl_cord.so.2608.0.0 => /usr/lib/libabsl_cord.so.2608.0.0 (0x00007f85253be000)
	libabsl_cordz_info.so.2608.0.0 => /usr/lib/libabsl_cordz_info.so.2608.0.0 (0x00007f85253b7000)
	libabsl_cord_internal.so.2608.0.0 => /usr/lib/libabsl_cord_internal.so.2608.0.0 (0x00007f85253a8000)
	libabsl_cordz_functions.so.2608.0.0 => /usr/lib/libabsl_cordz_functions.so.2608.0.0 (0x00007f85253a3000)
	libabsl_cordz_handle.so.2608.0.0 => /usr/lib/libabsl_cordz_handle.so.2608.0.0 (0x00007f852539c000)
	libabsl_crc_cord_state.so.2608.0.0 => /usr/lib/libabsl_crc_cord_state.so.2608.0.0 (0x00007f8525395000)
	libabsl_crc32c.so.2608.0.0 => /usr/lib/libabsl_crc32c.so.2608.0.0 (0x00007f852538f000)
	libabsl_crc_internal.so.2608.0.0 => /usr/lib/libabsl_crc_internal.so.2608.0.0 (0x00007f8525389000)
	libabsl_base_cpu_detect.so.2608.0.0 => /usr/lib/libabsl_base_cpu_detect.so.2608.0.0 (0x00007f8525384000)
	libabsl_hashtablez_sampler.so.2608.0.0 => /usr/lib/libabsl_hashtablez_sampler.so.2608.0.0 (0x00007f852537e000)
	libabsl_exponential_biased.so.2608.0.0 => /usr/lib/libabsl_exponential_biased.so.2608.0.0 (0x00007f8525377000)
	libabsl_hash.so.2608.0.0 => /usr/lib/libabsl_hash.so.2608.0.0 (0x00007f8525372000)
	libabsl_city.so.2608.0.0 => /usr/lib/libabsl_city.so.2608.0.0 (0x00007f852536d000)
	libabsl_str_format_internal.so.2608.0.0 => /usr/lib/libabsl_str_format_internal.so.2608.0.0 (0x00007f852534e000)
	libabsl_synchronization.so.2608.0.0 => /usr/lib/libabsl_synchronization.so.2608.0.0 (0x00007f852533c000)
	libabsl_graphcycles_internal.so.2608.0.0 => /usr/lib/libabsl_graphcycles_internal.so.2608.0.0 (0x00007f8525331000)
	libabsl_kernel_timeout_internal.so.2608.0.0 => /usr/lib/libabsl_kernel_timeout_internal.so.2608.0.0 (0x00007f852532c000)
	libabsl_stacktrace.so.2608.0.0 => /usr/lib/libabsl_stacktrace.so.2608.0.0 (0x00007f8525327000)
	libabsl_symbolize.so.2608.0.0 => /usr/lib/libabsl_symbolize.so.2608.0.0 (0x00007f852531f000)
	libabsl_debugging_internal.so.2608.0.0 => /usr/lib/libabsl_debugging_internal.so.2608.0.0 (0x00007f8525318000)
	libabsl_demangle_internal.so.2608.0.0 => /usr/lib/libabsl_demangle_internal.so.2608.0.0 (0x00007f8525309000)
	libabsl_demangle_rust.so.2608.0.0 => /usr/lib/libabsl_demangle_rust.so.2608.0.0 (0x00007f8525302000)
	libabsl_decode_rust_punycode.so.2608.0.0 => /usr/lib/libabsl_decode_rust_punycode.so.2608.0.0 (0x00007f85252fd000)
	libabsl_utf8_for_code_point.so.2608.0.0 => /usr/lib/libabsl_utf8_for_code_point.so.2608.0.0 (0x00007f85252f8000)
	libabsl_malloc_internal.so.2608.0.0 => /usr/lib/libabsl_malloc_internal.so.2608.0.0 (0x00007f85252f1000)
	libabsl_time.so.2608.0.0 => /usr/lib/libabsl_time.so.2608.0.0 (0x00007f85252db000)
	libabsl_civil_time.so.2608.0.0 => /usr/lib/libabsl_civil_time.so.2608.0.0 (0x00007f85252d3000)
	libabsl_strings.so.2608.0.0 => /usr/lib/libabsl_strings.so.2608.0.0 (0x00007f85252ad000)
	libabsl_strings_internal.so.2608.0.0 => /usr/lib/libabsl_strings_internal.so.2608.0.0 (0x00007f85252a7000)
	libabsl_hardening.so.2608.0.0 => /usr/lib/libabsl_hardening.so.2608.0.0 (0x00007f85252a2000)
	libabsl_int128.so.2608.0.0 => /usr/lib/libabsl_int128.so.2608.0.0 (0x00007f8525299000)
	libabsl_source_location.so.2608.0.0 => /usr/lib/libabsl_source_location.so.2608.0.0 (0x00007f8525294000)
	libabsl_throw_delegate.so.2608.0.0 => /usr/lib/libabsl_throw_delegate.so.2608.0.0 (0x00007f852528e000)
	libabsl_time_zone.so.2608.0.0 => /usr/lib/libabsl_time_zone.so.2608.0.0 (0x00007f8525273000)
	libabsl_tracing_internal.so.2608.0.0 => /usr/lib/libabsl_tracing_internal.so.2608.0.0 (0x00007f852526e000)
	libabsl_base.so.2608.0.0 => /usr/lib/libabsl_base.so.2608.0.0 (0x00007f8525268000)
	libabsl_raw_logging_internal.so.2608.0.0 => /usr/lib/libabsl_raw_logging_internal.so.2608.0.0 (0x00007f8525261000)
	libabsl_log_severity.so.2608.0.0 => /usr/lib/libabsl_log_severity.so.2608.0.0 (0x00007f852525c000)
	libabsl_spinlock_wait.so.2608.0.0 => /usr/lib/libabsl_spinlock_wait.so.2608.0.0 (0x00007f8525257000)
	libmuparser.so.2 => /usr/lib/libmuparser.so.2 (0x00007f85251d2000)
	liblcms2.so.2 => /usr/lib/liblcms2.so.2 (0x00007f8525166000)
	liblua.so.5.5 => /usr/lib/liblua.so.5.5 (0x00007f852511c000)
	libEGL.so.1 => /usr/lib/libEGL.so.1 (0x00007f8525108000)
	libGLESv2.so.2 => /usr/lib/libGLESv2.so.2 (0x00007f85250f8000)
	libGLX.so.0 => /usr/lib/libGLX.so.0 (0x00007f85250c7000)
	libOpenGL.so.0 => /usr/lib/libOpenGL.so.0 (0x00007f85250a3000)
	libglslang-default-resource-limits.so.16 => /usr/lib/libglslang-default-resource-limits.so.16 (0x00007f8525099000)
	libSPIRV.so.16 => /usr/lib/libSPIRV.so.16 (0x00007f8525094000)
	libglslang.so.16 => /usr/lib/libglslang.so.16 (0x00007f8524400000)
	libSPIRV-Tools-opt.so => /usr/lib/libSPIRV-Tools-opt.so (0x00007f8524000000)
	libSPIRV-Tools.so => /usr/lib/libSPIRV-Tools.so (0x00007f8523e24000)
	libstdc++.so.6 => /usr/lib/libstdc++.so.6 (0x00007f8523a00000)
	libm.so.6 => /usr/lib/libm.so.6 (0x00007f8524f5b000)
	libgcc_s.so.1 => /usr/lib/libgcc_s.so.1 (0x00007f8524f2e000)
	libc.so.6 => /usr/lib/libc.so.6 (0x00007f8523600000)
	libXau.so.6 => /usr/lib/libXau.so.6 (0x00007f8524f27000)
	libXdmcp.so.6 => /usr/lib/libXdmcp.so.6 (0x00007f8524f1f000)
	libseat.so.1 => /usr/lib/libseat.so.1 (0x00007f8524f14000)
	libwayland-client.so.0 => /usr/lib/libwayland-client.so.0 (0x00007f8524f04000)
	libudev.so.1 => /usr/lib/libudev.so.1 (0x00007f85243b0000)
	libdisplay-info.so.3 => /usr/lib/libdisplay-info.so.3 (0x00007f8524ec9000)
	libzip.so.5 => /usr/lib/libzip.so.5 (0x00007f8524390000)
	librsvg-2.so.2 => /usr/lib/librsvg-2.so.2 (0x00007f8523000000)
	libtomlplusplus.so.3 => /usr/lib/libtomlplusplus.so.3 (0x00007f8524356000)
	libjpeg.so.8 => /usr/lib/libjpeg.so.8 (0x00007f85242ae000)
	libwebp.so.7 => /usr/lib/libwebp.so.7 (0x00007f8523d9d000)
	libmagic.so.1 => /usr/lib/libmagic.so.1 (0x00007f852427f000)
	libpng16.so.16 => /usr/lib/libpng16.so.16 (0x00007f8523d60000)
	libjxl.so.0.12 => /usr/lib/libjxl.so.0.12 (0x00007f8522a00000)
	libjxl_threads.so.0.12 => /usr/lib/libjxl_threads.so.0.12 (0x00007f8524ec1000)
	/lib64/ld-linux-x86-64.so.2 => /usr/lib64/ld-linux-x86-64.so.2 (0x00007f8527072000)
	libffi.so.8 => /usr/lib/libffi.so.8 (0x00007f8523d52000)
	libpangoft2-1.0.so.0 => /usr/lib/libpangoft2-1.0.so.0 (0x00007f8523d33000)
	libfontconfig.so.1 => /usr/lib/libfontconfig.so.1 (0x00007f8523985000)
	libfribidi.so.0 => /usr/lib/libfribidi.so.0 (0x00007f8523d13000)
	libthai.so.0 => /usr/lib/libthai.so.0 (0x00007f8523d08000)
	libz.so.1 => /usr/lib/libz.so.1 (0x00007f8523ced000)
	libfreetype.so.6 => /usr/lib/libfreetype.so.6 (0x00007f85238b5000)
	libX11.so.6 => /usr/lib/libX11.so.6 (0x00007f85234be000)
	libXext.so.6 => /usr/lib/libXext.so.6 (0x00007f8523cd9000)
	libXrender.so.1 => /usr/lib/libXrender.so.1 (0x00007f85238a9000)
	libxcb-shm.so.0 => /usr/lib/libxcb-shm.so.0 (0x00007f8523cd4000)
	libgraphite2.so.3 => /usr/lib/libgraphite2.so.3 (0x00007f8523886000)
	libXfixes.so.3 => /usr/lib/libXfixes.so.3 (0x00007f852387e000)
	libmtdev.so.1 => /usr/lib/libmtdev.so.1 (0x00007f8523877000)
	libevdev.so.2 => /usr/lib/libevdev.so.2 (0x00007f8523861000)
	libwacom.so.9 => /usr/lib/libwacom.so.9 (0x00007f852384e000)
	liblua5.4.so.5.4 => /usr/lib/liblua5.4.so.5.4 (0x00007f8522fba000)
	libexpat.so.1 => /usr/lib/libexpat.so.1 (0x00007f8523490000)
	libgmodule-2.0.so.0 => /usr/lib/libgmodule-2.0.so.0 (0x00007f8523845000)
	libmount.so.1 => /usr/lib/libmount.so.1 (0x00007f8522f5d000)
	libpcre2-8.so.0 => /usr/lib/libpcre2-8.so.0 (0x00007f8522eaa000)
	libgomp.so.1 => /usr/lib/libgomp.so.1 (0x00007f8522e50000)
	libGLdispatch.so.0 => /usr/lib/libGLdispatch.so.0 (0x00007f8522987000)
	libsystemd.so.0 => /usr/lib/libsystemd.so.0 (0x00007f852283f000)
	libbz2.so.1.0 => /usr/lib/libbz2.so.1.0 (0x00007f852382e000)
	liblzma.so.5 => /usr/lib/liblzma.so.5 (0x00007f852280a000)
	libzstd.so.1 => /usr/lib/libzstd.so.1 (0x00007f8522724000)
	libcrypto.so.3 => /usr/lib/libcrypto.so.3 (0x00007f8522000000)
	libgdk_pixbuf-2.0.so.0 => /usr/lib/libgdk_pixbuf-2.0.so.0 (0x00007f85226ea000)
	libdav1d.so.7 => /usr/lib/libdav1d.so.7 (0x00007f8521e1f000)
	libxml2.so.16 => /usr/lib/libxml2.so.16 (0x00007f8521cda000)
	libsharpyuv.so.0 => /usr/lib/libsharpyuv.so.0 (0x00007f8523823000)
	libjxl_cms.so.0.12 => /usr/lib/libjxl_cms.so.0.12 (0x00007f85226c1000)
	libhwy.so.1 => /usr/lib/libhwy.so.1 (0x00007f8522e3f000)
	libbrotlidec.so.1 => /usr/lib/libbrotlidec.so.1 (0x00007f85226b2000)
	libbrotlienc.so.1 => /usr/lib/libbrotlienc.so.1 (0x00007f85225f2000)
	libdatrie.so.1 => /usr/lib/libdatrie.so.1 (0x00007f8522e36000)
	libgudev-1.0.so.0 => /usr/lib/libgudev-1.0.so.0 (0x00007f85225e4000)
	libblkid.so.1 => /usr/lib/libblkid.so.1 (0x00007f8521c9a000)
	libglycin-2.so.0 => /usr/lib/libglycin-2.so.0 (0x00007f8521800000)
	libicuuc.so.78 => /usr/lib/libicuuc.so.78 (0x00007f8521400000)
	libbrotlicommon.so.1 => /usr/lib/libbrotlicommon.so.1 (0x00007f85225c1000)
	libseccomp.so.2 => /usr/lib/libseccomp.so.2 (0x00007f8521c6d000)
	libicudata.so.78 => /usr/lib/libicudata.so.78 (0x00007f851f400000)
