	linux-vdso.so.1 (0x00007f61ca724000)
	libwebkit2gtk-4.1.so.0 => /usr/lib/libwebkit2gtk-4.1.so.0 (0x00007f61c4c00000)
	libsoup-3.0.so.0 => /usr/lib/libsoup-3.0.so.0 (0x00007f61ca5c0000)
	libjavascriptcoregtk-4.1.so.0 => /usr/lib/libjavascriptcoregtk-4.1.so.0 (0x00007f61c2600000)
	libgtk-layer-shell.so.0 => /usr/lib/libgtk-layer-shell.so.0 (0x00007f61ca582000)
	libgtk-3.so.0 => /usr/lib/libgtk-3.so.0 (0x00007f61c1e00000)
	libgdk-3.so.0 => /usr/lib/libgdk-3.so.0 (0x00007f61c4b13000)
	libpangocairo-1.0.so.0 => /usr/lib/libpangocairo-1.0.so.0 (0x00007f61ca56e000)
	libcairo-gobject.so.2 => /usr/lib/libcairo-gobject.so.2 (0x00007f61ca565000)
	libgdk_pixbuf-2.0.so.0 => /usr/lib/libgdk_pixbuf-2.0.so.0 (0x00007f61c4ad9000)
	libatk-1.0.so.0 => /usr/lib/libatk-1.0.so.0 (0x00007f61c4ab2000)
	libpango-1.0.so.0 => /usr/lib/libpango-1.0.so.0 (0x00007f61c4a43000)
	libcairo.so.2 => /usr/lib/libcairo.so.2 (0x00007f61c1cc3000)
	libharfbuzz.so.0 => /usr/lib/libharfbuzz.so.0 (0x00007f61c1b84000)
	libjson-glib-1.0.so.0 => /usr/lib/libjson-glib-1.0.so.0 (0x00007f61c4a19000)
	libgio-2.0.so.0 => /usr/lib/libgio-2.0.so.0 (0x00007f61c19a5000)
	libgobject-2.0.so.0 => /usr/lib/libgobject-2.0.so.0 (0x00007f61c259d000)
	libgmodule-2.0.so.0 => /usr/lib/libgmodule-2.0.so.0 (0x00007f61ca55a000)
	libglib-2.0.so.0 => /usr/lib/libglib-2.0.so.0 (0x00007f61c1842000)
	libz.so.1 => /usr/lib/libz.so.1 (0x00007f61c2582000)
	libstdc++.so.6 => /usr/lib/libstdc++.so.6 (0x00007f61c1400000)
	libm.so.6 => /usr/lib/libm.so.6 (0x00007f61c170b000)
	libgcc_s.so.1 => /usr/lib/libgcc_s.so.1 (0x00007f61c2555000)
	libc.so.6 => /usr/lib/libc.so.6 (0x00007f61c1000000)
	libepoxy.so.0 => /usr/lib/libepoxy.so.0 (0x00007f61c12f3000)
	libatomic.so.1 => /usr/lib/libatomic.so.1 (0x00007f61ca54d000)
	libfreetype.so.6 => /usr/lib/libfreetype.so.6 (0x00007f61c1223000)
	libfontconfig.so.1 => /usr/lib/libfontconfig.so.1 (0x00007f61c0f85000)
	libwebpmux.so.3 => /usr/lib/libwebpmux.so.3 (0x00007f61c4a0d000)
	libexpat.so.1 => /usr/lib/libexpat.so.1 (0x00007f61c2527000)
	libicui18n.so.78 => /usr/lib/libicui18n.so.78 (0x00007f61c0a00000)
	libsystemd.so.0 => /usr/lib/libsystemd.so.0 (0x00007f61c0e3d000)
	libjpeg.so.8 => /usr/lib/libjpeg.so.8 (0x00007f61c0d95000)
	libpng16.so.16 => /usr/lib/libpng16.so.16 (0x00007f61c09c3000)
	libicuuc.so.78 => /usr/lib/libicuuc.so.78 (0x00007f61c0600000)
	libxml2.so.16 => /usr/lib/libxml2.so.16 (0x00007f61c087e000)
	libsqlite3.so.0 => /usr/lib/libsqlite3.so.0 (0x00007f61c0467000)
	libxslt.so.1 => /usr/lib/libxslt.so.1 (0x00007f61c0841000)
	liblcms2.so.2 => /usr/lib/liblcms2.so.2 (0x00007f61c03fb000)
	libgcrypt.so.20 => /usr/lib/libgcrypt.so.20 (0x00007f61c024a000)
	libgstallocators-1.0.so.0 => /usr/lib/libgstallocators-1.0.so.0 (0x00007f61c251d000)
	libgstapp-1.0.so.0 => /usr/lib/libgstapp-1.0.so.0 (0x00007f61c2504000)
	libgstbase-1.0.so.0 => /usr/lib/libgstbase-1.0.so.0 (0x00007f61c01c2000)
	libgstreamer-1.0.so.0 => /usr/lib/libgstreamer-1.0.so.0 (0x00007f61c004f000)
	libgstpbutils-1.0.so.0 => /usr/lib/libgstpbutils-1.0.so.0 (0x00007f61c000a000)
	libgstaudio-1.0.so.0 => /usr/lib/libgstaudio-1.0.so.0 (0x00007f61bff80000)
	libgsttag-1.0.so.0 => /usr/lib/libgsttag-1.0.so.0 (0x00007f61bff41000)
	libgstvideo-1.0.so.0 => /usr/lib/libgstvideo-1.0.so.0 (0x00007f61bfe62000)
	libgstgl-1.0.so.0 => /usr/lib/libgstgl-1.0.so.0 (0x00007f61bfdcc000)
	libgstfft-1.0.so.0 => /usr/lib/libgstfft-1.0.so.0 (0x00007f61c1700000)
	libwebpdemux.so.2 => /usr/lib/libwebpdemux.so.2 (0x00007f61c16f9000)
	libwebp.so.7 => /usr/lib/libwebp.so.7 (0x00007f61bfd45000)
	libjxl.so.0.12 => /usr/lib/libjxl.so.0.12 (0x00007f61bf800000)
	libavif.so.16 => /usr/lib/libavif.so.16 (0x00007f61bfcfd000)
	libharfbuzz-icu.so.0 => /usr/lib/libharfbuzz-icu.so.0 (0x00007f61c16f4000)
	libX11.so.6 => /usr/lib/libX11.so.6 (0x00007f61bf6be000)
	libwayland-server.so.0 => /usr/lib/libwayland-server.so.0 (0x00007f61c16df000)
	libwayland-client.so.0 => /usr/lib/libwayland-client.so.0 (0x00007f61c0831000)
	libmanette-0.2.so.0 => /usr/lib/libmanette-0.2.so.0 (0x00007f61bfcab000)
	libseccomp.so.2 => /usr/lib/libseccomp.so.2 (0x00007f61bfc7e000)
	libenchant-2.so.2 => /usr/lib/libenchant-2.so.2 (0x00007f61c081f000)
	libgbm.so.1 => /usr/lib/libgbm.so.1 (0x00007f61c16d9000)
	libdrm.so.2 => /usr/lib/libdrm.so.2 (0x00007f61bfc67000)
	libtasn1.so.6 => /usr/lib/libtasn1.so.6 (0x00007f61bfc51000)
	libhyphen.so.0 => /usr/lib/libhyphen.so.0 (0x00007f61c0817000)
	libsecret-1.so.0 => /usr/lib/libsecret-1.so.0 (0x00007f61bf660000)
	/lib64/ld-linux-x86-64.so.2 => /usr/lib64/ld-linux-x86-64.so.2 (0x00007f61ca726000)
	libpsl.so.5 => /usr/lib/libpsl.so.5 (0x00007f61bfc3d000)
	libbrotlidec.so.1 => /usr/lib/libbrotlidec.so.1 (0x00007f61bf651000)
	libgssapi_krb5.so.2 => /usr/lib/libgssapi_krb5.so.2 (0x00007f61bf5f9000)
	libnghttp2.so.14 => /usr/lib/libnghttp2.so.14 (0x00007f61bf5cf000)
	libpangoft2-1.0.so.0 => /usr/lib/libpangoft2-1.0.so.0 (0x00007f61bf5b0000)
	libfribidi.so.0 => /usr/lib/libfribidi.so.0 (0x00007f61bf590000)
	libXi.so.6 => /usr/lib/libXi.so.6 (0x00007f61bf57b000)
	libatk-bridge-2.0.so.0 => /usr/lib/libatk-bridge-2.0.so.0 (0x00007f61bf53f000)
	libcloudproviders.so.0 => /usr/lib/libcloudproviders.so.0 (0x00007f61bf527000)
	libtinysparql-3.0.so.0 => /usr/lib/libtinysparql-3.0.so.0 (0x00007f61bf453000)
	libXfixes.so.3 => /usr/lib/libXfixes.so.3 (0x00007f61c080f000)
	libxkbcommon.so.0 => /usr/lib/libxkbcommon.so.0 (0x00007f61bf3f4000)
	libwayland-cursor.so.0 => /usr/lib/libwayland-cursor.so.0 (0x00007f61bf3eb000)
	libwayland-egl.so.1 => /usr/lib/libwayland-egl.so.1 (0x00007f61c0d90000)
	libXext.so.6 => /usr/lib/libXext.so.6 (0x00007f61bf3d7000)
	libXcursor.so.1 => /usr/lib/libXcursor.so.1 (0x00007f61bf3ca000)
	libXdamage.so.1 => /usr/lib/libXdamage.so.1 (0x00007f61bfc38000)
	libXcomposite.so.1 => /usr/lib/libXcomposite.so.1 (0x00007f61bf3c5000)
	libXrandr.so.2 => /usr/lib/libXrandr.so.2 (0x00007f61bf3b8000)
	libXinerama.so.1 => /usr/lib/libXinerama.so.1 (0x00007f61bf3b3000)
	libglycin-2.so.0 => /usr/lib/libglycin-2.so.0 (0x00007f61bee00000)
	libthai.so.0 => /usr/lib/libthai.so.0 (0x00007f61bf3a8000)
	libXrender.so.1 => /usr/lib/libXrender.so.1 (0x00007f61bf39c000)
	libxcb.so.1 => /usr/lib/libxcb.so.1 (0x00007f61bf371000)
	libxcb-render.so.0 => /usr/lib/libxcb-render.so.0 (0x00007f61bf362000)
	libxcb-shm.so.0 => /usr/lib/libxcb-shm.so.0 (0x00007f61bf35d000)
	libpixman-1.so.0 => /usr/lib/libpixman-1.so.0 (0x00007f61bf2ae000)
	libgraphite2.so.3 => /usr/lib/libgraphite2.so.3 (0x00007f61bf28b000)
	libmount.so.1 => /usr/lib/libmount.so.1 (0x00007f61bf22e000)
	libffi.so.8 => /usr/lib/libffi.so.8 (0x00007f61bf220000)
	libpcre2-8.so.0 => /usr/lib/libpcre2-8.so.0 (0x00007f61bed4d000)
	libbz2.so.1.0 => /usr/lib/libbz2.so.1.0 (0x00007f61bf20b000)
	libicudata.so.78 => /usr/lib/libicudata.so.78 (0x00007f61bcc00000)
	libgpg-error.so.0 => /usr/lib/libgpg-error.so.0 (0x00007f61bed20000)
	libunwind.so.8 => /usr/lib/libunwind.so.8 (0x00007f61bed04000)
	libdw.so.1 => /usr/lib/libdw.so.1 (0x00007f61bec62000)
	liborc-0.4.so.0 => /usr/lib/liborc-0.4.so.0 (0x00007f61bcaee000)
	libEGL.so.1 => /usr/lib/libEGL.so.1 (0x00007f61bec50000)
	libGLX.so.0 => /usr/lib/libGLX.so.0 (0x00007f61bec1f000)
	libX11-xcb.so.1 => /usr/lib/libX11-xcb.so.1 (0x00007f61bf202000)
	libgudev-1.0.so.0 => /usr/lib/libgudev-1.0.so.0 (0x00007f61bec13000)
	libsharpyuv.so.0 => /usr/lib/libsharpyuv.so.0 (0x00007f61bec0a000)
	libjxl_cms.so.0.12 => /usr/lib/libjxl_cms.so.0.12 (0x00007f61bebe1000)
	libhwy.so.1 => /usr/lib/libhwy.so.1 (0x00007f61bebd2000)
	libbrotlienc.so.1 => /usr/lib/libbrotlienc.so.1 (0x00007f61bca2e000)
	libyuv.so => /usr/lib/libyuv.so (0x00007f61bc987000)
	libdav1d.so.7 => /usr/lib/libdav1d.so.7 (0x00007f61bc7a6000)
	librav1e.so.0.8 => /usr/lib/librav1e.so.0.8 (0x00007f61bc400000)
	libSvtAv1Enc.so.4 => /usr/lib/libSvtAv1Enc.so.4 (0x00007f61b3e00000)
	libaom.so.3 => /usr/lib/libaom.so.3 (0x00007f61b3400000)
	libhidapi-hidraw.so.0 => /usr/lib/libhidapi-hidraw.so.0 (0x00007f61bebca000)
	libevdev.so.2 => /usr/lib/libevdev.so.2 (0x00007f61bebb4000)
	libtss2-esys.so.0 => /usr/lib/libtss2-esys.so.0 (0x00007f61bc36e000)
	libtss2-mu.so.0 => /usr/lib/libtss2-mu.so.0 (0x00007f61bc75c000)
	libtss2-rc.so.0 => /usr/lib/libtss2-rc.so.0 (0x00007f61bebab000)
	libtss2-tctildr.so.0 => /usr/lib/libtss2-tctildr.so.0 (0x00007f61beba1000)
	libunistring.so.5 => /usr/lib/libunistring.so.5 (0x00007f61b3219000)
	libidn2.so.0 => /usr/lib/libidn2.so.0 (0x00007f61bc73a000)
	libbrotlicommon.so.1 => /usr/lib/libbrotlicommon.so.1 (0x00007f61b3ddd000)
	libkrb5.so.3 => /usr/lib/libkrb5.so.3 (0x00007f61b3d0e000)
	libk5crypto.so.3 => /usr/lib/libk5crypto.so.3 (0x00007f61b3ce0000)
	libcom_err.so.2 => /usr/lib/libcom_err.so.2 (0x00007f61beb99000)
	libkrb5support.so.0 => /usr/lib/libkrb5support.so.0 (0x00007f61bc72b000)
	libkeyutils.so.1 => /usr/lib/libkeyutils.so.1 (0x00007f61bc724000)
	libresolv.so.2 => /usr/lib/libresolv.so.2 (0x00007f61b3206000)
	libatspi.so.0 => /usr/lib/libatspi.so.0 (0x00007f61b31ca000)
	libdbus-1.so.3 => /usr/lib/libdbus-1.so.3 (0x00007f61b3177000)
	libdatrie.so.1 => /usr/lib/libdatrie.so.1 (0x00007f61b316e000)
	libXau.so.6 => /usr/lib/libXau.so.6 (0x00007f61b3169000)
	libXdmcp.so.6 => /usr/lib/libXdmcp.so.6 (0x00007f61b3161000)
	libblkid.so.1 => /usr/lib/libblkid.so.1 (0x00007f61b3121000)
	liblzma.so.5 => /usr/lib/liblzma.so.5 (0x00007f61b30ec000)
	libelf.so.1 => /usr/lib/libelf.so.1 (0x00007f61b30ce000)
	libzstd.so.1 => /usr/lib/libzstd.so.1 (0x00007f61b2fe8000)
	libGLdispatch.so.0 => /usr/lib/libGLdispatch.so.0 (0x00007f61b2f6f000)
	libudev.so.1 => /usr/lib/libudev.so.1 (0x00007f61b2f1d000)
	libcrypto.so.3 => /usr/lib/libcrypto.so.3 (0x00007f61b2800000)
	libtss2-sys.so.1 => /usr/lib/libtss2-sys.so.1 (0x00007f61b2efb000)
