[06:58:41.600728] {Default Queue}  -> wl_display#1.get_registry(new id wl_registry#2)
[06:58:41.600755] {Default Queue}  -> wl_display#1.sync(new id wl_callback#3)
[06:58:41.600841] {Display Queue} wl_display#1.delete_id(3)
[06:58:41.600847] {Default Queue} wl_registry#2.global(1, "wl_seat", 9)
[06:58:41.600852] {Default Queue} wl_registry#2.global(2, "wl_data_device_manager", 3)
[06:58:41.600855] {Default Queue}  -> wl_registry#2.bind(2, "wl_data_device_manager", 3, new id [unknown]#4)
[06:58:41.600859] {Default Queue} wl_registry#2.global(3, "wl_compositor", 6)
[06:58:41.600862] {Default Queue}  -> wl_registry#2.bind(3, "wl_compositor", 3, new id [unknown]#5)
[06:58:41.600864] {Default Queue} wl_registry#2.global(4, "wl_subcompositor", 1)
[06:58:41.600867] {Default Queue}  -> wl_registry#2.bind(4, "wl_subcompositor", 1, new id [unknown]#6)
[06:58:41.600870] {Default Queue} wl_registry#2.global(5, "wl_shm", 2)
[06:58:41.600872] {Default Queue}  -> wl_registry#2.bind(5, "wl_shm", 1, new id [unknown]#7)
[06:58:41.600875] {Default Queue} wl_registry#2.global(6, "wp_viewporter", 1)
[06:58:41.600878] {Default Queue} wl_registry#2.global(7, "wp_tearing_control_manager_v1", 1)
[06:58:41.600880] {Default Queue} wl_registry#2.global(8, "wp_fractional_scale_manager_v1", 1)
[06:58:41.600883] {Default Queue} wl_registry#2.global(9, "zxdg_output_manager_v1", 3)
[06:58:41.600886] {Default Queue}  -> wl_registry#2.bind(9, "zxdg_output_manager_v1", 3, new id [unknown]#8)
[06:58:41.600889] {Default Queue}  -> wl_display#1.sync(new id wl_callback#9)
[06:58:41.600892] {Default Queue} wl_registry#2.global(10, "wp_cursor_shape_manager_v1", 2)
[06:58:41.600895] {Default Queue}  -> wl_registry#2.bind(10, "wp_cursor_shape_manager_v1", 1, new id [unknown]#10)
[06:58:41.600897] {Default Queue} wl_registry#2.global(11, "zwp_idle_inhibit_manager_v1", 1)
[06:58:41.600900] {Default Queue} wl_registry#2.global(12, "zwp_relative_pointer_manager_v1", 1)
[06:58:41.600902] {Default Queue} wl_registry#2.global(13, "zxdg_decoration_manager_v1", 2)
[06:58:41.600904] {Default Queue} wl_registry#2.global(14, "wp_alpha_modifier_v1", 1)
[06:58:41.600907] {Default Queue} wl_registry#2.global(15, "zwlr_gamma_control_manager_v1", 1)
[06:58:41.600909] {Default Queue} wl_registry#2.global(16, "ext_foreign_toplevel_list_v1", 1)
[06:58:41.600912] {Default Queue} wl_registry#2.global(17, "zwp_pointer_gestures_v1", 3)
[06:58:41.600916] {Default Queue}  -> wl_registry#2.bind(17, "zwp_pointer_gestures_v1", 1, new id [unknown]#11)
[06:58:41.600919] {Default Queue} wl_registry#2.global(18, "zwlr_foreign_toplevel_manager_v1", 3)
[06:58:41.600922] {Default Queue} wl_registry#2.global(19, "zwp_keyboard_shortcuts_inhibit_manager_v1", 1)
[06:58:41.600924] {Default Queue}  -> wl_registry#2.bind(19, "zwp_keyboard_shortcuts_inhibit_manager_v1", 1, new id [unknown]#12)
[06:58:41.600928] {Default Queue} wl_registry#2.global(20, "zwp_text_input_manager_v1", 1)
[06:58:41.600931] {Default Queue} wl_registry#2.global(21, "zwp_text_input_manager_v3", 1)
[06:58:41.600933] {Default Queue} wl_registry#2.global(22, "zwp_pointer_constraints_v1", 1)
[06:58:41.600936] {Default Queue} wl_registry#2.global(23, "zwlr_output_power_manager_v1", 1)
[06:58:41.600938] {Default Queue} wl_registry#2.global(24, "xdg_activation_v1", 1)
[06:58:41.600941] {Default Queue}  -> wl_registry#2.bind(24, "xdg_activation_v1", 1, new id [unknown]#13)
[06:58:41.600944] {Default Queue} wl_registry#2.global(25, "ext_idle_notifier_v1", 2)
[06:58:41.600946] {Default Queue} wl_registry#2.global(26, "hyprland_lock_notifier_v1", 1)
[06:58:41.600949] {Default Queue} wl_registry#2.global(27, "ext_session_lock_manager_v1", 1)
[06:58:41.600951] {Default Queue} wl_registry#2.global(28, "zwp_input_method_manager_v2", 1)
[06:58:41.600954] {Default Queue} wl_registry#2.global(29, "zwp_virtual_keyboard_manager_v1", 1)
[06:58:41.600956] {Default Queue} wl_registry#2.global(30, "zwlr_virtual_pointer_manager_v1", 2)
[06:58:41.600959] {Default Queue} wl_registry#2.global(31, "zwlr_output_manager_v1", 4)
[06:58:41.600962] {Default Queue} wl_registry#2.global(32, "org_kde_kwin_server_decoration_manager", 1)
[06:58:41.600970] {Default Queue}  -> wl_registry#2.bind(32, "org_kde_kwin_server_decoration_manager", 1, new id [unknown]#14)
[06:58:41.600975] {Default Queue} wl_registry#2.global(33, "hyprland_focus_grab_manager_v1", 1)
[06:58:41.600978] {Default Queue} wl_registry#2.global(34, "zwp_tablet_manager_v2", 1)
[06:58:41.600981] {Default Queue}  -> wl_registry#2.bind(34, "zwp_tablet_manager_v2", 1, new id [unknown]#15)
[06:58:41.600984] {Default Queue} wl_registry#2.global(35, "zwlr_layer_shell_v1", 5)
[06:58:41.600986] {Default Queue} wl_registry#2.global(36, "wp_presentation", 2)
[06:58:41.600989] {Default Queue} wl_registry#2.global(37, "xdg_wm_base", 7)
[06:58:41.600992] {Default Queue} wl_registry#2.global(38, "zwlr_data_control_manager_v1", 2)
[06:58:41.600995] {Default Queue} wl_registry#2.global(39, "zwp_primary_selection_device_manager_v1", 1)
[06:58:41.600998] {Default Queue}  -> wl_registry#2.bind(39, "zwp_primary_selection_device_manager_v1", 1, new id [unknown]#16)
[06:58:41.601000] {Default Queue} wl_registry#2.global(40, "xwayland_shell_v1", 1)
[06:58:41.601003] {Default Queue} wl_registry#2.global(41, "hyprland_toplevel_mapping_manager_v1", 1)
[06:58:41.601005] {Default Queue} wl_registry#2.global(42, "hyprland_global_shortcuts_manager_v1", 1)
[06:58:41.601008] {Default Queue} wl_registry#2.global(43, "xdg_wm_dialog_v1", 1)
[06:58:41.601011] {Default Queue} wl_registry#2.global(44, "wp_single_pixel_buffer_manager_v1", 1)
[06:58:41.601014] {Default Queue} wl_registry#2.global(45, "wp_security_context_manager_v1", 1)
[06:58:41.601017] {Default Queue} wl_registry#2.global(46, "hyprland_ctm_control_manager_v1", 2)
[06:58:41.601020] {Default Queue} wl_registry#2.global(47, "hyprland_input_capture_manager_v1", 1)
[06:58:41.601023] {Default Queue} wl_registry#2.global(48, "hyprland_surface_manager_v1", 2)
[06:58:41.601026] {Default Queue} wl_registry#2.global(49, "wp_content_type_manager_v1", 1)
[06:58:41.601028] {Default Queue} wl_registry#2.global(50, "xdg_toplevel_tag_manager_v1", 1)
[06:58:41.601031] {Default Queue} wl_registry#2.global(51, "xdg_system_bell_v1", 1)
[06:58:41.601034] {Default Queue} wl_registry#2.global(52, "vicinae_hotkey_manager_v1", 1)
[06:58:41.601037] {Default Queue} wl_registry#2.global(53, "ext_workspace_manager_v1", 1)
[06:58:41.601040] {Default Queue} wl_registry#2.global(54, "ext_data_control_manager_v1", 1)
[06:58:41.601043] {Default Queue} wl_registry#2.global(55, "wp_pointer_warp_v1", 1)
[06:58:41.601045] {Default Queue} wl_registry#2.global(56, "wp_fifo_manager_v1", 1)
[06:58:41.601048] {Default Queue} wl_registry#2.global(57, "zxdg_exporter_v2", 1)
[06:58:41.601051] {Default Queue}  -> wl_registry#2.bind(57, "zxdg_exporter_v2", 1, new id [unknown]#17)
[06:58:41.601054] {Default Queue} wl_registry#2.global(58, "zxdg_importer_v2", 1)
[06:58:41.601057] {Default Queue}  -> wl_registry#2.bind(58, "zxdg_importer_v2", 1, new id [unknown]#18)
[06:58:41.601060] {Default Queue} wl_registry#2.global(59, "ext_background_effect_manager_v1", 1)
[06:58:41.601063] {Default Queue} wl_registry#2.global(60, "wp_commit_timing_manager_v1", 1)
[06:58:41.601066] {Default Queue} wl_registry#2.global(61, "zwlr_screencopy_manager_v1", 3)
[06:58:41.601070] {Default Queue} wl_registry#2.global(62, "hyprland_toplevel_export_manager_v1", 2)
[06:58:41.601073] {Default Queue} wl_registry#2.global(63, "ext_output_image_capture_source_manager_v1", 1)
[06:58:41.601077] {Default Queue} wl_registry#2.global(64, "ext_foreign_toplevel_image_capture_source_manager_v1", 1)
[06:58:41.601080] {Default Queue} wl_registry#2.global(65, "ext_image_copy_capture_manager_v1", 1)
[06:58:41.601083] {Default Queue} wl_registry#2.global(66, "wp_color_manager_v1", 3)
[06:58:41.601086] {Default Queue} wl_registry#2.global(67, "wl_drm", 2)
[06:58:41.601089] {Default Queue} wl_registry#2.global(68, "zwp_linux_dmabuf_v1", 5)
[06:58:41.601092] {Default Queue} wl_registry#2.global(69, "wl_output", 4)
[06:58:41.601095] {Default Queue}  -> wl_registry#2.bind(69, "wl_output", 2, new id [unknown]#19)
[06:58:41.601125] {Default Queue}  -> zxdg_output_manager_v1#8.get_xdg_output(new id zxdg_output_v1#20, wl_output#19)
[06:58:41.601131] {Default Queue}  -> wl_display#1.sync(new id wl_callback#21)
[06:58:41.601135] {Default Queue} wl_callback#3.done(72)
[06:58:41.601165] {Default Queue}  -> wl_shm#7.create_pool(new id wl_shm_pool#3, fd 8, 2304)
[06:58:41.601241] {Default Queue}  -> wl_shm_pool#3.resize(6912)
[06:58:41.601286] {Default Queue}  -> wl_shm_pool#3.resize(16128)
[06:58:41.601363] {Default Queue}  -> wl_shm_pool#3.resize(34560)
[06:58:41.601501] {Default Queue}  -> wl_shm_pool#3.resize(71424)
[06:58:41.601765] {Default Queue}  -> wl_shm_pool#3.resize(145152)
[06:58:41.602715] {Default Queue}  -> wl_shm_pool#3.resize(292608)
[06:58:41.603762] {Default Queue}  -> wl_shm_pool#3.resize(587520)
[06:58:41.607922] {Default Queue}  -> wl_registry#2.bind(1, "wl_seat", 5, new id [unknown]#22)
[06:58:41.609544] {Default Queue}  -> wl_compositor#5.create_surface(new id wl_surface#23)
[06:58:41.609558] {Default Queue}  -> zwp_primary_selection_device_manager_v1#16.get_device(new id zwp_primary_selection_device_v1#24, wl_seat#22)
[06:58:41.609566] {Default Queue}  -> wl_data_device_manager#4.get_data_device(new id wl_data_device#25, wl_seat#22)
[06:58:41.609611] {Default Queue}  -> wl_compositor#5.create_surface(new id wl_surface#26)
[06:58:41.609616] {Default Queue}  -> zwp_tablet_manager_v2#15.get_tablet_seat(new id zwp_tablet_seat_v2#27, wl_seat#22)
[06:58:41.609621] {Default Queue}  -> wl_display#1.sync(new id wl_callback#28)
[06:58:41.609773] {Display Queue} wl_display#1.delete_id(9)
[06:58:41.609778] {Display Queue} wl_display#1.delete_id(21)
[06:58:41.609781] {Display Queue} wl_display#1.delete_id(28)
[06:58:41.609783] {Default Queue} wl_shm#7.format(0)
[06:58:41.609786] {Default Queue} wl_shm#7.format(1)
[06:58:41.609789] {Default Queue} wl_shm#7.format(875709016)
[06:58:41.609791] {Default Queue} wl_shm#7.format(875708993)
[06:58:41.609793] {Default Queue} wl_shm#7.format(808669784)
[06:58:41.609796] {Default Queue} wl_shm#7.format(808669761)
[06:58:41.609798] {Default Queue} wl_shm#7.format(808665688)
[06:58:41.609800] {Default Queue} wl_shm#7.format(808665665)
[06:58:41.609802] {Default Queue} wl_callback#9.done(72)
[06:58:41.609805] {Default Queue} org_kde_kwin_server_decoration_manager#14.default_mode(2)
[06:58:41.609809] {Default Queue} wl_output#19.scale(1)
[06:58:41.609812] {Default Queue} wl_output#19.mode(1, 800, 600, 60000)
[06:58:41.609816] {Default Queue} wl_output#19.geometry(0, 0, 0, 0, 1, "", "", 0)
[06:58:41.609821] {Default Queue} wl_output#19.done()
[06:58:41.609831] {Default Queue} zxdg_output_v1#20.name("WAYLAND-1")
[06:58:41.609835] {Default Queue} zxdg_output_v1#20.logical_position(0, 0)
[06:58:41.609838] {Default Queue} zxdg_output_v1#20.logical_size(800, 600)
[06:58:41.609841] {Default Queue} wl_output#19.done()
[06:58:41.609844] {Default Queue} wl_callback#21.done(72)
[06:58:41.609847] {Default Queue} wl_seat#22.name("Hyprland")
[06:58:41.609850] {Default Queue} wl_seat#22.capabilities(3)
[06:58:41.609853] {Default Queue}  -> wl_seat#22.get_pointer(new id wl_pointer#21)
[06:58:41.609860] {Default Queue}  -> zwp_pointer_gestures_v1#11.get_swipe_gesture(new id zwp_pointer_gesture_swipe_v1#9, wl_pointer#21)
[06:58:41.609865] {Default Queue}  -> zwp_pointer_gestures_v1#11.get_pinch_gesture(new id zwp_pointer_gesture_pinch_v1#29, wl_pointer#21)
[06:58:41.609869] {Default Queue}  -> wp_cursor_shape_manager_v1#10.get_pointer(new id wp_cursor_shape_device_v1#30, wl_pointer#21)
[06:58:41.609876] {Default Queue}  -> wl_seat#22.get_keyboard(new id wl_keyboard#31)
[06:58:41.609881] {Default Queue} wl_callback#28.done(72)
[06:58:41.609885] {Default Queue}  -> wl_registry#2.bind(37, "xdg_wm_base", 6, new id [unknown]#28)
[06:58:41.625722] {Default Queue}  -> wl_display#1.get_registry(new id wl_registry#32)
[06:58:41.625737] {Default Queue}  -> wl_display#1.sync(new id wl_callback#33)
[06:58:41.625913] {Display Queue} wl_display#1.delete_id(33)
[06:58:41.625932] {Default Queue} wl_keyboard#31.keymap(1, fd 4, 35572)
[06:58:41.626750] {Default Queue} wl_keyboard#31.repeat_info(25, 600)
[06:58:41.626763] {Default Queue} wl_registry#32.global(1, "wl_seat", 9)
[06:58:41.626771] {Default Queue} wl_registry#32.global(2, "wl_data_device_manager", 3)
[06:58:41.626775] {Default Queue} wl_registry#32.global(3, "wl_compositor", 6)
[06:58:41.626778] {Default Queue} wl_registry#32.global(4, "wl_subcompositor", 1)
[06:58:41.626781] {Default Queue} wl_registry#32.global(5, "wl_shm", 2)
[06:58:41.626784] {Default Queue} wl_registry#32.global(6, "wp_viewporter", 1)
[06:58:41.626786] {Default Queue} wl_registry#32.global(7, "wp_tearing_control_manager_v1", 1)
[06:58:41.626789] {Default Queue} wl_registry#32.global(8, "wp_fractional_scale_manager_v1", 1)
[06:58:41.626792] {Default Queue} wl_registry#32.global(9, "zxdg_output_manager_v1", 3)
[06:58:41.626794] {Default Queue} wl_registry#32.global(10, "wp_cursor_shape_manager_v1", 2)
[06:58:41.626797] {Default Queue} wl_registry#32.global(11, "zwp_idle_inhibit_manager_v1", 1)
[06:58:41.626800] {Default Queue} wl_registry#32.global(12, "zwp_relative_pointer_manager_v1", 1)
[06:58:41.626802] {Default Queue} wl_registry#32.global(13, "zxdg_decoration_manager_v1", 2)
[06:58:41.626805] {Default Queue} wl_registry#32.global(14, "wp_alpha_modifier_v1", 1)
[06:58:41.626808] {Default Queue} wl_registry#32.global(15, "zwlr_gamma_control_manager_v1", 1)
[06:58:41.626810] {Default Queue} wl_registry#32.global(16, "ext_foreign_toplevel_list_v1", 1)
[06:58:41.626813] {Default Queue} wl_registry#32.global(17, "zwp_pointer_gestures_v1", 3)
[06:58:41.626815] {Default Queue} wl_registry#32.global(18, "zwlr_foreign_toplevel_manager_v1", 3)
[06:58:41.626818] {Default Queue} wl_registry#32.global(19, "zwp_keyboard_shortcuts_inhibit_manager_v1", 1)
[06:58:41.626820] {Default Queue} wl_registry#32.global(20, "zwp_text_input_manager_v1", 1)
[06:58:41.626823] {Default Queue} wl_registry#32.global(21, "zwp_text_input_manager_v3", 1)
[06:58:41.626826] {Default Queue} wl_registry#32.global(22, "zwp_pointer_constraints_v1", 1)
[06:58:41.626829] {Default Queue} wl_registry#32.global(23, "zwlr_output_power_manager_v1", 1)
[06:58:41.626832] {Default Queue} wl_registry#32.global(24, "xdg_activation_v1", 1)
[06:58:41.626834] {Default Queue} wl_registry#32.global(25, "ext_idle_notifier_v1", 2)
[06:58:41.626837] {Default Queue} wl_registry#32.global(26, "hyprland_lock_notifier_v1", 1)
[06:58:41.626839] {Default Queue} wl_registry#32.global(27, "ext_session_lock_manager_v1", 1)
[06:58:41.626842] {Default Queue} wl_registry#32.global(28, "zwp_input_method_manager_v2", 1)
[06:58:41.626845] {Default Queue} wl_registry#32.global(29, "zwp_virtual_keyboard_manager_v1", 1)
[06:58:41.626847] {Default Queue} wl_registry#32.global(30, "zwlr_virtual_pointer_manager_v1", 2)
[06:58:41.626850] {Default Queue} wl_registry#32.global(31, "zwlr_output_manager_v1", 4)
[06:58:41.626853] {Default Queue} wl_registry#32.global(32, "org_kde_kwin_server_decoration_manager", 1)
[06:58:41.626855] {Default Queue} wl_registry#32.global(33, "hyprland_focus_grab_manager_v1", 1)
[06:58:41.626858] {Default Queue} wl_registry#32.global(34, "zwp_tablet_manager_v2", 1)
[06:58:41.626860] {Default Queue} wl_registry#32.global(35, "zwlr_layer_shell_v1", 5)
[06:58:41.626863] {Default Queue}  -> wl_registry#32.bind(35, "zwlr_layer_shell_v1", 4, new id [unknown]#34)
[06:58:41.626867] {Default Queue} wl_registry#32.global(36, "wp_presentation", 2)
[06:58:41.626870] {Default Queue} wl_registry#32.global(37, "xdg_wm_base", 7)
[06:58:41.626873] {Default Queue}  -> wl_registry#32.bind(37, "xdg_wm_base", 7, new id [unknown]#35)
[06:58:41.626876] {Default Queue} wl_registry#32.global(38, "zwlr_data_control_manager_v1", 2)
[06:58:41.626879] {Default Queue} wl_registry#32.global(39, "zwp_primary_selection_device_manager_v1", 1)
[06:58:41.626882] {Default Queue} wl_registry#32.global(40, "xwayland_shell_v1", 1)
[06:58:41.626884] {Default Queue} wl_registry#32.global(41, "hyprland_toplevel_mapping_manager_v1", 1)
[06:58:41.626887] {Default Queue} wl_registry#32.global(42, "hyprland_global_shortcuts_manager_v1", 1)
[06:58:41.626893] {Default Queue} wl_registry#32.global(43, "xdg_wm_dialog_v1", 1)
[06:58:41.626897] {Default Queue} wl_registry#32.global(44, "wp_single_pixel_buffer_manager_v1", 1)
[06:58:41.626900] {Default Queue} wl_registry#32.global(45, "wp_security_context_manager_v1", 1)
[06:58:41.626902] {Default Queue} wl_registry#32.global(46, "hyprland_ctm_control_manager_v1", 2)
[06:58:41.626905] {Default Queue} wl_registry#32.global(47, "hyprland_input_capture_manager_v1", 1)
[06:58:41.626907] {Default Queue} wl_registry#32.global(48, "hyprland_surface_manager_v1", 2)
[06:58:41.626910] {Default Queue} wl_registry#32.global(49, "wp_content_type_manager_v1", 1)
[06:58:41.626913] {Default Queue} wl_registry#32.global(50, "xdg_toplevel_tag_manager_v1", 1)
[06:58:41.626915] {Default Queue} wl_registry#32.global(51, "xdg_system_bell_v1", 1)
[06:58:41.626918] {Default Queue} wl_registry#32.global(52, "vicinae_hotkey_manager_v1", 1)
[06:58:41.626920] {Default Queue} wl_registry#32.global(53, "ext_workspace_manager_v1", 1)
[06:58:41.626923] {Default Queue} wl_registry#32.global(54, "ext_data_control_manager_v1", 1)
[06:58:41.626925] {Default Queue} wl_registry#32.global(55, "wp_pointer_warp_v1", 1)
[06:58:41.626928] {Default Queue} wl_registry#32.global(56, "wp_fifo_manager_v1", 1)
[06:58:41.626931] {Default Queue} wl_registry#32.global(57, "zxdg_exporter_v2", 1)
[06:58:41.626934] {Default Queue} wl_registry#32.global(58, "zxdg_importer_v2", 1)
[06:58:41.626936] {Default Queue} wl_registry#32.global(59, "ext_background_effect_manager_v1", 1)
[06:58:41.626939] {Default Queue} wl_registry#32.global(60, "wp_commit_timing_manager_v1", 1)
[06:58:41.626941] {Default Queue} wl_registry#32.global(61, "zwlr_screencopy_manager_v1", 3)
[06:58:41.626944] {Default Queue} wl_registry#32.global(62, "hyprland_toplevel_export_manager_v1", 2)
[06:58:41.626946] {Default Queue} wl_registry#32.global(63, "ext_output_image_capture_source_manager_v1", 1)
[06:58:41.626949] {Default Queue} wl_registry#32.global(64, "ext_foreign_toplevel_image_capture_source_manager_v1", 1)
[06:58:41.626951] {Default Queue} wl_registry#32.global(65, "ext_image_copy_capture_manager_v1", 1)
[06:58:41.626953] {Default Queue} wl_registry#32.global(66, "wp_color_manager_v1", 3)
[06:58:41.626956] {Default Queue} wl_registry#32.global(67, "wl_drm", 2)
[06:58:41.626958] {Default Queue} wl_registry#32.global(68, "zwp_linux_dmabuf_v1", 5)
[06:58:41.626961] {Default Queue} wl_registry#32.global(69, "wl_output", 4)
[06:58:41.626963] {Default Queue} wl_callback#33.done(72)
[06:58:41.654082] {Default Queue}  -> wl_compositor#5.create_surface(new id wl_surface#33)
[06:58:41.654387] {mesa egl display queue}  -> wl_display#1.get_registry(new id wl_registry#36)
[06:58:41.654394] {mesa egl display queue}  -> wl_display#1.sync(new id wl_callback#37)
[06:58:41.654764] {Display Queue} wl_display#1.delete_id(37)
[06:58:41.654780] {mesa egl display queue} wl_registry#36.global(1, "wl_seat", 9)
[06:58:41.654785] {mesa egl display queue} wl_registry#36.global(2, "wl_data_device_manager", 3)
[06:58:41.654788] {mesa egl display queue} wl_registry#36.global(3, "wl_compositor", 6)
[06:58:41.654791] {mesa egl display queue} wl_registry#36.global(4, "wl_subcompositor", 1)
[06:58:41.654793] {mesa egl display queue} wl_registry#36.global(5, "wl_shm", 2)
[06:58:41.654796] {mesa egl display queue} wl_registry#36.global(6, "wp_viewporter", 1)
[06:58:41.654798] {mesa egl display queue} wl_registry#36.global(7, "wp_tearing_control_manager_v1", 1)
[06:58:41.654801] {mesa egl display queue} wl_registry#36.global(8, "wp_fractional_scale_manager_v1", 1)
[06:58:41.654804] {mesa egl display queue} wl_registry#36.global(9, "zxdg_output_manager_v1", 3)
[06:58:41.654807] {mesa egl display queue} wl_registry#36.global(10, "wp_cursor_shape_manager_v1", 2)
[06:58:41.654809] {mesa egl display queue} wl_registry#36.global(11, "zwp_idle_inhibit_manager_v1", 1)
[06:58:41.654811] {mesa egl display queue} wl_registry#36.global(12, "zwp_relative_pointer_manager_v1", 1)
[06:58:41.654814] {mesa egl display queue} wl_registry#36.global(13, "zxdg_decoration_manager_v1", 2)
[06:58:41.654823] {mesa egl display queue} wl_registry#36.global(14, "wp_alpha_modifier_v1", 1)
[06:58:41.654835] {mesa egl display queue} wl_registry#36.global(15, "zwlr_gamma_control_manager_v1", 1)
[06:58:41.654837] {mesa egl display queue} wl_registry#36.global(16, "ext_foreign_toplevel_list_v1", 1)
[06:58:41.654839] {mesa egl display queue} wl_registry#36.global(17, "zwp_pointer_gestures_v1", 3)
[06:58:41.654842] {mesa egl display queue} wl_registry#36.global(18, "zwlr_foreign_toplevel_manager_v1", 3)
[06:58:41.654844] {mesa egl display queue} wl_registry#36.global(19, "zwp_keyboard_shortcuts_inhibit_manager_v1", 1)
[06:58:41.654847] {mesa egl display queue} wl_registry#36.global(20, "zwp_text_input_manager_v1", 1)
[06:58:41.654850] {mesa egl display queue} wl_registry#36.global(21, "zwp_text_input_manager_v3", 1)
[06:58:41.654852] {mesa egl display queue} wl_registry#36.global(22, "zwp_pointer_constraints_v1", 1)
[06:58:41.654855] {mesa egl display queue} wl_registry#36.global(23, "zwlr_output_power_manager_v1", 1)
[06:58:41.654858] {mesa egl display queue} wl_registry#36.global(24, "xdg_activation_v1", 1)
[06:58:41.654860] {mesa egl display queue} wl_registry#36.global(25, "ext_idle_notifier_v1", 2)
[06:58:41.654863] {mesa egl display queue} wl_registry#36.global(26, "hyprland_lock_notifier_v1", 1)
[06:58:41.654865] {mesa egl display queue} wl_registry#36.global(27, "ext_session_lock_manager_v1", 1)
[06:58:41.654867] {mesa egl display queue} wl_registry#36.global(28, "zwp_input_method_manager_v2", 1)
[06:58:41.654869] {mesa egl display queue} wl_registry#36.global(29, "zwp_virtual_keyboard_manager_v1", 1)
[06:58:41.654872] {mesa egl display queue} wl_registry#36.global(30, "zwlr_virtual_pointer_manager_v1", 2)
[06:58:41.654874] {mesa egl display queue} wl_registry#36.global(31, "zwlr_output_manager_v1", 4)
[06:58:41.654876] {mesa egl display queue} wl_registry#36.global(32, "org_kde_kwin_server_decoration_manager", 1)
[06:58:41.654878] {mesa egl display queue} wl_registry#36.global(33, "hyprland_focus_grab_manager_v1", 1)
[06:58:41.654880] {mesa egl display queue} wl_registry#36.global(34, "zwp_tablet_manager_v2", 1)
[06:58:41.654882] {mesa egl display queue} wl_registry#36.global(35, "zwlr_layer_shell_v1", 5)
[06:58:41.654884] {mesa egl display queue} wl_registry#36.global(36, "wp_presentation", 2)
[06:58:41.654888] {mesa egl display queue}  -> wl_registry#36.bind(36, "wp_presentation", 1, new id [unknown]#38)
[06:58:41.654891] {mesa egl display queue} wl_registry#36.global(37, "xdg_wm_base", 7)
[06:58:41.654893] {mesa egl display queue} wl_registry#36.global(38, "zwlr_data_control_manager_v1", 2)
[06:58:41.654895] {mesa egl display queue} wl_registry#36.global(39, "zwp_primary_selection_device_manager_v1", 1)
[06:58:41.654898] {mesa egl display queue} wl_registry#36.global(40, "xwayland_shell_v1", 1)
[06:58:41.654900] {mesa egl display queue} wl_registry#36.global(41, "hyprland_toplevel_mapping_manager_v1", 1)
[06:58:41.654902] {mesa egl display queue} wl_registry#36.global(42, "hyprland_global_shortcuts_manager_v1", 1)
[06:58:41.654904] {mesa egl display queue} wl_registry#36.global(43, "xdg_wm_dialog_v1", 1)
[06:58:41.654906] {mesa egl display queue} wl_registry#36.global(44, "wp_single_pixel_buffer_manager_v1", 1)
[06:58:41.654909] {mesa egl display queue} wl_registry#36.global(45, "wp_security_context_manager_v1", 1)
[06:58:41.654911] {mesa egl display queue} wl_registry#36.global(46, "hyprland_ctm_control_manager_v1", 2)
[06:58:41.654913] {mesa egl display queue} wl_registry#36.global(47, "hyprland_input_capture_manager_v1", 1)
[06:58:41.654915] {mesa egl display queue} wl_registry#36.global(48, "hyprland_surface_manager_v1", 2)
[06:58:41.654917] {mesa egl display queue} wl_registry#36.global(49, "wp_content_type_manager_v1", 1)
[06:58:41.654919] {mesa egl display queue} wl_registry#36.global(50, "xdg_toplevel_tag_manager_v1", 1)
[06:58:41.654921] {mesa egl display queue} wl_registry#36.global(51, "xdg_system_bell_v1", 1)
[06:58:41.654925] {mesa egl display queue} wl_registry#36.global(52, "vicinae_hotkey_manager_v1", 1)
[06:58:41.654928] {mesa egl display queue} wl_registry#36.global(53, "ext_workspace_manager_v1", 1)
[06:58:41.654930] {mesa egl display queue} wl_registry#36.global(54, "ext_data_control_manager_v1", 1)
[06:58:41.654932] {mesa egl display queue} wl_registry#36.global(55, "wp_pointer_warp_v1", 1)
[06:58:41.654935] {mesa egl display queue} wl_registry#36.global(56, "wp_fifo_manager_v1", 1)
[06:58:41.654937] {mesa egl display queue} wl_registry#36.global(57, "zxdg_exporter_v2", 1)
[06:58:41.654939] {mesa egl display queue} wl_registry#36.global(58, "zxdg_importer_v2", 1)
[06:58:41.654941] {mesa egl display queue} wl_registry#36.global(59, "ext_background_effect_manager_v1", 1)
[06:58:41.654943] {mesa egl display queue} wl_registry#36.global(60, "wp_commit_timing_manager_v1", 1)
[06:58:41.654945] {mesa egl display queue} wl_registry#36.global(61, "zwlr_screencopy_manager_v1", 3)
[06:58:41.654948] {mesa egl display queue} wl_registry#36.global(62, "hyprland_toplevel_export_manager_v1", 2)
[06:58:41.654950] {mesa egl display queue} wl_registry#36.global(63, "ext_output_image_capture_source_manager_v1", 1)
[06:58:41.654952] {mesa egl display queue} wl_registry#36.global(64, "ext_foreign_toplevel_image_capture_source_manager_v1", 1)
[06:58:41.654954] {mesa egl display queue} wl_registry#36.global(65, "ext_image_copy_capture_manager_v1", 1)
[06:58:41.654957] {mesa egl display queue} wl_registry#36.global(66, "wp_color_manager_v1", 3)
[06:58:41.654959] {mesa egl display queue} wl_registry#36.global(67, "wl_drm", 2)
[06:58:41.654961] {mesa egl display queue} wl_registry#36.global(68, "zwp_linux_dmabuf_v1", 5)
[06:58:41.654964] {mesa egl display queue}  -> wl_registry#36.bind(68, "zwp_linux_dmabuf_v1", 4, new id [unknown]#39)
[06:58:41.654966] {mesa egl display queue} wl_registry#36.global(69, "wl_output", 4)
[06:58:41.654969] {mesa egl display queue} wl_callback#37.done(72)
[06:58:41.654972] {mesa egl display queue}  -> zwp_linux_dmabuf_v1#39.get_default_feedback(new id zwp_linux_dmabuf_feedback_v1#37)
[06:58:41.654976] {mesa egl display queue}  -> wl_display#1.sync(new id wl_callback#40)
[06:58:41.655208] {Display Queue} wl_display#1.delete_id(40)
[06:58:41.655224] {mesa egl display queue} wp_presentation#38.clock_id(1)
[06:58:41.655228] {mesa egl display queue} zwp_linux_dmabuf_feedback_v1#37.format_table(fd 11, 2960)
[06:58:41.655241] {mesa egl display queue} zwp_linux_dmabuf_feedback_v1#37.main_device(array[8])
[06:58:41.655506] {mesa egl display queue} zwp_linux_dmabuf_feedback_v1#37.tranche_target_device(array[8])
[06:58:41.655515] {mesa egl display queue} zwp_linux_dmabuf_feedback_v1#37.tranche_flags(0)
[06:58:41.655518] {mesa egl display queue} zwp_linux_dmabuf_feedback_v1#37.tranche_formats(array[370])
[06:58:41.655525] {mesa egl display queue} zwp_linux_dmabuf_feedback_v1#37.tranche_done()
[06:58:41.655528] {mesa egl display queue} zwp_linux_dmabuf_feedback_v1#37.done()
[06:58:41.655530] {mesa egl display queue} wl_callback#40.done(72)
[06:58:41.655533] {mesa egl display queue}  -> zwp_linux_dmabuf_feedback_v1#37.destroy()
[06:58:41.667766] {Default Queue}  -> wl_surface#33.destroy()
[06:58:41.667860] {Default Queue}  -> wl_compositor#5.create_surface(new id wl_surface#40)
[06:58:41.670775] {Default Queue}  -> wl_surface#40.destroy()
view-process-policy: related=1 distinct-manager=1
view-process-policy: related=1 distinct-manager=1
[06:58:41.683276] {Default Queue}  -> wl_compositor#5.create_surface(new id wl_surface#41)
[06:58:41.683779] {Default Queue}  -> wl_display#1.get_registry(new id wl_registry#42)
[06:58:41.683852] {Default Queue}  -> wl_surface#41.attach(nil, 0, 0)
[06:58:41.683861] {Default Queue}  -> zwlr_layer_shell_v1#34.get_layer_surface(new id zwlr_layer_surface_v1#43, wl_surface#41, wl_output#19, 2, "elm-shell-recovery-v17")
[06:58:41.683868] {Default Queue}  -> zwlr_layer_surface_v1#43.set_keyboard_interactivity(0)
[06:58:41.683871] {Default Queue}  -> zwlr_layer_surface_v1#43.set_exclusive_zone(48)
[06:58:41.683881] {Default Queue}  -> zwlr_layer_surface_v1#43.set_anchor(13)
[06:58:41.683894] {Default Queue}  -> zwlr_layer_surface_v1#43.set_margin(0, 0, 0, 0)
[06:58:41.683897] {Default Queue}  -> zwlr_layer_surface_v1#43.set_size(0, 48)
[06:58:41.683901] {Default Queue}  -> wl_surface#41.commit()
[06:58:41.683904] {Default Queue}  -> wl_display#1.sync(new id wl_callback#44)
[06:58:41.684104] {Display Queue} wl_display#1.delete_id(37)
[06:58:41.684120] {Display Queue} wl_display#1.delete_id(33)
[06:58:41.684124] {Display Queue} wl_display#1.delete_id(40)
[06:58:41.684127] {Display Queue} wl_display#1.delete_id(44)
[06:58:41.684130] {Default Queue} wl_registry#42.global(1, "wl_seat", 9)
[06:58:41.684134] {Default Queue} wl_registry#42.global(2, "wl_data_device_manager", 3)
[06:58:41.684137] {Default Queue} wl_registry#42.global(3, "wl_compositor", 6)
[06:58:41.684139] {Default Queue} wl_registry#42.global(4, "wl_subcompositor", 1)
[06:58:41.684143] {Default Queue} wl_registry#42.global(5, "wl_shm", 2)
[06:58:41.684146] {Default Queue} wl_registry#42.global(6, "wp_viewporter", 1)
[06:58:41.684148] {Default Queue} wl_registry#42.global(7, "wp_tearing_control_manager_v1", 1)
[06:58:41.684151] {Default Queue} wl_registry#42.global(8, "wp_fractional_scale_manager_v1", 1)
[06:58:41.684153] {Default Queue} wl_registry#42.global(9, "zxdg_output_manager_v1", 3)
[06:58:41.684156] {Default Queue} wl_registry#42.global(10, "wp_cursor_shape_manager_v1", 2)
[06:58:41.684158] {Default Queue} wl_registry#42.global(11, "zwp_idle_inhibit_manager_v1", 1)
[06:58:41.684161] {Default Queue} wl_registry#42.global(12, "zwp_relative_pointer_manager_v1", 1)
[06:58:41.684164] {Default Queue} wl_registry#42.global(13, "zxdg_decoration_manager_v1", 2)
[06:58:41.684166] {Default Queue} wl_registry#42.global(14, "wp_alpha_modifier_v1", 1)
[06:58:41.684169] {Default Queue} wl_registry#42.global(15, "zwlr_gamma_control_manager_v1", 1)
[06:58:41.684171] {Default Queue} wl_registry#42.global(16, "ext_foreign_toplevel_list_v1", 1)
[06:58:41.684174] {Default Queue} wl_registry#42.global(17, "zwp_pointer_gestures_v1", 3)
[06:58:41.684177] {Default Queue} wl_registry#42.global(18, "zwlr_foreign_toplevel_manager_v1", 3)
[06:58:41.684180] {Default Queue} wl_registry#42.global(19, "zwp_keyboard_shortcuts_inhibit_manager_v1", 1)
[06:58:41.684182] {Default Queue} wl_registry#42.global(20, "zwp_text_input_manager_v1", 1)
[06:58:41.684185] {Default Queue} wl_registry#42.global(21, "zwp_text_input_manager_v3", 1)
[06:58:41.684188] {Default Queue}  -> wl_registry#42.bind(21, "zwp_text_input_manager_v3", 1, new id [unknown]#40)
[06:58:41.684192] {Default Queue}  -> zwp_text_input_manager_v3#40.get_text_input(new id zwp_text_input_v3#33, wl_seat#22)
[06:58:41.684196] {Default Queue} wl_registry#42.global(22, "zwp_pointer_constraints_v1", 1)
[06:58:41.684199] {Default Queue} wl_registry#42.global(23, "zwlr_output_power_manager_v1", 1)
[06:58:41.684201] {Default Queue} wl_registry#42.global(24, "xdg_activation_v1", 1)
[06:58:41.684204] {Default Queue} wl_registry#42.global(25, "ext_idle_notifier_v1", 2)
[06:58:41.684207] {Default Queue} wl_registry#42.global(26, "hyprland_lock_notifier_v1", 1)
[06:58:41.684209] {Default Queue} wl_registry#42.global(27, "ext_session_lock_manager_v1", 1)
[06:58:41.684212] {Default Queue} wl_registry#42.global(28, "zwp_input_method_manager_v2", 1)
[06:58:41.684215] {Default Queue} wl_registry#42.global(29, "zwp_virtual_keyboard_manager_v1", 1)
[06:58:41.684217] {Default Queue} wl_registry#42.global(30, "zwlr_virtual_pointer_manager_v1", 2)
[06:58:41.684220] {Default Queue} wl_registry#42.global(31, "zwlr_output_manager_v1", 4)
[06:58:41.684223] {Default Queue} wl_registry#42.global(32, "org_kde_kwin_server_decoration_manager", 1)
[06:58:41.684225] {Default Queue} wl_registry#42.global(33, "hyprland_focus_grab_manager_v1", 1)
[06:58:41.684228] {Default Queue} wl_registry#42.global(34, "zwp_tablet_manager_v2", 1)
[06:58:41.684230] {Default Queue} wl_registry#42.global(35, "zwlr_layer_shell_v1", 5)
[06:58:41.684233] {Default Queue} wl_registry#42.global(36, "wp_presentation", 2)
[06:58:41.684241] {Default Queue} wl_registry#42.global(37, "xdg_wm_base", 7)
[06:58:41.684247] {Default Queue} wl_registry#42.global(38, "zwlr_data_control_manager_v1", 2)
[06:58:41.684250] {Default Queue} wl_registry#42.global(39, "zwp_primary_selection_device_manager_v1", 1)
[06:58:41.684253] {Default Queue} wl_registry#42.global(40, "xwayland_shell_v1", 1)
[06:58:41.684256] {Default Queue} wl_registry#42.global(41, "hyprland_toplevel_mapping_manager_v1", 1)
[06:58:41.684258] {Default Queue} wl_registry#42.global(42, "hyprland_global_shortcuts_manager_v1", 1)
[06:58:41.684261] {Default Queue} wl_registry#42.global(43, "xdg_wm_dialog_v1", 1)
[06:58:41.684263] {Default Queue} wl_registry#42.global(44, "wp_single_pixel_buffer_manager_v1", 1)
[06:58:41.684266] {Default Queue} wl_registry#42.global(45, "wp_security_context_manager_v1", 1)
[06:58:41.684269] {Default Queue} wl_registry#42.global(46, "hyprland_ctm_control_manager_v1", 2)
[06:58:41.684272] {Default Queue} wl_registry#42.global(47, "hyprland_input_capture_manager_v1", 1)
[06:58:41.684274] {Default Queue} wl_registry#42.global(48, "hyprland_surface_manager_v1", 2)
[06:58:41.684276] {Default Queue} wl_registry#42.global(49, "wp_content_type_manager_v1", 1)
[06:58:41.684279] {Default Queue} wl_registry#42.global(50, "xdg_toplevel_tag_manager_v1", 1)
[06:58:41.684282] {Default Queue} wl_registry#42.global(51, "xdg_system_bell_v1", 1)
[06:58:41.684284] {Default Queue} wl_registry#42.global(52, "vicinae_hotkey_manager_v1", 1)
[06:58:41.684286] {Default Queue} wl_registry#42.global(53, "ext_workspace_manager_v1", 1)
[06:58:41.684289] {Default Queue} wl_registry#42.global(54, "ext_data_control_manager_v1", 1)
[06:58:41.684292] {Default Queue} wl_registry#42.global(55, "wp_pointer_warp_v1", 1)
[06:58:41.684294] {Default Queue} wl_registry#42.global(56, "wp_fifo_manager_v1", 1)
[06:58:41.684296] {Default Queue} wl_registry#42.global(57, "zxdg_exporter_v2", 1)
[06:58:41.684299] {Default Queue} wl_registry#42.global(58, "zxdg_importer_v2", 1)
[06:58:41.684301] {Default Queue} wl_registry#42.global(59, "ext_background_effect_manager_v1", 1)
[06:58:41.684304] {Default Queue} wl_registry#42.global(60, "wp_commit_timing_manager_v1", 1)
[06:58:41.684306] {Default Queue} wl_registry#42.global(61, "zwlr_screencopy_manager_v1", 3)
[06:58:41.684309] {Default Queue} wl_registry#42.global(62, "hyprland_toplevel_export_manager_v1", 2)
[06:58:41.684312] {Default Queue} wl_registry#42.global(63, "ext_output_image_capture_source_manager_v1", 1)
[06:58:41.684314] {Default Queue} wl_registry#42.global(64, "ext_foreign_toplevel_image_capture_source_manager_v1", 1)
[06:58:41.684316] {Default Queue} wl_registry#42.global(65, "ext_image_copy_capture_manager_v1", 1)
[06:58:41.684319] {Default Queue} wl_registry#42.global(66, "wp_color_manager_v1", 3)
[06:58:41.684321] {Default Queue} wl_registry#42.global(67, "wl_drm", 2)
[06:58:41.684324] {Default Queue} wl_registry#42.global(68, "zwp_linux_dmabuf_v1", 5)
[06:58:41.684326] {Default Queue} wl_registry#42.global(69, "wl_output", 4)
[06:58:41.684328] {Default Queue} zwlr_layer_surface_v1#43.configure(73, 800, 48)
[06:58:41.684331] {Default Queue}  -> zwlr_layer_surface_v1#43.ack_configure(73)
[06:58:41.684335] {Default Queue} wl_callback#44.done(75)
[06:58:41.684388] {Default Queue}  -> wl_surface#41.commit()
view-added: id=1 geometry=0,0,800,600
shared-host-start: views=1 controllers=1 backend-clients=1 sandbox=1
[06:58:41.684873] {Default Queue} zwlr_layer_surface_v1#43.configure(76, 800, 48)
[06:58:41.684880] {Default Queue}  -> zwlr_layer_surface_v1#43.ack_configure(76)
[06:58:41.689265] {Default Queue}  -> wl_surface#41.set_buffer_scale(1)
[06:58:41.689345] {Default Queue}  -> wl_shm#7.create_pool(new id wl_shm_pool#44, fd 23, 153600)
[06:58:41.689354] {Default Queue}  -> wl_shm_pool#44.create_buffer(new id wl_buffer#37, 0, 800, 48, 3200, 0)
[06:58:41.689492] {Default Queue}  -> wl_surface#41.attach(wl_buffer#37, 0, 0)
[06:58:41.689498] {Default Queue}  -> wl_surface#41.set_buffer_scale(1)
[06:58:41.689501] {Default Queue}  -> wl_surface#41.damage(0, 0, 800, 48)
[06:58:41.689512] {Default Queue}  -> wl_compositor#5.create_region(new id wl_region#45)
[06:58:41.689519] {Default Queue}  -> wl_region#45.add(0, 0, 800, 48)
[06:58:41.689521] {Default Queue}  -> wl_surface#41.set_opaque_region(wl_region#45)
[06:58:41.689524] {Default Queue}  -> wl_region#45.destroy()
[06:58:41.689526] {Default Queue}  -> wl_surface#41.set_input_region(nil)
[06:58:41.689531] {Default Queue}  -> wl_surface#41.frame(new id wl_callback#46)
[06:58:41.689534] {Default Queue}  -> wl_surface#41.commit()
[06:58:41.689932] {Display Queue} wl_display#1.delete_id(45)
[06:58:41.689936] {Display Queue} wl_display#1.delete_id(46)
[06:58:41.689939] {Default Queue} wl_callback#46.done(65226332)
[06:58:41.689941] {Default Queue} wl_surface#41.enter(wl_output#19)
[06:58:41.689944] {Default Queue} wl_buffer#37.release()
[06:58:41.793165] {Default Queue}  -> wl_surface#41.set_buffer_scale(1)
[06:58:41.793195] {mesa egl surface queue}  -> zwp_linux_dmabuf_v1#39.get_surface_feedback(new id zwp_linux_dmabuf_feedback_v1#46, wl_surface#41)
[06:58:41.793207] {mesa egl display queue}  -> wl_display#1.sync(new id wl_callback#45)
[06:58:41.793261] {Display Queue} wl_display#1.delete_id(45)
[06:58:41.793266] {mesa egl display queue} wl_callback#45.done(76)
[06:58:41.793278] {mesa egl surface queue} zwp_linux_dmabuf_feedback_v1#46.format_table(fd 31, 2960)
[06:58:41.793288] {mesa egl surface queue} zwp_linux_dmabuf_feedback_v1#46.main_device(array[8])
[06:58:41.793292] {mesa egl surface queue} zwp_linux_dmabuf_feedback_v1#46.tranche_target_device(array[8])
[06:58:41.793295] {mesa egl surface queue} zwp_linux_dmabuf_feedback_v1#46.tranche_flags(0)
[06:58:41.793297] {mesa egl surface queue} zwp_linux_dmabuf_feedback_v1#46.tranche_formats(array[370])
[06:58:41.793303] {mesa egl surface queue} zwp_linux_dmabuf_feedback_v1#46.tranche_done()
[06:58:41.793307] {mesa egl surface queue} zwp_linux_dmabuf_feedback_v1#46.done()
[06:58:41.800258] {Default Queue}  -> wl_surface#41.attach(wl_buffer#37, 0, 0)
[06:58:41.800281] {Default Queue}  -> wl_surface#41.set_buffer_scale(1)
[06:58:41.800286] {Default Queue}  -> wl_surface#41.damage(0, 0, 800, 48)
[06:58:41.800307] {Default Queue}  -> wl_surface#41.frame(new id wl_callback#45)
[06:58:41.800311] {Default Queue}  -> wl_surface#41.commit()
[06:58:41.801900] {Default Queue} wl_buffer#37.release()
view-topology: {"viewProtocol":1,"kind":"view-topology","revision":"1","views":[{"id":"1","generation":"1"}]}
[06:58:41.805013] {Display Queue} wl_display#1.delete_id(45)
[06:58:41.805032] {Default Queue} wl_callback#45.done(65226445)

** (process:2): WARNING **: 00:58:41.806: Failed to get atspi registered event listeners: GDBus.Error:org.freedesktop.DBus.Error.NameHasNoOwner: Could not activate remote peer 'org.a11y.atspi.Registry': unit failed

surface-report: origin=bar {"kind":"surface-report","body":{"publication":null,"lease":null,"buttons":[],"focus":"","text":""}}
view-report: id=1 x=0 y=0 {"kind":"surface-report","body":{"publication":null,"lease":null,"buttons":[],"focus":"","text":""}}
view-refused: commit-preflight
surface-inspection: {"surfaceProtocol":2,"kind":"surface-inspection","publication":"0","lease":"0","body":{"phase":"Detached","transaction":"Idle","groups":[],"picker":null,"openerId":"applications:detached:0:control:opener","reconnectId":"reconnect"}}
[06:58:41.818258] {Default Queue}  -> wl_buffer#37.destroy()
[06:58:41.818282] {Default Queue}  -> wl_shm_pool#44.destroy()
[06:58:41.823083] {mesa egl display queue}  -> zwp_linux_dmabuf_v1#39.create_params(new id zwp_linux_buffer_params_v1#45)
[06:58:41.823112] {mesa egl surface queue}  -> zwp_linux_buffer_params_v1#45.add(fd 28, 0, 0, 3584, 16777216, 15)
[06:58:41.823121] {mesa egl surface queue}  -> zwp_linux_buffer_params_v1#45.add(fd 30, 1, 229376, 448, 16777216, 15)
[06:58:41.823126] {mesa egl surface queue}  -> zwp_linux_buffer_params_v1#45.add(fd 39, 2, 233472, 64, 16777216, 15)
[06:58:41.823130] {mesa egl surface queue}  -> zwp_linux_buffer_params_v1#45.create_immed(new id wl_buffer#47, 800, 48, 875713089, 0)
[06:58:41.823152] {mesa egl surface queue}  -> zwp_linux_buffer_params_v1#45.destroy()
[06:58:41.823156] {mesa egl surface queue}  -> wl_surface#41.attach(wl_buffer#47, 0, 0)
[06:58:41.823160] {mesa egl surface queue}  -> wl_surface#41.damage(0, 0, 2147483647, 2147483647)
[06:58:41.823164] {mesa egl surface queue}  -> wl_surface#41.commit()
[06:58:41.823167] {mesa egl surface queue}  -> wl_display#1.sync(new id wl_callback#48)
[06:58:41.823361] discarded [unknown]#37.[event 0](0 fd, 8 byte)
[06:58:41.823370] {Display Queue} wl_display#1.delete_id(37)
[06:58:41.823375] {Display Queue} wl_display#1.delete_id(44)
[06:58:41.823379] {Display Queue} wl_display#1.delete_id(45)
[06:58:41.823382] {Display Queue} wl_display#1.delete_id(48)
backend-frame: {"protocolVersion":3,"kind":"attached","binding":{"lifetime":"14029698177551515077","session":"4129833225276564705","frontend":"1"},"compositor":{"pid":296234,"instance":"efb50993780079460b0cbed1363e2166a2de1d9f_1791097115_997903575","coreHash":"efb50993780079460b0cbed1363e2166a2de1d9f_aq_0.15_hu_0.14_hg_0.5_hc_0.1_hlg_0.6"},"capabilities":{"observe":true,"effects":true,"minimizedState":true,"effectProtocol":1,"operations":["minimize","restore","activate"],"canonicalScene":false,"taskbarProjectionProtocol":1,"effectInvalidationProtocol":1}}
frontend-request: {"protocolVersion":3,"kind":"projection-request","binding":{"lifetime":"14029698177551515077","session":"4129833225276564705","frontend":"1"},"requestId":"1"}
surface-commit: publication=1 lease=0 open=0
view-commit: popup=0 focus=1 publication=1
surface-inspection: {"surfaceProtocol":2,"kind":"surface-inspection","publication":"1","lease":"0","body":{"phase":"Awaiting","transaction":"Idle","groups":[],"picker":null,"openerId":"applications:{\"lifetime\":\"14029698177551515077\",\"session\":\"4129833225276564705\",\"frontend\":\"1\"}:1:control:opener","reconnectId":"reconnect"}}
backend-frame: {"protocolVersion":3,"kind":"action-projection","binding":{"lifetime":"14029698177551515077","session":"4129833225276564705","frontend":"1"},"requestId":"1","context":{"lifetime":"14029698177551515077","epoch":"1","output":"1","revision":"3"},"scene":{"revision":"3","focused":"2","windows":[{"incarnation":"1","application":"GTK Application","label":"ELM-ACTIVATION-PEER","minimized":false,"owner":null,"available":true},{"incarnation":"2","application":"GTK Application","label":"ELM-AUTHORITY-FIXTURE","minimized":false,"owner":null,"available":true}]}}
surface-commit: publication=2 lease=0 open=0
view-commit: popup=0 focus=1 publication=2
surface-inspection: {"surfaceProtocol":2,"kind":"surface-inspection","publication":"2","lease":"0","body":{"phase":"Coherent","transaction":"Idle","groups":[{"key":"application:GTK Application","domId":"group:{\"lifetime\":\"14029698177551515077\",\"session\":\"4129833225276564705\",\"frontend\":\"1\"}:1:3:application:GTK Application","title":"ELM-ACTIVATION-PEER","active":true,"expanded":false}],"picker":null,"openerId":"applications:{\"lifetime\":\"14029698177551515077\",\"session\":\"4129833225276564705\",\"frontend\":\"1\"}:1:control:opener","reconnectId":"reconnect"}}
[06:58:41.891370] {mesa egl surface queue} wl_callback#48.done(76)
[06:58:41.891657] {mesa egl display queue}  -> zwp_linux_dmabuf_v1#39.create_params(new id zwp_linux_buffer_params_v1#48)
[06:58:41.891669] {mesa egl surface queue}  -> zwp_linux_buffer_params_v1#48.add(fd 28, 0, 0, 3584, 16777216, 15)
[06:58:41.891673] {mesa egl surface queue}  -> zwp_linux_buffer_params_v1#48.add(fd 30, 1, 229376, 448, 16777216, 15)
[06:58:41.891677] {mesa egl surface queue}  -> zwp_linux_buffer_params_v1#48.add(fd 39, 2, 233472, 64, 16777216, 15)
[06:58:41.891679] {mesa egl surface queue}  -> zwp_linux_buffer_params_v1#48.create_immed(new id wl_buffer#45, 800, 48, 875713089, 0)
[06:58:41.891687] {mesa egl surface queue}  -> zwp_linux_buffer_params_v1#48.destroy()
[06:58:41.891689] {mesa egl surface queue}  -> wl_surface#41.attach(wl_buffer#45, 0, 0)
[06:58:41.891692] {mesa egl surface queue}  -> wl_surface#41.damage(0, 0, 2147483647, 2147483647)
[06:58:41.891698] {mesa egl surface queue}  -> wl_surface#41.commit()
[06:58:41.891708] {mesa egl surface queue}  -> wl_display#1.sync(new id wl_callback#44)
[06:58:41.892094] {Display Queue} wl_display#1.delete_id(48)
[06:58:41.892107] {Display Queue} wl_display#1.delete_id(44)
surface-report: origin=bar {"kind":"surface-report","body":{"publication":"2","lease":"0","buttons":[{"id":"applications:{\"lifetime\":\"14029698177551515077\",\"session\":\"4129833225276564705\",\"frontend\":\"1\"}:1:control:opener","label":"Applications","accessibleName":"Open applications","disabled":false,"x":3,"y":3,"width":112.28125,"height":36},{"id":"group:{\"lifetime\":\"14029698177551515077\",\"session\":\"4129833225276564705\",\"frontend\":\"1\"}:1:3:application:GTK Application","label":"ELM-ACTIVATION-PEER2","accessibleName":"Choose a window from ELM-ACTIVATION-PEER","disabled":false,"x":121.28125,"y":3,"width":215.65625,"height":36}],"focus":"","text":"ApplicationsELM-ACTIVATION-PEER2Connected"}}
view-report: id=1 x=0 y=0 {"kind":"surface-report","body":{"publication":"2","lease":"0","buttons":[{"id":"applications:{\"lifetime\":\"14029698177551515077\",\"session\":\"4129833225276564705\",\"frontend\":\"1\"}:1:control:opener","label":"Applications","accessibleName":"Open applications","disabled":false,"x":3,"y":3,"width":112.28125,"height":36},{"id":"group:{\"lifetime\":\"14029698177551515077\",\"session\":\"4129833225276564705\",\"frontend\":\"1\"}:1:3:application:GTK Application","label":"ELM-ACTIVATION-PEER2","accessibleName":"Choose a window from ELM-ACTIVATION-PEER","disabled":false,"x":121.28125,"y":3,"width":215.65625,"height":36}],"focus":"","text":"ApplicationsELM-ACTIVATION-PEER2Connected"}}
[06:58:41.932882] {Default Queue} wl_pointer#21.enter(77, wl_surface#41, 229.00000000, 21.00000000)
[06:58:41.932904] {Default Queue} wl_pointer#21.frame()
[06:58:41.932953] {Default Queue}  -> wp_cursor_shape_device_v1#30.set_shape(77, 1)
[06:58:41.932959] {Default Queue} wl_pointer#21.motion(65226575, 229.00000000, 21.00000000)
[06:58:41.932962] {Default Queue} wl_pointer#21.frame()
[06:58:42.033487] {Default Queue} wl_pointer#21.button(78, 65226675, 272, 1)
[06:58:42.033533] {Default Queue} wl_pointer#21.frame()
surface-report: origin=bar {"kind":"surface-report","body":{"publication":"2","lease":"0","buttons":[{"id":"applications:{\"lifetime\":\"14029698177551515077\",\"session\":\"4129833225276564705\",\"frontend\":\"1\"}:1:control:opener","label":"Applications","accessibleName":"Open applications","disabled":false,"x":3,"y":3,"width":112.28125,"height":36},{"id":"group:{\"lifetime\":\"14029698177551515077\",\"session\":\"4129833225276564705\",\"frontend\":\"1\"}:1:3:application:GTK Application","label":"ELM-ACTIVATION-PEER2","accessibleName":"Choose a window from ELM-ACTIVATION-PEER","disabled":false,"x":121.28125,"y":3,"width":215.65625,"height":36}],"focus":"group:{\"lifetime\":\"14029698177551515077\",\"session\":\"4129833225276564705\",\"frontend\":\"1\"}:1:3:application:GTK Application","text":"ApplicationsELM-ACTIVATION-PEER2Connected"}}
view-report: id=1 x=0 y=0 {"kind":"surface-report","body":{"publication":"2","lease":"0","buttons":[{"id":"applications:{\"lifetime\":\"14029698177551515077\",\"session\":\"4129833225276564705\",\"frontend\":\"1\"}:1:control:opener","label":"Applications","accessibleName":"Open applications","disabled":false,"x":3,"y":3,"width":112.28125,"height":36},{"id":"group:{\"lifetime\":\"14029698177551515077\",\"session\":\"4129833225276564705\",\"frontend\":\"1\"}:1:3:application:GTK Application","label":"ELM-ACTIVATION-PEER2","accessibleName":"Choose a window from ELM-ACTIVATION-PEER","disabled":false,"x":121.28125,"y":3,"width":215.65625,"height":36}],"focus":"group:{\"lifetime\":\"14029698177551515077\",\"session\":\"4129833225276564705\",\"frontend\":\"1\"}:1:3:application:GTK Application","text":"ApplicationsELM-ACTIVATION-PEER2Connected"}}
[06:58:42.084271] {Default Queue} wl_pointer#21.button(79, 65226726, 272, 0)
[06:58:42.084307] {Default Queue} wl_pointer#21.frame()
[06:58:42.088683] {Default Queue}  -> wl_compositor#5.create_surface(new id wl_surface#48)
[06:58:42.088840] {Default Queue}  -> wl_surface#48.attach(nil, 0, 0)
[06:58:42.088846] {Default Queue}  -> xdg_wm_base#35.create_positioner(new id xdg_positioner#37)
[06:58:42.088849] {Default Queue}  -> xdg_positioner#37.set_size(700, 420)
[06:58:42.088851] {Default Queue}  -> xdg_positioner#37.set_anchor_rect(50, 0, 1, 48)
[06:58:42.088853] {Default Queue}  -> xdg_positioner#37.set_offset(0, 0)
[06:58:42.088855] {Default Queue}  -> xdg_positioner#37.set_anchor(6)
[06:58:42.088856] {Default Queue}  -> xdg_positioner#37.set_gravity(8)
[06:58:42.088858] {Default Queue}  -> xdg_positioner#37.set_constraint_adjustment(11)
[06:58:42.088860] {Default Queue}  -> xdg_wm_base#35.get_xdg_surface(new id xdg_surface#49, wl_surface#48)
[06:58:42.088862] {Default Queue}  -> xdg_surface#49.get_popup(new id xdg_popup#50, nil, xdg_positioner#37)
[06:58:42.088864] {Default Queue}  -> zwlr_layer_surface_v1#43.get_popup(xdg_popup#50)
[06:58:42.088866] {Default Queue}  -> xdg_positioner#37.destroy()
[06:58:42.088872] {Default Queue}  -> xdg_popup#50.grab(wl_seat#22, 78)
[06:58:42.088875] {Default Queue}  -> wl_surface#48.commit()
[06:58:42.088877] {Default Queue}  -> wl_display#1.sync(new id wl_callback#51)
[06:58:42.089316] {Display Queue} wl_display#1.delete_id(37)
[06:58:42.089342] {Display Queue} wl_display#1.delete_id(51)
[06:58:42.089348] {Default Queue} xdg_popup#50.configure(50, 48, 700, 420)
surface-configured: lease=1 rectKnown=0 gdkWidth=700 gdkHeight=420
[06:58:42.089380] {Default Queue} wl_keyboard#31.enter(83, wl_surface#48, array[0])
[06:58:42.089391] {Default Queue} wl_keyboard#31.modifiers(84, 0, 0, 0, 0)
[06:58:42.089404] {Default Queue} wl_data_device#25.selection(nil)
[06:58:42.089414] {Default Queue} wl_pointer#21.leave(85, wl_surface#41)
[06:58:42.089417] {Default Queue}  -> wp_cursor_shape_device_v1#30.set_shape(77, 1)
[06:58:42.089420] {Default Queue} wl_pointer#21.enter(86, wl_surface#48, -0.00781250, -0.00781250)
[06:58:42.089425] {Default Queue}  -> wp_cursor_shape_device_v1#30.set_shape(86, 1)
[06:58:42.089427] {Default Queue} wl_pointer#21.frame()
[06:58:42.089429] {Default Queue} wl_callback#51.done(86)
[06:58:42.089431] {Default Queue} xdg_surface#49.configure(80)
[06:58:42.089433] {Default Queue}  -> xdg_surface#49.ack_configure(80)
[06:58:42.089466] {Default Queue}  -> wp_cursor_shape_device_v1#30.set_shape(86, 1)
surface-popup-open: lease=1
surface-commit: publication=3 lease=1 open=1
view-commit: popup=1 focus=1 publication=3
surface-inspection: {"surfaceProtocol":2,"kind":"surface-inspection","publication":"3","lease":"1","body":{"phase":"Coherent","transaction":"Idle","groups":[{"key":"application:GTK Application","domId":"group:{\"lifetime\":\"14029698177551515077\",\"session\":\"4129833225276564705\",\"frontend\":\"1\"}:1:3:application:GTK Application","title":"ELM-ACTIVATION-PEER","active":true,"expanded":true}],"picker":{"generation":"1","closeId":"picker-close:{\"lifetime\":\"14029698177551515077\",\"session\":\"4129833225276564705\",\"frontend\":\"1\"}:1:3:1","selections":[{"incarnation":"1","title":"ELM-ACTIVATION-PEER","state":"Open","domId":"picker:{\"lifetime\":\"14029698177551515077\",\"session\":\"4129833225276564705\",\"frontend\":\"1\"}:1:3:1:1"},{"incarnation":"2","title":"ELM-AUTHORITY-FIXTURE","state":"Open","domId":"picker:{\"lifetime\":\"14029698177551515077\",\"session\":\"4129833225276564705\",\"frontend\":\"1\"}:1:3:1:2"}]},"openerId":"applications:{\"lifetime\":\"14029698177551515077\",\"session\":\"4129833225276564705\",\"frontend\":\"1\"}:1:control:opener","reconnectId":"reconnect"}}
surface-native-keyboard-focus: lease=1 in=1
[06:58:42.089685] {Default Queue}  -> xdg_surface#49.set_window_geometry(0, 0, 700, 420)
[06:58:42.089708] {Default Queue}  -> wl_shm#7.create_pool(new id wl_shm_pool#51, fd 28, 1176000)
[06:58:42.089713] {Default Queue}  -> wl_shm_pool#51.create_buffer(new id wl_buffer#37, 0, 700, 420, 2800, 0)
[06:58:42.090154] {Default Queue}  -> wl_surface#48.attach(wl_buffer#37, 0, 0)
[06:58:42.090161] {Default Queue}  -> wl_surface#48.set_buffer_scale(1)
[06:58:42.090166] {Default Queue}  -> wl_surface#48.damage(0, 0, 700, 420)
[06:58:42.090168] {Default Queue}  -> wl_compositor#5.create_region(new id wl_region#52)
[06:58:42.090170] {Default Queue}  -> wl_region#52.add(0, 0, 700, 420)
[06:58:42.090171] {Default Queue}  -> wl_surface#48.set_opaque_region(wl_region#52)
[06:58:42.090173] {Default Queue}  -> wl_region#52.destroy()
[06:58:42.090174] {Default Queue}  -> wl_surface#48.set_input_region(nil)
[06:58:42.090177] {Default Queue}  -> wl_surface#48.frame(new id wl_callback#53)
[06:58:42.090179] {Default Queue}  -> wl_surface#48.commit()
[06:58:42.090703] {Display Queue} wl_display#1.delete_id(52)
[06:58:42.090714] {Display Queue} wl_display#1.delete_id(53)
[06:58:42.090717] {Default Queue} wl_callback#53.done(65226732)
[06:58:42.090719] {Default Queue} wl_pointer#21.motion(65226732, 179.00000000, -27.00000000)
[06:58:42.090722] {Default Queue} wl_surface#48.enter(wl_output#19)
[06:58:42.090725] {Default Queue} wl_buffer#37.release()
surface-report: origin=popup {"kind":"surface-report","body":{"publication":null,"lease":null,"buttons":[],"focus":"","text":""}}
[06:58:42.108669] {Default Queue}  -> wl_surface#48.set_buffer_scale(1)
[06:58:42.108692] {mesa egl surface queue}  -> zwp_linux_dmabuf_v1#39.get_surface_feedback(new id zwp_linux_dmabuf_feedback_v1#53, wl_surface#48)
[06:58:42.108700] {mesa egl display queue}  -> wl_display#1.sync(new id wl_callback#52)
[06:58:42.108737] {Display Queue} wl_display#1.delete_id(52)
[06:58:42.108741] {mesa egl display queue} wl_callback#52.done(86)
[06:58:42.108755] {mesa egl surface queue} zwp_linux_dmabuf_feedback_v1#53.format_table(fd 42, 2960)
[06:58:42.108768] {mesa egl surface queue} zwp_linux_dmabuf_feedback_v1#53.main_device(array[8])
[06:58:42.108771] {mesa egl surface queue} zwp_linux_dmabuf_feedback_v1#53.tranche_target_device(array[8])
[06:58:42.108776] {mesa egl surface queue} zwp_linux_dmabuf_feedback_v1#53.tranche_flags(0)
[06:58:42.108779] {mesa egl surface queue} zwp_linux_dmabuf_feedback_v1#53.tranche_formats(array[370])
[06:58:42.108783] {mesa egl surface queue} zwp_linux_dmabuf_feedback_v1#53.tranche_done()
[06:58:42.108786] {mesa egl surface queue} zwp_linux_dmabuf_feedback_v1#53.done()
[06:58:42.112564] {Default Queue}  -> wl_surface#48.attach(wl_buffer#37, 0, 0)
[06:58:42.112577] {Default Queue}  -> wl_surface#48.set_buffer_scale(1)
[06:58:42.112581] {Default Queue}  -> wl_surface#48.damage(0, 0, 700, 420)
[06:58:42.112592] {Default Queue}  -> wl_surface#48.frame(new id wl_callback#52)
[06:58:42.112596] {Default Queue}  -> wl_surface#48.commit()
[06:58:42.112756] {Default Queue} wl_buffer#37.release()
surface-report: origin=popup {"kind":"surface-report","body":{"publication":"3","lease":"1","buttons":[{"id":"picker-close:{\"lifetime\":\"14029698177551515077\",\"session\":\"4129833225276564705\",\"frontend\":\"1\"}:1:3:1","label":"Close","accessibleName":"Close window picker","disabled":false,"x":3,"y":103.875,"width":694,"height":36},{"id":"picker:{\"lifetime\":\"14029698177551515077\",\"session\":\"4129833225276564705\",\"frontend\":\"1\"}:1:3:1:1","label":"Activate ELM-ACTIVATION-PEEROpen","accessibleName":"Activate ELM-ACTIVATION-PEER","disabled":false,"x":3,"y":142.875,"width":694,"height":36},{"id":"picker:{\"lifetime\":\"14029698177551515077\",\"session\":\"4129833225276564705\",\"frontend\":\"1\"}:1:3:1:2","label":"Activate ELM-AUTHORITY-FIXTUREOpen","accessibleName":"Activate ELM-AUTHORITY-FIXTURE","disabled":false,"x":3,"y":181.875,"width":694,"height":36}],"focus":"","text":"Choose a window\n\nConnected\nClose\nActivate ELM-ACTIVATION-PEEROpen\nActivate ELM-AUTHORITY-FIXTUREOpen"}}
surface-presentation-applied: publication=3 lease=1
surface-focus-issued: publication=3 lease=1
[06:58:42.120248] {Display Queue} wl_display#1.delete_id(52)
[06:58:42.120259] {Default Queue} wl_callback#52.done(65226762)
[06:58:42.120285] {Default Queue}  -> wl_buffer#37.destroy()
[06:58:42.120288] {Default Queue}  -> wl_shm_pool#51.destroy()
[06:58:42.122623] {mesa egl display queue}  -> zwp_linux_dmabuf_v1#39.create_params(new id zwp_linux_buffer_params_v1#52)
[06:58:42.122650] {mesa egl surface queue}  -> zwp_linux_buffer_params_v1#52.add(fd 43, 0, 0, 3072, 16777216, 15)
[06:58:42.122656] {mesa egl surface queue}  -> zwp_linux_buffer_params_v1#52.add(fd 44, 1, 1376256, 384, 16777216, 15)
[06:58:42.122660] {mesa egl surface queue}  -> zwp_linux_buffer_params_v1#52.add(fd 45, 2, 1384448, 64, 16777216, 15)
[06:58:42.122663] {mesa egl surface queue}  -> zwp_linux_buffer_params_v1#52.create_immed(new id wl_buffer#54, 700, 420, 875713089, 0)
[06:58:42.122670] {mesa egl surface queue}  -> zwp_linux_buffer_params_v1#52.destroy()
[06:58:42.122673] {mesa egl surface queue}  -> wl_surface#48.attach(wl_buffer#54, 0, 0)
[06:58:42.122675] {mesa egl surface queue}  -> wl_surface#48.damage(0, 0, 2147483647, 2147483647)
[06:58:42.122678] {mesa egl surface queue}  -> wl_surface#48.commit()
[06:58:42.122680] {mesa egl surface queue}  -> wl_display#1.sync(new id wl_callback#55)
surface-focus-applied: publication=3 lease=1
surface-report: origin=bar {"kind":"surface-report","body":{"publication":"3","lease":"1","buttons":[{"id":"applications:{\"lifetime\":\"14029698177551515077\",\"session\":\"4129833225276564705\",\"frontend\":\"1\"}:1:control:opener","label":"Applications","accessibleName":"Open applications","disabled":false,"x":3,"y":3,"width":112.28125,"height":36},{"id":"group:{\"lifetime\":\"14029698177551515077\",\"session\":\"4129833225276564705\",\"frontend\":\"1\"}:1:3:application:GTK Application","label":"ELM-ACTIVATION-PEER2","accessibleName":"Choose a window from ELM-ACTIVATION-PEER","disabled":false,"x":121.28125,"y":3,"width":215.65625,"height":36}],"focus":"group:{\"lifetime\":\"14029698177551515077\",\"session\":\"4129833225276564705\",\"frontend\":\"1\"}:1:3:application:GTK Application","text":"ApplicationsELM-ACTIVATION-PEER2Connected"}}
view-report: id=1 x=0 y=0 {"kind":"surface-report","body":{"publication":"3","lease":"1","buttons":[{"id":"applications:{\"lifetime\":\"14029698177551515077\",\"session\":\"4129833225276564705\",\"frontend\":\"1\"}:1:control:opener","label":"Applications","accessibleName":"Open applications","disabled":false,"x":3,"y":3,"width":112.28125,"height":36},{"id":"group:{\"lifetime\":\"14029698177551515077\",\"session\":\"4129833225276564705\",\"frontend\":\"1\"}:1:3:application:GTK Application","label":"ELM-ACTIVATION-PEER2","accessibleName":"Choose a window from ELM-ACTIVATION-PEER","disabled":false,"x":121.28125,"y":3,"width":215.65625,"height":36}],"focus":"group:{\"lifetime\":\"14029698177551515077\",\"session\":\"4129833225276564705\",\"frontend\":\"1\"}:1:3:application:GTK Application","text":"ApplicationsELM-ACTIVATION-PEER2Connected"}}
[06:58:42.123047] discarded [unknown]#37.[event 0](0 fd, 8 byte)
[06:58:42.123055] {Display Queue} wl_display#1.delete_id(37)
[06:58:42.123058] {Display Queue} wl_display#1.delete_id(51)
[06:58:42.123060] {Display Queue} wl_display#1.delete_id(52)
[06:58:42.123062] {Display Queue} wl_display#1.delete_id(55)
surface-report: origin=popup {"kind":"surface-report","body":{"publication":"3","lease":"1","buttons":[{"id":"picker-close:{\"lifetime\":\"14029698177551515077\",\"session\":\"4129833225276564705\",\"frontend\":\"1\"}:1:3:1","label":"Close","accessibleName":"Close window picker","disabled":false,"x":3,"y":103.875,"width":694,"height":36},{"id":"picker:{\"lifetime\":\"14029698177551515077\",\"session\":\"4129833225276564705\",\"frontend\":\"1\"}:1:3:1:1","label":"Activate ELM-ACTIVATION-PEEROpen","accessibleName":"Activate ELM-ACTIVATION-PEER","disabled":false,"x":3,"y":142.875,"width":694,"height":36},{"id":"picker:{\"lifetime\":\"14029698177551515077\",\"session\":\"4129833225276564705\",\"frontend\":\"1\"}:1:3:1:2","label":"Activate ELM-AUTHORITY-FIXTUREOpen","accessibleName":"Activate ELM-AUTHORITY-FIXTURE","disabled":false,"x":3,"y":181.875,"width":694,"height":36}],"focus":"picker:{\"lifetime\":\"14029698177551515077\",\"session\":\"4129833225276564705\",\"frontend\":\"1\"}:1:3:1:1","text":"Choose a window\n\nConnected\nClose\nActivate ELM-ACTIVATION-PEEROpen\nActivate ELM-AUTHORITY-FIXTUREOpen"}}
[06:58:42.139617] {mesa egl surface queue} wl_callback#55.done(86)
[06:58:42.140345] {mesa egl display queue}  -> zwp_linux_dmabuf_v1#39.create_params(new id zwp_linux_buffer_params_v1#55)
[06:58:42.140359] {mesa egl surface queue}  -> zwp_linux_buffer_params_v1#55.add(fd 43, 0, 0, 3072, 16777216, 15)
[06:58:42.140364] {mesa egl surface queue}  -> zwp_linux_buffer_params_v1#55.add(fd 44, 1, 1376256, 384, 16777216, 15)
[06:58:42.140368] {mesa egl surface queue}  -> zwp_linux_buffer_params_v1#55.add(fd 45, 2, 1384448, 64, 16777216, 15)
[06:58:42.140370] {mesa egl surface queue}  -> zwp_linux_buffer_params_v1#55.create_immed(new id wl_buffer#52, 700, 420, 875713089, 0)
[06:58:42.140374] {mesa egl surface queue}  -> zwp_linux_buffer_params_v1#55.destroy()
[06:58:42.140377] {mesa egl surface queue}  -> wl_surface#48.attach(wl_buffer#52, 0, 0)
[06:58:42.140379] {mesa egl surface queue}  -> wl_surface#48.damage(0, 0, 2147483647, 2147483647)
[06:58:42.140381] {mesa egl surface queue}  -> wl_surface#48.commit()
[06:58:42.140383] {mesa egl surface queue}  -> wl_display#1.sync(new id wl_callback#51)
[06:58:42.140456] {Display Queue} wl_display#1.delete_id(55)
[06:58:42.140461] {Display Queue} wl_display#1.delete_id(51)
[06:58:42.187080] {Default Queue} wl_pointer#21.motion(65226829, 350.00000000, 161.00000000)
[06:58:42.187092] {Default Queue} wl_pointer#21.frame()
[06:58:42.287477] {Default Queue} wl_pointer#21.motion(0, 350.00000000, 161.00000000)
[06:58:42.287488] {Default Queue} wl_pointer#21.button(87, 65226929, 272, 1)
[06:58:42.287502] {Default Queue} wl_pointer#21.motion(65226929, 350.00000000, 161.00000000)
[06:58:42.287509] {Default Queue} wl_pointer#21.frame()
[06:58:42.337808] {Default Queue} wl_pointer#21.button(88, 65226980, 272, 0)
[06:58:42.337818] {Default Queue} wl_pointer#21.frame()
[06:58:42.340447] {Default Queue}  -> wp_cursor_shape_device_v1#30.set_shape(86, 1)
[06:58:42.340529] {Default Queue}  -> xdg_popup#50.destroy()
[06:58:42.340534] {Default Queue}  -> xdg_surface#49.destroy()
[06:58:42.340547] {Default Queue}  -> wl_surface#48.destroy()
[06:58:42.340561] {mesa egl surface queue}  -> wl_buffer#52.destroy()
[06:58:42.340563] {mesa egl surface queue}  -> wl_buffer#54.destroy()
[06:58:42.340566] {mesa egl surface queue}  -> zwp_linux_dmabuf_feedback_v1#53.destroy()
[06:58:42.341093] {Default Queue}  -> wl_display#1.sync(new id wl_callback#51)
[06:58:42.341402] discarded [unknown]#50.[event 1](0 fd, 8 byte)
[06:58:42.341414] discarded [unknown]#52.[event 0](0 fd, 8 byte)
[06:58:42.341417] discarded [unknown]#54.[event 0](0 fd, 8 byte)
[06:58:42.341418] discarded [unknown]#54.[event 0](0 fd, 8 byte)
[06:58:42.341423] {Display Queue} wl_display#1.delete_id(50)
[06:58:42.341426] {Display Queue} wl_display#1.delete_id(49)
[06:58:42.341429] {Display Queue} wl_display#1.delete_id(54)
[06:58:42.341430] {Display Queue} wl_display#1.delete_id(53)
[06:58:42.341432] {Display Queue} wl_display#1.delete_id(48)
[06:58:42.341434] {Display Queue} wl_display#1.delete_id(51)
[06:58:42.341436] {Default Queue} wl_keyboard#31.modifiers(90, 0, 0, 0, 0)
[06:58:42.341445] {Default Queue} wl_keyboard#31.leave(91, nil)
[06:58:42.341451] {Default Queue} wl_pointer#21.leave(95, nil)
[06:58:42.341454] {Default Queue} wl_pointer#21.frame()
[06:58:42.341456] {Default Queue} wl_callback#51.done(96)
surface-popup-closed: lease=1
frontend-request: {"protocolVersion":3,"kind":"projection-request","binding":{"lifetime":"14029698177551515077","session":"4129833225276564705","frontend":"1"},"requestId":"2"}
surface-commit: publication=4 lease=1 open=0
view-commit: popup=0 focus=1 publication=4
surface-inspection: {"surfaceProtocol":2,"kind":"surface-inspection","publication":"4","lease":"1","body":{"phase":"Awaiting","transaction":"Idle","groups":[{"key":"application:GTK Application","domId":"group:{\"lifetime\":\"14029698177551515077\",\"session\":\"4129833225276564705\",\"frontend\":\"1\"}:1:3:application:GTK Application","title":"ELM-ACTIVATION-PEER","active":true,"expanded":false}],"picker":null,"openerId":"applications:{\"lifetime\":\"14029698177551515077\",\"session\":\"4129833225276564705\",\"frontend\":\"1\"}:1:control:opener","reconnectId":"reconnect"}}
backend-frame: {"protocolVersion":3,"kind":"host-refresh"}
frontend-request: {"protocolVersion":3,"kind":"projection-request","binding":{"lifetime":"14029698177551515077","session":"4129833225276564705","frontend":"1"},"requestId":"3"}
surface-commit: publication=5 lease=1 open=0
view-commit: popup=0 focus=1 publication=5
surface-inspection: {"surfaceProtocol":2,"kind":"surface-inspection","publication":"5","lease":"1","body":{"phase":"Awaiting","transaction":"Idle","groups":[{"key":"application:GTK Application","domId":"group:{\"lifetime\":\"14029698177551515077\",\"session\":\"4129833225276564705\",\"frontend\":\"1\"}:1:3:application:GTK Application","title":"ELM-ACTIVATION-PEER","active":true,"expanded":false}],"picker":null,"openerId":"applications:{\"lifetime\":\"14029698177551515077\",\"session\":\"4129833225276564705\",\"frontend\":\"1\"}:1:control:opener","reconnectId":"reconnect"}}
backend-frame: {"protocolVersion":3,"kind":"action-projection","binding":{"lifetime":"14029698177551515077","session":"4129833225276564705","frontend":"1"},"requestId":"2","context":{"lifetime":"14029698177551515077","epoch":"1","output":"1","revision":"4"},"scene":{"revision":"4","focused":"1","windows":[{"incarnation":"1","application":"GTK Application","label":"ELM-ACTIVATION-PEER","minimized":false,"owner":null,"available":true},{"incarnation":"2","application":"GTK Application","label":"ELM-AUTHORITY-FIXTURE","minimized":false,"owner":null,"available":true}]}}
surface-inspection: {"surfaceProtocol":2,"kind":"surface-inspection","publication":"5","lease":"1","body":{"phase":"Awaiting","transaction":"Idle","groups":[{"key":"application:GTK Application","domId":"group:{\"lifetime\":\"14029698177551515077\",\"session\":\"4129833225276564705\",\"frontend\":\"1\"}:1:3:application:GTK Application","title":"ELM-ACTIVATION-PEER","active":true,"expanded":false}],"picker":null,"openerId":"applications:{\"lifetime\":\"14029698177551515077\",\"session\":\"4129833225276564705\",\"frontend\":\"1\"}:1:control:opener","reconnectId":"reconnect"}}
backend-frame: {"protocolVersion":3,"kind":"action-projection","binding":{"lifetime":"14029698177551515077","session":"4129833225276564705","frontend":"1"},"requestId":"3","context":{"lifetime":"14029698177551515077","epoch":"1","output":"1","revision":"4"},"scene":{"revision":"4","focused":"1","windows":[{"incarnation":"1","application":"GTK Application","label":"ELM-ACTIVATION-PEER","minimized":false,"owner":null,"available":true},{"incarnation":"2","application":"GTK Application","label":"ELM-AUTHORITY-FIXTURE","minimized":false,"owner":null,"available":true}]}}
frontend-request: {"protocolVersion":3,"kind":"window-effect","effectProtocol":1,"binding":{"lifetime":"14029698177551515077","session":"4129833225276564705","frontend":"1"},"intent":{"request":"1","generation":"1","incarnation":"1","operation":"activate","context":{"lifetime":"14029698177551515077","epoch":"1","output":"1","revision":"4"}}}
surface-commit: publication=6 lease=1 open=0
view-commit: popup=0 focus=1 publication=6
surface-inspection: {"surfaceProtocol":2,"kind":"surface-inspection","publication":"6","lease":"1","body":{"phase":"Coherent","transaction":"Pending","groups":[{"key":"application:GTK Application","domId":"group:{\"lifetime\":\"14029698177551515077\",\"session\":\"4129833225276564705\",\"frontend\":\"1\"}:1:4:application:GTK Application","title":"ELM-ACTIVATION-PEER","active":true,"expanded":false}],"picker":null,"openerId":"applications:{\"lifetime\":\"14029698177551515077\",\"session\":\"4129833225276564705\",\"frontend\":\"1\"}:1:control:opener","reconnectId":"reconnect"}}
backend-frame: {"protocolVersion":3,"kind":"effect-outcome","effectProtocol":1,"binding":{"lifetime":"14029698177551515077","session":"4129833225276564705","frontend":"1"},"intent":{"request":"1","generation":"1","incarnation":"1","operation":"activate","context":{"lifetime":"14029698177551515077","epoch":"1","output":"1","revision":"4"}},"status":"Committed","reason":"applied","revision":"5","outputGeneration":"1"}
frontend-request: {"protocolVersion":3,"kind":"projection-request","binding":{"lifetime":"14029698177551515077","session":"4129833225276564705","frontend":"1"},"requestId":"4"}
surface-commit: publication=7 lease=1 open=0
view-commit: popup=0 focus=1 publication=7
surface-inspection: {"surfaceProtocol":2,"kind":"surface-inspection","publication":"7","lease":"1","body":{"phase":"Awaiting","transaction":"Committed","groups":[{"key":"application:GTK Application","domId":"group:{\"lifetime\":\"14029698177551515077\",\"session\":\"4129833225276564705\",\"frontend\":\"1\"}:1:4:application:GTK Application","title":"ELM-ACTIVATION-PEER","active":true,"expanded":false}],"picker":null,"openerId":"applications:{\"lifetime\":\"14029698177551515077\",\"session\":\"4129833225276564705\",\"frontend\":\"1\"}:1:control:opener","reconnectId":"reconnect"}}
backend-frame: {"protocolVersion":3,"kind":"action-projection","binding":{"lifetime":"14029698177551515077","session":"4129833225276564705","frontend":"1"},"requestId":"4","context":{"lifetime":"14029698177551515077","epoch":"1","output":"1","revision":"5"},"scene":{"revision":"5","focused":"1","windows":[{"incarnation":"2","application":"GTK Application","label":"ELM-AUTHORITY-FIXTURE","minimized":false,"owner":null,"available":true},{"incarnation":"1","application":"GTK Application","label":"ELM-ACTIVATION-PEER","minimized":false,"owner":null,"available":true}]}}
surface-commit: publication=8 lease=1 open=0
view-commit: popup=0 focus=1 publication=8
surface-inspection: {"surfaceProtocol":2,"kind":"surface-inspection","publication":"8","lease":"1","body":{"phase":"Coherent","transaction":"Committed","groups":[{"key":"application:GTK Application","domId":"group:{\"lifetime\":\"14029698177551515077\",\"session\":\"4129833225276564705\",\"frontend\":\"1\"}:1:5:application:GTK Application","title":"ELM-ACTIVATION-PEER","active":true,"expanded":false}],"picker":null,"openerId":"applications:{\"lifetime\":\"14029698177551515077\",\"session\":\"4129833225276564705\",\"frontend\":\"1\"}:1:control:opener","reconnectId":"reconnect"}}
[06:58:42.354162] discarded [unknown]#52.[event 0](0 fd, 8 byte)
[06:58:42.354172] discarded [unknown]#52.[event 0](0 fd, 8 byte)
[06:58:42.354181] {Display Queue} wl_display#1.delete_id(52)
[06:58:42.358280] {mesa egl surface queue} wl_buffer#47.release()
[06:58:42.358290] {mesa egl surface queue}  -> wl_buffer#47.destroy()
[06:58:42.358294] {mesa egl surface queue} wl_callback#44.done(76)
[06:58:42.358586] {mesa egl display queue}  -> zwp_linux_dmabuf_v1#39.create_params(new id zwp_linux_buffer_params_v1#44)
[06:58:42.358601] {mesa egl surface queue}  -> zwp_linux_buffer_params_v1#44.add(fd 43, 0, 0, 3584, 16777216, 15)
[06:58:42.358606] {mesa egl surface queue}  -> zwp_linux_buffer_params_v1#44.add(fd 44, 1, 229376, 448, 16777216, 15)
[06:58:42.358610] {mesa egl surface queue}  -> zwp_linux_buffer_params_v1#44.add(fd 45, 2, 233472, 64, 16777216, 15)
[06:58:42.358614] {mesa egl surface queue}  -> zwp_linux_buffer_params_v1#44.create_immed(new id wl_buffer#52, 800, 48, 875713089, 0)
[06:58:42.358618] {mesa egl surface queue}  -> zwp_linux_buffer_params_v1#44.destroy()
[06:58:42.358621] {mesa egl surface queue}  -> wl_surface#41.attach(wl_buffer#52, 0, 0)
[06:58:42.358624] {mesa egl surface queue}  -> wl_surface#41.damage(0, 0, 2147483647, 2147483647)
[06:58:42.358627] {mesa egl surface queue}  -> wl_surface#41.commit()
[06:58:42.358629] {mesa egl surface queue}  -> wl_display#1.sync(new id wl_callback#51)
[06:58:42.358720] discarded [unknown]#47.[event 0](0 fd, 8 byte)
[06:58:42.358723] discarded [unknown]#47.[event 0](0 fd, 8 byte)
[06:58:42.358727] {Display Queue} wl_display#1.delete_id(47)
[06:58:42.358730] {Display Queue} wl_display#1.delete_id(44)
[06:58:42.358732] {Display Queue} wl_display#1.delete_id(51)
surface-report: origin=bar {"kind":"surface-report","body":{"publication":"8","lease":"1","buttons":[{"id":"applications:{\"lifetime\":\"14029698177551515077\",\"session\":\"4129833225276564705\",\"frontend\":\"1\"}:1:control:opener","label":"Applications","accessibleName":"Open applications","disabled":false,"x":3,"y":3,"width":112.28125,"height":36},{"id":"group:{\"lifetime\":\"14029698177551515077\",\"session\":\"4129833225276564705\",\"frontend\":\"1\"}:1:5:application:GTK Application","label":"ELM-ACTIVATION-PEER2","accessibleName":"Choose a window from ELM-ACTIVATION-PEER","disabled":false,"x":121.28125,"y":3,"width":215.65625,"height":36}],"focus":"","text":"ApplicationsELM-ACTIVATION-PEER2Connected"}}
view-report: id=1 x=0 y=0 {"kind":"surface-report","body":{"publication":"8","lease":"1","buttons":[{"id":"applications:{\"lifetime\":\"14029698177551515077\",\"session\":\"4129833225276564705\",\"frontend\":\"1\"}:1:control:opener","label":"Applications","accessibleName":"Open applications","disabled":false,"x":3,"y":3,"width":112.28125,"height":36},{"id":"group:{\"lifetime\":\"14029698177551515077\",\"session\":\"4129833225276564705\",\"frontend\":\"1\"}:1:5:application:GTK Application","label":"ELM-ACTIVATION-PEER2","accessibleName":"Choose a window from ELM-ACTIVATION-PEER","disabled":false,"x":121.28125,"y":3,"width":215.65625,"height":36}],"focus":"","text":"ApplicationsELM-ACTIVATION-PEER2Connected"}}
[06:58:42.375135] {mesa egl surface queue} wl_callback#51.done(97)
[06:58:42.375148] {mesa egl surface queue} wl_buffer#45.release()
[06:58:42.375525] {mesa egl surface queue}  -> wl_surface#41.attach(wl_buffer#45, 0, 0)
[06:58:42.375531] {mesa egl surface queue}  -> wl_surface#41.damage(0, 0, 2147483647, 2147483647)
[06:58:42.375534] {mesa egl surface queue}  -> wl_surface#41.commit()
[06:58:42.375537] {mesa egl surface queue}  -> wl_display#1.sync(new id wl_callback#51)
[06:58:42.375560] {Display Queue} wl_display#1.delete_id(51)
Web process terminated: 0
Web process terminated: 0
Web process terminated: 0
[06:58:42.728786] {Default Queue}  -> wl_display#1.sync(new id wl_callback#44)
[06:58:42.728821] {Display Queue} wl_display#1.delete_id(44)
[06:58:42.728837] {Default Queue} wl_callback#44.done(101)
backend-exit: waited=1 normal=1 code=0
native-recovery-ready: views=1 backend-normal=1
recovery-control: id=1 x=195 y=4 w=84 h=40
[06:58:42.738847] {mesa egl surface queue} wl_callback#51.done(97)
[06:58:42.738854] {mesa egl surface queue} wl_buffer#52.release()
[06:58:42.739420] {Default Queue}  -> wl_surface#41.set_input_region(nil)
[06:58:42.740838] {mesa egl surface queue}  -> wl_surface#41.attach(wl_buffer#52, 0, 0)
[06:58:42.740851] {mesa egl surface queue}  -> wl_surface#41.damage(0, 0, 2147483647, 2147483647)
[06:58:42.740855] {mesa egl surface queue}  -> wl_surface#41.commit()
[06:58:42.740859] {mesa egl surface queue}  -> wl_display#1.sync(new id wl_callback#51)
[06:58:42.741048] {Display Queue} wl_display#1.delete_id(51)
[06:58:43.014989] {Default Queue}  -> wl_display#1.sync(new id wl_callback#44)
[06:58:43.015189] {Display Queue} wl_display#1.delete_id(44)
[06:58:43.015200] {Default Queue} wl_callback#44.done(105)
[06:58:43.015226] {Default Queue}  -> zwlr_layer_surface_v1#43.destroy()
[06:58:43.015242] {Default Queue}  -> wl_surface#41.destroy()
[06:58:43.015263] {mesa egl surface queue}  -> wl_buffer#45.destroy()
[06:58:43.015279] {mesa egl surface queue}  -> wl_buffer#52.destroy()
[06:58:43.015287] {mesa egl surface queue}  -> zwp_linux_dmabuf_feedback_v1#46.destroy()
view-retired: id=1
[06:58:43.022657] discarded [unknown]#45.[event 0](0 fd, 8 byte)
[06:58:43.022670] discarded [unknown]#45.[event 0](0 fd, 8 byte)
[06:58:43.022673] discarded [unknown]#52.[event 0](0 fd, 8 byte)
[06:58:43.022675] discarded [unknown]#52.[event 0](0 fd, 8 byte)
[06:58:43.022677] discarded [unknown]#52.[event 0](0 fd, 8 byte)
[06:58:43.022683] {Display Queue} wl_display#1.delete_id(43)
[06:58:43.022690] {Display Queue} wl_display#1.delete_id(45)
[06:58:43.022694] {Display Queue} wl_display#1.delete_id(46)
[06:58:43.022706] {Display Queue} wl_display#1.delete_id(41)
[06:58:43.022713] {Display Queue} wl_display#1.delete_id(52)
shared-host-exit: failure=1 rendered=1
