	linux-vdso.so.1 (0x00007fee3ed0e000)
	libwebkit2gtk-4.1.so.0 => /usr/lib/libwebkit2gtk-4.1.so.0 (0x00007fee39200000)
	libsoup-3.0.so.0 => /usr/lib/libsoup-3.0.so.0 (0x00007fee3ec29000)
	libjavascriptcoregtk-4.1.so.0 => /usr/lib/libjavascriptcoregtk-4.1.so.0 (0x00007fee36c00000)
	libgtk-layer-shell.so.0 => /usr/lib/libgtk-layer-shell.so.0 (0x00007fee3ebeb000)
	libgtk-3.so.0 => /usr/lib/libgtk-3.so.0 (0x00007fee36400000)
	libgdk-3.so.0 => /usr/lib/libgdk-3.so.0 (0x00007fee39113000)
	libpangocairo-1.0.so.0 => /usr/lib/libpangocairo-1.0.so.0 (0x00007fee3ebd7000)
	libcairo-gobject.so.2 => /usr/lib/libcairo-gobject.so.2 (0x00007fee3ebce000)
	libgdk_pixbuf-2.0.so.0 => /usr/lib/libgdk_pixbuf-2.0.so.0 (0x00007fee3eb94000)
	libatk-1.0.so.0 => /usr/lib/libatk-1.0.so.0 (0x00007fee3eb6d000)
	libpango-1.0.so.0 => /usr/lib/libpango-1.0.so.0 (0x00007fee390a4000)
	libcairo.so.2 => /usr/lib/libcairo.so.2 (0x00007fee362c3000)
	libharfbuzz.so.0 => /usr/lib/libharfbuzz.so.0 (0x00007fee36184000)
	libjson-glib-1.0.so.0 => /usr/lib/libjson-glib-1.0.so.0 (0x00007fee3907a000)
	libgio-2.0.so.0 => /usr/lib/libgio-2.0.so.0 (0x00007fee35fa5000)
	libgobject-2.0.so.0 => /usr/lib/libgobject-2.0.so.0 (0x00007fee39017000)
	libgmodule-2.0.so.0 => /usr/lib/libgmodule-2.0.so.0 (0x00007fee3eb62000)
	libglib-2.0.so.0 => /usr/lib/libglib-2.0.so.0 (0x00007fee35e42000)
	libz.so.1 => /usr/lib/libz.so.1 (0x00007fee3eb47000)
	libc.so.6 => /usr/lib/libc.so.6 (0x00007fee35c00000)
	libepoxy.so.0 => /usr/lib/libepoxy.so.0 (0x00007fee35af3000)
	libatomic.so.1 => /usr/lib/libatomic.so.1 (0x00007fee36bf5000)
	libfreetype.so.6 => /usr/lib/libfreetype.so.6 (0x00007fee36b25000)
	libfontconfig.so.1 => /usr/lib/libfontconfig.so.1 (0x00007fee35a78000)
	libwebpmux.so.3 => /usr/lib/libwebpmux.so.3 (0x00007fee36b19000)
	libexpat.so.1 => /usr/lib/libexpat.so.1 (0x00007fee35a4a000)
	libicui18n.so.78 => /usr/lib/libicui18n.so.78 (0x00007fee35600000)
	libsystemd.so.0 => /usr/lib/libsystemd.so.0 (0x00007fee354b8000)
	libjpeg.so.8 => /usr/lib/libjpeg.so.8 (0x00007fee359a2000)
	libpng16.so.16 => /usr/lib/libpng16.so.16 (0x00007fee3547b000)
	libicuuc.so.78 => /usr/lib/libicuuc.so.78 (0x00007fee35200000)
	libxml2.so.16 => /usr/lib/libxml2.so.16 (0x00007fee350bb000)
	libsqlite3.so.0 => /usr/lib/libsqlite3.so.0 (0x00007fee34f22000)
	libxslt.so.1 => /usr/lib/libxslt.so.1 (0x00007fee3543e000)
	liblcms2.so.2 => /usr/lib/liblcms2.so.2 (0x00007fee34eb6000)
	libgcrypt.so.20 => /usr/lib/libgcrypt.so.20 (0x00007fee34d05000)
	libgstallocators-1.0.so.0 => /usr/lib/libgstallocators-1.0.so.0 (0x00007fee36b0f000)
	libgstapp-1.0.so.0 => /usr/lib/libgstapp-1.0.so.0 (0x00007fee35e29000)
	libgstbase-1.0.so.0 => /usr/lib/libgstbase-1.0.so.0 (0x00007fee34c7d000)
	libgstreamer-1.0.so.0 => /usr/lib/libgstreamer-1.0.so.0 (0x00007fee34b0a000)
	libgstpbutils-1.0.so.0 => /usr/lib/libgstpbutils-1.0.so.0 (0x00007fee34ac5000)
	libgstaudio-1.0.so.0 => /usr/lib/libgstaudio-1.0.so.0 (0x00007fee34a3b000)
	libgsttag-1.0.so.0 => /usr/lib/libgsttag-1.0.so.0 (0x00007fee349fc000)
	libgstvideo-1.0.so.0 => /usr/lib/libgstvideo-1.0.so.0 (0x00007fee3491d000)
	libgstgl-1.0.so.0 => /usr/lib/libgstgl-1.0.so.0 (0x00007fee34887000)
	libgstfft-1.0.so.0 => /usr/lib/libgstfft-1.0.so.0 (0x00007fee36b04000)
	libwebpdemux.so.2 => /usr/lib/libwebpdemux.so.2 (0x00007fee3599b000)
	libwebp.so.7 => /usr/lib/libwebp.so.7 (0x00007fee34800000)
	libjxl.so.0.12 => /usr/lib/libjxl.so.0.12 (0x00007fee34200000)
	libavif.so.16 => /usr/lib/libavif.so.16 (0x00007fee347b8000)
	libharfbuzz-icu.so.0 => /usr/lib/libharfbuzz-icu.so.0 (0x00007fee36aff000)
	libX11.so.6 => /usr/lib/libX11.so.6 (0x00007fee34676000)
	libwayland-server.so.0 => /usr/lib/libwayland-server.so.0 (0x00007fee35429000)
	libwayland-client.so.0 => /usr/lib/libwayland-client.so.0 (0x00007fee35419000)
	libm.so.6 => /usr/lib/libm.so.6 (0x00007fee340c9000)
	libmanette-0.2.so.0 => /usr/lib/libmanette-0.2.so.0 (0x00007fee34077000)
	libseccomp.so.2 => /usr/lib/libseccomp.so.2 (0x00007fee34649000)
	libenchant-2.so.2 => /usr/lib/libenchant-2.so.2 (0x00007fee34637000)
	libgbm.so.1 => /usr/lib/libgbm.so.1 (0x00007fee35995000)
	libdrm.so.2 => /usr/lib/libdrm.so.2 (0x00007fee34060000)
	libtasn1.so.6 => /usr/lib/libtasn1.so.6 (0x00007fee3404a000)
	libhyphen.so.0 => /usr/lib/libhyphen.so.0 (0x00007fee35411000)
	libsecret-1.so.0 => /usr/lib/libsecret-1.so.0 (0x00007fee33fec000)
	libstdc++.so.6 => /usr/lib/libstdc++.so.6 (0x00007fee33c00000)
	libgcc_s.so.1 => /usr/lib/libgcc_s.so.1 (0x00007fee33fbf000)
	/lib64/ld-linux-x86-64.so.2 => /usr/lib64/ld-linux-x86-64.so.2 (0x00007fee3ed10000)
	libpsl.so.5 => /usr/lib/libpsl.so.5 (0x00007fee33fab000)
	libbrotlidec.so.1 => /usr/lib/libbrotlidec.so.1 (0x00007fee33f9c000)
	libgssapi_krb5.so.2 => /usr/lib/libgssapi_krb5.so.2 (0x00007fee33f44000)
	libnghttp2.so.14 => /usr/lib/libnghttp2.so.14 (0x00007fee33f1a000)
	libpangoft2-1.0.so.0 => /usr/lib/libpangoft2-1.0.so.0 (0x00007fee33efb000)
	libfribidi.so.0 => /usr/lib/libfribidi.so.0 (0x00007fee33edb000)
	libXi.so.6 => /usr/lib/libXi.so.6 (0x00007fee33beb000)
	libatk-bridge-2.0.so.0 => /usr/lib/libatk-bridge-2.0.so.0 (0x00007fee33baf000)
	libcloudproviders.so.0 => /usr/lib/libcloudproviders.so.0 (0x00007fee33b97000)
	libtinysparql-3.0.so.0 => /usr/lib/libtinysparql-3.0.so.0 (0x00007fee33ac3000)
	libXfixes.so.3 => /usr/lib/libXfixes.so.3 (0x00007fee33ed3000)
	libxkbcommon.so.0 => /usr/lib/libxkbcommon.so.0 (0x00007fee33a64000)
	libwayland-cursor.so.0 => /usr/lib/libwayland-cursor.so.0 (0x00007fee33a5b000)
	libwayland-egl.so.1 => /usr/lib/libwayland-egl.so.1 (0x00007fee3598e000)
	libXext.so.6 => /usr/lib/libXext.so.6 (0x00007fee33a47000)
	libXcursor.so.1 => /usr/lib/libXcursor.so.1 (0x00007fee33a3a000)
	libXdamage.so.1 => /usr/lib/libXdamage.so.1 (0x00007fee33a35000)
	libXcomposite.so.1 => /usr/lib/libXcomposite.so.1 (0x00007fee33a30000)
	libXrandr.so.2 => /usr/lib/libXrandr.so.2 (0x00007fee33a23000)
	libXinerama.so.1 => /usr/lib/libXinerama.so.1 (0x00007fee33a1e000)
	libglycin-2.so.0 => /usr/lib/libglycin-2.so.0 (0x00007fee33600000)
	libthai.so.0 => /usr/lib/libthai.so.0 (0x00007fee33a11000)
	libXrender.so.1 => /usr/lib/libXrender.so.1 (0x00007fee33a05000)
	libxcb.so.1 => /usr/lib/libxcb.so.1 (0x00007fee335d5000)
	libxcb-render.so.0 => /usr/lib/libxcb-render.so.0 (0x00007fee335c6000)
	libxcb-shm.so.0 => /usr/lib/libxcb-shm.so.0 (0x00007fee339fe000)
	libpixman-1.so.0 => /usr/lib/libpixman-1.so.0 (0x00007fee33517000)
	libgraphite2.so.3 => /usr/lib/libgraphite2.so.3 (0x00007fee334f4000)
	libmount.so.1 => /usr/lib/libmount.so.1 (0x00007fee33497000)
	libffi.so.8 => /usr/lib/libffi.so.8 (0x00007fee33489000)
	libpcre2-8.so.0 => /usr/lib/libpcre2-8.so.0 (0x00007fee333d4000)
	libbz2.so.1.0 => /usr/lib/libbz2.so.1.0 (0x00007fee333c1000)
	libicudata.so.78 => /usr/lib/libicudata.so.78 (0x00007fee31400000)
	libgpg-error.so.0 => /usr/lib/libgpg-error.so.0 (0x00007fee313d3000)
	libunwind.so.8 => /usr/lib/libunwind.so.8 (0x00007fee333a3000)
	libdw.so.1 => /usr/lib/libdw.so.1 (0x00007fee31331000)
	liborc-0.4.so.0 => /usr/lib/liborc-0.4.so.0 (0x00007fee3121f000)
	libEGL.so.1 => /usr/lib/libEGL.so.1 (0x00007fee3120d000)
	libGLX.so.0 => /usr/lib/libGLX.so.0 (0x00007fee311dc000)
	libX11-xcb.so.1 => /usr/lib/libX11-xcb.so.1 (0x00007fee3339c000)
	libgudev-1.0.so.0 => /usr/lib/libgudev-1.0.so.0 (0x00007fee311d0000)
	libsharpyuv.so.0 => /usr/lib/libsharpyuv.so.0 (0x00007fee311c7000)
	libjxl_cms.so.0.12 => /usr/lib/libjxl_cms.so.0.12 (0x00007fee3119e000)
	libhwy.so.1 => /usr/lib/libhwy.so.1 (0x00007fee3118f000)
	libbrotlienc.so.1 => /usr/lib/libbrotlienc.so.1 (0x00007fee310cf000)
	libyuv.so => /usr/lib/libyuv.so (0x00007fee31028000)
	libdav1d.so.7 => /usr/lib/libdav1d.so.7 (0x00007fee30e47000)
	librav1e.so.0.8 => /usr/lib/librav1e.so.0.8 (0x00007fee30a00000)
	libSvtAv1Enc.so.4 => /usr/lib/libSvtAv1Enc.so.4 (0x00007fee28400000)
	libaom.so.3 => /usr/lib/libaom.so.3 (0x00007fee27a00000)
	libhidapi-hidraw.so.0 => /usr/lib/libhidapi-hidraw.so.0 (0x00007fee30e3f000)
	libevdev.so.2 => /usr/lib/libevdev.so.2 (0x00007fee30e29000)
	libtss2-esys.so.0 => /usr/lib/libtss2-esys.so.0 (0x00007fee30d97000)
	libtss2-mu.so.0 => /usr/lib/libtss2-mu.so.0 (0x00007fee30d4d000)
	libtss2-rc.so.0 => /usr/lib/libtss2-rc.so.0 (0x00007fee30d44000)
	libtss2-tctildr.so.0 => /usr/lib/libtss2-tctildr.so.0 (0x00007fee30d3c000)
	libunistring.so.5 => /usr/lib/libunistring.so.5 (0x00007fee27819000)
	libidn2.so.0 => /usr/lib/libidn2.so.0 (0x00007fee309de000)
	libbrotlicommon.so.1 => /usr/lib/libbrotlicommon.so.1 (0x00007fee309bb000)
	libkrb5.so.3 => /usr/lib/libkrb5.so.3 (0x00007fee28331000)
	libk5crypto.so.3 => /usr/lib/libk5crypto.so.3 (0x00007fee3098d000)
	libcom_err.so.2 => /usr/lib/libcom_err.so.2 (0x00007fee30d34000)
	libkrb5support.so.0 => /usr/lib/libkrb5support.so.0 (0x00007fee30d25000)
	libkeyutils.so.1 => /usr/lib/libkeyutils.so.1 (0x00007fee30986000)
	libresolv.so.2 => /usr/lib/libresolv.so.2 (0x00007fee30973000)
	libatspi.so.0 => /usr/lib/libatspi.so.0 (0x00007fee282f5000)
	libdbus-1.so.3 => /usr/lib/libdbus-1.so.3 (0x00007fee277c6000)
	libdatrie.so.1 => /usr/lib/libdatrie.so.1 (0x00007fee282ec000)
	libXau.so.6 => /usr/lib/libXau.so.6 (0x00007fee282e7000)
	libXdmcp.so.6 => /usr/lib/libXdmcp.so.6 (0x00007fee277be000)
	libblkid.so.1 => /usr/lib/libblkid.so.1 (0x00007fee2777e000)
	liblzma.so.5 => /usr/lib/liblzma.so.5 (0x00007fee27749000)
	libelf.so.1 => /usr/lib/libelf.so.1 (0x00007fee2772b000)
	libzstd.so.1 => /usr/lib/libzstd.so.1 (0x00007fee27645000)
	libGLdispatch.so.0 => /usr/lib/libGLdispatch.so.0 (0x00007fee275cc000)
	libudev.so.1 => /usr/lib/libudev.so.1 (0x00007fee2757c000)
	libcrypto.so.3 => /usr/lib/libcrypto.so.3 (0x00007fee26e00000)
	libtss2-sys.so.1 => /usr/lib/libtss2-sys.so.1 (0x00007fee2755a000)
