{"event":"ack-configure","sequence":1,"controlSequence":0,"rootCommits":1,"childCommits":0,"serial":17,"width":320,"height":240,"monotonicNs":210923502114070}
{"event":"buffercommit","sequence":2,"controlSequence":0,"rootCommits":2,"childCommits":0,"serial":17,"width":320,"height":240,"monotonicNs":210923502241015}
{"event":"ready","sequence":3,"controlSequence":0,"rootCommits":2,"childCommits":0,"serial":17,"width":320,"height":240,"monotonicNs":210923502248822}
{"event":"buffer-release","sequence":4,"controlSequence":0,"rootCommits":2,"childCommits":0,"serial":17,"width":320,"height":240,"monotonicNs":210923502787533}
{"event":"ack-configure","sequence":5,"controlSequence":0,"rootCommits":2,"childCommits":0,"serial":18,"width":320,"height":240,"monotonicNs":210923502806499}
{"event":"buffercommit","sequence":6,"controlSequence":0,"rootCommits":3,"childCommits":0,"serial":18,"width":320,"height":240,"monotonicNs":210923502917984}
{"event":"buffer-release","sequence":7,"controlSequence":0,"rootCommits":3,"childCommits":0,"serial":18,"width":320,"height":240,"monotonicNs":210923503047566}
{"event":"ack-configure","sequence":8,"controlSequence":0,"rootCommits":3,"childCommits":0,"serial":35,"width":320,"height":240,"monotonicNs":210929188292683}
{"event":"buffercommit","sequence":9,"controlSequence":0,"rootCommits":4,"childCommits":0,"serial":35,"width":320,"height":240,"monotonicNs":210929188415956}
{"event":"buffer-release","sequence":10,"controlSequence":0,"rootCommits":4,"childCommits":0,"serial":35,"width":320,"height":240,"monotonicNs":210929189185072}
{"event":"ack-configure","sequence":11,"controlSequence":0,"rootCommits":4,"childCommits":0,"serial":38,"width":320,"height":240,"monotonicNs":210929198729691}
{"event":"buffercommit","sequence":12,"controlSequence":0,"rootCommits":5,"childCommits":0,"serial":38,"width":320,"height":240,"monotonicNs":210929198840123}
{"event":"buffer-release","sequence":13,"controlSequence":0,"rootCommits":5,"childCommits":0,"serial":38,"width":320,"height":240,"monotonicNs":210929199236609}
{"event":"ack-configure","sequence":14,"controlSequence":0,"rootCommits":5,"childCommits":0,"serial":52,"width":320,"height":240,"monotonicNs":210935531731861}
{"event":"buffercommit","sequence":15,"controlSequence":0,"rootCommits":6,"childCommits":0,"serial":52,"width":320,"height":240,"monotonicNs":210935531937867}
{"event":"buffer-release","sequence":16,"controlSequence":0,"rootCommits":6,"childCommits":0,"serial":52,"width":320,"height":240,"monotonicNs":210935532612120}
{"event":"ack-configure","sequence":17,"controlSequence":0,"rootCommits":6,"childCommits":0,"serial":55,"width":320,"height":240,"monotonicNs":210935543225760}
{"event":"buffercommit","sequence":18,"controlSequence":0,"rootCommits":7,"childCommits":0,"serial":55,"width":320,"height":240,"monotonicNs":210935543390144}
{"event":"buffer-release","sequence":19,"controlSequence":0,"rootCommits":7,"childCommits":0,"serial":55,"width":320,"height":240,"monotonicNs":210935543768175}
{"event":"ack-configure","sequence":20,"controlSequence":0,"rootCommits":7,"childCommits":0,"serial":57,"width":320,"height":240,"monotonicNs":210936178128527}
{"event":"buffercommit","sequence":21,"controlSequence":0,"rootCommits":8,"childCommits":0,"serial":57,"width":320,"height":240,"monotonicNs":210936178247218}
{"event":"buffer-release","sequence":22,"controlSequence":0,"rootCommits":8,"childCommits":0,"serial":57,"width":320,"height":240,"monotonicNs":210936178490613}
{"event":"ack-configure","sequence":23,"controlSequence":0,"rootCommits":8,"childCommits":0,"serial":106,"width":320,"height":240,"monotonicNs":210944832244684}
{"event":"buffercommit","sequence":24,"controlSequence":0,"rootCommits":9,"childCommits":0,"serial":106,"width":320,"height":240,"monotonicNs":210944832361805}
{"event":"buffer-release","sequence":25,"controlSequence":0,"rootCommits":9,"childCommits":0,"serial":106,"width":320,"height":240,"monotonicNs":210944833089990}
{"event":"ack-configure","sequence":26,"controlSequence":0,"rootCommits":9,"childCommits":0,"serial":120,"width":320,"height":240,"monotonicNs":210945675006383}
{"event":"buffercommit","sequence":27,"controlSequence":0,"rootCommits":10,"childCommits":0,"serial":120,"width":320,"height":240,"monotonicNs":210945675187428}
{"event":"buffer-release","sequence":28,"controlSequence":0,"rootCommits":10,"childCommits":0,"serial":120,"width":320,"height":240,"monotonicNs":210945675490506}
{"event":"ack-configure","sequence":29,"controlSequence":0,"rootCommits":10,"childCommits":0,"serial":123,"width":320,"height":240,"monotonicNs":210945678432874}
{"event":"buffercommit","sequence":30,"controlSequence":0,"rootCommits":11,"childCommits":0,"serial":123,"width":320,"height":240,"monotonicNs":210945678595379}
{"event":"buffer-release","sequence":31,"controlSequence":0,"rootCommits":11,"childCommits":0,"serial":123,"width":320,"height":240,"monotonicNs":210945678963248}
{"event":"ack-configure","sequence":32,"controlSequence":0,"rootCommits":11,"childCommits":0,"serial":126,"width":320,"height":240,"monotonicNs":210945774289405}
{"event":"buffercommit","sequence":33,"controlSequence":0,"rootCommits":12,"childCommits":0,"serial":126,"width":320,"height":240,"monotonicNs":210945774465132}
{"event":"buffer-release","sequence":34,"controlSequence":0,"rootCommits":12,"childCommits":0,"serial":126,"width":320,"height":240,"monotonicNs":210945774585405}
{"event":"request","sequence":35,"controlSequence":1,"rootCommits":12,"childCommits":0,"serial":126,"width":320,"height":240,"monotonicNs":210946351354876,"command":"quit"}
{"event":"normalexit","sequence":36,"controlSequence":1,"rootCommits":12,"childCommits":0,"serial":126,"width":320,"height":240,"monotonicNs":210946351376725}
