An example execution:

[State 0]
{
  s:
    {
      closed: false,
      closing: false,
      dom: true,
      epoch: 1,
      failed: false,
      initialized: true,
      lease: 1,
      navigation: 1,
      owned: true,
      policy: 1,
      replaced: false,
      snapshot: 1,
      unknown: false
    }
}

[State 1]
{
  s:
    {
      closed: false,
      closing: true,
      dom: true,
      epoch: 1,
      failed: true,
      initialized: false,
      lease: 1,
      navigation: 1,
      owned: true,
      policy: 1,
      replaced: false,
      snapshot: 1,
      unknown: false
    }
}

[State 2]
{
  s:
    {
      closed: false,
      closing: true,
      dom: true,
      epoch: 1,
      failed: true,
      initialized: false,
      lease: 1,
      navigation: 1,
      owned: true,
      policy: 1,
      replaced: false,
      snapshot: 1,
      unknown: false
    }
}

[State 3]
{
  s:
    {
      closed: false,
      closing: true,
      dom: true,
      epoch: 1,
      failed: true,
      initialized: false,
      lease: 1,
      navigation: 1,
      owned: true,
      policy: 1,
      replaced: false,
      snapshot: 1,
      unknown: false
    }
}

[State 4]
{
  s:
    {
      closed: false,
      closing: true,
      dom: true,
      epoch: 1,
      failed: true,
      initialized: false,
      lease: 1,
      navigation: 1,
      owned: true,
      policy: 1,
      replaced: false,
      snapshot: 1,
      unknown: false
    }
}

[State 5]
{
  s:
    {
      closed: false,
      closing: true,
      dom: true,
      epoch: 1,
      failed: true,
      initialized: false,
      lease: 1,
      navigation: 1,
      owned: false,
      policy: 1,
      replaced: false,
      snapshot: 1,
      unknown: false
    }
}

[State 6]
{
  s:
    {
      closed: false,
      closing: true,
      dom: true,
      epoch: 1,
      failed: true,
      initialized: false,
      lease: 1,
      navigation: 1,
      owned: false,
      policy: 1,
      replaced: false,
      snapshot: 1,
      unknown: false
    }
}

[State 7]
{
  s:
    {
      closed: false,
      closing: true,
      dom: true,
      epoch: 1,
      failed: true,
      initialized: false,
      lease: 1,
      navigation: 1,
      owned: false,
      policy: 1,
      replaced: false,
      snapshot: 1,
      unknown: false
    }
}

[State 8]
{
  s:
    {
      closed: false,
      closing: true,
      dom: true,
      epoch: 1,
      failed: true,
      initialized: false,
      lease: 1,
      navigation: 1,
      owned: false,
      policy: 1,
      replaced: false,
      snapshot: 1,
      unknown: true
    }
}

[State 9]
{
  s:
    {
      closed: false,
      closing: true,
      dom: true,
      epoch: 1,
      failed: true,
      initialized: false,
      lease: 1,
      navigation: 1,
      owned: false,
      policy: 1,
      replaced: false,
      snapshot: 1,
      unknown: true
    }
}

[State 10]
{
  s:
    {
      closed: false,
      closing: true,
      dom: true,
      epoch: 1,
      failed: true,
      initialized: false,
      lease: 1,
      navigation: 1,
      owned: false,
      policy: 1,
      replaced: false,
      snapshot: 1,
      unknown: true
    }
}

[State 11]
{
  s:
    {
      closed: false,
      closing: true,
      dom: true,
      epoch: 1,
      failed: true,
      initialized: false,
      lease: 1,
      navigation: 1,
      owned: false,
      policy: 1,
      replaced: false,
      snapshot: 1,
      unknown: true
    }
}

[State 12]
{
  s:
    {
      closed: false,
      closing: true,
      dom: true,
      epoch: 1,
      failed: true,
      initialized: false,
      lease: 1,
      navigation: 1,
      owned: false,
      policy: 1,
      replaced: false,
      snapshot: 1,
      unknown: true
    }
}

[State 13]
{
  s:
    {
      closed: false,
      closing: true,
      dom: true,
      epoch: 1,
      failed: true,
      initialized: false,
      lease: 1,
      navigation: 1,
      owned: false,
      policy: 1,
      replaced: false,
      snapshot: 1,
      unknown: true
    }
}

[State 14]
{
  s:
    {
      closed: false,
      closing: true,
      dom: true,
      epoch: 1,
      failed: true,
      initialized: false,
      lease: 1,
      navigation: 1,
      owned: false,
      policy: 1,
      replaced: false,
      snapshot: 1,
      unknown: true
    }
}

[State 15]
{
  s:
    {
      closed: false,
      closing: true,
      dom: true,
      epoch: 1,
      failed: true,
      initialized: false,
      lease: 1,
      navigation: 1,
      owned: false,
      policy: 1,
      replaced: false,
      snapshot: 1,
      unknown: true
    }
}

[State 16]
{
  s:
    {
      closed: false,
      closing: true,
      dom: true,
      epoch: 1,
      failed: true,
      initialized: false,
      lease: 1,
      navigation: 1,
      owned: false,
      policy: 1,
      replaced: false,
      snapshot: 1,
      unknown: true
    }
}

[State 17]
{
  s:
    {
      closed: false,
      closing: true,
      dom: true,
      epoch: 1,
      failed: true,
      initialized: false,
      lease: 1,
      navigation: 1,
      owned: false,
      policy: 1,
      replaced: false,
      snapshot: 1,
      unknown: true
    }
}

[State 18]
{
  s:
    {
      closed: false,
      closing: true,
      dom: true,
      epoch: 1,
      failed: true,
      initialized: false,
      lease: 1,
      navigation: 1,
      owned: false,
      policy: 1,
      replaced: false,
      snapshot: 1,
      unknown: true
    }
}

[State 19]
{
  s:
    {
      closed: false,
      closing: true,
      dom: true,
      epoch: 1,
      failed: true,
      initialized: false,
      lease: 1,
      navigation: 1,
      owned: false,
      policy: 1,
      replaced: false,
      snapshot: 1,
      unknown: true
    }
}

[State 20]
{
  s:
    {
      closed: false,
      closing: true,
      dom: true,
      epoch: 1,
      failed: true,
      initialized: false,
      lease: 1,
      navigation: 1,
      owned: false,
      policy: 1,
      replaced: false,
      snapshot: 1,
      unknown: true
    }
}

[State 21]
{
  s:
    {
      closed: false,
      closing: true,
      dom: true,
      epoch: 1,
      failed: true,
      initialized: false,
      lease: 1,
      navigation: 1,
      owned: false,
      policy: 1,
      replaced: false,
      snapshot: 1,
      unknown: true
    }
}

[State 22]
{
  s:
    {
      closed: false,
      closing: true,
      dom: true,
      epoch: 1,
      failed: true,
      initialized: false,
      lease: 1,
      navigation: 1,
      owned: false,
      policy: 1,
      replaced: false,
      snapshot: 1,
      unknown: true
    }
}

[State 23]
{
  s:
    {
      closed: false,
      closing: true,
      dom: true,
      epoch: 1,
      failed: true,
      initialized: false,
      lease: 1,
      navigation: 1,
      owned: false,
      policy: 1,
      replaced: false,
      snapshot: 1,
      unknown: true
    }
}

[State 24]
{
  s:
    {
      closed: false,
      closing: true,
      dom: true,
      epoch: 1,
      failed: true,
      initialized: false,
      lease: 1,
      navigation: 1,
      owned: false,
      policy: 1,
      replaced: false,
      snapshot: 1,
      unknown: true
    }
}

[State 25]
{
  s:
    {
      closed: false,
      closing: true,
      dom: true,
      epoch: 1,
      failed: true,
      initialized: false,
      lease: 1,
      navigation: 1,
      owned: false,
      policy: 1,
      replaced: false,
      snapshot: 1,
      unknown: true
    }
}

[State 26]
{
  s:
    {
      closed: false,
      closing: true,
      dom: true,
      epoch: 1,
      failed: true,
      initialized: false,
      lease: 1,
      navigation: 1,
      owned: false,
      policy: 1,
      replaced: false,
      snapshot: 1,
      unknown: true
    }
}

[State 27]
{
  s:
    {
      closed: false,
      closing: true,
      dom: true,
      epoch: 1,
      failed: true,
      initialized: false,
      lease: 1,
      navigation: 1,
      owned: false,
      policy: 1,
      replaced: false,
      snapshot: 1,
      unknown: true
    }
}

[State 28]
{
  s:
    {
      closed: false,
      closing: true,
      dom: true,
      epoch: 1,
      failed: true,
      initialized: false,
      lease: 1,
      navigation: 1,
      owned: false,
      policy: 1,
      replaced: false,
      snapshot: 1,
      unknown: true
    }
}

[State 29]
{
  s:
    {
      closed: false,
      closing: true,
      dom: true,
      epoch: 1,
      failed: true,
      initialized: false,
      lease: 1,
      navigation: 1,
      owned: false,
      policy: 1,
      replaced: false,
      snapshot: 1,
      unknown: true
    }
}

[State 30]
{
  s:
    {
      closed: false,
      closing: true,
      dom: true,
      epoch: 1,
      failed: true,
      initialized: false,
      lease: 1,
      navigation: 1,
      owned: false,
      policy: 1,
      replaced: false,
      snapshot: 1,
      unknown: true
    }
}

[State 31]
{
  s:
    {
      closed: false,
      closing: true,
      dom: true,
      epoch: 1,
      failed: true,
      initialized: false,
      lease: 1,
      navigation: 1,
      owned: false,
      policy: 1,
      replaced: false,
      snapshot: 1,
      unknown: true
    }
}

[State 32]
{
  s:
    {
      closed: false,
      closing: true,
      dom: true,
      epoch: 1,
      failed: true,
      initialized: false,
      lease: 1,
      navigation: 1,
      owned: false,
      policy: 1,
      replaced: false,
      snapshot: 1,
      unknown: true
    }
}

[ok] No violation found (163ms at 1227 traces/second).
Trace length statistics: max=33, min=33, average=33.00
You may increase --max-samples and --max-steps.
Use --verbosity to produce more (or less) output.
