test_actual_candidate_and_links (test_actual_binding.LoadedSourceTests.test_actual_candidate_and_links) ... ok
test_actual_link_replacement_persists_raw_refusal (test_actual_binding.LoadedSourceTests.test_actual_link_replacement_persists_raw_refusal) ... ok
test_actual_source_fd_swap_is_refused (test_actual_binding.LoadedSourceTests.test_actual_source_fd_swap_is_refused) ... ok
test_alias_and_unsafe_mode_refuse (test_actual_binding.LoadedSourceTests.test_alias_and_unsafe_mode_refuse) ... ok
test_post_disk_link_replacement_refuses (test_actual_binding.LoadedSourceTests.test_post_disk_link_replacement_refuses) ... ok
test_stale_preloaded_v17_is_not_repaired_by_outer_path (test_actual_binding.LoadedSourceTests.test_stale_preloaded_v17_is_not_repaired_by_outer_path) ... ok
test_valid_module_token_replacement_refuses (test_actual_binding.LoadedSourceTests.test_valid_module_token_replacement_refuses) ... ok
test_actual_held_lease_first_complete_binding (test_actual_binding.OwnerKernelTests.test_actual_held_lease_first_complete_binding) ... ok
test_actual_reader_peer_and_journal_equal_binding (test_actual_binding.OwnerKernelTests.test_actual_reader_peer_and_journal_equal_binding) ... ok
test_actual_recovery_coordinator_binding_before_any_effect (test_actual_binding.OwnerKernelTests.test_actual_recovery_coordinator_binding_before_any_effect) ... ok
test_actual_terminal_closed_lease_and_ledger_then_changed_archive_refuses (test_actual_binding.OwnerKernelTests.test_actual_terminal_closed_lease_and_ledger_then_changed_archive_refuses) ... ok
test_callback_replacement_after_disk_refuses (test_actual_binding.OwnerKernelTests.test_callback_replacement_after_disk_refuses) ... ok
test_exact_actual_actor_class_and_callback_chain (test_actual_binding.OwnerKernelTests.test_exact_actual_actor_class_and_callback_chain) ... ok
test_expected_fault_pending_data_is_retained_without_authority (test_actual_binding.OwnerKernelTests.test_expected_fault_pending_data_is_retained_without_authority) ... ok
test_genuine_owned_data_probe_uses_actual_row_and_no_helper (test_actual_binding.OwnerKernelTests.test_genuine_owned_data_probe_uses_actual_row_and_no_helper) ... ok
test_owner_changed_after_disk_has_raw_confirmation_before_refusal (test_actual_binding.OwnerKernelTests.test_owner_changed_after_disk_has_raw_confirmation_before_refusal) ... ok
test_pending_refused_missing_and_replaced_owner_never_admit (test_actual_binding.OwnerKernelTests.test_pending_refused_missing_and_replaced_owner_never_admit) ... ok
test_probe_wrong_owner_before_bytes_is_persisted_unusable (test_actual_binding.OwnerKernelTests.test_probe_wrong_owner_before_bytes_is_persisted_unusable) ... ok
test_stale_callback_no_actor_preparation_authority (test_actual_binding.OwnerKernelTests.test_stale_callback_no_actor_preparation_authority) ... ok
test_wrong_actual_recovery_factory_refuses_before_effect (test_actual_binding.OwnerKernelTests.test_wrong_actual_recovery_factory_refuses_before_effect) ... ok
test_wrong_collector_digest_persists_no_usable_binding (test_actual_binding.OwnerKernelTests.test_wrong_collector_digest_persists_no_usable_binding) ... ok
test_actual_batch_callback_objects_and_roots_captured (test_batch_binding.BatchBindingKernelTests.test_actual_batch_callback_objects_and_roots_captured) ... ok
test_exact_actual_terminal_batch_and_postdisk_callbacks (test_batch_binding.BatchBindingKernelTests.test_exact_actual_terminal_batch_and_postdisk_callbacks) ... ok
test_individually_valid_batch_replacement_after_disk_refuses (test_batch_binding.BatchBindingKernelTests.test_individually_valid_batch_replacement_after_disk_refuses) ... ok
test_individually_valid_foreign_commands_root_preview_or_actor_refuse (test_batch_binding.BatchBindingKernelTests.test_individually_valid_foreign_commands_root_preview_or_actor_refuse) ... ok
test_initial_genuine_expected_function_bound_to_foreign_owner_refuses (test_batch_binding.BatchBindingKernelTests.test_initial_genuine_expected_function_bound_to_foreign_owner_refuses) ... ok
test_initial_genuine_wrong_batch_method_role_refuses (test_batch_binding.BatchBindingKernelTests.test_initial_genuine_wrong_batch_method_role_refuses) ... ok
test_terminal_postdisk_replacement_has_raw_refusal (test_batch_binding.BatchBindingKernelTests.test_terminal_postdisk_replacement_has_raw_refusal) ... ok
test_terminal_replaced_callback_refuses (test_batch_binding.BatchBindingKernelTests.test_terminal_replaced_callback_refuses) ... ok
test_terminal_still_valid_replaced_batch_refuses (test_batch_binding.BatchBindingKernelTests.test_terminal_still_valid_replaced_batch_refuses) ... ok
test_missing_batch_or_extra_source_never_yields_complete_observation (test_batch_binding.ModuleCoverageTests.test_missing_batch_or_extra_source_never_yields_complete_observation) ... ok
test_actual_product_cache_read_minimize_and_composed_restore (test_capture_evidence.CaptureEvidenceTests.test_actual_product_cache_read_minimize_and_composed_restore) ... ok
test_cache_missing_changed_symlink_and_restore_difference_refuse (test_capture_evidence.CaptureEvidenceTests.test_cache_missing_changed_symlink_and_restore_difference_refuse) ... ok
test_capture_seed_and_exact_pairs_then_restore_reuse (test_capture_evidence.CaptureEvidenceTests.test_capture_seed_and_exact_pairs_then_restore_reuse) ... ok
test_native_fallback_no_sources_or_seed_cannot_satisfy (test_capture_evidence.CaptureEvidenceTests.test_native_fallback_no_sources_or_seed_cannot_satisfy) ... ok
test_retirement_retains_drained_real_seed_events_after_delegate (test_capture_evidence.CaptureEvidenceTests.test_retirement_retains_drained_real_seed_events_after_delegate) ... ok
test_alias_changes_to_same_byte_target_during_hash_refuses (test_collector_closure_alias.ClosureAliasKernelTests.test_alias_changes_to_same_byte_target_during_hash_refuses) ... ok
test_already_pinned_exact_link_accepts_same_alias_byte (test_collector_closure_alias.ClosureAliasKernelTests.test_already_pinned_exact_link_accepts_same_alias_byte) ... ok
test_declared_wrong_target_with_identical_bytes_refuses (test_collector_closure_alias.ClosureAliasKernelTests.test_declared_wrong_target_with_identical_bytes_refuses) ... ok
test_every_selected_link_rechecked_after_byte_resolution (test_collector_closure_alias.ClosureAliasKernelTests.test_every_selected_link_rechecked_after_byte_resolution) ... ok
test_exact_dual_byte_mode_link_and_captured_backing_accept (test_collector_closure_alias.ClosureAliasKernelTests.test_exact_dual_byte_mode_link_and_captured_backing_accept) ... ok
test_missing_backing_byte_mode_declaration_refuses (test_collector_closure_alias.ClosureAliasKernelTests.test_missing_backing_byte_mode_declaration_refuses) ... ok
test_missing_or_nonregular_backing_refuses (test_collector_closure_alias.ClosureAliasKernelTests.test_missing_or_nonregular_backing_refuses) ... ok
test_prior_digest_mode_and_target_conflicts_refuse (test_collector_closure_alias.ClosureAliasKernelTests.test_prior_digest_mode_and_target_conflicts_refuse) ... ok
test_unknown_alias_same_matching_bytes_without_declaration_refuses (test_collector_closure_alias.ClosureAliasKernelTests.test_unknown_alias_same_matching_bytes_without_declaration_refuses) ... ok
test_wrong_observed_backing_bytes_and_mode_refuse (test_collector_closure_alias.ClosureAliasKernelTests.test_wrong_observed_backing_bytes_and_mode_refuse) ... ok
test_actual_runner_places_archive_context_before_host_exit (test_failure_archive.ArchiveTests.test_actual_runner_places_archive_context_before_host_exit) ... ok
test_archive_before_host_disposal_after_cleanup_exception_without_ipc (test_failure_archive.ArchiveTests.test_archive_before_host_disposal_after_cleanup_exception_without_ipc) ... ok
test_truncated_crash_log_preserved_but_acceptance_refused (test_failure_archive.ArchiveTests.test_truncated_crash_log_preserved_but_acceptance_refused) ... ok
test_unsafe_config_or_log_symlink_refuses_before_archive (test_failure_archive.ArchiveTests.test_unsafe_config_or_log_symlink_refuses_before_archive) ... ok
test_changed_declared_ancestral_mode_refuses_instead_of_restat_blessing (test_freezer_v2.FreezerV2.test_changed_declared_ancestral_mode_refuses_instead_of_restat_blessing) ... ok
test_nested_retained_manifest_and_declared_modes_survive_actual_freezer (test_freezer_v2.FreezerV2.test_nested_retained_manifest_and_declared_modes_survive_actual_freezer) ... ok
test_actual_live_registered_helper_timeout_never_normal (test_helper_failure_drain.HelperFailureDrainTests.test_actual_live_registered_helper_timeout_never_normal) ... ok
test_actual_normal_drain_retains_original_missing_harness (test_helper_failure_drain.HelperFailureDrainTests.test_actual_normal_drain_retains_original_missing_harness) ... ok
test_archive_failure_cannot_replace_original_exception (test_helper_failure_drain.HelperFailureDrainTests.test_archive_failure_cannot_replace_original_exception) ... ok
test_extra_service_count_refuses (test_helper_failure_drain.HelperFailureDrainTests.test_extra_service_count_refuses) ... ok
test_held_actual_log_lock_expires_original_remaining_budget (test_helper_failure_drain.HelperFailureDrainTests.test_held_actual_log_lock_expires_original_remaining_budget) ... ok
test_held_lock_release_allows_exact_snapshot (test_helper_failure_drain.HelperFailureDrainTests.test_held_lock_release_allows_exact_snapshot) ... ok
test_nonzero_terminal_retains_failure_without_normal_cleanup (test_helper_failure_drain.HelperFailureDrainTests.test_nonzero_terminal_retains_failure_without_normal_cleanup) ... ok
test_original_default_deadline_and_observer_guards_unchanged (test_helper_failure_drain.HelperFailureDrainTests.test_original_default_deadline_and_observer_guards_unchanged) ... ok
test_unchanged_complete_workload_success (test_helper_failure_drain.HelperFailureDrainTests.test_unchanged_complete_workload_success) ... ok
test_unknown_flock_errno_is_not_pending (test_helper_failure_drain.HelperFailureDrainTests.test_unknown_flock_errno_is_not_pending) ... ok
test_unknown_query_root_refuses (test_helper_failure_drain.HelperFailureDrainTests.test_unknown_query_root_refuses) ... ok
test_unknown_refused_event_never_normalized (test_helper_failure_drain.HelperFailureDrainTests.test_unknown_refused_event_never_normalized) ... ok
test_unknown_service_prefix_refuses (test_helper_failure_drain.HelperFailureDrainTests.test_unknown_service_prefix_refuses) ... ok
test_wrong_lifetime_terminal_refuses (test_helper_failure_drain.HelperFailureDrainTests.test_wrong_lifetime_terminal_refuses) ... ok
test_actual_opened_descriptor_swap_refuses_even_if_path_restored (test_helpers.HelperTests.test_actual_opened_descriptor_swap_refuses_even_if_path_restored) ... ok
test_exact_terminal_identity_required (test_helpers.HelperTests.test_exact_terminal_identity_required) ... ok
test_nonzero_and_unknown_events_never_accept (test_helpers.HelperTests.test_nonzero_and_unknown_events_never_accept) ... ok
test_real_gated_exec_once_argv_status_and_duplicate_refusal (test_helpers.HelperTests.test_real_gated_exec_once_argv_status_and_duplicate_refusal) ... ok
test_real_unix_peer_full_eof_and_actual_reply (test_helpers.HelperTests.test_real_unix_peer_full_eof_and_actual_reply) ... ok
test_strict_exact_operation_identity (test_helpers.HelperTests.test_strict_exact_operation_identity) ... ok
test_symlink_config_refuses (test_helpers.HelperTests.test_symlink_config_refuses) ... ok
test_wrong_actual_socket_peer_refuses_before_send (test_helpers.HelperTests.test_wrong_actual_socket_peer_refuses_before_send) ... ok
test_actual_bytes_retained_after_release (test_observer.RetentionTests.test_actual_bytes_retained_after_release) ... ok
test_binding_delegate_and_return_preserved_outside_product_registry (test_observer.RetentionTests.test_binding_delegate_and_return_preserved_outside_product_registry) ... ok
test_foreign_actor_refused (test_observer.RetentionTests.test_foreign_actor_refused) ... ok
test_named_path_swap_after_read_refused (test_observer.RetentionTests.test_named_path_swap_after_read_refused) ... ok
test_normal_retirement_observed_after_original_registry_removal (test_observer.RetentionTests.test_normal_retirement_observed_after_original_registry_removal) ... ok
test_observation_delegates_capture_once_returns_same_object (test_observer.RetentionTests.test_observation_delegates_capture_once_returns_same_object) ... ok
test_unsafe_permissions_refused (test_observer.RetentionTests.test_unsafe_permissions_refused) ... ok
test_wrong_digest_refused (test_observer.RetentionTests.test_wrong_digest_refused) ... ok
test_wrong_epoch_refused (test_observer.RetentionTests.test_wrong_epoch_refused) ... ok
test_actual_all_copied_sources_and_absolute_imports_match (test_packaging.Packaging.test_actual_all_copied_sources_and_absolute_imports_match) ... ok
test_all_implicitly_enabled_production_services_are_disabled (test_packaging.Packaging.test_all_implicitly_enabled_production_services_are_disabled) ... ok
test_changed_source_is_not_accepted_from_unchanged_copy (test_packaging.Packaging.test_changed_source_is_not_accepted_from_unchanged_copy) ... ok
test_offscope_home_materialization_refuses_before_any_copy (test_packaging.Packaging.test_offscope_home_materialization_refuses_before_any_copy) ... ok
test_only_actual_window_widget_is_on_left_bar (test_packaging.Packaging.test_only_actual_window_widget_is_on_left_bar) ... ok
test_payload_has_no_links_into_main_catalogs (test_packaging.Packaging.test_payload_has_no_links_into_main_catalogs) ... ok
test_retained_absolute_import_is_explicit_and_unmodified (test_packaging.Packaging.test_retained_absolute_import_is_explicit_and_unmodified) ... ok
test_actual_taskbar_snapshot_delegates_unchanged_real_snap_query (test_query_roles.QueryRoles.test_actual_taskbar_snapshot_delegates_unchanged_real_snap_query) ... ok
test_native_runner_registers_before_gate_and_checks_final_roles (test_query_roles.QueryRoles.test_native_runner_registers_before_gate_and_checks_final_roles) ... ok
test_query_summary_distinct_qs_lifetimes_and_one_harness (test_query_roles.QueryRoles.test_query_summary_distinct_qs_lifetimes_and_one_harness) ... ok
test_real_gate_exec_keeps_registered_pid_start_and_eof_refuses (test_query_roles.QueryRoles.test_real_gate_exec_keeps_registered_pid_start_and_eof_refuses) ... ok
test_descriptor_relative_read_retains_selected_directory_not_rebound_path (test_recovery_observer.RecoveryArchiveTests.test_descriptor_relative_read_retains_selected_directory_not_rebound_path) ... ok
test_durable_cancel_archived_while_exact_sources_still_exist (test_recovery_observer.RecoveryArchiveTests.test_durable_cancel_archived_while_exact_sources_still_exist) ... ok
test_failed_real_persist_never_creates_acknowledgment_evidence (test_recovery_observer.RecoveryArchiveTests.test_failed_real_persist_never_creates_acknowledgment_evidence) ... ok
test_mismatched_readback_persists_raw_error_before_assertion (test_recovery_observer.RecoveryArchiveTests.test_mismatched_readback_persists_raw_error_before_assertion) ... ok
test_unknown_symlink_material_is_never_followed (test_recovery_observer.RecoveryArchiveTests.test_unknown_symlink_material_is_never_followed) ... ok
test_unsafe_mode_or_bound_never_becomes_retained_proof (test_recovery_observer.RecoveryArchiveTests.test_unsafe_mode_or_bound_never_becomes_retained_proof) ... ok
test_actual_kernel_peer_cannot_confirm_wrong_start_or_released_lease (test_recovery_restart.RestartTests.test_actual_kernel_peer_cannot_confirm_wrong_start_or_released_lease) ... ok
test_actual_new_gated_root_retains_sources_members_and_accumulated_limits (test_recovery_restart.RestartTests.test_actual_new_gated_root_retains_sources_members_and_accumulated_limits) ... ok
test_documented_runtime_recovery_binding_completes_before_actual_private_api (test_recovery_restart.RestartTests.test_documented_runtime_recovery_binding_completes_before_actual_private_api) ... ok
test_live_exact_old_root_cannot_be_replaced (test_recovery_restart.RestartTests.test_live_exact_old_root_cannot_be_replaced) ... ok
test_members_and_changed_frozen_source_refuse_before_config_write (test_recovery_restart.RestartTests.test_members_and_changed_frozen_source_refuse_before_config_write) ... ok
test_new_root_cannot_change_original_runtime_or_session (test_recovery_restart.RestartTests.test_new_root_cannot_change_original_runtime_or_session) ... ok
test_original_actual_baseline_template_requires_all15_and_normal_fixtures (test_recovery_restart.RestartTests.test_original_actual_baseline_template_requires_all15_and_normal_fixtures) ... ok
test_partial_source_or_forced_baseline_never_admits_fault_campaign (test_recovery_restart.RestartTests.test_partial_source_or_forced_baseline_never_admits_fault_campaign) ... ok
test_unknown_new_lifetime_and_used_evidence_destination_refuse (test_recovery_restart.RestartTests.test_unknown_new_lifetime_and_used_evidence_destination_refuse) ... ok
test_binding_replacement_after_raw_disk_is_retained_refusal (test_renderer_collector_binding.RendererBindingKernelTests.test_binding_replacement_after_raw_disk_is_retained_refusal) ... ok
test_coherent_foreign_genuine_popen_swap_refuses_actual_pid (test_renderer_collector_binding.RendererBindingKernelTests.test_coherent_foreign_genuine_popen_swap_refuses_actual_pid) ... ok
test_coherent_registered_and_launch_float_alias_refuses (test_renderer_collector_binding.RendererBindingKernelTests.test_coherent_registered_and_launch_float_alias_refuses) ... ok
test_foreign_genuine_keeper_same_root_and_environment_refuses_binding (test_renderer_collector_binding.RendererBindingKernelTests.test_foreign_genuine_keeper_same_root_and_environment_refuses_binding) ... ok
test_foreign_real_transport_launch_keeper_or_process_binding_refuses (test_renderer_collector_binding.RendererBindingKernelTests.test_foreign_real_transport_launch_keeper_or_process_binding_refuses) ... ok
test_genuine_outstanding_same_actor_helper_refuses (test_renderer_collector_binding.RendererBindingKernelTests.test_genuine_outstanding_same_actor_helper_refuses) ... ok
test_genuine_sealed_exec_live_and_actual_normal_terminal (test_renderer_collector_binding.RendererBindingKernelTests.test_genuine_sealed_exec_live_and_actual_normal_terminal) ... ok
test_live_link_does_not_call_product_exec_verifier_or_poll (test_renderer_collector_binding.RendererBindingKernelTests.test_live_link_does_not_call_product_exec_verifier_or_poll) ... ok
test_missing_binding_refuses_before_usable (test_renderer_collector_binding.RendererBindingKernelTests.test_missing_binding_refuses_before_usable) ... ok
test_nested_bool_float_and_subclass_metadata_refuse (test_renderer_collector_binding.RendererBindingKernelTests.test_nested_bool_float_and_subclass_metadata_refuse) ... ok
test_new_bound_guard_wrong_genuine_function_or_foreign_owner_refuses (test_renderer_collector_binding.RendererBindingKernelTests.test_new_bound_guard_wrong_genuine_function_or_foreign_owner_refuses) ... ok
test_new_static_guard_wrong_function_or_bound_owner_refuses (test_renderer_collector_binding.RendererBindingKernelTests.test_new_static_guard_wrong_function_or_bound_owner_refuses) ... ok
test_noncanonical_process_wrapper_refuses (test_renderer_collector_binding.RendererBindingKernelTests.test_noncanonical_process_wrapper_refuses) ... ok
test_noninteger_renderer_returncode_refuses_terminal (test_renderer_collector_binding.RendererBindingKernelTests.test_noninteger_renderer_returncode_refuses_terminal) ... ok
test_numeric_keeper_normalstop_alias_refuses_terminal (test_renderer_collector_binding.RendererBindingKernelTests.test_numeric_keeper_normalstop_alias_refuses_terminal) ... ok
test_real_keeper_abort_zero_exit_refuses_terminal (test_renderer_collector_binding.RendererBindingKernelTests.test_real_keeper_abort_zero_exit_refuses_terminal) ... ok
test_same_kind_second_genuine_renderer_refuses (test_renderer_collector_binding.RendererBindingKernelTests.test_same_kind_second_genuine_renderer_refuses) ... ok
test_selected_producer_digest_refuses (test_renderer_collector_binding.RendererBindingKernelTests.test_selected_producer_digest_refuses) ... ok
test_stopped_renderer_cannot_be_linked_as_live (test_renderer_collector_binding.RendererBindingKernelTests.test_stopped_renderer_cannot_be_linked_as_live) ... ok
test_terminal_postdisk_binding_replacement_retains_raw_failure (test_renderer_collector_binding.RendererBindingKernelTests.test_terminal_postdisk_binding_replacement_retains_raw_failure) ... ok
test_unrelated_actor_helper_retains_original_live_policy (test_renderer_collector_binding.RendererBindingKernelTests.test_unrelated_actor_helper_retains_original_live_policy) ... ok
test_changed_receipt_prefix (test_reversal.ReversalEvidence.test_changed_receipt_prefix) ... ok
test_complete_fixture_scopes_acceptance (test_reversal.ReversalEvidence.test_complete_fixture_scopes_acceptance) ... ok
test_duplicate_origin (test_reversal.ReversalEvidence.test_duplicate_origin) ... ok
test_duplicate_swap (test_reversal.ReversalEvidence.test_duplicate_swap) ... ok
test_endpoint_is_not_an_interior_reversal (test_reversal.ReversalEvidence.test_endpoint_is_not_an_interior_reversal) ... ok
test_extra_texture_upload (test_reversal.ReversalEvidence.test_extra_texture_upload) ... ok
test_failed_swap (test_reversal.ReversalEvidence.test_failed_swap) ... ok
test_missing_output_origin (test_reversal.ReversalEvidence.test_missing_output_origin) ... ok
test_missing_second_reversal (test_reversal.ReversalEvidence.test_missing_second_reversal) ... ok
test_original_actual_baseline_is_insufficient (test_reversal.ReversalEvidence.test_original_actual_baseline_is_insufficient) ... ok
test_output_generation_change (test_reversal.ReversalEvidence.test_output_generation_change) ... ok
test_receipt_serial_regression (test_reversal.ReversalEvidence.test_receipt_serial_regression) ... ok
test_retarg_applied_twice (test_reversal.ReversalEvidence.test_retarg_applied_twice) ... ok
test_retarg_claims_native_authority (test_reversal.ReversalEvidence.test_retarg_claims_native_authority) ... ok
test_retarg_does_not_reuse_source (test_reversal.ReversalEvidence.test_retarg_does_not_reuse_source) ... ok
test_second_seed_is_recapture (test_reversal.ReversalEvidence.test_second_seed_is_recapture) ... ok
test_stale_endpoint (test_reversal.ReversalEvidence.test_stale_endpoint) ... ok
test_unknown_presented_token (test_reversal.ReversalEvidence.test_unknown_presented_token) ... ok
test_unpresented_final_endpoint (test_reversal.ReversalEvidence.test_unpresented_final_endpoint) ... ok
test_wrong_origin_member_rectangle (test_reversal.ReversalEvidence.test_wrong_origin_member_rectangle) ... ok
test_wrong_origin_sequence (test_reversal.ReversalEvidence.test_wrong_origin_sequence) ... ok
test_wrong_origin_timestamp (test_reversal.ReversalEvidence.test_wrong_origin_timestamp) ... ok
test_wrong_uploaded_source (test_reversal.ReversalEvidence.test_wrong_uploaded_source) ... ok
test_actual_gated_service_queries_full_eof_unchanged_launcher_and_refusals (test_service_queries.ServiceQueryTests.test_actual_gated_service_queries_full_eof_unchanged_launcher_and_refusals) ... ok
test_strict_exact_service_payloads_methods_identity_and_source (test_service_queries.ServiceQueryTests.test_strict_exact_service_payloads_methods_identity_and_source) ... ok
test_genuine_refused_query_retains_primary_without_unbound_error (test_terminal_confirmation.TerminalConfirmationTests.test_genuine_refused_query_retains_primary_without_unbound_error) ... ok
test_missing_postdisk_source_packet_cannot_reuse_predisk_packet (test_terminal_confirmation.TerminalConfirmationTests.test_missing_postdisk_source_packet_cannot_reuse_predisk_packet) ... ok
test_missing_predisk_source_packet_gets_fresh_confirmation_and_stays_refused (test_terminal_confirmation.TerminalConfirmationTests.test_missing_predisk_source_packet_gets_fresh_confirmation_and_stays_refused) ... ok
test_normal_complete_query_acquires_two_independent_source_packets (test_terminal_confirmation.TerminalConfirmationTests.test_normal_complete_query_acquires_two_independent_source_packets) ... ok
test_backend_source_mutation_refuses_and_records (test_v6_helpers.V6Tests.test_backend_source_mutation_refuses_and_records) ... ok
test_compositor_environment_includes_actual_private_omarchy_path (test_v6_helpers.V6Tests.test_compositor_environment_includes_actual_private_omarchy_path) ... ok
test_early_owned_bad_mode_refusal_is_durable_without_exec (test_v6_helpers.V6Tests.test_early_owned_bad_mode_refusal_is_durable_without_exec) ... ok
test_exact_inactive_relay_args_integer_boundaries (test_v6_helpers.V6Tests.test_exact_inactive_relay_args_integer_boundaries) ... ok
test_full_snap_source_unchanged_and_real_shell_precedes_load (test_v6_helpers.V6Tests.test_full_snap_source_unchanged_and_real_shell_precedes_load) ... ok
test_runtime_directory_normalization_preserves_payload_files (test_v6_helpers.V6Tests.test_runtime_directory_normalization_preserves_payload_files) ... ok
test_runtime_symlink_directory_refused (test_v6_helpers.V6Tests.test_runtime_symlink_directory_refused) ... ok
test_selected_wrapper_rejects_other_helper_operation (test_v6_helpers.V6Tests.test_selected_wrapper_rejects_other_helper_operation) ... ok
test_two_exact_delegates_complete_once_and_duplicate_fails (test_v6_helpers.V6Tests.test_two_exact_delegates_complete_once_and_duplicate_fails) ... ok
test_unchanged_packaged_launcher_executes_owned_qs_argv (test_v6_helpers.V6Tests.test_unchanged_packaged_launcher_executes_owned_qs_argv) ... ok

----------------------------------------------------------------------
Ran 169 tests in 79.908s

OK
