An example execution:

[State 0]
{
  s:
    {
      acked: 0,
      after: 0,
      complete: Set(),
      history: [],
      issued: 0,
      last: false,
      order: [],
      ready: Set(),
      retained: Set(),
      selected: 0
    }
}

[State 1]
{
  s:
    {
      acked: 0,
      after: 0,
      complete: Set(),
      history: ["Observe1"],
      issued: 0,
      last: true,
      order: [],
      ready: Set(),
      retained: Set(1),
      selected: 0
    }
}

[State 2]
{
  s:
    {
      acked: 0,
      after: 0,
      complete: Set(),
      history: ["Observe1", "Observe1"],
      issued: 0,
      last: true,
      order: [],
      ready: Set(),
      retained: Set(1),
      selected: 0
    }
}

[State 3]
{
  s:
    {
      acked: 0,
      after: 0,
      complete: Set(),
      history: ["Observe1", "Observe1", "Observe1"],
      issued: 0,
      last: true,
      order: [],
      ready: Set(),
      retained: Set(1),
      selected: 0
    }
}

[State 4]
{
  s:
    {
      acked: 0,
      after: 0,
      complete: Set(),
      history: ["Observe1", "Observe1", "Observe1", "Poll"],
      issued: 0,
      last: true,
      order: [],
      ready: Set(),
      retained: Set(1),
      selected: 0
    }
}

[State 5]
{
  s:
    {
      acked: 0,
      after: 0,
      complete: Set(),
      history: ["Observe1", "Observe1", "Observe1", "Poll", "Observe1"],
      issued: 0,
      last: true,
      order: [],
      ready: Set(),
      retained: Set(1),
      selected: 0
    }
}

[State 6]
{
  s:
    {
      acked: 0,
      after: 0,
      complete: Set(),
      history:
        ["Observe1", "Observe1", "Observe1", "Poll", "Observe1", "Observe1"],
      issued: 0,
      last: true,
      order: [],
      ready: Set(),
      retained: Set(1),
      selected: 0
    }
}

[State 7]
{
  s:
    {
      acked: 0,
      after: 0,
      complete: Set(),
      history:
        [
          "Observe1",
          "Observe1",
          "Observe1",
          "Poll",
          "Observe1",
          "Observe1",
          "Observe3"
        ],
      issued: 0,
      last: true,
      order: [],
      ready: Set(),
      retained: Set(1, 3),
      selected: 0
    }
}

[State 8]
{
  s:
    {
      acked: 0,
      after: 0,
      complete: Set(),
      history:
        [
          "Observe1",
          "Observe1",
          "Observe1",
          "Poll",
          "Observe1",
          "Observe1",
          "Observe3",
          "Observe2"
        ],
      issued: 0,
      last: true,
      order: [],
      ready: Set(),
      retained: Set(1, 2, 3),
      selected: 0
    }
}

[State 9]
{
  s:
    {
      acked: 0,
      after: 0,
      complete: Set(),
      history:
        [
          "Observe1",
          "Observe1",
          "Observe1",
          "Poll",
          "Observe1",
          "Observe1",
          "Observe3",
          "Observe2",
          "Ready1"
        ],
      issued: 0,
      last: true,
      order: [],
      ready: Set(1),
      retained: Set(1, 2, 3),
      selected: 0
    }
}

[State 10]
{
  s:
    {
      acked: 0,
      after: 0,
      complete: Set(),
      history:
        [
          "Observe1",
          "Observe1",
          "Observe1",
          "Poll",
          "Observe1",
          "Observe1",
          "Observe3",
          "Observe2",
          "Ready1",
          "Observe3"
        ],
      issued: 0,
      last: true,
      order: [],
      ready: Set(1),
      retained: Set(1, 2, 3),
      selected: 0
    }
}

[State 11]
{
  s:
    {
      acked: 0,
      after: 0,
      complete: Set(),
      history:
        [
          "Observe1",
          "Observe1",
          "Observe1",
          "Poll",
          "Observe1",
          "Observe1",
          "Observe3",
          "Observe2",
          "Ready1",
          "Observe3",
          "Observe3"
        ],
      issued: 0,
      last: true,
      order: [],
      ready: Set(1),
      retained: Set(1, 2, 3),
      selected: 0
    }
}

[State 12]
{
  s:
    {
      acked: 0,
      after: 0,
      complete: Set(),
      history:
        [
          "Observe1",
          "Observe1",
          "Observe1",
          "Poll",
          "Observe1",
          "Observe1",
          "Observe3",
          "Observe2",
          "Ready1",
          "Observe3",
          "Observe3",
          "Observe1"
        ],
      issued: 0,
      last: true,
      order: [],
      ready: Set(1),
      retained: Set(1, 2, 3),
      selected: 0
    }
}

[State 13]
{
  s:
    {
      acked: 0,
      after: 0,
      complete: Set(),
      history:
        [
          "Observe1",
          "Observe1",
          "Observe1",
          "Poll",
          "Observe1",
          "Observe1",
          "Observe3",
          "Observe2",
          "Ready1",
          "Observe3",
          "Observe3",
          "Observe1",
          "Observe3"
        ],
      issued: 0,
      last: true,
      order: [],
      ready: Set(1),
      retained: Set(1, 2, 3),
      selected: 0
    }
}

[State 14]
{
  s:
    {
      acked: 0,
      after: 0,
      complete: Set(),
      history:
        [
          "Observe1",
          "Observe1",
          "Observe1",
          "Poll",
          "Observe1",
          "Observe1",
          "Observe3",
          "Observe2",
          "Ready1",
          "Observe3",
          "Observe3",
          "Observe1",
          "Observe3",
          "Observe3"
        ],
      issued: 0,
      last: true,
      order: [],
      ready: Set(1),
      retained: Set(1, 2, 3),
      selected: 0
    }
}

[State 15]
{
  s:
    {
      acked: 0,
      after: 0,
      complete: Set(),
      history:
        [
          "Observe1",
          "Observe1",
          "Observe1",
          "Poll",
          "Observe1",
          "Observe1",
          "Observe3",
          "Observe2",
          "Ready1",
          "Observe3",
          "Observe3",
          "Observe1",
          "Observe3",
          "Observe3",
          "WrongEpoch"
        ],
      issued: 0,
      last: false,
      order: [],
      ready: Set(1),
      retained: Set(1, 2, 3),
      selected: 0
    }
}

[State 16]
{
  s:
    {
      acked: 0,
      after: 0,
      complete: Set(),
      history:
        [
          "Observe1",
          "Observe1",
          "Observe1",
          "Poll",
          "Observe1",
          "Observe1",
          "Observe3",
          "Observe2",
          "Ready1",
          "Observe3",
          "Observe3",
          "Observe1",
          "Observe3",
          "Observe3",
          "WrongEpoch",
          "Ready3"
        ],
      issued: 0,
      last: true,
      order: [],
      ready: Set(1, 3),
      retained: Set(1, 2, 3),
      selected: 0
    }
}

[State 17]
{
  s:
    {
      acked: 0,
      after: 0,
      complete: Set(),
      history:
        [
          "Observe1",
          "Observe1",
          "Observe1",
          "Poll",
          "Observe1",
          "Observe1",
          "Observe3",
          "Observe2",
          "Ready1",
          "Observe3",
          "Observe3",
          "Observe1",
          "Observe3",
          "Observe3",
          "WrongEpoch",
          "Ready3",
          "Observe1"
        ],
      issued: 0,
      last: true,
      order: [],
      ready: Set(1, 3),
      retained: Set(1, 2, 3),
      selected: 0
    }
}

[State 18]
{
  s:
    {
      acked: 0,
      after: 0,
      complete: Set(3),
      history:
        [
          "Observe1",
          "Observe1",
          "Observe1",
          "Poll",
          "Observe1",
          "Observe1",
          "Observe3",
          "Observe2",
          "Ready1",
          "Observe3",
          "Observe3",
          "Observe1",
          "Observe3",
          "Observe3",
          "WrongEpoch",
          "Ready3",
          "Observe1",
          "Complete3"
        ],
      issued: 1,
      last: true,
      order: [3],
      ready: Set(1, 3),
      retained: Set(1, 2, 3),
      selected: 0
    }
}

[State 19]
{
  s:
    {
      acked: 0,
      after: 1,
      complete: Set(3),
      history:
        [
          "Observe1",
          "Observe1",
          "Observe1",
          "Poll",
          "Observe1",
          "Observe1",
          "Observe3",
          "Observe2",
          "Ready1",
          "Observe3",
          "Observe3",
          "Observe1",
          "Observe3",
          "Observe3",
          "WrongEpoch",
          "Ready3",
          "Observe1",
          "Complete3",
          "Poll"
        ],
      issued: 1,
      last: true,
      order: [3],
      ready: Set(1, 3),
      retained: Set(1, 2, 3),
      selected: 1
    }
}

[State 20]
{
  s:
    {
      acked: 0,
      after: 1,
      complete: Set(3),
      history:
        [
          "Observe1",
          "Observe1",
          "Observe1",
          "Poll",
          "Observe1",
          "Observe1",
          "Observe3",
          "Observe2",
          "Ready1",
          "Observe3",
          "Observe3",
          "Observe1",
          "Observe3",
          "Observe3",
          "WrongEpoch",
          "Ready3",
          "Observe1",
          "Complete3",
          "Poll",
          "Poll"
        ],
      issued: 1,
      last: true,
      order: [3],
      ready: Set(1, 3),
      retained: Set(1, 2, 3),
      selected: 1
    }
}

[State 21]
{
  s:
    {
      acked: 0,
      after: 1,
      complete: Set(3),
      history:
        [
          "Observe1",
          "Observe1",
          "Observe1",
          "Poll",
          "Observe1",
          "Observe1",
          "Observe3",
          "Observe2",
          "Ready1",
          "Observe3",
          "Observe3",
          "Observe1",
          "Observe3",
          "Observe3",
          "WrongEpoch",
          "Ready3",
          "Observe1",
          "Complete3",
          "Poll",
          "Poll",
          "Ready1"
        ],
      issued: 1,
      last: true,
      order: [3],
      ready: Set(1, 3),
      retained: Set(1, 2, 3),
      selected: 1
    }
}

[State 22]
{
  s:
    {
      acked: 0,
      after: 1,
      complete: Set(3),
      history:
        [
          "Observe1",
          "Observe1",
          "Observe1",
          "Poll",
          "Observe1",
          "Observe1",
          "Observe3",
          "Observe2",
          "Ready1",
          "Observe3",
          "Observe3",
          "Observe1",
          "Observe3",
          "Observe3",
          "WrongEpoch",
          "Ready3",
          "Observe1",
          "Complete3",
          "Poll",
          "Poll",
          "Ready1",
          "Poll"
        ],
      issued: 1,
      last: true,
      order: [3],
      ready: Set(1, 3),
      retained: Set(1, 2, 3),
      selected: 1
    }
}

[State 23]
{
  s:
    {
      acked: 0,
      after: 1,
      complete: Set(3),
      history:
        [
          "Observe1",
          "Observe1",
          "Observe1",
          "Poll",
          "Observe1",
          "Observe1",
          "Observe3",
          "Observe2",
          "Ready1",
          "Observe3",
          "Observe3",
          "Observe1",
          "Observe3",
          "Observe3",
          "WrongEpoch",
          "Ready3",
          "Observe1",
          "Complete3",
          "Poll",
          "Poll",
          "Ready1",
          "Poll",
          "Observe2"
        ],
      issued: 1,
      last: true,
      order: [3],
      ready: Set(1, 3),
      retained: Set(1, 2, 3),
      selected: 1
    }
}

[State 24]
{
  s:
    {
      acked: 0,
      after: 1,
      complete: Set(3),
      history:
        [
          "Observe1",
          "Observe1",
          "Observe1",
          "Poll",
          "Observe1",
          "Observe1",
          "Observe3",
          "Observe2",
          "Ready1",
          "Observe3",
          "Observe3",
          "Observe1",
          "Observe3",
          "Observe3",
          "WrongEpoch",
          "Ready3",
          "Observe1",
          "Complete3",
          "Poll",
          "Poll",
          "Ready1",
          "Poll",
          "Observe2",
          "Ready2"
        ],
      issued: 1,
      last: true,
      order: [3],
      ready: Set(1, 2, 3),
      retained: Set(1, 2, 3),
      selected: 1
    }
}

[State 25]
{
  s:
    {
      acked: 0,
      after: 1,
      complete: Set(3),
      history:
        [
          "Observe1",
          "Observe1",
          "Observe1",
          "Poll",
          "Observe1",
          "Observe1",
          "Observe3",
          "Observe2",
          "Ready1",
          "Observe3",
          "Observe3",
          "Observe1",
          "Observe3",
          "Observe3",
          "WrongEpoch",
          "Ready3",
          "Observe1",
          "Complete3",
          "Poll",
          "Poll",
          "Ready1",
          "Poll",
          "Observe2",
          "Ready2",
          "Ready2"
        ],
      issued: 1,
      last: true,
      order: [3],
      ready: Set(1, 2, 3),
      retained: Set(1, 2, 3),
      selected: 1
    }
}

[State 26]
{
  s:
    {
      acked: 0,
      after: 1,
      complete: Set(3),
      history:
        [
          "Observe1",
          "Observe1",
          "Observe1",
          "Poll",
          "Observe1",
          "Observe1",
          "Observe3",
          "Observe2",
          "Ready1",
          "Observe3",
          "Observe3",
          "Observe1",
          "Observe3",
          "Observe3",
          "WrongEpoch",
          "Ready3",
          "Observe1",
          "Complete3",
          "Poll",
          "Poll",
          "Ready1",
          "Poll",
          "Observe2",
          "Ready2",
          "Ready2",
          "Observe2"
        ],
      issued: 1,
      last: true,
      order: [3],
      ready: Set(1, 2, 3),
      retained: Set(1, 2, 3),
      selected: 1
    }
}

[State 27]
{
  s:
    {
      acked: 0,
      after: 1,
      complete: Set(3),
      history:
        [
          "Observe1",
          "Observe1",
          "Observe1",
          "Poll",
          "Observe1",
          "Observe1",
          "Observe3",
          "Observe2",
          "Ready1",
          "Observe3",
          "Observe3",
          "Observe1",
          "Observe3",
          "Observe3",
          "WrongEpoch",
          "Ready3",
          "Observe1",
          "Complete3",
          "Poll",
          "Poll",
          "Ready1",
          "Poll",
          "Observe2",
          "Ready2",
          "Ready2",
          "Observe2",
          "Ready1"
        ],
      issued: 1,
      last: true,
      order: [3],
      ready: Set(1, 2, 3),
      retained: Set(1, 2, 3),
      selected: 1
    }
}

[State 28]
{
  s:
    {
      acked: 0,
      after: 1,
      complete: Set(2, 3),
      history:
        [
          "Observe1",
          "Observe1",
          "Observe1",
          "Poll",
          "Observe1",
          "Observe1",
          "Observe3",
          "Observe2",
          "Ready1",
          "Observe3",
          "Observe3",
          "Observe1",
          "Observe3",
          "Observe3",
          "WrongEpoch",
          "Ready3",
          "Observe1",
          "Complete3",
          "Poll",
          "Poll",
          "Ready1",
          "Poll",
          "Observe2",
          "Ready2",
          "Ready2",
          "Observe2",
          "Ready1",
          "Complete2"
        ],
      issued: 2,
      last: true,
      order: [3, 2],
      ready: Set(1, 2, 3),
      retained: Set(1, 2, 3),
      selected: 1
    }
}

[State 29]
{
  s:
    {
      acked: 1,
      after: 1,
      complete: Set(2),
      history:
        [
          "Observe1",
          "Observe1",
          "Observe1",
          "Poll",
          "Observe1",
          "Observe1",
          "Observe3",
          "Observe2",
          "Ready1",
          "Observe3",
          "Observe3",
          "Observe1",
          "Observe3",
          "Observe3",
          "WrongEpoch",
          "Ready3",
          "Observe1",
          "Complete3",
          "Poll",
          "Poll",
          "Ready1",
          "Poll",
          "Observe2",
          "Ready2",
          "Ready2",
          "Observe2",
          "Ready1",
          "Complete2",
          "Ack"
        ],
      issued: 2,
      last: true,
      order: [2],
      ready: Set(1, 2),
      retained: Set(1, 2),
      selected: 1
    }
}

[State 30]
{
  s:
    {
      acked: 1,
      after: 1,
      complete: Set(2),
      history:
        [
          "Observe1",
          "Observe1",
          "Observe1",
          "Poll",
          "Observe1",
          "Observe1",
          "Observe3",
          "Observe2",
          "Ready1",
          "Observe3",
          "Observe3",
          "Observe1",
          "Observe3",
          "Observe3",
          "WrongEpoch",
          "Ready3",
          "Observe1",
          "Complete3",
          "Poll",
          "Poll",
          "Ready1",
          "Poll",
          "Observe2",
          "Ready2",
          "Ready2",
          "Observe2",
          "Ready1",
          "Complete2",
          "Ack",
          "Observe3"
        ],
      issued: 2,
      last: true,
      order: [2],
      ready: Set(1, 2),
      retained: Set(1, 2, 3),
      selected: 1
    }
}

[ok] No violation found (344ms at 581 traces/second).
Trace length statistics: max=31, min=31, average=31.00
You may increase --max-samples and --max-steps.
Use --verbosity to produce more (or less) output.
