An example execution:

[State 0]
{ s: { closed: false, code: 0, controlled: false, held: true, history: [] } }

[State 1]
{
  s:
    {
      closed: false,
      code: 0,
      controlled: false,
      held: false,
      history: ["Destroy"]
    }
}

[State 2]
{
  s:
    {
      closed: false,
      code: 1,
      controlled: false,
      held: false,
      history: ["Destroy", "WrongThreadInvoke"]
    }
}

[State 3]
{
  s:
    {
      closed: false,
      code: 1,
      controlled: false,
      held: false,
      history: ["Destroy", "WrongThreadInvoke", "Malformed"]
    }
}

[State 4]
{
  s:
    {
      closed: false,
      code: 1,
      controlled: false,
      held: false,
      history: ["Destroy", "WrongThreadInvoke", "Malformed", "Status"]
    }
}

[State 5]
{
  s:
    {
      closed: false,
      code: 1,
      controlled: false,
      held: false,
      history:
        [
          "Destroy",
          "WrongThreadInvoke",
          "Malformed",
          "Status",
          "WrongThreadClose"
        ]
    }
}

[State 6]
{
  s:
    {
      closed: false,
      code: 1,
      controlled: false,
      held: false,
      history:
        [
          "Destroy",
          "WrongThreadInvoke",
          "Malformed",
          "Status",
          "WrongThreadClose",
          "WrongThreadClose"
        ]
    }
}

[State 7]
{
  s:
    {
      closed: false,
      code: 1,
      controlled: false,
      held: false,
      history:
        [
          "Destroy",
          "WrongThreadInvoke",
          "Malformed",
          "Status",
          "WrongThreadClose",
          "WrongThreadClose",
          "WrongThreadClose"
        ]
    }
}

[State 8]
{
  s:
    {
      closed: false,
      code: 1,
      controlled: false,
      held: false,
      history:
        [
          "Destroy",
          "WrongThreadInvoke",
          "Malformed",
          "Status",
          "WrongThreadClose",
          "WrongThreadClose",
          "WrongThreadClose",
          "ForeignClose"
        ]
    }
}

[State 9]
{
  s:
    {
      closed: false,
      code: 1,
      controlled: false,
      held: false,
      history:
        [
          "Destroy",
          "WrongThreadInvoke",
          "Malformed",
          "Status",
          "WrongThreadClose",
          "WrongThreadClose",
          "WrongThreadClose",
          "ForeignClose",
          "Malformed"
        ]
    }
}

[State 10]
{
  s:
    {
      closed: false,
      code: 1,
      controlled: false,
      held: false,
      history:
        [
          "Destroy",
          "WrongThreadInvoke",
          "Malformed",
          "Status",
          "WrongThreadClose",
          "WrongThreadClose",
          "WrongThreadClose",
          "ForeignClose",
          "Malformed",
          "TrustedClose"
        ]
    }
}

[State 11]
{
  s:
    {
      closed: false,
      code: 1,
      controlled: false,
      held: false,
      history:
        [
          "Destroy",
          "WrongThreadInvoke",
          "Malformed",
          "Status",
          "WrongThreadClose",
          "WrongThreadClose",
          "WrongThreadClose",
          "ForeignClose",
          "Malformed",
          "TrustedClose",
          "ForeignClose"
        ]
    }
}

[State 12]
{
  s:
    {
      closed: false,
      code: 1,
      controlled: false,
      held: false,
      history:
        [
          "Destroy",
          "WrongThreadInvoke",
          "Malformed",
          "Status",
          "WrongThreadClose",
          "WrongThreadClose",
          "WrongThreadClose",
          "ForeignClose",
          "Malformed",
          "TrustedClose",
          "ForeignClose",
          "WrongThreadClose"
        ]
    }
}

[State 13]
{
  s:
    {
      closed: false,
      code: 1,
      controlled: false,
      held: false,
      history:
        [
          "Destroy",
          "WrongThreadInvoke",
          "Malformed",
          "Status",
          "WrongThreadClose",
          "WrongThreadClose",
          "WrongThreadClose",
          "ForeignClose",
          "Malformed",
          "TrustedClose",
          "ForeignClose",
          "WrongThreadClose",
          "WrongThreadInvoke"
        ]
    }
}

[State 14]
{
  s:
    {
      closed: false,
      code: 1,
      controlled: false,
      held: false,
      history:
        [
          "Destroy",
          "WrongThreadInvoke",
          "Malformed",
          "Status",
          "WrongThreadClose",
          "WrongThreadClose",
          "WrongThreadClose",
          "ForeignClose",
          "Malformed",
          "TrustedClose",
          "ForeignClose",
          "WrongThreadClose",
          "WrongThreadInvoke",
          "Status"
        ]
    }
}

[State 15]
{
  s:
    {
      closed: false,
      code: 1,
      controlled: false,
      held: false,
      history:
        [
          "Destroy",
          "WrongThreadInvoke",
          "Malformed",
          "Status",
          "WrongThreadClose",
          "WrongThreadClose",
          "WrongThreadClose",
          "ForeignClose",
          "Malformed",
          "TrustedClose",
          "ForeignClose",
          "WrongThreadClose",
          "WrongThreadInvoke",
          "Status",
          "ForeignClose"
        ]
    }
}

[State 16]
{
  s:
    {
      closed: false,
      code: 1,
      controlled: false,
      held: false,
      history:
        [
          "Destroy",
          "WrongThreadInvoke",
          "Malformed",
          "Status",
          "WrongThreadClose",
          "WrongThreadClose",
          "WrongThreadClose",
          "ForeignClose",
          "Malformed",
          "TrustedClose",
          "ForeignClose",
          "WrongThreadClose",
          "WrongThreadInvoke",
          "Status",
          "ForeignClose",
          "WrongThreadClose"
        ]
    }
}

[State 17]
{
  s:
    {
      closed: false,
      code: 1,
      controlled: false,
      held: false,
      history:
        [
          "Destroy",
          "WrongThreadInvoke",
          "Malformed",
          "Status",
          "WrongThreadClose",
          "WrongThreadClose",
          "WrongThreadClose",
          "ForeignClose",
          "Malformed",
          "TrustedClose",
          "ForeignClose",
          "WrongThreadClose",
          "WrongThreadInvoke",
          "Status",
          "ForeignClose",
          "WrongThreadClose",
          "WrongThreadClose"
        ]
    }
}

[State 18]
{
  s:
    {
      closed: false,
      code: 1,
      controlled: false,
      held: false,
      history:
        [
          "Destroy",
          "WrongThreadInvoke",
          "Malformed",
          "Status",
          "WrongThreadClose",
          "WrongThreadClose",
          "WrongThreadClose",
          "ForeignClose",
          "Malformed",
          "TrustedClose",
          "ForeignClose",
          "WrongThreadClose",
          "WrongThreadInvoke",
          "Status",
          "ForeignClose",
          "WrongThreadClose",
          "WrongThreadClose",
          "Status"
        ]
    }
}

[State 19]
{
  s:
    {
      closed: false,
      code: 1,
      controlled: false,
      held: false,
      history:
        [
          "Destroy",
          "WrongThreadInvoke",
          "Malformed",
          "Status",
          "WrongThreadClose",
          "WrongThreadClose",
          "WrongThreadClose",
          "ForeignClose",
          "Malformed",
          "TrustedClose",
          "ForeignClose",
          "WrongThreadClose",
          "WrongThreadInvoke",
          "Status",
          "ForeignClose",
          "WrongThreadClose",
          "WrongThreadClose",
          "Status",
          "ForeignClose"
        ]
    }
}

[State 20]
{
  s:
    {
      closed: false,
      code: 1,
      controlled: false,
      held: false,
      history:
        [
          "Destroy",
          "WrongThreadInvoke",
          "Malformed",
          "Status",
          "WrongThreadClose",
          "WrongThreadClose",
          "WrongThreadClose",
          "ForeignClose",
          "Malformed",
          "TrustedClose",
          "ForeignClose",
          "WrongThreadClose",
          "WrongThreadInvoke",
          "Status",
          "ForeignClose",
          "WrongThreadClose",
          "WrongThreadClose",
          "Status",
          "ForeignClose",
          "Grant"
        ]
    }
}

[State 21]
{
  s:
    {
      closed: false,
      code: 1,
      controlled: false,
      held: false,
      history:
        [
          "Destroy",
          "WrongThreadInvoke",
          "Malformed",
          "Status",
          "WrongThreadClose",
          "WrongThreadClose",
          "WrongThreadClose",
          "ForeignClose",
          "Malformed",
          "TrustedClose",
          "ForeignClose",
          "WrongThreadClose",
          "WrongThreadInvoke",
          "Status",
          "ForeignClose",
          "WrongThreadClose",
          "WrongThreadClose",
          "Status",
          "ForeignClose",
          "Grant",
          "Malformed"
        ]
    }
}

[State 22]
{
  s:
    {
      closed: false,
      code: 1,
      controlled: false,
      held: false,
      history:
        [
          "Destroy",
          "WrongThreadInvoke",
          "Malformed",
          "Status",
          "WrongThreadClose",
          "WrongThreadClose",
          "WrongThreadClose",
          "ForeignClose",
          "Malformed",
          "TrustedClose",
          "ForeignClose",
          "WrongThreadClose",
          "WrongThreadInvoke",
          "Status",
          "ForeignClose",
          "WrongThreadClose",
          "WrongThreadClose",
          "Status",
          "ForeignClose",
          "Grant",
          "Malformed",
          "Grant"
        ]
    }
}

[State 23]
{
  s:
    {
      closed: false,
      code: 1,
      controlled: false,
      held: false,
      history:
        [
          "Destroy",
          "WrongThreadInvoke",
          "Malformed",
          "Status",
          "WrongThreadClose",
          "WrongThreadClose",
          "WrongThreadClose",
          "ForeignClose",
          "Malformed",
          "TrustedClose",
          "ForeignClose",
          "WrongThreadClose",
          "WrongThreadInvoke",
          "Status",
          "ForeignClose",
          "WrongThreadClose",
          "WrongThreadClose",
          "Status",
          "ForeignClose",
          "Grant",
          "Malformed",
          "Grant",
          "WrongThreadInvoke"
        ]
    }
}

[State 24]
{
  s:
    {
      closed: false,
      code: 1,
      controlled: false,
      held: false,
      history:
        [
          "Destroy",
          "WrongThreadInvoke",
          "Malformed",
          "Status",
          "WrongThreadClose",
          "WrongThreadClose",
          "WrongThreadClose",
          "ForeignClose",
          "Malformed",
          "TrustedClose",
          "ForeignClose",
          "WrongThreadClose",
          "WrongThreadInvoke",
          "Status",
          "ForeignClose",
          "WrongThreadClose",
          "WrongThreadClose",
          "Status",
          "ForeignClose",
          "Grant",
          "Malformed",
          "Grant",
          "WrongThreadInvoke",
          "Malformed"
        ]
    }
}

[State 25]
{
  s:
    {
      closed: false,
      code: 1,
      controlled: false,
      held: false,
      history:
        [
          "Destroy",
          "WrongThreadInvoke",
          "Malformed",
          "Status",
          "WrongThreadClose",
          "WrongThreadClose",
          "WrongThreadClose",
          "ForeignClose",
          "Malformed",
          "TrustedClose",
          "ForeignClose",
          "WrongThreadClose",
          "WrongThreadInvoke",
          "Status",
          "ForeignClose",
          "WrongThreadClose",
          "WrongThreadClose",
          "Status",
          "ForeignClose",
          "Grant",
          "Malformed",
          "Grant",
          "WrongThreadInvoke",
          "Malformed",
          "ForeignClose"
        ]
    }
}

[State 26]
{
  s:
    {
      closed: false,
      code: 1,
      controlled: false,
      held: false,
      history:
        [
          "Destroy",
          "WrongThreadInvoke",
          "Malformed",
          "Status",
          "WrongThreadClose",
          "WrongThreadClose",
          "WrongThreadClose",
          "ForeignClose",
          "Malformed",
          "TrustedClose",
          "ForeignClose",
          "WrongThreadClose",
          "WrongThreadInvoke",
          "Status",
          "ForeignClose",
          "WrongThreadClose",
          "WrongThreadClose",
          "Status",
          "ForeignClose",
          "Grant",
          "Malformed",
          "Grant",
          "WrongThreadInvoke",
          "Malformed",
          "ForeignClose",
          "Malformed"
        ]
    }
}

[State 27]
{
  s:
    {
      closed: false,
      code: 1,
      controlled: false,
      held: false,
      history:
        [
          "Destroy",
          "WrongThreadInvoke",
          "Malformed",
          "Status",
          "WrongThreadClose",
          "WrongThreadClose",
          "WrongThreadClose",
          "ForeignClose",
          "Malformed",
          "TrustedClose",
          "ForeignClose",
          "WrongThreadClose",
          "WrongThreadInvoke",
          "Status",
          "ForeignClose",
          "WrongThreadClose",
          "WrongThreadClose",
          "Status",
          "ForeignClose",
          "Grant",
          "Malformed",
          "Grant",
          "WrongThreadInvoke",
          "Malformed",
          "ForeignClose",
          "Malformed",
          "WrongThreadInvoke"
        ]
    }
}

[State 28]
{
  s:
    {
      closed: false,
      code: 1,
      controlled: false,
      held: false,
      history:
        [
          "Destroy",
          "WrongThreadInvoke",
          "Malformed",
          "Status",
          "WrongThreadClose",
          "WrongThreadClose",
          "WrongThreadClose",
          "ForeignClose",
          "Malformed",
          "TrustedClose",
          "ForeignClose",
          "WrongThreadClose",
          "WrongThreadInvoke",
          "Status",
          "ForeignClose",
          "WrongThreadClose",
          "WrongThreadClose",
          "Status",
          "ForeignClose",
          "Grant",
          "Malformed",
          "Grant",
          "WrongThreadInvoke",
          "Malformed",
          "ForeignClose",
          "Malformed",
          "WrongThreadInvoke",
          "Status"
        ]
    }
}

[State 29]
{
  s:
    {
      closed: false,
      code: 1,
      controlled: false,
      held: false,
      history:
        [
          "Destroy",
          "WrongThreadInvoke",
          "Malformed",
          "Status",
          "WrongThreadClose",
          "WrongThreadClose",
          "WrongThreadClose",
          "ForeignClose",
          "Malformed",
          "TrustedClose",
          "ForeignClose",
          "WrongThreadClose",
          "WrongThreadInvoke",
          "Status",
          "ForeignClose",
          "WrongThreadClose",
          "WrongThreadClose",
          "Status",
          "ForeignClose",
          "Grant",
          "Malformed",
          "Grant",
          "WrongThreadInvoke",
          "Malformed",
          "ForeignClose",
          "Malformed",
          "WrongThreadInvoke",
          "Status",
          "ForeignClose"
        ]
    }
}

[State 30]
{
  s:
    {
      closed: false,
      code: 1,
      controlled: false,
      held: false,
      history:
        [
          "Destroy",
          "WrongThreadInvoke",
          "Malformed",
          "Status",
          "WrongThreadClose",
          "WrongThreadClose",
          "WrongThreadClose",
          "ForeignClose",
          "Malformed",
          "TrustedClose",
          "ForeignClose",
          "WrongThreadClose",
          "WrongThreadInvoke",
          "Status",
          "ForeignClose",
          "WrongThreadClose",
          "WrongThreadClose",
          "Status",
          "ForeignClose",
          "Grant",
          "Malformed",
          "Grant",
          "WrongThreadInvoke",
          "Malformed",
          "ForeignClose",
          "Malformed",
          "WrongThreadInvoke",
          "Status",
          "ForeignClose",
          "Malformed"
        ]
    }
}

[ok] No violation found (187ms at 1070 traces/second).
Trace length statistics: max=31, min=31, average=31.00
You may increase --max-samples and --max-steps.
Use --verbosity to produce more (or less) output.
