
  pin_transfer_refinement
    ok staleReturnCannotPromote passed 1 test(s)
    ok changedGenerationCannotPromote passed 1 test(s)
    ok positiveTransfer passed 1 test(s)
    ok missingHandlerRetained passed 1 test(s)
    ok closeBeforeFinish passed 1 test(s)
    ok replaceBeforeFinish passed 1 test(s)
    ok staleOutputBeforeFinish passed 1 test(s)
    ok nativeRefusalRetained passed 1 test(s)
    ok staleReturnUnpin passed 1 test(s)
    ok failedTransferUnpin passed 1 test(s)
    ok closedUnpinRefused passed 1 test(s)
    ok replacedUnpinRefused passed 1 test(s)
    ok oldGenerationUnpinRefused passed 1 test(s)
    ok freshGenerationUnpin passed 1 test(s)
    ok wrongOwnerUnpinRefused passed 1 test(s)
    ok wrongTargetUnpinRefused passed 1 test(s)
    ok repeatUnpinNoFurtherWrite passed 1 test(s)
    ok changedGeometryNotRestored passed 1 test(s)
    ok refusedReselectedOriginalKeepsQuarantine passed 1 test(s)
    ok refusedReselectedOriginalCanOnlyUnpin passed 1 test(s)

  20 passing (781ms)
