
 Error [QNT008]: Reserved keyword 'match' cannot be used as an identifier.

  at /home/hoskinson/omarchy-windows-parity/implementation/elm-picker-readiness-model-v229/qa/model-1791142424275141306/readiness.qnt:14:14
  14:    val match = valid and s.connected and binding == s.binding and request == (if (kind == 1) s.pr else s.gr) and not (if (kind == 1) s.pReady else s.gReady)
                   ^


 Error [QNT008]: Reserved keyword 'match' cannot be used as an identifier.

  at /home/hoskinson/omarchy-windows-parity/implementation/elm-picker-readiness-model-v229/qa/model-1791142424275141306/readiness.qnt:15:31
  15:    val p = s.pReady or (match and kind == 1)
                                    ^^^


 Error [QNT008]: Reserved keyword 'match' cannot be used as an identifier.

  at /home/hoskinson/omarchy-windows-parity/implementation/elm-picker-readiness-model-v229/qa/model-1791142424275141306/readiness.qnt:16:31
  16:    val g = s.gReady or (match and kind == 2)
                                    ^^^


 Error [QNT008]: Reserved keyword 'and' cannot be used as an identifier.

  at /home/hoskinson/omarchy-windows-parity/implementation/elm-picker-readiness-model-v229/qa/model-1791142424275141306/readiness.qnt:18:138
  18:    val safe = s.binding == s.savedBinding and s.output == s.savedOutput and s.root == s.savedRoot and s.app == s.savedApp and s.live and (s.mode != 2 or not s.popup)
                                                                                                                                               ^


 Error [QNT000]: missing '}' at '('

  at /home/hoskinson/omarchy-windows-parity/implementation/elm-picker-readiness-model-v229/qa/model-1791142424275141306/readiness.qnt:18:138
  18:    val safe = s.binding == s.savedBinding and s.output == s.savedOutput and s.root == s.savedRoot and s.app == s.savedApp and s.live and (s.mode != 2 or not s.popup)
                                                                                                                                               ^

error: parsing failed
