[1;32mDEBUG [0m]: User-specified config location: '/run/user/1000/wqa/90a6/hyprland.lua'
Welcome to Hyprland!

                                                  
                     YY    UJ                     
                    YYY    UUJ                    
                   XXXY    UUUU                   
                  zXXXX    UUUUU                  
                zzzzX        UUUUJ                
               cczzz          UUUUJ               
             vccccz            UUUUUJ             
            vvcccc              UUUUUJ            
           vvvvv                  UUUUJ           
          uuuvv                    UUUUJ          
         uuuuu                      UUUUU         
        nnnuu                        UUUUU        
       nnnnn                          YUUUU       
       xxnn                            YUUU       
       xxxn                            YYUU       
      xxxx                              YYUU      
      rxxx                              YYYY      
      rrrx                              YYYY      
       rrrx                            XXXY       
       rrrr                            XXXX       
        rrrr                          zzXX        
         rrrr                        zzzz         
          rrrrr                    ccczz          
           rrrrrx                vccccc           
             rrrrxxxx        uuvvvvvc             
                rrxxxxxxnnnnuuuuuv                
                    xxxxxnnnnu                    



[1;33mWARN [0m]: Failed to change process scheduling strategy
DEBUG ]: Old rlimit: soft -> 65536, hard -> 524288
DEBUG ]: New rlimit: soft -> 524288, hard -> 524288
WARN ]: WARNING: Hyprland is being launched without start-hyprland. This is highly advised against.
DEBUG ]: Creating the EventLoopManager!
DEBUG ]: Creating the KeybindManager!
DEBUG ]: Creating the AnimationManager!
DEBUG ]: Creating the DynamicPermissionManager!
DEBUG ]: Creating the MonitorState!
DEBUG ]: Creating the WorkspaceState!
DEBUG ]: Creating the ConfigManager!
DEBUG ]: [cfg] Config is either explicit or special.
DEBUG ]: [cfg] Config is lua, loading lua mgr
DEBUG ]: Creating the Error Overlay!
DEBUG ]: Creating the LayoutManager!
DEBUG ]: Creating the TokenManager!
DEBUG ]: Creating the EventManager!
DEBUG ]: Disabling stdout logs (debug.enable_stdout_logs = 0). Further logs will be written to /run/user/1000/wqa/90a6/hypr/efb50993780079460b0cbed1363e2166a2de1d9f_1791093988_1798045807/hyprland.log
DEBUG ]: Creating the PointerManager!
DEBUG ]: Creating the AsyncResourceGatherer!
[06:06:28.105567] {Default Queue}  -> wl_display#1.get_registry(new id wl_registry#2)
[06:06:28.105584] {Default Queue}  -> wl_display#1.sync(new id wl_callback#3)
[06:06:28.105680] {Display Queue} wl_display#1.delete_id(3)
[06:06:28.105690] {Default Queue} wl_registry#2.global(1, "wl_compositor", 5)
[06:06:28.105695] {Default Queue}  -> wl_registry#2.bind(1, "wl_compositor", 5, new id [unknown]#4)
[06:06:28.105700] {Default Queue} wl_registry#2.global(2, "wl_subcompositor", 1)
[06:06:28.105703] {Default Queue} wl_registry#2.global(3, "wp_viewporter", 1)
[06:06:28.105707] {Default Queue}  -> wl_registry#2.bind(3, "wp_viewporter", 1, new id [unknown]#5)
[06:06:28.105714] {Default Queue} wl_registry#2.global(4, "zxdg_output_manager_v1", 2)
[06:06:28.105717] {Default Queue} wl_registry#2.global(5, "wp_presentation", 2)
[06:06:28.105719] {Default Queue} wl_registry#2.global(6, "wp_single_pixel_buffer_manager_v1", 1)
[06:06:28.105722] {Default Queue} wl_registry#2.global(7, "wp_tearing_control_manager_v1", 1)
[06:06:28.105724] {Default Queue} wl_registry#2.global(8, "wp_fifo_manager_v1", 1)
[06:06:28.105726] {Default Queue} wl_registry#2.global(9, "wp_commit_timing_manager_v1", 1)
[06:06:28.105728] {Default Queue} wl_registry#2.global(10, "zwp_relative_pointer_manager_v1", 1)
[06:06:28.105731] {Default Queue} wl_registry#2.global(11, "zwp_pointer_constraints_v1", 1)
[06:06:28.105733] {Default Queue} wl_registry#2.global(12, "zwp_input_timestamps_manager_v1", 1)
[06:06:28.105741] {Default Queue} wl_registry#2.global(13, "weston_capture_v1", 2)
[06:06:28.105749] {Default Queue} wl_registry#2.global(14, "wl_data_device_manager", 3)
[06:06:28.105751] {Default Queue} wl_registry#2.global(15, "wl_shm", 2)
[06:06:28.105754] {Default Queue}  -> wl_registry#2.bind(15, "wl_shm", 1, new id [unknown]#6)
[06:06:28.105759] {Default Queue} wl_registry#2.global(16, "wl_seat", 7)
[06:06:28.105762] {Default Queue}  -> wl_registry#2.bind(16, "wl_seat", 7, new id [unknown]#7)
[06:06:28.105767] {Default Queue} wl_registry#2.global(17, "zwp_linux_dmabuf_v1", 5)
[06:06:28.105770] {Default Queue}  -> wl_registry#2.bind(17, "zwp_linux_dmabuf_v1", 4, new id [unknown]#8)
[06:06:28.105775] {Default Queue}  -> zwp_linux_dmabuf_v1#8.get_default_feedback(new id zwp_linux_dmabuf_feedback_v1#9)
[06:06:28.105781] {Default Queue}  -> wl_display#1.sync(new id wl_callback#10)
[06:06:28.105784] {Default Queue} wl_registry#2.global(18, "zwp_linux_explicit_synchronization_v1", 2)
[06:06:28.105786] {Default Queue} wl_registry#2.global(19, "wp_color_representation_manager_v1", 1)
[06:06:28.105788] {Default Queue} wl_registry#2.global(20, "wl_output", 4)
[06:06:28.105791] {Default Queue} wl_registry#2.global(21, "xdg_wm_base", 5)
[06:06:28.105793] {Default Queue}  -> wl_registry#2.bind(21, "xdg_wm_base", 5, new id [unknown]#11)
[06:06:28.105798] {Default Queue} wl_registry#2.global(22, "elm_parent_input_v1", 1)
[06:06:28.105801] {Default Queue} wl_callback#3.done(0)
[06:06:28.105882] {Display Queue} wl_display#1.delete_id(10)
[06:06:28.105891] {Default Queue} wl_shm#6.format(0)
[06:06:28.105896] {Default Queue} wl_shm#6.format(1)
[06:06:28.105898] {Default Queue} wl_shm#6.format(842093144)
[06:06:28.105900] {Default Queue} wl_shm#6.format(842093121)
[06:06:28.105903] {Default Queue} wl_shm#6.format(842089048)
[06:06:28.105905] {Default Queue} wl_shm#6.format(842089025)
[06:06:28.105907] {Default Queue} wl_shm#6.format(842094674)
[06:06:28.105909] {Default Queue} wl_shm#6.format(842088786)
[06:06:28.105911] {Default Queue} wl_shm#6.format(842094658)
[06:06:28.105913] {Default Queue} wl_shm#6.format(842088770)
[06:06:28.105915] {Default Queue} wl_shm#6.format(892426322)
[06:06:28.105917] {Default Queue} wl_shm#6.format(892420434)
[06:06:28.105919] {Default Queue} wl_shm#6.format(892426306)
[06:06:28.105921] {Default Queue} wl_shm#6.format(892420418)
[06:06:28.105924] {Default Queue} wl_shm#6.format(909199186)
[06:06:28.105925] {Default Queue} wl_shm#6.format(909199170)
[06:06:28.105927] {Default Queue} wl_shm#6.format(875710290)
[06:06:28.105929] {Default Queue} wl_shm#6.format(875710274)
[06:06:28.105931] {Default Queue} wl_shm#6.format(875713112)
[06:06:28.105933] {Default Queue} wl_shm#6.format(875713089)
[06:06:28.105935] {Default Queue} wl_shm#6.format(875709016)
[06:06:28.105937] {Default Queue} wl_shm#6.format(875708993)
[06:06:28.105939] {Default Queue} wl_shm#6.format(875714642)
[06:06:28.105941] {Default Queue} wl_shm#6.format(875708754)
[06:06:28.105943] {Default Queue} wl_shm#6.format(875714626)
[06:06:28.105946] {Default Queue} wl_shm#6.format(875708738)
[06:06:28.105948] {Default Queue} wl_shm#6.format(808669784)
[06:06:28.105950] {Default Queue} wl_shm#6.format(808669761)
[06:06:28.105952] {Default Queue} wl_shm#6.format(808665688)
[06:06:28.105954] {Default Queue} wl_shm#6.format(808665665)
[06:06:28.105956] {Default Queue} wl_shm#6.format(942948952)
[06:06:28.105958] {Default Queue} wl_shm#6.format(942948929)
[06:06:28.105960] {Default Queue} wl_shm#6.format(942953048)
[06:06:28.105962] {Default Queue} wl_shm#6.format(942953025)
[06:06:28.105964] {Default Queue} wl_shm#6.format(1211384408)
[06:06:28.105966] {Default Queue} wl_shm#6.format(1211384385)
[06:06:28.105968] {Default Queue} wl_shm#6.format(1211388504)
[06:06:28.105970] {Default Queue} wl_shm#6.format(1211388481)
[06:06:28.105972] {Default Queue} wl_shm#6.format(1448695129)
[06:06:28.105974] {Default Queue} wl_shm#6.format(1431918169)
[06:06:28.105976] {Default Queue} wl_shm#6.format(1498831189)
[06:06:28.105978] {Default Queue} wl_shm#6.format(1498765654)
[06:06:28.105983] {Default Queue} wl_shm#6.format(842094158)
[06:06:28.105988] {Default Queue} wl_shm#6.format(825382478)
[06:06:28.105991] {Default Queue} wl_shm#6.format(909203022)
[06:06:28.105993] {Default Queue} wl_shm#6.format(825644622)
[06:06:28.105995] {Default Queue} wl_shm#6.format(875714126)
[06:06:28.105997] {Default Queue} wl_shm#6.format(842290766)
[06:06:28.105999] {Default Queue} wl_shm#6.format(808530000)
[06:06:28.106001] {Default Queue} wl_shm#6.format(842084432)
[06:06:28.106003] {Default Queue} wl_shm#6.format(909193296)
[06:06:28.106005] {Default Queue} wl_shm#6.format(842093913)
[06:06:28.106007] {Default Queue} wl_shm#6.format(842094169)
[06:06:28.106009] {Default Queue} wl_shm#6.format(909202777)
[06:06:28.106011] {Default Queue} wl_shm#6.format(909203033)
[06:06:28.106013] {Default Queue} wl_shm#6.format(875713881)
[06:06:28.106015] {Default Queue} wl_shm#6.format(875714137)
[06:06:28.106017] {Default Queue} wl_shm#6.format(1448434008)
[06:06:28.106019] {Default Queue} wl_seat#7.name("default")
[06:06:28.106022] {Default Queue} wl_seat#7.capabilities(3)
[06:06:28.106026] {Default Queue}  -> wl_seat#7.get_keyboard(new id wl_keyboard#3)
[06:06:28.106038] {Default Queue}  -> wl_seat#7.get_pointer(new id wl_pointer#12)
[06:06:28.106047] {Default Queue} zwp_linux_dmabuf_feedback_v1#9.format_table(fd 15, 3776)
[06:06:28.106199] {Default Queue} zwp_linux_dmabuf_feedback_v1#9.main_device(array[8])
[06:06:28.106399] {Default Queue} zwp_linux_dmabuf_feedback_v1#9.tranche_target_device(array[8])
[06:06:28.106404] {Default Queue} zwp_linux_dmabuf_feedback_v1#9.tranche_flags(0)
[06:06:28.106406] {Default Queue} zwp_linux_dmabuf_feedback_v1#9.tranche_formats(array[472])
[06:06:28.106408] {Default Queue} zwp_linux_dmabuf_feedback_v1#9.tranche_done()
[06:06:28.106411] {Default Queue} zwp_linux_dmabuf_feedback_v1#9.done()
[06:06:28.106414] {Default Queue} wl_callback#10.done(0)
[06:06:28.106622] {Default Queue}  -> wl_compositor#4.create_surface(new id wl_surface#10)
[06:06:28.106630] {Default Queue}  -> wp_viewporter#5.get_viewport(new id wp_viewport#13, wl_surface#10)
[06:06:28.106636] {Default Queue}  -> xdg_wm_base#11.get_xdg_surface(new id xdg_surface#14, wl_surface#10)
[06:06:28.106642] {Default Queue}  -> xdg_surface#14.get_toplevel(new id xdg_toplevel#15)
[06:06:28.106649] {Default Queue}  -> xdg_toplevel#15.set_title("aquamarine - WAYLAND-1")
[06:06:28.106652] {Default Queue}  -> xdg_toplevel#15.set_app_id("aquamarine")
[06:06:28.106656] {Default Queue}  -> wl_compositor#4.create_region(new id wl_region#16)
[06:06:28.106660] {Default Queue}  -> wl_region#16.add(0, 0, 2147483647, 2147483647)
[06:06:28.106664] {Default Queue}  -> wl_surface#10.set_input_region(wl_region#16)
[06:06:28.106667] {Default Queue}  -> wl_surface#10.attach(nil, 0, 0)
[06:06:28.106670] {Default Queue}  -> wl_surface#10.commit()
[06:06:28.106673] {Default Queue}  -> wl_region#16.destroy()
[06:06:28.213198] {Default Queue} wl_keyboard#3.repeat_info(40, 400)
[06:06:28.213220] {Default Queue} wl_keyboard#3.keymap(1, fd 38, 35572)
[06:06:28.214819] {Display Queue} wl_display#1.delete_id(16)
[06:06:28.214828] {Default Queue} xdg_toplevel#15.wm_capabilities(array[12])
[06:06:28.214834] {Default Queue} xdg_toplevel#15.configure(800, 600, array[4])
[06:06:28.214839] {Default Queue} xdg_surface#14.configure(1)
[06:06:28.214845] {Default Queue}  -> xdg_surface#14.ack_configure(1)
[06:06:28.216560] {Default Queue}  -> zwp_linux_dmabuf_v1#8.create_params(new id zwp_linux_buffer_params_v1#16)
[06:06:28.216568] {Default Queue}  -> zwp_linux_buffer_params_v1#16.add(fd 50, 0, 0, 3584, 16777216, 15)
[06:06:28.216573] {Default Queue}  -> zwp_linux_buffer_params_v1#16.add(fd 51, 1, 2179072, 448, 16777216, 15)
[06:06:28.216575] {Default Queue}  -> zwp_linux_buffer_params_v1#16.add(fd 52, 2, 2191360, 64, 16777216, 15)
[06:06:28.216578] {Default Queue}  -> zwp_linux_buffer_params_v1#16.create_immed(new id wl_buffer#17, 800, 600, 875713112, 0)
[06:06:28.216583] {Default Queue}  -> zwp_linux_buffer_params_v1#16.destroy()
[06:06:28.216588] {Default Queue}  -> wp_viewport#13.set_destination(800, 600)
[06:06:28.216596] {Default Queue}  -> xdg_surface#14.set_window_geometry(0, 0, 800, 600)
[06:06:28.216605] {Default Queue}  -> wl_surface#10.set_buffer_scale(1)
[06:06:28.216607] {Default Queue}  -> wl_surface#10.attach(wl_buffer#17, 0, 0)
[06:06:28.216610] {Default Queue}  -> wl_surface#10.damage_buffer(0, 0, 2147483647, 2147483647)
[06:06:28.216616] {Default Queue}  -> wl_surface#10.frame(new id wl_callback#18)
[06:06:28.216621] {Default Queue}  -> wl_surface#10.commit()
[06:06:28.216657] {Default Queue}  -> wp_viewport#13.set_destination(800, 600)
[06:06:28.216659] {Default Queue}  -> xdg_surface#14.set_window_geometry(0, 0, 800, 600)
[06:06:28.216662] {Default Queue}  -> wl_surface#10.set_buffer_scale(1)
[06:06:28.216664] {Default Queue}  -> wl_surface#10.attach(wl_buffer#17, 0, 0)
[06:06:28.216666] {Default Queue}  -> wl_surface#10.damage_buffer(0, 0, 2147483647, 2147483647)
[06:06:28.216668] {Default Queue}  -> wl_surface#10.commit()
[06:06:28.216715] {Default Queue}  -> wl_compositor#4.create_surface(new id wl_surface#19)
[06:06:28.216718] {Default Queue}  -> wl_pointer#12.set_cursor(0, nil, 0, 0)
[06:06:28.288710] {Default Queue}  -> zwp_linux_dmabuf_v1#8.create_params(new id zwp_linux_buffer_params_v1#20)
[06:06:28.288735] {Default Queue}  -> zwp_linux_buffer_params_v1#20.add(fd 56, 0, 0, 512, 16777216, 15)
[06:06:28.288741] {Default Queue}  -> zwp_linux_buffer_params_v1#20.add(fd 57, 1, 16384, 64, 16777216, 15)
[06:06:28.288744] {Default Queue}  -> zwp_linux_buffer_params_v1#20.add(fd 58, 2, 20480, 64, 16777216, 15)
[06:06:28.288746] {Default Queue}  -> zwp_linux_buffer_params_v1#20.create_immed(new id wl_buffer#21, 24, 24, 875713089, 0)
[06:06:28.288752] {Default Queue}  -> zwp_linux_buffer_params_v1#20.destroy()
[06:06:28.288755] {Default Queue}  -> wl_surface#19.set_buffer_scale(1)
[06:06:28.288759] {Default Queue}  -> wl_surface#19.set_buffer_transform(0)
[06:06:28.288761] {Default Queue}  -> wl_surface#19.attach(wl_buffer#21, 0, 0)
[06:06:28.288764] {Default Queue}  -> wl_surface#19.damage(0, 0, 2147483647, 2147483647)
[06:06:28.288767] {Default Queue}  -> wl_surface#19.commit()
[06:06:28.288821] {Default Queue}  -> zwp_linux_dmabuf_v1#8.create_params(new id zwp_linux_buffer_params_v1#22)
[06:06:28.288823] {Default Queue}  -> zwp_linux_buffer_params_v1#22.add(fd 59, 0, 0, 512, 16777216, 15)
[06:06:28.288826] {Default Queue}  -> zwp_linux_buffer_params_v1#22.add(fd 60, 1, 16384, 64, 16777216, 15)
[06:06:28.288828] {Default Queue}  -> zwp_linux_buffer_params_v1#22.add(fd 61, 2, 20480, 64, 16777216, 15)
[06:06:28.288830] {Default Queue}  -> zwp_linux_buffer_params_v1#22.create_immed(new id wl_buffer#23, 24, 24, 875713089, 0)
[06:06:28.288834] {Default Queue}  -> wl_buffer#21.destroy()
[06:06:28.288836] {Default Queue}  -> zwp_linux_buffer_params_v1#22.destroy()
[06:06:28.288838] {Default Queue}  -> wl_surface#19.set_buffer_scale(1)
[06:06:28.288840] {Default Queue}  -> wl_surface#19.set_buffer_transform(0)
[06:06:28.288842] {Default Queue}  -> wl_surface#19.attach(wl_buffer#23, 0, 0)
[06:06:28.288844] {Default Queue}  -> wl_surface#19.damage(0, 0, 2147483647, 2147483647)
[06:06:28.288846] {Default Queue}  -> wl_surface#19.commit()
[06:06:28.323321] {Default Queue}  -> wp_viewport#13.set_destination(800, 600)
[06:06:28.323343] {Default Queue}  -> xdg_surface#14.set_window_geometry(0, 0, 800, 600)
[06:06:28.323347] {Default Queue}  -> wl_surface#10.set_buffer_scale(1)
[06:06:28.323350] {Default Queue}  -> wl_surface#10.attach(wl_buffer#17, 0, 0)
[06:06:28.323352] {Default Queue}  -> wl_surface#10.damage_buffer(0, 0, 2147483647, 2147483647)
[06:06:28.323356] {Default Queue}  -> wl_surface#10.commit()
[06:06:28.323554] {Default Queue}  -> zwp_linux_dmabuf_v1#8.create_params(new id zwp_linux_buffer_params_v1#24)
[06:06:28.323560] {Default Queue}  -> zwp_linux_buffer_params_v1#24.add(fd 60, 0, 0, 3584, 16777216, 15)
[06:06:28.323564] {Default Queue}  -> zwp_linux_buffer_params_v1#24.add(fd 61, 1, 2179072, 448, 16777216, 15)
[06:06:28.323566] {Default Queue}  -> zwp_linux_buffer_params_v1#24.add(fd 66, 2, 2191360, 64, 16777216, 15)
[06:06:28.323573] {Default Queue}  -> zwp_linux_buffer_params_v1#24.create_immed(new id wl_buffer#25, 800, 600, 875713112, 0)
[06:06:28.323584] {Default Queue}  -> zwp_linux_buffer_params_v1#24.destroy()
[06:06:28.323588] {Default Queue}  -> wp_viewport#13.set_destination(800, 600)
[06:06:28.323591] {Default Queue}  -> xdg_surface#14.set_window_geometry(0, 0, 800, 600)
[06:06:28.323593] {Default Queue}  -> wl_surface#10.set_buffer_scale(1)
[06:06:28.323595] {Default Queue}  -> wl_surface#10.attach(wl_buffer#25, 0, 0)
[06:06:28.323597] {Default Queue}  -> wl_surface#10.damage_buffer(0, 0, 2147483647, 2147483647)
[06:06:28.323600] {Default Queue}  -> wl_surface#10.commit()
[06:06:28.323631] {Display Queue} wl_display#1.delete_id(16)
[06:06:28.323635] {Display Queue} wl_display#1.delete_id(18)
[06:06:28.323638] {Default Queue} wl_keyboard#3.enter(2, wl_surface#10, array[0])
[06:06:28.323641] {Default Queue} wl_keyboard#3.modifiers(2, 0, 0, 0, 0)
[06:06:28.323652] {Default Queue} xdg_toplevel#15.configure(800, 600, array[8])
[06:06:28.323658] {Default Queue} xdg_surface#14.configure(3)
[06:06:28.323662] {Default Queue}  -> xdg_surface#14.ack_configure(3)
[06:06:28.323665] {Default Queue} wl_pointer#12.enter(4, wl_surface#10, 100.00000000, 100.00000000)
[06:06:28.323670] {Default Queue}  -> wl_pointer#12.set_cursor(4, nil, 0, 0)
[06:06:28.323677] {Default Queue} wl_pointer#12.frame()
[06:06:28.323681] {Default Queue} wl_callback#18.done(62092295)
[06:06:28.323815] {Default Queue}  -> zwp_linux_dmabuf_v1#8.create_params(new id zwp_linux_buffer_params_v1#18)
[06:06:28.323820] {Default Queue}  -> zwp_linux_buffer_params_v1#18.add(fd 57, 0, 0, 3584, 16777216, 15)
[06:06:28.323823] {Default Queue}  -> zwp_linux_buffer_params_v1#18.add(fd 67, 1, 2179072, 448, 16777216, 15)
[06:06:28.323825] {Default Queue}  -> zwp_linux_buffer_params_v1#18.add(fd 70, 2, 2191360, 64, 16777216, 15)
[06:06:28.323828] {Default Queue}  -> zwp_linux_buffer_params_v1#18.create_immed(new id wl_buffer#16, 800, 600, 875713112, 0)
[06:06:28.323830] {Default Queue}  -> zwp_linux_buffer_params_v1#18.destroy()
[06:06:28.323833] {Default Queue}  -> wp_viewport#13.set_destination(800, 600)
[06:06:28.323835] {Default Queue}  -> xdg_surface#14.set_window_geometry(0, 0, 800, 600)
[06:06:28.323837] {Default Queue}  -> wl_surface#10.set_buffer_scale(1)
[06:06:28.323839] {Default Queue}  -> wl_surface#10.attach(wl_buffer#16, 0, 0)
[06:06:28.323842] {Default Queue}  -> wl_surface#10.damage_buffer(0, 0, 2147483647, 2147483647)
[06:06:28.323844] {Default Queue}  -> wl_surface#10.frame(new id wl_callback#26)
[06:06:28.323847] {Default Queue}  -> wl_surface#10.commit()
[06:06:28.323968] {Default Queue}  -> wp_viewport#13.set_destination(800, 600)
[06:06:28.323971] {Default Queue}  -> xdg_surface#14.set_window_geometry(0, 0, 800, 600)
[06:06:28.323973] {Default Queue}  -> wl_surface#10.set_buffer_scale(1)
[06:06:28.323975] {Default Queue}  -> wl_surface#10.attach(wl_buffer#17, 0, 0)
[06:06:28.323977] {Default Queue}  -> wl_surface#10.damage_buffer(0, 0, 2147483647, 2147483647)
[06:06:28.323979] {Default Queue}  -> wl_surface#10.commit()
[06:06:28.324097] {Display Queue} wl_display#1.delete_id(20)
[06:06:28.324101] {Display Queue} wl_display#1.delete_id(21)
[06:06:28.324103] {Display Queue} wl_display#1.delete_id(22)
[06:06:28.324105] {Display Queue} wl_display#1.delete_id(24)
[06:06:28.324106] {Display Queue} wl_display#1.delete_id(18)
[06:06:28.324108] {Default Queue} wl_buffer#25.release()
[06:06:28.324109] {Default Queue} wl_buffer#16.release()
[06:06:28.333564] {Display Queue} wl_display#1.delete_id(26)
[06:06:28.333571] {Default Queue} wl_callback#26.done(62092402)
[06:06:28.333739] {Default Queue}  -> wp_viewport#13.set_destination(800, 600)
[06:06:28.333745] {Default Queue}  -> xdg_surface#14.set_window_geometry(0, 0, 800, 600)
[06:06:28.333748] {Default Queue}  -> wl_surface#10.set_buffer_scale(1)
[06:06:28.333750] {Default Queue}  -> wl_surface#10.attach(wl_buffer#25, 0, 0)
[06:06:28.333753] {Default Queue}  -> wl_surface#10.damage_buffer(0, 0, 2147483647, 2147483647)
[06:06:28.333760] {Default Queue}  -> wl_surface#10.frame(new id wl_callback#26)
[06:06:28.333769] {Default Queue}  -> wl_surface#10.commit()
[06:06:28.350549] {Display Queue} wl_display#1.delete_id(26)
[06:06:28.350594] {Default Queue} wl_buffer#17.release()
[06:06:28.350600] {Default Queue} wl_callback#26.done(62092419)
[06:06:28.350851] {Default Queue}  -> wp_viewport#13.set_destination(800, 600)
[06:06:28.350860] {Default Queue}  -> xdg_surface#14.set_window_geometry(0, 0, 800, 600)
[06:06:28.350864] {Default Queue}  -> wl_surface#10.set_buffer_scale(1)
[06:06:28.350868] {Default Queue}  -> wl_surface#10.attach(wl_buffer#16, 0, 0)
[06:06:28.350871] {Default Queue}  -> wl_surface#10.damage_buffer(0, 0, 2147483647, 2147483647)
[06:06:28.350875] {Default Queue}  -> wl_surface#10.frame(new id wl_callback#26)
[06:06:28.350878] {Default Queue}  -> wl_surface#10.commit()
[06:06:28.366971] {Display Queue} wl_display#1.delete_id(26)
[06:06:28.366994] {Default Queue} wl_buffer#25.release()
[06:06:28.367000] {Default Queue} wl_callback#26.done(62092436)
[06:06:28.367222] {Default Queue}  -> wp_viewport#13.set_destination(800, 600)
[06:06:28.367231] {Default Queue}  -> xdg_surface#14.set_window_geometry(0, 0, 800, 600)
[06:06:28.367234] {Default Queue}  -> wl_surface#10.set_buffer_scale(1)
[06:06:28.367238] {Default Queue}  -> wl_surface#10.attach(wl_buffer#17, 0, 0)
[06:06:28.367241] {Default Queue}  -> wl_surface#10.damage_buffer(0, 0, 2147483647, 2147483647)
[06:06:28.367245] {Default Queue}  -> wl_surface#10.frame(new id wl_callback#26)
[06:06:28.367249] {Default Queue}  -> wl_surface#10.commit()
[06:06:28.383620] {Display Queue} wl_display#1.delete_id(26)
[06:06:28.383639] {Default Queue} wl_buffer#16.release()
[06:06:28.383645] {Default Queue} wl_callback#26.done(62092452)
[06:06:28.383884] {Default Queue}  -> wp_viewport#13.set_destination(800, 600)
[06:06:28.383892] {Default Queue}  -> xdg_surface#14.set_window_geometry(0, 0, 800, 600)
[06:06:28.383897] {Default Queue}  -> wl_surface#10.set_buffer_scale(1)
[06:06:28.383900] {Default Queue}  -> wl_surface#10.attach(wl_buffer#25, 0, 0)
[06:06:28.383903] {Default Queue}  -> wl_surface#10.damage_buffer(0, 0, 2147483647, 2147483647)
[06:06:28.383907] {Default Queue}  -> wl_surface#10.frame(new id wl_callback#26)
[06:06:28.383910] {Default Queue}  -> wl_surface#10.commit()
[06:06:28.400523] {Display Queue} wl_display#1.delete_id(26)
[06:06:28.400548] {Default Queue} wl_buffer#17.release()
[06:06:28.400553] {Default Queue} wl_callback#26.done(62092469)
[06:06:28.400858] {Default Queue}  -> wp_viewport#13.set_destination(800, 600)
[06:06:28.400867] {Default Queue}  -> xdg_surface#14.set_window_geometry(0, 0, 800, 600)
[06:06:28.400871] {Default Queue}  -> wl_surface#10.set_buffer_scale(1)
[06:06:28.400875] {Default Queue}  -> wl_surface#10.attach(wl_buffer#16, 0, 0)
[06:06:28.400878] {Default Queue}  -> wl_surface#10.damage_buffer(0, 0, 2147483647, 2147483647)
[06:06:28.400882] {Default Queue}  -> wl_surface#10.frame(new id wl_callback#26)
[06:06:28.400885] {Default Queue}  -> wl_surface#10.commit()
[06:06:28.416848] {Display Queue} wl_display#1.delete_id(26)
[06:06:28.416868] {Default Queue} wl_buffer#25.release()
[06:06:28.416873] {Default Queue} wl_callback#26.done(62092486)
[06:06:28.417108] {Default Queue}  -> wp_viewport#13.set_destination(800, 600)
[06:06:28.417117] {Default Queue}  -> xdg_surface#14.set_window_geometry(0, 0, 800, 600)
[06:06:28.417121] {Default Queue}  -> wl_surface#10.set_buffer_scale(1)
[06:06:28.417125] {Default Queue}  -> wl_surface#10.attach(wl_buffer#17, 0, 0)
[06:06:28.417129] {Default Queue}  -> wl_surface#10.damage_buffer(0, 0, 2147483647, 2147483647)
[06:06:28.417133] {Default Queue}  -> wl_surface#10.frame(new id wl_callback#26)
[06:06:28.417137] {Default Queue}  -> wl_surface#10.commit()
[06:06:28.433808] {Display Queue} wl_display#1.delete_id(26)
[06:06:28.433823] {Default Queue} wl_buffer#16.release()
[06:06:28.433828] {Default Queue} wl_callback#26.done(62092502)
[06:06:28.434023] {Default Queue}  -> wp_viewport#13.set_destination(800, 600)
[06:06:28.434038] {Default Queue}  -> xdg_surface#14.set_window_geometry(0, 0, 800, 600)
[06:06:28.434053] {Default Queue}  -> wl_surface#10.set_buffer_scale(1)
[06:06:28.434057] {Default Queue}  -> wl_surface#10.attach(wl_buffer#25, 0, 0)
[06:06:28.434060] {Default Queue}  -> wl_surface#10.damage_buffer(0, 0, 2147483647, 2147483647)
[06:06:28.434064] {Default Queue}  -> wl_surface#10.frame(new id wl_callback#26)
[06:06:28.434067] {Default Queue}  -> wl_surface#10.commit()
[06:06:28.450497] {Display Queue} wl_display#1.delete_id(26)
[06:06:28.450525] {Default Queue} wl_buffer#17.release()
[06:06:28.450530] {Default Queue} wl_callback#26.done(62092519)
[06:06:28.450748] {Default Queue}  -> wp_viewport#13.set_destination(800, 600)
[06:06:28.450758] {Default Queue}  -> xdg_surface#14.set_window_geometry(0, 0, 800, 600)
[06:06:28.450762] {Default Queue}  -> wl_surface#10.set_buffer_scale(1)
[06:06:28.450765] {Default Queue}  -> wl_surface#10.attach(wl_buffer#16, 0, 0)
[06:06:28.450769] {Default Queue}  -> wl_surface#10.damage_buffer(0, 0, 2147483647, 2147483647)
[06:06:28.450772] {Default Queue}  -> wl_surface#10.frame(new id wl_callback#26)
[06:06:28.450776] {Default Queue}  -> wl_surface#10.commit()
[06:06:28.467134] {Display Queue} wl_display#1.delete_id(26)
[06:06:28.467178] {Default Queue} wl_buffer#25.release()
[06:06:28.467184] {Default Queue} wl_callback#26.done(62092536)
[06:06:28.467430] {Default Queue}  -> wp_viewport#13.set_destination(800, 600)
[06:06:28.467439] {Default Queue}  -> xdg_surface#14.set_window_geometry(0, 0, 800, 600)
[06:06:28.467444] {Default Queue}  -> wl_surface#10.set_buffer_scale(1)
[06:06:28.467447] {Default Queue}  -> wl_surface#10.attach(wl_buffer#17, 0, 0)
[06:06:28.467451] {Default Queue}  -> wl_surface#10.damage_buffer(0, 0, 2147483647, 2147483647)
[06:06:28.467455] {Default Queue}  -> wl_surface#10.frame(new id wl_callback#26)
[06:06:28.467458] {Default Queue}  -> wl_surface#10.commit()
[06:06:28.483935] {Display Queue} wl_display#1.delete_id(26)
[06:06:28.483967] {Default Queue} wl_buffer#16.release()
[06:06:28.483973] {Default Queue} wl_callback#26.done(62092552)
[06:06:28.484253] {Default Queue}  -> wp_viewport#13.set_destination(800, 600)
[06:06:28.484262] {Default Queue}  -> xdg_surface#14.set_window_geometry(0, 0, 800, 600)
[06:06:28.484267] {Default Queue}  -> wl_surface#10.set_buffer_scale(1)
[06:06:28.484270] {Default Queue}  -> wl_surface#10.attach(wl_buffer#25, 0, 0)
[06:06:28.484273] {Default Queue}  -> wl_surface#10.damage_buffer(0, 0, 2147483647, 2147483647)
[06:06:28.484278] {Default Queue}  -> wl_surface#10.frame(new id wl_callback#26)
[06:06:28.484281] {Default Queue}  -> wl_surface#10.commit()
[06:06:28.500220] {Display Queue} wl_display#1.delete_id(26)
[06:06:28.500237] {Default Queue} wl_buffer#17.release()
[06:06:28.500242] {Default Queue} wl_callback#26.done(62092569)
[06:06:28.500415] {Default Queue}  -> wp_viewport#13.set_destination(800, 600)
[06:06:28.500423] {Default Queue}  -> xdg_surface#14.set_window_geometry(0, 0, 800, 600)
[06:06:28.500428] {Default Queue}  -> wl_surface#10.set_buffer_scale(1)
[06:06:28.500431] {Default Queue}  -> wl_surface#10.attach(wl_buffer#16, 0, 0)
[06:06:28.500434] {Default Queue}  -> wl_surface#10.damage_buffer(0, 0, 2147483647, 2147483647)
[06:06:28.500438] {Default Queue}  -> wl_surface#10.frame(new id wl_callback#26)
[06:06:28.500441] {Default Queue}  -> wl_surface#10.commit()
[06:06:28.517057] {Display Queue} wl_display#1.delete_id(26)
[06:06:28.517079] {Default Queue} wl_buffer#25.release()
[06:06:28.517084] {Default Queue} wl_callback#26.done(62092586)
[06:06:28.517298] {Default Queue}  -> wp_viewport#13.set_destination(800, 600)
[06:06:28.517306] {Default Queue}  -> xdg_surface#14.set_window_geometry(0, 0, 800, 600)
[06:06:28.517311] {Default Queue}  -> wl_surface#10.set_buffer_scale(1)
[06:06:28.517314] {Default Queue}  -> wl_surface#10.attach(wl_buffer#17, 0, 0)
[06:06:28.517317] {Default Queue}  -> wl_surface#10.damage_buffer(0, 0, 2147483647, 2147483647)
[06:06:28.517330] {Default Queue}  -> wl_surface#10.frame(new id wl_callback#26)
[06:06:28.517346] {Default Queue}  -> wl_surface#10.commit()
[06:06:28.533793] {Display Queue} wl_display#1.delete_id(26)
[06:06:28.533808] {Default Queue} wl_buffer#16.release()
[06:06:28.533812] {Default Queue} wl_callback#26.done(62092602)
[06:06:28.533980] {Default Queue}  -> wp_viewport#13.set_destination(800, 600)
[06:06:28.533988] {Default Queue}  -> xdg_surface#14.set_window_geometry(0, 0, 800, 600)
[06:06:28.533992] {Default Queue}  -> wl_surface#10.set_buffer_scale(1)
[06:06:28.533995] {Default Queue}  -> wl_surface#10.attach(wl_buffer#25, 0, 0)
[06:06:28.533998] {Default Queue}  -> wl_surface#10.damage_buffer(0, 0, 2147483647, 2147483647)
[06:06:28.534002] {Default Queue}  -> wl_surface#10.frame(new id wl_callback#26)
[06:06:28.534005] {Default Queue}  -> wl_surface#10.commit()
[06:06:28.550252] {Display Queue} wl_display#1.delete_id(26)
[06:06:28.550267] {Default Queue} wl_buffer#17.release()
[06:06:28.550271] {Default Queue} wl_callback#26.done(62092619)
[06:06:28.550422] {Default Queue}  -> wp_viewport#13.set_destination(800, 600)
[06:06:28.550430] {Default Queue}  -> xdg_surface#14.set_window_geometry(0, 0, 800, 600)
[06:06:28.550434] {Default Queue}  -> wl_surface#10.set_buffer_scale(1)
[06:06:28.550437] {Default Queue}  -> wl_surface#10.attach(wl_buffer#16, 0, 0)
[06:06:28.550439] {Default Queue}  -> wl_surface#10.damage_buffer(0, 0, 2147483647, 2147483647)
[06:06:28.550443] {Default Queue}  -> wl_surface#10.frame(new id wl_callback#26)
[06:06:28.550446] {Default Queue}  -> wl_surface#10.commit()
[06:06:28.567266] {Display Queue} wl_display#1.delete_id(26)
[06:06:28.567282] {Default Queue} wl_buffer#25.release()
[06:06:28.567286] {Default Queue} wl_callback#26.done(62092636)
[06:06:28.567454] {Default Queue}  -> wp_viewport#13.set_destination(800, 600)
[06:06:28.567461] {Default Queue}  -> xdg_surface#14.set_window_geometry(0, 0, 800, 600)
[06:06:28.567466] {Default Queue}  -> wl_surface#10.set_buffer_scale(1)
[06:06:28.567468] {Default Queue}  -> wl_surface#10.attach(wl_buffer#17, 0, 0)
[06:06:28.567471] {Default Queue}  -> wl_surface#10.damage_buffer(0, 0, 2147483647, 2147483647)
[06:06:28.567474] {Default Queue}  -> wl_surface#10.frame(new id wl_callback#26)
[06:06:28.567477] {Default Queue}  -> wl_surface#10.commit()
[06:06:28.583583] {Display Queue} wl_display#1.delete_id(26)
[06:06:28.583595] {Default Queue} wl_buffer#16.release()
[06:06:28.583599] {Default Queue} wl_callback#26.done(62092652)
[06:06:28.583735] {Default Queue}  -> wp_viewport#13.set_destination(800, 600)
[06:06:28.583742] {Default Queue}  -> xdg_surface#14.set_window_geometry(0, 0, 800, 600)
[06:06:28.583746] {Default Queue}  -> wl_surface#10.set_buffer_scale(1)
[06:06:28.583749] {Default Queue}  -> wl_surface#10.attach(wl_buffer#25, 0, 0)
[06:06:28.583752] {Default Queue}  -> wl_surface#10.damage_buffer(0, 0, 2147483647, 2147483647)
[06:06:28.583755] {Default Queue}  -> wl_surface#10.frame(new id wl_callback#26)
[06:06:28.583757] {Default Queue}  -> wl_surface#10.commit()
[06:06:28.600430] {Display Queue} wl_display#1.delete_id(26)
[06:06:28.600445] {Default Queue} wl_buffer#17.release()
[06:06:28.600449] {Default Queue} wl_callback#26.done(62092669)
[06:06:28.600593] {Default Queue}  -> wp_viewport#13.set_destination(800, 600)
[06:06:28.600601] {Default Queue}  -> xdg_surface#14.set_window_geometry(0, 0, 800, 600)
[06:06:28.600605] {Default Queue}  -> wl_surface#10.set_buffer_scale(1)
[06:06:28.600608] {Default Queue}  -> wl_surface#10.attach(wl_buffer#16, 0, 0)
[06:06:28.600610] {Default Queue}  -> wl_surface#10.damage_buffer(0, 0, 2147483647, 2147483647)
[06:06:28.600613] {Default Queue}  -> wl_surface#10.frame(new id wl_callback#26)
[06:06:28.600616] {Default Queue}  -> wl_surface#10.commit()
[06:06:28.617116] {Display Queue} wl_display#1.delete_id(26)
[06:06:28.617136] {Default Queue} wl_buffer#25.release()
[06:06:28.617140] {Default Queue} wl_callback#26.done(62092686)
[06:06:28.617345] {Default Queue}  -> wp_viewport#13.set_destination(800, 600)
[06:06:28.617360] {Default Queue}  -> xdg_surface#14.set_window_geometry(0, 0, 800, 600)
[06:06:28.617375] {Default Queue}  -> wl_surface#10.set_buffer_scale(1)
[06:06:28.617378] {Default Queue}  -> wl_surface#10.attach(wl_buffer#17, 0, 0)
[06:06:28.617381] {Default Queue}  -> wl_surface#10.damage_buffer(0, 0, 2147483647, 2147483647)
[06:06:28.617384] {Default Queue}  -> wl_surface#10.frame(new id wl_callback#26)
[06:06:28.617387] {Default Queue}  -> wl_surface#10.commit()
[06:06:28.633600] {Display Queue} wl_display#1.delete_id(26)
[06:06:28.633627] {Default Queue} wl_buffer#16.release()
[06:06:28.633632] {Default Queue} wl_callback#26.done(62092702)
[06:06:28.633866] {Default Queue}  -> wp_viewport#13.set_destination(800, 600)
[06:06:28.633874] {Default Queue}  -> xdg_surface#14.set_window_geometry(0, 0, 800, 600)
[06:06:28.633878] {Default Queue}  -> wl_surface#10.set_buffer_scale(1)
[06:06:28.633881] {Default Queue}  -> wl_surface#10.attach(wl_buffer#25, 0, 0)
[06:06:28.633884] {Default Queue}  -> wl_surface#10.damage_buffer(0, 0, 2147483647, 2147483647)
[06:06:28.633887] {Default Queue}  -> wl_surface#10.frame(new id wl_callback#26)
[06:06:28.633890] {Default Queue}  -> wl_surface#10.commit()
[06:06:28.650250] {Display Queue} wl_display#1.delete_id(26)
[06:06:28.650280] {Default Queue} wl_buffer#17.release()
[06:06:28.650285] {Default Queue} wl_callback#26.done(62092719)
[06:06:28.650538] {Default Queue}  -> wp_viewport#13.set_destination(800, 600)
[06:06:28.650549] {Default Queue}  -> xdg_surface#14.set_window_geometry(0, 0, 800, 600)
[06:06:28.650554] {Default Queue}  -> wl_surface#10.set_buffer_scale(1)
[06:06:28.650557] {Default Queue}  -> wl_surface#10.attach(wl_buffer#16, 0, 0)
[06:06:28.650560] {Default Queue}  -> wl_surface#10.damage_buffer(0, 0, 2147483647, 2147483647)
[06:06:28.650565] {Default Queue}  -> wl_surface#10.frame(new id wl_callback#26)
[06:06:28.650568] {Default Queue}  -> wl_surface#10.commit()
[06:06:28.666957] {Display Queue} wl_display#1.delete_id(26)
[06:06:28.666980] {Default Queue} wl_buffer#25.release()
[06:06:28.666985] {Default Queue} wl_callback#26.done(62092736)
[06:06:28.667203] {Default Queue}  -> wp_viewport#13.set_destination(800, 600)
[06:06:28.667213] {Default Queue}  -> xdg_surface#14.set_window_geometry(0, 0, 800, 600)
[06:06:28.667218] {Default Queue}  -> wl_surface#10.set_buffer_scale(1)
[06:06:28.667221] {Default Queue}  -> wl_surface#10.attach(wl_buffer#17, 0, 0)
[06:06:28.667224] {Default Queue}  -> wl_surface#10.damage_buffer(0, 0, 2147483647, 2147483647)
[06:06:28.667228] {Default Queue}  -> wl_surface#10.frame(new id wl_callback#26)
[06:06:28.667232] {Default Queue}  -> wl_surface#10.commit()
[06:06:28.683568] {Display Queue} wl_display#1.delete_id(26)
[06:06:28.683604] {Default Queue} wl_buffer#16.release()
[06:06:28.683610] {Default Queue} wl_callback#26.done(62092752)
[06:06:28.683881] {Default Queue}  -> wp_viewport#13.set_destination(800, 600)
[06:06:28.683890] {Default Queue}  -> xdg_surface#14.set_window_geometry(0, 0, 800, 600)
[06:06:28.683895] {Default Queue}  -> wl_surface#10.set_buffer_scale(1)
[06:06:28.683898] {Default Queue}  -> wl_surface#10.attach(wl_buffer#25, 0, 0)
[06:06:28.683902] {Default Queue}  -> wl_surface#10.damage_buffer(0, 0, 2147483647, 2147483647)
[06:06:28.683906] {Default Queue}  -> wl_surface#10.frame(new id wl_callback#26)
[06:06:28.683910] {Default Queue}  -> wl_surface#10.commit()
[06:06:28.700207] {Display Queue} wl_display#1.delete_id(26)
[06:06:28.700246] {Default Queue} wl_buffer#17.release()
[06:06:28.700252] {Default Queue} wl_callback#26.done(62092769)
[06:06:28.700569] {Default Queue}  -> wp_viewport#13.set_destination(800, 600)
[06:06:28.700579] {Default Queue}  -> xdg_surface#14.set_window_geometry(0, 0, 800, 600)
[06:06:28.700584] {Default Queue}  -> wl_surface#10.set_buffer_scale(1)
[06:06:28.700588] {Default Queue}  -> wl_surface#10.attach(wl_buffer#16, 0, 0)
[06:06:28.700591] {Default Queue}  -> wl_surface#10.damage_buffer(0, 0, 2147483647, 2147483647)
[06:06:28.700597] {Default Queue}  -> wl_surface#10.frame(new id wl_callback#26)
[06:06:28.700609] {Default Queue}  -> wl_surface#10.commit()
[06:06:28.716835] {Display Queue} wl_display#1.delete_id(26)
[06:06:28.716865] {Default Queue} wl_buffer#25.release()
[06:06:28.716870] {Default Queue} wl_callback#26.done(62092786)
[06:06:28.717149] {Default Queue}  -> wp_viewport#13.set_destination(800, 600)
[06:06:28.717158] {Default Queue}  -> xdg_surface#14.set_window_geometry(0, 0, 800, 600)
[06:06:28.717163] {Default Queue}  -> wl_surface#10.set_buffer_scale(1)
[06:06:28.717166] {Default Queue}  -> wl_surface#10.attach(wl_buffer#17, 0, 0)
[06:06:28.717170] {Default Queue}  -> wl_surface#10.damage_buffer(0, 0, 2147483647, 2147483647)
[06:06:28.717174] {Default Queue}  -> wl_surface#10.frame(new id wl_callback#26)
[06:06:28.717179] {Default Queue}  -> wl_surface#10.commit()
[06:06:28.733606] {Display Queue} wl_display#1.delete_id(26)
[06:06:28.733635] {Default Queue} wl_buffer#16.release()
[06:06:28.733641] {Default Queue} wl_callback#26.done(62092802)
[06:06:28.733878] {Default Queue}  -> wp_viewport#13.set_destination(800, 600)
[06:06:28.733887] {Default Queue}  -> xdg_surface#14.set_window_geometry(0, 0, 800, 600)
[06:06:28.733891] {Default Queue}  -> wl_surface#10.set_buffer_scale(1)
[06:06:28.733895] {Default Queue}  -> wl_surface#10.attach(wl_buffer#25, 0, 0)
[06:06:28.733898] {Default Queue}  -> wl_surface#10.damage_buffer(0, 0, 2147483647, 2147483647)
[06:06:28.733902] {Default Queue}  -> wl_surface#10.frame(new id wl_callback#26)
[06:06:28.733906] {Default Queue}  -> wl_surface#10.commit()
[06:06:28.750167] {Display Queue} wl_display#1.delete_id(26)
[06:06:28.750197] {Default Queue} wl_buffer#17.release()
[06:06:28.750202] {Default Queue} wl_callback#26.done(62092819)
[06:06:28.750442] {Default Queue}  -> wp_viewport#13.set_destination(800, 600)
[06:06:28.750451] {Default Queue}  -> xdg_surface#14.set_window_geometry(0, 0, 800, 600)
[06:06:28.750456] {Default Queue}  -> wl_surface#10.set_buffer_scale(1)
[06:06:28.750459] {Default Queue}  -> wl_surface#10.attach(wl_buffer#16, 0, 0)
[06:06:28.750462] {Default Queue}  -> wl_surface#10.damage_buffer(0, 0, 2147483647, 2147483647)
[06:06:28.750466] {Default Queue}  -> wl_surface#10.frame(new id wl_callback#26)
[06:06:28.750470] {Default Queue}  -> wl_surface#10.commit()
[06:06:28.767064] {Display Queue} wl_display#1.delete_id(26)
[06:06:28.767097] {Default Queue} wl_buffer#25.release()
[06:06:28.767102] {Default Queue} wl_callback#26.done(62092836)
[06:06:28.767380] {Default Queue}  -> wp_viewport#13.set_destination(800, 600)
[06:06:28.767387] {Default Queue}  -> xdg_surface#14.set_window_geometry(0, 0, 800, 600)
[06:06:28.767391] {Default Queue}  -> wl_surface#10.set_buffer_scale(1)
[06:06:28.767394] {Default Queue}  -> wl_surface#10.attach(wl_buffer#17, 0, 0)
[06:06:28.767397] {Default Queue}  -> wl_surface#10.damage_buffer(0, 0, 2147483647, 2147483647)
[06:06:28.767401] {Default Queue}  -> wl_surface#10.frame(new id wl_callback#26)
[06:06:28.767405] {Default Queue}  -> wl_surface#10.commit()
[06:06:28.783525] {Display Queue} wl_display#1.delete_id(26)
[06:06:28.783553] {Default Queue} wl_buffer#16.release()
[06:06:28.783558] {Default Queue} wl_callback#26.done(62092852)
[06:06:28.783833] {Default Queue}  -> wp_viewport#13.set_destination(800, 600)
[06:06:28.783841] {Default Queue}  -> xdg_surface#14.set_window_geometry(0, 0, 800, 600)
[06:06:28.783845] {Default Queue}  -> wl_surface#10.set_buffer_scale(1)
[06:06:28.783849] {Default Queue}  -> wl_surface#10.attach(wl_buffer#25, 0, 0)
[06:06:28.783852] {Default Queue}  -> wl_surface#10.damage_buffer(0, 0, 2147483647, 2147483647)
[06:06:28.783857] {Default Queue}  -> wl_surface#10.frame(new id wl_callback#26)
[06:06:28.783861] {Default Queue}  -> wl_surface#10.commit()
[06:06:28.800353] {Display Queue} wl_display#1.delete_id(26)
[06:06:28.800384] {Default Queue} wl_buffer#17.release()
[06:06:28.800389] {Default Queue} wl_callback#26.done(62092869)
[06:06:28.800691] {Default Queue}  -> wp_viewport#13.set_destination(800, 600)
[06:06:28.800699] {Default Queue}  -> xdg_surface#14.set_window_geometry(0, 0, 800, 600)
[06:06:28.800710] {Default Queue}  -> wl_surface#10.set_buffer_scale(1)
[06:06:28.800722] {Default Queue}  -> wl_surface#10.attach(wl_buffer#16, 0, 0)
[06:06:28.800725] {Default Queue}  -> wl_surface#10.damage_buffer(0, 0, 2147483647, 2147483647)
[06:06:28.800729] {Default Queue}  -> wl_surface#10.frame(new id wl_callback#26)
[06:06:28.800733] {Default Queue}  -> wl_surface#10.commit()
[06:06:28.816867] {Display Queue} wl_display#1.delete_id(26)
[06:06:28.816896] {Default Queue} wl_buffer#25.release()
[06:06:28.816901] {Default Queue} wl_callback#26.done(62092886)
[06:06:28.817182] {Default Queue}  -> wp_viewport#13.set_destination(800, 600)
[06:06:28.817192] {Default Queue}  -> xdg_surface#14.set_window_geometry(0, 0, 800, 600)
[06:06:28.817196] {Default Queue}  -> wl_surface#10.set_buffer_scale(1)
[06:06:28.817200] {Default Queue}  -> wl_surface#10.attach(wl_buffer#17, 0, 0)
[06:06:28.817203] {Default Queue}  -> wl_surface#10.damage_buffer(0, 0, 2147483647, 2147483647)
[06:06:28.817208] {Default Queue}  -> wl_surface#10.frame(new id wl_callback#26)
[06:06:28.817212] {Default Queue}  -> wl_surface#10.commit()
[06:06:28.833555] {Display Queue} wl_display#1.delete_id(26)
[06:06:28.833576] {Default Queue} wl_buffer#16.release()
[06:06:28.833581] {Default Queue} wl_callback#26.done(62092902)
[06:06:28.833839] {Default Queue}  -> wp_viewport#13.set_destination(800, 600)
[06:06:28.833847] {Default Queue}  -> xdg_surface#14.set_window_geometry(0, 0, 800, 600)
[06:06:28.833851] {Default Queue}  -> wl_surface#10.set_buffer_scale(1)
[06:06:28.833854] {Default Queue}  -> wl_surface#10.attach(wl_buffer#25, 0, 0)
[06:06:28.833857] {Default Queue}  -> wl_surface#10.damage_buffer(0, 0, 2147483647, 2147483647)
[06:06:28.833861] {Default Queue}  -> wl_surface#10.frame(new id wl_callback#26)
[06:06:28.833865] {Default Queue}  -> wl_surface#10.commit()
[06:06:28.850397] {Display Queue} wl_display#1.delete_id(26)
[06:06:28.850415] {Default Queue} wl_buffer#17.release()
[06:06:28.850419] {Default Queue} wl_callback#26.done(62092919)
[06:06:28.850786] {Default Queue}  -> wp_viewport#13.set_destination(800, 600)
[06:06:28.850794] {Default Queue}  -> xdg_surface#14.set_window_geometry(0, 0, 800, 600)
[06:06:28.850798] {Default Queue}  -> wl_surface#10.set_buffer_scale(1)
[06:06:28.850801] {Default Queue}  -> wl_surface#10.attach(wl_buffer#16, 0, 0)
[06:06:28.850804] {Default Queue}  -> wl_surface#10.damage_buffer(0, 0, 2147483647, 2147483647)
[06:06:28.850808] {Default Queue}  -> wl_surface#10.frame(new id wl_callback#26)
[06:06:28.850812] {Default Queue}  -> wl_surface#10.commit()
[06:06:28.867005] {Display Queue} wl_display#1.delete_id(26)
[06:06:28.867029] {Default Queue} wl_buffer#25.release()
[06:06:28.867034] {Default Queue} wl_callback#26.done(62092936)
[06:06:28.867259] {Default Queue}  -> wp_viewport#13.set_destination(800, 600)
[06:06:28.867266] {Default Queue}  -> xdg_surface#14.set_window_geometry(0, 0, 800, 600)
[06:06:28.867269] {Default Queue}  -> wl_surface#10.set_buffer_scale(1)
[06:06:28.867273] {Default Queue}  -> wl_surface#10.attach(wl_buffer#17, 0, 0)
[06:06:28.867276] {Default Queue}  -> wl_surface#10.damage_buffer(0, 0, 2147483647, 2147483647)
[06:06:28.867279] {Default Queue}  -> wl_surface#10.frame(new id wl_callback#26)
[06:06:28.867282] {Default Queue}  -> wl_surface#10.commit()
[06:06:28.883612] {Display Queue} wl_display#1.delete_id(26)
[06:06:28.883632] {Default Queue} wl_buffer#16.release()
[06:06:28.883636] {Default Queue} wl_callback#26.done(62092952)
[06:06:28.883838] {Default Queue}  -> wp_viewport#13.set_destination(800, 600)
[06:06:28.883844] {Default Queue}  -> xdg_surface#14.set_window_geometry(0, 0, 800, 600)
[06:06:28.883847] {Default Queue}  -> wl_surface#10.set_buffer_scale(1)
[06:06:28.883850] {Default Queue}  -> wl_surface#10.attach(wl_buffer#25, 0, 0)
[06:06:28.883853] {Default Queue}  -> wl_surface#10.damage_buffer(0, 0, 2147483647, 2147483647)
[06:06:28.883856] {Default Queue}  -> wl_surface#10.frame(new id wl_callback#26)
[06:06:28.883858] {Default Queue}  -> wl_surface#10.commit()
[06:06:28.900581] {Display Queue} wl_display#1.delete_id(26)
[06:06:28.900605] {Default Queue} wl_buffer#17.release()
[06:06:28.900609] {Default Queue} wl_callback#26.done(62092969)
[06:06:28.900785] {Default Queue}  -> wp_viewport#13.set_destination(800, 600)
[06:06:28.900790] {Default Queue}  -> xdg_surface#14.set_window_geometry(0, 0, 800, 600)
[06:06:28.900793] {Default Queue}  -> wl_surface#10.set_buffer_scale(1)
[06:06:28.900795] {Default Queue}  -> wl_surface#10.attach(wl_buffer#16, 0, 0)
[06:06:28.900797] {Default Queue}  -> wl_surface#10.damage_buffer(0, 0, 2147483647, 2147483647)
[06:06:28.900800] {Default Queue}  -> wl_surface#10.frame(new id wl_callback#26)
[06:06:28.900803] {Default Queue}  -> wl_surface#10.commit()
[06:06:28.917272] {Display Queue} wl_display#1.delete_id(26)
[06:06:28.917301] {Default Queue} wl_buffer#25.release()
[06:06:28.917306] {Default Queue} wl_callback#26.done(62092986)
[06:06:28.917571] {Default Queue}  -> wp_viewport#13.set_destination(800, 600)
[06:06:28.917578] {Default Queue}  -> xdg_surface#14.set_window_geometry(0, 0, 800, 600)
[06:06:28.917581] {Default Queue}  -> wl_surface#10.set_buffer_scale(1)
[06:06:28.917583] {Default Queue}  -> wl_surface#10.attach(wl_buffer#17, 0, 0)
[06:06:28.917586] {Default Queue}  -> wl_surface#10.damage_buffer(0, 0, 2147483647, 2147483647)
[06:06:28.917589] {Default Queue}  -> wl_surface#10.frame(new id wl_callback#26)
[06:06:28.917592] {Default Queue}  -> wl_surface#10.commit()
[06:06:28.933897] {Display Queue} wl_display#1.delete_id(26)
[06:06:28.933934] {Default Queue} wl_buffer#16.release()
[06:06:28.933942] {Default Queue} wl_callback#26.done(62093002)
[06:06:28.934185] {Default Queue}  -> wp_viewport#13.set_destination(800, 600)
[06:06:28.934192] {Default Queue}  -> xdg_surface#14.set_window_geometry(0, 0, 800, 600)
[06:06:28.934195] {Default Queue}  -> wl_surface#10.set_buffer_scale(1)
[06:06:28.934198] {Default Queue}  -> wl_surface#10.attach(wl_buffer#25, 0, 0)
[06:06:28.934200] {Default Queue}  -> wl_surface#10.damage_buffer(0, 0, 2147483647, 2147483647)
[06:06:28.934204] {Default Queue}  -> wl_surface#10.frame(new id wl_callback#26)
[06:06:28.934207] {Default Queue}  -> wl_surface#10.commit()
[06:06:28.950468] {Display Queue} wl_display#1.delete_id(26)
[06:06:28.950502] {Default Queue} wl_buffer#17.release()
[06:06:28.950510] {Default Queue} wl_callback#26.done(62093019)
[06:06:28.950838] {Default Queue}  -> wp_viewport#13.set_destination(800, 600)
[06:06:28.950847] {Default Queue}  -> xdg_surface#14.set_window_geometry(0, 0, 800, 600)
[06:06:28.950851] {Default Queue}  -> wl_surface#10.set_buffer_scale(1)
[06:06:28.950854] {Default Queue}  -> wl_surface#10.attach(wl_buffer#16, 0, 0)
[06:06:28.950857] {Default Queue}  -> wl_surface#10.damage_buffer(0, 0, 2147483647, 2147483647)
[06:06:28.950861] {Default Queue}  -> wl_surface#10.frame(new id wl_callback#26)
[06:06:28.950865] {Default Queue}  -> wl_surface#10.commit()
[06:06:28.967158] {Display Queue} wl_display#1.delete_id(26)
[06:06:28.967174] {Default Queue} wl_buffer#25.release()
[06:06:28.967180] {Default Queue} wl_callback#26.done(62093036)
[06:06:28.967406] {Default Queue}  -> wp_viewport#13.set_destination(800, 600)
[06:06:28.967413] {Default Queue}  -> xdg_surface#14.set_window_geometry(0, 0, 800, 600)
[06:06:28.967416] {Default Queue}  -> wl_surface#10.set_buffer_scale(1)
[06:06:28.967419] {Default Queue}  -> wl_surface#10.attach(wl_buffer#17, 0, 0)
[06:06:28.967422] {Default Queue}  -> wl_surface#10.damage_buffer(0, 0, 2147483647, 2147483647)
[06:06:28.967425] {Default Queue}  -> wl_surface#10.frame(new id wl_callback#26)
[06:06:28.967429] {Default Queue}  -> wl_surface#10.commit()
[06:06:28.984009] {Display Queue} wl_display#1.delete_id(26)
[06:06:28.984040] {Default Queue} wl_buffer#16.release()
[06:06:28.984047] {Default Queue} wl_callback#26.done(62093052)
[06:06:28.984276] {Default Queue}  -> wp_viewport#13.set_destination(800, 600)
[06:06:28.984282] {Default Queue}  -> xdg_surface#14.set_window_geometry(0, 0, 800, 600)
[06:06:28.984285] {Default Queue}  -> wl_surface#10.set_buffer_scale(1)
[06:06:28.984294] {Default Queue}  -> wl_surface#10.attach(wl_buffer#25, 0, 0)
[06:06:28.984305] {Default Queue}  -> wl_surface#10.damage_buffer(0, 0, 2147483647, 2147483647)
[06:06:28.984309] {Default Queue}  -> wl_surface#10.frame(new id wl_callback#26)
[06:06:28.984312] {Default Queue}  -> wl_surface#10.commit()
[06:06:29.000449] {Display Queue} wl_display#1.delete_id(26)
[06:06:29.000474] {Default Queue} wl_buffer#17.release()
[06:06:29.000478] {Default Queue} wl_callback#26.done(62093069)
[06:06:29.046848] {Default Queue}  -> wp_viewport#13.set_destination(800, 600)
[06:06:29.046871] {Default Queue}  -> xdg_surface#14.set_window_geometry(0, 0, 800, 600)
[06:06:29.046875] {Default Queue}  -> wl_surface#10.set_buffer_scale(1)
[06:06:29.046878] {Default Queue}  -> wl_surface#10.attach(wl_buffer#16, 0, 0)
[06:06:29.046881] {Default Queue}  -> wl_surface#10.damage_buffer(0, 0, 2147483647, 2147483647)
[06:06:29.046884] {Default Queue}  -> wl_surface#10.frame(new id wl_callback#26)
[06:06:29.046888] {Default Queue}  -> wl_surface#10.commit()
[06:06:29.057213] {Display Queue} wl_display#1.delete_id(26)
[06:06:29.057247] {Default Queue} wl_buffer#25.release()
[06:06:29.057256] {Default Queue} wl_callback#26.done(62093126)
[06:06:29.057462] {Default Queue}  -> wp_viewport#13.set_destination(800, 600)
[06:06:29.057468] {Default Queue}  -> xdg_surface#14.set_window_geometry(0, 0, 800, 600)
[06:06:29.057472] {Default Queue}  -> wl_surface#10.set_buffer_scale(1)
[06:06:29.057475] {Default Queue}  -> wl_surface#10.attach(wl_buffer#17, 0, 0)
[06:06:29.057478] {Default Queue}  -> wl_surface#10.damage_buffer(0, 0, 2147483647, 2147483647)
[06:06:29.057481] {Default Queue}  -> wl_surface#10.frame(new id wl_callback#26)
[06:06:29.057484] {Default Queue}  -> wl_surface#10.commit()
[06:06:29.073978] {Display Queue} wl_display#1.delete_id(26)
[06:06:29.073998] {Default Queue} wl_buffer#16.release()
[06:06:29.074001] {Default Queue} wl_callback#26.done(62093142)
[06:06:29.074185] {Default Queue}  -> wp_viewport#13.set_destination(800, 600)
[06:06:29.074190] {Default Queue}  -> xdg_surface#14.set_window_geometry(0, 0, 800, 600)
[06:06:29.074193] {Default Queue}  -> wl_surface#10.set_buffer_scale(1)
[06:06:29.074195] {Default Queue}  -> wl_surface#10.attach(wl_buffer#25, 0, 0)
[06:06:29.074197] {Default Queue}  -> wl_surface#10.damage_buffer(0, 0, 2147483647, 2147483647)
[06:06:29.074200] {Default Queue}  -> wl_surface#10.frame(new id wl_callback#26)
[06:06:29.074202] {Default Queue}  -> wl_surface#10.commit()
[06:06:29.090543] {Display Queue} wl_display#1.delete_id(26)
[06:06:29.090574] {Default Queue} wl_buffer#17.release()
[06:06:29.090582] {Default Queue} wl_callback#26.done(62093159)
[06:06:29.090788] {Default Queue}  -> wp_viewport#13.set_destination(800, 600)
[06:06:29.090793] {Default Queue}  -> xdg_surface#14.set_window_geometry(0, 0, 800, 600)
[06:06:29.090796] {Default Queue}  -> wl_surface#10.set_buffer_scale(1)
[06:06:29.090798] {Default Queue}  -> wl_surface#10.attach(wl_buffer#16, 0, 0)
[06:06:29.090800] {Default Queue}  -> wl_surface#10.damage_buffer(0, 0, 2147483647, 2147483647)
[06:06:29.090802] {Default Queue}  -> wl_surface#10.frame(new id wl_callback#26)
[06:06:29.090804] {Default Queue}  -> wl_surface#10.commit()
[06:06:29.107357] {Display Queue} wl_display#1.delete_id(26)
[06:06:29.107387] {Default Queue} wl_buffer#25.release()
[06:06:29.107396] {Default Queue} wl_callback#26.done(62093176)
[06:06:29.107603] {Default Queue}  -> wp_viewport#13.set_destination(800, 600)
[06:06:29.107607] {Default Queue}  -> xdg_surface#14.set_window_geometry(0, 0, 800, 600)
[06:06:29.107610] {Default Queue}  -> wl_surface#10.set_buffer_scale(1)
[06:06:29.107612] {Default Queue}  -> wl_surface#10.attach(wl_buffer#17, 0, 0)
[06:06:29.107614] {Default Queue}  -> wl_surface#10.damage_buffer(0, 0, 2147483647, 2147483647)
[06:06:29.107616] {Default Queue}  -> wl_surface#10.frame(new id wl_callback#26)
[06:06:29.107618] {Default Queue}  -> wl_surface#10.commit()
[06:06:29.123772] {Display Queue} wl_display#1.delete_id(26)
[06:06:29.123811] {Default Queue} wl_buffer#16.release()
[06:06:29.123827] {Default Queue} wl_callback#26.done(62093192)
[06:06:29.123976] {Default Queue}  -> wp_viewport#13.set_destination(800, 600)
[06:06:29.123980] {Default Queue}  -> xdg_surface#14.set_window_geometry(0, 0, 800, 600)
[06:06:29.123982] {Default Queue}  -> wl_surface#10.set_buffer_scale(1)
[06:06:29.123984] {Default Queue}  -> wl_surface#10.attach(wl_buffer#25, 0, 0)
[06:06:29.123986] {Default Queue}  -> wl_surface#10.damage_buffer(0, 0, 2147483647, 2147483647)
[06:06:29.123988] {Default Queue}  -> wl_surface#10.frame(new id wl_callback#26)
[06:06:29.123990] {Default Queue}  -> wl_surface#10.commit()
[06:06:29.140739] {Display Queue} wl_display#1.delete_id(26)
[06:06:29.140771] {Default Queue} wl_buffer#17.release()
[06:06:29.140780] {Default Queue} wl_callback#26.done(62093209)
[06:06:29.140956] {Default Queue}  -> wp_viewport#13.set_destination(800, 600)
[06:06:29.140960] {Default Queue}  -> xdg_surface#14.set_window_geometry(0, 0, 800, 600)
[06:06:29.140963] {Default Queue}  -> wl_surface#10.set_buffer_scale(1)
[06:06:29.140965] {Default Queue}  -> wl_surface#10.attach(wl_buffer#16, 0, 0)
[06:06:29.140967] {Default Queue}  -> wl_surface#10.damage_buffer(0, 0, 2147483647, 2147483647)
[06:06:29.140970] {Default Queue}  -> wl_surface#10.frame(new id wl_callback#26)
[06:06:29.140972] {Default Queue}  -> wl_surface#10.commit()
[06:06:29.157337] {Display Queue} wl_display#1.delete_id(26)
[06:06:29.157371] {Default Queue} wl_buffer#25.release()
[06:06:29.157379] {Default Queue} wl_callback#26.done(62093226)
[06:06:29.157651] {Default Queue}  -> wp_viewport#13.set_destination(800, 600)
[06:06:29.157655] {Default Queue}  -> xdg_surface#14.set_window_geometry(0, 0, 800, 600)
[06:06:29.157658] {Default Queue}  -> wl_surface#10.set_buffer_scale(1)
[06:06:29.157661] {Default Queue}  -> wl_surface#10.attach(wl_buffer#17, 0, 0)
[06:06:29.157663] {Default Queue}  -> wl_surface#10.damage_buffer(0, 0, 2147483647, 2147483647)
[06:06:29.157665] {Default Queue}  -> wl_surface#10.frame(new id wl_callback#26)
[06:06:29.157668] {Default Queue}  -> wl_surface#10.commit()
[06:06:29.173912] {Display Queue} wl_display#1.delete_id(26)
[06:06:29.173940] {Default Queue} wl_buffer#16.release()
[06:06:29.173948] {Default Queue} wl_callback#26.done(62093242)
[06:06:29.174179] {Default Queue}  -> wp_viewport#13.set_destination(800, 600)
[06:06:29.174185] {Default Queue}  -> xdg_surface#14.set_window_geometry(0, 0, 800, 600)
[06:06:29.174187] {Default Queue}  -> wl_surface#10.set_buffer_scale(1)
[06:06:29.174190] {Default Queue}  -> wl_surface#10.attach(wl_buffer#25, 0, 0)
[06:06:29.174192] {Default Queue}  -> wl_surface#10.damage_buffer(0, 0, 2147483647, 2147483647)
[06:06:29.174195] {Default Queue}  -> wl_surface#10.frame(new id wl_callback#26)
[06:06:29.174198] {Default Queue}  -> wl_surface#10.commit()
[06:06:29.190801] {Display Queue} wl_display#1.delete_id(26)
[06:06:29.190815] {Default Queue} wl_buffer#17.release()
[06:06:29.190819] {Default Queue} wl_callback#26.done(62093259)
[06:06:29.191039] {Default Queue}  -> wp_viewport#13.set_destination(800, 600)
[06:06:29.191044] {Default Queue}  -> xdg_surface#14.set_window_geometry(0, 0, 800, 600)
[06:06:29.191047] {Default Queue}  -> wl_surface#10.set_buffer_scale(1)
[06:06:29.191050] {Default Queue}  -> wl_surface#10.attach(wl_buffer#16, 0, 0)
[06:06:29.191053] {Default Queue}  -> wl_surface#10.damage_buffer(0, 0, 2147483647, 2147483647)
[06:06:29.191057] {Default Queue}  -> wl_surface#10.frame(new id wl_callback#26)
[06:06:29.191060] {Default Queue}  -> wl_surface#10.commit()
[06:06:29.207073] {Display Queue} wl_display#1.delete_id(26)
[06:06:29.207097] {Default Queue} wl_buffer#25.release()
[06:06:29.207104] {Default Queue} wl_callback#26.done(62093276)
[06:06:29.207353] {Default Queue}  -> wp_viewport#13.set_destination(800, 600)
[06:06:29.207358] {Default Queue}  -> xdg_surface#14.set_window_geometry(0, 0, 800, 600)
[06:06:29.207361] {Default Queue}  -> wl_surface#10.set_buffer_scale(1)
[06:06:29.207364] {Default Queue}  -> wl_surface#10.attach(wl_buffer#17, 0, 0)
[06:06:29.207371] {Default Queue}  -> wl_surface#10.damage_buffer(0, 0, 2147483647, 2147483647)
[06:06:29.207379] {Default Queue}  -> wl_surface#10.frame(new id wl_callback#26)
[06:06:29.207382] {Default Queue}  -> wl_surface#10.commit()
[06:06:29.224110] {Display Queue} wl_display#1.delete_id(26)
[06:06:29.224136] {Default Queue} wl_buffer#16.release()
[06:06:29.224143] {Default Queue} wl_callback#26.done(62093292)
[06:06:29.224368] {Default Queue}  -> wp_viewport#13.set_destination(800, 600)
[06:06:29.224372] {Default Queue}  -> xdg_surface#14.set_window_geometry(0, 0, 800, 600)
[06:06:29.224376] {Default Queue}  -> wl_surface#10.set_buffer_scale(1)
[06:06:29.224378] {Default Queue}  -> wl_surface#10.attach(wl_buffer#25, 0, 0)
[06:06:29.224380] {Default Queue}  -> wl_surface#10.damage_buffer(0, 0, 2147483647, 2147483647)
[06:06:29.224383] {Default Queue}  -> wl_surface#10.frame(new id wl_callback#26)
[06:06:29.224386] {Default Queue}  -> wl_surface#10.commit()
[06:06:29.240713] {Display Queue} wl_display#1.delete_id(26)
[06:06:29.240737] {Default Queue} wl_buffer#17.release()
[06:06:29.240744] {Default Queue} wl_callback#26.done(62093309)
[06:06:29.342475] {Default Queue}  -> wp_viewport#13.set_destination(800, 600)
[06:06:29.342505] {Default Queue}  -> xdg_surface#14.set_window_geometry(0, 0, 800, 600)
[06:06:29.342517] {Default Queue}  -> wl_surface#10.set_buffer_scale(1)
[06:06:29.342521] {Default Queue}  -> wl_surface#10.attach(wl_buffer#16, 0, 0)
[06:06:29.342524] {Default Queue}  -> wl_surface#10.damage_buffer(0, 0, 2147483647, 2147483647)
[06:06:29.342529] {Default Queue}  -> wl_surface#10.frame(new id wl_callback#26)
[06:06:29.342532] {Default Queue}  -> wl_surface#10.commit()
[06:06:29.352602] {Display Queue} wl_display#1.delete_id(26)
[06:06:29.352619] {Default Queue} wl_buffer#25.release()
[06:06:29.352624] {Default Queue} wl_callback#26.done(62093421)
[06:06:29.352919] {Default Queue}  -> wp_viewport#13.set_destination(800, 600)
[06:06:29.352928] {Default Queue}  -> xdg_surface#14.set_window_geometry(0, 0, 800, 600)
[06:06:29.352931] {Default Queue}  -> wl_surface#10.set_buffer_scale(1)
[06:06:29.352934] {Default Queue}  -> wl_surface#10.attach(wl_buffer#17, 0, 0)
[06:06:29.352937] {Default Queue}  -> wl_surface#10.damage_buffer(0, 0, 2147483647, 2147483647)
[06:06:29.352941] {Default Queue}  -> wl_surface#10.frame(new id wl_callback#26)
[06:06:29.352944] {Default Queue}  -> wl_surface#10.commit()
[06:06:29.369436] {Display Queue} wl_display#1.delete_id(26)
[06:06:29.369453] {Default Queue} wl_buffer#16.release()
[06:06:29.369457] {Default Queue} wl_callback#26.done(62093438)
[06:06:29.369766] {Default Queue}  -> wp_viewport#13.set_destination(800, 600)
[06:06:29.369774] {Default Queue}  -> xdg_surface#14.set_window_geometry(0, 0, 800, 600)
[06:06:29.369777] {Default Queue}  -> wl_surface#10.set_buffer_scale(1)
[06:06:29.369780] {Default Queue}  -> wl_surface#10.attach(wl_buffer#25, 0, 0)
[06:06:29.369783] {Default Queue}  -> wl_surface#10.damage_buffer(0, 0, 2147483647, 2147483647)
[06:06:29.369786] {Default Queue}  -> wl_surface#10.frame(new id wl_callback#26)
[06:06:29.369789] {Default Queue}  -> wl_surface#10.commit()
[06:06:29.385686] {Display Queue} wl_display#1.delete_id(26)
[06:06:29.385702] {Default Queue} wl_buffer#17.release()
[06:06:29.385706] {Default Queue} wl_callback#26.done(62093454)
[06:06:29.385929] {Default Queue}  -> wp_viewport#13.set_destination(800, 600)
[06:06:29.385937] {Default Queue}  -> xdg_surface#14.set_window_geometry(0, 0, 800, 600)
[06:06:29.385941] {Default Queue}  -> wl_surface#10.set_buffer_scale(1)
[06:06:29.385944] {Default Queue}  -> wl_surface#10.attach(wl_buffer#16, 0, 0)
[06:06:29.385946] {Default Queue}  -> wl_surface#10.damage_buffer(0, 0, 2147483647, 2147483647)
[06:06:29.385950] {Default Queue}  -> wl_surface#10.frame(new id wl_callback#26)
[06:06:29.385952] {Default Queue}  -> wl_surface#10.commit()
[06:06:29.402669] {Display Queue} wl_display#1.delete_id(26)
[06:06:29.402685] {Default Queue} wl_buffer#25.release()
[06:06:29.402698] {Default Queue} wl_callback#26.done(62093471)
[06:06:29.402937] {Default Queue}  -> wp_viewport#13.set_destination(800, 600)
[06:06:29.402945] {Default Queue}  -> xdg_surface#14.set_window_geometry(0, 0, 800, 600)
[06:06:29.402949] {Default Queue}  -> wl_surface#10.set_buffer_scale(1)
[06:06:29.402952] {Default Queue}  -> wl_surface#10.attach(wl_buffer#17, 0, 0)
[06:06:29.402954] {Default Queue}  -> wl_surface#10.damage_buffer(0, 0, 2147483647, 2147483647)
[06:06:29.402957] {Default Queue}  -> wl_surface#10.frame(new id wl_callback#26)
[06:06:29.402960] {Default Queue}  -> wl_surface#10.commit()
[06:06:29.419065] {Display Queue} wl_display#1.delete_id(26)
[06:06:29.419086] {Default Queue} wl_buffer#16.release()
[06:06:29.419091] {Default Queue} wl_callback#26.done(62093488)
[06:06:29.419338] {Default Queue}  -> wp_viewport#13.set_destination(800, 600)
[06:06:29.419346] {Default Queue}  -> xdg_surface#14.set_window_geometry(0, 0, 800, 600)
[06:06:29.419350] {Default Queue}  -> wl_surface#10.set_buffer_scale(1)
[06:06:29.419352] {Default Queue}  -> wl_surface#10.attach(wl_buffer#25, 0, 0)
[06:06:29.419355] {Default Queue}  -> wl_surface#10.damage_buffer(0, 0, 2147483647, 2147483647)
[06:06:29.419358] {Default Queue}  -> wl_surface#10.frame(new id wl_callback#26)
[06:06:29.419361] {Default Queue}  -> wl_surface#10.commit()
[06:06:29.435759] {Display Queue} wl_display#1.delete_id(26)
[06:06:29.435793] {Default Queue} wl_buffer#17.release()
[06:06:29.435801] {Default Queue} wl_callback#26.done(62093504)
[06:06:29.436192] {Default Queue}  -> wp_viewport#13.set_destination(800, 600)
[06:06:29.436207] {Default Queue}  -> xdg_surface#14.set_window_geometry(0, 0, 800, 600)
[06:06:29.436212] {Default Queue}  -> wl_surface#10.set_buffer_scale(1)
[06:06:29.436215] {Default Queue}  -> wl_surface#10.attach(wl_buffer#16, 0, 0)
[06:06:29.436219] {Default Queue}  -> wl_surface#10.damage_buffer(0, 0, 2147483647, 2147483647)
[06:06:29.436224] {Default Queue}  -> wl_surface#10.frame(new id wl_callback#26)
[06:06:29.436228] {Default Queue}  -> wl_surface#10.commit()
[06:06:29.452407] {Display Queue} wl_display#1.delete_id(26)
[06:06:29.452432] {Default Queue} wl_buffer#25.release()
[06:06:29.452438] {Default Queue} wl_callback#26.done(62093521)
[06:06:29.452848] {Default Queue}  -> wp_viewport#13.set_destination(800, 600)
[06:06:29.452864] {Default Queue}  -> xdg_surface#14.set_window_geometry(0, 0, 800, 600)
[06:06:29.452869] {Default Queue}  -> wl_surface#10.set_buffer_scale(1)
[06:06:29.452873] {Default Queue}  -> wl_surface#10.attach(wl_buffer#17, 0, 0)
[06:06:29.452876] {Default Queue}  -> wl_surface#10.damage_buffer(0, 0, 2147483647, 2147483647)
[06:06:29.452883] {Default Queue}  -> wl_surface#10.frame(new id wl_callback#26)
[06:06:29.452888] {Default Queue}  -> wl_surface#10.commit()
[06:06:29.469178] {Display Queue} wl_display#1.delete_id(26)
[06:06:29.469214] {Default Queue} wl_buffer#16.release()
[06:06:29.469221] {Default Queue} wl_callback#26.done(62093538)
[06:06:29.469614] {Default Queue}  -> wp_viewport#13.set_destination(800, 600)
[06:06:29.469628] {Default Queue}  -> xdg_surface#14.set_window_geometry(0, 0, 800, 600)
[06:06:29.469632] {Default Queue}  -> wl_surface#10.set_buffer_scale(1)
[06:06:29.469636] {Default Queue}  -> wl_surface#10.attach(wl_buffer#25, 0, 0)
[06:06:29.469640] {Default Queue}  -> wl_surface#10.damage_buffer(0, 0, 2147483647, 2147483647)
[06:06:29.469645] {Default Queue}  -> wl_surface#10.frame(new id wl_callback#26)
[06:06:29.469650] {Default Queue}  -> wl_surface#10.commit()
[06:06:29.486059] {Display Queue} wl_display#1.delete_id(26)
[06:06:29.486082] {Default Queue} wl_buffer#17.release()
[06:06:29.486087] {Default Queue} wl_callback#26.done(62093554)
[06:06:29.486412] {Default Queue}  -> wp_viewport#13.set_destination(800, 600)
[06:06:29.486423] {Default Queue}  -> xdg_surface#14.set_window_geometry(0, 0, 800, 600)
[06:06:29.486428] {Default Queue}  -> wl_surface#10.set_buffer_scale(1)
[06:06:29.486432] {Default Queue}  -> wl_surface#10.attach(wl_buffer#16, 0, 0)
[06:06:29.486443] {Default Queue}  -> wl_surface#10.damage_buffer(0, 0, 2147483647, 2147483647)
[06:06:29.486457] {Default Queue}  -> wl_surface#10.frame(new id wl_callback#26)
[06:06:29.486461] {Default Queue}  -> wl_surface#10.commit()
[06:06:29.502411] {Display Queue} wl_display#1.delete_id(26)
[06:06:29.502443] {Default Queue} wl_buffer#25.release()
[06:06:29.502449] {Default Queue} wl_callback#26.done(62093571)
[06:06:29.502817] {Default Queue}  -> wp_viewport#13.set_destination(800, 600)
[06:06:29.502828] {Default Queue}  -> xdg_surface#14.set_window_geometry(0, 0, 800, 600)
[06:06:29.502833] {Default Queue}  -> wl_surface#10.set_buffer_scale(1)
[06:06:29.502837] {Default Queue}  -> wl_surface#10.attach(wl_buffer#17, 0, 0)
[06:06:29.502841] {Default Queue}  -> wl_surface#10.damage_buffer(0, 0, 2147483647, 2147483647)
[06:06:29.502846] {Default Queue}  -> wl_surface#10.frame(new id wl_callback#26)
[06:06:29.502851] {Default Queue}  -> wl_surface#10.commit()
[06:06:29.519140] {Display Queue} wl_display#1.delete_id(26)
[06:06:29.519164] {Default Queue} wl_buffer#16.release()
[06:06:29.519169] {Default Queue} wl_callback#26.done(62093588)
[06:06:29.519491] {Default Queue}  -> wp_viewport#13.set_destination(800, 600)
[06:06:29.519501] {Default Queue}  -> xdg_surface#14.set_window_geometry(0, 0, 800, 600)
[06:06:29.519505] {Default Queue}  -> wl_surface#10.set_buffer_scale(1)
[06:06:29.519515] {Default Queue}  -> wl_surface#10.attach(wl_buffer#25, 0, 0)
[06:06:29.519519] {Default Queue}  -> wl_surface#10.damage_buffer(0, 0, 2147483647, 2147483647)
[06:06:29.519524] {Default Queue}  -> wl_surface#10.frame(new id wl_callback#26)
[06:06:29.519528] {Default Queue}  -> wl_surface#10.commit()
[06:06:29.535913] {Display Queue} wl_display#1.delete_id(26)
[06:06:29.535944] {Default Queue} wl_buffer#17.release()
[06:06:29.535949] {Default Queue} wl_callback#26.done(62093604)
[06:06:29.536347] {Default Queue}  -> wp_viewport#13.set_destination(800, 600)
[06:06:29.536357] {Default Queue}  -> xdg_surface#14.set_window_geometry(0, 0, 800, 600)
[06:06:29.536362] {Default Queue}  -> wl_surface#10.set_buffer_scale(1)
[06:06:29.536366] {Default Queue}  -> wl_surface#10.attach(wl_buffer#16, 0, 0)
[06:06:29.536370] {Default Queue}  -> wl_surface#10.damage_buffer(0, 0, 2147483647, 2147483647)
[06:06:29.536374] {Default Queue}  -> wl_surface#10.frame(new id wl_callback#26)
[06:06:29.536378] {Default Queue}  -> wl_surface#10.commit()
[06:06:29.552416] {Display Queue} wl_display#1.delete_id(26)
[06:06:29.552430] {Default Queue} wl_buffer#25.release()
[06:06:29.552434] {Default Queue} wl_callback#26.done(62093621)
[06:06:29.552730] {Default Queue}  -> wp_viewport#13.set_destination(800, 600)
[06:06:29.552739] {Default Queue}  -> xdg_surface#14.set_window_geometry(0, 0, 800, 600)
[06:06:29.552744] {Default Queue}  -> wl_surface#10.set_buffer_scale(1)
[06:06:29.552747] {Default Queue}  -> wl_surface#10.attach(wl_buffer#17, 0, 0)
[06:06:29.552750] {Default Queue}  -> wl_surface#10.damage_buffer(0, 0, 2147483647, 2147483647)
[06:06:29.552754] {Default Queue}  -> wl_surface#10.frame(new id wl_callback#26)
[06:06:29.552758] {Default Queue}  -> wl_surface#10.commit()
[06:06:29.569293] {Display Queue} wl_display#1.delete_id(26)
[06:06:29.569306] {Default Queue} wl_buffer#16.release()
[06:06:29.569310] {Default Queue} wl_callback#26.done(62093638)
[06:06:29.569579] {Default Queue}  -> wp_viewport#13.set_destination(800, 600)
[06:06:29.569587] {Default Queue}  -> xdg_surface#14.set_window_geometry(0, 0, 800, 600)
[06:06:29.569591] {Default Queue}  -> wl_surface#10.set_buffer_scale(1)
[06:06:29.569594] {Default Queue}  -> wl_surface#10.attach(wl_buffer#25, 0, 0)
[06:06:29.569597] {Default Queue}  -> wl_surface#10.damage_buffer(0, 0, 2147483647, 2147483647)
[06:06:29.569601] {Default Queue}  -> wl_surface#10.frame(new id wl_callback#26)
[06:06:29.569605] {Default Queue}  -> wl_surface#10.commit()
[06:06:29.585936] {Display Queue} wl_display#1.delete_id(26)
[06:06:29.585957] {Default Queue} wl_buffer#17.release()
[06:06:29.585963] {Default Queue} wl_callback#26.done(62093654)
[06:06:29.586240] {Default Queue}  -> wp_viewport#13.set_destination(800, 600)
[06:06:29.586259] {Default Queue}  -> xdg_surface#14.set_window_geometry(0, 0, 800, 600)
[06:06:29.586263] {Default Queue}  -> wl_surface#10.set_buffer_scale(1)
[06:06:29.586267] {Default Queue}  -> wl_surface#10.attach(wl_buffer#16, 0, 0)
[06:06:29.586270] {Default Queue}  -> wl_surface#10.damage_buffer(0, 0, 2147483647, 2147483647)
[06:06:29.586275] {Default Queue}  -> wl_surface#10.frame(new id wl_callback#26)
[06:06:29.586278] {Default Queue}  -> wl_surface#10.commit()
[06:06:29.602624] {Display Queue} wl_display#1.delete_id(26)
[06:06:29.602646] {Default Queue} wl_buffer#25.release()
[06:06:29.602652] {Default Queue} wl_callback#26.done(62093671)
[06:06:29.602943] {Default Queue}  -> wp_viewport#13.set_destination(800, 600)
[06:06:29.602954] {Default Queue}  -> xdg_surface#14.set_window_geometry(0, 0, 800, 600)
[06:06:29.602958] {Default Queue}  -> wl_surface#10.set_buffer_scale(1)
[06:06:29.602961] {Default Queue}  -> wl_surface#10.attach(wl_buffer#17, 0, 0)
[06:06:29.602965] {Default Queue}  -> wl_surface#10.damage_buffer(0, 0, 2147483647, 2147483647)
[06:06:29.602969] {Default Queue}  -> wl_surface#10.frame(new id wl_callback#26)
[06:06:29.602972] {Default Queue}  -> wl_surface#10.commit()
[06:06:29.606552] {Default Queue} wl_pointer#12.motion(62094248, 274.00000000, 207.00000000)
[06:06:29.606650] {Default Queue} wl_pointer#12.frame()
[06:06:29.606671] {Default Queue} wl_pointer#12.button(5, 62094249, 272, 1)
[06:06:29.606727] {Default Queue} wl_pointer#12.frame()
[06:06:29.606731] {Default Queue} wl_pointer#12.button(6, 62094249, 272, 0)
[06:06:29.606743] {Default Queue} wl_pointer#12.frame()
[06:06:29.606746] {Default Queue} wl_pointer#12.frame()
[06:06:29.607761] {Default Queue}  -> zwp_linux_dmabuf_v1#8.create_params(new id zwp_linux_buffer_params_v1#18)
[06:06:29.607778] {Default Queue}  -> zwp_linux_buffer_params_v1#18.add(fd 60, 0, 0, 512, 16777216, 15)
[06:06:29.607785] {Default Queue}  -> zwp_linux_buffer_params_v1#18.add(fd 61, 1, 16384, 64, 16777216, 15)
[06:06:29.607788] {Default Queue}  -> zwp_linux_buffer_params_v1#18.add(fd 63, 2, 20480, 64, 16777216, 15)
[06:06:29.607792] {Default Queue}  -> zwp_linux_buffer_params_v1#18.create_immed(new id wl_buffer#24, 24, 24, 875713089, 0)
[06:06:29.607797] {Default Queue}  -> wl_buffer#23.destroy()
[06:06:29.607801] {Default Queue}  -> zwp_linux_buffer_params_v1#18.destroy()
[06:06:29.607804] {Default Queue}  -> wl_surface#19.set_buffer_scale(1)
[06:06:29.607807] {Default Queue}  -> wl_surface#19.set_buffer_transform(0)
[06:06:29.607810] {Default Queue}  -> wl_surface#19.attach(wl_buffer#24, 0, 0)
[06:06:29.607813] {Default Queue}  -> wl_surface#19.damage(0, 0, 2147483647, 2147483647)
[06:06:29.607816] {Default Queue}  -> wl_surface#19.commit()
[06:06:29.607819] {Default Queue}  -> wl_pointer#12.set_cursor(4, wl_surface#19, 3, 1)
[06:06:29.619398] {Display Queue} wl_display#1.delete_id(26)
[06:06:29.619416] {Default Queue} wl_buffer#16.release()
[06:06:29.619420] {Default Queue} wl_callback#26.done(62093688)
[06:06:29.619846] {Default Queue}  -> wp_viewport#13.set_destination(800, 600)
[06:06:29.619856] {Default Queue}  -> xdg_surface#14.set_window_geometry(0, 0, 800, 600)
[06:06:29.619860] {Default Queue}  -> wl_surface#10.set_buffer_scale(1)
[06:06:29.619865] {Default Queue}  -> wl_surface#10.attach(wl_buffer#25, 0, 0)
[06:06:29.619868] {Default Queue}  -> wl_surface#10.damage_buffer(0, 0, 2147483647, 2147483647)
[06:06:29.619873] {Default Queue}  -> wl_surface#10.frame(new id wl_callback#26)
[06:06:29.619877] {Default Queue}  -> wl_surface#10.commit()
[06:06:29.636007] {Display Queue} wl_display#1.delete_id(23)
[06:06:29.636027] {Display Queue} wl_display#1.delete_id(18)
[06:06:29.636032] {Display Queue} wl_display#1.delete_id(26)
[06:06:29.636035] {Default Queue} wl_buffer#17.release()
[06:06:29.636039] {Default Queue} wl_callback#26.done(62093704)
[06:06:29.636380] {Default Queue}  -> wp_viewport#13.set_destination(800, 600)
[06:06:29.636390] {Default Queue}  -> xdg_surface#14.set_window_geometry(0, 0, 800, 600)
[06:06:29.636401] {Default Queue}  -> wl_surface#10.set_buffer_scale(1)
[06:06:29.636411] {Default Queue}  -> wl_surface#10.attach(wl_buffer#16, 0, 0)
[06:06:29.636415] {Default Queue}  -> wl_surface#10.damage_buffer(0, 0, 2147483647, 2147483647)
[06:06:29.636420] {Default Queue}  -> wl_surface#10.frame(new id wl_callback#26)
[06:06:29.636423] {Default Queue}  -> wl_surface#10.commit()
[06:06:29.650845] {Default Queue}  -> zwp_linux_dmabuf_v1#8.create_params(new id zwp_linux_buffer_params_v1#18)
[06:06:29.650870] {Default Queue}  -> zwp_linux_buffer_params_v1#18.add(fd 59, 0, 0, 512, 16777216, 15)
[06:06:29.650877] {Default Queue}  -> zwp_linux_buffer_params_v1#18.add(fd 60, 1, 16384, 64, 16777216, 15)
[06:06:29.650881] {Default Queue}  -> zwp_linux_buffer_params_v1#18.add(fd 61, 2, 20480, 64, 16777216, 15)
[06:06:29.650885] {Default Queue}  -> zwp_linux_buffer_params_v1#18.create_immed(new id wl_buffer#23, 24, 24, 875713089, 0)
[06:06:29.650891] {Default Queue}  -> wl_buffer#24.destroy()
[06:06:29.650896] {Default Queue}  -> zwp_linux_buffer_params_v1#18.destroy()
[06:06:29.650899] {Default Queue}  -> wl_surface#19.set_buffer_scale(1)
[06:06:29.650903] {Default Queue}  -> wl_surface#19.set_buffer_transform(0)
[06:06:29.650906] {Default Queue}  -> wl_surface#19.attach(wl_buffer#23, 0, 0)
[06:06:29.650910] {Default Queue}  -> wl_surface#19.damage(0, 0, 2147483647, 2147483647)
[06:06:29.650913] {Default Queue}  -> wl_surface#19.commit()
[06:06:29.650916] {Default Queue}  -> wl_pointer#12.set_cursor(4, wl_surface#19, 3, 1)
[06:06:29.652695] {Display Queue} wl_display#1.delete_id(26)
[06:06:29.652704] {Default Queue} wl_buffer#25.release()
[06:06:29.652708] {Default Queue} wl_callback#26.done(62093721)
[06:06:29.652929] {Default Queue}  -> wp_viewport#13.set_destination(800, 600)
[06:06:29.652938] {Default Queue}  -> xdg_surface#14.set_window_geometry(0, 0, 800, 600)
[06:06:29.652942] {Default Queue}  -> wl_surface#10.set_buffer_scale(1)
[06:06:29.652946] {Default Queue}  -> wl_surface#10.attach(wl_buffer#17, 0, 0)
[06:06:29.652949] {Default Queue}  -> wl_surface#10.damage_buffer(0, 0, 2147483647, 2147483647)
[06:06:29.652954] {Default Queue}  -> wl_surface#10.frame(new id wl_callback#26)
[06:06:29.652957] {Default Queue}  -> wl_surface#10.commit()
[06:06:29.669422] {Display Queue} wl_display#1.delete_id(24)
[06:06:29.669451] {Display Queue} wl_display#1.delete_id(18)
[06:06:29.669455] {Display Queue} wl_display#1.delete_id(26)
[06:06:29.669458] {Default Queue} wl_buffer#16.release()
[06:06:29.669462] {Default Queue} wl_callback#26.done(62093738)
[06:06:29.669765] {Default Queue}  -> wp_viewport#13.set_destination(800, 600)
[06:06:29.669775] {Default Queue}  -> xdg_surface#14.set_window_geometry(0, 0, 800, 600)
[06:06:29.669780] {Default Queue}  -> wl_surface#10.set_buffer_scale(1)
[06:06:29.669784] {Default Queue}  -> wl_surface#10.attach(wl_buffer#25, 0, 0)
[06:06:29.669788] {Default Queue}  -> wl_surface#10.damage_buffer(0, 0, 2147483647, 2147483647)
[06:06:29.669792] {Default Queue}  -> wl_surface#10.frame(new id wl_callback#26)
[06:06:29.669797] {Default Queue}  -> wl_surface#10.commit()
[06:06:29.686089] {Display Queue} wl_display#1.delete_id(26)
[06:06:29.686114] {Default Queue} wl_buffer#17.release()
[06:06:29.686121] {Default Queue} wl_callback#26.done(62093754)
[06:06:29.686446] {Default Queue}  -> wp_viewport#13.set_destination(800, 600)
[06:06:29.686457] {Default Queue}  -> xdg_surface#14.set_window_geometry(0, 0, 800, 600)
[06:06:29.686462] {Default Queue}  -> wl_surface#10.set_buffer_scale(1)
[06:06:29.686466] {Default Queue}  -> wl_surface#10.attach(wl_buffer#16, 0, 0)
[06:06:29.686470] {Default Queue}  -> wl_surface#10.damage_buffer(0, 0, 2147483647, 2147483647)
[06:06:29.686476] {Default Queue}  -> wl_surface#10.frame(new id wl_callback#26)
[06:06:29.686481] {Default Queue}  -> wl_surface#10.commit()
[06:06:29.702768] {Display Queue} wl_display#1.delete_id(26)
[06:06:29.702790] {Default Queue} wl_buffer#25.release()
[06:06:29.702796] {Default Queue} wl_callback#26.done(62093771)
[06:06:29.703082] {Default Queue}  -> wp_viewport#13.set_destination(800, 600)
[06:06:29.703103] {Default Queue}  -> xdg_surface#14.set_window_geometry(0, 0, 800, 600)
[06:06:29.703108] {Default Queue}  -> wl_surface#10.set_buffer_scale(1)
[06:06:29.703112] {Default Queue}  -> wl_surface#10.attach(wl_buffer#17, 0, 0)
[06:06:29.703116] {Default Queue}  -> wl_surface#10.damage_buffer(0, 0, 2147483647, 2147483647)
[06:06:29.703121] {Default Queue}  -> wl_surface#10.frame(new id wl_callback#26)
[06:06:29.703126] {Default Queue}  -> wl_surface#10.commit()
[06:06:29.719303] {Display Queue} wl_display#1.delete_id(26)
[06:06:29.719323] {Default Queue} wl_buffer#16.release()
[06:06:29.719328] {Default Queue} wl_callback#26.done(62093788)
[06:06:29.719578] {Default Queue}  -> wp_viewport#13.set_destination(800, 600)
[06:06:29.719588] {Default Queue}  -> xdg_surface#14.set_window_geometry(0, 0, 800, 600)
[06:06:29.719593] {Default Queue}  -> wl_surface#10.set_buffer_scale(1)
[06:06:29.719597] {Default Queue}  -> wl_surface#10.attach(wl_buffer#25, 0, 0)
[06:06:29.719600] {Default Queue}  -> wl_surface#10.damage_buffer(0, 0, 2147483647, 2147483647)
[06:06:29.719605] {Default Queue}  -> wl_surface#10.frame(new id wl_callback#26)
[06:06:29.719609] {Default Queue}  -> wl_surface#10.commit()
[06:06:29.736018] {Display Queue} wl_display#1.delete_id(26)
[06:06:29.736045] {Default Queue} wl_buffer#17.release()
[06:06:29.736051] {Default Queue} wl_callback#26.done(62093804)
[06:06:29.736366] {Default Queue}  -> wp_viewport#13.set_destination(800, 600)
[06:06:29.736378] {Default Queue}  -> xdg_surface#14.set_window_geometry(0, 0, 800, 600)
[06:06:29.736383] {Default Queue}  -> wl_surface#10.set_buffer_scale(1)
[06:06:29.736387] {Default Queue}  -> wl_surface#10.attach(wl_buffer#16, 0, 0)
[06:06:29.736391] {Default Queue}  -> wl_surface#10.damage_buffer(0, 0, 2147483647, 2147483647)
[06:06:29.736396] {Default Queue}  -> wl_surface#10.frame(new id wl_callback#26)
[06:06:29.736403] {Default Queue}  -> wl_surface#10.commit()
[06:06:29.752690] {Display Queue} wl_display#1.delete_id(26)
[06:06:29.752717] {Default Queue} wl_buffer#25.release()
[06:06:29.752724] {Default Queue} wl_callback#26.done(62093821)
[06:06:29.753065] {Default Queue}  -> wp_viewport#13.set_destination(800, 600)
[06:06:29.753077] {Default Queue}  -> xdg_surface#14.set_window_geometry(0, 0, 800, 600)
[06:06:29.753083] {Default Queue}  -> wl_surface#10.set_buffer_scale(1)
[06:06:29.753088] {Default Queue}  -> wl_surface#10.attach(wl_buffer#17, 0, 0)
[06:06:29.753093] {Default Queue}  -> wl_surface#10.damage_buffer(0, 0, 2147483647, 2147483647)
[06:06:29.753098] {Default Queue}  -> wl_surface#10.frame(new id wl_callback#26)
[06:06:29.753103] {Default Queue}  -> wl_surface#10.commit()
[06:06:29.761435] {Default Queue}  -> xdg_toplevel#15.destroy()
[06:06:29.761472] {Default Queue}  -> xdg_surface#14.destroy()
[06:06:29.761480] {Default Queue}  -> wp_viewport#13.destroy()
[06:06:29.761486] {Default Queue}  -> wl_surface#10.destroy()
[06:06:29.761497] {Default Queue}  -> wl_buffer#23.destroy()
[06:06:29.761502] {Default Queue}  -> wl_surface#19.destroy()
[06:06:29.761528] {Default Queue}  -> wl_buffer#17.destroy()
[06:06:29.761534] {Default Queue}  -> wl_buffer#25.destroy()
[06:06:29.761538] {Default Queue}  -> wl_buffer#16.destroy()
[06:06:29.761570] {Default Queue}  -> wp_viewporter#5.destroy()
[06:06:29.761580] {Default Queue}  -> wl_keyboard#3.release()
[06:06:29.761590] {Default Queue}  -> wl_pointer#12.release()
[06:06:29.761600] {Default Queue}  -> zwp_linux_dmabuf_feedback_v1#9.destroy()
[06:06:29.761606] {Default Queue}  -> zwp_linux_dmabuf_v1#8.destroy()
[06:06:29.761612] {Default Queue}  -> wl_shm#6.release()
[06:06:29.761617] {Default Queue}  -> wl_compositor#4.release()
[06:06:29.761622] {Default Queue}  -> xdg_wm_base#11.destroy()
[06:06:29.761627] {Default Queue}  -> wl_seat#7.release()
