dbus-daemon[3893913]: [session uid=1000 pid=3893913 pidfd=4] Activating service name='org.a11y.Bus' requested by ':1.0' (uid=1000 pid=3894005 comm="gdbus call --session --dest org.a11y.Bus --object-")
dbus-daemon[3893913]: [session uid=1000 pid=3893913 pidfd=4] Successfully activated service 'org.a11y.Bus'
dbus-daemon[3893913]: [session uid=1000 pid=3893913 pidfd=4] Activating service name='org.freedesktop.systemd1' requested by ':1.3' (uid=1000 pid=3894017 comm="/usr/bin/dbus-broker-launch --config-file=/usr/sha")
dbus-daemon[3893913]: [session uid=1000 pid=3893913 pidfd=4] Activated service 'org.freedesktop.systemd1' failed: Process org.freedesktop.systemd1 exited with status 1
dbus-daemon[3893913]: [session uid=1000 pid=3893913 pidfd=4] Connection :1.4 (uid=1000 pid=3894032 comm="dbus-monitor --session type='signal',interface='or") became a monitor.
dbus-daemon[3893913]: [session uid=1000 pid=3893913 pidfd=4] Activating service name='org.freedesktop.portal.Desktop' requested by ':1.18' (uid=1000 pid=3894484 comm="python3 /home/hoskinson/window-integration-qa/reco")
dbus-daemon[3893913]: [session uid=1000 pid=3893913 pidfd=4] Activating service name='org.freedesktop.impl.portal.PermissionStore' requested by ':1.19' (uid=1000 pid=3894491 comm="/usr/lib/xdg-desktop-portal")
dbus-daemon[3893913]: [session uid=1000 pid=3893913 pidfd=4] Successfully activated service 'org.freedesktop.impl.portal.PermissionStore'
dbus-daemon[3893913]: [session uid=1000 pid=3893913 pidfd=4] Activating service name='org.freedesktop.portal.Documents' requested by ':1.19' (uid=1000 pid=3894491 comm="/usr/lib/xdg-desktop-portal")
dbus-daemon[3893913]: [session uid=1000 pid=3893913 pidfd=4] Successfully activated service 'org.freedesktop.portal.Documents'
dbus-daemon[3893913]: [session uid=1000 pid=3893913 pidfd=4] Activating service name='org.freedesktop.impl.portal.desktop.gtk' requested by ':1.19' (uid=1000 pid=3894491 comm="/usr/lib/xdg-desktop-portal")
dbus-daemon[3893913]: [session uid=1000 pid=3893913 pidfd=4] Activating service name='org.gtk.vfs.Daemon' requested by ':1.22' (uid=1000 pid=3894514 comm="/usr/lib/xdg-desktop-portal-gtk")
dbus-daemon[3893913]: [session uid=1000 pid=3893913 pidfd=4] Successfully activated service 'org.gtk.vfs.Daemon'
dbus-daemon[3893913]: [session uid=1000 pid=3893913 pidfd=4] Successfully activated service 'org.freedesktop.impl.portal.desktop.gtk'

(/usr/lib/xdg-desktop-portal:3894491): xdg-desktop-portal-WARNING **: 04:26:44.492: Failed to load RealtimeKit property: GDBus.Error:org.freedesktop.DBus.Error.ServiceUnknown: The name is not activatable

(/usr/lib/xdg-desktop-portal:3894491): xdg-desktop-portal-WARNING **: 04:26:44.492: Failed to load RealtimeKit property: GDBus.Error:org.freedesktop.DBus.Error.ServiceUnknown: The name is not activatable

(/usr/lib/xdg-desktop-portal:3894491): xdg-desktop-portal-WARNING **: 04:26:44.492: Failed to load RealtimeKit property: GDBus.Error:org.freedesktop.DBus.Error.ServiceUnknown: The name is not activatable

(/usr/lib/xdg-desktop-portal:3894491): xdg-desktop-portal-WARNING **: 04:26:44.497: Failed to connect to PipeWire: Couldn't connect to PipeWire
dbus-daemon[3893913]: [session uid=1000 pid=3893913 pidfd=4] Activating service name='org.freedesktop.impl.portal.desktop.hyprland' requested by ':1.19' (uid=1000 pid=3894491 comm="/usr/lib/xdg-desktop-portal")
dbus-daemon[3893913]: [session uid=1000 pid=3893913 pidfd=4] Successfully activated service 'org.freedesktop.impl.portal.desktop.hyprland'
[LOG] Initializing xdph...
[LOG] XDG_CURRENT_DESKTOP set to Hyprland
[LOG] Gathering exported interfaces
[LOG]  | Got interface: wl_seat (ver 9)
[LOG]  | Got interface: wl_data_device_manager (ver 3)
[LOG]  | Got interface: wl_compositor (ver 6)
[LOG]  | Got interface: wl_subcompositor (ver 1)
[LOG]  | Got interface: wl_shm (ver 2)
[LOG]  | Got interface: wp_viewporter (ver 1)
[LOG]  | Got interface: wp_tearing_control_manager_v1 (ver 1)
[LOG]  | Got interface: wp_fractional_scale_manager_v1 (ver 1)
[LOG]  | Got interface: zxdg_output_manager_v1 (ver 3)
[LOG]  | Got interface: wp_cursor_shape_manager_v1 (ver 2)
[LOG]  | Got interface: zwp_idle_inhibit_manager_v1 (ver 1)
[LOG]  | Got interface: zwp_relative_pointer_manager_v1 (ver 1)
[LOG]  | Got interface: zxdg_decoration_manager_v1 (ver 2)
[LOG]  | Got interface: wp_alpha_modifier_v1 (ver 1)
[LOG]  | Got interface: zwlr_gamma_control_manager_v1 (ver 1)
[LOG]  | Got interface: ext_foreign_toplevel_list_v1 (ver 1)
[LOG]  | Got interface: zwp_pointer_gestures_v1 (ver 3)
[LOG]  | Got interface: zwlr_foreign_toplevel_manager_v1 (ver 3)
[LOG] [toplevel] (activate) locks: 1
[LOG]  | Got interface: zwp_keyboard_shortcuts_inhibit_manager_v1 (ver 1)
[LOG]  | Got interface: zwp_text_input_manager_v1 (ver 1)
[LOG]  | Got interface: zwp_text_input_manager_v3 (ver 1)
[LOG]  | Got interface: zwp_pointer_constraints_v1 (ver 1)
[LOG]  | Got interface: zwlr_output_power_manager_v1 (ver 1)
[LOG]  | Got interface: xdg_activation_v1 (ver 1)
[LOG]  | Got interface: ext_idle_notifier_v1 (ver 2)
[LOG]  | Got interface: hyprland_lock_notifier_v1 (ver 1)
[LOG]  | Got interface: ext_session_lock_manager_v1 (ver 1)
[LOG]  | Got interface: zwp_input_method_manager_v2 (ver 1)
[LOG]  | Got interface: zwp_virtual_keyboard_manager_v1 (ver 1)
[LOG]  | Got interface: zwlr_virtual_pointer_manager_v1 (ver 2)
[LOG]  | Got interface: zwlr_output_manager_v1 (ver 4)
[LOG]  | Got interface: org_kde_kwin_server_decoration_manager (ver 1)
[LOG]  | Got interface: hyprland_focus_grab_manager_v1 (ver 1)
[LOG]  | Got interface: zwp_tablet_manager_v2 (ver 1)
[LOG]  | Got interface: zwlr_layer_shell_v1 (ver 5)
[LOG]  | Got interface: wp_presentation (ver 2)
[LOG]  | Got interface: xdg_wm_base (ver 7)
[LOG]  | Got interface: zwlr_data_control_manager_v1 (ver 2)
[LOG]  | Got interface: zwp_primary_selection_device_manager_v1 (ver 1)
[LOG]  | Got interface: xwayland_shell_v1 (ver 1)
[LOG]  | Got interface: hyprland_toplevel_mapping_manager_v1 (ver 1)
[LOG] [toplevel mapping] registered manager
[LOG]  | Got interface: hyprland_global_shortcuts_manager_v1 (ver 1)
[LOG] [globalshortcuts] registered
[LOG]  | Got interface: xdg_wm_dialog_v1 (ver 1)
[LOG]  | Got interface: wp_single_pixel_buffer_manager_v1 (ver 1)
[LOG]  | Got interface: wp_security_context_manager_v1 (ver 1)
[LOG]  | Got interface: hyprland_ctm_control_manager_v1 (ver 2)
[LOG]  | Got interface: hyprland_input_capture_manager_v1 (ver 1)
[LOG] [input-capture] initializing input capture portal
[LOG] [input-capture] init successful
[LOG]  | Got interface: hyprland_surface_manager_v1 (ver 2)
[LOG]  | Got interface: wp_content_type_manager_v1 (ver 1)
[LOG]  | Got interface: xdg_toplevel_tag_manager_v1 (ver 1)
[LOG]  | Got interface: xdg_system_bell_v1 (ver 1)
[LOG]  | Got interface: vicinae_hotkey_manager_v1 (ver 1)
[LOG]  | Got interface: ext_workspace_manager_v1 (ver 1)
[LOG]  | Got interface: ext_data_control_manager_v1 (ver 1)
[LOG]  | Got interface: wp_pointer_warp_v1 (ver 1)
[LOG]  | Got interface: wp_fifo_manager_v1 (ver 1)
[LOG]  | Got interface: zxdg_exporter_v2 (ver 1)
[LOG]  | Got interface: zxdg_importer_v2 (ver 1)
[LOG]  | Got interface: ext_background_effect_manager_v1 (ver 1)
[LOG]  | Got interface: wp_commit_timing_manager_v1 (ver 1)
[LOG]  | Got interface: zwlr_screencopy_manager_v1 (ver 3)
[ERR] [pipewire] pw didn't allow for a context connection
[LOG] [screencopy] init successful
[LOG]  | Got interface: hyprland_toplevel_export_manager_v1 (ver 2)
[LOG]  | Got interface: ext_output_image_capture_source_manager_v1 (ver 1)
[LOG]  | Got interface: extdbus-daemon[3893913]: [session uid=1000 pid=3893913 pidfd=4] Successfully activated service 'org.freedesktop.portal.Desktop'
dbus-daemon[3893913]: [session uid=1000 pid=3893913 pidfd=4] Monitoring connection :1.4 closed.
