An example execution:

[State 0]
{
  s:
    {
      artifact: false,
      failed: false,
      finished: false,
      nativeOwned: true,
      policy: 1,
      scope: { epoch: 2, navigation: 2, projection: 2, view: 2 },
      stale: false
    }
}

[State 1]
{
  s:
    {
      artifact: false,
      failed: false,
      finished: true,
      nativeOwned: true,
      policy: 1,
      scope: { epoch: 2, navigation: 2, projection: 2, view: 2 },
      stale: true
    }
}

[State 2]
{
  s:
    {
      artifact: false,
      failed: false,
      finished: true,
      nativeOwned: true,
      policy: 1,
      scope: { epoch: 2, navigation: 2, projection: 2, view: 2 },
      stale: true
    }
}

[State 3]
{
  s:
    {
      artifact: false,
      failed: false,
      finished: true,
      nativeOwned: true,
      policy: 1,
      scope: { epoch: 2, navigation: 2, projection: 2, view: 2 },
      stale: true
    }
}

[State 4]
{
  s:
    {
      artifact: false,
      failed: false,
      finished: true,
      nativeOwned: true,
      policy: 1,
      scope: { epoch: 2, navigation: 2, projection: 2, view: 2 },
      stale: true
    }
}

[State 5]
{
  s:
    {
      artifact: false,
      failed: false,
      finished: true,
      nativeOwned: true,
      policy: 1,
      scope: { epoch: 2, navigation: 2, projection: 2, view: 2 },
      stale: true
    }
}

[State 6]
{
  s:
    {
      artifact: false,
      failed: false,
      finished: true,
      nativeOwned: true,
      policy: 1,
      scope: { epoch: 2, navigation: 2, projection: 2, view: 2 },
      stale: true
    }
}

[State 7]
{
  s:
    {
      artifact: false,
      failed: false,
      finished: true,
      nativeOwned: true,
      policy: 1,
      scope: { epoch: 2, navigation: 2, projection: 2, view: 2 },
      stale: true
    }
}

[State 8]
{
  s:
    {
      artifact: false,
      failed: false,
      finished: true,
      nativeOwned: true,
      policy: 1,
      scope: { epoch: 2, navigation: 2, projection: 2, view: 2 },
      stale: true
    }
}

[State 9]
{
  s:
    {
      artifact: false,
      failed: false,
      finished: true,
      nativeOwned: true,
      policy: 1,
      scope: { epoch: 2, navigation: 2, projection: 2, view: 2 },
      stale: true
    }
}

[State 10]
{
  s:
    {
      artifact: false,
      failed: false,
      finished: true,
      nativeOwned: true,
      policy: 1,
      scope: { epoch: 2, navigation: 2, projection: 2, view: 2 },
      stale: true
    }
}

[State 11]
{
  s:
    {
      artifact: false,
      failed: false,
      finished: true,
      nativeOwned: true,
      policy: 1,
      scope: { epoch: 2, navigation: 2, projection: 2, view: 2 },
      stale: true
    }
}

[State 12]
{
  s:
    {
      artifact: false,
      failed: false,
      finished: true,
      nativeOwned: true,
      policy: 1,
      scope: { epoch: 2, navigation: 2, projection: 2, view: 2 },
      stale: true
    }
}

[State 13]
{
  s:
    {
      artifact: false,
      failed: false,
      finished: true,
      nativeOwned: true,
      policy: 1,
      scope: { epoch: 2, navigation: 2, projection: 2, view: 2 },
      stale: true
    }
}

[State 14]
{
  s:
    {
      artifact: false,
      failed: false,
      finished: true,
      nativeOwned: true,
      policy: 1,
      scope: { epoch: 2, navigation: 2, projection: 2, view: 2 },
      stale: true
    }
}

[State 15]
{
  s:
    {
      artifact: false,
      failed: false,
      finished: true,
      nativeOwned: true,
      policy: 1,
      scope: { epoch: 2, navigation: 2, projection: 2, view: 2 },
      stale: true
    }
}

[State 16]
{
  s:
    {
      artifact: false,
      failed: false,
      finished: true,
      nativeOwned: true,
      policy: 1,
      scope: { epoch: 2, navigation: 2, projection: 2, view: 2 },
      stale: true
    }
}

[State 17]
{
  s:
    {
      artifact: false,
      failed: false,
      finished: true,
      nativeOwned: true,
      policy: 1,
      scope: { epoch: 2, navigation: 2, projection: 2, view: 2 },
      stale: true
    }
}

[State 18]
{
  s:
    {
      artifact: false,
      failed: false,
      finished: true,
      nativeOwned: true,
      policy: 1,
      scope: { epoch: 2, navigation: 2, projection: 2, view: 2 },
      stale: true
    }
}

[State 19]
{
  s:
    {
      artifact: false,
      failed: false,
      finished: true,
      nativeOwned: true,
      policy: 1,
      scope: { epoch: 2, navigation: 2, projection: 2, view: 2 },
      stale: true
    }
}

[State 20]
{
  s:
    {
      artifact: false,
      failed: false,
      finished: true,
      nativeOwned: true,
      policy: 1,
      scope: { epoch: 2, navigation: 2, projection: 2, view: 2 },
      stale: true
    }
}

[State 21]
{
  s:
    {
      artifact: false,
      failed: false,
      finished: true,
      nativeOwned: true,
      policy: 1,
      scope: { epoch: 2, navigation: 2, projection: 2, view: 2 },
      stale: true
    }
}

[State 22]
{
  s:
    {
      artifact: false,
      failed: false,
      finished: true,
      nativeOwned: true,
      policy: 1,
      scope: { epoch: 2, navigation: 2, projection: 2, view: 2 },
      stale: true
    }
}

[State 23]
{
  s:
    {
      artifact: false,
      failed: false,
      finished: true,
      nativeOwned: true,
      policy: 1,
      scope: { epoch: 2, navigation: 2, projection: 2, view: 2 },
      stale: true
    }
}

[State 24]
{
  s:
    {
      artifact: false,
      failed: false,
      finished: true,
      nativeOwned: true,
      policy: 1,
      scope: { epoch: 2, navigation: 2, projection: 2, view: 2 },
      stale: true
    }
}

[State 25]
{
  s:
    {
      artifact: false,
      failed: false,
      finished: true,
      nativeOwned: true,
      policy: 1,
      scope: { epoch: 2, navigation: 2, projection: 2, view: 2 },
      stale: true
    }
}

[State 26]
{
  s:
    {
      artifact: false,
      failed: false,
      finished: true,
      nativeOwned: true,
      policy: 1,
      scope: { epoch: 2, navigation: 2, projection: 2, view: 2 },
      stale: true
    }
}

[State 27]
{
  s:
    {
      artifact: false,
      failed: false,
      finished: true,
      nativeOwned: true,
      policy: 1,
      scope: { epoch: 2, navigation: 2, projection: 2, view: 2 },
      stale: true
    }
}

[State 28]
{
  s:
    {
      artifact: false,
      failed: false,
      finished: true,
      nativeOwned: true,
      policy: 1,
      scope: { epoch: 2, navigation: 2, projection: 2, view: 2 },
      stale: true
    }
}

[State 29]
{
  s:
    {
      artifact: false,
      failed: false,
      finished: true,
      nativeOwned: true,
      policy: 1,
      scope: { epoch: 2, navigation: 2, projection: 2, view: 2 },
      stale: true
    }
}

[State 30]
{
  s:
    {
      artifact: false,
      failed: false,
      finished: true,
      nativeOwned: true,
      policy: 1,
      scope: { epoch: 2, navigation: 2, projection: 2, view: 2 },
      stale: true
    }
}

[State 31]
{
  s:
    {
      artifact: false,
      failed: false,
      finished: true,
      nativeOwned: true,
      policy: 1,
      scope: { epoch: 2, navigation: 2, projection: 2, view: 2 },
      stale: true
    }
}

[State 32]
{
  s:
    {
      artifact: false,
      failed: false,
      finished: true,
      nativeOwned: true,
      policy: 1,
      scope: { epoch: 2, navigation: 2, projection: 2, view: 2 },
      stale: true
    }
}

[ok] No violation found (244ms at 820 traces/second).
Trace length statistics: max=33, min=33, average=33.00
You may increase --max-samples and --max-steps.
Use --verbosity to produce more (or less) output.
