Date: 2026-10-03 MDT
[19:19:48.875] weston 15.0.1
               https://wayland.freedesktop.org
               Bug reports to: https://gitlab.freedesktop.org/wayland/weston/issues/
               Build: 15.0.1
[19:19:48.875] Command line: /home/hoskinson/window-integration-qa/private-weston-host-v2/prefix/usr/bin/weston --backend=headless --renderer=gl --shell=kiosk-shell.so --fake-seat --no-config --socket=weston-host --width=800 --height=600 --scale=1 --idle-time=0 --log=/home/hoskinson/window-integration-qa/elm-gui-effects-1791076788726299421/weston-renderer.log
[19:19:48.875] OS: Linux, 7.2.7-1-omarchy, #1 SMP PREEMPT_DYNAMIC Sun, 27 Sep 2026 22:42:08 +0000, x86_64
[19:19:48.875] Flight recorder: enabled, scopes subscribed: log
[19:19:48.875] Starting with no config file.
[19:19:48.875] Output repaint window is 7 ms maximum.
[19:19:48.875] Loading module '/home/hoskinson/window-integration-qa/private-weston-host-v2/prefix/usr/lib/libweston-15/headless-backend.so'
[19:19:48.880] Loading module '/home/hoskinson/window-integration-qa/private-weston-host-v2/prefix/usr/lib/libweston-15/gl-renderer.so'
[19:19:48.895] Using rendering device: /dev/dri/renderD129
[19:19:48.898] EGL version: 1.5
[19:19:48.898] EGL vendor: Mesa Project
[19:19:48.898] EGL client APIs: OpenGL OpenGL_ES 
[19:19:48.898] EGL features:
               EGL Wayland extension: no
               context priority: yes
               buffer age: no
               partial update: yes
               swap buffers with damage: no
               configless context: yes
               surfaceless context: yes
               dmabuf support: modifiers
               fence sync: yes (native, wait)
[19:19:48.900] GL version: OpenGL ES 3.2 Mesa 26.2.2-arch1.1
[19:19:48.900] GLSL version: OpenGL ES GLSL ES 3.20
[19:19:48.900] GL vendor: Intel
[19:19:48.900] GL renderer: Mesa Intel(R) Graphics (ARL)
[19:19:48.906] GL ES 3.2 - renderer features:
               read-back format: ARGB8888
               glReadPixels supports y-flip: yes
               glReadPixels supports PBO: yes
               wl_shm 10 bpc formats: yes
               wl_shm 16 bpc formats: yes
               wl_shm half-float formats: yes
               internal R and RG formats: yes
               OES_EGL_image_external: yes
               GPU timeline: yes
               Texture immutability: yes
               Required precision: yes
[19:19:48.906] Using GL renderer
[19:19:48.906] Registered plugin API 'weston_windowed_output_api_headless_v2' of size 16
[19:19:48.906] Color manager: no-op
                 protocol support: no
[19:19:48.906] Output 'headless' attempts EOTF mode SDR and colorimetry mode default.
[19:19:48.906] Output 'headless' using color profile: stock sRGB color profile
[19:19:48.906] Output 'headless' enabled with head(s) headless
[19:19:48.906] Compositor capabilities:
               arbitrary surface rotation: yes
               screen capture uses y-flip: yes
               cursor planes: no
               arbitrary resolutions: no
               view mask clipping: yes
               explicit sync: yes
               color operations: yes
               color representation: yes
               presentation clock: CLOCK_MONOTONIC_RAW, id 4
               presentation clock resolution: 0.000000001 s
[19:19:48.906] Loading module '/home/hoskinson/window-integration-qa/private-weston-host-v2/prefix/usr/lib/weston/kiosk-shell.so'
[19:19:53.362] caught signal 15
