{"event":"ack-configure","sequence":1,"controlSequence":0,"rootCommits":1,"childCommits":0,"serial":17,"width":320,"height":240,"monotonicNs":214422784271415}
{"event":"buffercommit","sequence":2,"controlSequence":0,"rootCommits":2,"childCommits":0,"serial":17,"width":320,"height":240,"monotonicNs":214422784382562}
{"event":"ready","sequence":3,"controlSequence":0,"rootCommits":2,"childCommits":0,"serial":17,"width":320,"height":240,"monotonicNs":214422784392504}
{"event":"buffer-release","sequence":4,"controlSequence":0,"rootCommits":2,"childCommits":0,"serial":17,"width":320,"height":240,"monotonicNs":214422784826479}
{"event":"ack-configure","sequence":5,"controlSequence":0,"rootCommits":2,"childCommits":0,"serial":18,"width":320,"height":240,"monotonicNs":214422784838354}
{"event":"buffercommit","sequence":6,"controlSequence":0,"rootCommits":3,"childCommits":0,"serial":18,"width":320,"height":240,"monotonicNs":214422784941305}
{"event":"buffer-release","sequence":7,"controlSequence":0,"rootCommits":3,"childCommits":0,"serial":18,"width":320,"height":240,"monotonicNs":214422785062881}
{"event":"ack-configure","sequence":8,"controlSequence":0,"rootCommits":3,"childCommits":0,"serial":35,"width":320,"height":240,"monotonicNs":214428471586584}
{"event":"buffercommit","sequence":9,"controlSequence":0,"rootCommits":4,"childCommits":0,"serial":35,"width":320,"height":240,"monotonicNs":214428471716516}
{"event":"buffer-release","sequence":10,"controlSequence":0,"rootCommits":4,"childCommits":0,"serial":35,"width":320,"height":240,"monotonicNs":214428472531316}
{"event":"ack-configure","sequence":11,"controlSequence":0,"rootCommits":4,"childCommits":0,"serial":38,"width":320,"height":240,"monotonicNs":214428484095654}
{"event":"buffercommit","sequence":12,"controlSequence":0,"rootCommits":5,"childCommits":0,"serial":38,"width":320,"height":240,"monotonicNs":214428484214651}
{"event":"buffer-release","sequence":13,"controlSequence":0,"rootCommits":5,"childCommits":0,"serial":38,"width":320,"height":240,"monotonicNs":214428484845828}
{"event":"ack-configure","sequence":14,"controlSequence":0,"rootCommits":5,"childCommits":0,"serial":52,"width":320,"height":240,"monotonicNs":214434818507301}
{"event":"buffercommit","sequence":15,"controlSequence":0,"rootCommits":6,"childCommits":0,"serial":52,"width":320,"height":240,"monotonicNs":214434818764361}
{"event":"buffer-release","sequence":16,"controlSequence":0,"rootCommits":6,"childCommits":0,"serial":52,"width":320,"height":240,"monotonicNs":214434819328056}
{"event":"ack-configure","sequence":17,"controlSequence":0,"rootCommits":6,"childCommits":0,"serial":55,"width":320,"height":240,"monotonicNs":214434830835440}
{"event":"buffercommit","sequence":18,"controlSequence":0,"rootCommits":7,"childCommits":0,"serial":55,"width":320,"height":240,"monotonicNs":214434831047016}
{"event":"buffer-release","sequence":19,"controlSequence":0,"rootCommits":7,"childCommits":0,"serial":55,"width":320,"height":240,"monotonicNs":214434831302647}
{"event":"ack-configure","sequence":20,"controlSequence":0,"rootCommits":7,"childCommits":0,"serial":57,"width":320,"height":240,"monotonicNs":214435463639334}
{"event":"buffercommit","sequence":21,"controlSequence":0,"rootCommits":8,"childCommits":0,"serial":57,"width":320,"height":240,"monotonicNs":214435463765373}
{"event":"buffer-release","sequence":22,"controlSequence":0,"rootCommits":8,"childCommits":0,"serial":57,"width":320,"height":240,"monotonicNs":214435463884206}
{"event":"ack-configure","sequence":23,"controlSequence":0,"rootCommits":8,"childCommits":0,"serial":131,"width":320,"height":240,"monotonicNs":214450440387267}
{"event":"buffercommit","sequence":24,"controlSequence":0,"rootCommits":9,"childCommits":0,"serial":131,"width":320,"height":240,"monotonicNs":214450440506093}
{"event":"buffer-release","sequence":25,"controlSequence":0,"rootCommits":9,"childCommits":0,"serial":131,"width":320,"height":240,"monotonicNs":214450441379611}
{"event":"ack-configure","sequence":26,"controlSequence":0,"rootCommits":9,"childCommits":0,"serial":132,"width":320,"height":240,"monotonicNs":214450483237242}
{"event":"buffercommit","sequence":27,"controlSequence":0,"rootCommits":10,"childCommits":0,"serial":132,"width":320,"height":240,"monotonicNs":214450483352521}
{"event":"buffer-release","sequence":28,"controlSequence":0,"rootCommits":10,"childCommits":0,"serial":132,"width":320,"height":240,"monotonicNs":214450483590513}
{"event":"ack-configure","sequence":29,"controlSequence":0,"rootCommits":10,"childCommits":0,"serial":139,"width":320,"height":240,"monotonicNs":214450716508784}
{"event":"buffercommit","sequence":30,"controlSequence":0,"rootCommits":11,"childCommits":0,"serial":139,"width":320,"height":240,"monotonicNs":214450716632278}
{"event":"buffer-release","sequence":31,"controlSequence":0,"rootCommits":11,"childCommits":0,"serial":139,"width":320,"height":240,"monotonicNs":214450717209602}
{"event":"ack-configure","sequence":32,"controlSequence":0,"rootCommits":11,"childCommits":0,"serial":150,"width":320,"height":240,"monotonicNs":214451514541479}
{"event":"buffercommit","sequence":33,"controlSequence":0,"rootCommits":12,"childCommits":0,"serial":150,"width":320,"height":240,"monotonicNs":214451514659778}
{"event":"buffer-release","sequence":34,"controlSequence":0,"rootCommits":12,"childCommits":0,"serial":150,"width":320,"height":240,"monotonicNs":214451514778183}
{"event":"ack-configure","sequence":35,"controlSequence":0,"rootCommits":12,"childCommits":0,"serial":154,"width":320,"height":240,"monotonicNs":214451517354990}
{"event":"buffercommit","sequence":36,"controlSequence":0,"rootCommits":13,"childCommits":0,"serial":154,"width":320,"height":240,"monotonicNs":214451517526020}
{"event":"buffer-release","sequence":37,"controlSequence":0,"rootCommits":13,"childCommits":0,"serial":154,"width":320,"height":240,"monotonicNs":214451517792403}
{"event":"ack-configure","sequence":38,"controlSequence":0,"rootCommits":13,"childCommits":0,"serial":157,"width":320,"height":240,"monotonicNs":214451609410685}
{"event":"buffercommit","sequence":39,"controlSequence":0,"rootCommits":14,"childCommits":0,"serial":157,"width":320,"height":240,"monotonicNs":214451609575710}
{"event":"buffer-release","sequence":40,"controlSequence":0,"rootCommits":14,"childCommits":0,"serial":157,"width":320,"height":240,"monotonicNs":214451609817587}
{"event":"request","sequence":41,"controlSequence":1,"rootCommits":14,"childCommits":0,"serial":157,"width":320,"height":240,"monotonicNs":214452187264045,"command":"quit"}
{"event":"normalexit","sequence":42,"controlSequence":1,"rootCommits":14,"childCommits":0,"serial":157,"width":320,"height":240,"monotonicNs":214452187288853}
