Date: 2026-10-05 MDT
[19:29:10.823] weston 15.0.1
               https://wayland.freedesktop.org
               Bug reports to: https://gitlab.freedesktop.org/wayland/weston/issues/
               Build: 15.0.1
[19:29:10.823] Command line: /home/hoskinson/window-integration-qa/private-weston-host-v2/prefix/usr/bin/weston --backend=headless --renderer=gl --shell=kiosk-shell.so --fake-seat --no-config --socket=weston-host --width=1600 --height=1000 --scale=1 --idle-time=0 --log=/home/hoskinson/window-integration-qa/warlock-client-child-1791250150656111532/weston-renderer.log --modules=/home/hoskinson/omarchy-windows-parity/implementation/elm-shared-held-context-fixture-v170/build-1791131379281957759/parent-input.so
[19:29:10.823] OS: Linux, 7.2.7-1-omarchy, #1 SMP PREEMPT_DYNAMIC Sun, 27 Sep 2026 22:42:08 +0000, x86_64
[19:29:10.823] Flight recorder: enabled, scopes subscribed: log
[19:29:10.823] Starting with no config file.
[19:29:10.823] Output repaint window is 7 ms maximum.
[19:29:10.823] Loading module '/home/hoskinson/window-integration-qa/private-weston-host-v2/prefix/usr/lib/libweston-15/headless-backend.so'
[19:29:10.827] Loading module '/home/hoskinson/window-integration-qa/private-weston-host-v2/prefix/usr/lib/libweston-15/gl-renderer.so'
[19:29:10.843] Using rendering device: /dev/dri/renderD129
[19:29:10.846] EGL version: 1.5
[19:29:10.846] EGL vendor: Mesa Project
[19:29:10.846] EGL client APIs: OpenGL OpenGL_ES 
[19:29:10.846] EGL features:
               EGL Wayland extension: no
               context priority: yes
               buffer age: no
               partial update: yes
               swap buffers with damage: no
               configless context: yes
               surfaceless context: yes
               dmabuf support: modifiers
               fence sync: yes (native, wait)
[19:29:10.847] GL version: OpenGL ES 3.2 Mesa 26.2.2-arch1.1
[19:29:10.847] GLSL version: OpenGL ES GLSL ES 3.20
[19:29:10.847] GL vendor: Intel
[19:29:10.847] GL renderer: Mesa Intel(R) Graphics (ARL)
[19:29:10.853] GL ES 3.2 - renderer features:
               read-back format: ARGB8888
               glReadPixels supports y-flip: yes
               glReadPixels supports PBO: yes
               wl_shm 10 bpc formats: yes
               wl_shm 16 bpc formats: yes
               wl_shm half-float formats: yes
               internal R and RG formats: yes
               OES_EGL_image_external: yes
               GPU timeline: yes
               Texture immutability: yes
               Required precision: yes
[19:29:10.853] Using GL renderer
[19:29:10.853] Registered plugin API 'weston_windowed_output_api_headless_v2' of size 16
[19:29:10.853] Color manager: no-op
                 protocol support: no
[19:29:10.853] Output 'headless' attempts EOTF mode SDR and colorimetry mode default.
[19:29:10.853] Output 'headless' using color profile: stock sRGB color profile
[19:29:10.854] Output 'headless' enabled with head(s) headless
[19:29:10.854] Compositor capabilities:
               arbitrary surface rotation: yes
               screen capture uses y-flip: yes
               cursor planes: no
               arbitrary resolutions: no
               view mask clipping: yes
               explicit sync: yes
               color operations: yes
               color representation: yes
               presentation clock: CLOCK_MONOTONIC_RAW, id 4
               presentation clock resolution: 0.000000001 s
[19:29:10.854] Loading module '/home/hoskinson/window-integration-qa/private-weston-host-v2/prefix/usr/lib/weston/kiosk-shell.so'
[19:29:10.854] Loading module '/home/hoskinson/omarchy-windows-parity/implementation/elm-shared-held-context-fixture-v170/build-1791131379281957759/parent-input.so'
[19:29:46.380] caught signal 15
