{"event":"ack-configure","sequence":1,"controlSequence":0,"rootCommits":1,"childCommits":0,"serial":17,"width":320,"height":240,"monotonicNs":278581795486008}
{"event":"buffercommit","sequence":2,"controlSequence":0,"rootCommits":2,"childCommits":0,"serial":17,"width":320,"height":240,"monotonicNs":278581795628552}
{"event":"ready","sequence":3,"controlSequence":0,"rootCommits":2,"childCommits":0,"serial":17,"width":320,"height":240,"monotonicNs":278581795638218}
{"event":"buffer-release","sequence":4,"controlSequence":0,"rootCommits":2,"childCommits":0,"serial":17,"width":320,"height":240,"monotonicNs":278581796225032}
{"event":"ack-configure","sequence":5,"controlSequence":0,"rootCommits":2,"childCommits":0,"serial":18,"width":320,"height":240,"monotonicNs":278581796240436}
{"event":"ack-configure","sequence":6,"controlSequence":0,"rootCommits":2,"childCommits":0,"serial":35,"width":320,"height":240,"monotonicNs":278587528337887}
{"event":"ack-configure","sequence":7,"controlSequence":0,"rootCommits":2,"childCommits":0,"serial":38,"width":320,"height":240,"monotonicNs":278587541135123}
{"event":"ack-configure","sequence":8,"controlSequence":0,"rootCommits":2,"childCommits":0,"serial":52,"width":320,"height":240,"monotonicNs":278589024821757}
{"event":"ack-configure","sequence":9,"controlSequence":0,"rootCommits":2,"childCommits":0,"serial":55,"width":320,"height":240,"monotonicNs":278589037620907}
{"event":"ack-configure","sequence":10,"controlSequence":0,"rootCommits":2,"childCommits":0,"serial":69,"width":320,"height":240,"monotonicNs":278595411558029}
{"event":"ack-configure","sequence":11,"controlSequence":0,"rootCommits":2,"childCommits":0,"serial":72,"width":320,"height":240,"monotonicNs":278595425854131}
{"event":"ack-configure","sequence":12,"controlSequence":0,"rootCommits":2,"childCommits":0,"serial":74,"width":320,"height":240,"monotonicNs":278596057105559}
{"event":"ack-configure","sequence":13,"controlSequence":0,"rootCommits":2,"childCommits":0,"serial":148,"width":320,"height":240,"monotonicNs":278611365254042}
{"event":"ack-configure","sequence":14,"controlSequence":0,"rootCommits":2,"childCommits":0,"serial":149,"width":320,"height":240,"monotonicNs":278611407695919}
{"event":"ack-configure","sequence":15,"controlSequence":0,"rootCommits":2,"childCommits":0,"serial":187,"width":320,"height":240,"monotonicNs":278624019878531}
{"event":"ack-configure","sequence":16,"controlSequence":0,"rootCommits":2,"childCommits":0,"serial":264,"width":320,"height":240,"monotonicNs":278643764167609}
{"event":"ack-configure","sequence":17,"controlSequence":0,"rootCommits":2,"childCommits":0,"serial":267,"width":320,"height":240,"monotonicNs":278643765899316}
{"event":"ack-configure","sequence":18,"controlSequence":0,"rootCommits":2,"childCommits":0,"serial":268,"width":320,"height":240,"monotonicNs":278643791517198}
{"event":"ack-configure","sequence":19,"controlSequence":0,"rootCommits":2,"childCommits":0,"serial":273,"width":320,"height":240,"monotonicNs":278643817861308}
{"event":"ack-configure","sequence":20,"controlSequence":0,"rootCommits":2,"childCommits":0,"serial":274,"width":320,"height":240,"monotonicNs":278643869542572}
{"event":"ack-configure","sequence":21,"controlSequence":0,"rootCommits":2,"childCommits":0,"serial":279,"width":320,"height":240,"monotonicNs":278643920874750}
{"event":"ack-configure","sequence":22,"controlSequence":0,"rootCommits":2,"childCommits":0,"serial":280,"width":320,"height":240,"monotonicNs":278643972418905}
{"event":"ack-configure","sequence":23,"controlSequence":0,"rootCommits":2,"childCommits":0,"serial":285,"width":320,"height":240,"monotonicNs":278644024043333}
{"event":"ack-configure","sequence":24,"controlSequence":0,"rootCommits":2,"childCommits":0,"serial":286,"width":320,"height":240,"monotonicNs":278644152114122}
{"event":"ack-configure","sequence":25,"controlSequence":0,"rootCommits":2,"childCommits":0,"serial":291,"width":320,"height":240,"monotonicNs":278644203547774}
{"event":"ack-configure","sequence":26,"controlSequence":0,"rootCommits":2,"childCommits":0,"serial":292,"width":320,"height":240,"monotonicNs":278644330846029}
{"event":"ack-configure","sequence":27,"controlSequence":0,"rootCommits":2,"childCommits":0,"serial":297,"width":320,"height":240,"monotonicNs":278644381918685}
{"event":"ack-configure","sequence":28,"controlSequence":0,"rootCommits":2,"childCommits":0,"serial":298,"width":320,"height":240,"monotonicNs":278644459759296}
{"event":"ack-configure","sequence":29,"controlSequence":0,"rootCommits":2,"childCommits":0,"serial":303,"width":320,"height":240,"monotonicNs":278644510881451}
{"event":"ack-configure","sequence":30,"controlSequence":0,"rootCommits":2,"childCommits":0,"serial":304,"width":320,"height":240,"monotonicNs":278644562430147}
{"event":"ack-configure","sequence":31,"controlSequence":0,"rootCommits":2,"childCommits":0,"serial":309,"width":320,"height":240,"monotonicNs":278644588430649}
{"event":"ack-configure","sequence":32,"controlSequence":0,"rootCommits":2,"childCommits":0,"serial":310,"width":320,"height":240,"monotonicNs":278644639789697}
{"event":"ack-configure","sequence":33,"controlSequence":0,"rootCommits":2,"childCommits":0,"serial":315,"width":320,"height":240,"monotonicNs":278644768178611}
{"event":"ack-configure","sequence":34,"controlSequence":0,"rootCommits":2,"childCommits":0,"serial":317,"width":320,"height":240,"monotonicNs":278645374715806}
{"event":"ack-configure","sequence":35,"controlSequence":0,"rootCommits":2,"childCommits":0,"serial":322,"width":320,"height":240,"monotonicNs":278645477029790}
{"event":"ack-configure","sequence":36,"controlSequence":0,"rootCommits":2,"childCommits":0,"serial":324,"width":320,"height":240,"monotonicNs":278645732416683}
{"event":"ack-configure","sequence":37,"controlSequence":0,"rootCommits":2,"childCommits":0,"serial":327,"width":320,"height":240,"monotonicNs":278645770026157}
{"event":"ack-configure","sequence":38,"controlSequence":0,"rootCommits":2,"childCommits":0,"serial":351,"width":320,"height":240,"monotonicNs":278646212417861}
{"event":"ack-configure","sequence":39,"controlSequence":0,"rootCommits":2,"childCommits":0,"serial":381,"width":320,"height":240,"monotonicNs":278652825965779}
{"event":"ack-configure","sequence":40,"controlSequence":0,"rootCommits":2,"childCommits":0,"serial":438,"width":320,"height":240,"monotonicNs":278659393119722}
{"event":"ack-configure","sequence":41,"controlSequence":0,"rootCommits":2,"childCommits":0,"serial":546,"width":320,"height":240,"monotonicNs":278677711626877}
{"event":"ack-configure","sequence":42,"controlSequence":0,"rootCommits":2,"childCommits":0,"serial":573,"width":320,"height":240,"monotonicNs":278678910499745}
{"event":"ack-configure","sequence":43,"controlSequence":0,"rootCommits":2,"childCommits":0,"serial":579,"width":320,"height":240,"monotonicNs":278679020953254}
{"event":"ack-configure","sequence":44,"controlSequence":0,"rootCommits":2,"childCommits":0,"serial":591,"width":320,"height":240,"monotonicNs":278679951831950}
{"event":"request","sequence":45,"controlSequence":1,"rootCommits":2,"childCommits":0,"serial":591,"width":320,"height":240,"monotonicNs":278680661028644,"command":"quit"}
{"event":"normalexit","sequence":46,"controlSequence":1,"rootCommits":2,"childCommits":0,"serial":591,"width":320,"height":240,"monotonicNs":278680661048745}
