[07:44:12.766223] {Default Queue}  -> wl_display#1.get_registry(new id wl_registry#2)
[07:44:12.766251] {Default Queue}  -> wl_display#1.sync(new id wl_callback#3)
[07:44:12.766337] {Display Queue} wl_display#1.delete_id(3)
[07:44:12.766347] {Default Queue} wl_registry#2.global(1, "wl_seat", 9)
[07:44:12.766352] {Default Queue} wl_registry#2.global(2, "wl_data_device_manager", 3)
[07:44:12.766356] {Default Queue}  -> wl_registry#2.bind(2, "wl_data_device_manager", 3, new id [unknown]#4)
[07:44:12.766360] {Default Queue} wl_registry#2.global(3, "wl_compositor", 6)
[07:44:12.766363] {Default Queue}  -> wl_registry#2.bind(3, "wl_compositor", 3, new id [unknown]#5)
[07:44:12.766366] {Default Queue} wl_registry#2.global(4, "wl_subcompositor", 1)
[07:44:12.766368] {Default Queue}  -> wl_registry#2.bind(4, "wl_subcompositor", 1, new id [unknown]#6)
[07:44:12.766371] {Default Queue} wl_registry#2.global(5, "wl_shm", 2)
[07:44:12.766373] {Default Queue}  -> wl_registry#2.bind(5, "wl_shm", 1, new id [unknown]#7)
[07:44:12.766376] {Default Queue} wl_registry#2.global(6, "wp_viewporter", 1)
[07:44:12.766379] {Default Queue} wl_registry#2.global(7, "wp_tearing_control_manager_v1", 1)
[07:44:12.766381] {Default Queue} wl_registry#2.global(8, "wp_fractional_scale_manager_v1", 1)
[07:44:12.766384] {Default Queue} wl_registry#2.global(9, "zxdg_output_manager_v1", 3)
[07:44:12.766387] {Default Queue}  -> wl_registry#2.bind(9, "zxdg_output_manager_v1", 3, new id [unknown]#8)
[07:44:12.766390] {Default Queue}  -> wl_display#1.sync(new id wl_callback#9)
[07:44:12.766392] {Default Queue} wl_registry#2.global(10, "wp_cursor_shape_manager_v1", 2)
[07:44:12.766394] {Default Queue}  -> wl_registry#2.bind(10, "wp_cursor_shape_manager_v1", 1, new id [unknown]#10)
[07:44:12.766397] {Default Queue} wl_registry#2.global(11, "zwp_idle_inhibit_manager_v1", 1)
[07:44:12.766399] {Default Queue} wl_registry#2.global(12, "zwp_relative_pointer_manager_v1", 1)
[07:44:12.766402] {Default Queue} wl_registry#2.global(13, "zxdg_decoration_manager_v1", 2)
[07:44:12.766404] {Default Queue} wl_registry#2.global(14, "wp_alpha_modifier_v1", 1)
[07:44:12.766406] {Default Queue} wl_registry#2.global(15, "zwlr_gamma_control_manager_v1", 1)
[07:44:12.766408] {Default Queue} wl_registry#2.global(16, "ext_foreign_toplevel_list_v1", 1)
[07:44:12.766412] {Default Queue} wl_registry#2.global(17, "zwp_pointer_gestures_v1", 3)
[07:44:12.766415] {Default Queue}  -> wl_registry#2.bind(17, "zwp_pointer_gestures_v1", 1, new id [unknown]#11)
[07:44:12.766417] {Default Queue} wl_registry#2.global(18, "zwlr_foreign_toplevel_manager_v1", 3)
[07:44:12.766420] {Default Queue} wl_registry#2.global(19, "zwp_keyboard_shortcuts_inhibit_manager_v1", 1)
[07:44:12.766422] {Default Queue}  -> wl_registry#2.bind(19, "zwp_keyboard_shortcuts_inhibit_manager_v1", 1, new id [unknown]#12)
[07:44:12.766426] {Default Queue} wl_registry#2.global(20, "zwp_text_input_manager_v1", 1)
[07:44:12.766428] {Default Queue} wl_registry#2.global(21, "zwp_text_input_manager_v3", 1)
[07:44:12.766431] {Default Queue} wl_registry#2.global(22, "zwp_pointer_constraints_v1", 1)
[07:44:12.766433] {Default Queue} wl_registry#2.global(23, "zwlr_output_power_manager_v1", 1)
[07:44:12.766435] {Default Queue} wl_registry#2.global(24, "xdg_activation_v1", 1)
[07:44:12.766438] {Default Queue}  -> wl_registry#2.bind(24, "xdg_activation_v1", 1, new id [unknown]#13)
[07:44:12.766440] {Default Queue} wl_registry#2.global(25, "ext_idle_notifier_v1", 2)
[07:44:12.766442] {Default Queue} wl_registry#2.global(26, "hyprland_lock_notifier_v1", 1)
[07:44:12.766444] {Default Queue} wl_registry#2.global(27, "ext_session_lock_manager_v1", 1)
[07:44:12.766446] {Default Queue} wl_registry#2.global(28, "zwp_input_method_manager_v2", 1)
[07:44:12.766449] {Default Queue} wl_registry#2.global(29, "zwp_virtual_keyboard_manager_v1", 1)
[07:44:12.766451] {Default Queue} wl_registry#2.global(30, "zwlr_virtual_pointer_manager_v1", 2)
[07:44:12.766453] {Default Queue} wl_registry#2.global(31, "zwlr_output_manager_v1", 4)
[07:44:12.766456] {Default Queue} wl_registry#2.global(32, "org_kde_kwin_server_decoration_manager", 1)
[07:44:12.766464] {Default Queue}  -> wl_registry#2.bind(32, "org_kde_kwin_server_decoration_manager", 1, new id [unknown]#14)
[07:44:12.766471] {Default Queue} wl_registry#2.global(33, "hyprland_focus_grab_manager_v1", 1)
[07:44:12.766473] {Default Queue} wl_registry#2.global(34, "zwp_tablet_manager_v2", 1)
[07:44:12.766476] {Default Queue}  -> wl_registry#2.bind(34, "zwp_tablet_manager_v2", 1, new id [unknown]#15)
[07:44:12.766478] {Default Queue} wl_registry#2.global(35, "zwlr_layer_shell_v1", 5)
[07:44:12.766480] {Default Queue} wl_registry#2.global(36, "wp_presentation", 2)
[07:44:12.766482] {Default Queue} wl_registry#2.global(37, "xdg_wm_base", 7)
[07:44:12.766485] {Default Queue} wl_registry#2.global(38, "zwlr_data_control_manager_v1", 2)
[07:44:12.766487] {Default Queue} wl_registry#2.global(39, "zwp_primary_selection_device_manager_v1", 1)
[07:44:12.766489] {Default Queue}  -> wl_registry#2.bind(39, "zwp_primary_selection_device_manager_v1", 1, new id [unknown]#16)
[07:44:12.766491] {Default Queue} wl_registry#2.global(40, "xwayland_shell_v1", 1)
[07:44:12.766494] {Default Queue} wl_registry#2.global(41, "hyprland_toplevel_mapping_manager_v1", 1)
[07:44:12.766496] {Default Queue} wl_registry#2.global(42, "hyprland_global_shortcuts_manager_v1", 1)
[07:44:12.766498] {Default Queue} wl_registry#2.global(43, "xdg_wm_dialog_v1", 1)
[07:44:12.766501] {Default Queue} wl_registry#2.global(44, "wp_single_pixel_buffer_manager_v1", 1)
[07:44:12.766503] {Default Queue} wl_registry#2.global(45, "wp_security_context_manager_v1", 1)
[07:44:12.766506] {Default Queue} wl_registry#2.global(46, "hyprland_ctm_control_manager_v1", 2)
[07:44:12.766512] {Default Queue} wl_registry#2.global(47, "hyprland_input_capture_manager_v1", 1)
[07:44:12.766515] {Default Queue} wl_registry#2.global(48, "hyprland_surface_manager_v1", 2)
[07:44:12.766517] {Default Queue} wl_registry#2.global(49, "wp_content_type_manager_v1", 1)
[07:44:12.766519] {Default Queue} wl_registry#2.global(50, "xdg_toplevel_tag_manager_v1", 1)
[07:44:12.766522] {Default Queue} wl_registry#2.global(51, "xdg_system_bell_v1", 1)
[07:44:12.766524] {Default Queue} wl_registry#2.global(52, "vicinae_hotkey_manager_v1", 1)
[07:44:12.766527] {Default Queue} wl_registry#2.global(53, "ext_workspace_manager_v1", 1)
[07:44:12.766529] {Default Queue} wl_registry#2.global(54, "ext_data_control_manager_v1", 1)
[07:44:12.766531] {Default Queue} wl_registry#2.global(55, "wp_pointer_warp_v1", 1)
[07:44:12.766534] {Default Queue} wl_registry#2.global(56, "wp_fifo_manager_v1", 1)
[07:44:12.766536] {Default Queue} wl_registry#2.global(57, "zxdg_exporter_v2", 1)
[07:44:12.766538] {Default Queue}  -> wl_registry#2.bind(57, "zxdg_exporter_v2", 1, new id [unknown]#17)
[07:44:12.766541] {Default Queue} wl_registry#2.global(58, "zxdg_importer_v2", 1)
[07:44:12.766543] {Default Queue}  -> wl_registry#2.bind(58, "zxdg_importer_v2", 1, new id [unknown]#18)
[07:44:12.766547] {Default Queue} wl_registry#2.global(59, "ext_background_effect_manager_v1", 1)
[07:44:12.766550] {Default Queue} wl_registry#2.global(60, "wp_commit_timing_manager_v1", 1)
[07:44:12.766553] {Default Queue} wl_registry#2.global(61, "zwlr_screencopy_manager_v1", 3)
[07:44:12.766556] {Default Queue} wl_registry#2.global(62, "hyprland_toplevel_export_manager_v1", 2)
[07:44:12.766559] {Default Queue} wl_registry#2.global(63, "ext_output_image_capture_source_manager_v1", 1)
[07:44:12.766561] {Default Queue} wl_registry#2.global(64, "ext_foreign_toplevel_image_capture_source_manager_v1", 1)
[07:44:12.766564] {Default Queue} wl_registry#2.global(65, "ext_image_copy_capture_manager_v1", 1)
[07:44:12.766566] {Default Queue} wl_registry#2.global(66, "wp_color_manager_v1", 3)
[07:44:12.766568] {Default Queue} wl_registry#2.global(67, "wl_drm", 2)
[07:44:12.766570] {Default Queue} wl_registry#2.global(68, "zwp_linux_dmabuf_v1", 5)
[07:44:12.766573] {Default Queue} wl_registry#2.global(69, "wl_output", 4)
[07:44:12.766575] {Default Queue}  -> wl_registry#2.bind(69, "wl_output", 2, new id [unknown]#19)
[07:44:12.766603] {Default Queue}  -> zxdg_output_manager_v1#8.get_xdg_output(new id zxdg_output_v1#20, wl_output#19)
[07:44:12.766609] {Default Queue}  -> wl_display#1.sync(new id wl_callback#21)
[07:44:12.766611] {Default Queue} wl_callback#3.done(31)
[07:44:12.766645] {Default Queue}  -> wl_shm#7.create_pool(new id wl_shm_pool#3, fd 10, 2304)
[07:44:12.766713] {Default Queue}  -> wl_shm_pool#3.resize(6912)
[07:44:12.766753] {Default Queue}  -> wl_shm_pool#3.resize(16128)
[07:44:12.766824] {Default Queue}  -> wl_shm_pool#3.resize(34560)
[07:44:12.766949] {Default Queue}  -> wl_shm_pool#3.resize(71424)
[07:44:12.767174] {Default Queue}  -> wl_shm_pool#3.resize(145152)
[07:44:12.768001] {Default Queue}  -> wl_shm_pool#3.resize(292608)
[07:44:12.768932] {Default Queue}  -> wl_shm_pool#3.resize(587520)
[07:44:12.772483] {Default Queue}  -> wl_registry#2.bind(1, "wl_seat", 5, new id [unknown]#22)
[07:44:12.773965] {Default Queue}  -> wl_compositor#5.create_surface(new id wl_surface#23)
[07:44:12.773982] {Default Queue}  -> zwp_primary_selection_device_manager_v1#16.get_device(new id zwp_primary_selection_device_v1#24, wl_seat#22)
[07:44:12.773989] {Default Queue}  -> wl_data_device_manager#4.get_data_device(new id wl_data_device#25, wl_seat#22)
[07:44:12.774032] {Default Queue}  -> wl_compositor#5.create_surface(new id wl_surface#26)
[07:44:12.774036] {Default Queue}  -> zwp_tablet_manager_v2#15.get_tablet_seat(new id zwp_tablet_seat_v2#27, wl_seat#22)
[07:44:12.774041] {Default Queue}  -> wl_display#1.sync(new id wl_callback#28)
[07:44:12.774196] {Display Queue} wl_display#1.delete_id(9)
[07:44:12.774201] {Display Queue} wl_display#1.delete_id(21)
[07:44:12.774204] {Display Queue} wl_display#1.delete_id(28)
[07:44:12.774206] {Default Queue} wl_shm#7.format(0)
[07:44:12.774208] {Default Queue} wl_shm#7.format(1)
[07:44:12.774210] {Default Queue} wl_shm#7.format(875709016)
[07:44:12.774212] {Default Queue} wl_shm#7.format(875708993)
[07:44:12.774215] {Default Queue} wl_shm#7.format(808669784)
[07:44:12.774217] {Default Queue} wl_shm#7.format(808669761)
[07:44:12.774219] {Default Queue} wl_shm#7.format(808665688)
[07:44:12.774221] {Default Queue} wl_shm#7.format(808665665)
[07:44:12.774223] {Default Queue} wl_callback#9.done(31)
[07:44:12.774226] {Default Queue} org_kde_kwin_server_decoration_manager#14.default_mode(2)
[07:44:12.774229] {Default Queue} wl_output#19.scale(1)
[07:44:12.774232] {Default Queue} wl_output#19.mode(1, 800, 600, 60000)
[07:44:12.774237] {Default Queue} wl_output#19.geometry(0, 0, 0, 0, 1, "", "", 0)
[07:44:12.774242] {Default Queue} wl_output#19.done()
[07:44:12.774249] {Default Queue} zxdg_output_v1#20.name("WAYLAND-1")
[07:44:12.774252] {Default Queue} zxdg_output_v1#20.logical_position(0, 0)
[07:44:12.774255] {Default Queue} zxdg_output_v1#20.logical_size(800, 600)
[07:44:12.774257] {Default Queue} wl_output#19.done()
[07:44:12.774260] {Default Queue} wl_callback#21.done(31)
[07:44:12.774263] {Default Queue} wl_seat#22.name("Hyprland")
[07:44:12.774265] {Default Queue} wl_seat#22.capabilities(3)
[07:44:12.774268] {Default Queue}  -> wl_seat#22.get_pointer(new id wl_pointer#21)
[07:44:12.774274] {Default Queue}  -> zwp_pointer_gestures_v1#11.get_swipe_gesture(new id zwp_pointer_gesture_swipe_v1#9, wl_pointer#21)
[07:44:12.774279] {Default Queue}  -> zwp_pointer_gestures_v1#11.get_pinch_gesture(new id zwp_pointer_gesture_pinch_v1#29, wl_pointer#21)
[07:44:12.774282] {Default Queue}  -> wp_cursor_shape_manager_v1#10.get_pointer(new id wp_cursor_shape_device_v1#30, wl_pointer#21)
[07:44:12.774287] {Default Queue}  -> wl_seat#22.get_keyboard(new id wl_keyboard#31)
[07:44:12.774292] {Default Queue} wl_callback#28.done(31)
[07:44:12.774296] {Default Queue}  -> wl_registry#2.bind(37, "xdg_wm_base", 6, new id [unknown]#28)
[07:44:12.789093] {Default Queue}  -> wl_display#1.get_registry(new id wl_registry#32)
[07:44:12.789109] {Default Queue}  -> wl_display#1.sync(new id wl_callback#33)
[07:44:12.789297] {Display Queue} wl_display#1.delete_id(33)
[07:44:12.789302] {Default Queue} wl_keyboard#31.keymap(1, fd 4, 35572)
[07:44:12.790045] {Default Queue} wl_keyboard#31.repeat_info(25, 600)
[07:44:12.790060] {Default Queue} wl_registry#32.global(1, "wl_seat", 9)
[07:44:12.790068] {Default Queue} wl_registry#32.global(2, "wl_data_device_manager", 3)
[07:44:12.790071] {Default Queue} wl_registry#32.global(3, "wl_compositor", 6)
[07:44:12.790074] {Default Queue} wl_registry#32.global(4, "wl_subcompositor", 1)
[07:44:12.790077] {Default Queue} wl_registry#32.global(5, "wl_shm", 2)
[07:44:12.790080] {Default Queue} wl_registry#32.global(6, "wp_viewporter", 1)
[07:44:12.790082] {Default Queue} wl_registry#32.global(7, "wp_tearing_control_manager_v1", 1)
[07:44:12.790084] {Default Queue} wl_registry#32.global(8, "wp_fractional_scale_manager_v1", 1)
[07:44:12.790087] {Default Queue} wl_registry#32.global(9, "zxdg_output_manager_v1", 3)
[07:44:12.790089] {Default Queue} wl_registry#32.global(10, "wp_cursor_shape_manager_v1", 2)
[07:44:12.790092] {Default Queue} wl_registry#32.global(11, "zwp_idle_inhibit_manager_v1", 1)
[07:44:12.790094] {Default Queue} wl_registry#32.global(12, "zwp_relative_pointer_manager_v1", 1)
[07:44:12.790096] {Default Queue} wl_registry#32.global(13, "zxdg_decoration_manager_v1", 2)
[07:44:12.790099] {Default Queue} wl_registry#32.global(14, "wp_alpha_modifier_v1", 1)
[07:44:12.790101] {Default Queue} wl_registry#32.global(15, "zwlr_gamma_control_manager_v1", 1)
[07:44:12.790103] {Default Queue} wl_registry#32.global(16, "ext_foreign_toplevel_list_v1", 1)
[07:44:12.790105] {Default Queue} wl_registry#32.global(17, "zwp_pointer_gestures_v1", 3)
[07:44:12.790108] {Default Queue} wl_registry#32.global(18, "zwlr_foreign_toplevel_manager_v1", 3)
[07:44:12.790110] {Default Queue} wl_registry#32.global(19, "zwp_keyboard_shortcuts_inhibit_manager_v1", 1)
[07:44:12.790112] {Default Queue} wl_registry#32.global(20, "zwp_text_input_manager_v1", 1)
[07:44:12.790114] {Default Queue} wl_registry#32.global(21, "zwp_text_input_manager_v3", 1)
[07:44:12.790116] {Default Queue} wl_registry#32.global(22, "zwp_pointer_constraints_v1", 1)
[07:44:12.790119] {Default Queue} wl_registry#32.global(23, "zwlr_output_power_manager_v1", 1)
[07:44:12.790121] {Default Queue} wl_registry#32.global(24, "xdg_activation_v1", 1)
[07:44:12.790123] {Default Queue} wl_registry#32.global(25, "ext_idle_notifier_v1", 2)
[07:44:12.790125] {Default Queue} wl_registry#32.global(26, "hyprland_lock_notifier_v1", 1)
[07:44:12.790128] {Default Queue} wl_registry#32.global(27, "ext_session_lock_manager_v1", 1)
[07:44:12.790130] {Default Queue} wl_registry#32.global(28, "zwp_input_method_manager_v2", 1)
[07:44:12.790133] {Default Queue} wl_registry#32.global(29, "zwp_virtual_keyboard_manager_v1", 1)
[07:44:12.790135] {Default Queue} wl_registry#32.global(30, "zwlr_virtual_pointer_manager_v1", 2)
[07:44:12.790137] {Default Queue} wl_registry#32.global(31, "zwlr_output_manager_v1", 4)
[07:44:12.790140] {Default Queue} wl_registry#32.global(32, "org_kde_kwin_server_decoration_manager", 1)
[07:44:12.790142] {Default Queue} wl_registry#32.global(33, "hyprland_focus_grab_manager_v1", 1)
[07:44:12.790145] {Default Queue} wl_registry#32.global(34, "zwp_tablet_manager_v2", 1)
[07:44:12.790147] {Default Queue} wl_registry#32.global(35, "zwlr_layer_shell_v1", 5)
[07:44:12.790150] {Default Queue}  -> wl_registry#32.bind(35, "zwlr_layer_shell_v1", 4, new id [unknown]#34)
[07:44:12.790153] {Default Queue} wl_registry#32.global(36, "wp_presentation", 2)
[07:44:12.790155] {Default Queue} wl_registry#32.global(37, "xdg_wm_base", 7)
[07:44:12.790157] {Default Queue}  -> wl_registry#32.bind(37, "xdg_wm_base", 7, new id [unknown]#35)
[07:44:12.790160] {Default Queue} wl_registry#32.global(38, "zwlr_data_control_manager_v1", 2)
[07:44:12.790163] {Default Queue} wl_registry#32.global(39, "zwp_primary_selection_device_manager_v1", 1)
[07:44:12.790165] {Default Queue} wl_registry#32.global(40, "xwayland_shell_v1", 1)
[07:44:12.790168] {Default Queue} wl_registry#32.global(41, "hyprland_toplevel_mapping_manager_v1", 1)
[07:44:12.790170] {Default Queue} wl_registry#32.global(42, "hyprland_global_shortcuts_manager_v1", 1)
[07:44:12.790175] {Default Queue} wl_registry#32.global(43, "xdg_wm_dialog_v1", 1)
[07:44:12.790179] {Default Queue} wl_registry#32.global(44, "wp_single_pixel_buffer_manager_v1", 1)
[07:44:12.790181] {Default Queue} wl_registry#32.global(45, "wp_security_context_manager_v1", 1)
[07:44:12.790184] {Default Queue} wl_registry#32.global(46, "hyprland_ctm_control_manager_v1", 2)
[07:44:12.790186] {Default Queue} wl_registry#32.global(47, "hyprland_input_capture_manager_v1", 1)
[07:44:12.790189] {Default Queue} wl_registry#32.global(48, "hyprland_surface_manager_v1", 2)
[07:44:12.790191] {Default Queue} wl_registry#32.global(49, "wp_content_type_manager_v1", 1)
[07:44:12.790193] {Default Queue} wl_registry#32.global(50, "xdg_toplevel_tag_manager_v1", 1)
[07:44:12.790196] {Default Queue} wl_registry#32.global(51, "xdg_system_bell_v1", 1)
[07:44:12.790198] {Default Queue} wl_registry#32.global(52, "vicinae_hotkey_manager_v1", 1)
[07:44:12.790200] {Default Queue} wl_registry#32.global(53, "ext_workspace_manager_v1", 1)
[07:44:12.790203] {Default Queue} wl_registry#32.global(54, "ext_data_control_manager_v1", 1)
[07:44:12.790205] {Default Queue} wl_registry#32.global(55, "wp_pointer_warp_v1", 1)
[07:44:12.790207] {Default Queue} wl_registry#32.global(56, "wp_fifo_manager_v1", 1)
[07:44:12.790209] {Default Queue} wl_registry#32.global(57, "zxdg_exporter_v2", 1)
[07:44:12.790211] {Default Queue} wl_registry#32.global(58, "zxdg_importer_v2", 1)
[07:44:12.790214] {Default Queue} wl_registry#32.global(59, "ext_background_effect_manager_v1", 1)
[07:44:12.790216] {Default Queue} wl_registry#32.global(60, "wp_commit_timing_manager_v1", 1)
[07:44:12.790218] {Default Queue} wl_registry#32.global(61, "zwlr_screencopy_manager_v1", 3)
[07:44:12.790221] {Default Queue} wl_registry#32.global(62, "hyprland_toplevel_export_manager_v1", 2)
[07:44:12.790223] {Default Queue} wl_registry#32.global(63, "ext_output_image_capture_source_manager_v1", 1)
[07:44:12.790225] {Default Queue} wl_registry#32.global(64, "ext_foreign_toplevel_image_capture_source_manager_v1", 1)
[07:44:12.790227] {Default Queue} wl_registry#32.global(65, "ext_image_copy_capture_manager_v1", 1)
[07:44:12.790229] {Default Queue} wl_registry#32.global(66, "wp_color_manager_v1", 3)
[07:44:12.790232] {Default Queue} wl_registry#32.global(67, "wl_drm", 2)
[07:44:12.790234] {Default Queue} wl_registry#32.global(68, "zwp_linux_dmabuf_v1", 5)
[07:44:12.790236] {Default Queue} wl_registry#32.global(69, "wl_output", 4)
[07:44:12.790238] {Default Queue} wl_callback#33.done(31)
[07:44:12.815418] {Default Queue}  -> wl_compositor#5.create_surface(new id wl_surface#33)
[07:44:12.815719] {mesa egl display queue}  -> wl_display#1.get_registry(new id wl_registry#36)
[07:44:12.815726] {mesa egl display queue}  -> wl_display#1.sync(new id wl_callback#37)
[07:44:12.815990] {Display Queue} wl_display#1.delete_id(37)
[07:44:12.815994] {mesa egl display queue} wl_registry#36.global(1, "wl_seat", 9)
[07:44:12.815998] {mesa egl display queue} wl_registry#36.global(2, "wl_data_device_manager", 3)
[07:44:12.816000] {mesa egl display queue} wl_registry#36.global(3, "wl_compositor", 6)
[07:44:12.816002] {mesa egl display queue} wl_registry#36.global(4, "wl_subcompositor", 1)
[07:44:12.816005] {mesa egl display queue} wl_registry#36.global(5, "wl_shm", 2)
[07:44:12.816007] {mesa egl display queue} wl_registry#36.global(6, "wp_viewporter", 1)
[07:44:12.816010] {mesa egl display queue} wl_registry#36.global(7, "wp_tearing_control_manager_v1", 1)
[07:44:12.816012] {mesa egl display queue} wl_registry#36.global(8, "wp_fractional_scale_manager_v1", 1)
[07:44:12.816014] {mesa egl display queue} wl_registry#36.global(9, "zxdg_output_manager_v1", 3)
[07:44:12.816016] {mesa egl display queue} wl_registry#36.global(10, "wp_cursor_shape_manager_v1", 2)
[07:44:12.816018] {mesa egl display queue} wl_registry#36.global(11, "zwp_idle_inhibit_manager_v1", 1)
[07:44:12.816021] {mesa egl display queue} wl_registry#36.global(12, "zwp_relative_pointer_manager_v1", 1)
[07:44:12.816023] {mesa egl display queue} wl_registry#36.global(13, "zxdg_decoration_manager_v1", 2)
[07:44:12.816031] {mesa egl display queue} wl_registry#36.global(14, "wp_alpha_modifier_v1", 1)
[07:44:12.816041] {mesa egl display queue} wl_registry#36.global(15, "zwlr_gamma_control_manager_v1", 1)
[07:44:12.816043] {mesa egl display queue} wl_registry#36.global(16, "ext_foreign_toplevel_list_v1", 1)
[07:44:12.816045] {mesa egl display queue} wl_registry#36.global(17, "zwp_pointer_gestures_v1", 3)
[07:44:12.816047] {mesa egl display queue} wl_registry#36.global(18, "zwlr_foreign_toplevel_manager_v1", 3)
[07:44:12.816049] {mesa egl display queue} wl_registry#36.global(19, "zwp_keyboard_shortcuts_inhibit_manager_v1", 1)
[07:44:12.816052] {mesa egl display queue} wl_registry#36.global(20, "zwp_text_input_manager_v1", 1)
[07:44:12.816053] {mesa egl display queue} wl_registry#36.global(21, "zwp_text_input_manager_v3", 1)
[07:44:12.816055] {mesa egl display queue} wl_registry#36.global(22, "zwp_pointer_constraints_v1", 1)
[07:44:12.816058] {mesa egl display queue} wl_registry#36.global(23, "zwlr_output_power_manager_v1", 1)
[07:44:12.816060] {mesa egl display queue} wl_registry#36.global(24, "xdg_activation_v1", 1)
[07:44:12.816063] {mesa egl display queue} wl_registry#36.global(25, "ext_idle_notifier_v1", 2)
[07:44:12.816065] {mesa egl display queue} wl_registry#36.global(26, "hyprland_lock_notifier_v1", 1)
[07:44:12.816067] {mesa egl display queue} wl_registry#36.global(27, "ext_session_lock_manager_v1", 1)
[07:44:12.816069] {mesa egl display queue} wl_registry#36.global(28, "zwp_input_method_manager_v2", 1)
[07:44:12.816071] {mesa egl display queue} wl_registry#36.global(29, "zwp_virtual_keyboard_manager_v1", 1)
[07:44:12.816073] {mesa egl display queue} wl_registry#36.global(30, "zwlr_virtual_pointer_manager_v1", 2)
[07:44:12.816075] {mesa egl display queue} wl_registry#36.global(31, "zwlr_output_manager_v1", 4)
[07:44:12.816077] {mesa egl display queue} wl_registry#36.global(32, "org_kde_kwin_server_decoration_manager", 1)
[07:44:12.816080] {mesa egl display queue} wl_registry#36.global(33, "hyprland_focus_grab_manager_v1", 1)
[07:44:12.816081] {mesa egl display queue} wl_registry#36.global(34, "zwp_tablet_manager_v2", 1)
[07:44:12.816083] {mesa egl display queue} wl_registry#36.global(35, "zwlr_layer_shell_v1", 5)
[07:44:12.816086] {mesa egl display queue} wl_registry#36.global(36, "wp_presentation", 2)
[07:44:12.816088] {mesa egl display queue}  -> wl_registry#36.bind(36, "wp_presentation", 1, new id [unknown]#38)
[07:44:12.816092] {mesa egl display queue} wl_registry#36.global(37, "xdg_wm_base", 7)
[07:44:12.816094] {mesa egl display queue} wl_registry#36.global(38, "zwlr_data_control_manager_v1", 2)
[07:44:12.816096] {mesa egl display queue} wl_registry#36.global(39, "zwp_primary_selection_device_manager_v1", 1)
[07:44:12.816098] {mesa egl display queue} wl_registry#36.global(40, "xwayland_shell_v1", 1)
[07:44:12.816100] {mesa egl display queue} wl_registry#36.global(41, "hyprland_toplevel_mapping_manager_v1", 1)
[07:44:12.816103] {mesa egl display queue} wl_registry#36.global(42, "hyprland_global_shortcuts_manager_v1", 1)
[07:44:12.816105] {mesa egl display queue} wl_registry#36.global(43, "xdg_wm_dialog_v1", 1)
[07:44:12.816107] {mesa egl display queue} wl_registry#36.global(44, "wp_single_pixel_buffer_manager_v1", 1)
[07:44:12.816109] {mesa egl display queue} wl_registry#36.global(45, "wp_security_context_manager_v1", 1)
[07:44:12.816111] {mesa egl display queue} wl_registry#36.global(46, "hyprland_ctm_control_manager_v1", 2)
[07:44:12.816113] {mesa egl display queue} wl_registry#36.global(47, "hyprland_input_capture_manager_v1", 1)
[07:44:12.816115] {mesa egl display queue} wl_registry#36.global(48, "hyprland_surface_manager_v1", 2)
[07:44:12.816117] {mesa egl display queue} wl_registry#36.global(49, "wp_content_type_manager_v1", 1)
[07:44:12.816120] {mesa egl display queue} wl_registry#36.global(50, "xdg_toplevel_tag_manager_v1", 1)
[07:44:12.816122] {mesa egl display queue} wl_registry#36.global(51, "xdg_system_bell_v1", 1)
[07:44:12.816125] {mesa egl display queue} wl_registry#36.global(52, "vicinae_hotkey_manager_v1", 1)
[07:44:12.816128] {mesa egl display queue} wl_registry#36.global(53, "ext_workspace_manager_v1", 1)
[07:44:12.816130] {mesa egl display queue} wl_registry#36.global(54, "ext_data_control_manager_v1", 1)
[07:44:12.816133] {mesa egl display queue} wl_registry#36.global(55, "wp_pointer_warp_v1", 1)
[07:44:12.816135] {mesa egl display queue} wl_registry#36.global(56, "wp_fifo_manager_v1", 1)
[07:44:12.816136] {mesa egl display queue} wl_registry#36.global(57, "zxdg_exporter_v2", 1)
[07:44:12.816139] {mesa egl display queue} wl_registry#36.global(58, "zxdg_importer_v2", 1)
[07:44:12.816141] {mesa egl display queue} wl_registry#36.global(59, "ext_background_effect_manager_v1", 1)
[07:44:12.816143] {mesa egl display queue} wl_registry#36.global(60, "wp_commit_timing_manager_v1", 1)
[07:44:12.816145] {mesa egl display queue} wl_registry#36.global(61, "zwlr_screencopy_manager_v1", 3)
[07:44:12.816147] {mesa egl display queue} wl_registry#36.global(62, "hyprland_toplevel_export_manager_v1", 2)
[07:44:12.816148] {mesa egl display queue} wl_registry#36.global(63, "ext_output_image_capture_source_manager_v1", 1)
[07:44:12.816151] {mesa egl display queue} wl_registry#36.global(64, "ext_foreign_toplevel_image_capture_source_manager_v1", 1)
[07:44:12.816153] {mesa egl display queue} wl_registry#36.global(65, "ext_image_copy_capture_manager_v1", 1)
[07:44:12.816155] {mesa egl display queue} wl_registry#36.global(66, "wp_color_manager_v1", 3)
[07:44:12.816157] {mesa egl display queue} wl_registry#36.global(67, "wl_drm", 2)
[07:44:12.816159] {mesa egl display queue} wl_registry#36.global(68, "zwp_linux_dmabuf_v1", 5)
[07:44:12.816161] {mesa egl display queue}  -> wl_registry#36.bind(68, "zwp_linux_dmabuf_v1", 4, new id [unknown]#39)
[07:44:12.816164] {mesa egl display queue} wl_registry#36.global(69, "wl_output", 4)
[07:44:12.816166] {mesa egl display queue} wl_callback#37.done(31)
[07:44:12.816169] {mesa egl display queue}  -> zwp_linux_dmabuf_v1#39.get_default_feedback(new id zwp_linux_dmabuf_feedback_v1#37)
[07:44:12.816172] {mesa egl display queue}  -> wl_display#1.sync(new id wl_callback#40)
[07:44:12.816328] {Display Queue} wl_display#1.delete_id(40)
[07:44:12.816330] {mesa egl display queue} wp_presentation#38.clock_id(1)
[07:44:12.816332] {mesa egl display queue} zwp_linux_dmabuf_feedback_v1#37.format_table(fd 13, 2960)
[07:44:12.816344] {mesa egl display queue} zwp_linux_dmabuf_feedback_v1#37.main_device(array[8])
[07:44:12.816578] {mesa egl display queue} zwp_linux_dmabuf_feedback_v1#37.tranche_target_device(array[8])
[07:44:12.816586] {mesa egl display queue} zwp_linux_dmabuf_feedback_v1#37.tranche_flags(0)
[07:44:12.816588] {mesa egl display queue} zwp_linux_dmabuf_feedback_v1#37.tranche_formats(array[370])
[07:44:12.816595] {mesa egl display queue} zwp_linux_dmabuf_feedback_v1#37.tranche_done()
[07:44:12.816597] {mesa egl display queue} zwp_linux_dmabuf_feedback_v1#37.done()
[07:44:12.816599] {mesa egl display queue} wl_callback#40.done(31)
[07:44:12.816601] {mesa egl display queue}  -> zwp_linux_dmabuf_feedback_v1#37.destroy()
[07:44:12.828329] {Default Queue}  -> wl_surface#33.destroy()
[07:44:12.828412] {Default Queue}  -> wl_compositor#5.create_surface(new id wl_surface#40)
[07:44:12.831444] {Default Queue}  -> wl_surface#40.destroy()
view-process-policy: related=1 distinct-manager=1
view-process-policy: related=1 distinct-manager=1
[07:44:12.843374] {Default Queue}  -> wl_compositor#5.create_surface(new id wl_surface#41)
[07:44:12.843756] {Default Queue}  -> wl_display#1.get_registry(new id wl_registry#42)
[07:44:12.843808] {Default Queue}  -> wl_surface#41.attach(nil, 0, 0)
[07:44:12.843813] {Default Queue}  -> zwlr_layer_shell_v1#34.get_layer_surface(new id zwlr_layer_surface_v1#43, wl_surface#41, wl_output#19, 2, "elm-shell-recovery-v17")
[07:44:12.843819] {Default Queue}  -> zwlr_layer_surface_v1#43.set_keyboard_interactivity(0)
[07:44:12.843822] {Default Queue}  -> zwlr_layer_surface_v1#43.set_exclusive_zone(48)
[07:44:12.843829] {Default Queue}  -> zwlr_layer_surface_v1#43.set_anchor(13)
[07:44:12.843839] {Default Queue}  -> zwlr_layer_surface_v1#43.set_margin(0, 0, 0, 0)
[07:44:12.843842] {Default Queue}  -> zwlr_layer_surface_v1#43.set_size(0, 48)
[07:44:12.843845] {Default Queue}  -> wl_surface#41.commit()
[07:44:12.843847] {Default Queue}  -> wl_display#1.sync(new id wl_callback#44)
[07:44:12.844038] {Display Queue} wl_display#1.delete_id(37)
[07:44:12.844042] {Display Queue} wl_display#1.delete_id(33)
[07:44:12.844044] {Display Queue} wl_display#1.delete_id(40)
[07:44:12.844046] {Display Queue} wl_display#1.delete_id(44)
[07:44:12.844048] {Default Queue} wl_registry#42.global(1, "wl_seat", 9)
[07:44:12.844050] {Default Queue} wl_registry#42.global(2, "wl_data_device_manager", 3)
[07:44:12.844053] {Default Queue} wl_registry#42.global(3, "wl_compositor", 6)
[07:44:12.844055] {Default Queue} wl_registry#42.global(4, "wl_subcompositor", 1)
[07:44:12.844057] {Default Queue} wl_registry#42.global(5, "wl_shm", 2)
[07:44:12.844059] {Default Queue} wl_registry#42.global(6, "wp_viewporter", 1)
[07:44:12.844061] {Default Queue} wl_registry#42.global(7, "wp_tearing_control_manager_v1", 1)
[07:44:12.844064] {Default Queue} wl_registry#42.global(8, "wp_fractional_scale_manager_v1", 1)
[07:44:12.844066] {Default Queue} wl_registry#42.global(9, "zxdg_output_manager_v1", 3)
[07:44:12.844068] {Default Queue} wl_registry#42.global(10, "wp_cursor_shape_manager_v1", 2)
[07:44:12.844070] {Default Queue} wl_registry#42.global(11, "zwp_idle_inhibit_manager_v1", 1)
[07:44:12.844072] {Default Queue} wl_registry#42.global(12, "zwp_relative_pointer_manager_v1", 1)
[07:44:12.844074] {Default Queue} wl_registry#42.global(13, "zxdg_decoration_manager_v1", 2)
[07:44:12.844076] {Default Queue} wl_registry#42.global(14, "wp_alpha_modifier_v1", 1)
[07:44:12.844078] {Default Queue} wl_registry#42.global(15, "zwlr_gamma_control_manager_v1", 1)
[07:44:12.844080] {Default Queue} wl_registry#42.global(16, "ext_foreign_toplevel_list_v1", 1)
[07:44:12.844082] {Default Queue} wl_registry#42.global(17, "zwp_pointer_gestures_v1", 3)
[07:44:12.844084] {Default Queue} wl_registry#42.global(18, "zwlr_foreign_toplevel_manager_v1", 3)
[07:44:12.844086] {Default Queue} wl_registry#42.global(19, "zwp_keyboard_shortcuts_inhibit_manager_v1", 1)
[07:44:12.844088] {Default Queue} wl_registry#42.global(20, "zwp_text_input_manager_v1", 1)
[07:44:12.844090] {Default Queue} wl_registry#42.global(21, "zwp_text_input_manager_v3", 1)
[07:44:12.844092] {Default Queue}  -> wl_registry#42.bind(21, "zwp_text_input_manager_v3", 1, new id [unknown]#40)
[07:44:12.844096] {Default Queue}  -> zwp_text_input_manager_v3#40.get_text_input(new id zwp_text_input_v3#33, wl_seat#22)
[07:44:12.844098] {Default Queue} wl_registry#42.global(22, "zwp_pointer_constraints_v1", 1)
[07:44:12.844100] {Default Queue} wl_registry#42.global(23, "zwlr_output_power_manager_v1", 1)
[07:44:12.844102] {Default Queue} wl_registry#42.global(24, "xdg_activation_v1", 1)
[07:44:12.844104] {Default Queue} wl_registry#42.global(25, "ext_idle_notifier_v1", 2)
[07:44:12.844106] {Default Queue} wl_registry#42.global(26, "hyprland_lock_notifier_v1", 1)
[07:44:12.844108] {Default Queue} wl_registry#42.global(27, "ext_session_lock_manager_v1", 1)
[07:44:12.844111] {Default Queue} wl_registry#42.global(28, "zwp_input_method_manager_v2", 1)
[07:44:12.844113] {Default Queue} wl_registry#42.global(29, "zwp_virtual_keyboard_manager_v1", 1)
[07:44:12.844115] {Default Queue} wl_registry#42.global(30, "zwlr_virtual_pointer_manager_v1", 2)
[07:44:12.844117] {Default Queue} wl_registry#42.global(31, "zwlr_output_manager_v1", 4)
[07:44:12.844119] {Default Queue} wl_registry#42.global(32, "org_kde_kwin_server_decoration_manager", 1)
[07:44:12.844121] {Default Queue} wl_registry#42.global(33, "hyprland_focus_grab_manager_v1", 1)
[07:44:12.844123] {Default Queue} wl_registry#42.global(34, "zwp_tablet_manager_v2", 1)
[07:44:12.844125] {Default Queue} wl_registry#42.global(35, "zwlr_layer_shell_v1", 5)
[07:44:12.844127] {Default Queue} wl_registry#42.global(36, "wp_presentation", 2)
[07:44:12.844132] {Default Queue} wl_registry#42.global(37, "xdg_wm_base", 7)
[07:44:12.844136] {Default Queue} wl_registry#42.global(38, "zwlr_data_control_manager_v1", 2)
[07:44:12.844138] {Default Queue} wl_registry#42.global(39, "zwp_primary_selection_device_manager_v1", 1)
[07:44:12.844140] {Default Queue} wl_registry#42.global(40, "xwayland_shell_v1", 1)
[07:44:12.844142] {Default Queue} wl_registry#42.global(41, "hyprland_toplevel_mapping_manager_v1", 1)
[07:44:12.844144] {Default Queue} wl_registry#42.global(42, "hyprland_global_shortcuts_manager_v1", 1)
[07:44:12.844145] {Default Queue} wl_registry#42.global(43, "xdg_wm_dialog_v1", 1)
[07:44:12.844148] {Default Queue} wl_registry#42.global(44, "wp_single_pixel_buffer_manager_v1", 1)
[07:44:12.844150] {Default Queue} wl_registry#42.global(45, "wp_security_context_manager_v1", 1)
[07:44:12.844151] {Default Queue} wl_registry#42.global(46, "hyprland_ctm_control_manager_v1", 2)
[07:44:12.844154] {Default Queue} wl_registry#42.global(47, "hyprland_input_capture_manager_v1", 1)
[07:44:12.844155] {Default Queue} wl_registry#42.global(48, "hyprland_surface_manager_v1", 2)
[07:44:12.844157] {Default Queue} wl_registry#42.global(49, "wp_content_type_manager_v1", 1)
[07:44:12.844159] {Default Queue} wl_registry#42.global(50, "xdg_toplevel_tag_manager_v1", 1)
[07:44:12.844161] {Default Queue} wl_registry#42.global(51, "xdg_system_bell_v1", 1)
[07:44:12.844163] {Default Queue} wl_registry#42.global(52, "vicinae_hotkey_manager_v1", 1)
[07:44:12.844165] {Default Queue} wl_registry#42.global(53, "ext_workspace_manager_v1", 1)
[07:44:12.844167] {Default Queue} wl_registry#42.global(54, "ext_data_control_manager_v1", 1)
[07:44:12.844169] {Default Queue} wl_registry#42.global(55, "wp_pointer_warp_v1", 1)
[07:44:12.844170] {Default Queue} wl_registry#42.global(56, "wp_fifo_manager_v1", 1)
[07:44:12.844173] {Default Queue} wl_registry#42.global(57, "zxdg_exporter_v2", 1)
[07:44:12.844174] {Default Queue} wl_registry#42.global(58, "zxdg_importer_v2", 1)
[07:44:12.844176] {Default Queue} wl_registry#42.global(59, "ext_background_effect_manager_v1", 1)
[07:44:12.844178] {Default Queue} wl_registry#42.global(60, "wp_commit_timing_manager_v1", 1)
[07:44:12.844180] {Default Queue} wl_registry#42.global(61, "zwlr_screencopy_manager_v1", 3)
[07:44:12.844182] {Default Queue} wl_registry#42.global(62, "hyprland_toplevel_export_manager_v1", 2)
[07:44:12.844184] {Default Queue} wl_registry#42.global(63, "ext_output_image_capture_source_manager_v1", 1)
[07:44:12.844186] {Default Queue} wl_registry#42.global(64, "ext_foreign_toplevel_image_capture_source_manager_v1", 1)
[07:44:12.844188] {Default Queue} wl_registry#42.global(65, "ext_image_copy_capture_manager_v1", 1)
[07:44:12.844190] {Default Queue} wl_registry#42.global(66, "wp_color_manager_v1", 3)
[07:44:12.844191] {Default Queue} wl_registry#42.global(67, "wl_drm", 2)
[07:44:12.844194] {Default Queue} wl_registry#42.global(68, "zwp_linux_dmabuf_v1", 5)
[07:44:12.844195] {Default Queue} wl_registry#42.global(69, "wl_output", 4)
[07:44:12.844197] {Default Queue} zwlr_layer_surface_v1#43.configure(32, 800, 48)
[07:44:12.844200] {Default Queue}  -> zwlr_layer_surface_v1#43.ack_configure(32)
[07:44:12.844202] {Default Queue} wl_callback#44.done(33)
[07:44:12.844236] {Default Queue}  -> wl_surface#41.commit()
view-added: id=1 geometry=0,0,800,600
shared-host-start: views=1 controllers=1 backend-clients=1 sandbox=1
[07:44:12.844604] {Default Queue} zwlr_layer_surface_v1#43.configure(34, 800, 48)
[07:44:12.844609] {Default Queue}  -> zwlr_layer_surface_v1#43.ack_configure(34)
[07:44:12.848578] {Default Queue}  -> wl_surface#41.set_buffer_scale(1)
[07:44:12.848642] {Default Queue}  -> wl_shm#7.create_pool(new id wl_shm_pool#44, fd 25, 153600)
[07:44:12.848650] {Default Queue}  -> wl_shm_pool#44.create_buffer(new id wl_buffer#37, 0, 800, 48, 3200, 0)
[07:44:12.848768] {Default Queue}  -> wl_surface#41.attach(wl_buffer#37, 0, 0)
[07:44:12.848772] {Default Queue}  -> wl_surface#41.set_buffer_scale(1)
[07:44:12.848774] {Default Queue}  -> wl_surface#41.damage(0, 0, 800, 48)
[07:44:12.848781] {Default Queue}  -> wl_compositor#5.create_region(new id wl_region#45)
[07:44:12.848787] {Default Queue}  -> wl_region#45.add(0, 0, 800, 48)
[07:44:12.848789] {Default Queue}  -> wl_surface#41.set_opaque_region(wl_region#45)
[07:44:12.848792] {Default Queue}  -> wl_region#45.destroy()
[07:44:12.848794] {Default Queue}  -> wl_surface#41.set_input_region(nil)
[07:44:12.848798] {Default Queue}  -> wl_surface#41.frame(new id wl_callback#46)
[07:44:12.848802] {Default Queue}  -> wl_surface#41.commit()
[07:44:12.849122] {Display Queue} wl_display#1.delete_id(45)
[07:44:12.849127] {Display Queue} wl_display#1.delete_id(46)
[07:44:12.849129] {Default Queue} wl_callback#46.done(67957491)
[07:44:12.849131] {Default Queue} wl_surface#41.enter(wl_output#19)
[07:44:12.849134] {Default Queue} wl_buffer#37.release()
[07:44:12.950089] {Default Queue}  -> wl_surface#41.set_buffer_scale(1)
[07:44:12.950116] {mesa egl surface queue}  -> zwp_linux_dmabuf_v1#39.get_surface_feedback(new id zwp_linux_dmabuf_feedback_v1#46, wl_surface#41)
[07:44:12.950126] {mesa egl display queue}  -> wl_display#1.sync(new id wl_callback#45)
[07:44:12.950170] {Display Queue} wl_display#1.delete_id(45)
[07:44:12.950174] {mesa egl display queue} wl_callback#45.done(34)
[07:44:12.950183] {mesa egl surface queue} zwp_linux_dmabuf_feedback_v1#46.format_table(fd 34, 2960)
[07:44:12.950192] {mesa egl surface queue} zwp_linux_dmabuf_feedback_v1#46.main_device(array[8])
[07:44:12.950196] {mesa egl surface queue} zwp_linux_dmabuf_feedback_v1#46.tranche_target_device(array[8])
[07:44:12.950199] {mesa egl surface queue} zwp_linux_dmabuf_feedback_v1#46.tranche_flags(0)
[07:44:12.950202] {mesa egl surface queue} zwp_linux_dmabuf_feedback_v1#46.tranche_formats(array[370])
[07:44:12.950206] {mesa egl surface queue} zwp_linux_dmabuf_feedback_v1#46.tranche_done()
[07:44:12.950210] {mesa egl surface queue} zwp_linux_dmabuf_feedback_v1#46.done()
[07:44:12.952672] {Default Queue}  -> wl_surface#41.attach(wl_buffer#37, 0, 0)
[07:44:12.952687] {Default Queue}  -> wl_surface#41.set_buffer_scale(1)
[07:44:12.952692] {Default Queue}  -> wl_surface#41.damage(0, 0, 800, 48)
[07:44:12.952705] {Default Queue}  -> wl_surface#41.frame(new id wl_callback#45)
[07:44:12.952709] {Default Queue}  -> wl_surface#41.commit()
view-topology: {"viewProtocol":1,"kind":"view-topology","revision":"1","views":[{"id":"1","generation":"1"}]}
[07:44:12.955478] {Default Queue} wl_buffer#37.release()
[07:44:12.956521] {Display Queue} wl_display#1.delete_id(45)
[07:44:12.956529] {Default Queue} wl_callback#45.done(67957598)
surface-report: origin=bar {"kind":"surface-report","body":{"publication":null,"lease":null,"buttons":[],"focus":"","text":""}}
view-report: id=1 x=0 y=0 {"kind":"surface-report","body":{"publication":null,"lease":null,"buttons":[],"focus":"","text":""}}

** (process:2): WARNING **: 01:44:12.957: Failed to get atspi registered event listeners: GDBus.Error:org.freedesktop.DBus.Error.NameHasNoOwner: Could not activate remote peer 'org.a11y.atspi.Registry': unit failed

[07:44:12.959080] {Default Queue}  -> wl_buffer#37.destroy()
[07:44:12.959089] {Default Queue}  -> wl_shm_pool#44.destroy()
[07:44:12.963020] {mesa egl display queue}  -> zwp_linux_dmabuf_v1#39.create_params(new id zwp_linux_buffer_params_v1#45)
[07:44:12.963041] {mesa egl surface queue}  -> zwp_linux_buffer_params_v1#45.add(fd 30, 0, 0, 3584, 16777216, 15)
[07:44:12.963049] {mesa egl surface queue}  -> zwp_linux_buffer_params_v1#45.add(fd 32, 1, 229376, 448, 16777216, 15)
[07:44:12.963053] {mesa egl surface queue}  -> zwp_linux_buffer_params_v1#45.add(fd 41, 2, 233472, 64, 16777216, 15)
[07:44:12.963057] {mesa egl surface queue}  -> zwp_linux_buffer_params_v1#45.create_immed(new id wl_buffer#47, 800, 48, 875713089, 0)
[07:44:12.963062] {mesa egl surface queue}  -> zwp_linux_buffer_params_v1#45.destroy()
[07:44:12.963065] {mesa egl surface queue}  -> wl_surface#41.attach(wl_buffer#47, 0, 0)
[07:44:12.963068] {mesa egl surface queue}  -> wl_surface#41.damage(0, 0, 2147483647, 2147483647)
[07:44:12.963077] {mesa egl surface queue}  -> wl_surface#41.commit()
[07:44:12.963089] {mesa egl surface queue}  -> wl_display#1.sync(new id wl_callback#48)
view-refused: commit-preflight
surface-inspection: {"surfaceProtocol":2,"kind":"surface-inspection","publication":"0","lease":"0","body":{"phase":"Detached","transaction":"Idle","groups":[],"picker":null,"openerId":"applications:detached:0:control:opener","reconnectId":"reconnect"}}
[07:44:12.963336] discarded [unknown]#37.[event 0](0 fd, 8 byte)
[07:44:12.963344] {Display Queue} wl_display#1.delete_id(37)
[07:44:12.963349] {Display Queue} wl_display#1.delete_id(44)
[07:44:12.963351] {Display Queue} wl_display#1.delete_id(45)
[07:44:12.963354] {Display Queue} wl_display#1.delete_id(48)
backend-frame: {"protocolVersion":3,"kind":"attached","binding":{"lifetime":"18229039072351658459","session":"5553333572191155660","frontend":"1"},"compositor":{"pid":491320,"instance":"efb50993780079460b0cbed1363e2166a2de1d9f_1791099845_555908189","coreHash":"efb50993780079460b0cbed1363e2166a2de1d9f_aq_0.15_hu_0.14_hg_0.5_hc_0.1_hlg_0.6"},"capabilities":{"observe":true,"effects":true,"minimizedState":true,"effectProtocol":1,"operations":["minimize","restore","activate"],"canonicalScene":false,"taskbarProjectionProtocol":1,"effectInvalidationProtocol":1}}
backend-frame: {"protocolVersion":3,"kind":"host-uncertain","binding":{"lifetime":"18229039072351658459","session":"5553333572191155660","frontend":"1"},"intent":{"request":"2","generation":"2","incarnation":"2","operation":"restore","context":{"lifetime":"18229039072351658459","epoch":"1","output":"1","revision":"2"}}}
frontend-request: {"protocolVersion":3,"kind":"projection-request","binding":{"lifetime":"18229039072351658459","session":"5553333572191155660","frontend":"1"},"requestId":"1"}
surface-commit: publication=1 lease=0 open=0
view-commit: popup=0 focus=1 publication=1
surface-inspection: {"surfaceProtocol":2,"kind":"surface-inspection","publication":"1","lease":"0","body":{"phase":"Awaiting","transaction":"Idle","groups":[],"picker":null,"openerId":"applications:{\"lifetime\":\"18229039072351658459\",\"session\":\"5553333572191155660\",\"frontend\":\"1\"}:1:control:opener","reconnectId":"reconnect"}}
backend-frame: {"protocolVersion":3,"kind":"action-projection","binding":{"lifetime":"18229039072351658459","session":"5553333572191155660","frontend":"1"},"requestId":"1","context":{"lifetime":"18229039072351658459","epoch":"1","output":"1","revision":"2"},"scene":{"revision":"2","focused":null,"windows":[{"incarnation":"2","application":"GTK Application","label":"ELM-AUTHORITY-FIXTURE","minimized":true,"owner":null,"available":true}]}}
surface-commit: publication=2 lease=0 open=0
view-commit: popup=0 focus=1 publication=2
surface-inspection: {"surfaceProtocol":2,"kind":"surface-inspection","publication":"2","lease":"0","body":{"phase":"Awaiting","transaction":"Unknown","groups":[],"picker":null,"openerId":"applications:{\"lifetime\":\"18229039072351658459\",\"session\":\"5553333572191155660\",\"frontend\":\"1\"}:1:control:opener","reconnectId":"reconnect"}}
surface-commit: publication=3 lease=0 open=0
view-commit: popup=0 focus=1 publication=3
surface-inspection: {"surfaceProtocol":2,"kind":"surface-inspection","publication":"3","lease":"0","body":{"phase":"Coherent","transaction":"Unknown","groups":[{"key":"application:GTK Application","domId":"group:{\"lifetime\":\"18229039072351658459\",\"session\":\"5553333572191155660\",\"frontend\":\"1\"}:1:2:application:GTK Application","title":"ELM-AUTHORITY-FIXTURE","active":false,"expanded":false}],"picker":null,"openerId":"applications:{\"lifetime\":\"18229039072351658459\",\"session\":\"5553333572191155660\",\"frontend\":\"1\"}:1:control:opener","reconnectId":"reconnect"}}
[07:44:13.047110] {mesa egl surface queue} wl_callback#48.done(34)
[07:44:13.047419] {mesa egl display queue}  -> zwp_linux_dmabuf_v1#39.create_params(new id zwp_linux_buffer_params_v1#48)
[07:44:13.047433] {mesa egl surface queue}  -> zwp_linux_buffer_params_v1#48.add(fd 30, 0, 0, 3584, 16777216, 15)
[07:44:13.047442] {mesa egl surface queue}  -> zwp_linux_buffer_params_v1#48.add(fd 32, 1, 229376, 448, 16777216, 15)
[07:44:13.047454] {mesa egl surface queue}  -> zwp_linux_buffer_params_v1#48.add(fd 41, 2, 233472, 64, 16777216, 15)
[07:44:13.047457] {mesa egl surface queue}  -> zwp_linux_buffer_params_v1#48.create_immed(new id wl_buffer#45, 800, 48, 875713089, 0)
[07:44:13.047461] {mesa egl surface queue}  -> zwp_linux_buffer_params_v1#48.destroy()
[07:44:13.047464] {mesa egl surface queue}  -> wl_surface#41.attach(wl_buffer#45, 0, 0)
[07:44:13.047467] {mesa egl surface queue}  -> wl_surface#41.damage(0, 0, 2147483647, 2147483647)
[07:44:13.047469] {mesa egl surface queue}  -> wl_surface#41.commit()
[07:44:13.047471] {mesa egl surface queue}  -> wl_display#1.sync(new id wl_callback#44)
[07:44:13.047874] {Display Queue} wl_display#1.delete_id(48)
[07:44:13.047888] {Display Queue} wl_display#1.delete_id(44)
surface-report: origin=bar {"kind":"surface-report","body":{"publication":"3","lease":"0","buttons":[{"id":"applications:{\"lifetime\":\"18229039072351658459\",\"session\":\"5553333572191155660\",\"frontend\":\"1\"}:1:control:opener","label":"Applications","accessibleName":"Open applications","disabled":false,"x":3,"y":3,"width":112.28125,"height":36},{"id":"group:{\"lifetime\":\"18229039072351658459\",\"session\":\"5553333572191155660\",\"frontend\":\"1\"}:1:2:application:GTK Application","label":"ELM-AUTHORITY-FIXTURE1","accessibleName":"Restore ELM-AUTHORITY-FIXTURE","disabled":false,"x":121.28125,"y":3,"width":237.875,"height":36}],"focus":"","text":"ApplicationsELM-AUTHORITY-FIXTURE1Connected The last request could not be confirmed."}}
view-report: id=1 x=0 y=0 {"kind":"surface-report","body":{"publication":"3","lease":"0","buttons":[{"id":"applications:{\"lifetime\":\"18229039072351658459\",\"session\":\"5553333572191155660\",\"frontend\":\"1\"}:1:control:opener","label":"Applications","accessibleName":"Open applications","disabled":false,"x":3,"y":3,"width":112.28125,"height":36},{"id":"group:{\"lifetime\":\"18229039072351658459\",\"session\":\"5553333572191155660\",\"frontend\":\"1\"}:1:2:application:GTK Application","label":"ELM-AUTHORITY-FIXTURE1","accessibleName":"Restore ELM-AUTHORITY-FIXTURE","disabled":false,"x":121.28125,"y":3,"width":237.875,"height":36}],"focus":"","text":"ApplicationsELM-AUTHORITY-FIXTURE1Connected The last request could not be confirmed."}}
[07:44:14.221055] {Default Queue} wl_pointer#21.enter(35, wl_surface#41, 240.00000000, 21.00000000)
[07:44:14.221089] {Default Queue} wl_pointer#21.frame()
[07:44:14.221147] {Default Queue}  -> wp_cursor_shape_device_v1#30.set_shape(35, 1)
[07:44:14.221152] {Default Queue} wl_pointer#21.motion(67958863, 240.00000000, 21.00000000)
[07:44:14.221156] {Default Queue} wl_pointer#21.frame()
[07:44:14.321610] {Default Queue} wl_pointer#21.button(36, 67958963, 272, 1)
[07:44:14.321635] {Default Queue} wl_pointer#21.frame()
surface-report: origin=bar {"kind":"surface-report","body":{"publication":"3","lease":"0","buttons":[{"id":"applications:{\"lifetime\":\"18229039072351658459\",\"session\":\"5553333572191155660\",\"frontend\":\"1\"}:1:control:opener","label":"Applications","accessibleName":"Open applications","disabled":false,"x":3,"y":3,"width":112.28125,"height":36},{"id":"group:{\"lifetime\":\"18229039072351658459\",\"session\":\"5553333572191155660\",\"frontend\":\"1\"}:1:2:application:GTK Application","label":"ELM-AUTHORITY-FIXTURE1","accessibleName":"Restore ELM-AUTHORITY-FIXTURE","disabled":false,"x":121.28125,"y":3,"width":237.875,"height":36}],"focus":"group:{\"lifetime\":\"18229039072351658459\",\"session\":\"5553333572191155660\",\"frontend\":\"1\"}:1:2:application:GTK Application","text":"ApplicationsELM-AUTHORITY-FIXTURE1Connected The last request could not be confirmed."}}
view-report: id=1 x=0 y=0 {"kind":"surface-report","body":{"publication":"3","lease":"0","buttons":[{"id":"applications:{\"lifetime\":\"18229039072351658459\",\"session\":\"5553333572191155660\",\"frontend\":\"1\"}:1:control:opener","label":"Applications","accessibleName":"Open applications","disabled":false,"x":3,"y":3,"width":112.28125,"height":36},{"id":"group:{\"lifetime\":\"18229039072351658459\",\"session\":\"5553333572191155660\",\"frontend\":\"1\"}:1:2:application:GTK Application","label":"ELM-AUTHORITY-FIXTURE1","accessibleName":"Restore ELM-AUTHORITY-FIXTURE","disabled":false,"x":121.28125,"y":3,"width":237.875,"height":36}],"focus":"group:{\"lifetime\":\"18229039072351658459\",\"session\":\"5553333572191155660\",\"frontend\":\"1\"}:1:2:application:GTK Application","text":"ApplicationsELM-AUTHORITY-FIXTURE1Connected The last request could not be confirmed."}}
[07:44:14.371962] {Default Queue} wl_pointer#21.button(37, 67959014, 272, 0)
[07:44:14.371997] {Default Queue} wl_pointer#21.frame()
host-intent-durable: {"schema":1,"binding":{"lifetime":"18229039072351658459","session":"5553333572191155660","frontend":"1"},"intent":{"request":"3","generation":"3","incarnation":"2","operation":"restore","context":{"lifetime":"18229039072351658459","epoch":"1","output":"1","revision":"2"}},"status":"Pending"}
frontend-request: {"protocolVersion":3,"kind":"window-effect","effectProtocol":1,"binding":{"lifetime":"18229039072351658459","session":"5553333572191155660","frontend":"1"},"intent":{"request":"3","generation":"3","incarnation":"2","operation":"restore","context":{"lifetime":"18229039072351658459","epoch":"1","output":"1","revision":"2"}}}
surface-commit: publication=4 lease=0 open=0
view-commit: popup=0 focus=1 publication=4
surface-inspection: {"surfaceProtocol":2,"kind":"surface-inspection","publication":"4","lease":"0","body":{"phase":"Coherent","transaction":"Pending","groups":[{"key":"application:GTK Application","domId":"group:{\"lifetime\":\"18229039072351658459\",\"session\":\"5553333572191155660\",\"frontend\":\"1\"}:1:2:application:GTK Application","title":"ELM-AUTHORITY-FIXTURE","active":false,"expanded":false}],"picker":null,"openerId":"applications:{\"lifetime\":\"18229039072351658459\",\"session\":\"5553333572191155660\",\"frontend\":\"1\"}:1:control:opener","reconnectId":"reconnect"}}
backend-frame: {"protocolVersion":3,"kind":"effect-outcome","effectProtocol":1,"binding":{"lifetime":"18229039072351658459","session":"5553333572191155660","frontend":"1"},"intent":{"request":"3","generation":"3","incarnation":"2","operation":"restore","context":{"lifetime":"18229039072351658459","epoch":"1","output":"1","revision":"2"}},"status":"Committed","reason":"applied","revision":"3","outputGeneration":"1"}
backend-frame: {"protocolVersion":3,"kind":"host-refresh"}
frontend-request: {"protocolVersion":3,"kind":"projection-request","binding":{"lifetime":"18229039072351658459","session":"5553333572191155660","frontend":"1"},"requestId":"2"}
surface-commit: publication=5 lease=0 open=0
view-commit: popup=0 focus=1 publication=5
surface-inspection: {"surfaceProtocol":2,"kind":"surface-inspection","publication":"5","lease":"0","body":{"phase":"Awaiting","transaction":"Committed","groups":[{"key":"application:GTK Application","domId":"group:{\"lifetime\":\"18229039072351658459\",\"session\":\"5553333572191155660\",\"frontend\":\"1\"}:1:2:application:GTK Application","title":"ELM-AUTHORITY-FIXTURE","active":false,"expanded":false}],"picker":null,"openerId":"applications:{\"lifetime\":\"18229039072351658459\",\"session\":\"5553333572191155660\",\"frontend\":\"1\"}:1:control:opener","reconnectId":"reconnect"}}
frontend-request: {"protocolVersion":3,"kind":"projection-request","binding":{"lifetime":"18229039072351658459","session":"5553333572191155660","frontend":"1"},"requestId":"3"}
surface-commit: publication=6 lease=0 open=0
view-commit: popup=0 focus=1 publication=6
surface-inspection: {"surfaceProtocol":2,"kind":"surface-inspection","publication":"6","lease":"0","body":{"phase":"Awaiting","transaction":"Committed","groups":[{"key":"application:GTK Application","domId":"group:{\"lifetime\":\"18229039072351658459\",\"session\":\"5553333572191155660\",\"frontend\":\"1\"}:1:2:application:GTK Application","title":"ELM-AUTHORITY-FIXTURE","active":false,"expanded":false}],"picker":null,"openerId":"applications:{\"lifetime\":\"18229039072351658459\",\"session\":\"5553333572191155660\",\"frontend\":\"1\"}:1:control:opener","reconnectId":"reconnect"}}
backend-frame: {"protocolVersion":3,"kind":"action-projection","binding":{"lifetime":"18229039072351658459","session":"5553333572191155660","frontend":"1"},"requestId":"2","context":{"lifetime":"18229039072351658459","epoch":"1","output":"1","revision":"3"},"scene":{"revision":"3","focused":"2","windows":[{"incarnation":"2","application":"GTK Application","label":"ELM-AUTHORITY-FIXTURE","minimized":false,"owner":null,"available":true}]}}
backend-frame: {"protocolVersion":3,"kind":"action-projection","binding":{"lifetime":"18229039072351658459","session":"5553333572191155660","frontend":"1"},"requestId":"3","context":{"lifetime":"18229039072351658459","epoch":"1","output":"1","revision":"3"},"scene":{"revision":"3","focused":"2","windows":[{"incarnation":"2","application":"GTK Application","label":"ELM-AUTHORITY-FIXTURE","minimized":false,"owner":null,"available":true}]}}
surface-inspection: {"surfaceProtocol":2,"kind":"surface-inspection","publication":"6","lease":"0","body":{"phase":"Awaiting","transaction":"Committed","groups":[{"key":"application:GTK Application","domId":"group:{\"lifetime\":\"18229039072351658459\",\"session\":\"5553333572191155660\",\"frontend\":\"1\"}:1:2:application:GTK Application","title":"ELM-AUTHORITY-FIXTURE","active":false,"expanded":false}],"picker":null,"openerId":"applications:{\"lifetime\":\"18229039072351658459\",\"session\":\"5553333572191155660\",\"frontend\":\"1\"}:1:control:opener","reconnectId":"reconnect"}}
surface-commit: publication=7 lease=0 open=0
view-commit: popup=0 focus=1 publication=7
surface-inspection: {"surfaceProtocol":2,"kind":"surface-inspection","publication":"7","lease":"0","body":{"phase":"Coherent","transaction":"Committed","groups":[{"key":"application:GTK Application","domId":"group:{\"lifetime\":\"18229039072351658459\",\"session\":\"5553333572191155660\",\"frontend\":\"1\"}:1:3:application:GTK Application","title":"ELM-AUTHORITY-FIXTURE","active":true,"expanded":false}],"picker":null,"openerId":"applications:{\"lifetime\":\"18229039072351658459\",\"session\":\"5553333572191155660\",\"frontend\":\"1\"}:1:control:opener","reconnectId":"reconnect"}}
[07:44:14.385746] {mesa egl surface queue} wl_buffer#47.release()
[07:44:14.385773] {mesa egl surface queue}  -> wl_buffer#47.destroy()
[07:44:14.385780] {mesa egl surface queue} wl_callback#44.done(34)
[07:44:14.386598] {mesa egl display queue}  -> zwp_linux_dmabuf_v1#39.create_params(new id zwp_linux_buffer_params_v1#44)
[07:44:14.386610] {mesa egl surface queue}  -> zwp_linux_buffer_params_v1#44.add(fd 30, 0, 0, 3584, 16777216, 15)
[07:44:14.386614] {mesa egl surface queue}  -> zwp_linux_buffer_params_v1#44.add(fd 32, 1, 229376, 448, 16777216, 15)
[07:44:14.386617] {mesa egl surface queue}  -> zwp_linux_buffer_params_v1#44.add(fd 41, 2, 233472, 64, 16777216, 15)
[07:44:14.386620] {mesa egl surface queue}  -> zwp_linux_buffer_params_v1#44.create_immed(new id wl_buffer#48, 800, 48, 875713089, 0)
[07:44:14.386624] {mesa egl surface queue}  -> zwp_linux_buffer_params_v1#44.destroy()
[07:44:14.386626] {mesa egl surface queue}  -> wl_surface#41.attach(wl_buffer#48, 0, 0)
[07:44:14.386629] {mesa egl surface queue}  -> wl_surface#41.damage(0, 0, 2147483647, 2147483647)
[07:44:14.386631] {mesa egl surface queue}  -> wl_surface#41.commit()
[07:44:14.386633] {mesa egl surface queue}  -> wl_display#1.sync(new id wl_callback#37)
[07:44:14.386759] discarded [unknown]#47.[event 0](0 fd, 8 byte)
[07:44:14.386762] discarded [unknown]#47.[event 0](0 fd, 8 byte)
[07:44:14.386767] {Display Queue} wl_display#1.delete_id(47)
[07:44:14.386769] {Display Queue} wl_display#1.delete_id(44)
[07:44:14.386771] {Display Queue} wl_display#1.delete_id(37)
surface-report: origin=bar {"kind":"surface-report","body":{"publication":"7","lease":"0","buttons":[{"id":"applications:{\"lifetime\":\"18229039072351658459\",\"session\":\"5553333572191155660\",\"frontend\":\"1\"}:1:control:opener","label":"Applications","accessibleName":"Open applications","disabled":false,"x":3,"y":3,"width":112.28125,"height":36},{"id":"group:{\"lifetime\":\"18229039072351658459\",\"session\":\"5553333572191155660\",\"frontend\":\"1\"}:1:3:application:GTK Application","label":"ELM-AUTHORITY-FIXTURE1","accessibleName":"Minimize ELM-AUTHORITY-FIXTURE","disabled":false,"x":121.28125,"y":3,"width":237.875,"height":36}],"focus":"group:{\"lifetime\":\"18229039072351658459\",\"session\":\"5553333572191155660\",\"frontend\":\"1\"}:1:3:application:GTK Application","text":"ApplicationsELM-AUTHORITY-FIXTURE1Connected"}}
view-report: id=1 x=0 y=0 {"kind":"surface-report","body":{"publication":"7","lease":"0","buttons":[{"id":"applications:{\"lifetime\":\"18229039072351658459\",\"session\":\"5553333572191155660\",\"frontend\":\"1\"}:1:control:opener","label":"Applications","accessibleName":"Open applications","disabled":false,"x":3,"y":3,"width":112.28125,"height":36},{"id":"group:{\"lifetime\":\"18229039072351658459\",\"session\":\"5553333572191155660\",\"frontend\":\"1\"}:1:3:application:GTK Application","label":"ELM-AUTHORITY-FIXTURE1","accessibleName":"Minimize ELM-AUTHORITY-FIXTURE","disabled":false,"x":121.28125,"y":3,"width":237.875,"height":36}],"focus":"group:{\"lifetime\":\"18229039072351658459\",\"session\":\"5553333572191155660\",\"frontend\":\"1\"}:1:3:application:GTK Application","text":"ApplicationsELM-AUTHORITY-FIXTURE1Connected"}}
Web process terminated: 0
Web process terminated: 0
Web process terminated: 0
[07:44:14.882109] {Default Queue}  -> wl_display#1.sync(new id wl_callback#44)
[07:44:14.882165] {Display Queue} wl_display#1.delete_id(44)
[07:44:14.882169] {Default Queue} wl_callback#44.done(44)
backend-exit: waited=1 normal=1 code=0
native-recovery-ready: views=1 backend-normal=1
recovery-control: id=1 x=195 y=4 w=84 h=40
[07:44:14.892122] {mesa egl surface queue} wl_buffer#45.release()
[07:44:14.892128] {mesa egl surface queue} wl_callback#37.done(40)
[07:44:14.892607] {Default Queue}  -> wl_surface#41.set_input_region(nil)
[07:44:14.893807] {mesa egl surface queue}  -> wl_surface#41.attach(wl_buffer#45, 0, 0)
[07:44:14.893817] {mesa egl surface queue}  -> wl_surface#41.damage(0, 0, 2147483647, 2147483647)
[07:44:14.893820] {mesa egl surface queue}  -> wl_surface#41.commit()
[07:44:14.893823] {mesa egl surface queue}  -> wl_display#1.sync(new id wl_callback#37)
[07:44:14.894107] {Display Queue} wl_display#1.delete_id(37)
[07:44:14.915061] {mesa egl surface queue} wl_callback#37.done(44)
[07:44:14.915075] {mesa egl surface queue} wl_buffer#48.release()
[07:44:14.915727] {mesa egl surface queue}  -> wl_surface#41.attach(wl_buffer#48, 0, 0)
[07:44:14.915735] {mesa egl surface queue}  -> wl_surface#41.damage(0, 0, 2147483647, 2147483647)
[07:44:14.915739] {mesa egl surface queue}  -> wl_surface#41.commit()
[07:44:14.915741] {mesa egl surface queue}  -> wl_display#1.sync(new id wl_callback#37)
[07:44:14.915810] {Display Queue} wl_display#1.delete_id(37)
[07:44:14.931878] {mesa egl surface queue} wl_callback#37.done(44)
[07:44:14.931892] {mesa egl surface queue} wl_buffer#45.release()
[07:44:14.932579] {mesa egl surface queue}  -> wl_surface#41.attach(wl_buffer#45, 0, 0)
[07:44:14.932589] {mesa egl surface queue}  -> wl_surface#41.damage(0, 0, 2147483647, 2147483647)
[07:44:14.932593] {mesa egl surface queue}  -> wl_surface#41.commit()
[07:44:14.932596] {mesa egl surface queue}  -> wl_display#1.sync(new id wl_callback#37)
[07:44:14.932803] {Display Queue} wl_display#1.delete_id(37)
[07:44:14.948742] {mesa egl surface queue} wl_callback#37.done(44)
[07:44:14.948755] {mesa egl surface queue} wl_buffer#48.release()
[07:44:14.949374] {mesa egl surface queue}  -> wl_surface#41.attach(wl_buffer#48, 0, 0)
[07:44:14.949382] {mesa egl surface queue}  -> wl_surface#41.damage(0, 0, 2147483647, 2147483647)
[07:44:14.949386] {mesa egl surface queue}  -> wl_surface#41.commit()
[07:44:14.949389] {mesa egl surface queue}  -> wl_display#1.sync(new id wl_callback#37)
[07:44:14.949425] {Display Queue} wl_display#1.delete_id(37)
[07:44:14.965673] {mesa egl surface queue} wl_callback#37.done(44)
[07:44:14.965696] {mesa egl surface queue} wl_buffer#45.release()
[07:44:14.966245] {mesa egl surface queue}  -> wl_surface#41.attach(wl_buffer#45, 0, 0)
[07:44:14.966254] {mesa egl surface queue}  -> wl_surface#41.damage(0, 0, 2147483647, 2147483647)
[07:44:14.966257] {mesa egl surface queue}  -> wl_surface#41.commit()
[07:44:14.966260] {mesa egl surface queue}  -> wl_display#1.sync(new id wl_callback#37)
[07:44:14.966299] {Display Queue} wl_display#1.delete_id(37)
[07:44:14.982488] {mesa egl surface queue} wl_callback#37.done(44)
[07:44:14.982513] {mesa egl surface queue} wl_buffer#48.release()
[07:44:14.982871] {mesa egl surface queue}  -> wl_surface#41.attach(wl_buffer#48, 0, 0)
[07:44:14.982881] {mesa egl surface queue}  -> wl_surface#41.damage(0, 0, 2147483647, 2147483647)
[07:44:14.982884] {mesa egl surface queue}  -> wl_surface#41.commit()
[07:44:14.982887] {mesa egl surface queue}  -> wl_display#1.sync(new id wl_callback#37)
[07:44:14.983115] {Display Queue} wl_display#1.delete_id(37)
[07:44:14.999043] {mesa egl surface queue} wl_callback#37.done(44)
[07:44:14.999058] {mesa egl surface queue} wl_buffer#45.release()
[07:44:14.999648] {mesa egl surface queue}  -> wl_surface#41.attach(wl_buffer#45, 0, 0)
[07:44:14.999657] {mesa egl surface queue}  -> wl_surface#41.damage(0, 0, 2147483647, 2147483647)
[07:44:14.999661] {mesa egl surface queue}  -> wl_surface#41.commit()
[07:44:14.999663] {mesa egl surface queue}  -> wl_display#1.sync(new id wl_callback#37)
[07:44:14.999697] {Display Queue} wl_display#1.delete_id(37)
[07:44:15.015818] {mesa egl surface queue} wl_callback#37.done(44)
[07:44:15.015834] {mesa egl surface queue} wl_buffer#48.release()
[07:44:15.016407] {mesa egl surface queue}  -> wl_surface#41.attach(wl_buffer#48, 0, 0)
[07:44:15.016416] {mesa egl surface queue}  -> wl_surface#41.damage(0, 0, 2147483647, 2147483647)
[07:44:15.016420] {mesa egl surface queue}  -> wl_surface#41.commit()
[07:44:15.016422] {mesa egl surface queue}  -> wl_display#1.sync(new id wl_callback#37)
[07:44:15.016462] {Display Queue} wl_display#1.delete_id(37)
[07:44:15.032718] {mesa egl surface queue} wl_callback#37.done(44)
[07:44:15.032733] {mesa egl surface queue} wl_buffer#45.release()
[07:44:15.033304] {mesa egl surface queue}  -> wl_surface#41.attach(wl_buffer#45, 0, 0)
[07:44:15.033313] {mesa egl surface queue}  -> wl_surface#41.damage(0, 0, 2147483647, 2147483647)
[07:44:15.033316] {mesa egl surface queue}  -> wl_surface#41.commit()
[07:44:15.033319] {mesa egl surface queue}  -> wl_display#1.sync(new id wl_callback#37)
[07:44:15.033364] {Display Queue} wl_display#1.delete_id(37)
[07:44:15.049553] {mesa egl surface queue} wl_callback#37.done(44)
[07:44:15.049571] {mesa egl surface queue} wl_buffer#48.release()
[07:44:15.050141] {mesa egl surface queue}  -> wl_surface#41.attach(wl_buffer#48, 0, 0)
[07:44:15.050149] {mesa egl surface queue}  -> wl_surface#41.damage(0, 0, 2147483647, 2147483647)
[07:44:15.050152] {mesa egl surface queue}  -> wl_surface#41.commit()
[07:44:15.050155] {mesa egl surface queue}  -> wl_display#1.sync(new id wl_callback#37)
[07:44:15.050249] {Display Queue} wl_display#1.delete_id(37)
[07:44:15.066489] {mesa egl surface queue} wl_callback#37.done(44)
[07:44:15.066511] {mesa egl surface queue} wl_buffer#45.release()
[07:44:15.066820] {mesa egl surface queue}  -> wl_surface#41.attach(wl_buffer#45, 0, 0)
[07:44:15.066829] {mesa egl surface queue}  -> wl_surface#41.damage(0, 0, 2147483647, 2147483647)
[07:44:15.066832] {mesa egl surface queue}  -> wl_surface#41.commit()
[07:44:15.066834] {mesa egl surface queue}  -> wl_display#1.sync(new id wl_callback#37)
[07:44:15.066953] {Display Queue} wl_display#1.delete_id(37)
[07:44:15.082981] {mesa egl surface queue} wl_callback#37.done(44)
[07:44:15.082997] {mesa egl surface queue} wl_buffer#48.release()
[07:44:15.083561] {mesa egl surface queue}  -> wl_surface#41.attach(wl_buffer#48, 0, 0)
[07:44:15.083569] {mesa egl surface queue}  -> wl_surface#41.damage(0, 0, 2147483647, 2147483647)
[07:44:15.083580] {mesa egl surface queue}  -> wl_surface#41.commit()
[07:44:15.083592] {mesa egl surface queue}  -> wl_display#1.sync(new id wl_callback#37)
[07:44:15.083694] {Display Queue} wl_display#1.delete_id(37)
[07:44:15.099769] {mesa egl surface queue} wl_callback#37.done(44)
[07:44:15.099786] {mesa egl surface queue} wl_buffer#45.release()
[07:44:15.100317] {mesa egl surface queue}  -> wl_surface#41.attach(wl_buffer#45, 0, 0)
[07:44:15.100325] {mesa egl surface queue}  -> wl_surface#41.damage(0, 0, 2147483647, 2147483647)
[07:44:15.100328] {mesa egl surface queue}  -> wl_surface#41.commit()
[07:44:15.100331] {mesa egl surface queue}  -> wl_display#1.sync(new id wl_callback#37)
[07:44:15.100425] {Display Queue} wl_display#1.delete_id(37)
[07:44:15.116505] {mesa egl surface queue} wl_callback#37.done(44)
[07:44:15.116524] {mesa egl surface queue} wl_buffer#48.release()
[07:44:15.117074] {mesa egl surface queue}  -> wl_surface#41.attach(wl_buffer#48, 0, 0)
[07:44:15.117082] {mesa egl surface queue}  -> wl_surface#41.damage(0, 0, 2147483647, 2147483647)
[07:44:15.117085] {mesa egl surface queue}  -> wl_surface#41.commit()
[07:44:15.117087] {mesa egl surface queue}  -> wl_display#1.sync(new id wl_callback#37)
[07:44:15.117194] {Display Queue} wl_display#1.delete_id(37)
[07:44:15.288177] {Default Queue}  -> wl_display#1.sync(new id wl_callback#44)
[07:44:15.288282] {Display Queue} wl_display#1.delete_id(44)
[07:44:15.288287] {Default Queue} wl_callback#44.done(48)
[07:44:15.288312] {Default Queue}  -> zwlr_layer_surface_v1#43.destroy()
[07:44:15.288332] {Default Queue}  -> wl_surface#41.destroy()
[07:44:15.288351] {mesa egl surface queue}  -> wl_buffer#45.destroy()
[07:44:15.288367] {mesa egl surface queue}  -> wl_buffer#48.destroy()
[07:44:15.288371] {mesa egl surface queue}  -> zwp_linux_dmabuf_feedback_v1#46.destroy()
view-retired: id=1
[07:44:15.290200] discarded [unknown]#45.[event 0](0 fd, 8 byte)
[07:44:15.290210] discarded [unknown]#45.[event 0](0 fd, 8 byte)
[07:44:15.290213] discarded [unknown]#48.[event 0](0 fd, 8 byte)
[07:44:15.290217] {Display Queue} wl_display#1.delete_id(43)
[07:44:15.290223] {Display Queue} wl_display#1.delete_id(45)
[07:44:15.290230] {Display Queue} wl_display#1.delete_id(46)
[07:44:15.290233] {Display Queue} wl_display#1.delete_id(41)
[07:44:15.290235] {Default Queue} wl_pointer#21.leave(50, nil)
[07:44:15.290237] {Default Queue} wl_pointer#21.frame()
[07:44:15.310710] discarded [unknown]#48.[event 0](0 fd, 8 byte)
[07:44:15.310718] discarded [unknown]#48.[event 0](0 fd, 8 byte)
[07:44:15.310724] {Display Queue} wl_display#1.delete_id(48)
shared-host-exit: failure=1 rendered=1
