[  0%] Generating Lua API stubs for LuaLS
[  1%] Built target libudis86
[  2%] Built target hyprctl
[  3%] Built target start-hyprland
[lua-stubs] unchanged: /home/hoskinson/window-behavior-spec/pin-maximized-core-v2-implementation/core/meta/hl.meta.lua
[  3%] Built target generate-lua-stubs
[  3%] Building CXX object CMakeFiles/hyprland_lib.dir/src/Compositor.cpp.o
[  3%] Building CXX object CMakeFiles/hyprland_lib.dir/src/animation/AnimationManager.cpp.o
[  4%] Building CXX object CMakeFiles/hyprland_lib.dir/src/animation/WorkspaceAnimationController.cpp.o
[  4%] Building CXX object CMakeFiles/hyprland_lib.dir/src/config/legacy/ConfigManager.cpp.o
[  4%] Building CXX object CMakeFiles/hyprland_lib.dir/src/config/legacy/DispatcherTranslator.cpp.o
[  5%] Building CXX object CMakeFiles/hyprland_lib.dir/src/config/lua/LuaBindings.cpp.o
[  5%] Building CXX object CMakeFiles/hyprland_lib.dir/src/config/lua/LuaEventHandler.cpp.o
[  5%] Building CXX object CMakeFiles/hyprland_lib.dir/src/config/lua/bindings/LuaBindingsConfigRules.cpp.o
[  5%] Building CXX object CMakeFiles/hyprland_lib.dir/src/config/lua/bindings/LuaBindingsDispatcherUtils.cpp.o
[  5%] Building CXX object CMakeFiles/hyprland_lib.dir/src/config/lua/bindings/LuaBindingsDispatchers.cpp.o
[  6%] Building CXX object CMakeFiles/hyprland_lib.dir/src/config/lua/bindings/LuaBindingsInternal.cpp.o
[  6%] Building CXX object CMakeFiles/hyprland_lib.dir/src/config/lua/bindings/LuaBindingsNotification.cpp.o
[  6%] Building CXX object CMakeFiles/hyprland_lib.dir/src/config/lua/bindings/LuaBindingsQuery.cpp.o
[  6%] Building CXX object CMakeFiles/hyprland_lib.dir/src/config/lua/bindings/LuaBindingsRegistration.cpp.o
[  6%] Building CXX object CMakeFiles/hyprland_lib.dir/src/config/lua/bindings/LuaBindingsToplevel.cpp.o
[  6%] Building CXX object CMakeFiles/hyprland_lib.dir/src/config/lua/layout/LuaLayoutContext.cpp.o
[  7%] Building CXX object CMakeFiles/hyprland_lib.dir/src/config/lua/layout/LuaLayoutProvider.cpp.o
[  7%] Building CXX object CMakeFiles/hyprland_lib.dir/src/config/lua/layout/LuaLayoutTarget.cpp.o
[  7%] Building CXX object CMakeFiles/hyprland_lib.dir/src/config/lua/objects/LuaEventSubscription.cpp.o
[  7%] Building CXX object CMakeFiles/hyprland_lib.dir/src/config/lua/objects/LuaGroup.cpp.o
[  7%] Building CXX object CMakeFiles/hyprland_lib.dir/src/config/lua/objects/LuaKeybind.cpp.o
[  7%] Building CXX object CMakeFiles/hyprland_lib.dir/src/config/lua/objects/LuaLayerRule.cpp.o
[  9%] Building CXX object CMakeFiles/hyprland_lib.dir/src/config/lua/objects/LuaLayerSurface.cpp.o
[  9%] Building CXX object CMakeFiles/hyprland_lib.dir/src/config/lua/objects/LuaMonitor.cpp.o
[  9%] Building CXX object CMakeFiles/hyprland_lib.dir/src/config/lua/objects/LuaNotification.cpp.o
[  9%] Building CXX object CMakeFiles/hyprland_lib.dir/src/config/lua/objects/LuaTimer.cpp.o
[  9%] Building CXX object CMakeFiles/hyprland_lib.dir/src/config/lua/objects/LuaWindow.cpp.o
[  9%] Building CXX object CMakeFiles/hyprland_lib.dir/src/config/lua/objects/LuaWindowRule.cpp.o
[ 10%] Building CXX object CMakeFiles/hyprland_lib.dir/src/config/lua/objects/LuaWorkspace.cpp.o
[ 10%] Building CXX object CMakeFiles/hyprland_lib.dir/src/config/lua/objects/LuaWorkspaceRule.cpp.o
[ 10%] Building CXX object CMakeFiles/hyprland_lib.dir/src/config/shared/actions/ConfigActions.cpp.o
[ 10%] Building CXX object CMakeFiles/hyprland_lib.dir/src/config/shared/monitor/MonitorRuleManager.cpp.o
[ 11%] Building CXX object CMakeFiles/hyprland_lib.dir/src/config/supplementary/executor/Executor.cpp.o
[ 11%] Building CXX object CMakeFiles/hyprland_lib.dir/src/debug/HyprCtl.cpp.o
[ 11%] Building CXX object CMakeFiles/hyprland_lib.dir/src/debug/Overlay.cpp.o
[ 11%] Building CXX object CMakeFiles/hyprland_lib.dir/src/desktop/Workspace.cpp.o
[ 11%] Building CXX object CMakeFiles/hyprland_lib.dir/src/desktop/history/WorkspaceHistoryTracker.cpp.o
[ 11%] Building CXX object CMakeFiles/hyprland_lib.dir/src/desktop/rule/windowRule/WindowRule.cpp.o
[ 11%] Building CXX object CMakeFiles/hyprland_lib.dir/src/desktop/state/FocusState.cpp.o
[ 12%] Building CXX object CMakeFiles/hyprland_lib.dir/src/desktop/state/GlobalWindowController.cpp.o
[ 12%] Building CXX object CMakeFiles/hyprland_lib.dir/src/desktop/state/ViewHitTester.cpp.o
[ 13%] Building CXX object CMakeFiles/hyprland_lib.dir/src/desktop/state/ViewQuery.cpp.o
[ 13%] Building CXX object CMakeFiles/hyprland_lib.dir/src/desktop/state/WindowFadeout.cpp.o
[ 13%] Building CXX object CMakeFiles/hyprland_lib.dir/src/desktop/state/WindowQuery.cpp.o
[ 14%] Building CXX object CMakeFiles/hyprland_lib.dir/src/desktop/state/pin/NativePinPolicy.cpp.o
[ 14%] Building CXX object CMakeFiles/hyprland_lib.dir/src/desktop/state/pin/NativePinState.cpp.o
[ 14%] Building CXX object CMakeFiles/hyprland_lib.dir/src/desktop/view/Group.cpp.o
[ 14%] Building CXX object CMakeFiles/hyprland_lib.dir/src/desktop/view/LayerSurface.cpp.o
[ 14%] Building CXX object CMakeFiles/hyprland_lib.dir/src/desktop/view/Subsurface.cpp.o
[ 14%] Building CXX object CMakeFiles/hyprland_lib.dir/src/desktop/view/Window.cpp.o
[ 15%] Building CXX object CMakeFiles/hyprland_lib.dir/src/errorOverlay/Overlay.cpp.o
[ 15%] Building CXX object CMakeFiles/hyprland_lib.dir/src/helpers/MiscFunctions.cpp.o
[ 15%] Building CXX object CMakeFiles/hyprland_lib.dir/src/layout/LayoutManager.cpp.o
[ 15%] Building CXX object CMakeFiles/hyprland_lib.dir/src/layout/algorithm/Algorithm.cpp.o
[ 17%] Building CXX object CMakeFiles/hyprland_lib.dir/src/layout/algorithm/FloatingAlgorithm.cpp.o
[ 17%] Building CXX object CMakeFiles/hyprland_lib.dir/src/layout/algorithm/ModeAlgorithm.cpp.o
[ 17%] Building CXX object CMakeFiles/hyprland_lib.dir/src/layout/algorithm/floating/default/DefaultFloatingAlgorithm.cpp.o
[ 17%] Building CXX object CMakeFiles/hyprland_lib.dir/src/layout/algorithm/tiled/dwindle/DwindleAlgorithm.cpp.o
[ 17%] Building CXX object CMakeFiles/hyprland_lib.dir/src/layout/algorithm/tiled/master/MasterAlgorithm.cpp.o
[ 17%] Building CXX object CMakeFiles/hyprland_lib.dir/src/layout/algorithm/tiled/monocle/MonocleAlgorithm.cpp.o
[ 18%] Building CXX object CMakeFiles/hyprland_lib.dir/src/layout/algorithm/tiled/scrolling/NativeScrollingRestore.cpp.o
[ 18%] Building CXX object CMakeFiles/hyprland_lib.dir/src/layout/algorithm/tiled/scrolling/ScrollingAlgorithm.cpp.o
[ 18%] Building CXX object CMakeFiles/hyprland_lib.dir/src/layout/algorithm/tiled/scrolling/ScrollingFullscreenHandler.cpp.o
[ 18%] Building CXX object CMakeFiles/hyprland_lib.dir/src/layout/space/Space.cpp.o
[ 19%] Building CXX object CMakeFiles/hyprland_lib.dir/src/layout/supplementary/DragController.cpp.o
[ 19%] Building CXX object CMakeFiles/hyprland_lib.dir/src/layout/supplementary/WorkspaceAlgoMatcher.cpp.o
[ 19%] Building CXX object CMakeFiles/hyprland_lib.dir/src/layout/target/Target.cpp.o
[ 19%] Building CXX object CMakeFiles/hyprland_lib.dir/src/layout/target/WindowGroupTarget.cpp.o
[ 19%] Building CXX object CMakeFiles/hyprland_lib.dir/src/layout/target/WindowTarget.cpp.o
[ 19%] Building CXX object CMakeFiles/hyprland_lib.dir/src/managers/ANRManager.cpp.o
[ 20%] Building CXX object CMakeFiles/hyprland_lib.dir/src/managers/DonationNagManager.cpp.o
[ 20%] Building CXX object CMakeFiles/hyprland_lib.dir/src/managers/EventManager.cpp.o
[ 20%] Building CXX object CMakeFiles/hyprland_lib.dir/src/managers/KeybindManager.cpp.o
[ 20%] Building CXX object CMakeFiles/hyprland_lib.dir/src/managers/ProtocolManager.cpp.o
[ 20%] Building CXX object CMakeFiles/hyprland_lib.dir/src/managers/SeatManager.cpp.o
[ 20%] Building CXX object CMakeFiles/hyprland_lib.dir/src/managers/SessionLockManager.cpp.o
[ 21%] Building CXX object CMakeFiles/hyprland_lib.dir/src/managers/TokenManager.cpp.o
[ 21%] Building CXX object CMakeFiles/hyprland_lib.dir/src/managers/VersionKeeperManager.cpp.o
[ 21%] Building CXX object CMakeFiles/hyprland_lib.dir/src/managers/WelcomeManager.cpp.o
[ 21%] Building CXX object CMakeFiles/hyprland_lib.dir/src/managers/XCursorManager.cpp.o
[ 21%] Building CXX object CMakeFiles/hyprland_lib.dir/src/managers/XWaylandManager.cpp.o
[ 21%] Building CXX object CMakeFiles/hyprland_lib.dir/src/managers/eventLoop/EventLoopManager.cpp.o
[ 22%] Building CXX object CMakeFiles/hyprland_lib.dir/src/managers/eventLoop/EventLoopTimer.cpp.o
[ 22%] Building CXX object CMakeFiles/hyprland_lib.dir/src/managers/fullscreen/FullscreenController.cpp.o
[ 22%] Building CXX object CMakeFiles/hyprland_lib.dir/src/managers/fullscreen/handler/FullscreenHandler.cpp.o
[ 22%] Building CXX object CMakeFiles/hyprland_lib.dir/src/managers/input/Eis.cpp.o
[ 22%] Building CXX object CMakeFiles/hyprland_lib.dir/src/managers/input/IdleInhibitor.cpp.o
[ 22%] Building CXX object CMakeFiles/hyprland_lib.dir/src/managers/input/InputManager.cpp.o
[ 23%] Building CXX object CMakeFiles/hyprland_lib.dir/src/managers/input/InputMethodPopup.cpp.o
[ 23%] Building CXX object CMakeFiles/hyprland_lib.dir/src/managers/input/InputMethodRelay.cpp.o
[ 23%] Building CXX object CMakeFiles/hyprland_lib.dir/src/managers/input/Tablets.cpp.o
[ 23%] Building CXX object CMakeFiles/hyprland_lib.dir/src/managers/input/TextInput.cpp.o
[ 23%] Building CXX object CMakeFiles/hyprland_lib.dir/src/managers/input/Touch.cpp.o
[ 23%] Building CXX object CMakeFiles/hyprland_lib.dir/src/managers/input/UnifiedWorkspaceSwipeGesture.cpp.o
[ 25%] Building CXX object CMakeFiles/hyprland_lib.dir/src/managers/input/trackpad/TrackpadGestures.cpp.o
[ 25%] Building CXX object CMakeFiles/hyprland_lib.dir/src/managers/input/trackpad/gestures/CloseGesture.cpp.o
[ 25%] Building CXX object CMakeFiles/hyprland_lib.dir/src/managers/input/trackpad/gestures/CursorZoomGesture.cpp.o
[ 25%] Building CXX object CMakeFiles/hyprland_lib.dir/src/managers/input/trackpad/gestures/DispatcherGesture.cpp.o
[ 25%] Building CXX object CMakeFiles/hyprland_lib.dir/src/managers/input/trackpad/gestures/FloatGesture.cpp.o
[ 25%] Building CXX object CMakeFiles/hyprland_lib.dir/src/managers/input/trackpad/gestures/FullscreenGesture.cpp.o
[ 26%] Building CXX object CMakeFiles/hyprland_lib.dir/src/managers/input/trackpad/gestures/ITrackpadGesture.cpp.o
[ 26%] Building CXX object CMakeFiles/hyprland_lib.dir/src/managers/input/trackpad/gestures/LuaFunctionGesture.cpp.o
[ 26%] Building CXX object CMakeFiles/hyprland_lib.dir/src/managers/input/trackpad/gestures/MoveGesture.cpp.o
[ 26%] Building CXX object CMakeFiles/hyprland_lib.dir/src/managers/input/trackpad/gestures/ResizeGesture.cpp.o
[ 26%] Building CXX object CMakeFiles/hyprland_lib.dir/src/managers/input/trackpad/gestures/ScrollMoveGesture.cpp.o
[ 26%] Building CXX object CMakeFiles/hyprland_lib.dir/src/managers/input/trackpad/gestures/SpecialWorkspaceGesture.cpp.o
[ 27%] Building CXX object CMakeFiles/hyprland_lib.dir/src/managers/input/trackpad/gestures/WorkspaceSwipeGesture.cpp.o
[ 27%] Building CXX object CMakeFiles/hyprland_lib.dir/src/managers/permissions/DynamicPermissionManager.cpp.o
[ 27%] Building CXX object CMakeFiles/hyprland_lib.dir/src/managers/screenshare/CursorshareSession.cpp.o
[ 27%] Building CXX object CMakeFiles/hyprland_lib.dir/src/managers/screenshare/ScreenshareFrame.cpp.o
[ 27%] Building CXX object CMakeFiles/hyprland_lib.dir/src/managers/screenshare/ScreenshareManager.cpp.o
[ 28%] Building CXX object CMakeFiles/hyprland_lib.dir/src/managers/screenshare/ScreenshareSession.cpp.o
[ 28%] Building CXX object CMakeFiles/hyprland_lib.dir/src/notification/Notification.cpp.o
[ 28%] Building CXX object CMakeFiles/hyprland_lib.dir/src/notification/NotificationOverlay.cpp.o
[ 28%] Building CXX object CMakeFiles/hyprland_lib.dir/src/output/DamageRing.cpp.o
[ 28%] Building CXX object CMakeFiles/hyprland_lib.dir/src/output/Monitor.cpp.o
[ 28%] Building CXX object CMakeFiles/hyprland_lib.dir/src/output/MonitorFrameScheduler.cpp.o
[ 29%] Building CXX object CMakeFiles/hyprland_lib.dir/src/output/MonitorResources.cpp.o
[ 29%] Building CXX object CMakeFiles/hyprland_lib.dir/src/output/MonitorZoomController.cpp.o
[ 29%] Building CXX object CMakeFiles/hyprland_lib.dir/src/plugins/HookSystem.cpp.o
[ 29%] Building CXX object CMakeFiles/hyprland_lib.dir/src/plugins/PluginAPI.cpp.o
[ 29%] Building CXX object CMakeFiles/hyprland_lib.dir/src/plugins/PluginSystem.cpp.o
[ 29%] Building CXX object CMakeFiles/hyprland_lib.dir/src/pointer/PointerController.cpp.o
[ 30%] Building CXX object CMakeFiles/hyprland_lib.dir/src/pointer/PointerManager.cpp.o
[ 30%] Building CXX object CMakeFiles/hyprland_lib.dir/src/pointer/cursor/CursorManager.cpp.o
[ 30%] Building CXX object CMakeFiles/hyprland_lib.dir/src/pointer/cursor/CursorShapeOverrideController.cpp.o
[ 30%] Building CXX object CMakeFiles/hyprland_lib.dir/src/protocols/AlphaModifier.cpp.o
[ 30%] Building CXX object CMakeFiles/hyprland_lib.dir/src/protocols/BackgroundEffect.cpp.o
[ 30%] Building CXX object CMakeFiles/hyprland_lib.dir/src/protocols/CTMControl.cpp.o
[ 31%] Building CXX object CMakeFiles/hyprland_lib.dir/src/protocols/ColorManagement.cpp.o
[ 31%] Building CXX object CMakeFiles/hyprland_lib.dir/src/protocols/CommitTiming.cpp.o
[ 31%] Building CXX object CMakeFiles/hyprland_lib.dir/src/protocols/ContentType.cpp.o
[ 31%] Building CXX object CMakeFiles/hyprland_lib.dir/src/protocols/CursorShape.cpp.o
[ 31%] Building CXX object CMakeFiles/hyprland_lib.dir/src/protocols/DRMLease.cpp.o
[ 31%] Building CXX object CMakeFiles/hyprland_lib.dir/src/protocols/DRMSyncobj.cpp.o
[ 32%] Building CXX object CMakeFiles/hyprland_lib.dir/src/protocols/DataDeviceWlr.cpp.o
[ 32%] Building CXX object CMakeFiles/hyprland_lib.dir/src/protocols/ExtDataDevice.cpp.o
[ 32%] Building CXX object CMakeFiles/hyprland_lib.dir/src/protocols/ExtWorkspace.cpp.o
[ 32%] Building CXX object CMakeFiles/hyprland_lib.dir/src/protocols/Fifo.cpp.o
[ 32%] Building CXX object CMakeFiles/hyprland_lib.dir/src/protocols/FocusGrab.cpp.o
[ 32%] Building CXX object CMakeFiles/hyprland_lib.dir/src/protocols/ForeignToplevel.cpp.o
[ 34%] Building CXX object CMakeFiles/hyprland_lib.dir/src/protocols/ForeignToplevelWlr.cpp.o
[ 34%] Building CXX object CMakeFiles/hyprland_lib.dir/src/protocols/FractionalScale.cpp.o
[ 34%] Building CXX object CMakeFiles/hyprland_lib.dir/src/protocols/GammaControl.cpp.o
[ 34%] Building CXX object CMakeFiles/hyprland_lib.dir/src/protocols/GlobalShortcuts.cpp.o
[ 34%] Building CXX object CMakeFiles/hyprland_lib.dir/src/protocols/Hotkey.cpp.o
[ 34%] Building CXX object CMakeFiles/hyprland_lib.dir/src/protocols/HyprlandSurface.cpp.o
[ 35%] Building CXX object CMakeFiles/hyprland_lib.dir/src/protocols/IdleInhibit.cpp.o
[ 35%] Building CXX object CMakeFiles/hyprland_lib.dir/src/protocols/IdleNotify.cpp.o
[ 35%] Building CXX object CMakeFiles/hyprland_lib.dir/src/protocols/ImageCaptureSource.cpp.o
[ 35%] Building CXX object CMakeFiles/hyprland_lib.dir/src/protocols/ImageCopyCapture.cpp.o
[ 35%] Building CXX object CMakeFiles/hyprland_lib.dir/src/protocols/InputCapture.cpp.o
[ 35%] Building CXX object CMakeFiles/hyprland_lib.dir/src/protocols/InputMethodV2.cpp.o
[ 36%] Building CXX object CMakeFiles/hyprland_lib.dir/src/protocols/LayerShell.cpp.o
[ 36%] Building CXX object CMakeFiles/hyprland_lib.dir/src/protocols/LinuxDMABUF.cpp.o
[ 36%] Building CXX object CMakeFiles/hyprland_lib.dir/src/protocols/LockNotify.cpp.o
[ 36%] Building CXX object CMakeFiles/hyprland_lib.dir/src/protocols/MesaDRM.cpp.o
[ 36%] Building CXX object CMakeFiles/hyprland_lib.dir/src/protocols/OutputManagement.cpp.o
[ 37%] Building CXX object CMakeFiles/hyprland_lib.dir/src/protocols/OutputPower.cpp.o
[ 37%] Building CXX object CMakeFiles/hyprland_lib.dir/src/protocols/PointerConstraints.cpp.o
[ 37%] Building CXX object CMakeFiles/hyprland_lib.dir/src/protocols/PointerGestures.cpp.o
[ 37%] Building CXX object CMakeFiles/hyprland_lib.dir/src/protocols/PointerWarp.cpp.o
[ 37%] Building CXX object CMakeFiles/hyprland_lib.dir/src/protocols/PresentationTime.cpp.o
[ 37%] Building CXX object CMakeFiles/hyprland_lib.dir/src/protocols/PrimarySelection.cpp.o
[ 38%] Building CXX object CMakeFiles/hyprland_lib.dir/src/protocols/RelativePointer.cpp.o
[ 38%] Building CXX object CMakeFiles/hyprland_lib.dir/src/protocols/Screencopy.cpp.o
[ 38%] Building CXX object CMakeFiles/hyprland_lib.dir/src/protocols/SecurityContext.cpp.o
[ 38%] Building CXX object CMakeFiles/hyprland_lib.dir/src/protocols/ServerDecorationKDE.cpp.o
[ 38%] Building CXX object CMakeFiles/hyprland_lib.dir/src/protocols/SessionLock.cpp.o
[ 38%] Building CXX object CMakeFiles/hyprland_lib.dir/src/protocols/ShortcutsInhibit.cpp.o
[ 39%] Building CXX object CMakeFiles/hyprland_lib.dir/src/protocols/SinglePixel.cpp.o
[ 39%] Building CXX object CMakeFiles/hyprland_lib.dir/src/protocols/Tablet.cpp.o
[ 39%] Building CXX object CMakeFiles/hyprland_lib.dir/src/protocols/TearingControl.cpp.o
[ 39%] Building CXX object CMakeFiles/hyprland_lib.dir/src/protocols/TextInputV1.cpp.o
[ 39%] Building CXX object CMakeFiles/hyprland_lib.dir/src/protocols/TextInputV3.cpp.o
[ 39%] Building CXX object CMakeFiles/hyprland_lib.dir/src/protocols/ToplevelExport.cpp.o
[ 40%] Building CXX object CMakeFiles/hyprland_lib.dir/src/protocols/ToplevelMapping.cpp.o
[ 40%] Building CXX object CMakeFiles/hyprland_lib.dir/src/protocols/Viewporter.cpp.o
[ 40%] Building CXX object CMakeFiles/hyprland_lib.dir/src/protocols/VirtualKeyboard.cpp.o
[ 40%] Building CXX object CMakeFiles/hyprland_lib.dir/src/protocols/VirtualPointer.cpp.o
[ 40%] Building CXX object CMakeFiles/hyprland_lib.dir/src/protocols/WaylandProtocol.cpp.o
[ 40%] Building CXX object CMakeFiles/hyprland_lib.dir/src/protocols/XDGActivation.cpp.o
[ 42%] Building CXX object CMakeFiles/hyprland_lib.dir/src/protocols/XDGBell.cpp.o
[ 42%] Building CXX object CMakeFiles/hyprland_lib.dir/src/protocols/XDGDecoration.cpp.o
[ 42%] Building CXX object CMakeFiles/hyprland_lib.dir/src/protocols/XDGDialog.cpp.o
[ 42%] Building CXX object CMakeFiles/hyprland_lib.dir/src/protocols/XDGForeignV2.cpp.o
[ 42%] Building CXX object CMakeFiles/hyprland_lib.dir/src/protocols/XDGOutput.cpp.o
[ 42%] Building CXX object CMakeFiles/hyprland_lib.dir/src/protocols/XDGShell.cpp.o
In file included from /home/hoskinson/window-behavior-spec/pin-maximized-core-v2-implementation/core/src/protocols/XDGShell.cpp:1:
/home/hoskinson/window-behavior-spec/pin-maximized-core-v2-implementation/core/src/protocols/../desktop/state/pin/NativePinState.hpp:23:27: error: ‘CGroup’ is not a member of ‘Desktop::View’
   23 |         WP<Desktop::View::CGroup> group;
      |                           ^~~~~~
/home/hoskinson/window-behavior-spec/pin-maximized-core-v2-implementation/core/src/protocols/../desktop/state/pin/NativePinState.hpp:23:33: error: template argument 1 is invalid
   23 |         WP<Desktop::View::CGroup> group;
      |                                 ^
cc1plus: note: unrecognized command-line option ‘-Wno-gnu-zero-variadic-macro-arguments’ may have been intended to silence earlier diagnostics
make[2]: *** [CMakeFiles/hyprland_lib.dir/build.make:5360: CMakeFiles/hyprland_lib.dir/src/protocols/XDGShell.cpp.o] Error 1
make[2]: *** Waiting for unfinished jobs....
make[1]: *** [CMakeFiles/Makefile2:1150: CMakeFiles/hyprland_lib.dir/all] Error 2
make: *** [Makefile:166: all] Error 2
