	linux-vdso.so.1 (0x00007f9ef40c7000)
	libgtk-4.so.1 => /usr/lib/libgtk-4.so.1 (0x00007f9ef3400000)
	libpangocairo-1.0.so.0 => /usr/lib/libpangocairo-1.0.so.0 (0x00007f9ef407d000)
	libpango-1.0.so.0 => /usr/lib/libpango-1.0.so.0 (0x00007f9ef400e000)
	libharfbuzz.so.0 => /usr/lib/libharfbuzz.so.0 (0x00007f9ef32c1000)
	libgdk_pixbuf-2.0.so.0 => /usr/lib/libgdk_pixbuf-2.0.so.0 (0x00007f9ef3fd2000)
	libcairo-gobject.so.2 => /usr/lib/libcairo-gobject.so.2 (0x00007f9ef3fc9000)
	libcairo.so.2 => /usr/lib/libcairo.so.2 (0x00007f9ef3184000)
	libvulkan.so.1 => /usr/lib/libvulkan.so.1 (0x00007f9ef30e6000)
	libgraphene-1.0.so.0 => /usr/lib/libgraphene-1.0.so.0 (0x00007f9ef3fab000)
	libjson-glib-1.0.so.0 => /usr/lib/libjson-glib-1.0.so.0 (0x00007f9ef3f81000)
	libgio-2.0.so.0 => /usr/lib/libgio-2.0.so.0 (0x00007f9ef2f07000)
	libgobject-2.0.so.0 => /usr/lib/libgobject-2.0.so.0 (0x00007f9ef2ea4000)
	libglib-2.0.so.0 => /usr/lib/libglib-2.0.so.0 (0x00007f9ef2d41000)
	libwayland-client.so.0 => /usr/lib/libwayland-client.so.0 (0x00007f9ef3f6f000)
	libm.so.6 => /usr/lib/libm.so.6 (0x00007f9ef2c0a000)
	libc.so.6 => /usr/lib/libc.so.6 (0x00007f9ef2800000)
	libgmodule-2.0.so.0 => /usr/lib/libgmodule-2.0.so.0 (0x00007f9ef3f66000)
	libharfbuzz-subset.so.0 => /usr/lib/libharfbuzz-subset.so.0 (0x00007f9ef2ace000)
	libfribidi.so.0 => /usr/lib/libfribidi.so.0 (0x00007f9ef2aae000)
	libfontconfig.so.1 => /usr/lib/libfontconfig.so.1 (0x00007f9ef2a33000)
	libepoxy.so.0 => /usr/lib/libepoxy.so.0 (0x00007f9ef26f3000)
	libgstplay-1.0.so.0 => /usr/lib/libgstplay-1.0.so.0 (0x00007f9ef26cf000)
	libgstvideo-1.0.so.0 => /usr/lib/libgstvideo-1.0.so.0 (0x00007f9ef25f0000)
	libgstreamer-1.0.so.0 => /usr/lib/libgstreamer-1.0.so.0 (0x00007f9ef247d000)
	libgstgl-1.0.so.0 => /usr/lib/libgstgl-1.0.so.0 (0x00007f9ef23e7000)
	libgstallocators-1.0.so.0 => /usr/lib/libgstallocators-1.0.so.0 (0x00007f9ef3f5a000)
	libXi.so.6 => /usr/lib/libXi.so.6 (0x00007f9ef23d2000)
	libX11.so.6 => /usr/lib/libX11.so.6 (0x00007f9ef2290000)
	libpangoft2-1.0.so.0 => /usr/lib/libpangoft2-1.0.so.0 (0x00007f9ef2271000)
	libcloudproviders.so.0 => /usr/lib/libcloudproviders.so.0 (0x00007f9ef2259000)
	libtinysparql-3.0.so.0 => /usr/lib/libtinysparql-3.0.so.0 (0x00007f9ef2185000)
	libpng16.so.16 => /usr/lib/libpng16.so.16 (0x00007f9ef2148000)
	libtiff.so.6 => /usr/lib/libtiff.so.6 (0x00007f9ef20b0000)
	libjpeg.so.8 => /usr/lib/libjpeg.so.8 (0x00007f9ef2008000)
	libxkbcommon.so.0 => /usr/lib/libxkbcommon.so.0 (0x00007f9ef1fa9000)
	libwayland-egl.so.1 => /usr/lib/libwayland-egl.so.1 (0x00007f9ef3f51000)
	libXext.so.6 => /usr/lib/libXext.so.6 (0x00007f9ef1f95000)
	libXcursor.so.1 => /usr/lib/libXcursor.so.1 (0x00007f9ef2a26000)
	libXdamage.so.1 => /usr/lib/libXdamage.so.1 (0x00007f9ef1f90000)
	libXfixes.so.3 => /usr/lib/libXfixes.so.3 (0x00007f9ef1f88000)
	libXrandr.so.2 => /usr/lib/libXrandr.so.2 (0x00007f9ef1f7b000)
	libXinerama.so.1 => /usr/lib/libXinerama.so.1 (0x00007f9ef1f76000)
	libcairo-script-interpreter.so.2 => /usr/lib/libcairo-script-interpreter.so.2 (0x00007f9ef1f54000)
	libcups.so.2 => /usr/lib/libcups.so.2 (0x00007f9ef1ec3000)
	libcolord.so.2 => /usr/lib/libcolord.so.2 (0x00007f9ef1e6c000)
	libgcc_s.so.1 => /usr/lib/libgcc_s.so.1 (0x00007f9ef1e3f000)
	libthai.so.0 => /usr/lib/libthai.so.0 (0x00007f9ef1e32000)
	libfreetype.so.6 => /usr/lib/libfreetype.so.6 (0x00007f9ef1d62000)
	libgraphite2.so.3 => /usr/lib/libgraphite2.so.3 (0x00007f9ef1d3f000)
	libglycin-2.so.0 => /usr/lib/libglycin-2.so.0 (0x00007f9ef1800000)
	libz.so.1 => /usr/lib/libz.so.1 (0x00007f9ef1d24000)
	libXrender.so.1 => /usr/lib/libXrender.so.1 (0x00007f9ef1d16000)
	libxcb.so.1 => /usr/lib/libxcb.so.1 (0x00007f9ef1ceb000)
	libxcb-render.so.0 => /usr/lib/libxcb-render.so.0 (0x00007f9ef1cdc000)
	libxcb-shm.so.0 => /usr/lib/libxcb-shm.so.0 (0x00007f9ef1cd7000)
	libpixman-1.so.0 => /usr/lib/libpixman-1.so.0 (0x00007f9ef1c28000)
	libmount.so.1 => /usr/lib/libmount.so.1 (0x00007f9ef17a3000)
	libffi.so.8 => /usr/lib/libffi.so.8 (0x00007f9ef1c18000)
	libpcre2-8.so.0 => /usr/lib/libpcre2-8.so.0 (0x00007f9ef16f0000)
	/lib64/ld-linux-x86-64.so.2 => /usr/lib64/ld-linux-x86-64.so.2 (0x00007f9ef40c9000)
	libexpat.so.1 => /usr/lib/libexpat.so.1 (0x00007f9ef16c2000)
	libgsttag-1.0.so.0 => /usr/lib/libgsttag-1.0.so.0 (0x00007f9ef1683000)
	libgstpbutils-1.0.so.0 => /usr/lib/libgstpbutils-1.0.so.0 (0x00007f9ef163e000)
	libgstbase-1.0.so.0 => /usr/lib/libgstbase-1.0.so.0 (0x00007f9ef15b6000)
	liborc-0.4.so.0 => /usr/lib/liborc-0.4.so.0 (0x00007f9ef14a4000)
	libunwind.so.8 => /usr/lib/libunwind.so.8 (0x00007f9ef1488000)
	libdw.so.1 => /usr/lib/libdw.so.1 (0x00007f9ef13e6000)
	libEGL.so.1 => /usr/lib/libEGL.so.1 (0x00007f9ef1c02000)
	libGLX.so.0 => /usr/lib/libGLX.so.0 (0x00007f9ef13b5000)
	libwayland-cursor.so.0 => /usr/lib/libwayland-cursor.so.0 (0x00007f9ef13ac000)
	libX11-xcb.so.1 => /usr/lib/libX11-xcb.so.1 (0x00007f9ef1bfd000)
	libgudev-1.0.so.0 => /usr/lib/libgudev-1.0.so.0 (0x00007f9ef13a0000)
	libdrm.so.2 => /usr/lib/libdrm.so.2 (0x00007f9ef1389000)
	libgbm.so.1 => /usr/lib/libgbm.so.1 (0x00007f9ef1381000)
	libxml2.so.16 => /usr/lib/libxml2.so.16 (0x00007f9ef123c000)
	libsqlite3.so.0 => /usr/lib/libsqlite3.so.0 (0x00007f9ef10a3000)
	libdeflate.so.0 => /usr/lib/libdeflate.so.0 (0x00007f9ef108b000)
	libjbig.so.2.1 => /usr/lib/libjbig.so.2.1 (0x00007f9ef107d000)
	liblzma.so.5 => /usr/lib/liblzma.so.5 (0x00007f9ef1046000)
	libzstd.so.1 => /usr/lib/libzstd.so.1 (0x00007f9ef0f60000)
	libwebp.so.7 => /usr/lib/libwebp.so.7 (0x00007f9ef0ed9000)
	liblzo2.so.2 => /usr/lib/liblzo2.so.2 (0x00007f9ef0eb8000)
	libavahi-common.so.3 => /usr/lib/libavahi-common.so.3 (0x00007f9ef0ea9000)
	libavahi-client.so.3 => /usr/lib/libavahi-client.so.3 (0x00007f9ef0e94000)
	libgnutls.so.30 => /usr/lib/libgnutls.so.30 (0x00007f9ef0c00000)
	liblcms2.so.2 => /usr/lib/liblcms2.so.2 (0x00007f9ef0e28000)
	libudev.so.1 => /usr/lib/libudev.so.1 (0x00007f9ef0bb0000)
	libdatrie.so.1 => /usr/lib/libdatrie.so.1 (0x00007f9ef0e1f000)
	libbz2.so.1.0 => /usr/lib/libbz2.so.1.0 (0x00007f9ef0b9d000)
	libbrotlidec.so.1 => /usr/lib/libbrotlidec.so.1 (0x00007f9ef0b8e000)
	libseccomp.so.2 => /usr/lib/libseccomp.so.2 (0x00007f9ef0b61000)
	libXau.so.6 => /usr/lib/libXau.so.6 (0x00007f9ef0e18000)
	libXdmcp.so.6 => /usr/lib/libXdmcp.so.6 (0x00007f9ef0b59000)
	libblkid.so.1 => /usr/lib/libblkid.so.1 (0x00007f9ef0b19000)
	libsystemd.so.0 => /usr/lib/libsystemd.so.0 (0x00007f9ef09d1000)
	libgstaudio-1.0.so.0 => /usr/lib/libgstaudio-1.0.so.0 (0x00007f9ef0947000)
	libelf.so.1 => /usr/lib/libelf.so.1 (0x00007f9ef0929000)
	libGLdispatch.so.0 => /usr/lib/libGLdispatch.so.0 (0x00007f9ef08b0000)
	libicuuc.so.78 => /usr/lib/libicuuc.so.78 (0x00007f9ef0600000)
	libsharpyuv.so.0 => /usr/lib/libsharpyuv.so.0 (0x00007f9ef08a7000)
	libdbus-1.so.3 => /usr/lib/libdbus-1.so.3 (0x00007f9ef0854000)
	libleancrypto.so.1 => /usr/lib/libleancrypto.so.1 (0x00007f9ef0200000)
	libp11-kit.so.0 => /usr/lib/libp11-kit.so.0 (0x00007f9ef005e000)
	libidn2.so.0 => /usr/lib/libidn2.so.0 (0x00007f9ef0832000)
	libunistring.so.5 => /usr/lib/libunistring.so.5 (0x00007f9eefe77000)
	libtasn1.so.6 => /usr/lib/libtasn1.so.6 (0x00007f9ef081c000)
	libhogweed.so.7 => /usr/lib/libhogweed.so.7 (0x00007f9ef05b9000)
	libnettle.so.9 => /usr/lib/libnettle.so.9 (0x00007f9ef055d000)
	libgmp.so.10 => /usr/lib/libgmp.so.10 (0x00007f9ef04b6000)
	libbrotlicommon.so.1 => /usr/lib/libbrotlicommon.so.1 (0x00007f9ef0493000)
	libicudata.so.78 => /usr/lib/libicudata.so.78 (0x00007f9eede00000)
	libstdc++.so.6 => /usr/lib/libstdc++.so.6 (0x00007f9eeda00000)
