[08:07:36.726475] {Default Queue}  -> wl_display#1.get_registry(new id wl_registry#2)
[08:07:36.726504] {Default Queue}  -> wl_display#1.sync(new id wl_callback#3)
[08:07:36.726719] {Display Queue} wl_display#1.delete_id(3)
[08:07:36.726725] {Default Queue} wl_registry#2.global(1, "wl_seat", 9)
[08:07:36.726729] {Default Queue} wl_registry#2.global(2, "wl_data_device_manager", 3)
[08:07:36.726733] {Default Queue}  -> wl_registry#2.bind(2, "wl_data_device_manager", 3, new id [unknown]#4)
[08:07:36.726737] {Default Queue} wl_registry#2.global(3, "wl_compositor", 6)
[08:07:36.726740] {Default Queue}  -> wl_registry#2.bind(3, "wl_compositor", 3, new id [unknown]#5)
[08:07:36.726743] {Default Queue} wl_registry#2.global(4, "wl_subcompositor", 1)
[08:07:36.726746] {Default Queue}  -> wl_registry#2.bind(4, "wl_subcompositor", 1, new id [unknown]#6)
[08:07:36.726749] {Default Queue} wl_registry#2.global(5, "wl_shm", 2)
[08:07:36.726752] {Default Queue}  -> wl_registry#2.bind(5, "wl_shm", 1, new id [unknown]#7)
[08:07:36.726755] {Default Queue} wl_registry#2.global(6, "wp_viewporter", 1)
[08:07:36.726758] {Default Queue} wl_registry#2.global(7, "wp_tearing_control_manager_v1", 1)
[08:07:36.726761] {Default Queue} wl_registry#2.global(8, "wp_fractional_scale_manager_v1", 1)
[08:07:36.726764] {Default Queue} wl_registry#2.global(9, "zxdg_output_manager_v1", 3)
[08:07:36.726767] {Default Queue}  -> wl_registry#2.bind(9, "zxdg_output_manager_v1", 3, new id [unknown]#8)
[08:07:36.726771] {Default Queue}  -> wl_display#1.sync(new id wl_callback#9)
[08:07:36.726773] {Default Queue} wl_registry#2.global(10, "wp_cursor_shape_manager_v1", 2)
[08:07:36.726776] {Default Queue}  -> wl_registry#2.bind(10, "wp_cursor_shape_manager_v1", 1, new id [unknown]#10)
[08:07:36.726779] {Default Queue} wl_registry#2.global(11, "zwp_idle_inhibit_manager_v1", 1)
[08:07:36.726782] {Default Queue} wl_registry#2.global(12, "zwp_relative_pointer_manager_v1", 1)
[08:07:36.726785] {Default Queue} wl_registry#2.global(13, "zxdg_decoration_manager_v1", 2)
[08:07:36.726788] {Default Queue} wl_registry#2.global(14, "wp_alpha_modifier_v1", 1)
[08:07:36.726791] {Default Queue} wl_registry#2.global(15, "zwlr_gamma_control_manager_v1", 1)
[08:07:36.726794] {Default Queue} wl_registry#2.global(16, "ext_foreign_toplevel_list_v1", 1)
[08:07:36.726799] {Default Queue} wl_registry#2.global(17, "zwp_pointer_gestures_v1", 3)
[08:07:36.726803] {Default Queue}  -> wl_registry#2.bind(17, "zwp_pointer_gestures_v1", 1, new id [unknown]#11)
[08:07:36.726805] {Default Queue} wl_registry#2.global(18, "zwlr_foreign_toplevel_manager_v1", 3)
[08:07:36.726808] {Default Queue} wl_registry#2.global(19, "zwp_keyboard_shortcuts_inhibit_manager_v1", 1)
[08:07:36.726811] {Default Queue}  -> wl_registry#2.bind(19, "zwp_keyboard_shortcuts_inhibit_manager_v1", 1, new id [unknown]#12)
[08:07:36.726815] {Default Queue} wl_registry#2.global(20, "zwp_text_input_manager_v1", 1)
[08:07:36.726818] {Default Queue} wl_registry#2.global(21, "zwp_text_input_manager_v3", 1)
[08:07:36.726821] {Default Queue} wl_registry#2.global(22, "zwp_pointer_constraints_v1", 1)
[08:07:36.726824] {Default Queue} wl_registry#2.global(23, "zwlr_output_power_manager_v1", 1)
[08:07:36.726827] {Default Queue} wl_registry#2.global(24, "xdg_activation_v1", 1)
[08:07:36.726830] {Default Queue}  -> wl_registry#2.bind(24, "xdg_activation_v1", 1, new id [unknown]#13)
[08:07:36.726832] {Default Queue} wl_registry#2.global(25, "ext_idle_notifier_v1", 2)
[08:07:36.726835] {Default Queue} wl_registry#2.global(26, "hyprland_lock_notifier_v1", 1)
[08:07:36.726838] {Default Queue} wl_registry#2.global(27, "ext_session_lock_manager_v1", 1)
[08:07:36.726841] {Default Queue} wl_registry#2.global(28, "zwp_input_method_manager_v2", 1)
[08:07:36.726844] {Default Queue} wl_registry#2.global(29, "zwp_virtual_keyboard_manager_v1", 1)
[08:07:36.726846] {Default Queue} wl_registry#2.global(30, "zwlr_virtual_pointer_manager_v1", 2)
[08:07:36.726849] {Default Queue} wl_registry#2.global(31, "zwlr_output_manager_v1", 4)
[08:07:36.726853] {Default Queue} wl_registry#2.global(32, "org_kde_kwin_server_decoration_manager", 1)
[08:07:36.726864] {Default Queue}  -> wl_registry#2.bind(32, "org_kde_kwin_server_decoration_manager", 1, new id [unknown]#14)
[08:07:36.726870] {Default Queue} wl_registry#2.global(33, "hyprland_focus_grab_manager_v1", 1)
[08:07:36.726873] {Default Queue} wl_registry#2.global(34, "zwp_tablet_manager_v2", 1)
[08:07:36.726876] {Default Queue}  -> wl_registry#2.bind(34, "zwp_tablet_manager_v2", 1, new id [unknown]#15)
[08:07:36.726879] {Default Queue} wl_registry#2.global(35, "zwlr_layer_shell_v1", 5)
[08:07:36.726882] {Default Queue} wl_registry#2.global(36, "wp_presentation", 2)
[08:07:36.726885] {Default Queue} wl_registry#2.global(37, "xdg_wm_base", 7)
[08:07:36.726888] {Default Queue} wl_registry#2.global(38, "zwlr_data_control_manager_v1", 2)
[08:07:36.726891] {Default Queue} wl_registry#2.global(39, "zwp_primary_selection_device_manager_v1", 1)
[08:07:36.726893] {Default Queue}  -> wl_registry#2.bind(39, "zwp_primary_selection_device_manager_v1", 1, new id [unknown]#16)
[08:07:36.726896] {Default Queue} wl_registry#2.global(40, "xwayland_shell_v1", 1)
[08:07:36.726899] {Default Queue} wl_registry#2.global(41, "hyprland_toplevel_mapping_manager_v1", 1)
[08:07:36.726902] {Default Queue} wl_registry#2.global(42, "hyprland_global_shortcuts_manager_v1", 1)
[08:07:36.726905] {Default Queue} wl_registry#2.global(43, "xdg_wm_dialog_v1", 1)
[08:07:36.726908] {Default Queue} wl_registry#2.global(44, "wp_single_pixel_buffer_manager_v1", 1)
[08:07:36.726911] {Default Queue} wl_registry#2.global(45, "wp_security_context_manager_v1", 1)
[08:07:36.726914] {Default Queue} wl_registry#2.global(46, "hyprland_ctm_control_manager_v1", 2)
[08:07:36.726917] {Default Queue} wl_registry#2.global(47, "hyprland_input_capture_manager_v1", 1)
[08:07:36.726919] {Default Queue} wl_registry#2.global(48, "hyprland_surface_manager_v1", 2)
[08:07:36.726922] {Default Queue} wl_registry#2.global(49, "wp_content_type_manager_v1", 1)
[08:07:36.726925] {Default Queue} wl_registry#2.global(50, "xdg_toplevel_tag_manager_v1", 1)
[08:07:36.726927] {Default Queue} wl_registry#2.global(51, "xdg_system_bell_v1", 1)
[08:07:36.726930] {Default Queue} wl_registry#2.global(52, "vicinae_hotkey_manager_v1", 1)
[08:07:36.726933] {Default Queue} wl_registry#2.global(53, "ext_workspace_manager_v1", 1)
[08:07:36.726936] {Default Queue} wl_registry#2.global(54, "ext_data_control_manager_v1", 1)
[08:07:36.726938] {Default Queue} wl_registry#2.global(55, "wp_pointer_warp_v1", 1)
[08:07:36.726941] {Default Queue} wl_registry#2.global(56, "wp_fifo_manager_v1", 1)
[08:07:36.726943] {Default Queue} wl_registry#2.global(57, "zxdg_exporter_v2", 1)
[08:07:36.726946] {Default Queue}  -> wl_registry#2.bind(57, "zxdg_exporter_v2", 1, new id [unknown]#17)
[08:07:36.726949] {Default Queue} wl_registry#2.global(58, "zxdg_importer_v2", 1)
[08:07:36.726952] {Default Queue}  -> wl_registry#2.bind(58, "zxdg_importer_v2", 1, new id [unknown]#18)
[08:07:36.726954] {Default Queue} wl_registry#2.global(59, "ext_background_effect_manager_v1", 1)
[08:07:36.726959] {Default Queue} wl_registry#2.global(60, "wp_commit_timing_manager_v1", 1)
[08:07:36.726962] {Default Queue} wl_registry#2.global(61, "zwlr_screencopy_manager_v1", 3)
[08:07:36.726967] {Default Queue} wl_registry#2.global(62, "hyprland_toplevel_export_manager_v1", 2)
[08:07:36.726970] {Default Queue} wl_registry#2.global(63, "ext_output_image_capture_source_manager_v1", 1)
[08:07:36.726972] {Default Queue} wl_registry#2.global(64, "ext_foreign_toplevel_image_capture_source_manager_v1", 1)
[08:07:36.726975] {Default Queue} wl_registry#2.global(65, "ext_image_copy_capture_manager_v1", 1)
[08:07:36.726978] {Default Queue} wl_registry#2.global(66, "wp_color_manager_v1", 3)
[08:07:36.726980] {Default Queue} wl_registry#2.global(67, "wl_drm", 2)
[08:07:36.726983] {Default Queue} wl_registry#2.global(68, "zwp_linux_dmabuf_v1", 5)
[08:07:36.726986] {Default Queue} wl_registry#2.global(69, "wl_output", 4)
[08:07:36.726989] {Default Queue}  -> wl_registry#2.bind(69, "wl_output", 2, new id [unknown]#19)
[08:07:36.727019] {Default Queue}  -> zxdg_output_manager_v1#8.get_xdg_output(new id zxdg_output_v1#20, wl_output#19)
[08:07:36.727026] {Default Queue}  -> wl_display#1.sync(new id wl_callback#21)
[08:07:36.727029] {Default Queue} wl_callback#3.done(31)
[08:07:36.727059] {Default Queue}  -> wl_shm#7.create_pool(new id wl_shm_pool#3, fd 11, 2304)
[08:07:36.727134] {Default Queue}  -> wl_shm_pool#3.resize(6912)
[08:07:36.727180] {Default Queue}  -> wl_shm_pool#3.resize(16128)
[08:07:36.727258] {Default Queue}  -> wl_shm_pool#3.resize(34560)
[08:07:36.727399] {Default Queue}  -> wl_shm_pool#3.resize(71424)
[08:07:36.727670] {Default Queue}  -> wl_shm_pool#3.resize(145152)
[08:07:36.728643] {Default Queue}  -> wl_shm_pool#3.resize(292608)
[08:07:36.729721] {Default Queue}  -> wl_shm_pool#3.resize(587520)
[08:07:36.733980] {Default Queue}  -> wl_registry#2.bind(1, "wl_seat", 5, new id [unknown]#22)
[08:07:36.735695] {Default Queue}  -> wl_compositor#5.create_surface(new id wl_surface#23)
[08:07:36.735713] {Default Queue}  -> zwp_primary_selection_device_manager_v1#16.get_device(new id zwp_primary_selection_device_v1#24, wl_seat#22)
[08:07:36.735721] {Default Queue}  -> wl_data_device_manager#4.get_data_device(new id wl_data_device#25, wl_seat#22)
[08:07:36.735772] {Default Queue}  -> wl_compositor#5.create_surface(new id wl_surface#26)
[08:07:36.735778] {Default Queue}  -> zwp_tablet_manager_v2#15.get_tablet_seat(new id zwp_tablet_seat_v2#27, wl_seat#22)
[08:07:36.735784] {Default Queue}  -> wl_display#1.sync(new id wl_callback#28)
[08:07:36.736117] {Display Queue} wl_display#1.delete_id(9)
[08:07:36.736122] {Display Queue} wl_display#1.delete_id(21)
[08:07:36.736125] {Display Queue} wl_display#1.delete_id(28)
[08:07:36.736127] {Default Queue} wl_shm#7.format(0)
[08:07:36.736130] {Default Queue} wl_shm#7.format(1)
[08:07:36.736132] {Default Queue} wl_shm#7.format(875709016)
[08:07:36.736135] {Default Queue} wl_shm#7.format(875708993)
[08:07:36.736137] {Default Queue} wl_shm#7.format(808669784)
[08:07:36.736140] {Default Queue} wl_shm#7.format(808669761)
[08:07:36.736142] {Default Queue} wl_shm#7.format(808665688)
[08:07:36.736144] {Default Queue} wl_shm#7.format(808665665)
[08:07:36.736147] {Default Queue} wl_callback#9.done(31)
[08:07:36.736150] {Default Queue} org_kde_kwin_server_decoration_manager#14.default_mode(2)
[08:07:36.736154] {Default Queue} wl_output#19.scale(1)
[08:07:36.736158] {Default Queue} wl_output#19.mode(1, 800, 600, 60000)
[08:07:36.736162] {Default Queue} wl_output#19.geometry(0, 0, 0, 0, 1, "", "", 0)
[08:07:36.736168] {Default Queue} wl_output#19.done()
[08:07:36.736182] {Default Queue} zxdg_output_v1#20.name("WAYLAND-1")
[08:07:36.736186] {Default Queue} zxdg_output_v1#20.logical_position(0, 0)
[08:07:36.736189] {Default Queue} zxdg_output_v1#20.logical_size(800, 600)
[08:07:36.736192] {Default Queue} wl_output#19.done()
[08:07:36.736195] {Default Queue} wl_callback#21.done(31)
[08:07:36.736198] {Default Queue} wl_seat#22.name("Hyprland")
[08:07:36.736201] {Default Queue} wl_seat#22.capabilities(3)
[08:07:36.736204] {Default Queue}  -> wl_seat#22.get_pointer(new id wl_pointer#21)
[08:07:36.736211] {Default Queue}  -> zwp_pointer_gestures_v1#11.get_swipe_gesture(new id zwp_pointer_gesture_swipe_v1#9, wl_pointer#21)
[08:07:36.736217] {Default Queue}  -> zwp_pointer_gestures_v1#11.get_pinch_gesture(new id zwp_pointer_gesture_pinch_v1#29, wl_pointer#21)
[08:07:36.736221] {Default Queue}  -> wp_cursor_shape_manager_v1#10.get_pointer(new id wp_cursor_shape_device_v1#30, wl_pointer#21)
[08:07:36.736227] {Default Queue}  -> wl_seat#22.get_keyboard(new id wl_keyboard#31)
[08:07:36.736233] {Default Queue} wl_callback#28.done(31)
[08:07:36.736237] {Default Queue}  -> wl_registry#2.bind(37, "xdg_wm_base", 6, new id [unknown]#28)
[08:07:36.752859] {Default Queue}  -> wl_display#1.get_registry(new id wl_registry#32)
[08:07:36.752891] {Default Queue}  -> wl_display#1.sync(new id wl_callback#33)
[08:07:36.753194] {Display Queue} wl_display#1.delete_id(33)
[08:07:36.753199] {Default Queue} wl_keyboard#31.keymap(1, fd 4, 35572)
[08:07:36.754053] {Default Queue} wl_keyboard#31.repeat_info(25, 600)
[08:07:36.754075] {Default Queue} wl_registry#32.global(1, "wl_seat", 9)
[08:07:36.754084] {Default Queue} wl_registry#32.global(2, "wl_data_device_manager", 3)
[08:07:36.754087] {Default Queue} wl_registry#32.global(3, "wl_compositor", 6)
[08:07:36.754091] {Default Queue} wl_registry#32.global(4, "wl_subcompositor", 1)
[08:07:36.754094] {Default Queue} wl_registry#32.global(5, "wl_shm", 2)
[08:07:36.754097] {Default Queue} wl_registry#32.global(6, "wp_viewporter", 1)
[08:07:36.754101] {Default Queue} wl_registry#32.global(7, "wp_tearing_control_manager_v1", 1)
[08:07:36.754103] {Default Queue} wl_registry#32.global(8, "wp_fractional_scale_manager_v1", 1)
[08:07:36.754106] {Default Queue} wl_registry#32.global(9, "zxdg_output_manager_v1", 3)
[08:07:36.754109] {Default Queue} wl_registry#32.global(10, "wp_cursor_shape_manager_v1", 2)
[08:07:36.754112] {Default Queue} wl_registry#32.global(11, "zwp_idle_inhibit_manager_v1", 1)
[08:07:36.754115] {Default Queue} wl_registry#32.global(12, "zwp_relative_pointer_manager_v1", 1)
[08:07:36.754118] {Default Queue} wl_registry#32.global(13, "zxdg_decoration_manager_v1", 2)
[08:07:36.754121] {Default Queue} wl_registry#32.global(14, "wp_alpha_modifier_v1", 1)
[08:07:36.754124] {Default Queue} wl_registry#32.global(15, "zwlr_gamma_control_manager_v1", 1)
[08:07:36.754126] {Default Queue} wl_registry#32.global(16, "ext_foreign_toplevel_list_v1", 1)
[08:07:36.754129] {Default Queue} wl_registry#32.global(17, "zwp_pointer_gestures_v1", 3)
[08:07:36.754132] {Default Queue} wl_registry#32.global(18, "zwlr_foreign_toplevel_manager_v1", 3)
[08:07:36.754136] {Default Queue} wl_registry#32.global(19, "zwp_keyboard_shortcuts_inhibit_manager_v1", 1)
[08:07:36.754138] {Default Queue} wl_registry#32.global(20, "zwp_text_input_manager_v1", 1)
[08:07:36.754141] {Default Queue} wl_registry#32.global(21, "zwp_text_input_manager_v3", 1)
[08:07:36.754143] {Default Queue} wl_registry#32.global(22, "zwp_pointer_constraints_v1", 1)
[08:07:36.754146] {Default Queue} wl_registry#32.global(23, "zwlr_output_power_manager_v1", 1)
[08:07:36.754150] {Default Queue} wl_registry#32.global(24, "xdg_activation_v1", 1)
[08:07:36.754153] {Default Queue} wl_registry#32.global(25, "ext_idle_notifier_v1", 2)
[08:07:36.754156] {Default Queue} wl_registry#32.global(26, "hyprland_lock_notifier_v1", 1)
[08:07:36.754158] {Default Queue} wl_registry#32.global(27, "ext_session_lock_manager_v1", 1)
[08:07:36.754161] {Default Queue} wl_registry#32.global(28, "zwp_input_method_manager_v2", 1)
[08:07:36.754164] {Default Queue} wl_registry#32.global(29, "zwp_virtual_keyboard_manager_v1", 1)
[08:07:36.754167] {Default Queue} wl_registry#32.global(30, "zwlr_virtual_pointer_manager_v1", 2)
[08:07:36.754170] {Default Queue} wl_registry#32.global(31, "zwlr_output_manager_v1", 4)
[08:07:36.754173] {Default Queue} wl_registry#32.global(32, "org_kde_kwin_server_decoration_manager", 1)
[08:07:36.754176] {Default Queue} wl_registry#32.global(33, "hyprland_focus_grab_manager_v1", 1)
[08:07:36.754179] {Default Queue} wl_registry#32.global(34, "zwp_tablet_manager_v2", 1)
[08:07:36.754182] {Default Queue} wl_registry#32.global(35, "zwlr_layer_shell_v1", 5)
[08:07:36.754186] {Default Queue}  -> wl_registry#32.bind(35, "zwlr_layer_shell_v1", 4, new id [unknown]#34)
[08:07:36.754190] {Default Queue} wl_registry#32.global(36, "wp_presentation", 2)
[08:07:36.754193] {Default Queue} wl_registry#32.global(37, "xdg_wm_base", 7)
[08:07:36.754196] {Default Queue}  -> wl_registry#32.bind(37, "xdg_wm_base", 7, new id [unknown]#35)
[08:07:36.754199] {Default Queue} wl_registry#32.global(38, "zwlr_data_control_manager_v1", 2)
[08:07:36.754202] {Default Queue} wl_registry#32.global(39, "zwp_primary_selection_device_manager_v1", 1)
[08:07:36.754205] {Default Queue} wl_registry#32.global(40, "xwayland_shell_v1", 1)
[08:07:36.754208] {Default Queue} wl_registry#32.global(41, "hyprland_toplevel_mapping_manager_v1", 1)
[08:07:36.754210] {Default Queue} wl_registry#32.global(42, "hyprland_global_shortcuts_manager_v1", 1)
[08:07:36.754217] {Default Queue} wl_registry#32.global(43, "xdg_wm_dialog_v1", 1)
[08:07:36.754222] {Default Queue} wl_registry#32.global(44, "wp_single_pixel_buffer_manager_v1", 1)
[08:07:36.754225] {Default Queue} wl_registry#32.global(45, "wp_security_context_manager_v1", 1)
[08:07:36.754228] {Default Queue} wl_registry#32.global(46, "hyprland_ctm_control_manager_v1", 2)
[08:07:36.754231] {Default Queue} wl_registry#32.global(47, "hyprland_input_capture_manager_v1", 1)
[08:07:36.754234] {Default Queue} wl_registry#32.global(48, "hyprland_surface_manager_v1", 2)
[08:07:36.754237] {Default Queue} wl_registry#32.global(49, "wp_content_type_manager_v1", 1)
[08:07:36.754239] {Default Queue} wl_registry#32.global(50, "xdg_toplevel_tag_manager_v1", 1)
[08:07:36.754242] {Default Queue} wl_registry#32.global(51, "xdg_system_bell_v1", 1)
[08:07:36.754245] {Default Queue} wl_registry#32.global(52, "vicinae_hotkey_manager_v1", 1)
[08:07:36.754248] {Default Queue} wl_registry#32.global(53, "ext_workspace_manager_v1", 1)
[08:07:36.754251] {Default Queue} wl_registry#32.global(54, "ext_data_control_manager_v1", 1)
[08:07:36.754254] {Default Queue} wl_registry#32.global(55, "wp_pointer_warp_v1", 1)
[08:07:36.754256] {Default Queue} wl_registry#32.global(56, "wp_fifo_manager_v1", 1)
[08:07:36.754259] {Default Queue} wl_registry#32.global(57, "zxdg_exporter_v2", 1)
[08:07:36.754261] {Default Queue} wl_registry#32.global(58, "zxdg_importer_v2", 1)
[08:07:36.754264] {Default Queue} wl_registry#32.global(59, "ext_background_effect_manager_v1", 1)
[08:07:36.754267] {Default Queue} wl_registry#32.global(60, "wp_commit_timing_manager_v1", 1)
[08:07:36.754270] {Default Queue} wl_registry#32.global(61, "zwlr_screencopy_manager_v1", 3)
[08:07:36.754273] {Default Queue} wl_registry#32.global(62, "hyprland_toplevel_export_manager_v1", 2)
[08:07:36.754276] {Default Queue} wl_registry#32.global(63, "ext_output_image_capture_source_manager_v1", 1)
[08:07:36.754278] {Default Queue} wl_registry#32.global(64, "ext_foreign_toplevel_image_capture_source_manager_v1", 1)
[08:07:36.754281] {Default Queue} wl_registry#32.global(65, "ext_image_copy_capture_manager_v1", 1)
[08:07:36.754284] {Default Queue} wl_registry#32.global(66, "wp_color_manager_v1", 3)
[08:07:36.754287] {Default Queue} wl_registry#32.global(67, "wl_drm", 2)
[08:07:36.754289] {Default Queue} wl_registry#32.global(68, "zwp_linux_dmabuf_v1", 5)
[08:07:36.754292] {Default Queue} wl_registry#32.global(69, "wl_output", 4)
[08:07:36.754295] {Default Queue} wl_callback#33.done(31)
[08:07:36.784222] {Default Queue}  -> wl_compositor#5.create_surface(new id wl_surface#33)
[08:07:36.784636] {mesa egl display queue}  -> wl_display#1.get_registry(new id wl_registry#36)
[08:07:36.784647] {mesa egl display queue}  -> wl_display#1.sync(new id wl_callback#37)
[08:07:36.784758] {Display Queue} wl_display#1.delete_id(37)
[08:07:36.784764] {mesa egl display queue} wl_registry#36.global(1, "wl_seat", 9)
[08:07:36.784768] {mesa egl display queue} wl_registry#36.global(2, "wl_data_device_manager", 3)
[08:07:36.784771] {mesa egl display queue} wl_registry#36.global(3, "wl_compositor", 6)
[08:07:36.784774] {mesa egl display queue} wl_registry#36.global(4, "wl_subcompositor", 1)
[08:07:36.784776] {mesa egl display queue} wl_registry#36.global(5, "wl_shm", 2)
[08:07:36.784779] {mesa egl display queue} wl_registry#36.global(6, "wp_viewporter", 1)
[08:07:36.784781] {mesa egl display queue} wl_registry#36.global(7, "wp_tearing_control_manager_v1", 1)
[08:07:36.784784] {mesa egl display queue} wl_registry#36.global(8, "wp_fractional_scale_manager_v1", 1)
[08:07:36.784787] {mesa egl display queue} wl_registry#36.global(9, "zxdg_output_manager_v1", 3)
[08:07:36.784789] {mesa egl display queue} wl_registry#36.global(10, "wp_cursor_shape_manager_v1", 2)
[08:07:36.784792] {mesa egl display queue} wl_registry#36.global(11, "zwp_idle_inhibit_manager_v1", 1)
[08:07:36.784794] {mesa egl display queue} wl_registry#36.global(12, "zwp_relative_pointer_manager_v1", 1)
[08:07:36.784797] {mesa egl display queue} wl_registry#36.global(13, "zxdg_decoration_manager_v1", 2)
[08:07:36.784807] {mesa egl display queue} wl_registry#36.global(14, "wp_alpha_modifier_v1", 1)
[08:07:36.784823] {mesa egl display queue} wl_registry#36.global(15, "zwlr_gamma_control_manager_v1", 1)
[08:07:36.784826] {mesa egl display queue} wl_registry#36.global(16, "ext_foreign_toplevel_list_v1", 1)
[08:07:36.784829] {mesa egl display queue} wl_registry#36.global(17, "zwp_pointer_gestures_v1", 3)
[08:07:36.784831] {mesa egl display queue} wl_registry#36.global(18, "zwlr_foreign_toplevel_manager_v1", 3)
[08:07:36.784834] {mesa egl display queue} wl_registry#36.global(19, "zwp_keyboard_shortcuts_inhibit_manager_v1", 1)
[08:07:36.784837] {mesa egl display queue} wl_registry#36.global(20, "zwp_text_input_manager_v1", 1)
[08:07:36.784839] {mesa egl display queue} wl_registry#36.global(21, "zwp_text_input_manager_v3", 1)
[08:07:36.784842] {mesa egl display queue} wl_registry#36.global(22, "zwp_pointer_constraints_v1", 1)
[08:07:36.784845] {mesa egl display queue} wl_registry#36.global(23, "zwlr_output_power_manager_v1", 1)
[08:07:36.784848] {mesa egl display queue} wl_registry#36.global(24, "xdg_activation_v1", 1)
[08:07:36.784850] {mesa egl display queue} wl_registry#36.global(25, "ext_idle_notifier_v1", 2)
[08:07:36.784854] {mesa egl display queue} wl_registry#36.global(26, "hyprland_lock_notifier_v1", 1)
[08:07:36.784856] {mesa egl display queue} wl_registry#36.global(27, "ext_session_lock_manager_v1", 1)
[08:07:36.784859] {mesa egl display queue} wl_registry#36.global(28, "zwp_input_method_manager_v2", 1)
[08:07:36.784863] {mesa egl display queue} wl_registry#36.global(29, "zwp_virtual_keyboard_manager_v1", 1)
[08:07:36.784865] {mesa egl display queue} wl_registry#36.global(30, "zwlr_virtual_pointer_manager_v1", 2)
[08:07:36.784868] {mesa egl display queue} wl_registry#36.global(31, "zwlr_output_manager_v1", 4)
[08:07:36.784871] {mesa egl display queue} wl_registry#36.global(32, "org_kde_kwin_server_decoration_manager", 1)
[08:07:36.784874] {mesa egl display queue} wl_registry#36.global(33, "hyprland_focus_grab_manager_v1", 1)
[08:07:36.784877] {mesa egl display queue} wl_registry#36.global(34, "zwp_tablet_manager_v2", 1)
[08:07:36.784880] {mesa egl display queue} wl_registry#36.global(35, "zwlr_layer_shell_v1", 5)
[08:07:36.784882] {mesa egl display queue} wl_registry#36.global(36, "wp_presentation", 2)
[08:07:36.784886] {mesa egl display queue}  -> wl_registry#36.bind(36, "wp_presentation", 1, new id [unknown]#38)
[08:07:36.784890] {mesa egl display queue} wl_registry#36.global(37, "xdg_wm_base", 7)
[08:07:36.784893] {mesa egl display queue} wl_registry#36.global(38, "zwlr_data_control_manager_v1", 2)
[08:07:36.784895] {mesa egl display queue} wl_registry#36.global(39, "zwp_primary_selection_device_manager_v1", 1)
[08:07:36.784899] {mesa egl display queue} wl_registry#36.global(40, "xwayland_shell_v1", 1)
[08:07:36.784902] {mesa egl display queue} wl_registry#36.global(41, "hyprland_toplevel_mapping_manager_v1", 1)
[08:07:36.784905] {mesa egl display queue} wl_registry#36.global(42, "hyprland_global_shortcuts_manager_v1", 1)
[08:07:36.784908] {mesa egl display queue} wl_registry#36.global(43, "xdg_wm_dialog_v1", 1)
[08:07:36.784910] {mesa egl display queue} wl_registry#36.global(44, "wp_single_pixel_buffer_manager_v1", 1)
[08:07:36.784913] {mesa egl display queue} wl_registry#36.global(45, "wp_security_context_manager_v1", 1)
[08:07:36.784916] {mesa egl display queue} wl_registry#36.global(46, "hyprland_ctm_control_manager_v1", 2)
[08:07:36.784919] {mesa egl display queue} wl_registry#36.global(47, "hyprland_input_capture_manager_v1", 1)
[08:07:36.784922] {mesa egl display queue} wl_registry#36.global(48, "hyprland_surface_manager_v1", 2)
[08:07:36.784925] {mesa egl display queue} wl_registry#36.global(49, "wp_content_type_manager_v1", 1)
[08:07:36.784927] {mesa egl display queue} wl_registry#36.global(50, "xdg_toplevel_tag_manager_v1", 1)
[08:07:36.784930] {mesa egl display queue} wl_registry#36.global(51, "xdg_system_bell_v1", 1)
[08:07:36.784938] {mesa egl display queue} wl_registry#36.global(52, "vicinae_hotkey_manager_v1", 1)
[08:07:36.784942] {mesa egl display queue} wl_registry#36.global(53, "ext_workspace_manager_v1", 1)
[08:07:36.784945] {mesa egl display queue} wl_registry#36.global(54, "ext_data_control_manager_v1", 1)
[08:07:36.784948] {mesa egl display queue} wl_registry#36.global(55, "wp_pointer_warp_v1", 1)
[08:07:36.784951] {mesa egl display queue} wl_registry#36.global(56, "wp_fifo_manager_v1", 1)
[08:07:36.784953] {mesa egl display queue} wl_registry#36.global(57, "zxdg_exporter_v2", 1)
[08:07:36.784956] {mesa egl display queue} wl_registry#36.global(58, "zxdg_importer_v2", 1)
[08:07:36.784959] {mesa egl display queue} wl_registry#36.global(59, "ext_background_effect_manager_v1", 1)
[08:07:36.784961] {mesa egl display queue} wl_registry#36.global(60, "wp_commit_timing_manager_v1", 1)
[08:07:36.784964] {mesa egl display queue} wl_registry#36.global(61, "zwlr_screencopy_manager_v1", 3)
[08:07:36.784967] {mesa egl display queue} wl_registry#36.global(62, "hyprland_toplevel_export_manager_v1", 2)
[08:07:36.784970] {mesa egl display queue} wl_registry#36.global(63, "ext_output_image_capture_source_manager_v1", 1)
[08:07:36.784974] {mesa egl display queue} wl_registry#36.global(64, "ext_foreign_toplevel_image_capture_source_manager_v1", 1)
[08:07:36.784976] {mesa egl display queue} wl_registry#36.global(65, "ext_image_copy_capture_manager_v1", 1)
[08:07:36.784979] {mesa egl display queue} wl_registry#36.global(66, "wp_color_manager_v1", 3)
[08:07:36.784982] {mesa egl display queue} wl_registry#36.global(67, "wl_drm", 2)
[08:07:36.784985] {mesa egl display queue} wl_registry#36.global(68, "zwp_linux_dmabuf_v1", 5)
[08:07:36.784988] {mesa egl display queue}  -> wl_registry#36.bind(68, "zwp_linux_dmabuf_v1", 4, new id [unknown]#39)
[08:07:36.784991] {mesa egl display queue} wl_registry#36.global(69, "wl_output", 4)
[08:07:36.784994] {mesa egl display queue} wl_callback#37.done(31)
[08:07:36.784997] {mesa egl display queue}  -> zwp_linux_dmabuf_v1#39.get_default_feedback(new id zwp_linux_dmabuf_feedback_v1#37)
[08:07:36.785002] {mesa egl display queue}  -> wl_display#1.sync(new id wl_callback#40)
[08:07:36.785033] {Display Queue} wl_display#1.delete_id(40)
[08:07:36.785037] {mesa egl display queue} wp_presentation#38.clock_id(1)
[08:07:36.785040] {mesa egl display queue} zwp_linux_dmabuf_feedback_v1#37.format_table(fd 12, 2960)
[08:07:36.785058] {mesa egl display queue} zwp_linux_dmabuf_feedback_v1#37.main_device(array[8])
[08:07:36.785341] {mesa egl display queue} zwp_linux_dmabuf_feedback_v1#37.tranche_target_device(array[8])
[08:07:36.785346] {mesa egl display queue} zwp_linux_dmabuf_feedback_v1#37.tranche_flags(0)
[08:07:36.785350] {mesa egl display queue} zwp_linux_dmabuf_feedback_v1#37.tranche_formats(array[370])
[08:07:36.785359] {mesa egl display queue} zwp_linux_dmabuf_feedback_v1#37.tranche_done()
[08:07:36.785362] {mesa egl display queue} zwp_linux_dmabuf_feedback_v1#37.done()
[08:07:36.785365] {mesa egl display queue} wl_callback#40.done(31)
[08:07:36.785368] {mesa egl display queue}  -> zwp_linux_dmabuf_feedback_v1#37.destroy()
[08:07:36.799000] {Default Queue}  -> wl_surface#33.destroy()
[08:07:36.799129] {Default Queue}  -> wl_compositor#5.create_surface(new id wl_surface#40)
[08:07:36.802465] {Default Queue}  -> wl_surface#40.destroy()
view-process-policy: related=1 distinct-manager=1
view-process-policy: related=1 distinct-manager=1
[08:07:36.816122] {Default Queue}  -> wl_compositor#5.create_surface(new id wl_surface#41)
[08:07:36.816682] {Default Queue}  -> wl_display#1.get_registry(new id wl_registry#42)
[08:07:36.816758] {Default Queue}  -> wl_surface#41.attach(nil, 0, 0)
[08:07:36.816766] {Default Queue}  -> zwlr_layer_shell_v1#34.get_layer_surface(new id zwlr_layer_surface_v1#43, wl_surface#41, wl_output#19, 2, "elm-shell-recovery-v17")
[08:07:36.816773] {Default Queue}  -> zwlr_layer_surface_v1#43.set_keyboard_interactivity(0)
[08:07:36.816777] {Default Queue}  -> zwlr_layer_surface_v1#43.set_exclusive_zone(48)
[08:07:36.816787] {Default Queue}  -> zwlr_layer_surface_v1#43.set_anchor(13)
[08:07:36.816802] {Default Queue}  -> zwlr_layer_surface_v1#43.set_margin(0, 0, 0, 0)
[08:07:36.816805] {Default Queue}  -> zwlr_layer_surface_v1#43.set_size(0, 48)
[08:07:36.816809] {Default Queue}  -> wl_surface#41.commit()
[08:07:36.816813] {Default Queue}  -> wl_display#1.sync(new id wl_callback#44)
[08:07:36.817038] {Display Queue} wl_display#1.delete_id(37)
[08:07:36.817044] {Display Queue} wl_display#1.delete_id(33)
[08:07:36.817047] {Display Queue} wl_display#1.delete_id(40)
[08:07:36.817049] {Display Queue} wl_display#1.delete_id(44)
[08:07:36.817052] {Default Queue} wl_registry#42.global(1, "wl_seat", 9)
[08:07:36.817056] {Default Queue} wl_registry#42.global(2, "wl_data_device_manager", 3)
[08:07:36.817059] {Default Queue} wl_registry#42.global(3, "wl_compositor", 6)
[08:07:36.817062] {Default Queue} wl_registry#42.global(4, "wl_subcompositor", 1)
[08:07:36.817064] {Default Queue} wl_registry#42.global(5, "wl_shm", 2)
[08:07:36.817067] {Default Queue} wl_registry#42.global(6, "wp_viewporter", 1)
[08:07:36.817070] {Default Queue} wl_registry#42.global(7, "wp_tearing_control_manager_v1", 1)
[08:07:36.817073] {Default Queue} wl_registry#42.global(8, "wp_fractional_scale_manager_v1", 1)
[08:07:36.817076] {Default Queue} wl_registry#42.global(9, "zxdg_output_manager_v1", 3)
[08:07:36.817079] {Default Queue} wl_registry#42.global(10, "wp_cursor_shape_manager_v1", 2)
[08:07:36.817082] {Default Queue} wl_registry#42.global(11, "zwp_idle_inhibit_manager_v1", 1)
[08:07:36.817085] {Default Queue} wl_registry#42.global(12, "zwp_relative_pointer_manager_v1", 1)
[08:07:36.817087] {Default Queue} wl_registry#42.global(13, "zxdg_decoration_manager_v1", 2)
[08:07:36.817090] {Default Queue} wl_registry#42.global(14, "wp_alpha_modifier_v1", 1)
[08:07:36.817093] {Default Queue} wl_registry#42.global(15, "zwlr_gamma_control_manager_v1", 1)
[08:07:36.817096] {Default Queue} wl_registry#42.global(16, "ext_foreign_toplevel_list_v1", 1)
[08:07:36.817098] {Default Queue} wl_registry#42.global(17, "zwp_pointer_gestures_v1", 3)
[08:07:36.817101] {Default Queue} wl_registry#42.global(18, "zwlr_foreign_toplevel_manager_v1", 3)
[08:07:36.817104] {Default Queue} wl_registry#42.global(19, "zwp_keyboard_shortcuts_inhibit_manager_v1", 1)
[08:07:36.817106] {Default Queue} wl_registry#42.global(20, "zwp_text_input_manager_v1", 1)
[08:07:36.817109] {Default Queue} wl_registry#42.global(21, "zwp_text_input_manager_v3", 1)
[08:07:36.817112] {Default Queue}  -> wl_registry#42.bind(21, "zwp_text_input_manager_v3", 1, new id [unknown]#40)
[08:07:36.817116] {Default Queue}  -> zwp_text_input_manager_v3#40.get_text_input(new id zwp_text_input_v3#33, wl_seat#22)
[08:07:36.817119] {Default Queue} wl_registry#42.global(22, "zwp_pointer_constraints_v1", 1)
[08:07:36.817122] {Default Queue} wl_registry#42.global(23, "zwlr_output_power_manager_v1", 1)
[08:07:36.817125] {Default Queue} wl_registry#42.global(24, "xdg_activation_v1", 1)
[08:07:36.817128] {Default Queue} wl_registry#42.global(25, "ext_idle_notifier_v1", 2)
[08:07:36.817131] {Default Queue} wl_registry#42.global(26, "hyprland_lock_notifier_v1", 1)
[08:07:36.817133] {Default Queue} wl_registry#42.global(27, "ext_session_lock_manager_v1", 1)
[08:07:36.817137] {Default Queue} wl_registry#42.global(28, "zwp_input_method_manager_v2", 1)
[08:07:36.817140] {Default Queue} wl_registry#42.global(29, "zwp_virtual_keyboard_manager_v1", 1)
[08:07:36.817143] {Default Queue} wl_registry#42.global(30, "zwlr_virtual_pointer_manager_v1", 2)
[08:07:36.817145] {Default Queue} wl_registry#42.global(31, "zwlr_output_manager_v1", 4)
[08:07:36.817148] {Default Queue} wl_registry#42.global(32, "org_kde_kwin_server_decoration_manager", 1)
[08:07:36.817151] {Default Queue} wl_registry#42.global(33, "hyprland_focus_grab_manager_v1", 1)
[08:07:36.817154] {Default Queue} wl_registry#42.global(34, "zwp_tablet_manager_v2", 1)
[08:07:36.817156] {Default Queue} wl_registry#42.global(35, "zwlr_layer_shell_v1", 5)
[08:07:36.817159] {Default Queue} wl_registry#42.global(36, "wp_presentation", 2)
[08:07:36.817167] {Default Queue} wl_registry#42.global(37, "xdg_wm_base", 7)
[08:07:36.817173] {Default Queue} wl_registry#42.global(38, "zwlr_data_control_manager_v1", 2)
[08:07:36.817175] {Default Queue} wl_registry#42.global(39, "zwp_primary_selection_device_manager_v1", 1)
[08:07:36.817178] {Default Queue} wl_registry#42.global(40, "xwayland_shell_v1", 1)
[08:07:36.817181] {Default Queue} wl_registry#42.global(41, "hyprland_toplevel_mapping_manager_v1", 1)
[08:07:36.817184] {Default Queue} wl_registry#42.global(42, "hyprland_global_shortcuts_manager_v1", 1)
[08:07:36.817186] {Default Queue} wl_registry#42.global(43, "xdg_wm_dialog_v1", 1)
[08:07:36.817189] {Default Queue} wl_registry#42.global(44, "wp_single_pixel_buffer_manager_v1", 1)
[08:07:36.817192] {Default Queue} wl_registry#42.global(45, "wp_security_context_manager_v1", 1)
[08:07:36.817195] {Default Queue} wl_registry#42.global(46, "hyprland_ctm_control_manager_v1", 2)
[08:07:36.817197] {Default Queue} wl_registry#42.global(47, "hyprland_input_capture_manager_v1", 1)
[08:07:36.817200] {Default Queue} wl_registry#42.global(48, "hyprland_surface_manager_v1", 2)
[08:07:36.817203] {Default Queue} wl_registry#42.global(49, "wp_content_type_manager_v1", 1)
[08:07:36.817206] {Default Queue} wl_registry#42.global(50, "xdg_toplevel_tag_manager_v1", 1)
[08:07:36.817208] {Default Queue} wl_registry#42.global(51, "xdg_system_bell_v1", 1)
[08:07:36.817211] {Default Queue} wl_registry#42.global(52, "vicinae_hotkey_manager_v1", 1)
[08:07:36.817213] {Default Queue} wl_registry#42.global(53, "ext_workspace_manager_v1", 1)
[08:07:36.817216] {Default Queue} wl_registry#42.global(54, "ext_data_control_manager_v1", 1)
[08:07:36.817219] {Default Queue} wl_registry#42.global(55, "wp_pointer_warp_v1", 1)
[08:07:36.817222] {Default Queue} wl_registry#42.global(56, "wp_fifo_manager_v1", 1)
[08:07:36.817224] {Default Queue} wl_registry#42.global(57, "zxdg_exporter_v2", 1)
[08:07:36.817227] {Default Queue} wl_registry#42.global(58, "zxdg_importer_v2", 1)
[08:07:36.817229] {Default Queue} wl_registry#42.global(59, "ext_background_effect_manager_v1", 1)
[08:07:36.817232] {Default Queue} wl_registry#42.global(60, "wp_commit_timing_manager_v1", 1)
[08:07:36.817235] {Default Queue} wl_registry#42.global(61, "zwlr_screencopy_manager_v1", 3)
[08:07:36.817238] {Default Queue} wl_registry#42.global(62, "hyprland_toplevel_export_manager_v1", 2)
[08:07:36.817241] {Default Queue} wl_registry#42.global(63, "ext_output_image_capture_source_manager_v1", 1)
[08:07:36.817243] {Default Queue} wl_registry#42.global(64, "ext_foreign_toplevel_image_capture_source_manager_v1", 1)
[08:07:36.817246] {Default Queue} wl_registry#42.global(65, "ext_image_copy_capture_manager_v1", 1)
[08:07:36.817249] {Default Queue} wl_registry#42.global(66, "wp_color_manager_v1", 3)
[08:07:36.817251] {Default Queue} wl_registry#42.global(67, "wl_drm", 2)
[08:07:36.817254] {Default Queue} wl_registry#42.global(68, "zwp_linux_dmabuf_v1", 5)
[08:07:36.817256] {Default Queue} wl_registry#42.global(69, "wl_output", 4)
[08:07:36.817259] {Default Queue} zwlr_layer_surface_v1#43.configure(32, 800, 48)
[08:07:36.817262] {Default Queue}  -> zwlr_layer_surface_v1#43.ack_configure(32)
[08:07:36.817265] {Default Queue} wl_callback#44.done(33)
[08:07:36.817319] {Default Queue}  -> wl_surface#41.commit()
view-added: id=1 geometry=0,0,800,600
shared-host-start: views=1 controllers=1 backend-clients=1 sandbox=1
[08:07:36.817751] {Default Queue} zwlr_layer_surface_v1#43.configure(34, 800, 48)
[08:07:36.817760] {Default Queue}  -> zwlr_layer_surface_v1#43.ack_configure(34)
[08:07:36.821631] {Default Queue}  -> wl_surface#41.set_buffer_scale(1)
[08:07:36.821731] {Default Queue}  -> wl_shm#7.create_pool(new id wl_shm_pool#44, fd 24, 153600)
[08:07:36.821744] {Default Queue}  -> wl_shm_pool#44.create_buffer(new id wl_buffer#37, 0, 800, 48, 3200, 0)
[08:07:36.821874] {Default Queue}  -> wl_surface#41.attach(wl_buffer#37, 0, 0)
[08:07:36.821881] {Default Queue}  -> wl_surface#41.set_buffer_scale(1)
[08:07:36.821884] {Default Queue}  -> wl_surface#41.damage(0, 0, 800, 48)
[08:07:36.821894] {Default Queue}  -> wl_compositor#5.create_region(new id wl_region#45)
[08:07:36.821906] {Default Queue}  -> wl_region#45.add(0, 0, 800, 48)
[08:07:36.821910] {Default Queue}  -> wl_surface#41.set_opaque_region(wl_region#45)
[08:07:36.821913] {Default Queue}  -> wl_region#45.destroy()
[08:07:36.821916] {Default Queue}  -> wl_surface#41.set_input_region(nil)
[08:07:36.821923] {Default Queue}  -> wl_surface#41.frame(new id wl_callback#46)
[08:07:36.821927] {Default Queue}  -> wl_surface#41.commit()
[08:07:36.822276] {Display Queue} wl_display#1.delete_id(45)
[08:07:36.822287] {Display Queue} wl_display#1.delete_id(46)
[08:07:36.822291] {Default Queue} wl_callback#46.done(69361464)
[08:07:36.822295] {Default Queue} wl_surface#41.enter(wl_output#19)
[08:07:36.822299] {Default Queue} wl_buffer#37.release()
[08:07:36.943182] {Default Queue}  -> wl_surface#41.set_buffer_scale(1)
[08:07:36.943218] {mesa egl surface queue}  -> zwp_linux_dmabuf_v1#39.get_surface_feedback(new id zwp_linux_dmabuf_feedback_v1#46, wl_surface#41)
[08:07:36.943229] {mesa egl display queue}  -> wl_display#1.sync(new id wl_callback#45)
[08:07:36.943420] {Display Queue} wl_display#1.delete_id(45)
[08:07:36.943425] {mesa egl display queue} wl_callback#45.done(34)
[08:07:36.943437] {mesa egl surface queue} zwp_linux_dmabuf_feedback_v1#46.format_table(fd 32, 2960)
[08:07:36.943448] {mesa egl surface queue} zwp_linux_dmabuf_feedback_v1#46.main_device(array[8])
[08:07:36.943452] {mesa egl surface queue} zwp_linux_dmabuf_feedback_v1#46.tranche_target_device(array[8])
[08:07:36.943455] {mesa egl surface queue} zwp_linux_dmabuf_feedback_v1#46.tranche_flags(0)
[08:07:36.943457] {mesa egl surface queue} zwp_linux_dmabuf_feedback_v1#46.tranche_formats(array[370])
[08:07:36.943462] {mesa egl surface queue} zwp_linux_dmabuf_feedback_v1#46.tranche_done()
[08:07:36.943467] {mesa egl surface queue} zwp_linux_dmabuf_feedback_v1#46.done()
[08:07:36.946806] {Default Queue}  -> wl_surface#41.attach(wl_buffer#37, 0, 0)
[08:07:36.946824] {Default Queue}  -> wl_surface#41.set_buffer_scale(1)
[08:07:36.946830] {Default Queue}  -> wl_surface#41.damage(0, 0, 800, 48)
[08:07:36.946847] {Default Queue}  -> wl_surface#41.frame(new id wl_callback#45)
[08:07:36.946851] {Default Queue}  -> wl_surface#41.commit()
[08:07:36.948688] {Default Queue} wl_buffer#37.release()
view-topology: {"viewProtocol":1,"kind":"view-topology","revision":"1","views":[{"id":"1","generation":"1"}]}

** (process:2): WARNING **: 02:07:36.950: Failed to get atspi registered event listeners: GDBus.Error:org.freedesktop.DBus.Error.NameHasNoOwner: Could not activate remote peer 'org.a11y.atspi.Registry': unit failed

[08:07:36.953597] {Display Queue} wl_display#1.delete_id(45)
[08:07:36.953612] {Default Queue} wl_callback#45.done(69361592)
surface-report: origin=bar {"kind":"surface-report","body":{"publication":null,"lease":null,"buttons":[],"focus":"","text":""}}
view-report: id=1 x=0 y=0 {"kind":"surface-report","body":{"publication":null,"lease":null,"buttons":[],"focus":"","text":""}}
[08:07:36.958880] {Default Queue}  -> wl_buffer#37.destroy()
[08:07:36.958898] {Default Queue}  -> wl_shm_pool#44.destroy()
[08:07:36.962643] {mesa egl display queue}  -> zwp_linux_dmabuf_v1#39.create_params(new id zwp_linux_buffer_params_v1#45)
[08:07:36.962671] {mesa egl surface queue}  -> zwp_linux_buffer_params_v1#45.add(fd 29, 0, 0, 3584, 16777216, 15)
[08:07:36.962679] {mesa egl surface queue}  -> zwp_linux_buffer_params_v1#45.add(fd 31, 1, 229376, 448, 16777216, 15)
[08:07:36.962684] {mesa egl surface queue}  -> zwp_linux_buffer_params_v1#45.add(fd 40, 2, 233472, 64, 16777216, 15)
[08:07:36.962689] {mesa egl surface queue}  -> zwp_linux_buffer_params_v1#45.create_immed(new id wl_buffer#47, 800, 48, 875713089, 0)
[08:07:36.962695] {mesa egl surface queue}  -> zwp_linux_buffer_params_v1#45.destroy()
[08:07:36.962700] {mesa egl surface queue}  -> wl_surface#41.attach(wl_buffer#47, 0, 0)
[08:07:36.962704] {mesa egl surface queue}  -> wl_surface#41.damage(0, 0, 2147483647, 2147483647)
[08:07:36.962716] {mesa egl surface queue}  -> wl_surface#41.commit()
[08:07:36.962731] {mesa egl surface queue}  -> wl_display#1.sync(new id wl_callback#48)
view-refused: commit-preflight
surface-inspection: {"surfaceProtocol":2,"kind":"surface-inspection","publication":"0","lease":"0","body":{"phase":"Detached","transaction":"Idle","groups":[],"picker":null,"openerId":"applications:detached:0:control:opener","reconnectId":"reconnect"}}
[08:07:36.963065] discarded [unknown]#37.[event 0](0 fd, 8 byte)
[08:07:36.963075] {Display Queue} wl_display#1.delete_id(37)
[08:07:36.963080] {Display Queue} wl_display#1.delete_id(44)
[08:07:36.963083] {Display Queue} wl_display#1.delete_id(45)
[08:07:36.963085] {Display Queue} wl_display#1.delete_id(48)
backend-frame: {"protocolVersion":3,"kind":"attached","binding":{"lifetime":"11235382551809807970","session":"6080347691341408182","frontend":"1"},"compositor":{"pid":576883,"instance":"efb50993780079460b0cbed1363e2166a2de1d9f_1791101248_666817849","coreHash":"efb50993780079460b0cbed1363e2166a2de1d9f_aq_0.15_hu_0.14_hg_0.5_hc_0.1_hlg_0.6"},"capabilities":{"observe":true,"effects":true,"minimizedState":true,"effectProtocol":1,"operations":["minimize","restore","activate"],"canonicalScene":false,"taskbarProjectionProtocol":1,"effectInvalidationProtocol":1}}
backend-frame: {"protocolVersion":3,"kind":"host-uncertain","binding":{"lifetime":"11235382551809807970","session":"6080347691341408182","frontend":"1"},"intent":{"request":"2","generation":"2","incarnation":"2","operation":"restore","context":{"lifetime":"11235382551809807970","epoch":"1","output":"1","revision":"2"}}}
frontend-request: {"protocolVersion":3,"kind":"projection-request","binding":{"lifetime":"11235382551809807970","session":"6080347691341408182","frontend":"1"},"requestId":"1"}
surface-commit: publication=1 lease=0 open=0
view-commit: popup=0 focus=1 publication=1
surface-inspection: {"surfaceProtocol":2,"kind":"surface-inspection","publication":"1","lease":"0","body":{"phase":"Awaiting","transaction":"Idle","groups":[],"picker":null,"openerId":"applications:{\"lifetime\":\"11235382551809807970\",\"session\":\"6080347691341408182\",\"frontend\":\"1\"}:1:control:opener","reconnectId":"reconnect"}}
backend-frame: {"protocolVersion":3,"kind":"action-projection","binding":{"lifetime":"11235382551809807970","session":"6080347691341408182","frontend":"1"},"requestId":"1","context":{"lifetime":"11235382551809807970","epoch":"1","output":"1","revision":"2"},"scene":{"revision":"2","focused":null,"windows":[{"incarnation":"2","application":"GTK Application","label":"ELM-AUTHORITY-FIXTURE","minimized":true,"owner":null,"available":true}]}}
surface-commit: publication=2 lease=0 open=0
view-commit: popup=0 focus=1 publication=2
surface-inspection: {"surfaceProtocol":2,"kind":"surface-inspection","publication":"2","lease":"0","body":{"phase":"Awaiting","transaction":"Unknown","groups":[],"picker":null,"openerId":"applications:{\"lifetime\":\"11235382551809807970\",\"session\":\"6080347691341408182\",\"frontend\":\"1\"}:1:control:opener","reconnectId":"reconnect"}}
surface-commit: publication=3 lease=0 open=0
view-commit: popup=0 focus=1 publication=3
surface-inspection: {"surfaceProtocol":2,"kind":"surface-inspection","publication":"3","lease":"0","body":{"phase":"Coherent","transaction":"Unknown","groups":[{"key":"application:GTK Application","domId":"group:{\"lifetime\":\"11235382551809807970\",\"session\":\"6080347691341408182\",\"frontend\":\"1\"}:1:2:application:GTK Application","title":"ELM-AUTHORITY-FIXTURE","active":false,"expanded":false}],"picker":null,"openerId":"applications:{\"lifetime\":\"11235382551809807970\",\"session\":\"6080347691341408182\",\"frontend\":\"1\"}:1:control:opener","reconnectId":"reconnect"}}
surface-report: origin=bar {"kind":"surface-report","body":{"publication":"3","lease":"0","buttons":[{"id":"applications:{\"lifetime\":\"11235382551809807970\",\"session\":\"6080347691341408182\",\"frontend\":\"1\"}:1:control:opener","label":"Applications","accessibleName":"Open applications","disabled":false,"x":3,"y":3,"width":112.28125,"height":36},{"id":"group:{\"lifetime\":\"11235382551809807970\",\"session\":\"6080347691341408182\",\"frontend\":\"1\"}:1:2:application:GTK Application","label":"ELM-AUTHORITY-FIXTURE1","accessibleName":"Restore ELM-AUTHORITY-FIXTURE","disabled":false,"x":121.28125,"y":3,"width":237.875,"height":36}],"focus":"","text":"ApplicationsELM-AUTHORITY-FIXTURE1Connected The last request could not be confirmed."}}
view-report: id=1 x=0 y=0 {"kind":"surface-report","body":{"publication":"3","lease":"0","buttons":[{"id":"applications:{\"lifetime\":\"11235382551809807970\",\"session\":\"6080347691341408182\",\"frontend\":\"1\"}:1:control:opener","label":"Applications","accessibleName":"Open applications","disabled":false,"x":3,"y":3,"width":112.28125,"height":36},{"id":"group:{\"lifetime\":\"11235382551809807970\",\"session\":\"6080347691341408182\",\"frontend\":\"1\"}:1:2:application:GTK Application","label":"ELM-AUTHORITY-FIXTURE1","accessibleName":"Restore ELM-AUTHORITY-FIXTURE","disabled":false,"x":121.28125,"y":3,"width":237.875,"height":36}],"focus":"","text":"ApplicationsELM-AUTHORITY-FIXTURE1Connected The last request could not be confirmed."}}
[08:07:37.055528] {mesa egl surface queue} wl_callback#48.done(34)
[08:07:37.055900] {mesa egl display queue}  -> zwp_linux_dmabuf_v1#39.create_params(new id zwp_linux_buffer_params_v1#48)
[08:07:37.055919] {mesa egl surface queue}  -> zwp_linux_buffer_params_v1#48.add(fd 40, 0, 0, 3584, 16777216, 15)
[08:07:37.055927] {mesa egl surface queue}  -> zwp_linux_buffer_params_v1#48.add(fd 41, 1, 229376, 448, 16777216, 15)
[08:07:37.055932] {mesa egl surface queue}  -> zwp_linux_buffer_params_v1#48.add(fd 42, 2, 233472, 64, 16777216, 15)
[08:07:37.055935] {mesa egl surface queue}  -> zwp_linux_buffer_params_v1#48.create_immed(new id wl_buffer#45, 800, 48, 875713089, 0)
[08:07:37.055943] {mesa egl surface queue}  -> zwp_linux_buffer_params_v1#48.destroy()
[08:07:37.055947] {mesa egl surface queue}  -> wl_surface#41.attach(wl_buffer#45, 0, 0)
[08:07:37.055951] {mesa egl surface queue}  -> wl_surface#41.damage(0, 0, 2147483647, 2147483647)
[08:07:37.055955] {mesa egl surface queue}  -> wl_surface#41.commit()
[08:07:37.055958] {mesa egl surface queue}  -> wl_display#1.sync(new id wl_callback#44)
[08:07:37.056125] {Display Queue} wl_display#1.delete_id(48)
[08:07:37.056131] {Display Queue} wl_display#1.delete_id(44)
[08:07:38.312056] {Default Queue} wl_pointer#21.enter(35, wl_surface#41, 240.00000000, 21.00000000)
[08:07:38.312095] {Default Queue} wl_pointer#21.frame()
[08:07:38.312158] {Default Queue}  -> wp_cursor_shape_device_v1#30.set_shape(35, 1)
[08:07:38.312166] {Default Queue} wl_pointer#21.motion(69362954, 240.00000000, 21.00000000)
[08:07:38.312172] {Default Queue} wl_pointer#21.frame()
[08:07:38.412287] {Default Queue} wl_pointer#21.button(36, 69363054, 272, 1)
[08:07:38.412328] {Default Queue} wl_pointer#21.frame()
surface-report: origin=bar {"kind":"surface-report","body":{"publication":"3","lease":"0","buttons":[{"id":"applications:{\"lifetime\":\"11235382551809807970\",\"session\":\"6080347691341408182\",\"frontend\":\"1\"}:1:control:opener","label":"Applications","accessibleName":"Open applications","disabled":false,"x":3,"y":3,"width":112.28125,"height":36},{"id":"group:{\"lifetime\":\"11235382551809807970\",\"session\":\"6080347691341408182\",\"frontend\":\"1\"}:1:2:application:GTK Application","label":"ELM-AUTHORITY-FIXTURE1","accessibleName":"Restore ELM-AUTHORITY-FIXTURE","disabled":false,"x":121.28125,"y":3,"width":237.875,"height":36}],"focus":"group:{\"lifetime\":\"11235382551809807970\",\"session\":\"6080347691341408182\",\"frontend\":\"1\"}:1:2:application:GTK Application","text":"ApplicationsELM-AUTHORITY-FIXTURE1Connected The last request could not be confirmed."}}
view-report: id=1 x=0 y=0 {"kind":"surface-report","body":{"publication":"3","lease":"0","buttons":[{"id":"applications:{\"lifetime\":\"11235382551809807970\",\"session\":\"6080347691341408182\",\"frontend\":\"1\"}:1:control:opener","label":"Applications","accessibleName":"Open applications","disabled":false,"x":3,"y":3,"width":112.28125,"height":36},{"id":"group:{\"lifetime\":\"11235382551809807970\",\"session\":\"6080347691341408182\",\"frontend\":\"1\"}:1:2:application:GTK Application","label":"ELM-AUTHORITY-FIXTURE1","accessibleName":"Restore ELM-AUTHORITY-FIXTURE","disabled":false,"x":121.28125,"y":3,"width":237.875,"height":36}],"focus":"group:{\"lifetime\":\"11235382551809807970\",\"session\":\"6080347691341408182\",\"frontend\":\"1\"}:1:2:application:GTK Application","text":"ApplicationsELM-AUTHORITY-FIXTURE1Connected The last request could not be confirmed."}}
[08:07:38.462798] {Default Queue} wl_pointer#21.button(37, 69363105, 272, 0)
[08:07:38.462845] {Default Queue} wl_pointer#21.frame()
host-intent-durable: {"schema":1,"binding":{"lifetime":"11235382551809807970","session":"6080347691341408182","frontend":"1"},"intent":{"request":"3","generation":"3","incarnation":"2","operation":"restore","context":{"lifetime":"11235382551809807970","epoch":"1","output":"1","revision":"2"}},"status":"Pending"}
frontend-request: {"protocolVersion":3,"kind":"window-effect","effectProtocol":1,"binding":{"lifetime":"11235382551809807970","session":"6080347691341408182","frontend":"1"},"intent":{"request":"3","generation":"3","incarnation":"2","operation":"restore","context":{"lifetime":"11235382551809807970","epoch":"1","output":"1","revision":"2"}}}
surface-commit: publication=4 lease=0 open=0
view-commit: popup=0 focus=1 publication=4
surface-inspection: {"surfaceProtocol":2,"kind":"surface-inspection","publication":"4","lease":"0","body":{"phase":"Coherent","transaction":"Pending","groups":[{"key":"application:GTK Application","domId":"group:{\"lifetime\":\"11235382551809807970\",\"session\":\"6080347691341408182\",\"frontend\":\"1\"}:1:2:application:GTK Application","title":"ELM-AUTHORITY-FIXTURE","active":false,"expanded":false}],"picker":null,"openerId":"applications:{\"lifetime\":\"11235382551809807970\",\"session\":\"6080347691341408182\",\"frontend\":\"1\"}:1:control:opener","reconnectId":"reconnect"}}
backend-frame: {"protocolVersion":3,"kind":"effect-outcome","effectProtocol":1,"binding":{"lifetime":"11235382551809807970","session":"6080347691341408182","frontend":"1"},"intent":{"request":"3","generation":"3","incarnation":"2","operation":"restore","context":{"lifetime":"11235382551809807970","epoch":"1","output":"1","revision":"2"}},"status":"Committed","reason":"applied","revision":"3","outputGeneration":"1"}
backend-frame: {"protocolVersion":3,"kind":"host-refresh"}
frontend-request: {"protocolVersion":3,"kind":"projection-request","binding":{"lifetime":"11235382551809807970","session":"6080347691341408182","frontend":"1"},"requestId":"2"}
surface-commit: publication=5 lease=0 open=0
view-commit: popup=0 focus=1 publication=5
surface-inspection: {"surfaceProtocol":2,"kind":"surface-inspection","publication":"5","lease":"0","body":{"phase":"Awaiting","transaction":"Committed","groups":[{"key":"application:GTK Application","domId":"group:{\"lifetime\":\"11235382551809807970\",\"session\":\"6080347691341408182\",\"frontend\":\"1\"}:1:2:application:GTK Application","title":"ELM-AUTHORITY-FIXTURE","active":false,"expanded":false}],"picker":null,"openerId":"applications:{\"lifetime\":\"11235382551809807970\",\"session\":\"6080347691341408182\",\"frontend\":\"1\"}:1:control:opener","reconnectId":"reconnect"}}
frontend-request: {"protocolVersion":3,"kind":"projection-request","binding":{"lifetime":"11235382551809807970","session":"6080347691341408182","frontend":"1"},"requestId":"3"}
surface-commit: publication=6 lease=0 open=0
view-commit: popup=0 focus=1 publication=6
surface-inspection: {"surfaceProtocol":2,"kind":"surface-inspection","publication":"6","lease":"0","body":{"phase":"Awaiting","transaction":"Committed","groups":[{"key":"application:GTK Application","domId":"group:{\"lifetime\":\"11235382551809807970\",\"session\":\"6080347691341408182\",\"frontend\":\"1\"}:1:2:application:GTK Application","title":"ELM-AUTHORITY-FIXTURE","active":false,"expanded":false}],"picker":null,"openerId":"applications:{\"lifetime\":\"11235382551809807970\",\"session\":\"6080347691341408182\",\"frontend\":\"1\"}:1:control:opener","reconnectId":"reconnect"}}
backend-frame: {"protocolVersion":3,"kind":"action-projection","binding":{"lifetime":"11235382551809807970","session":"6080347691341408182","frontend":"1"},"requestId":"2","context":{"lifetime":"11235382551809807970","epoch":"1","output":"1","revision":"3"},"scene":{"revision":"3","focused":"2","windows":[{"incarnation":"2","application":"GTK Application","label":"ELM-AUTHORITY-FIXTURE","minimized":false,"owner":null,"available":true}]}}
surface-inspection: {"surfaceProtocol":2,"kind":"surface-inspection","publication":"6","lease":"0","body":{"phase":"Awaiting","transaction":"Committed","groups":[{"key":"application:GTK Application","domId":"group:{\"lifetime\":\"11235382551809807970\",\"session\":\"6080347691341408182\",\"frontend\":\"1\"}:1:2:application:GTK Application","title":"ELM-AUTHORITY-FIXTURE","active":false,"expanded":false}],"picker":null,"openerId":"applications:{\"lifetime\":\"11235382551809807970\",\"session\":\"6080347691341408182\",\"frontend\":\"1\"}:1:control:opener","reconnectId":"reconnect"}}
backend-frame: {"protocolVersion":3,"kind":"action-projection","binding":{"lifetime":"11235382551809807970","session":"6080347691341408182","frontend":"1"},"requestId":"3","context":{"lifetime":"11235382551809807970","epoch":"1","output":"1","revision":"3"},"scene":{"revision":"3","focused":"2","windows":[{"incarnation":"2","application":"GTK Application","label":"ELM-AUTHORITY-FIXTURE","minimized":false,"owner":null,"available":true}]}}
surface-commit: publication=7 lease=0 open=0
view-commit: popup=0 focus=1 publication=7
surface-inspection: {"surfaceProtocol":2,"kind":"surface-inspection","publication":"7","lease":"0","body":{"phase":"Coherent","transaction":"Committed","groups":[{"key":"application:GTK Application","domId":"group:{\"lifetime\":\"11235382551809807970\",\"session\":\"6080347691341408182\",\"frontend\":\"1\"}:1:3:application:GTK Application","title":"ELM-AUTHORITY-FIXTURE","active":true,"expanded":false}],"picker":null,"openerId":"applications:{\"lifetime\":\"11235382551809807970\",\"session\":\"6080347691341408182\",\"frontend\":\"1\"}:1:control:opener","reconnectId":"reconnect"}}
[08:07:38.478258] {mesa egl surface queue} wl_buffer#47.release()
[08:07:38.478280] {mesa egl surface queue}  -> wl_buffer#47.destroy()
[08:07:38.478286] {mesa egl surface queue} wl_callback#44.done(34)
[08:07:38.479352] {mesa egl display queue}  -> zwp_linux_dmabuf_v1#39.create_params(new id zwp_linux_buffer_params_v1#44)
[08:07:38.479376] {mesa egl surface queue}  -> zwp_linux_buffer_params_v1#44.add(fd 40, 0, 0, 3584, 16777216, 15)
[08:07:38.479384] {mesa egl surface queue}  -> zwp_linux_buffer_params_v1#44.add(fd 41, 1, 229376, 448, 16777216, 15)
[08:07:38.479389] {mesa egl surface queue}  -> zwp_linux_buffer_params_v1#44.add(fd 42, 2, 233472, 64, 16777216, 15)
[08:07:38.479393] {mesa egl surface queue}  -> zwp_linux_buffer_params_v1#44.create_immed(new id wl_buffer#48, 800, 48, 875713089, 0)
[08:07:38.479399] {mesa egl surface queue}  -> zwp_linux_buffer_params_v1#44.destroy()
[08:07:38.479404] {mesa egl surface queue}  -> wl_surface#41.attach(wl_buffer#48, 0, 0)
[08:07:38.479408] {mesa egl surface queue}  -> wl_surface#41.damage(0, 0, 2147483647, 2147483647)
[08:07:38.479412] {mesa egl surface queue}  -> wl_surface#41.commit()
[08:07:38.479415] {mesa egl surface queue}  -> wl_display#1.sync(new id wl_callback#37)
[08:07:38.479613] discarded [unknown]#47.[event 0](0 fd, 8 byte)
[08:07:38.479632] discarded [unknown]#47.[event 0](0 fd, 8 byte)
[08:07:38.479646] {Display Queue} wl_display#1.delete_id(47)
[08:07:38.479652] {Display Queue} wl_display#1.delete_id(44)
[08:07:38.479655] {Display Queue} wl_display#1.delete_id(37)
surface-report: origin=bar {"kind":"surface-report","body":{"publication":"7","lease":"0","buttons":[{"id":"applications:{\"lifetime\":\"11235382551809807970\",\"session\":\"6080347691341408182\",\"frontend\":\"1\"}:1:control:opener","label":"Applications","accessibleName":"Open applications","disabled":false,"x":3,"y":3,"width":112.28125,"height":36},{"id":"group:{\"lifetime\":\"11235382551809807970\",\"session\":\"6080347691341408182\",\"frontend\":\"1\"}:1:3:application:GTK Application","label":"ELM-AUTHORITY-FIXTURE1","accessibleName":"Minimize ELM-AUTHORITY-FIXTURE","disabled":false,"x":121.28125,"y":3,"width":237.875,"height":36}],"focus":"","text":"ApplicationsELM-AUTHORITY-FIXTURE1Connected"}}
view-report: id=1 x=0 y=0 {"kind":"surface-report","body":{"publication":"7","lease":"0","buttons":[{"id":"applications:{\"lifetime\":\"11235382551809807970\",\"session\":\"6080347691341408182\",\"frontend\":\"1\"}:1:control:opener","label":"Applications","accessibleName":"Open applications","disabled":false,"x":3,"y":3,"width":112.28125,"height":36},{"id":"group:{\"lifetime\":\"11235382551809807970\",\"session\":\"6080347691341408182\",\"frontend\":\"1\"}:1:3:application:GTK Application","label":"ELM-AUTHORITY-FIXTURE1","accessibleName":"Minimize ELM-AUTHORITY-FIXTURE","disabled":false,"x":121.28125,"y":3,"width":237.875,"height":36}],"focus":"","text":"ApplicationsELM-AUTHORITY-FIXTURE1Connected"}}
[08:07:38.493498] {mesa egl surface queue} wl_callback#37.done(40)
[08:07:38.493514] {mesa egl surface queue} wl_buffer#45.release()
[08:07:38.493990] {mesa egl surface queue}  -> wl_surface#41.attach(wl_buffer#45, 0, 0)
[08:07:38.494002] {mesa egl surface queue}  -> wl_surface#41.damage(0, 0, 2147483647, 2147483647)
[08:07:38.494006] {mesa egl surface queue}  -> wl_surface#41.commit()
[08:07:38.494010] {mesa egl surface queue}  -> wl_display#1.sync(new id wl_callback#37)
[08:07:38.494063] {Display Queue} wl_display#1.delete_id(37)
Web process terminated: 0
Web process terminated: 0
Web process terminated: 0
[08:07:39.002162] {Default Queue}  -> wl_display#1.sync(new id wl_callback#44)
[08:07:39.002222] {Display Queue} wl_display#1.delete_id(44)
[08:07:39.002228] {Default Queue} wl_callback#44.done(44)
backend-exit: waited=1 normal=1 code=0
native-recovery-ready: views=1 backend-normal=1
recovery-control: id=1 x=195 y=4 w=84 h=40
[08:07:39.015051] {mesa egl surface queue} wl_callback#37.done(40)
[08:07:39.015063] {mesa egl surface queue} wl_buffer#48.release()
[08:07:39.015840] {Default Queue}  -> wl_surface#41.set_input_region(nil)
[08:07:39.017813] {mesa egl surface queue}  -> wl_surface#41.attach(wl_buffer#48, 0, 0)
[08:07:39.017836] {mesa egl surface queue}  -> wl_surface#41.damage(0, 0, 2147483647, 2147483647)
[08:07:39.017843] {mesa egl surface queue}  -> wl_surface#41.commit()
[08:07:39.017848] {mesa egl surface queue}  -> wl_display#1.sync(new id wl_callback#37)
[08:07:39.017971] {Display Queue} wl_display#1.delete_id(37)
[08:07:39.038223] {mesa egl surface queue} wl_callback#37.done(44)
[08:07:39.038249] {mesa egl surface queue} wl_buffer#45.release()
[08:07:39.038994] {mesa egl surface queue}  -> wl_surface#41.attach(wl_buffer#45, 0, 0)
[08:07:39.039011] {mesa egl surface queue}  -> wl_surface#41.damage(0, 0, 2147483647, 2147483647)
[08:07:39.039017] {mesa egl surface queue}  -> wl_surface#41.commit()
[08:07:39.039021] {mesa egl surface queue}  -> wl_display#1.sync(new id wl_callback#37)
[08:07:39.039090] {Display Queue} wl_display#1.delete_id(37)
[08:07:39.055253] {mesa egl surface queue} wl_callback#37.done(44)
[08:07:39.055273] {mesa egl surface queue} wl_buffer#48.release()
[08:07:39.055989] {mesa egl surface queue}  -> wl_surface#41.attach(wl_buffer#48, 0, 0)
[08:07:39.056005] {mesa egl surface queue}  -> wl_surface#41.damage(0, 0, 2147483647, 2147483647)
[08:07:39.056011] {mesa egl surface queue}  -> wl_surface#41.commit()
[08:07:39.056015] {mesa egl surface queue}  -> wl_display#1.sync(new id wl_callback#37)
[08:07:39.056086] {Display Queue} wl_display#1.delete_id(37)
[08:07:39.072280] {mesa egl surface queue} wl_callback#37.done(44)
[08:07:39.072309] {mesa egl surface queue} wl_buffer#45.release()
[08:07:39.073199] {mesa egl surface queue}  -> wl_surface#41.attach(wl_buffer#45, 0, 0)
[08:07:39.073217] {mesa egl surface queue}  -> wl_surface#41.damage(0, 0, 2147483647, 2147483647)
[08:07:39.073230] {mesa egl surface queue}  -> wl_surface#41.commit()
[08:07:39.073247] {mesa egl surface queue}  -> wl_display#1.sync(new id wl_callback#37)
[08:07:39.073317] {Display Queue} wl_display#1.delete_id(37)
[08:07:39.089494] {mesa egl surface queue} wl_callback#37.done(44)
[08:07:39.089520] {mesa egl surface queue} wl_buffer#48.release()
[08:07:39.090150] {mesa egl surface queue}  -> wl_surface#41.attach(wl_buffer#48, 0, 0)
[08:07:39.090169] {mesa egl surface queue}  -> wl_surface#41.damage(0, 0, 2147483647, 2147483647)
[08:07:39.090175] {mesa egl surface queue}  -> wl_surface#41.commit()
[08:07:39.090179] {mesa egl surface queue}  -> wl_display#1.sync(new id wl_callback#37)
[08:07:39.090264] {Display Queue} wl_display#1.delete_id(37)
[08:07:39.106433] {mesa egl surface queue} wl_callback#37.done(44)
[08:07:39.106465] {mesa egl surface queue} wl_buffer#45.release()
[08:07:39.107041] {mesa egl surface queue}  -> wl_surface#41.attach(wl_buffer#45, 0, 0)
[08:07:39.107058] {mesa egl surface queue}  -> wl_surface#41.damage(0, 0, 2147483647, 2147483647)
[08:07:39.107064] {mesa egl surface queue}  -> wl_surface#41.commit()
[08:07:39.107068] {mesa egl surface queue}  -> wl_display#1.sync(new id wl_callback#37)
[08:07:39.107135] {Display Queue} wl_display#1.delete_id(37)
[08:07:39.123295] {mesa egl surface queue} wl_callback#37.done(44)
[08:07:39.123316] {mesa egl surface queue} wl_buffer#48.release()
[08:07:39.123829] {mesa egl surface queue}  -> wl_surface#41.attach(wl_buffer#48, 0, 0)
[08:07:39.123841] {mesa egl surface queue}  -> wl_surface#41.damage(0, 0, 2147483647, 2147483647)
[08:07:39.123846] {mesa egl surface queue}  -> wl_surface#41.commit()
[08:07:39.123850] {mesa egl surface queue}  -> wl_display#1.sync(new id wl_callback#37)
[08:07:39.123907] {Display Queue} wl_display#1.delete_id(37)
[08:07:39.140085] {mesa egl surface queue} wl_callback#37.done(44)
[08:07:39.140120] {mesa egl surface queue} wl_buffer#45.release()
[08:07:39.140666] {mesa egl surface queue}  -> wl_surface#41.attach(wl_buffer#45, 0, 0)
[08:07:39.140684] {mesa egl surface queue}  -> wl_surface#41.damage(0, 0, 2147483647, 2147483647)
[08:07:39.140690] {mesa egl surface queue}  -> wl_surface#41.commit()
[08:07:39.140694] {mesa egl surface queue}  -> wl_display#1.sync(new id wl_callback#37)
[08:07:39.140764] {Display Queue} wl_display#1.delete_id(37)
[08:07:39.156932] {mesa egl surface queue} wl_callback#37.done(44)
[08:07:39.156960] {mesa egl surface queue} wl_buffer#48.release()
[08:07:39.157711] {mesa egl surface queue}  -> wl_surface#41.attach(wl_buffer#48, 0, 0)
[08:07:39.157729] {mesa egl surface queue}  -> wl_surface#41.damage(0, 0, 2147483647, 2147483647)
[08:07:39.157734] {mesa egl surface queue}  -> wl_surface#41.commit()
[08:07:39.157738] {mesa egl surface queue}  -> wl_display#1.sync(new id wl_callback#37)
[08:07:39.157813] {Display Queue} wl_display#1.delete_id(37)
[08:07:39.173990] {mesa egl surface queue} wl_callback#37.done(44)
[08:07:39.174022] {mesa egl surface queue} wl_buffer#45.release()
[08:07:39.174618] {mesa egl surface queue}  -> wl_surface#41.attach(wl_buffer#45, 0, 0)
[08:07:39.174638] {mesa egl surface queue}  -> wl_surface#41.damage(0, 0, 2147483647, 2147483647)
[08:07:39.174643] {mesa egl surface queue}  -> wl_surface#41.commit()
[08:07:39.174647] {mesa egl surface queue}  -> wl_display#1.sync(new id wl_callback#37)
[08:07:39.178227] {Display Queue} wl_display#1.delete_id(37)
[08:07:39.190880] {mesa egl surface queue} wl_buffer#48.release()
[08:07:39.190906] {mesa egl surface queue} wl_callback#37.done(44)
[08:07:39.191446] {mesa egl surface queue}  -> wl_surface#41.attach(wl_buffer#48, 0, 0)
[08:07:39.191458] {mesa egl surface queue}  -> wl_surface#41.damage(0, 0, 2147483647, 2147483647)
[08:07:39.191463] {mesa egl surface queue}  -> wl_surface#41.commit()
[08:07:39.191466] {mesa egl surface queue}  -> wl_display#1.sync(new id wl_callback#37)
[08:07:39.191543] {Display Queue} wl_display#1.delete_id(37)
[08:07:39.207809] {mesa egl surface queue} wl_callback#37.done(44)
[08:07:39.207851] {mesa egl surface queue} wl_buffer#45.release()
[08:07:39.208564] {mesa egl surface queue}  -> wl_surface#41.attach(wl_buffer#45, 0, 0)
[08:07:39.208573] {mesa egl surface queue}  -> wl_surface#41.damage(0, 0, 2147483647, 2147483647)
[08:07:39.208578] {mesa egl surface queue}  -> wl_surface#41.commit()
[08:07:39.208581] {mesa egl surface queue}  -> wl_display#1.sync(new id wl_callback#37)
[08:07:39.208677] {Display Queue} wl_display#1.delete_id(37)
[08:07:39.224835] {mesa egl surface queue} wl_callback#37.done(44)
[08:07:39.224867] {mesa egl surface queue} wl_buffer#48.release()
[08:07:39.225370] {mesa egl surface queue}  -> wl_surface#41.attach(wl_buffer#48, 0, 0)
[08:07:39.225381] {mesa egl surface queue}  -> wl_surface#41.damage(0, 0, 2147483647, 2147483647)
[08:07:39.225386] {mesa egl surface queue}  -> wl_surface#41.commit()
[08:07:39.225389] {mesa egl surface queue}  -> wl_display#1.sync(new id wl_callback#37)
[08:07:39.225741] {Display Queue} wl_display#1.delete_id(37)
[08:07:39.241614] {mesa egl surface queue} wl_callback#37.done(44)
[08:07:39.241641] {mesa egl surface queue} wl_buffer#45.release()
[08:07:39.242348] {mesa egl surface queue}  -> wl_surface#41.attach(wl_buffer#45, 0, 0)
[08:07:39.242358] {mesa egl surface queue}  -> wl_surface#41.damage(0, 0, 2147483647, 2147483647)
[08:07:39.242362] {mesa egl surface queue}  -> wl_surface#41.commit()
[08:07:39.242365] {mesa egl surface queue}  -> wl_display#1.sync(new id wl_callback#37)
[08:07:39.242580] {Display Queue} wl_display#1.delete_id(37)
[08:07:39.429651] {Default Queue}  -> wl_display#1.sync(new id wl_callback#44)
[08:07:39.429731] {Display Queue} wl_display#1.delete_id(44)
[08:07:39.429739] {Default Queue} wl_callback#44.done(48)
[08:07:39.429770] {Default Queue}  -> zwlr_layer_surface_v1#43.destroy()
[08:07:39.429798] {Default Queue}  -> wl_surface#41.destroy()
[08:07:39.429829] {mesa egl surface queue}  -> wl_buffer#45.destroy()
[08:07:39.429833] {mesa egl surface queue}  -> wl_buffer#48.destroy()
[08:07:39.429856] {mesa egl surface queue}  -> zwp_linux_dmabuf_feedback_v1#46.destroy()
view-retired: id=1
[08:07:39.432247] discarded [unknown]#45.[event 0](0 fd, 8 byte)
[08:07:39.432264] discarded [unknown]#48.[event 0](0 fd, 8 byte)
[08:07:39.432268] discarded [unknown]#48.[event 0](0 fd, 8 byte)
[08:07:39.432278] {Display Queue} wl_display#1.delete_id(43)
[08:07:39.432289] {Display Queue} wl_display#1.delete_id(48)
[08:07:39.432293] {Display Queue} wl_display#1.delete_id(46)
[08:07:39.432297] {Display Queue} wl_display#1.delete_id(41)
[08:07:39.432301] {Default Queue} wl_pointer#21.leave(50, nil)
[08:07:39.432305] {Default Queue} wl_pointer#21.frame()
[08:07:39.437528] discarded [unknown]#45.[event 0](0 fd, 8 byte)
[08:07:39.437550] discarded [unknown]#45.[event 0](0 fd, 8 byte)
[08:07:39.437560] {Display Queue} wl_display#1.delete_id(45)
shared-host-exit: failure=1 rendered=1
