{"event":"ack-configure","sequence":1,"controlSequence":0,"rootCommits":1,"childCommits":0,"serial":6,"width":320,"height":240,"monotonicNs":221097277122153}
{"event":"buffercommit","sequence":2,"controlSequence":0,"rootCommits":2,"childCommits":0,"serial":6,"width":320,"height":240,"monotonicNs":221097277257478}
{"event":"ready","sequence":3,"controlSequence":0,"rootCommits":2,"childCommits":0,"serial":6,"width":320,"height":240,"monotonicNs":221097277266102}
{"event":"buffer-release","sequence":4,"controlSequence":0,"rootCommits":2,"childCommits":0,"serial":6,"width":320,"height":240,"monotonicNs":221097277907364}
{"event":"ack-configure","sequence":5,"controlSequence":0,"rootCommits":2,"childCommits":0,"serial":7,"width":320,"height":240,"monotonicNs":221097277926754}
{"event":"buffercommit","sequence":6,"controlSequence":0,"rootCommits":3,"childCommits":0,"serial":7,"width":320,"height":240,"monotonicNs":221097278033191}
{"event":"buffer-release","sequence":7,"controlSequence":0,"rootCommits":3,"childCommits":0,"serial":7,"width":320,"height":240,"monotonicNs":221097278373784}
{"event":"ack-configure","sequence":8,"controlSequence":0,"rootCommits":3,"childCommits":0,"serial":13,"width":320,"height":240,"monotonicNs":221097345375531}
{"event":"buffercommit","sequence":9,"controlSequence":0,"rootCommits":4,"childCommits":0,"serial":13,"width":320,"height":240,"monotonicNs":221097345498071}
{"event":"buffer-release","sequence":10,"controlSequence":0,"rootCommits":4,"childCommits":0,"serial":13,"width":320,"height":240,"monotonicNs":221097345689988}
{"event":"buffercommit","sequence":11,"controlSequence":1,"rootCommits":4,"childCommits":1,"serial":13,"width":320,"height":240,"monotonicNs":221097522096598}
{"event":"request","sequence":12,"controlSequence":1,"rootCommits":5,"childCommits":1,"serial":13,"width":320,"height":240,"monotonicNs":221097522107962,"command":"child-create"}
{"event":"buffer-release","sequence":13,"controlSequence":1,"rootCommits":5,"childCommits":1,"serial":13,"width":320,"height":240,"monotonicNs":221097522357998}
{"event":"server-barrier","sequence":14,"controlSequence":1,"rootCommits":5,"childCommits":1,"serial":13,"width":320,"height":240,"monotonicNs":221097522373627,"command":"child-create","barrierControl":1}
{"event":"buffercommit","sequence":15,"controlSequence":2,"rootCommits":5,"childCommits":2,"serial":13,"width":320,"height":240,"monotonicNs":221097572776911}
{"event":"request","sequence":16,"controlSequence":2,"rootCommits":5,"childCommits":2,"serial":13,"width":320,"height":240,"monotonicNs":221097572785313,"command":"child-yellow"}
{"event":"buffer-release","sequence":17,"controlSequence":2,"rootCommits":5,"childCommits":2,"serial":13,"width":320,"height":240,"monotonicNs":221097572878379}
{"event":"server-barrier","sequence":18,"controlSequence":2,"rootCommits":5,"childCommits":2,"serial":13,"width":320,"height":240,"monotonicNs":221097572891780,"command":"child-yellow","barrierControl":2}
{"event":"request","sequence":19,"controlSequence":3,"rootCommits":5,"childCommits":2,"serial":13,"width":320,"height":240,"monotonicNs":221097623385435,"command":"child-sync"}
{"event":"server-barrier","sequence":20,"controlSequence":3,"rootCommits":5,"childCommits":2,"serial":13,"width":320,"height":240,"monotonicNs":221097623460509,"command":"child-sync","barrierControl":3}
{"event":"buffercommit","sequence":21,"controlSequence":4,"rootCommits":5,"childCommits":3,"serial":13,"width":320,"height":240,"monotonicNs":221097648690594}
{"event":"request","sequence":22,"controlSequence":4,"rootCommits":5,"childCommits":3,"serial":13,"width":320,"height":240,"monotonicNs":221097648700891,"command":"child-blue"}
{"event":"server-barrier","sequence":23,"controlSequence":4,"rootCommits":5,"childCommits":3,"serial":13,"width":320,"height":240,"monotonicNs":221097648775080,"command":"child-blue","barrierControl":4}
{"event":"request","sequence":24,"controlSequence":5,"rootCommits":6,"childCommits":3,"serial":13,"width":320,"height":240,"monotonicNs":221097699208459,"command":"root-commit"}
{"event":"buffer-release","sequence":25,"controlSequence":5,"rootCommits":6,"childCommits":3,"serial":13,"width":320,"height":240,"monotonicNs":221097699346969}
{"event":"server-barrier","sequence":26,"controlSequence":5,"rootCommits":6,"childCommits":3,"serial":13,"width":320,"height":240,"monotonicNs":221097699367575,"command":"root-commit","barrierControl":5}
{"event":"request","sequence":27,"controlSequence":6,"rootCommits":6,"childCommits":3,"serial":13,"width":320,"height":240,"monotonicNs":221097750045672,"command":"child-desync"}
{"event":"server-barrier","sequence":28,"controlSequence":6,"rootCommits":6,"childCommits":3,"serial":13,"width":320,"height":240,"monotonicNs":221097750150749,"command":"child-desync","barrierControl":6}
{"event":"request","sequence":29,"controlSequence":7,"rootCommits":7,"childCommits":3,"serial":13,"width":320,"height":240,"monotonicNs":221097800270354,"command":"child-move"}
{"event":"server-barrier","sequence":30,"controlSequence":7,"rootCommits":7,"childCommits":3,"serial":13,"width":320,"height":240,"monotonicNs":221097800345814,"command":"child-move","barrierControl":7}
{"event":"request","sequence":31,"controlSequence":8,"rootCommits":8,"childCommits":3,"serial":13,"width":320,"height":240,"monotonicNs":221097850552922,"command":"child-below"}
{"event":"server-barrier","sequence":32,"controlSequence":8,"rootCommits":8,"childCommits":3,"serial":13,"width":320,"height":240,"monotonicNs":221097850957842,"command":"child-below","barrierControl":8}
{"event":"request","sequence":33,"controlSequence":9,"rootCommits":9,"childCommits":3,"serial":13,"width":320,"height":240,"monotonicNs":221097901241834,"command":"child-above"}
{"event":"server-barrier","sequence":34,"controlSequence":9,"rootCommits":9,"childCommits":3,"serial":13,"width":320,"height":240,"monotonicNs":221097901303414,"command":"child-above","barrierControl":9}
{"event":"buffercommit","sequence":35,"controlSequence":10,"rootCommits":9,"childCommits":4,"serial":13,"width":320,"height":240,"monotonicNs":221097951569442}
{"event":"request","sequence":36,"controlSequence":10,"rootCommits":9,"childCommits":5,"serial":13,"width":320,"height":240,"monotonicNs":221097951581199,"command":"grand-create"}
{"event":"buffer-release","sequence":37,"controlSequence":10,"rootCommits":9,"childCommits":5,"serial":13,"width":320,"height":240,"monotonicNs":221097951754621}
{"event":"server-barrier","sequence":38,"controlSequence":10,"rootCommits":9,"childCommits":5,"serial":13,"width":320,"height":240,"monotonicNs":221097951763650,"command":"grand-create","barrierControl":10}
{"event":"request","sequence":39,"controlSequence":11,"rootCommits":9,"childCommits":6,"serial":13,"width":320,"height":240,"monotonicNs":221098002044789,"command":"child-detach"}
{"event":"server-barrier","sequence":40,"controlSequence":11,"rootCommits":9,"childCommits":6,"serial":13,"width":320,"height":240,"monotonicNs":221098002148903,"command":"child-detach","barrierControl":11}
{"event":"buffercommit","sequence":41,"controlSequence":12,"rootCommits":9,"childCommits":7,"serial":13,"width":320,"height":240,"monotonicNs":221098052379473}
{"event":"request","sequence":42,"controlSequence":12,"rootCommits":9,"childCommits":7,"serial":13,"width":320,"height":240,"monotonicNs":221098052396882,"command":"child-reattach"}
{"event":"buffer-release","sequence":43,"controlSequence":12,"rootCommits":9,"childCommits":7,"serial":13,"width":320,"height":240,"monotonicNs":221098052653850}
{"event":"server-barrier","sequence":44,"controlSequence":12,"rootCommits":9,"childCommits":7,"serial":13,"width":320,"height":240,"monotonicNs":221098052669760,"command":"child-reattach","barrierControl":12}
{"event":"request","sequence":45,"controlSequence":13,"rootCommits":9,"childCommits":7,"serial":13,"width":320,"height":240,"monotonicNs":221098103186147,"command":"child-destroy"}
{"event":"server-barrier","sequence":46,"controlSequence":13,"rootCommits":9,"childCommits":7,"serial":13,"width":320,"height":240,"monotonicNs":221098103377826,"command":"child-destroy","barrierControl":13}
{"event":"buffercommit","sequence":47,"controlSequence":14,"rootCommits":9,"childCommits":8,"serial":13,"width":320,"height":240,"monotonicNs":221098153677537}
{"event":"request","sequence":48,"controlSequence":14,"rootCommits":10,"childCommits":8,"serial":13,"width":320,"height":240,"monotonicNs":221098153693415,"command":"child-create"}
{"event":"buffer-release","sequence":49,"controlSequence":14,"rootCommits":10,"childCommits":8,"serial":13,"width":320,"height":240,"monotonicNs":221098154025850}
{"event":"server-barrier","sequence":50,"controlSequence":14,"rootCommits":10,"childCommits":8,"serial":13,"width":320,"height":240,"monotonicNs":221098154039955,"command":"child-create","barrierControl":14}
{"event":"request","sequence":51,"controlSequence":15,"rootCommits":10,"childCommits":8,"serial":13,"width":320,"height":240,"monotonicNs":221098204536163,"command":"child-destroy"}
{"event":"server-barrier","sequence":52,"controlSequence":15,"rootCommits":10,"childCommits":8,"serial":13,"width":320,"height":240,"monotonicNs":221098204767089,"command":"child-destroy","barrierControl":15}
{"event":"buffercommit","sequence":53,"controlSequence":16,"rootCommits":10,"childCommits":9,"serial":13,"width":320,"height":240,"monotonicNs":221098255161754}
{"event":"request","sequence":54,"controlSequence":16,"rootCommits":10,"childCommits":9,"serial":13,"width":320,"height":240,"monotonicNs":221098255172947,"command":"child-create-sync"}
{"event":"server-barrier","sequence":55,"controlSequence":16,"rootCommits":10,"childCommits":9,"serial":13,"width":320,"height":240,"monotonicNs":221098255299976,"command":"child-create-sync","barrierControl":16}
{"event":"request","sequence":56,"controlSequence":17,"rootCommits":11,"childCommits":9,"serial":13,"width":320,"height":240,"monotonicNs":221098330777513,"command":"root-commit"}
{"event":"buffer-release","sequence":57,"controlSequence":17,"rootCommits":11,"childCommits":9,"serial":13,"width":320,"height":240,"monotonicNs":221098331018305}
{"event":"server-barrier","sequence":58,"controlSequence":17,"rootCommits":11,"childCommits":9,"serial":13,"width":320,"height":240,"monotonicNs":221098331144134,"command":"root-commit","barrierControl":17}
{"event":"request","sequence":59,"controlSequence":18,"rootCommits":11,"childCommits":9,"serial":13,"width":320,"height":240,"monotonicNs":221098381564175,"command":"child-destroy"}
{"event":"server-barrier","sequence":60,"controlSequence":18,"rootCommits":11,"childCommits":9,"serial":13,"width":320,"height":240,"monotonicNs":221098381691061,"command":"child-destroy","barrierControl":18}
{"event":"buffercommit","sequence":61,"controlSequence":19,"rootCommits":11,"childCommits":10,"serial":13,"width":320,"height":240,"monotonicNs":221098432061290}
{"event":"request","sequence":62,"controlSequence":19,"rootCommits":11,"childCommits":10,"serial":13,"width":320,"height":240,"monotonicNs":221098432072963,"command":"child-create-sync"}
{"event":"server-barrier","sequence":63,"controlSequence":19,"rootCommits":11,"childCommits":10,"serial":13,"width":320,"height":240,"monotonicNs":221098432196311,"command":"child-create-sync","barrierControl":19}
{"event":"request","sequence":64,"controlSequence":20,"rootCommits":12,"childCommits":10,"serial":13,"width":320,"height":240,"monotonicNs":221098482451544,"command":"root-commit"}
{"event":"buffer-release","sequence":65,"controlSequence":20,"rootCommits":12,"childCommits":10,"serial":13,"width":320,"height":240,"monotonicNs":221098482609238}
{"event":"server-barrier","sequence":66,"controlSequence":20,"rootCommits":12,"childCommits":10,"serial":13,"width":320,"height":240,"monotonicNs":221098482625027,"command":"root-commit","barrierControl":20}
{"event":"buffercommit","sequence":67,"controlSequence":21,"rootCommits":12,"childCommits":11,"serial":13,"width":320,"height":240,"monotonicNs":221098533186089}
{"event":"request","sequence":68,"controlSequence":21,"rootCommits":12,"childCommits":11,"serial":13,"width":320,"height":240,"monotonicNs":221098533196114,"command":"child-yellow"}
{"event":"server-barrier","sequence":69,"controlSequence":21,"rootCommits":12,"childCommits":11,"serial":13,"width":320,"height":240,"monotonicNs":221098533290685,"command":"child-yellow","barrierControl":21}
{"event":"request","sequence":70,"controlSequence":22,"rootCommits":12,"childCommits":11,"serial":13,"width":320,"height":240,"monotonicNs":221098583538840,"command":"child-destroy"}
{"event":"buffer-release","sequence":71,"controlSequence":22,"rootCommits":12,"childCommits":11,"serial":13,"width":320,"height":240,"monotonicNs":221098583739214}
{"event":"server-barrier","sequence":72,"controlSequence":22,"rootCommits":12,"childCommits":11,"serial":13,"width":320,"height":240,"monotonicNs":221098583756007,"command":"child-destroy","barrierControl":22}
{"event":"request","sequence":73,"controlSequence":23,"rootCommits":13,"childCommits":11,"serial":13,"width":320,"height":240,"monotonicNs":221098638413456,"command":"root-commit"}
{"event":"server-barrier","sequence":74,"controlSequence":23,"rootCommits":13,"childCommits":11,"serial":13,"width":320,"height":240,"monotonicNs":221098638523460,"command":"root-commit","barrierControl":23}
{"event":"buffercommit","sequence":75,"controlSequence":24,"rootCommits":13,"childCommits":12,"serial":13,"width":320,"height":240,"monotonicNs":221098688785091}
{"event":"request","sequence":76,"controlSequence":24,"rootCommits":13,"childCommits":12,"serial":13,"width":320,"height":240,"monotonicNs":221098688796490,"command":"child-create-sync"}
{"event":"server-barrier","sequence":77,"controlSequence":24,"rootCommits":13,"childCommits":12,"serial":13,"width":320,"height":240,"monotonicNs":221098688989383,"command":"child-create-sync","barrierControl":24}
{"event":"request","sequence":78,"controlSequence":25,"rootCommits":14,"childCommits":12,"serial":13,"width":320,"height":240,"monotonicNs":221098739457403,"command":"root-commit"}
{"event":"buffer-release","sequence":79,"controlSequence":25,"rootCommits":14,"childCommits":12,"serial":13,"width":320,"height":240,"monotonicNs":221098739591783}
{"event":"server-barrier","sequence":80,"controlSequence":25,"rootCommits":14,"childCommits":12,"serial":13,"width":320,"height":240,"monotonicNs":221098739607781,"command":"root-commit","barrierControl":25}
{"event":"request","sequence":81,"controlSequence":26,"rootCommits":14,"childCommits":12,"serial":13,"width":320,"height":240,"monotonicNs":221098790267252,"command":"child-destroy"}
{"event":"server-barrier","sequence":82,"controlSequence":26,"rootCommits":14,"childCommits":12,"serial":13,"width":320,"height":240,"monotonicNs":221098790436010,"command":"child-destroy","barrierControl":26}
{"event":"buffercommit","sequence":83,"controlSequence":27,"rootCommits":14,"childCommits":13,"serial":13,"width":320,"height":240,"monotonicNs":221098840802569}
{"event":"request","sequence":84,"controlSequence":27,"rootCommits":14,"childCommits":13,"serial":13,"width":320,"height":240,"monotonicNs":221098840813999,"command":"child-create-sync"}
{"event":"server-barrier","sequence":85,"controlSequence":27,"rootCommits":14,"childCommits":13,"serial":13,"width":320,"height":240,"monotonicNs":221098840943008,"command":"child-create-sync","barrierControl":27}
{"event":"request","sequence":86,"controlSequence":28,"rootCommits":15,"childCommits":13,"serial":13,"width":320,"height":240,"monotonicNs":221098891339874,"command":"root-commit"}
{"event":"buffer-release","sequence":87,"controlSequence":28,"rootCommits":15,"childCommits":13,"serial":13,"width":320,"height":240,"monotonicNs":221098891587189}
{"event":"server-barrier","sequence":88,"controlSequence":28,"rootCommits":15,"childCommits":13,"serial":13,"width":320,"height":240,"monotonicNs":221098891602201,"command":"root-commit","barrierControl":28}
{"event":"buffercommit","sequence":89,"controlSequence":29,"rootCommits":15,"childCommits":14,"serial":13,"width":320,"height":240,"monotonicNs":221098942080582}
{"event":"request","sequence":90,"controlSequence":29,"rootCommits":15,"childCommits":15,"serial":13,"width":320,"height":240,"monotonicNs":221098942091631,"command":"grand-create"}
{"event":"server-barrier","sequence":91,"controlSequence":29,"rootCommits":15,"childCommits":15,"serial":13,"width":320,"height":240,"monotonicNs":221098942216813,"command":"grand-create","barrierControl":29}
{"event":"request","sequence":92,"controlSequence":30,"rootCommits":16,"childCommits":15,"serial":13,"width":320,"height":240,"monotonicNs":221099017671598,"command":"root-commit"}
{"event":"buffer-release","sequence":93,"controlSequence":30,"rootCommits":16,"childCommits":15,"serial":13,"width":320,"height":240,"monotonicNs":221099017882301}
{"event":"server-barrier","sequence":94,"controlSequence":30,"rootCommits":16,"childCommits":15,"serial":13,"width":320,"height":240,"monotonicNs":221099017896945,"command":"root-commit","barrierControl":30}
{"event":"buffercommit","sequence":95,"controlSequence":31,"rootCommits":16,"childCommits":16,"serial":13,"width":320,"height":240,"monotonicNs":221099068364897}
{"event":"request","sequence":96,"controlSequence":31,"rootCommits":16,"childCommits":16,"serial":13,"width":320,"height":240,"monotonicNs":221099068374781,"command":"grand-yellow"}
{"event":"server-barrier","sequence":97,"controlSequence":31,"rootCommits":16,"childCommits":16,"serial":13,"width":320,"height":240,"monotonicNs":221099068471320,"command":"grand-yellow","barrierControl":31}
{"event":"request","sequence":98,"controlSequence":32,"rootCommits":16,"childCommits":16,"serial":13,"width":320,"height":240,"monotonicNs":221099118795867,"command":"grand-desync"}
{"event":"server-barrier","sequence":99,"controlSequence":32,"rootCommits":16,"childCommits":16,"serial":13,"width":320,"height":240,"monotonicNs":221099118877421,"command":"grand-desync","barrierControl":32}
{"event":"request","sequence":100,"controlSequence":33,"rootCommits":16,"childCommits":16,"serial":13,"width":320,"height":240,"monotonicNs":221099194414005,"command":"child-desync"}
{"event":"buffer-release","sequence":101,"controlSequence":33,"rootCommits":16,"childCommits":16,"serial":13,"width":320,"height":240,"monotonicNs":221099194548775}
{"event":"server-barrier","sequence":102,"controlSequence":33,"rootCommits":16,"childCommits":16,"serial":13,"width":320,"height":240,"monotonicNs":221099194563590,"command":"child-desync","barrierControl":33}
{"event":"request","sequence":103,"controlSequence":34,"rootCommits":16,"childCommits":16,"serial":13,"width":320,"height":240,"monotonicNs":221099245029831,"command":"child-destroy"}
{"event":"server-barrier","sequence":104,"controlSequence":34,"rootCommits":16,"childCommits":16,"serial":13,"width":320,"height":240,"monotonicNs":221099245226801,"command":"child-destroy","barrierControl":34}
{"event":"buffercommit","sequence":105,"controlSequence":35,"rootCommits":16,"childCommits":17,"serial":13,"width":320,"height":240,"monotonicNs":221099295510580}
{"event":"request","sequence":106,"controlSequence":35,"rootCommits":16,"childCommits":17,"serial":13,"width":320,"height":240,"monotonicNs":221099295521802,"command":"child-create-sync"}
{"event":"server-barrier","sequence":107,"controlSequence":35,"rootCommits":16,"childCommits":17,"serial":13,"width":320,"height":240,"monotonicNs":221099295655207,"command":"child-create-sync","barrierControl":35}
{"event":"request","sequence":108,"controlSequence":36,"rootCommits":17,"childCommits":17,"serial":13,"width":320,"height":240,"monotonicNs":221099345999878,"command":"root-commit"}
{"event":"buffer-release","sequence":109,"controlSequence":36,"rootCommits":17,"childCommits":17,"serial":13,"width":320,"height":240,"monotonicNs":221099346166665}
{"event":"server-barrier","sequence":110,"controlSequence":36,"rootCommits":17,"childCommits":17,"serial":13,"width":320,"height":240,"monotonicNs":221099346279011,"command":"root-commit","barrierControl":36}
{"event":"buffercommit","sequence":111,"controlSequence":37,"rootCommits":17,"childCommits":18,"serial":13,"width":320,"height":240,"monotonicNs":221099396627493}
{"event":"request","sequence":112,"controlSequence":37,"rootCommits":17,"childCommits":18,"serial":13,"width":320,"height":240,"monotonicNs":221099396638300,"command":"child-yellow"}
{"event":"server-barrier","sequence":113,"controlSequence":37,"rootCommits":17,"childCommits":18,"serial":13,"width":320,"height":240,"monotonicNs":221099396716661,"command":"child-yellow","barrierControl":37}
{"event":"buffercommit","sequence":114,"controlSequence":38,"rootCommits":17,"childCommits":19,"serial":13,"width":320,"height":240,"monotonicNs":221099447057626}
{"event":"request","sequence":115,"controlSequence":38,"rootCommits":17,"childCommits":19,"serial":13,"width":320,"height":240,"monotonicNs":221099447068861,"command":"child-blue"}
{"event":"buffer-release","sequence":116,"controlSequence":38,"rootCommits":17,"childCommits":19,"serial":13,"width":320,"height":240,"monotonicNs":221099447654934}
{"event":"server-barrier","sequence":117,"controlSequence":38,"rootCommits":17,"childCommits":19,"serial":13,"width":320,"height":240,"monotonicNs":221099447663644,"command":"child-blue","barrierControl":38}
{"event":"buffercommit","sequence":118,"controlSequence":39,"rootCommits":17,"childCommits":20,"serial":13,"width":320,"height":240,"monotonicNs":221099498176064}
{"event":"request","sequence":119,"controlSequence":39,"rootCommits":17,"childCommits":20,"serial":13,"width":320,"height":240,"monotonicNs":221099498188449,"command":"child-yellow"}
{"event":"buffer-release","sequence":120,"controlSequence":39,"rootCommits":17,"childCommits":20,"serial":13,"width":320,"height":240,"monotonicNs":221099498654925}
{"event":"server-barrier","sequence":121,"controlSequence":39,"rootCommits":17,"childCommits":20,"serial":13,"width":320,"height":240,"monotonicNs":221099498664959,"command":"child-yellow","barrierControl":39}
{"event":"request","sequence":122,"controlSequence":40,"rootCommits":17,"childCommits":21,"serial":13,"width":320,"height":240,"monotonicNs":221099549063010,"command":"child-empty"}
{"event":"server-barrier","sequence":123,"controlSequence":40,"rootCommits":17,"childCommits":21,"serial":13,"width":320,"height":240,"monotonicNs":221099549146353,"command":"child-empty","barrierControl":40}
{"event":"request","sequence":124,"controlSequence":41,"rootCommits":18,"childCommits":21,"serial":13,"width":320,"height":240,"monotonicNs":221099624512800,"command":"root-commit"}
{"event":"buffer-release","sequence":125,"controlSequence":41,"rootCommits":18,"childCommits":21,"serial":13,"width":320,"height":240,"monotonicNs":221099624658453}
{"event":"server-barrier","sequence":126,"controlSequence":41,"rootCommits":18,"childCommits":21,"serial":13,"width":320,"height":240,"monotonicNs":221099624674456,"command":"root-commit","barrierControl":41}
{"event":"request","sequence":127,"controlSequence":42,"rootCommits":18,"childCommits":21,"serial":13,"width":320,"height":240,"monotonicNs":221099675088946,"command":"child-destroy"}
{"event":"server-barrier","sequence":128,"controlSequence":42,"rootCommits":18,"childCommits":21,"serial":13,"width":320,"height":240,"monotonicNs":221099675230045,"command":"child-destroy","barrierControl":42}
{"event":"buffercommit","sequence":129,"controlSequence":43,"rootCommits":18,"childCommits":22,"serial":13,"width":320,"height":240,"monotonicNs":221099725526859}
{"event":"request","sequence":130,"controlSequence":43,"rootCommits":18,"childCommits":22,"serial":13,"width":320,"height":240,"monotonicNs":221099725538851,"command":"child-create-sync"}
{"event":"server-barrier","sequence":131,"controlSequence":43,"rootCommits":18,"childCommits":22,"serial":13,"width":320,"height":240,"monotonicNs":221099725707269,"command":"child-create-sync","barrierControl":43}
{"event":"request","sequence":132,"controlSequence":44,"rootCommits":19,"childCommits":22,"serial":13,"width":320,"height":240,"monotonicNs":221099776147816,"command":"root-commit"}
{"event":"buffer-release","sequence":133,"controlSequence":44,"rootCommits":19,"childCommits":22,"serial":13,"width":320,"height":240,"monotonicNs":221099776311854}
{"event":"server-barrier","sequence":134,"controlSequence":44,"rootCommits":19,"childCommits":22,"serial":13,"width":320,"height":240,"monotonicNs":221099776326165,"command":"root-commit","barrierControl":44}
{"event":"buffercommit","sequence":135,"controlSequence":45,"rootCommits":19,"childCommits":23,"serial":13,"width":320,"height":240,"monotonicNs":221099826973342}
{"event":"request","sequence":136,"controlSequence":45,"rootCommits":19,"childCommits":24,"serial":13,"width":320,"height":240,"monotonicNs":221099826989425,"command":"grand-create"}
{"event":"server-barrier","sequence":137,"controlSequence":45,"rootCommits":19,"childCommits":24,"serial":13,"width":320,"height":240,"monotonicNs":221099827126754,"command":"grand-create","barrierControl":45}
{"event":"request","sequence":138,"controlSequence":46,"rootCommits":20,"childCommits":24,"serial":13,"width":320,"height":240,"monotonicNs":221099877278802,"command":"root-commit"}
{"event":"buffer-release","sequence":139,"controlSequence":46,"rootCommits":20,"childCommits":24,"serial":13,"width":320,"height":240,"monotonicNs":221099877438201}
{"event":"server-barrier","sequence":140,"controlSequence":46,"rootCommits":20,"childCommits":24,"serial":13,"width":320,"height":240,"monotonicNs":221099877452609,"command":"root-commit","barrierControl":46}
{"event":"request","sequence":141,"controlSequence":47,"rootCommits":20,"childCommits":25,"serial":13,"width":320,"height":240,"monotonicNs":221099927893447,"command":"child-detach"}
{"event":"server-barrier","sequence":142,"controlSequence":47,"rootCommits":20,"childCommits":25,"serial":13,"width":320,"height":240,"monotonicNs":221099927975594,"command":"child-detach","barrierControl":47}
{"event":"request","sequence":143,"controlSequence":48,"rootCommits":21,"childCommits":25,"serial":13,"width":320,"height":240,"monotonicNs":221100003316027,"command":"root-commit"}
{"event":"server-barrier","sequence":144,"controlSequence":48,"rootCommits":21,"childCommits":25,"serial":13,"width":320,"height":240,"monotonicNs":221100003503157,"command":"root-commit","barrierControl":48}
{"event":"request","sequence":145,"controlSequence":49,"rootCommits":21,"childCommits":25,"serial":13,"width":320,"height":240,"monotonicNs":221100053884567,"command":"child-destroy"}
{"event":"server-barrier","sequence":146,"controlSequence":49,"rootCommits":21,"childCommits":25,"serial":13,"width":320,"height":240,"monotonicNs":221100054074095,"command":"child-destroy","barrierControl":49}
{"event":"buffercommit","sequence":147,"controlSequence":50,"rootCommits":21,"childCommits":26,"serial":13,"width":320,"height":240,"monotonicNs":221100079346753}
{"event":"request","sequence":148,"controlSequence":50,"rootCommits":22,"childCommits":26,"serial":13,"width":320,"height":240,"monotonicNs":221100079355322,"command":"child-create"}
{"event":"buffer-release","sequence":149,"controlSequence":50,"rootCommits":22,"childCommits":26,"serial":13,"width":320,"height":240,"monotonicNs":221100079544757}
{"event":"server-barrier","sequence":150,"controlSequence":50,"rootCommits":22,"childCommits":26,"serial":13,"width":320,"height":240,"monotonicNs":221100079560155,"command":"child-create","barrierControl":50}
{"event":"request","sequence":151,"controlSequence":51,"rootCommits":22,"childCommits":26,"serial":13,"width":320,"height":240,"monotonicNs":221100138444954,"command":"child-move-pending"}
{"event":"server-barrier","sequence":152,"controlSequence":51,"rootCommits":22,"childCommits":26,"serial":13,"width":320,"height":240,"monotonicNs":221100138563208,"command":"child-move-pending","barrierControl":51}
{"event":"request","sequence":153,"controlSequence":52,"rootCommits":23,"childCommits":26,"serial":13,"width":320,"height":240,"monotonicNs":221100188955092,"command":"root-commit"}
{"event":"server-barrier","sequence":154,"controlSequence":52,"rootCommits":23,"childCommits":26,"serial":13,"width":320,"height":240,"monotonicNs":221100189637136,"command":"root-commit","barrierControl":52}
{"event":"request","sequence":155,"controlSequence":53,"rootCommits":23,"childCommits":26,"serial":13,"width":320,"height":240,"monotonicNs":221100239884679,"command":"child-below-pending"}
{"event":"server-barrier","sequence":156,"controlSequence":53,"rootCommits":23,"childCommits":26,"serial":13,"width":320,"height":240,"monotonicNs":221100240117547,"command":"child-below-pending","barrierControl":53}
{"event":"request","sequence":157,"controlSequence":54,"rootCommits":24,"childCommits":26,"serial":13,"width":320,"height":240,"monotonicNs":221100290283340,"command":"root-commit"}
{"event":"server-barrier","sequence":158,"controlSequence":54,"rootCommits":24,"childCommits":26,"serial":13,"width":320,"height":240,"monotonicNs":221100290377528,"command":"root-commit","barrierControl":54}
{"event":"request","sequence":159,"controlSequence":55,"rootCommits":24,"childCommits":26,"serial":13,"width":320,"height":240,"monotonicNs":221100365875517,"command":"child-above-pending"}
{"event":"server-barrier","sequence":160,"controlSequence":55,"rootCommits":24,"childCommits":26,"serial":13,"width":320,"height":240,"monotonicNs":221100365989182,"command":"child-above-pending","barrierControl":55}
{"event":"request","sequence":161,"controlSequence":56,"rootCommits":25,"childCommits":26,"serial":13,"width":320,"height":240,"monotonicNs":221100416335403,"command":"root-commit"}
{"event":"server-barrier","sequence":162,"controlSequence":56,"rootCommits":25,"childCommits":26,"serial":13,"width":320,"height":240,"monotonicNs":221100416490210,"command":"root-commit","barrierControl":56}
{"event":"buffercommit","sequence":163,"controlSequence":57,"rootCommits":25,"childCommits":27,"serial":13,"width":320,"height":240,"monotonicNs":221107589051195}
{"event":"request","sequence":164,"controlSequence":57,"rootCommits":25,"childCommits":27,"serial":13,"width":320,"height":240,"monotonicNs":221107589060768,"command":"child-yellow"}
{"event":"buffer-release","sequence":165,"controlSequence":57,"rootCommits":25,"childCommits":27,"serial":13,"width":320,"height":240,"monotonicNs":221107589332706}
{"event":"server-barrier","sequence":166,"controlSequence":57,"rootCommits":25,"childCommits":27,"serial":13,"width":320,"height":240,"monotonicNs":221107589667957,"command":"child-yellow","barrierControl":57}
{"event":"buffercommit","sequence":167,"controlSequence":58,"rootCommits":25,"childCommits":28,"serial":13,"width":320,"height":240,"monotonicNs":221115793130820}
{"event":"request","sequence":168,"controlSequence":58,"rootCommits":25,"childCommits":28,"serial":13,"width":320,"height":240,"monotonicNs":221115793149930,"command":"child-blue"}
{"event":"buffer-release","sequence":169,"controlSequence":58,"rootCommits":25,"childCommits":28,"serial":13,"width":320,"height":240,"monotonicNs":221115793446500}
{"event":"server-barrier","sequence":170,"controlSequence":58,"rootCommits":25,"childCommits":28,"serial":13,"width":320,"height":240,"monotonicNs":221115793604646,"command":"child-blue","barrierControl":58}
{"event":"ack-configure","sequence":171,"controlSequence":58,"rootCommits":25,"childCommits":28,"serial":113,"width":320,"height":240,"monotonicNs":221122561168067}
{"event":"buffercommit","sequence":172,"controlSequence":58,"rootCommits":26,"childCommits":28,"serial":113,"width":320,"height":240,"monotonicNs":221122561293662}
{"event":"buffer-release","sequence":173,"controlSequence":58,"rootCommits":26,"childCommits":28,"serial":113,"width":320,"height":240,"monotonicNs":221122561833168}
{"event":"ack-configure","sequence":174,"controlSequence":58,"rootCommits":26,"childCommits":28,"serial":130,"width":320,"height":240,"monotonicNs":221128139487188}
{"event":"buffercommit","sequence":175,"controlSequence":58,"rootCommits":27,"childCommits":28,"serial":130,"width":320,"height":240,"monotonicNs":221128139649602}
{"event":"buffer-release","sequence":176,"controlSequence":58,"rootCommits":27,"childCommits":28,"serial":130,"width":320,"height":240,"monotonicNs":221128140377530}
{"event":"ack-configure","sequence":177,"controlSequence":58,"rootCommits":27,"childCommits":28,"serial":131,"width":320,"height":240,"monotonicNs":221128237066161}
{"event":"buffercommit","sequence":178,"controlSequence":58,"rootCommits":28,"childCommits":28,"serial":131,"width":320,"height":240,"monotonicNs":221128237203529}
{"event":"buffer-release","sequence":179,"controlSequence":58,"rootCommits":28,"childCommits":28,"serial":131,"width":320,"height":240,"monotonicNs":221128237996732}
{"event":"ack-configure","sequence":180,"controlSequence":58,"rootCommits":28,"childCommits":28,"serial":134,"width":320,"height":240,"monotonicNs":221128376489349}
{"event":"buffercommit","sequence":181,"controlSequence":58,"rootCommits":29,"childCommits":28,"serial":134,"width":320,"height":240,"monotonicNs":221128376625645}
{"event":"buffer-release","sequence":182,"controlSequence":58,"rootCommits":29,"childCommits":28,"serial":134,"width":320,"height":240,"monotonicNs":221128376856765}
{"event":"buffercommit","sequence":183,"controlSequence":59,"rootCommits":29,"childCommits":29,"serial":134,"width":320,"height":240,"monotonicNs":221128402239904}
{"event":"request","sequence":184,"controlSequence":59,"rootCommits":29,"childCommits":29,"serial":134,"width":320,"height":240,"monotonicNs":221128402254302,"command":"child-blue"}
{"event":"buffer-release","sequence":185,"controlSequence":59,"rootCommits":29,"childCommits":29,"serial":134,"width":320,"height":240,"monotonicNs":221128402509175}
{"event":"server-barrier","sequence":186,"controlSequence":59,"rootCommits":29,"childCommits":29,"serial":134,"width":320,"height":240,"monotonicNs":221128402528081,"command":"child-blue","barrierControl":59}
{"event":"buffercommit","sequence":187,"controlSequence":60,"rootCommits":29,"childCommits":30,"serial":134,"width":320,"height":240,"monotonicNs":221128553857324}
{"event":"request","sequence":188,"controlSequence":60,"rootCommits":29,"childCommits":30,"serial":134,"width":320,"height":240,"monotonicNs":221128553870240,"command":"child-yellow"}
{"event":"buffer-release","sequence":189,"controlSequence":60,"rootCommits":29,"childCommits":30,"serial":134,"width":320,"height":240,"monotonicNs":221128554197038}
{"event":"server-barrier","sequence":190,"controlSequence":60,"rootCommits":29,"childCommits":30,"serial":134,"width":320,"height":240,"monotonicNs":221128554214118,"command":"child-yellow","barrierControl":60}
{"event":"buffercommit","sequence":191,"controlSequence":61,"rootCommits":29,"childCommits":31,"serial":134,"width":320,"height":240,"monotonicNs":221128666058233}
{"event":"request","sequence":192,"controlSequence":61,"rootCommits":29,"childCommits":31,"serial":134,"width":320,"height":240,"monotonicNs":221128666072911,"command":"child-blue"}
{"event":"buffer-release","sequence":193,"controlSequence":61,"rootCommits":29,"childCommits":31,"serial":134,"width":320,"height":240,"monotonicNs":221128666370190}
{"event":"server-barrier","sequence":194,"controlSequence":61,"rootCommits":29,"childCommits":31,"serial":134,"width":320,"height":240,"monotonicNs":221128666387916,"command":"child-blue","barrierControl":61}
{"event":"buffercommit","sequence":195,"controlSequence":62,"rootCommits":29,"childCommits":32,"serial":134,"width":320,"height":240,"monotonicNs":221134547967816}
{"event":"request","sequence":196,"controlSequence":62,"rootCommits":29,"childCommits":32,"serial":134,"width":320,"height":240,"monotonicNs":221134547982915,"command":"child-yellow"}
{"event":"buffer-release","sequence":197,"controlSequence":62,"rootCommits":29,"childCommits":32,"serial":134,"width":320,"height":240,"monotonicNs":221134548179389}
{"event":"server-barrier","sequence":198,"controlSequence":62,"rootCommits":29,"childCommits":32,"serial":134,"width":320,"height":240,"monotonicNs":221134548359910,"command":"child-yellow","barrierControl":62}
{"event":"ack-configure","sequence":199,"controlSequence":62,"rootCommits":29,"childCommits":32,"serial":148,"width":320,"height":240,"monotonicNs":221134668674312}
{"event":"buffercommit","sequence":200,"controlSequence":62,"rootCommits":30,"childCommits":32,"serial":148,"width":320,"height":240,"monotonicNs":221134668812714}
{"event":"buffer-release","sequence":201,"controlSequence":62,"rootCommits":30,"childCommits":32,"serial":148,"width":320,"height":240,"monotonicNs":221134669837707}
{"event":"buffercommit","sequence":202,"controlSequence":63,"rootCommits":30,"childCommits":33,"serial":148,"width":320,"height":240,"monotonicNs":221140792405940}
{"event":"request","sequence":203,"controlSequence":63,"rootCommits":30,"childCommits":33,"serial":148,"width":320,"height":240,"monotonicNs":221140792420072,"command":"child-blue"}
{"event":"buffer-release","sequence":204,"controlSequence":63,"rootCommits":30,"childCommits":33,"serial":148,"width":320,"height":240,"monotonicNs":221140793183435}
{"event":"server-barrier","sequence":205,"controlSequence":63,"rootCommits":30,"childCommits":33,"serial":148,"width":320,"height":240,"monotonicNs":221140793338315,"command":"child-blue","barrierControl":63}
{"event":"ack-configure","sequence":206,"controlSequence":63,"rootCommits":30,"childCommits":33,"serial":173,"width":320,"height":240,"monotonicNs":221141604542102}
{"event":"buffercommit","sequence":207,"controlSequence":63,"rootCommits":31,"childCommits":33,"serial":173,"width":320,"height":240,"monotonicNs":221141604689149}
{"event":"buffer-release","sequence":208,"controlSequence":63,"rootCommits":31,"childCommits":33,"serial":173,"width":320,"height":240,"monotonicNs":221141605138671}
{"event":"ack-configure","sequence":209,"controlSequence":63,"rootCommits":31,"childCommits":33,"serial":188,"width":320,"height":240,"monotonicNs":221147230682889}
{"event":"buffercommit","sequence":210,"controlSequence":63,"rootCommits":32,"childCommits":33,"serial":188,"width":320,"height":240,"monotonicNs":221147230807963}
{"event":"buffer-release","sequence":211,"controlSequence":63,"rootCommits":32,"childCommits":33,"serial":188,"width":320,"height":240,"monotonicNs":221147231970105}
{"event":"request","sequence":212,"controlSequence":64,"rootCommits":32,"childCommits":33,"serial":188,"width":320,"height":240,"monotonicNs":221147257458942,"command":"popup-create"}
{"event":"server-barrier","sequence":213,"controlSequence":64,"rootCommits":32,"childCommits":33,"serial":188,"width":320,"height":240,"monotonicNs":221147257653915,"command":"popup-create","barrierControl":64}
{"event":"buffercommit","sequence":214,"controlSequence":64,"rootCommits":32,"childCommits":33,"serial":188,"width":320,"height":240,"monotonicNs":221147257687592}
{"event":"popup-buffercommit","sequence":215,"controlSequence":64,"rootCommits":32,"childCommits":33,"serial":188,"width":320,"height":240,"monotonicNs":221147257690433,"popupCommits":2,"popupSerial":189,"popupColor":4278255615}
{"event":"popup-configured","sequence":216,"controlSequence":64,"rootCommits":32,"childCommits":33,"serial":188,"width":320,"height":240,"monotonicNs":221147257692083,"popupSerial":189,"popupCommits":2,"popupGeometry":[291,211,64,48]}
{"event":"buffer-release","sequence":217,"controlSequence":64,"rootCommits":32,"childCommits":33,"serial":188,"width":320,"height":240,"monotonicNs":221147258030436}
{"event":"buffercommit","sequence":218,"controlSequence":65,"rootCommits":32,"childCommits":33,"serial":188,"width":320,"height":240,"monotonicNs":221147358894477}
{"event":"popup-buffercommit","sequence":219,"controlSequence":65,"rootCommits":32,"childCommits":33,"serial":188,"width":320,"height":240,"monotonicNs":221147358906667,"popupCommits":3,"popupSerial":189,"popupColor":4294967040}
{"event":"request","sequence":220,"controlSequence":65,"rootCommits":32,"childCommits":33,"serial":188,"width":320,"height":240,"monotonicNs":221147358909335,"command":"popup-yellow"}
{"event":"buffer-release","sequence":221,"controlSequence":65,"rootCommits":32,"childCommits":33,"serial":188,"width":320,"height":240,"monotonicNs":221147359191208}
{"event":"server-barrier","sequence":222,"controlSequence":65,"rootCommits":32,"childCommits":33,"serial":188,"width":320,"height":240,"monotonicNs":221147359203594,"command":"popup-yellow","barrierControl":65}
{"event":"request","sequence":223,"controlSequence":66,"rootCommits":32,"childCommits":33,"serial":188,"width":320,"height":240,"monotonicNs":221147460581489,"command":"popup-reposition"}
{"event":"popup-repositioned","sequence":224,"controlSequence":66,"rootCommits":32,"childCommits":33,"serial":188,"width":320,"height":240,"monotonicNs":221147460753123,"repositionToken":1}
{"event":"server-barrier","sequence":225,"controlSequence":66,"rootCommits":32,"childCommits":33,"serial":188,"width":320,"height":240,"monotonicNs":221147460765271,"command":"popup-reposition","barrierControl":66}
{"event":"buffercommit","sequence":226,"controlSequence":66,"rootCommits":32,"childCommits":33,"serial":188,"width":320,"height":240,"monotonicNs":221147460807802}
{"event":"popup-buffercommit","sequence":227,"controlSequence":66,"rootCommits":32,"childCommits":33,"serial":188,"width":320,"height":240,"monotonicNs":221147460810508,"popupCommits":4,"popupSerial":190,"popupColor":4294967040}
{"event":"popup-configured","sequence":228,"controlSequence":66,"rootCommits":32,"childCommits":33,"serial":188,"width":320,"height":240,"monotonicNs":221147460812182,"popupSerial":190,"popupCommits":4,"popupGeometry":[101,81,64,48]}
{"event":"buffer-release","sequence":229,"controlSequence":66,"rootCommits":32,"childCommits":33,"serial":188,"width":320,"height":240,"monotonicNs":221147461150378}
{"event":"popup-destroyed","sequence":230,"controlSequence":67,"rootCommits":32,"childCommits":33,"serial":188,"width":320,"height":240,"monotonicNs":221147512378689}
{"event":"request","sequence":231,"controlSequence":67,"rootCommits":32,"childCommits":33,"serial":188,"width":320,"height":240,"monotonicNs":221147512390369,"command":"popup-destroy"}
{"event":"server-barrier","sequence":232,"controlSequence":67,"rootCommits":32,"childCommits":33,"serial":188,"width":320,"height":240,"monotonicNs":221147512686911,"command":"popup-destroy","barrierControl":67}
{"event":"request","sequence":233,"controlSequence":68,"rootCommits":32,"childCommits":33,"serial":188,"width":320,"height":240,"monotonicNs":221147588183063,"command":"popup-create"}
{"event":"server-barrier","sequence":234,"controlSequence":68,"rootCommits":32,"childCommits":33,"serial":188,"width":320,"height":240,"monotonicNs":221147588364365,"command":"popup-create","barrierControl":68}
{"event":"buffercommit","sequence":235,"controlSequence":68,"rootCommits":32,"childCommits":33,"serial":188,"width":320,"height":240,"monotonicNs":221147588403928}
{"event":"popup-buffercommit","sequence":236,"controlSequence":68,"rootCommits":32,"childCommits":33,"serial":188,"width":320,"height":240,"monotonicNs":221147588406926,"popupCommits":6,"popupSerial":191,"popupColor":4278255615}
{"event":"popup-configured","sequence":237,"controlSequence":68,"rootCommits":32,"childCommits":33,"serial":188,"width":320,"height":240,"monotonicNs":221147588408643,"popupSerial":191,"popupCommits":6,"popupGeometry":[291,211,64,48]}
{"event":"buffer-release","sequence":238,"controlSequence":68,"rootCommits":32,"childCommits":33,"serial":188,"width":320,"height":240,"monotonicNs":221147588753523}
{"event":"popup-destroyed","sequence":239,"controlSequence":69,"rootCommits":32,"childCommits":33,"serial":188,"width":320,"height":240,"monotonicNs":221147664881526}
{"event":"request","sequence":240,"controlSequence":69,"rootCommits":32,"childCommits":33,"serial":188,"width":320,"height":240,"monotonicNs":221147664894410,"command":"popup-destroy"}
{"event":"server-barrier","sequence":241,"controlSequence":69,"rootCommits":32,"childCommits":33,"serial":188,"width":320,"height":240,"monotonicNs":221147665234230,"command":"popup-destroy","barrierControl":69}
{"event":"request","sequence":242,"controlSequence":70,"rootCommits":32,"childCommits":33,"serial":188,"width":320,"height":240,"monotonicNs":221147715575717,"command":"popup-create"}
{"event":"server-barrier","sequence":243,"controlSequence":70,"rootCommits":32,"childCommits":33,"serial":188,"width":320,"height":240,"monotonicNs":221147715773607,"command":"popup-create","barrierControl":70}
{"event":"buffercommit","sequence":244,"controlSequence":70,"rootCommits":32,"childCommits":33,"serial":188,"width":320,"height":240,"monotonicNs":221147715822550}
{"event":"popup-buffercommit","sequence":245,"controlSequence":70,"rootCommits":32,"childCommits":33,"serial":188,"width":320,"height":240,"monotonicNs":221147715825686,"popupCommits":8,"popupSerial":192,"popupColor":4278255615}
{"event":"popup-configured","sequence":246,"controlSequence":70,"rootCommits":32,"childCommits":33,"serial":188,"width":320,"height":240,"monotonicNs":221147715831272,"popupSerial":192,"popupCommits":8,"popupGeometry":[291,211,64,48]}
{"event":"buffer-release","sequence":247,"controlSequence":70,"rootCommits":32,"childCommits":33,"serial":188,"width":320,"height":240,"monotonicNs":221147716133821}
{"event":"buffercommit","sequence":248,"controlSequence":71,"rootCommits":32,"childCommits":33,"serial":188,"width":320,"height":240,"monotonicNs":221147767160651}
{"event":"popup-buffercommit","sequence":249,"controlSequence":71,"rootCommits":32,"childCommits":33,"serial":188,"width":320,"height":240,"monotonicNs":221147767171727,"popupCommits":9,"popupSerial":192,"popupColor":4294967040}
{"event":"request","sequence":250,"controlSequence":71,"rootCommits":32,"childCommits":33,"serial":188,"width":320,"height":240,"monotonicNs":221147767174468,"command":"popup-yellow"}
{"event":"buffer-release","sequence":251,"controlSequence":71,"rootCommits":32,"childCommits":33,"serial":188,"width":320,"height":240,"monotonicNs":221147767389553}
{"event":"server-barrier","sequence":252,"controlSequence":71,"rootCommits":32,"childCommits":33,"serial":188,"width":320,"height":240,"monotonicNs":221147767412234,"command":"popup-yellow","barrierControl":71}
{"event":"popup-destroyed","sequence":253,"controlSequence":72,"rootCommits":32,"childCommits":33,"serial":188,"width":320,"height":240,"monotonicNs":221147793263553}
{"event":"request","sequence":254,"controlSequence":72,"rootCommits":32,"childCommits":33,"serial":188,"width":320,"height":240,"monotonicNs":221147793274153,"command":"popup-destroy"}
{"event":"server-barrier","sequence":255,"controlSequence":72,"rootCommits":32,"childCommits":33,"serial":188,"width":320,"height":240,"monotonicNs":221147793545707,"command":"popup-destroy","barrierControl":72}
{"event":"request","sequence":256,"controlSequence":73,"rootCommits":32,"childCommits":33,"serial":188,"width":320,"height":240,"monotonicNs":221147843902653,"command":"popup-create"}
{"event":"server-barrier","sequence":257,"controlSequence":73,"rootCommits":32,"childCommits":33,"serial":188,"width":320,"height":240,"monotonicNs":221147844104348,"command":"popup-create","barrierControl":73}
{"event":"buffercommit","sequence":258,"controlSequence":73,"rootCommits":32,"childCommits":33,"serial":188,"width":320,"height":240,"monotonicNs":221147844146638}
{"event":"popup-buffercommit","sequence":259,"controlSequence":73,"rootCommits":32,"childCommits":33,"serial":188,"width":320,"height":240,"monotonicNs":221147844149798,"popupCommits":11,"popupSerial":193,"popupColor":4278255615}
{"event":"popup-configured","sequence":260,"controlSequence":73,"rootCommits":32,"childCommits":33,"serial":188,"width":320,"height":240,"monotonicNs":221147844151578,"popupSerial":193,"popupCommits":11,"popupGeometry":[291,211,64,48]}
{"event":"buffer-release","sequence":261,"controlSequence":73,"rootCommits":32,"childCommits":33,"serial":188,"width":320,"height":240,"monotonicNs":221147844405873}
{"event":"request","sequence":262,"controlSequence":74,"rootCommits":32,"childCommits":33,"serial":188,"width":320,"height":240,"monotonicNs":221147895269753,"command":"popup-reposition"}
{"event":"popup-repositioned","sequence":263,"controlSequence":74,"rootCommits":32,"childCommits":33,"serial":188,"width":320,"height":240,"monotonicNs":221147895381349,"repositionToken":2}
{"event":"server-barrier","sequence":264,"controlSequence":74,"rootCommits":32,"childCommits":33,"serial":188,"width":320,"height":240,"monotonicNs":221147895387673,"command":"popup-reposition","barrierControl":74}
{"event":"buffercommit","sequence":265,"controlSequence":74,"rootCommits":32,"childCommits":33,"serial":188,"width":320,"height":240,"monotonicNs":221147895425442}
{"event":"popup-buffercommit","sequence":266,"controlSequence":74,"rootCommits":32,"childCommits":33,"serial":188,"width":320,"height":240,"monotonicNs":221147895428684,"popupCommits":12,"popupSerial":194,"popupColor":4278255615}
{"event":"popup-configured","sequence":267,"controlSequence":74,"rootCommits":32,"childCommits":33,"serial":188,"width":320,"height":240,"monotonicNs":221147895434395,"popupSerial":194,"popupCommits":12,"popupGeometry":[101,81,64,48]}
{"event":"buffer-release","sequence":268,"controlSequence":74,"rootCommits":32,"childCommits":33,"serial":188,"width":320,"height":240,"monotonicNs":221147895701583}
{"event":"popup-destroyed","sequence":269,"controlSequence":75,"rootCommits":32,"childCommits":33,"serial":188,"width":320,"height":240,"monotonicNs":221147946462383}
{"event":"request","sequence":270,"controlSequence":75,"rootCommits":32,"childCommits":33,"serial":188,"width":320,"height":240,"monotonicNs":221147946474327,"command":"popup-destroy"}
{"event":"server-barrier","sequence":271,"controlSequence":75,"rootCommits":32,"childCommits":33,"serial":188,"width":320,"height":240,"monotonicNs":221147946746908,"command":"popup-destroy","barrierControl":75}
{"event":"request","sequence":272,"controlSequence":76,"rootCommits":32,"childCommits":33,"serial":188,"width":320,"height":240,"monotonicNs":221147997079468,"command":"popup-create"}
{"event":"server-barrier","sequence":273,"controlSequence":76,"rootCommits":32,"childCommits":33,"serial":188,"width":320,"height":240,"monotonicNs":221147997215029,"command":"popup-create","barrierControl":76}
{"event":"buffercommit","sequence":274,"controlSequence":76,"rootCommits":32,"childCommits":33,"serial":188,"width":320,"height":240,"monotonicNs":221147997262838}
{"event":"popup-buffercommit","sequence":275,"controlSequence":76,"rootCommits":32,"childCommits":33,"serial":188,"width":320,"height":240,"monotonicNs":221147997265891,"popupCommits":14,"popupSerial":195,"popupColor":4278255615}
{"event":"popup-configured","sequence":276,"controlSequence":76,"rootCommits":32,"childCommits":33,"serial":188,"width":320,"height":240,"monotonicNs":221147997268011,"popupSerial":195,"popupCommits":14,"popupGeometry":[291,211,64,48]}
{"event":"buffer-release","sequence":277,"controlSequence":76,"rootCommits":32,"childCommits":33,"serial":188,"width":320,"height":240,"monotonicNs":221147997506468}
{"event":"buffercommit","sequence":278,"controlSequence":77,"rootCommits":32,"childCommits":33,"serial":188,"width":320,"height":240,"monotonicNs":221148048248943}
{"event":"popup-buffercommit","sequence":279,"controlSequence":77,"rootCommits":32,"childCommits":33,"serial":188,"width":320,"height":240,"monotonicNs":221148048264152,"popupCommits":15,"popupSerial":195,"popupColor":4294967040}
{"event":"request","sequence":280,"controlSequence":77,"rootCommits":32,"childCommits":33,"serial":188,"width":320,"height":240,"monotonicNs":221148048266867,"command":"popup-yellow"}
{"event":"buffer-release","sequence":281,"controlSequence":77,"rootCommits":32,"childCommits":33,"serial":188,"width":320,"height":240,"monotonicNs":221148048530043}
{"event":"server-barrier","sequence":282,"controlSequence":77,"rootCommits":32,"childCommits":33,"serial":188,"width":320,"height":240,"monotonicNs":221148048543067,"command":"popup-yellow","barrierControl":77}
{"event":"popup-destroyed","sequence":283,"controlSequence":78,"rootCommits":32,"childCommits":33,"serial":188,"width":320,"height":240,"monotonicNs":221148074163232}
{"event":"request","sequence":284,"controlSequence":78,"rootCommits":32,"childCommits":33,"serial":188,"width":320,"height":240,"monotonicNs":221148074173693,"command":"popup-destroy"}
{"event":"server-barrier","sequence":285,"controlSequence":78,"rootCommits":32,"childCommits":33,"serial":188,"width":320,"height":240,"monotonicNs":221148074444624,"command":"popup-destroy","barrierControl":78}
{"event":"request","sequence":286,"controlSequence":79,"rootCommits":32,"childCommits":33,"serial":188,"width":320,"height":240,"monotonicNs":221148142154741,"command":"popup-create"}
{"event":"server-barrier","sequence":287,"controlSequence":79,"rootCommits":32,"childCommits":33,"serial":188,"width":320,"height":240,"monotonicNs":221148142309926,"command":"popup-create","barrierControl":79}
{"event":"buffercommit","sequence":288,"controlSequence":79,"rootCommits":32,"childCommits":33,"serial":188,"width":320,"height":240,"monotonicNs":221148142368041}
{"event":"popup-buffercommit","sequence":289,"controlSequence":79,"rootCommits":32,"childCommits":33,"serial":188,"width":320,"height":240,"monotonicNs":221148142379292,"popupCommits":17,"popupSerial":196,"popupColor":4278255615}
{"event":"popup-configured","sequence":290,"controlSequence":79,"rootCommits":32,"childCommits":33,"serial":188,"width":320,"height":240,"monotonicNs":221148142381268,"popupSerial":196,"popupCommits":17,"popupGeometry":[291,211,64,48]}
{"event":"buffer-release","sequence":291,"controlSequence":79,"rootCommits":32,"childCommits":33,"serial":188,"width":320,"height":240,"monotonicNs":221148142648945}
{"event":"popup-destroyed","sequence":292,"controlSequence":80,"rootCommits":32,"childCommits":33,"serial":188,"width":320,"height":240,"monotonicNs":221148168525474}
{"event":"request","sequence":293,"controlSequence":80,"rootCommits":32,"childCommits":33,"serial":188,"width":320,"height":240,"monotonicNs":221148168536742,"command":"popup-destroy"}
{"event":"server-barrier","sequence":294,"controlSequence":80,"rootCommits":32,"childCommits":33,"serial":188,"width":320,"height":240,"monotonicNs":221148168802785,"command":"popup-destroy","barrierControl":80}
{"event":"request","sequence":295,"controlSequence":81,"rootCommits":32,"childCommits":33,"serial":188,"width":320,"height":240,"monotonicNs":221148244330575,"command":"modal-create"}
{"event":"server-barrier","sequence":296,"controlSequence":81,"rootCommits":32,"childCommits":33,"serial":188,"width":320,"height":240,"monotonicNs":221148244530753,"command":"modal-create","barrierControl":81}
{"event":"buffercommit","sequence":297,"controlSequence":81,"rootCommits":32,"childCommits":33,"serial":188,"width":320,"height":240,"monotonicNs":221148244584257}
{"event":"modal-buffercommit","sequence":298,"controlSequence":81,"rootCommits":32,"childCommits":33,"serial":188,"width":320,"height":240,"monotonicNs":221148244587436,"modalCommits":2,"modalSerial":197,"modalColor":4294902015,"modalSize":[96,64]}
{"event":"modal-configured","sequence":299,"controlSequence":81,"rootCommits":32,"childCommits":33,"serial":188,"width":320,"height":240,"monotonicNs":221148244589124,"modalSerial":197,"modalCommits":2}
{"event":"buffer-release","sequence":300,"controlSequence":81,"rootCommits":32,"childCommits":33,"serial":188,"width":320,"height":240,"monotonicNs":221148245117099}
{"event":"buffercommit","sequence":301,"controlSequence":81,"rootCommits":32,"childCommits":33,"serial":188,"width":320,"height":240,"monotonicNs":221148245296112}
{"event":"modal-buffercommit","sequence":302,"controlSequence":81,"rootCommits":32,"childCommits":33,"serial":188,"width":320,"height":240,"monotonicNs":221148245299467,"modalCommits":3,"modalSerial":198,"modalColor":4294902015,"modalSize":[96,64]}
{"event":"modal-configured","sequence":303,"controlSequence":81,"rootCommits":32,"childCommits":33,"serial":188,"width":320,"height":240,"monotonicNs":221148245301843,"modalSerial":198,"modalCommits":3}
{"event":"ack-configure","sequence":304,"controlSequence":81,"rootCommits":32,"childCommits":33,"serial":199,"width":320,"height":240,"monotonicNs":221148245303815}
{"event":"buffercommit","sequence":305,"controlSequence":81,"rootCommits":33,"childCommits":33,"serial":199,"width":320,"height":240,"monotonicNs":221148245406690}
{"event":"buffer-release","sequence":306,"controlSequence":81,"rootCommits":33,"childCommits":33,"serial":199,"width":320,"height":240,"monotonicNs":221148248006557}
{"event":"buffer-release","sequence":307,"controlSequence":81,"rootCommits":33,"childCommits":33,"serial":199,"width":320,"height":240,"monotonicNs":221148248020002}
{"event":"ack-configure","sequence":308,"controlSequence":81,"rootCommits":33,"childCommits":33,"serial":201,"width":320,"height":240,"monotonicNs":221148268281862}
{"event":"buffercommit","sequence":309,"controlSequence":81,"rootCommits":34,"childCommits":33,"serial":201,"width":320,"height":240,"monotonicNs":221148268396999}
{"event":"buffercommit","sequence":310,"controlSequence":81,"rootCommits":34,"childCommits":33,"serial":201,"width":320,"height":240,"monotonicNs":221148268417811}
{"event":"modal-buffercommit","sequence":311,"controlSequence":81,"rootCommits":34,"childCommits":33,"serial":201,"width":320,"height":240,"monotonicNs":221148268424974,"modalCommits":4,"modalSerial":202,"modalColor":4294902015,"modalSize":[96,64]}
{"event":"modal-configured","sequence":312,"controlSequence":81,"rootCommits":34,"childCommits":33,"serial":201,"width":320,"height":240,"monotonicNs":221148268426671,"modalSerial":202,"modalCommits":4}
{"event":"buffer-release","sequence":313,"controlSequence":81,"rootCommits":34,"childCommits":33,"serial":201,"width":320,"height":240,"monotonicNs":221148268649616}
{"event":"buffer-release","sequence":314,"controlSequence":81,"rootCommits":34,"childCommits":33,"serial":201,"width":320,"height":240,"monotonicNs":221148268663788}
{"event":"request","sequence":315,"controlSequence":82,"rootCommits":34,"childCommits":33,"serial":201,"width":320,"height":240,"monotonicNs":221148294039593,"command":"quit"}
{"event":"normalexit","sequence":316,"controlSequence":82,"rootCommits":34,"childCommits":33,"serial":201,"width":320,"height":240,"monotonicNs":221148294064994}
