[16:39:55.381449] {Default Queue}  -> wl_display#1.get_registry(new id wl_registry#2)
[16:39:55.381514] {Default Queue}  -> wl_display#1.sync(new id wl_callback#3)
[16:39:55.381704] {Display Queue} wl_display#1.delete_id(3)
[16:39:55.381747] {Default Queue} wl_registry#2.global(1, "wl_seat", 9)
[16:39:55.381765] {Default Queue} wl_registry#2.global(2, "wl_data_device_manager", 3)
[16:39:55.381774] {Default Queue} wl_registry#2.global(3, "wl_compositor", 6)
[16:39:55.381785] {Default Queue}  -> wl_registry#2.bind(3, "wl_compositor", 4, new id [unknown]#4)
[16:39:55.381795] {Default Queue} wl_registry#2.global(4, "wl_subcompositor", 1)
[16:39:55.381803] {Default Queue} wl_registry#2.global(5, "wl_shm", 2)
[16:39:55.381811] {Default Queue}  -> wl_registry#2.bind(5, "wl_shm", 1, new id [unknown]#5)
[16:39:55.381819] {Default Queue} wl_registry#2.global(6, "wp_viewporter", 1)
[16:39:55.381827] {Default Queue} wl_registry#2.global(7, "wp_tearing_control_manager_v1", 1)
[16:39:55.381834] {Default Queue} wl_registry#2.global(8, "wp_fractional_scale_manager_v1", 1)
[16:39:55.381841] {Default Queue} wl_registry#2.global(9, "zxdg_output_manager_v1", 3)
[16:39:55.381848] {Default Queue} wl_registry#2.global(10, "wp_cursor_shape_manager_v1", 2)
[16:39:55.381856] {Default Queue} wl_registry#2.global(11, "zwp_idle_inhibit_manager_v1", 1)
[16:39:55.381863] {Default Queue} wl_registry#2.global(12, "zwp_relative_pointer_manager_v1", 1)
[16:39:55.381870] {Default Queue} wl_registry#2.global(13, "zxdg_decoration_manager_v1", 2)
[16:39:55.381877] {Default Queue} wl_registry#2.global(14, "wp_alpha_modifier_v1", 1)
[16:39:55.381884] {Default Queue} wl_registry#2.global(15, "zwlr_gamma_control_manager_v1", 1)
[16:39:55.381892] {Default Queue} wl_registry#2.global(16, "ext_foreign_toplevel_list_v1", 1)
[16:39:55.381899] {Default Queue} wl_registry#2.global(17, "zwp_pointer_gestures_v1", 3)
[16:39:55.381906] {Default Queue} wl_registry#2.global(18, "zwlr_foreign_toplevel_manager_v1", 3)
[16:39:55.381913] {Default Queue} wl_registry#2.global(19, "zwp_keyboard_shortcuts_inhibit_manager_v1", 1)
[16:39:55.381920] {Default Queue} wl_registry#2.global(20, "zwp_text_input_manager_v1", 1)
[16:39:55.381927] {Default Queue} wl_registry#2.global(21, "zwp_text_input_manager_v3", 1)
[16:39:55.381935] {Default Queue} wl_registry#2.global(22, "zwp_pointer_constraints_v1", 1)
[16:39:55.381945] {Default Queue} wl_registry#2.global(23, "zwlr_output_power_manager_v1", 1)
[16:39:55.381953] {Default Queue} wl_registry#2.global(24, "xdg_activation_v1", 1)
[16:39:55.381961] {Default Queue} wl_registry#2.global(25, "ext_idle_notifier_v1", 2)
[16:39:55.381968] {Default Queue} wl_registry#2.global(26, "hyprland_lock_notifier_v1", 1)
[16:39:55.381975] {Default Queue} wl_registry#2.global(27, "ext_session_lock_manager_v1", 1)
[16:39:55.381983] {Default Queue} wl_registry#2.global(28, "zwp_input_method_manager_v2", 1)
[16:39:55.381991] {Default Queue} wl_registry#2.global(29, "zwp_virtual_keyboard_manager_v1", 1)
[16:39:55.381998] {Default Queue} wl_registry#2.global(30, "zwlr_virtual_pointer_manager_v1", 2)
[16:39:55.382005] {Default Queue} wl_registry#2.global(31, "zwlr_output_manager_v1", 4)
[16:39:55.382013] {Default Queue} wl_registry#2.global(32, "org_kde_kwin_server_decoration_manager", 1)
[16:39:55.382020] {Default Queue} wl_registry#2.global(33, "hyprland_focus_grab_manager_v1", 1)
[16:39:55.382028] {Default Queue} wl_registry#2.global(34, "zwp_tablet_manager_v2", 1)
[16:39:55.382035] {Default Queue} wl_registry#2.global(35, "zwlr_layer_shell_v1", 5)
[16:39:55.382043] {Default Queue} wl_registry#2.global(36, "wp_presentation", 2)
[16:39:55.382050] {Default Queue} wl_registry#2.global(37, "xdg_wm_base", 7)
[16:39:55.382058] {Default Queue}  -> wl_registry#2.bind(37, "xdg_wm_base", 6, new id [unknown]#6)
[16:39:55.382066] {Default Queue} wl_registry#2.global(38, "zwlr_data_control_manager_v1", 2)
[16:39:55.382074] {Default Queue} wl_registry#2.global(39, "zwp_primary_selection_device_manager_v1", 1)
[16:39:55.382081] {Default Queue} wl_registry#2.global(40, "xwayland_shell_v1", 1)
[16:39:55.382104] {Default Queue} wl_registry#2.global(41, "hyprland_toplevel_mapping_manager_v1", 1)
[16:39:55.382126] {Default Queue} wl_registry#2.global(42, "hyprland_global_shortcuts_manager_v1", 1)
[16:39:55.382136] {Default Queue} wl_registry#2.global(43, "xdg_wm_dialog_v1", 1)
[16:39:55.382144] {Default Queue} wl_registry#2.global(44, "wp_single_pixel_buffer_manager_v1", 1)
[16:39:55.382152] {Default Queue} wl_registry#2.global(45, "wp_security_context_manager_v1", 1)
[16:39:55.382160] {Default Queue} wl_registry#2.global(46, "hyprland_ctm_control_manager_v1", 2)
[16:39:55.382168] {Default Queue} wl_registry#2.global(47, "hyprland_input_capture_manager_v1", 1)
[16:39:55.382176] {Default Queue} wl_registry#2.global(48, "hyprland_surface_manager_v1", 2)
[16:39:55.382184] {Default Queue} wl_registry#2.global(49, "wp_content_type_manager_v1", 1)
[16:39:55.382191] {Default Queue} wl_registry#2.global(50, "xdg_toplevel_tag_manager_v1", 1)
[16:39:55.382200] {Default Queue} wl_registry#2.global(51, "xdg_system_bell_v1", 1)
[16:39:55.382208] {Default Queue} wl_registry#2.global(52, "vicinae_hotkey_manager_v1", 1)
[16:39:55.382215] {Default Queue} wl_registry#2.global(53, "ext_workspace_manager_v1", 1)
[16:39:55.382223] {Default Queue} wl_registry#2.global(54, "ext_data_control_manager_v1", 1)
[16:39:55.382231] {Default Queue} wl_registry#2.global(55, "wp_pointer_warp_v1", 1)
[16:39:55.382238] {Default Queue} wl_registry#2.global(56, "wp_fifo_manager_v1", 1)
[16:39:55.382245] {Default Queue} wl_registry#2.global(57, "zxdg_exporter_v2", 1)
[16:39:55.382265] {Default Queue} wl_registry#2.global(58, "zxdg_importer_v2", 1)
[16:39:55.382273] {Default Queue} wl_registry#2.global(59, "ext_background_effect_manager_v1", 1)
[16:39:55.382281] {Default Queue} wl_registry#2.global(60, "wp_commit_timing_manager_v1", 1)
[16:39:55.382289] {Default Queue} wl_registry#2.global(61, "zwlr_screencopy_manager_v1", 3)
[16:39:55.382297] {Default Queue} wl_registry#2.global(62, "hyprland_toplevel_export_manager_v1", 2)
[16:39:55.382305] {Default Queue} wl_registry#2.global(63, "ext_output_image_capture_source_manager_v1", 1)
[16:39:55.382313] {Default Queue} wl_registry#2.global(64, "ext_foreign_toplevel_image_capture_source_manager_v1", 1)
[16:39:55.382321] {Default Queue} wl_registry#2.global(65, "ext_image_copy_capture_manager_v1", 1)
[16:39:55.382329] {Default Queue} wl_registry#2.global(66, "wp_color_manager_v1", 3)
[16:39:55.382337] {Default Queue} wl_registry#2.global(67, "wl_drm", 2)
[16:39:55.382344] {Default Queue} wl_registry#2.global(68, "zwp_linux_dmabuf_v1", 5)
[16:39:55.382352] {Default Queue} wl_registry#2.global(69, "wl_output", 4)
[16:39:55.382360] {Default Queue} wl_callback#3.done(158)
[16:39:55.382369] {Default Queue}  -> wl_compositor#4.create_surface(new id wl_surface#3)
[16:39:55.382378] {Default Queue}  -> xdg_wm_base#6.get_xdg_surface(new id xdg_surface#7, wl_surface#3)
[16:39:55.382388] {Default Queue}  -> xdg_surface#7.get_toplevel(new id xdg_toplevel#8)
[16:39:55.382396] {Default Queue}  -> xdg_toplevel#8.set_title("ELM-MAXIMIZE-PROBE")
[16:39:55.382403] {Default Queue}  -> xdg_toplevel#8.set_app_id("elm-maximize-probe")
[16:39:55.382411] {Default Queue}  -> wl_surface#3.commit()
[16:39:55.382758] {Default Queue} discarded wl_shm#5.format(0)
[16:39:55.382784] {Default Queue} discarded wl_shm#5.format(1)
[16:39:55.382790] {Default Queue} discarded wl_shm#5.format(875709016)
[16:39:55.382794] {Default Queue} discarded wl_shm#5.format(875708993)
[16:39:55.382797] {Default Queue} discarded wl_shm#5.format(808669784)
[16:39:55.382801] {Default Queue} discarded wl_shm#5.format(808669761)
[16:39:55.382804] {Default Queue} discarded wl_shm#5.format(808665688)
[16:39:55.382807] {Default Queue} discarded wl_shm#5.format(808665665)
[16:39:55.382810] {Default Queue} xdg_toplevel#8.wm_capabilities(array[8])
[16:39:55.382816] {Default Queue} xdg_toplevel#8.configure(800, 600, array[16])
[16:39:55.382822] {Default Queue} xdg_surface#7.configure(159)
[16:39:55.382827] {Default Queue}  -> xdg_surface#7.ack_configure(159)
{"event":"configure","sequence":1,"monotonicNs":96261318600079,"serial":159,"ackedSerial":159,"width":800,"height":600,"maximized":false,"fullscreen":false,"suspended":false,"configuredWidth":800,"configuredHeight":600}
[16:39:55.384588] {Default Queue}  -> wl_shm#5.create_pool(new id wl_shm_pool#9, fd 5, 1920000)
[16:39:55.384600] {Default Queue}  -> wl_shm_pool#9.create_buffer(new id wl_buffer#10, 0, 800, 600, 3200, 0)
[16:39:55.384605] {Default Queue}  -> wl_shm_pool#9.destroy()
[16:39:55.384614] {Default Queue}  -> xdg_surface#7.set_window_geometry(0, 0, 800, 600)
[16:39:55.384618] {Default Queue}  -> wl_surface#3.attach(wl_buffer#10, 0, 0)
[16:39:55.384623] {Default Queue}  -> wl_surface#3.damage(0, 0, 800, 600)
[16:39:55.384627] {Default Queue}  -> wl_surface#3.commit()
{"event":"buffercommit","sequence":2,"monotonicNs":96261320391878,"serial":159,"ackedSerial":159,"width":800,"height":600,"maximized":false,"fullscreen":false,"suspended":false,"bufferWidth":800,"bufferHeight":600,"inflight":1,"argb":"ff3773c8"}
{"event":"ready","sequence":3,"monotonicNs":96261320395718,"serial":159,"ackedSerial":159,"width":800,"height":600,"maximized":false,"fullscreen":false,"suspended":false,"title":"ELM-MAXIMIZE-PROBE","appId":"elm-maximize-probe"}
[16:39:55.386172] {Display Queue} wl_display#1.delete_id(9)
[16:39:55.386228] {Default Queue} wl_buffer#10.release()
{"event":"buffer-release","sequence":4,"monotonicNs":96261321996272,"serial":159,"ackedSerial":159,"width":800,"height":600,"maximized":false,"fullscreen":false,"suspended":false,"bufferSerial":159,"bufferWidth":800,"bufferHeight":600}
[16:39:55.386267] {Default Queue}  -> wl_buffer#10.destroy()
[16:39:55.386370] {Default Queue} xdg_toplevel#8.configure(758, 510, array[20])
[16:39:55.386385] {Default Queue} xdg_surface#7.configure(160)
[16:39:55.386395] {Default Queue}  -> xdg_surface#7.ack_configure(160)
{"event":"configure","sequence":5,"monotonicNs":96261322157241,"serial":160,"ackedSerial":160,"width":758,"height":510,"maximized":false,"fullscreen":false,"suspended":false,"configuredWidth":758,"configuredHeight":510}
[16:39:55.387986] {Default Queue}  -> wl_shm#5.create_pool(new id wl_shm_pool#9, fd 5, 1546320)
[16:39:55.388015] {Default Queue}  -> wl_shm_pool#9.create_buffer(new id wl_buffer#11, 0, 758, 510, 3032, 0)
[16:39:55.388027] {Default Queue}  -> wl_shm_pool#9.destroy()
[16:39:55.388037] {Default Queue}  -> xdg_surface#7.set_window_geometry(0, 0, 758, 510)
[16:39:55.388046] {Default Queue}  -> wl_surface#3.attach(wl_buffer#11, 0, 0)
[16:39:55.388055] {Default Queue}  -> wl_surface#3.damage(0, 0, 758, 510)
[16:39:55.388063] {Default Queue}  -> wl_surface#3.commit()
{"event":"buffercommit","sequence":6,"monotonicNs":96261323837778,"serial":160,"ackedSerial":160,"width":758,"height":510,"maximized":false,"fullscreen":false,"suspended":false,"bufferWidth":758,"bufferHeight":510,"inflight":1,"argb":"ff0873c8"}
[16:39:55.389774] discarded [unknown]#10.[event 0](0 fd, 8 byte)
[16:39:55.389817] {Display Queue} wl_display#1.delete_id(10)
[16:39:55.389835] {Display Queue} wl_display#1.delete_id(9)
[16:39:55.389843] {Default Queue} wl_buffer#11.release()
{"event":"buffer-release","sequence":7,"monotonicNs":96261325606245,"serial":160,"ackedSerial":160,"width":758,"height":510,"maximized":false,"fullscreen":false,"suspended":false,"bufferSerial":160,"bufferWidth":758,"bufferHeight":510}
[16:39:55.389863] {Default Queue}  -> wl_buffer#11.destroy()
[16:39:55.390756] discarded [unknown]#11.[event 0](0 fd, 8 byte)
[16:39:55.390783] {Display Queue} wl_display#1.delete_id(11)
{"event":"request","sequence":8,"monotonicNs":96261378637681,"serial":160,"ackedSerial":160,"width":758,"height":510,"maximized":false,"fullscreen":false,"suspended":false,"command":"quit"}
[16:39:55.442952] {Default Queue}  -> xdg_toplevel#8.destroy()
[16:39:55.442974] {Default Queue}  -> xdg_surface#7.destroy()
[16:39:55.442985] {Default Queue}  -> wl_surface#3.destroy()
[16:39:55.442993] {Default Queue}  -> xdg_wm_base#6.destroy()
{"event":"normalexit","sequence":9,"monotonicNs":96261378791115,"serial":160,"ackedSerial":160,"width":758,"height":510,"maximized":false,"fullscreen":false,"suspended":false}
