  INFO: Launching config: "/home/hoskinson/window-integration-qa/files-keyboard/routing-stage-v7/row-selection-probe/app/shell.qml"
  INFO: Shell ID: "76e193890ef938150757b9c63e6e6006" Path ID "76e193890ef938150757b9c63e6e6006"
  INFO: Saving logs to "/run/user/1000/quickshell/by-id/swf529v08mt/log.qslog"
  WARN quickshell.qmlscanner: Ignoring unresolvable import "/home/hoskinson/window-integration-qa/files-keyboard/routing-stage-v7/row-selection-probe/app/file:///home/hoskinson/window-integration-qa/files-keyboard/routing-stage-v7/row-selection-probe/app/FixtureKeys" from "/home/hoskinson/window-integration-qa/files-keyboard/routing-stage-v7/row-selection-probe/app/shell.qml"
  WARN quickshell.qmlscanner: Ignoring unresolvable import "/home/hoskinson/window-integration-qa/files-keyboard/routing-stage-v7/row-selection-probe/app/file:///home/hoskinson/window-integration-qa/files-keyboard/routing-stage-v7/WindowAccessibilityV6" from "/home/hoskinson/window-integration-qa/files-keyboard/routing-stage-v7/row-selection-probe/app/shell.qml"
  WARN quickshell.qmlscanner: Ignoring unresolvable import "/home/hoskinson/window-integration-qa/files-keyboard/routing-stage-v7/row-selection-probe/app/explorer/file:///home/hoskinson/window-integration-qa/files-keyboard/routing-stage-v7/WindowAccessibilityV6" from "/home/hoskinson/window-integration-qa/files-keyboard/routing-stage-v7/row-selection-probe/app/explorer/Cell.qml"
  WARN quickshell.qmlscanner: Ignoring unresolvable import "/home/hoskinson/window-integration-qa/files-keyboard/routing-stage-v7/row-selection-probe/app/Ui/file:///home/hoskinson/window-integration-qa/files-keyboard/routing-stage-v7/WindowAccessibilityV6" from "/home/hoskinson/window-integration-qa/files-keyboard/routing-stage-v7/row-selection-probe/app/Ui/Btn.qml"
  WARN quickshell.qmlscanner: Ignoring unresolvable import "/home/hoskinson/window-integration-qa/files-keyboard/routing-stage-v7/row-selection-probe/app/Ui/file:///home/hoskinson/window-integration-qa/files-keyboard/routing-stage-v7/WindowAccessibilityV6" from "/home/hoskinson/window-integration-qa/files-keyboard/routing-stage-v7/row-selection-probe/app/Ui/Chip.qml"
  WARN quickshell.qmlscanner: Ignoring unresolvable import "/home/hoskinson/window-integration-qa/files-keyboard/routing-stage-v7/row-selection-probe/app/Ui/file:///home/hoskinson/window-integration-qa/files-keyboard/routing-stage-v7/WindowAccessibilityV6" from "/home/hoskinson/window-integration-qa/files-keyboard/routing-stage-v7/row-selection-probe/app/Ui/ContextMenu.qml"
  WARN quickshell.qmlscanner: Ignoring unresolvable import "/home/hoskinson/window-integration-qa/files-keyboard/routing-stage-v7/row-selection-probe/app/Ui/file:///home/hoskinson/window-integration-qa/files-keyboard/routing-stage-v7/WindowAccessibilityV6" from "/home/hoskinson/window-integration-qa/files-keyboard/routing-stage-v7/row-selection-probe/app/Ui/Prompt.qml"
  WARN quickshell.qmlscanner: Ignoring unresolvable import "/home/hoskinson/window-integration-qa/files-keyboard/routing-stage-v7/row-selection-probe/app/explorer/file:///home/hoskinson/window-integration-qa/files-keyboard/routing-stage-v7/WindowAccessibilityV6" from "/home/hoskinson/window-integration-qa/files-keyboard/routing-stage-v7/row-selection-probe/app/explorer/Dashboard.qml"
  WARN quickshell.qmlscanner: Ignoring unresolvable import "/home/hoskinson/window-integration-qa/files-keyboard/routing-stage-v7/row-selection-probe/app/explorer/file:///home/hoskinson/window-integration-qa/files-keyboard/routing-stage-v7/WindowAccessibilityV6" from "/home/hoskinson/window-integration-qa/files-keyboard/routing-stage-v7/row-selection-probe/app/explorer/Explorer.qml"
  WARN quickshell.qmlscanner: Ignoring unresolvable import "/home/hoskinson/window-integration-qa/files-keyboard/routing-stage-v7/row-selection-probe/app/explorer/file:///home/hoskinson/window-integration-qa/files-keyboard/routing-stage-v7/WindowAccessibilityV6" from "/home/hoskinson/window-integration-qa/files-keyboard/routing-stage-v7/row-selection-probe/app/explorer/FileArea.qml"
  WARN quickshell.qmlscanner: Ignoring unresolvable import "/home/hoskinson/window-integration-qa/files-keyboard/routing-stage-v7/row-selection-probe/app/explorer/file:///home/hoskinson/window-integration-qa/files-keyboard/routing-stage-v7/WindowAccessibilityV6" from "/home/hoskinson/window-integration-qa/files-keyboard/routing-stage-v7/row-selection-probe/app/explorer/PathBar.qml"
  WARN quickshell.qmlscanner: Ignoring unresolvable import "/home/hoskinson/window-integration-qa/files-keyboard/routing-stage-v7/row-selection-probe/app/explorer/file:///home/hoskinson/window-integration-qa/files-keyboard/routing-stage-v7/WindowAccessibilityV6" from "/home/hoskinson/window-integration-qa/files-keyboard/routing-stage-v7/row-selection-probe/app/explorer/Tree.qml"
  WARN quickshell.qmlscanner: Ignoring unresolvable import "/home/hoskinson/window-integration-qa/files-keyboard/routing-stage-v7/row-selection-probe/app/explorer/file:///home/hoskinson/window-integration-qa/files-keyboard/routing-stage-v7/WindowAccessibilityV6" from "/home/hoskinson/window-integration-qa/files-keyboard/routing-stage-v7/row-selection-probe/app/explorer/Treemap.qml"
  INFO: Configuration Loaded
  WARN scene: QML FileView at @Commons/Theme.qml[54:25]: Read of /home/hoskinson/window-integration-qa/files-keyboard/editable-stage-v6/isolated-home/.local/state/omarchy/current/theme/colors.toml failed: File does not exist.
  WARN: This plugin does not support setting window masks
  WARN: This plugin does not support setting window masks
  WARN: QQuickItem: Cannot set activeFocusOnTab to false once item is the active focus item.
  WARN: QQuickItem: Cannot set activeFocusOnTab to false once item is the active focus item.
  WARN: QQuickItem: Cannot set activeFocusOnTab to false once item is the active focus item.
  WARN: QQuickItem: Cannot set activeFocusOnTab to false once item is the active focus item.
  WARN: QQuickItem: Cannot set activeFocusOnTab to false once item is the active focus item.
  WARN: QQuickItem: Cannot set activeFocusOnTab to false once item is the active focus item.
