000000000000b0e0 T wl_array_add
000000000000d980 T wl_array_copy
000000000000ad20 T wl_array_init
000000000000af80 T wl_array_release
0000000000013940 D wl_buffer_interface
00000000000139c0 D wl_callback_interface
00000000000083c0 T wl_client_add_destroy_late_listener
00000000000083b0 T wl_client_add_destroy_listener
000000000000d270 T wl_client_add_object
000000000000d8e0 T wl_client_add_resource
00000000000085b0 T wl_client_add_resource_created_listener
000000000000cd80 T wl_client_create
000000000000b5a0 T wl_client_destroy
00000000000071e0 T wl_client_flush
0000000000007820 T wl_client_for_each_resource
0000000000007810 T wl_client_from_link
0000000000007200 T wl_client_get_credentials
0000000000007530 T wl_client_get_destroy_late_listener
00000000000074d0 T wl_client_get_destroy_listener
00000000000071f0 T wl_client_get_display
0000000000007230 T wl_client_get_fd
0000000000007800 T wl_client_get_link
0000000000007240 T wl_client_get_object
0000000000007920 T wl_client_get_user_data
000000000000d2e0 T wl_client_new_object
0000000000009eb0 T wl_client_post_implementation_error
0000000000009b30 T wl_client_post_no_memory
00000000000078e0 T wl_client_set_max_buffer_size
0000000000007900 T wl_client_set_user_data
00000000000127e0 D wl_compositor_interface
00000000000136e0 D wl_data_device_interface
0000000000012740 D wl_data_device_manager_interface
0000000000013720 D wl_data_offer_interface
0000000000013760 D wl_data_source_interface
0000000000008530 T wl_display_add_client_created_listener
0000000000008520 T wl_display_add_destroy_listener
000000000000a270 T wl_display_add_global
0000000000008550 T wl_display_add_protocol_logger
000000000000b1d0 T wl_display_add_shm_format
0000000000008db0 T wl_display_add_socket
0000000000008ac0 T wl_display_add_socket_auto
0000000000008c10 T wl_display_add_socket_fd
000000000000ad40 T wl_display_create
000000000000afb0 T wl_display_destroy
000000000000cba0 T wl_display_destroy_clients
000000000000cab0 T wl_display_flush_clients
00000000000077f0 T wl_display_get_client_list
0000000000007740 T wl_display_get_destroy_listener
0000000000007680 T wl_display_get_event_loop
0000000000007660 T wl_display_get_serial
000000000000a290 T wl_display_init_shm
0000000000013a00 D wl_display_interface
0000000000007670 T wl_display_next_serial
000000000000a670 T wl_display_remove_global
0000000000008d60 T wl_display_remove_socket_fd
000000000000cb50 T wl_display_run
0000000000007720 T wl_display_set_default_max_buffer_size
0000000000007590 T wl_display_set_global_filter
0000000000007690 T wl_display_terminate
0000000000008660 T wl_event_loop_add_destroy_listener
0000000000007eb0 T wl_event_loop_add_fd
00000000000085d0 T wl_event_loop_add_idle
0000000000007f60 T wl_event_loop_add_signal
0000000000008050 T wl_event_loop_add_timer
0000000000008210 T wl_event_loop_create
000000000000a680 T wl_event_loop_destroy
000000000000a7b0 T wl_event_loop_dispatch
000000000000a760 T wl_event_loop_dispatch_idle
0000000000007d60 T wl_event_loop_get_destroy_listener
0000000000007d50 T wl_event_loop_get_fd
0000000000008640 T wl_event_source_check
0000000000007b00 T wl_event_source_fd_update
0000000000008920 T wl_event_source_remove
0000000000007b70 T wl_event_source_timer_update
000000000000a420 T wl_fixes_handle_ack_global_remove
00000000000125c0 D wl_fixes_interface
000000000000a0f0 T wl_global_create
000000000000a5b0 T wl_global_destroy
0000000000007630 T wl_global_get_display
00000000000075c0 T wl_global_get_interface
00000000000075d0 T wl_global_get_name
0000000000007640 T wl_global_get_user_data
0000000000007620 T wl_global_get_version
000000000000a500 T wl_global_remove
0000000000007650 T wl_global_set_user_data
00000000000075b0 T wl_global_set_withdrawn_listener
00000000000135a0 D wl_keyboard_interface
0000000000008ea0 T wl_list_empty
0000000000007db0 T wl_list_init
0000000000008330 T wl_list_insert
000000000000ac50 T wl_list_insert_list
0000000000008e80 T wl_list_length
0000000000008670 T wl_list_remove
00000000000077e0 T wl_log_set_handler_server
0000000000013620 D wl_output_interface
00000000000135e0 D wl_pointer_interface
0000000000008690 T wl_protocol_logger_destroy
00000000000137a0 D wl_region_interface
0000000000013980 D wl_registry_interface
0000000000008350 T wl_resource_add_destroy_listener
000000000000cc40 T wl_resource_create
000000000000b510 T wl_resource_destroy
00000000000072c0 T wl_resource_find_for_client
00000000000072b0 T wl_resource_from_link
00000000000074b0 T wl_resource_get_class
0000000000007300 T wl_resource_get_client
0000000000007400 T wl_resource_get_destroy_listener
0000000000007290 T wl_resource_get_id
00000000000074c0 T wl_resource_get_interface
00000000000072a0 T wl_resource_get_link
0000000000007320 T wl_resource_get_user_data
0000000000007390 T wl_resource_get_version
00000000000073b0 T wl_resource_instance_of
0000000000009a80 T wl_resource_post_error
00000000000099e0 T wl_resource_post_error_vargs
00000000000098f0 T wl_resource_post_event
00000000000098e0 T wl_resource_post_event_array
0000000000009b50 T wl_resource_post_no_memory
000000000000a2d0 T wl_resource_queue_event
000000000000a2c0 T wl_resource_queue_event_array
00000000000073a0 T wl_resource_set_destructor
00000000000077c0 T wl_resource_set_dispatcher
00000000000077a0 T wl_resource_set_implementation
0000000000007310 T wl_resource_set_user_data
00000000000136a0 D wl_seat_interface
00000000000126e0 D wl_shell_interface
0000000000013660 D wl_shell_surface_interface
0000000000007a40 T wl_shm_buffer_begin_access
0000000000007af0 T wl_shm_buffer_create
0000000000009f80 T wl_shm_buffer_end_access
0000000000007930 T wl_shm_buffer_get
0000000000007990 T wl_shm_buffer_get_data
00000000000079f0 T wl_shm_buffer_get_format
0000000000007a10 T wl_shm_buffer_get_height
0000000000007980 T wl_shm_buffer_get_stride
0000000000007a00 T wl_shm_buffer_get_width
0000000000007a20 T wl_shm_buffer_ref
0000000000007a30 T wl_shm_buffer_ref_pool
0000000000008860 T wl_shm_buffer_unref
00000000000138a0 D wl_shm_interface
0000000000013900 D wl_shm_pool_interface
0000000000009dc0 T wl_shm_pool_unref
00000000000086c0 T wl_signal_emit_mutable
0000000000012660 D wl_subcompositor_interface
0000000000013520 D wl_subsurface_interface
00000000000137e0 D wl_surface_interface
0000000000013560 D wl_touch_interface
