0000000000007620 T AbslInternalMutexYield_lts_20260817
00000000000067b0 T AbslInternalPerThreadSemInit_lts_20260817
0000000000006a60 T AbslInternalPerThreadSemPoke_lts_20260817
0000000000006a50 T AbslInternalPerThreadSemPost_lts_20260817
00000000000070b0 T AbslInternalPerThreadSemWait_lts_20260817
0000000000006280 T _ZN4absl12lts_2026081712Notification23HasBeenNotifiedInternalEPKSt6atomicIbE
0000000000009fb0 T _ZN4absl12lts_2026081712Notification6NotifyEv
0000000000009ff0 T _ZN4absl12lts_2026081712NotificationD1Ev
0000000000009ff0 T _ZN4absl12lts_2026081712NotificationD2Ev
0000000000005e80 T _ZN4absl12lts_2026081713base_internal10AtomicHookIPFvPKcPKvEE13DummyFunctionES4_S6_
0000000000005e70 T _ZN4absl12lts_2026081713base_internal10AtomicHookIPFvPKcPKvlEE13DummyFunctionES4_S6_l
0000000000005e60 T _ZN4absl12lts_2026081713base_internal10AtomicHookIPFvlEE13DummyFunctionEl
0000000000009e40 T _ZN4absl12lts_2026081715BlockingCounter14DecrementCountEv
0000000000009ed0 T _ZN4absl12lts_2026081715BlockingCounter4WaitEv
00000000000065d0 T _ZN4absl12lts_2026081715BlockingCounterC1Ei
00000000000065d0 T _ZN4absl12lts_2026081715BlockingCounterC2Ei
00000000000078a0 T _ZN4absl12lts_2026081719RegisterMutexTracerEPFvPKcPKvlE
0000000000008eb0 T _ZN4absl12lts_2026081719ReleasableMutexLock7ReleaseEv
00000000000078c0 T _ZN4absl12lts_2026081721RegisterCondVarTracerEPFvPKcPKvE
0000000000007880 T _ZN4absl12lts_2026081721RegisterMutexProfilerEPFvlE
00000000000078e0 T _ZN4absl12lts_2026081724synchronization_internal10MutexDelayEii
0000000000006fb0 T _ZN4absl12lts_2026081724synchronization_internal10WaiterBase15MaybeBecomeIdleEv
0000000000006720 T _ZN4absl12lts_2026081724synchronization_internal11FutexWaiter4PokeEv
0000000000006790 T _ZN4absl12lts_2026081724synchronization_internal11FutexWaiter4PostEv
0000000000006ff0 T _ZN4absl12lts_2026081724synchronization_internal11FutexWaiter4WaitENS1_13KernelTimeoutE
0000000000006630 T _ZN4absl12lts_2026081724synchronization_internal11FutexWaiter9WaitUntilEPSt6atomicIiEiNS1_13KernelTimeoutE
0000000000006a20 T _ZN4absl12lts_2026081724synchronization_internal12PerThreadSem23GetThreadBlockedCounterEv
00000000000069d0 T _ZN4absl12lts_2026081724synchronization_internal12PerThreadSem23SetThreadBlockedCounterEPSt6atomicIiE
0000000000006a70 T _ZN4absl12lts_2026081724synchronization_internal12PerThreadSem4TickEPNS0_13base_internal14ThreadIdentityE
0000000000006ef0 T _ZN4absl12lts_2026081724synchronization_internal12StdcppWaiter19InternalCondVarPokeEv
0000000000006f60 T _ZN4absl12lts_2026081724synchronization_internal12StdcppWaiter4PokeEv
0000000000006f10 T _ZN4absl12lts_2026081724synchronization_internal12StdcppWaiter4PostEv
0000000000007420 T _ZN4absl12lts_2026081724synchronization_internal12StdcppWaiter4WaitENS1_13KernelTimeoutE
0000000000006ea0 T _ZN4absl12lts_2026081724synchronization_internal12StdcppWaiterC1Ev
0000000000006ea0 T _ZN4absl12lts_2026081724synchronization_internal12StdcppWaiterC2Ev
0000000000006bd0 T _ZN4absl12lts_2026081724synchronization_internal13PthreadWaiter19InternalCondVarPokeEv
0000000000006cc0 T _ZN4absl12lts_2026081724synchronization_internal13PthreadWaiter4PokeEv
0000000000006c20 T _ZN4absl12lts_2026081724synchronization_internal13PthreadWaiter4PostEv
0000000000007160 T _ZN4absl12lts_2026081724synchronization_internal13PthreadWaiter4WaitENS1_13KernelTimeoutE
0000000000006b30 T _ZN4absl12lts_2026081724synchronization_internal13PthreadWaiter9TimedWaitENS1_13KernelTimeoutE
0000000000006ab0 T _ZN4absl12lts_2026081724synchronization_internal13PthreadWaiterC1Ev
0000000000006ab0 T _ZN4absl12lts_2026081724synchronization_internal13PthreadWaiterC2Ev
0000000000006800 T _ZN4absl12lts_2026081724synchronization_internal20CreateThreadIdentityEv
00000000000067c0 T _ZN4absl12lts_2026081724synchronization_internal25OneTimeInitThreadIdentityEPNS0_13base_internal14ThreadIdentityE
0000000000006e40 T _ZN4absl12lts_2026081724synchronization_internal9SemWaiter4PokeEv
0000000000006e80 T _ZN4absl12lts_2026081724synchronization_internal9SemWaiter4PostEv
00000000000072c0 T _ZN4absl12lts_2026081724synchronization_internal9SemWaiter4WaitENS1_13KernelTimeoutE
0000000000006db0 T _ZN4absl12lts_2026081724synchronization_internal9SemWaiter9TimedWaitENS1_13KernelTimeoutE
0000000000006d60 T _ZN4absl12lts_2026081724synchronization_internal9SemWaiterC1Ev
0000000000006d60 T _ZN4absl12lts_2026081724synchronization_internal9SemWaiterC2Ev
0000000000007b20 T _ZN4absl12lts_2026081729EnableMutexInvariantDebuggingEb
0000000000007b90 T _ZN4absl12lts_2026081729SetMutexDeadlockDetectionModeENS0_15OnDeadlockCycleE
000000000000524c T _ZN4absl12lts_202608175Mutex10UnlockSlowEPNS0_15SynchWaitParamsE
0000000000009730 T _ZN4absl12lts_202608175Mutex11AwaitCommonERKNS0_9ConditionENS0_24synchronization_internal13KernelTimeoutE
0000000000008140 T _ZN4absl12lts_202608175Mutex11TryLockSlowEv
000000000000a020 T _ZN4absl12lts_202608175Mutex11lock_sharedEv
00000000000092c0 T _ZN4absl12lts_202608175Mutex12LockSlowLoopEPNS0_15SynchWaitParamsEi
0000000000008e30 T _ZN4absl12lts_202608175Mutex13unlock_sharedEv
0000000000007ae0 T _ZN4absl12lts_202608175Mutex14EnableDebugLogEPKc
0000000000009a20 T _ZN4absl12lts_202608175Mutex14LockWhenCommonERKNS0_9ConditionENS0_24synchronization_internal13KernelTimeoutEb
0000000000008210 T _ZN4absl12lts_202608175Mutex15try_lock_sharedEv
0000000000007aa0 T _ZN4absl12lts_202608175Mutex17DecrementSynchSemEPS1_PNS0_13base_internal14PerThreadSynchENS0_24synchronization_internal13KernelTimeoutE
0000000000007a90 T _ZN4absl12lts_202608175Mutex17IncrementSynchSemEPS1_PNS0_13base_internal14PerThreadSynchE
00000000000081b0 T _ZN4absl12lts_202608175Mutex17ReaderTryLockSlowEv
0000000000007bd0 T _ZN4absl12lts_202608175Mutex18ForgetDeadlockInfoEv
0000000000009880 T _ZN4absl12lts_202608175Mutex20LockSlowWithDeadlineEPKNS0_6MuHowSEPKNS0_9ConditionENS0_24synchronization_internal13KernelTimeoutEi
0000000000007b30 T _ZN4absl12lts_202608175Mutex24EnableInvariantDebuggingEPFvPvES2_
00000000000088c0 T _ZN4absl12lts_202608175Mutex3FerEPNS0_13base_internal14PerThreadSynchE
0000000000007ab0 T _ZN4absl12lts_202608175Mutex45InternalAttemptToUseMutexInFatalSignalHandlerEv
0000000000005e10 T _ZN4absl12lts_202608175Mutex4DtorEv
0000000000009ce0 T _ZN4absl12lts_202608175Mutex4lockEv
00000000000091b0 T _ZN4absl12lts_202608175Mutex5BlockEPNS0_13base_internal14PerThreadSynchE
0000000000005c0e T _ZN4absl12lts_202608175Mutex5TransEPKNS0_6MuHowSE
0000000000007ba0 T _ZN4absl12lts_202608175Mutex6WakeupEPNS0_13base_internal14PerThreadSynchE
0000000000008e80 T _ZN4absl12lts_202608175Mutex6unlockEv
0000000000005b16 T _ZN4absl12lts_202608175Mutex8LockSlowEPKNS0_6MuHowSEPKNS0_9ConditionEi
0000000000008180 T _ZN4absl12lts_202608175Mutex8try_lockEv
0000000000008f10 T _ZN4absl12lts_202608175Mutex9TryRemoveEPNS0_13base_internal14PerThreadSynchE
0000000000009d40 T _ZN4absl12lts_202608177Barrier5BlockEv
000000000000a060 T _ZN4absl12lts_202608177CondVar10WaitCommonEPNS0_5MutexENS0_24synchronization_internal13KernelTimeoutE
0000000000007cb0 T _ZN4absl12lts_202608177CondVar14EnableDebugLogEPKc
0000000000007ce0 T _ZN4absl12lts_202608177CondVar6RemoveEPNS0_13base_internal14PerThreadSynchE
0000000000008b20 T _ZN4absl12lts_202608177CondVar6SignalEv
0000000000008c80 T _ZN4absl12lts_202608177CondVar9SignalAllEv
0000000000005e00 T _ZN4absl12lts_202608179Condition10AlwaysTrueEPKS1_
0000000000008260 T _ZN4absl12lts_202608179Condition15GuaranteedEqualEPKS1_S3_
0000000000005e50 T _ZN4absl12lts_202608179Condition19CallVoidPtrFunctionEPKS1_
00000000000062d0 T _ZN4absl12lts_202608179Condition19CastAndCallFunctionIKSt6atomicIbEEEbPKS1_
00000000000062e0 T _ZN4absl12lts_202608179Condition19CastAndCallFunctionINS0_10SynchEventEEEbPKS1_
000000000000e9e0 D _ZN4absl12lts_202608179Condition5kTrueE
0000000000007de0 T _ZN4absl12lts_202608179ConditionC1EPFbPvES2_
0000000000007e00 T _ZN4absl12lts_202608179ConditionC1EPKb
0000000000007de0 T _ZN4absl12lts_202608179ConditionC2EPFbPvES2_
0000000000007e00 T _ZN4absl12lts_202608179ConditionC2EPKb
0000000000009a50 T _ZNK4absl12lts_2026081712Notification19WaitForNotificationEv
0000000000009b00 T _ZNK4absl12lts_2026081712Notification30WaitForNotificationWithTimeoutENS0_8DurationE
0000000000009bf0 T _ZNK4absl12lts_2026081712Notification31WaitForNotificationWithDeadlineENS0_4TimeE
0000000000007bf0 T _ZNK4absl12lts_202608175Mutex10AssertHeldEv
0000000000007be0 T _ZNK4absl12lts_202608175Mutex13AssertNotHeldEv
0000000000007c50 T _ZNK4absl12lts_202608175Mutex16AssertReaderHeldEv
0000000000007e30 T _ZNK4absl12lts_202608179Condition4EvalEv
