[02:43:44.195773] {Default Queue}  -> wl_display#1.get_registry(new id wl_registry#2)
[02:43:44.195804] {Default Queue}  -> wl_display#1.sync(new id wl_callback#3)
[02:43:44.195942] {Display Queue} wl_display#1.delete_id(3)
[02:43:44.195946] {Default Queue} wl_registry#2.global(1, "wl_seat", 9)
[02:43:44.195949] {Default Queue} wl_registry#2.global(2, "wl_data_device_manager", 3)
[02:43:44.195952] {Default Queue}  -> wl_registry#2.bind(2, "wl_data_device_manager", 3, new id [unknown]#4)
[02:43:44.195954] {Default Queue} wl_registry#2.global(3, "wl_compositor", 6)
[02:43:44.195957] {Default Queue}  -> wl_registry#2.bind(3, "wl_compositor", 3, new id [unknown]#5)
[02:43:44.195959] {Default Queue} wl_registry#2.global(4, "wl_subcompositor", 1)
[02:43:44.195961] {Default Queue}  -> wl_registry#2.bind(4, "wl_subcompositor", 1, new id [unknown]#6)
[02:43:44.195963] {Default Queue} wl_registry#2.global(5, "wl_shm", 2)
[02:43:44.195965] {Default Queue}  -> wl_registry#2.bind(5, "wl_shm", 1, new id [unknown]#7)
[02:43:44.195967] {Default Queue} wl_registry#2.global(6, "wp_viewporter", 1)
[02:43:44.195969] {Default Queue} wl_registry#2.global(7, "wp_tearing_control_manager_v1", 1)
[02:43:44.195972] {Default Queue} wl_registry#2.global(8, "wp_fractional_scale_manager_v1", 1)
[02:43:44.195974] {Default Queue} wl_registry#2.global(9, "zxdg_output_manager_v1", 3)
[02:43:44.195976] {Default Queue}  -> wl_registry#2.bind(9, "zxdg_output_manager_v1", 3, new id [unknown]#8)
[02:43:44.195979] {Default Queue}  -> wl_display#1.sync(new id wl_callback#9)
[02:43:44.195981] {Default Queue} wl_registry#2.global(10, "wp_cursor_shape_manager_v1", 2)
[02:43:44.195983] {Default Queue}  -> wl_registry#2.bind(10, "wp_cursor_shape_manager_v1", 1, new id [unknown]#10)
[02:43:44.195985] {Default Queue} wl_registry#2.global(11, "zwp_idle_inhibit_manager_v1", 1)
[02:43:44.195987] {Default Queue} wl_registry#2.global(12, "zwp_relative_pointer_manager_v1", 1)
[02:43:44.195989] {Default Queue} wl_registry#2.global(13, "zxdg_decoration_manager_v1", 2)
[02:43:44.195992] {Default Queue} wl_registry#2.global(14, "wp_alpha_modifier_v1", 1)
[02:43:44.195994] {Default Queue} wl_registry#2.global(15, "zwlr_gamma_control_manager_v1", 1)
[02:43:44.195996] {Default Queue} wl_registry#2.global(16, "ext_foreign_toplevel_list_v1", 1)
[02:43:44.195999] {Default Queue} wl_registry#2.global(17, "zwp_pointer_gestures_v1", 3)
[02:43:44.196002] {Default Queue}  -> wl_registry#2.bind(17, "zwp_pointer_gestures_v1", 1, new id [unknown]#11)
[02:43:44.196004] {Default Queue} wl_registry#2.global(18, "zwlr_foreign_toplevel_manager_v1", 3)
[02:43:44.196006] {Default Queue} wl_registry#2.global(19, "zwp_keyboard_shortcuts_inhibit_manager_v1", 1)
[02:43:44.196008] {Default Queue}  -> wl_registry#2.bind(19, "zwp_keyboard_shortcuts_inhibit_manager_v1", 1, new id [unknown]#12)
[02:43:44.196012] {Default Queue} wl_registry#2.global(20, "zwp_text_input_manager_v1", 1)
[02:43:44.196014] {Default Queue} wl_registry#2.global(21, "zwp_text_input_manager_v3", 1)
[02:43:44.196016] {Default Queue} wl_registry#2.global(22, "zwp_pointer_constraints_v1", 1)
[02:43:44.196018] {Default Queue} wl_registry#2.global(23, "zwlr_output_power_manager_v1", 1)
[02:43:44.196020] {Default Queue} wl_registry#2.global(24, "xdg_activation_v1", 1)
[02:43:44.196022] {Default Queue}  -> wl_registry#2.bind(24, "xdg_activation_v1", 1, new id [unknown]#13)
[02:43:44.196024] {Default Queue} wl_registry#2.global(25, "ext_idle_notifier_v1", 2)
[02:43:44.196026] {Default Queue} wl_registry#2.global(26, "hyprland_lock_notifier_v1", 1)
[02:43:44.196029] {Default Queue} wl_registry#2.global(27, "ext_session_lock_manager_v1", 1)
[02:43:44.196031] {Default Queue} wl_registry#2.global(28, "zwp_input_method_manager_v2", 1)
[02:43:44.196033] {Default Queue} wl_registry#2.global(29, "zwp_virtual_keyboard_manager_v1", 1)
[02:43:44.196035] {Default Queue} wl_registry#2.global(30, "zwlr_virtual_pointer_manager_v1", 2)
[02:43:44.196037] {Default Queue} wl_registry#2.global(31, "zwlr_output_manager_v1", 4)
[02:43:44.196039] {Default Queue} wl_registry#2.global(32, "org_kde_kwin_server_decoration_manager", 1)
[02:43:44.196045] {Default Queue}  -> wl_registry#2.bind(32, "org_kde_kwin_server_decoration_manager", 1, new id [unknown]#14)
[02:43:44.196049] {Default Queue} wl_registry#2.global(33, "hyprland_focus_grab_manager_v1", 1)
[02:43:44.196052] {Default Queue} wl_registry#2.global(34, "zwp_tablet_manager_v2", 1)
[02:43:44.196054] {Default Queue}  -> wl_registry#2.bind(34, "zwp_tablet_manager_v2", 1, new id [unknown]#15)
[02:43:44.196057] {Default Queue} wl_registry#2.global(35, "zwlr_layer_shell_v1", 5)
[02:43:44.196059] {Default Queue} wl_registry#2.global(36, "wp_presentation", 2)
[02:43:44.196061] {Default Queue} wl_registry#2.global(37, "xdg_wm_base", 7)
[02:43:44.196063] {Default Queue} wl_registry#2.global(38, "zwlr_data_control_manager_v1", 2)
[02:43:44.196065] {Default Queue} wl_registry#2.global(39, "zwp_primary_selection_device_manager_v1", 1)
[02:43:44.196067] {Default Queue}  -> wl_registry#2.bind(39, "zwp_primary_selection_device_manager_v1", 1, new id [unknown]#16)
[02:43:44.196069] {Default Queue} wl_registry#2.global(40, "xwayland_shell_v1", 1)
[02:43:44.196072] {Default Queue} wl_registry#2.global(41, "hyprland_toplevel_mapping_manager_v1", 1)
[02:43:44.196074] {Default Queue} wl_registry#2.global(42, "hyprland_global_shortcuts_manager_v1", 1)
[02:43:44.196077] {Default Queue} wl_registry#2.global(43, "xdg_wm_dialog_v1", 1)
[02:43:44.196079] {Default Queue} wl_registry#2.global(44, "wp_single_pixel_buffer_manager_v1", 1)
[02:43:44.196081] {Default Queue} wl_registry#2.global(45, "wp_security_context_manager_v1", 1)
[02:43:44.196083] {Default Queue} wl_registry#2.global(46, "hyprland_ctm_control_manager_v1", 2)
[02:43:44.196085] {Default Queue} wl_registry#2.global(47, "hyprland_input_capture_manager_v1", 1)
[02:43:44.196088] {Default Queue} wl_registry#2.global(48, "hyprland_surface_manager_v1", 2)
[02:43:44.196090] {Default Queue} wl_registry#2.global(49, "wp_content_type_manager_v1", 1)
[02:43:44.196092] {Default Queue} wl_registry#2.global(50, "xdg_toplevel_tag_manager_v1", 1)
[02:43:44.196094] {Default Queue} wl_registry#2.global(51, "xdg_system_bell_v1", 1)
[02:43:44.196096] {Default Queue} wl_registry#2.global(52, "vicinae_hotkey_manager_v1", 1)
[02:43:44.196098] {Default Queue} wl_registry#2.global(53, "ext_workspace_manager_v1", 1)
[02:43:44.196100] {Default Queue} wl_registry#2.global(54, "ext_data_control_manager_v1", 1)
[02:43:44.196103] {Default Queue} wl_registry#2.global(55, "wp_pointer_warp_v1", 1)
[02:43:44.196105] {Default Queue} wl_registry#2.global(56, "wp_fifo_manager_v1", 1)
[02:43:44.196107] {Default Queue} wl_registry#2.global(57, "zxdg_exporter_v2", 1)
[02:43:44.196109] {Default Queue}  -> wl_registry#2.bind(57, "zxdg_exporter_v2", 1, new id [unknown]#17)
[02:43:44.196111] {Default Queue} wl_registry#2.global(58, "zxdg_importer_v2", 1)
[02:43:44.196114] {Default Queue}  -> wl_registry#2.bind(58, "zxdg_importer_v2", 1, new id [unknown]#18)
[02:43:44.196116] {Default Queue} wl_registry#2.global(59, "ext_background_effect_manager_v1", 1)
[02:43:44.196119] {Default Queue} wl_registry#2.global(60, "wp_commit_timing_manager_v1", 1)
[02:43:44.196121] {Default Queue} wl_registry#2.global(61, "zwlr_screencopy_manager_v1", 3)
[02:43:44.196124] {Default Queue} wl_registry#2.global(62, "hyprland_toplevel_export_manager_v1", 2)
[02:43:44.196127] {Default Queue} wl_registry#2.global(63, "ext_output_image_capture_source_manager_v1", 1)
[02:43:44.196129] {Default Queue} wl_registry#2.global(64, "ext_foreign_toplevel_image_capture_source_manager_v1", 1)
[02:43:44.196131] {Default Queue} wl_registry#2.global(65, "ext_image_copy_capture_manager_v1", 1)
[02:43:44.196133] {Default Queue} wl_registry#2.global(66, "wp_color_manager_v1", 3)
[02:43:44.196135] {Default Queue} wl_registry#2.global(67, "wl_drm", 2)
[02:43:44.196137] {Default Queue} wl_registry#2.global(68, "zwp_linux_dmabuf_v1", 5)
[02:43:44.196139] {Default Queue} wl_registry#2.global(69, "wl_output", 4)
[02:43:44.196141] {Default Queue}  -> wl_registry#2.bind(69, "wl_output", 2, new id [unknown]#19)
[02:43:44.196166] {Default Queue}  -> zxdg_output_manager_v1#8.get_xdg_output(new id zxdg_output_v1#20, wl_output#19)
[02:43:44.196171] {Default Queue}  -> wl_display#1.sync(new id wl_callback#21)
[02:43:44.196173] {Default Queue} wl_callback#3.done(11)
[02:43:44.196195] {Default Queue}  -> wl_shm#7.create_pool(new id wl_shm_pool#3, fd 10, 2304)
[02:43:44.196254] {Default Queue}  -> wl_shm_pool#3.resize(6912)
[02:43:44.196289] {Default Queue}  -> wl_shm_pool#3.resize(16128)
[02:43:44.196348] {Default Queue}  -> wl_shm_pool#3.resize(34560)
[02:43:44.196458] {Default Queue}  -> wl_shm_pool#3.resize(71424)
[02:43:44.196667] {Default Queue}  -> wl_shm_pool#3.resize(145152)
[02:43:44.197517] {Default Queue}  -> wl_shm_pool#3.resize(292608)
[02:43:44.198453] {Default Queue}  -> wl_shm_pool#3.resize(587520)
[02:43:44.201815] {Default Queue}  -> wl_registry#2.bind(1, "wl_seat", 5, new id [unknown]#22)
[02:43:44.203155] {Default Queue}  -> wl_compositor#5.create_surface(new id wl_surface#23)
[02:43:44.203166] {Default Queue}  -> zwp_primary_selection_device_manager_v1#16.get_device(new id zwp_primary_selection_device_v1#24, wl_seat#22)
[02:43:44.203172] {Default Queue}  -> wl_data_device_manager#4.get_data_device(new id wl_data_device#25, wl_seat#22)
[02:43:44.203209] {Default Queue}  -> wl_compositor#5.create_surface(new id wl_surface#26)
[02:43:44.203213] {Default Queue}  -> zwp_tablet_manager_v2#15.get_tablet_seat(new id zwp_tablet_seat_v2#27, wl_seat#22)
[02:43:44.203216] {Default Queue}  -> wl_display#1.sync(new id wl_callback#28)
[02:43:44.203466] {Display Queue} wl_display#1.delete_id(9)
[02:43:44.203470] {Display Queue} wl_display#1.delete_id(21)
[02:43:44.203472] {Display Queue} wl_display#1.delete_id(28)
[02:43:44.203474] {Default Queue} wl_shm#7.format(0)
[02:43:44.203476] {Default Queue} wl_shm#7.format(1)
[02:43:44.203478] {Default Queue} wl_shm#7.format(875709016)
[02:43:44.203480] {Default Queue} wl_shm#7.format(875708993)
[02:43:44.203481] {Default Queue} wl_shm#7.format(808669784)
[02:43:44.203483] {Default Queue} wl_shm#7.format(808669761)
[02:43:44.203485] {Default Queue} wl_shm#7.format(808665688)
[02:43:44.203487] {Default Queue} wl_shm#7.format(808665665)
[02:43:44.203488] {Default Queue} wl_callback#9.done(11)
[02:43:44.203490] {Default Queue} org_kde_kwin_server_decoration_manager#14.default_mode(2)
[02:43:44.203493] {Default Queue} wl_output#19.scale(1)
[02:43:44.203496] {Default Queue} wl_output#19.mode(1, 800, 600, 60000)
[02:43:44.203499] {Default Queue} wl_output#19.geometry(0, 0, 0, 0, 1, "", "", 0)
[02:43:44.203503] {Default Queue} wl_output#19.done()
[02:43:44.203514] {Default Queue} zxdg_output_v1#20.name("WAYLAND-1")
[02:43:44.203518] {Default Queue} zxdg_output_v1#20.logical_position(0, 0)
[02:43:44.203520] {Default Queue} zxdg_output_v1#20.logical_size(800, 600)
[02:43:44.203522] {Default Queue} wl_output#19.done()
[02:43:44.203525] {Default Queue} wl_callback#21.done(11)
[02:43:44.203527] {Default Queue} wl_seat#22.name("Hyprland")
[02:43:44.203529] {Default Queue} wl_seat#22.capabilities(3)
[02:43:44.203531] {Default Queue}  -> wl_seat#22.get_pointer(new id wl_pointer#21)
[02:43:44.203536] {Default Queue}  -> zwp_pointer_gestures_v1#11.get_swipe_gesture(new id zwp_pointer_gesture_swipe_v1#9, wl_pointer#21)
[02:43:44.203540] {Default Queue}  -> zwp_pointer_gestures_v1#11.get_pinch_gesture(new id zwp_pointer_gesture_pinch_v1#29, wl_pointer#21)
[02:43:44.203543] {Default Queue}  -> wp_cursor_shape_manager_v1#10.get_pointer(new id wp_cursor_shape_device_v1#30, wl_pointer#21)
[02:43:44.203547] {Default Queue}  -> wl_seat#22.get_keyboard(new id wl_keyboard#31)
[02:43:44.203552] {Default Queue} wl_callback#28.done(11)
[02:43:44.203554] {Default Queue}  -> wl_registry#2.bind(37, "xdg_wm_base", 6, new id [unknown]#28)
[02:43:44.216609] {Default Queue}  -> wl_display#1.get_registry(new id wl_registry#32)
[02:43:44.216629] {Default Queue}  -> wl_display#1.sync(new id wl_callback#33)
[02:43:44.216905] {Display Queue} wl_display#1.delete_id(33)
[02:43:44.216909] {Default Queue} wl_keyboard#31.keymap(1, fd 5, 35572)
[02:43:44.217555] {Default Queue} wl_keyboard#31.repeat_info(25, 600)
[02:43:44.217569] {Default Queue} wl_registry#32.global(1, "wl_seat", 9)
[02:43:44.217578] {Default Queue} wl_registry#32.global(2, "wl_data_device_manager", 3)
[02:43:44.217580] {Default Queue} wl_registry#32.global(3, "wl_compositor", 6)
[02:43:44.217582] {Default Queue} wl_registry#32.global(4, "wl_subcompositor", 1)
[02:43:44.217584] {Default Queue} wl_registry#32.global(5, "wl_shm", 2)
[02:43:44.217586] {Default Queue} wl_registry#32.global(6, "wp_viewporter", 1)
[02:43:44.217588] {Default Queue} wl_registry#32.global(7, "wp_tearing_control_manager_v1", 1)
[02:43:44.217590] {Default Queue} wl_registry#32.global(8, "wp_fractional_scale_manager_v1", 1)
[02:43:44.217592] {Default Queue} wl_registry#32.global(9, "zxdg_output_manager_v1", 3)
[02:43:44.217594] {Default Queue} wl_registry#32.global(10, "wp_cursor_shape_manager_v1", 2)
[02:43:44.217596] {Default Queue} wl_registry#32.global(11, "zwp_idle_inhibit_manager_v1", 1)
[02:43:44.217598] {Default Queue} wl_registry#32.global(12, "zwp_relative_pointer_manager_v1", 1)
[02:43:44.217600] {Default Queue} wl_registry#32.global(13, "zxdg_decoration_manager_v1", 2)
[02:43:44.217602] {Default Queue} wl_registry#32.global(14, "wp_alpha_modifier_v1", 1)
[02:43:44.217603] {Default Queue} wl_registry#32.global(15, "zwlr_gamma_control_manager_v1", 1)
[02:43:44.217605] {Default Queue} wl_registry#32.global(16, "ext_foreign_toplevel_list_v1", 1)
[02:43:44.217607] {Default Queue} wl_registry#32.global(17, "zwp_pointer_gestures_v1", 3)
[02:43:44.217609] {Default Queue} wl_registry#32.global(18, "zwlr_foreign_toplevel_manager_v1", 3)
[02:43:44.217611] {Default Queue} wl_registry#32.global(19, "zwp_keyboard_shortcuts_inhibit_manager_v1", 1)
[02:43:44.217613] {Default Queue} wl_registry#32.global(20, "zwp_text_input_manager_v1", 1)
[02:43:44.217615] {Default Queue} wl_registry#32.global(21, "zwp_text_input_manager_v3", 1)
[02:43:44.217617] {Default Queue} wl_registry#32.global(22, "zwp_pointer_constraints_v1", 1)
[02:43:44.217618] {Default Queue} wl_registry#32.global(23, "zwlr_output_power_manager_v1", 1)
[02:43:44.217620] {Default Queue} wl_registry#32.global(24, "xdg_activation_v1", 1)
[02:43:44.217622] {Default Queue} wl_registry#32.global(25, "ext_idle_notifier_v1", 2)
[02:43:44.217624] {Default Queue} wl_registry#32.global(26, "hyprland_lock_notifier_v1", 1)
[02:43:44.217626] {Default Queue} wl_registry#32.global(27, "ext_session_lock_manager_v1", 1)
[02:43:44.217628] {Default Queue} wl_registry#32.global(28, "zwp_input_method_manager_v2", 1)
[02:43:44.217630] {Default Queue} wl_registry#32.global(29, "zwp_virtual_keyboard_manager_v1", 1)
[02:43:44.217631] {Default Queue} wl_registry#32.global(30, "zwlr_virtual_pointer_manager_v1", 2)
[02:43:44.217633] {Default Queue} wl_registry#32.global(31, "zwlr_output_manager_v1", 4)
[02:43:44.217635] {Default Queue} wl_registry#32.global(32, "org_kde_kwin_server_decoration_manager", 1)
[02:43:44.217637] {Default Queue} wl_registry#32.global(33, "hyprland_focus_grab_manager_v1", 1)
[02:43:44.217639] {Default Queue} wl_registry#32.global(34, "zwp_tablet_manager_v2", 1)
[02:43:44.217641] {Default Queue} wl_registry#32.global(35, "zwlr_layer_shell_v1", 5)
[02:43:44.217643] {Default Queue}  -> wl_registry#32.bind(35, "zwlr_layer_shell_v1", 4, new id [unknown]#34)
[02:43:44.217646] {Default Queue} wl_registry#32.global(36, "wp_presentation", 2)
[02:43:44.217648] {Default Queue} wl_registry#32.global(37, "xdg_wm_base", 7)
[02:43:44.217650] {Default Queue}  -> wl_registry#32.bind(37, "xdg_wm_base", 7, new id [unknown]#35)
[02:43:44.217652] {Default Queue} wl_registry#32.global(38, "zwlr_data_control_manager_v1", 2)
[02:43:44.217654] {Default Queue} wl_registry#32.global(39, "zwp_primary_selection_device_manager_v1", 1)
[02:43:44.217656] {Default Queue} wl_registry#32.global(40, "xwayland_shell_v1", 1)
[02:43:44.217658] {Default Queue} wl_registry#32.global(41, "hyprland_toplevel_mapping_manager_v1", 1)
[02:43:44.217660] {Default Queue} wl_registry#32.global(42, "hyprland_global_shortcuts_manager_v1", 1)
[02:43:44.217664] {Default Queue} wl_registry#32.global(43, "xdg_wm_dialog_v1", 1)
[02:43:44.217667] {Default Queue} wl_registry#32.global(44, "wp_single_pixel_buffer_manager_v1", 1)
[02:43:44.217670] {Default Queue} wl_registry#32.global(45, "wp_security_context_manager_v1", 1)
[02:43:44.217672] {Default Queue} wl_registry#32.global(46, "hyprland_ctm_control_manager_v1", 2)
[02:43:44.217673] {Default Queue} wl_registry#32.global(47, "hyprland_input_capture_manager_v1", 1)
[02:43:44.217675] {Default Queue} wl_registry#32.global(48, "hyprland_surface_manager_v1", 2)
[02:43:44.217677] {Default Queue} wl_registry#32.global(49, "wp_content_type_manager_v1", 1)
[02:43:44.217679] {Default Queue} wl_registry#32.global(50, "xdg_toplevel_tag_manager_v1", 1)
[02:43:44.217681] {Default Queue} wl_registry#32.global(51, "xdg_system_bell_v1", 1)
[02:43:44.217683] {Default Queue} wl_registry#32.global(52, "vicinae_hotkey_manager_v1", 1)
[02:43:44.217685] {Default Queue} wl_registry#32.global(53, "ext_workspace_manager_v1", 1)
[02:43:44.217687] {Default Queue} wl_registry#32.global(54, "ext_data_control_manager_v1", 1)
[02:43:44.217688] {Default Queue} wl_registry#32.global(55, "wp_pointer_warp_v1", 1)
[02:43:44.217690] {Default Queue} wl_registry#32.global(56, "wp_fifo_manager_v1", 1)
[02:43:44.217692] {Default Queue} wl_registry#32.global(57, "zxdg_exporter_v2", 1)
[02:43:44.217694] {Default Queue} wl_registry#32.global(58, "zxdg_importer_v2", 1)
[02:43:44.217696] {Default Queue} wl_registry#32.global(59, "ext_background_effect_manager_v1", 1)
[02:43:44.217698] {Default Queue} wl_registry#32.global(60, "wp_commit_timing_manager_v1", 1)
[02:43:44.217700] {Default Queue} wl_registry#32.global(61, "zwlr_screencopy_manager_v1", 3)
[02:43:44.217702] {Default Queue} wl_registry#32.global(62, "hyprland_toplevel_export_manager_v1", 2)
[02:43:44.217704] {Default Queue} wl_registry#32.global(63, "ext_output_image_capture_source_manager_v1", 1)
[02:43:44.217706] {Default Queue} wl_registry#32.global(64, "ext_foreign_toplevel_image_capture_source_manager_v1", 1)
[02:43:44.217708] {Default Queue} wl_registry#32.global(65, "ext_image_copy_capture_manager_v1", 1)
[02:43:44.217710] {Default Queue} wl_registry#32.global(66, "wp_color_manager_v1", 3)
[02:43:44.217712] {Default Queue} wl_registry#32.global(67, "wl_drm", 2)
[02:43:44.217715] {Default Queue} wl_registry#32.global(68, "zwp_linux_dmabuf_v1", 5)
[02:43:44.217717] {Default Queue} wl_registry#32.global(69, "wl_output", 4)
[02:43:44.217719] {Default Queue} wl_callback#33.done(11)
[02:43:44.239628] {Default Queue}  -> wl_compositor#5.create_surface(new id wl_surface#33)
[02:43:44.239923] {mesa egl display queue}  -> wl_display#1.get_registry(new id wl_registry#36)
[02:43:44.239931] {mesa egl display queue}  -> wl_display#1.sync(new id wl_callback#37)
[02:43:44.240275] {Display Queue} wl_display#1.delete_id(37)
[02:43:44.240289] {mesa egl display queue} wl_registry#36.global(1, "wl_seat", 9)
[02:43:44.240293] {mesa egl display queue} wl_registry#36.global(2, "wl_data_device_manager", 3)
[02:43:44.240296] {mesa egl display queue} wl_registry#36.global(3, "wl_compositor", 6)
[02:43:44.240298] {mesa egl display queue} wl_registry#36.global(4, "wl_subcompositor", 1)
[02:43:44.240300] {mesa egl display queue} wl_registry#36.global(5, "wl_shm", 2)
[02:43:44.240302] {mesa egl display queue} wl_registry#36.global(6, "wp_viewporter", 1)
[02:43:44.240304] {mesa egl display queue} wl_registry#36.global(7, "wp_tearing_control_manager_v1", 1)
[02:43:44.240305] {mesa egl display queue} wl_registry#36.global(8, "wp_fractional_scale_manager_v1", 1)
[02:43:44.240307] {mesa egl display queue} wl_registry#36.global(9, "zxdg_output_manager_v1", 3)
[02:43:44.240309] {mesa egl display queue} wl_registry#36.global(10, "wp_cursor_shape_manager_v1", 2)
[02:43:44.240311] {mesa egl display queue} wl_registry#36.global(11, "zwp_idle_inhibit_manager_v1", 1)
[02:43:44.240313] {mesa egl display queue} wl_registry#36.global(12, "zwp_relative_pointer_manager_v1", 1)
[02:43:44.240315] {mesa egl display queue} wl_registry#36.global(13, "zxdg_decoration_manager_v1", 2)
[02:43:44.240322] {mesa egl display queue} wl_registry#36.global(14, "wp_alpha_modifier_v1", 1)
[02:43:44.240332] {mesa egl display queue} wl_registry#36.global(15, "zwlr_gamma_control_manager_v1", 1)
[02:43:44.240333] {mesa egl display queue} wl_registry#36.global(16, "ext_foreign_toplevel_list_v1", 1)
[02:43:44.240335] {mesa egl display queue} wl_registry#36.global(17, "zwp_pointer_gestures_v1", 3)
[02:43:44.240337] {mesa egl display queue} wl_registry#36.global(18, "zwlr_foreign_toplevel_manager_v1", 3)
[02:43:44.240339] {mesa egl display queue} wl_registry#36.global(19, "zwp_keyboard_shortcuts_inhibit_manager_v1", 1)
[02:43:44.240341] {mesa egl display queue} wl_registry#36.global(20, "zwp_text_input_manager_v1", 1)
[02:43:44.240343] {mesa egl display queue} wl_registry#36.global(21, "zwp_text_input_manager_v3", 1)
[02:43:44.240344] {mesa egl display queue} wl_registry#36.global(22, "zwp_pointer_constraints_v1", 1)
[02:43:44.240346] {mesa egl display queue} wl_registry#36.global(23, "zwlr_output_power_manager_v1", 1)
[02:43:44.240348] {mesa egl display queue} wl_registry#36.global(24, "xdg_activation_v1", 1)
[02:43:44.240350] {mesa egl display queue} wl_registry#36.global(25, "ext_idle_notifier_v1", 2)
[02:43:44.240352] {mesa egl display queue} wl_registry#36.global(26, "hyprland_lock_notifier_v1", 1)
[02:43:44.240354] {mesa egl display queue} wl_registry#36.global(27, "ext_session_lock_manager_v1", 1)
[02:43:44.240356] {mesa egl display queue} wl_registry#36.global(28, "zwp_input_method_manager_v2", 1)
[02:43:44.240357] {mesa egl display queue} wl_registry#36.global(29, "zwp_virtual_keyboard_manager_v1", 1)
[02:43:44.240359] {mesa egl display queue} wl_registry#36.global(30, "zwlr_virtual_pointer_manager_v1", 2)
[02:43:44.240361] {mesa egl display queue} wl_registry#36.global(31, "zwlr_output_manager_v1", 4)
[02:43:44.240363] {mesa egl display queue} wl_registry#36.global(32, "org_kde_kwin_server_decoration_manager", 1)
[02:43:44.240365] {mesa egl display queue} wl_registry#36.global(33, "hyprland_focus_grab_manager_v1", 1)
[02:43:44.240367] {mesa egl display queue} wl_registry#36.global(34, "zwp_tablet_manager_v2", 1)
[02:43:44.240368] {mesa egl display queue} wl_registry#36.global(35, "zwlr_layer_shell_v1", 5)
[02:43:44.240370] {mesa egl display queue} wl_registry#36.global(36, "wp_presentation", 2)
[02:43:44.240373] {mesa egl display queue}  -> wl_registry#36.bind(36, "wp_presentation", 1, new id [unknown]#38)
[02:43:44.240376] {mesa egl display queue} wl_registry#36.global(37, "xdg_wm_base", 7)
[02:43:44.240378] {mesa egl display queue} wl_registry#36.global(38, "zwlr_data_control_manager_v1", 2)
[02:43:44.240380] {mesa egl display queue} wl_registry#36.global(39, "zwp_primary_selection_device_manager_v1", 1)
[02:43:44.240382] {mesa egl display queue} wl_registry#36.global(40, "xwayland_shell_v1", 1)
[02:43:44.240383] {mesa egl display queue} wl_registry#36.global(41, "hyprland_toplevel_mapping_manager_v1", 1)
[02:43:44.240385] {mesa egl display queue} wl_registry#36.global(42, "hyprland_global_shortcuts_manager_v1", 1)
[02:43:44.240387] {mesa egl display queue} wl_registry#36.global(43, "xdg_wm_dialog_v1", 1)
[02:43:44.240389] {mesa egl display queue} wl_registry#36.global(44, "wp_single_pixel_buffer_manager_v1", 1)
[02:43:44.240391] {mesa egl display queue} wl_registry#36.global(45, "wp_security_context_manager_v1", 1)
[02:43:44.240393] {mesa egl display queue} wl_registry#36.global(46, "hyprland_ctm_control_manager_v1", 2)
[02:43:44.240395] {mesa egl display queue} wl_registry#36.global(47, "hyprland_input_capture_manager_v1", 1)
[02:43:44.240397] {mesa egl display queue} wl_registry#36.global(48, "hyprland_surface_manager_v1", 2)
[02:43:44.240398] {mesa egl display queue} wl_registry#36.global(49, "wp_content_type_manager_v1", 1)
[02:43:44.240400] {mesa egl display queue} wl_registry#36.global(50, "xdg_toplevel_tag_manager_v1", 1)
[02:43:44.240402] {mesa egl display queue} wl_registry#36.global(51, "xdg_system_bell_v1", 1)
[02:43:44.240405] {mesa egl display queue} wl_registry#36.global(52, "vicinae_hotkey_manager_v1", 1)
[02:43:44.240408] {mesa egl display queue} wl_registry#36.global(53, "ext_workspace_manager_v1", 1)
[02:43:44.240410] {mesa egl display queue} wl_registry#36.global(54, "ext_data_control_manager_v1", 1)
[02:43:44.240412] {mesa egl display queue} wl_registry#36.global(55, "wp_pointer_warp_v1", 1)
[02:43:44.240413] {mesa egl display queue} wl_registry#36.global(56, "wp_fifo_manager_v1", 1)
[02:43:44.240415] {mesa egl display queue} wl_registry#36.global(57, "zxdg_exporter_v2", 1)
[02:43:44.240417] {mesa egl display queue} wl_registry#36.global(58, "zxdg_importer_v2", 1)
[02:43:44.240418] {mesa egl display queue} wl_registry#36.global(59, "ext_background_effect_manager_v1", 1)
[02:43:44.240420] {mesa egl display queue} wl_registry#36.global(60, "wp_commit_timing_manager_v1", 1)
[02:43:44.240422] {mesa egl display queue} wl_registry#36.global(61, "zwlr_screencopy_manager_v1", 3)
[02:43:44.240423] {mesa egl display queue} wl_registry#36.global(62, "hyprland_toplevel_export_manager_v1", 2)
[02:43:44.240425] {mesa egl display queue} wl_registry#36.global(63, "ext_output_image_capture_source_manager_v1", 1)
[02:43:44.240427] {mesa egl display queue} wl_registry#36.global(64, "ext_foreign_toplevel_image_capture_source_manager_v1", 1)
[02:43:44.240428] {mesa egl display queue} wl_registry#36.global(65, "ext_image_copy_capture_manager_v1", 1)
[02:43:44.240430] {mesa egl display queue} wl_registry#36.global(66, "wp_color_manager_v1", 3)
[02:43:44.240431] {mesa egl display queue} wl_registry#36.global(67, "wl_drm", 2)
[02:43:44.240433] {mesa egl display queue} wl_registry#36.global(68, "zwp_linux_dmabuf_v1", 5)
[02:43:44.240435] {mesa egl display queue}  -> wl_registry#36.bind(68, "zwp_linux_dmabuf_v1", 4, new id [unknown]#39)
[02:43:44.240437] {mesa egl display queue} wl_registry#36.global(69, "wl_output", 4)
[02:43:44.240439] {mesa egl display queue} wl_callback#37.done(11)
[02:43:44.240442] {mesa egl display queue}  -> zwp_linux_dmabuf_v1#39.get_default_feedback(new id zwp_linux_dmabuf_feedback_v1#37)
[02:43:44.240445] {mesa egl display queue}  -> wl_display#1.sync(new id wl_callback#40)
[02:43:44.240730] {Display Queue} wl_display#1.delete_id(40)
[02:43:44.240742] {mesa egl display queue} wp_presentation#38.clock_id(1)
[02:43:44.240746] {mesa egl display queue} zwp_linux_dmabuf_feedback_v1#37.format_table(fd 11, 2960)
[02:43:44.240756] {mesa egl display queue} zwp_linux_dmabuf_feedback_v1#37.main_device(array[8])
[02:43:44.241017] {mesa egl display queue} zwp_linux_dmabuf_feedback_v1#37.tranche_target_device(array[8])
[02:43:44.241024] {mesa egl display queue} zwp_linux_dmabuf_feedback_v1#37.tranche_flags(0)
[02:43:44.241026] {mesa egl display queue} zwp_linux_dmabuf_feedback_v1#37.tranche_formats(array[370])
[02:43:44.241033] {mesa egl display queue} zwp_linux_dmabuf_feedback_v1#37.tranche_done()
[02:43:44.241035] {mesa egl display queue} zwp_linux_dmabuf_feedback_v1#37.done()
[02:43:44.241037] {mesa egl display queue} wl_callback#40.done(11)
[02:43:44.241039] {mesa egl display queue}  -> zwp_linux_dmabuf_feedback_v1#37.destroy()
[02:43:44.252741] {Default Queue}  -> wl_surface#33.destroy()
[02:43:44.252842] {Default Queue}  -> wl_compositor#5.create_surface(new id wl_surface#40)
[02:43:44.257311] {Default Queue}  -> wl_surface#40.destroy()
[02:43:44.259035] {Default Queue}  -> wl_compositor#5.create_surface(new id wl_surface#41)
[02:43:44.259402] {Default Queue}  -> wl_display#1.get_registry(new id wl_registry#42)
[02:43:44.259450] {Default Queue}  -> wl_surface#41.attach(nil, 0, 0)
[02:43:44.259456] {Default Queue}  -> zwlr_layer_shell_v1#34.get_layer_surface(new id zwlr_layer_surface_v1#43, wl_surface#41, nil, 2, "elm-shell-recovery-v17")
[02:43:44.259461] {Default Queue}  -> zwlr_layer_surface_v1#43.set_keyboard_interactivity(0)
[02:43:44.259463] {Default Queue}  -> zwlr_layer_surface_v1#43.set_exclusive_zone(48)
[02:43:44.259465] {Default Queue}  -> zwlr_layer_surface_v1#43.set_anchor(13)
[02:43:44.259467] {Default Queue}  -> zwlr_layer_surface_v1#43.set_margin(0, 0, 0, 0)
[02:43:44.259474] {Default Queue}  -> zwlr_layer_surface_v1#43.set_size(0, 48)
[02:43:44.259484] {Default Queue}  -> wl_surface#41.commit()
[02:43:44.259487] {Default Queue}  -> wl_display#1.sync(new id wl_callback#44)
[02:43:44.259900] {Display Queue} wl_display#1.delete_id(37)
[02:43:44.259903] {Display Queue} wl_display#1.delete_id(33)
[02:43:44.259906] {Display Queue} wl_display#1.delete_id(40)
[02:43:44.259907] {Display Queue} wl_display#1.delete_id(44)
[02:43:44.259909] {Default Queue} wl_registry#42.global(1, "wl_seat", 9)
[02:43:44.259911] {Default Queue} wl_registry#42.global(2, "wl_data_device_manager", 3)
[02:43:44.259913] {Default Queue} wl_registry#42.global(3, "wl_compositor", 6)
[02:43:44.259915] {Default Queue} wl_registry#42.global(4, "wl_subcompositor", 1)
[02:43:44.259916] {Default Queue} wl_registry#42.global(5, "wl_shm", 2)
[02:43:44.259918] {Default Queue} wl_registry#42.global(6, "wp_viewporter", 1)
[02:43:44.259919] {Default Queue} wl_registry#42.global(7, "wp_tearing_control_manager_v1", 1)
[02:43:44.259921] {Default Queue} wl_registry#42.global(8, "wp_fractional_scale_manager_v1", 1)
[02:43:44.259923] {Default Queue} wl_registry#42.global(9, "zxdg_output_manager_v1", 3)
[02:43:44.259924] {Default Queue} wl_registry#42.global(10, "wp_cursor_shape_manager_v1", 2)
[02:43:44.259926] {Default Queue} wl_registry#42.global(11, "zwp_idle_inhibit_manager_v1", 1)
[02:43:44.259928] {Default Queue} wl_registry#42.global(12, "zwp_relative_pointer_manager_v1", 1)
[02:43:44.259929] {Default Queue} wl_registry#42.global(13, "zxdg_decoration_manager_v1", 2)
[02:43:44.259931] {Default Queue} wl_registry#42.global(14, "wp_alpha_modifier_v1", 1)
[02:43:44.259932] {Default Queue} wl_registry#42.global(15, "zwlr_gamma_control_manager_v1", 1)
[02:43:44.259934] {Default Queue} wl_registry#42.global(16, "ext_foreign_toplevel_list_v1", 1)
[02:43:44.259936] {Default Queue} wl_registry#42.global(17, "zwp_pointer_gestures_v1", 3)
[02:43:44.259937] {Default Queue} wl_registry#42.global(18, "zwlr_foreign_toplevel_manager_v1", 3)
[02:43:44.259939] {Default Queue} wl_registry#42.global(19, "zwp_keyboard_shortcuts_inhibit_manager_v1", 1)
[02:43:44.259940] {Default Queue} wl_registry#42.global(20, "zwp_text_input_manager_v1", 1)
[02:43:44.259942] {Default Queue} wl_registry#42.global(21, "zwp_text_input_manager_v3", 1)
[02:43:44.259944] {Default Queue}  -> wl_registry#42.bind(21, "zwp_text_input_manager_v3", 1, new id [unknown]#40)
[02:43:44.259946] {Default Queue}  -> zwp_text_input_manager_v3#40.get_text_input(new id zwp_text_input_v3#33, wl_seat#22)
[02:43:44.259948] {Default Queue} wl_registry#42.global(22, "zwp_pointer_constraints_v1", 1)
[02:43:44.259950] {Default Queue} wl_registry#42.global(23, "zwlr_output_power_manager_v1", 1)
[02:43:44.259952] {Default Queue} wl_registry#42.global(24, "xdg_activation_v1", 1)
[02:43:44.259953] {Default Queue} wl_registry#42.global(25, "ext_idle_notifier_v1", 2)
[02:43:44.259955] {Default Queue} wl_registry#42.global(26, "hyprland_lock_notifier_v1", 1)
[02:43:44.259957] {Default Queue} wl_registry#42.global(27, "ext_session_lock_manager_v1", 1)
[02:43:44.259958] {Default Queue} wl_registry#42.global(28, "zwp_input_method_manager_v2", 1)
[02:43:44.259960] {Default Queue} wl_registry#42.global(29, "zwp_virtual_keyboard_manager_v1", 1)
[02:43:44.259961] {Default Queue} wl_registry#42.global(30, "zwlr_virtual_pointer_manager_v1", 2)
[02:43:44.259963] {Default Queue} wl_registry#42.global(31, "zwlr_output_manager_v1", 4)
[02:43:44.259965] {Default Queue} wl_registry#42.global(32, "org_kde_kwin_server_decoration_manager", 1)
[02:43:44.259966] {Default Queue} wl_registry#42.global(33, "hyprland_focus_grab_manager_v1", 1)
[02:43:44.259968] {Default Queue} wl_registry#42.global(34, "zwp_tablet_manager_v2", 1)
[02:43:44.259969] {Default Queue} wl_registry#42.global(35, "zwlr_layer_shell_v1", 5)
[02:43:44.259971] {Default Queue} wl_registry#42.global(36, "wp_presentation", 2)
[02:43:44.259973] {Default Queue} wl_registry#42.global(37, "xdg_wm_base", 7)
[02:43:44.259976] {Default Queue} wl_registry#42.global(38, "zwlr_data_control_manager_v1", 2)
[02:43:44.259979] {Default Queue} wl_registry#42.global(39, "zwp_primary_selection_device_manager_v1", 1)
[02:43:44.259981] {Default Queue} wl_registry#42.global(40, "xwayland_shell_v1", 1)
[02:43:44.259982] {Default Queue} wl_registry#42.global(41, "hyprland_toplevel_mapping_manager_v1", 1)
[02:43:44.259984] {Default Queue} wl_registry#42.global(42, "hyprland_global_shortcuts_manager_v1", 1)
[02:43:44.259985] {Default Queue} wl_registry#42.global(43, "xdg_wm_dialog_v1", 1)
[02:43:44.259987] {Default Queue} wl_registry#42.global(44, "wp_single_pixel_buffer_manager_v1", 1)
[02:43:44.259989] {Default Queue} wl_registry#42.global(45, "wp_security_context_manager_v1", 1)
[02:43:44.259990] {Default Queue} wl_registry#42.global(46, "hyprland_ctm_control_manager_v1", 2)
[02:43:44.259992] {Default Queue} wl_registry#42.global(47, "hyprland_input_capture_manager_v1", 1)
[02:43:44.259994] {Default Queue} wl_registry#42.global(48, "hyprland_surface_manager_v1", 2)
[02:43:44.259996] {Default Queue} wl_registry#42.global(49, "wp_content_type_manager_v1", 1)
[02:43:44.259998] {Default Queue} wl_registry#42.global(50, "xdg_toplevel_tag_manager_v1", 1)
[02:43:44.260000] {Default Queue} wl_registry#42.global(51, "xdg_system_bell_v1", 1)
[02:43:44.260001] {Default Queue} wl_registry#42.global(52, "vicinae_hotkey_manager_v1", 1)
[02:43:44.260003] {Default Queue} wl_registry#42.global(53, "ext_workspace_manager_v1", 1)
[02:43:44.260004] {Default Queue} wl_registry#42.global(54, "ext_data_control_manager_v1", 1)
[02:43:44.260006] {Default Queue} wl_registry#42.global(55, "wp_pointer_warp_v1", 1)
[02:43:44.260008] {Default Queue} wl_registry#42.global(56, "wp_fifo_manager_v1", 1)
[02:43:44.260010] {Default Queue} wl_registry#42.global(57, "zxdg_exporter_v2", 1)
[02:43:44.260012] {Default Queue} wl_registry#42.global(58, "zxdg_importer_v2", 1)
[02:43:44.260014] {Default Queue} wl_registry#42.global(59, "ext_background_effect_manager_v1", 1)
[02:43:44.260016] {Default Queue} wl_registry#42.global(60, "wp_commit_timing_manager_v1", 1)
[02:43:44.260018] {Default Queue} wl_registry#42.global(61, "zwlr_screencopy_manager_v1", 3)
[02:43:44.260020] {Default Queue} wl_registry#42.global(62, "hyprland_toplevel_export_manager_v1", 2)
[02:43:44.260021] {Default Queue} wl_registry#42.global(63, "ext_output_image_capture_source_manager_v1", 1)
[02:43:44.260023] {Default Queue} wl_registry#42.global(64, "ext_foreign_toplevel_image_capture_source_manager_v1", 1)
[02:43:44.260026] {Default Queue} wl_registry#42.global(65, "ext_image_copy_capture_manager_v1", 1)
[02:43:44.260028] {Default Queue} wl_registry#42.global(66, "wp_color_manager_v1", 3)
[02:43:44.260030] {Default Queue} wl_registry#42.global(67, "wl_drm", 2)
[02:43:44.260032] {Default Queue} wl_registry#42.global(68, "zwp_linux_dmabuf_v1", 5)
[02:43:44.260034] {Default Queue} wl_registry#42.global(69, "wl_output", 4)
[02:43:44.260036] {Default Queue} zwlr_layer_surface_v1#43.configure(12, 800, 48)
[02:43:44.260038] {Default Queue}  -> zwlr_layer_surface_v1#43.ack_configure(12)
[02:43:44.260040] {Default Queue} wl_callback#44.done(14)
surface-policy: bar-exclusive=48 bar-keyboard=none popup-modal=1 single-controller=1
[02:43:44.269875] {Default Queue}  -> wl_surface#41.commit()
host-start: layer=1 sandbox=1 acceleration-policy=always experimental-effects=1
[02:43:44.277780] {Default Queue} zwlr_layer_surface_v1#43.configure(15, 800, 48)
[02:43:44.277792] {Default Queue}  -> zwlr_layer_surface_v1#43.ack_configure(15)
[02:43:44.281463] {Default Queue}  -> wl_surface#41.set_buffer_scale(1)
[02:43:44.281559] {Default Queue}  -> wl_shm#7.create_pool(new id wl_shm_pool#44, fd 26, 153600)
[02:43:44.281571] {Default Queue}  -> wl_shm_pool#44.create_buffer(new id wl_buffer#37, 0, 800, 48, 3200, 0)
[02:43:44.281678] {Default Queue}  -> wl_surface#41.attach(wl_buffer#37, 0, 0)
[02:43:44.281684] {Default Queue}  -> wl_surface#41.set_buffer_scale(1)
[02:43:44.281687] {Default Queue}  -> wl_surface#41.damage(0, 0, 800, 48)
[02:43:44.281696] {Default Queue}  -> wl_compositor#5.create_region(new id wl_region#45)
[02:43:44.281707] {Default Queue}  -> wl_region#45.add(0, 0, 800, 48)
[02:43:44.281710] {Default Queue}  -> wl_surface#41.set_opaque_region(wl_region#45)
[02:43:44.281713] {Default Queue}  -> wl_region#45.destroy()
[02:43:44.281715] {Default Queue}  -> wl_surface#41.set_input_region(nil)
[02:43:44.281721] {Default Queue}  -> wl_surface#41.frame(new id wl_callback#46)
[02:43:44.281724] {Default Queue}  -> wl_surface#41.commit()
[02:43:44.282008] {Display Queue} wl_display#1.delete_id(45)
[02:43:44.282013] {Display Queue} wl_display#1.delete_id(46)
[02:43:44.282016] {Default Queue} wl_callback#46.done(49928924)
[02:43:44.282019] {Default Queue} wl_surface#41.enter(wl_output#19)
[02:43:44.282022] {Default Queue} wl_buffer#37.release()

** (process:2): WARNING **: 20:43:44.365: Failed to get atspi registered event listeners: GDBus.Error:org.freedesktop.DBus.Error.NameHasNoOwner: Could not activate remote peer 'org.a11y.atspi.Registry': unit failed


** (process:2): WARNING **: 20:43:44.371: Failed to get atspi registered event listeners: GDBus.Error:org.freedesktop.DBus.Error.NameHasNoOwner: Could not activate remote peer 'org.a11y.atspi.Registry': unit failed

[02:43:44.372093] {Default Queue}  -> wl_surface#41.set_buffer_scale(1)
[02:43:44.372113] {mesa egl surface queue}  -> zwp_linux_dmabuf_v1#39.get_surface_feedback(new id zwp_linux_dmabuf_feedback_v1#46, wl_surface#41)
[02:43:44.372122] {mesa egl display queue}  -> wl_display#1.sync(new id wl_callback#45)
[02:43:44.372327] {Display Queue} wl_display#1.delete_id(45)
[02:43:44.372332] {mesa egl display queue} wl_callback#45.done(15)
[02:43:44.372340] {mesa egl surface queue} zwp_linux_dmabuf_feedback_v1#46.format_table(fd 38, 2960)
[02:43:44.372348] {mesa egl surface queue} zwp_linux_dmabuf_feedback_v1#46.main_device(array[8])
[02:43:44.372350] {mesa egl surface queue} zwp_linux_dmabuf_feedback_v1#46.tranche_target_device(array[8])
[02:43:44.372352] {mesa egl surface queue} zwp_linux_dmabuf_feedback_v1#46.tranche_flags(0)
[02:43:44.372355] {mesa egl surface queue} zwp_linux_dmabuf_feedback_v1#46.tranche_formats(array[370])
[02:43:44.372359] {mesa egl surface queue} zwp_linux_dmabuf_feedback_v1#46.tranche_done()
[02:43:44.372362] {mesa egl surface queue} zwp_linux_dmabuf_feedback_v1#46.done()
[02:43:44.375333] {Default Queue}  -> wl_surface#41.attach(wl_buffer#37, 0, 0)
[02:43:44.375345] {Default Queue}  -> wl_surface#41.set_buffer_scale(1)
[02:43:44.375348] {Default Queue}  -> wl_surface#41.damage(0, 0, 800, 48)
[02:43:44.375360] {Default Queue}  -> wl_surface#41.frame(new id wl_callback#45)
[02:43:44.375364] {Default Queue}  -> wl_surface#41.commit()
surface-report: origin=bar {"kind":"surface-report","body":{"buttons":[],"focus":"","text":""}}
[02:43:44.378406] {Default Queue} wl_buffer#37.release()
[02:43:44.380380] {Display Queue} wl_display#1.delete_id(45)
[02:43:44.380418] {Default Queue} wl_callback#45.done(49929022)
[02:43:44.387422] {Default Queue}  -> wl_buffer#37.destroy()
[02:43:44.387431] {Default Queue}  -> wl_shm_pool#44.destroy()
[02:43:44.392286] {mesa egl display queue}  -> zwp_linux_dmabuf_v1#39.create_params(new id zwp_linux_buffer_params_v1#45)
[02:43:44.392310] {mesa egl surface queue}  -> zwp_linux_buffer_params_v1#45.add(fd 42, 0, 0, 3584, 16777216, 15)
[02:43:44.392317] {mesa egl surface queue}  -> zwp_linux_buffer_params_v1#45.add(fd 43, 1, 229376, 448, 16777216, 15)
[02:43:44.392321] {mesa egl surface queue}  -> zwp_linux_buffer_params_v1#45.add(fd 44, 2, 233472, 64, 16777216, 15)
[02:43:44.392324] {mesa egl surface queue}  -> zwp_linux_buffer_params_v1#45.create_immed(new id wl_buffer#47, 800, 48, 875713089, 0)
[02:43:44.392329] {mesa egl surface queue}  -> zwp_linux_buffer_params_v1#45.destroy()
[02:43:44.392332] {mesa egl surface queue}  -> wl_surface#41.attach(wl_buffer#47, 0, 0)
[02:43:44.392335] {mesa egl surface queue}  -> wl_surface#41.damage(0, 0, 2147483647, 2147483647)
[02:43:44.392338] {mesa egl surface queue}  -> wl_surface#41.commit()
[02:43:44.392347] {mesa egl surface queue}  -> wl_display#1.sync(new id wl_callback#48)
[02:43:44.392512] discarded [unknown]#37.[event 0](0 fd, 8 byte)
[02:43:44.392520] {Display Queue} wl_display#1.delete_id(37)
[02:43:44.392524] {Display Queue} wl_display#1.delete_id(44)
[02:43:44.392527] {Display Queue} wl_display#1.delete_id(45)
[02:43:44.392529] {Display Queue} wl_display#1.delete_id(48)
backend-frame: {"protocolVersion":3,"kind":"attached","binding":{"lifetime":"16814767250456520815","session":"7150631365157916282","frontend":"1"},"compositor":{"pid":3334870,"instance":"efb50993780079460b0cbed1363e2166a2de1d9f_1791081822_246973544","coreHash":"efb50993780079460b0cbed1363e2166a2de1d9f_aq_0.15_hu_0.14_hg_0.5_hc_0.1_hlg_0.6"},"capabilities":{"observe":true,"effects":true,"minimizedState":true,"effectProtocol":1,"operations":["minimize","restore","activate"],"canonicalScene":false,"taskbarProjectionProtocol":1,"effectInvalidationProtocol":1}}
frontend-request: {"protocolVersion":3,"kind":"projection-request","binding":{"lifetime":"16814767250456520815","session":"7150631365157916282","frontend":"1"},"requestId":"1"}
surface-commit: publication=1 lease=0 open=0
backend-frame: {"protocolVersion":3,"kind":"action-projection","binding":{"lifetime":"16814767250456520815","session":"7150631365157916282","frontend":"1"},"requestId":"1","context":{"lifetime":"16814767250456520815","epoch":"1","output":"1","revision":"1"},"scene":{"revision":"1","focused":"2","windows":[{"incarnation":"2","application":"GTK Application","label":"ELM-AUTHORITY-FIXTURE","minimized":false,"owner":null,"available":true},{"incarnation":"1","application":"GTK Application","label":"ELM-ACTIVATION-PEER","minimized":false,"owner":null,"available":true}]}}
surface-commit: publication=2 lease=0 open=0
surface-report: origin=bar {"kind":"surface-report","body":{"buttons":[{"id":"applications:{\"lifetime\":\"16814767250456520815\",\"session\":\"7150631365157916282\",\"frontend\":\"1\"}:1:control:opener","label":"Applications","disabled":false,"x":3,"y":3,"width":112.28125,"height":36},{"id":"group:{\"lifetime\":\"16814767250456520815\",\"session\":\"7150631365157916282\",\"frontend\":\"1\"}:1:1:application:GTK Application","label":"ELM-ACTIVATION-PEER2","disabled":false,"x":121.28125,"y":3,"width":215.65625,"height":36}],"focus":"","text":"ApplicationsELM-ACTIVATION-PEER2Connected"}}
[02:43:44.463521] {mesa egl surface queue} wl_callback#48.done(15)
[02:43:44.463788] {mesa egl display queue}  -> zwp_linux_dmabuf_v1#39.create_params(new id zwp_linux_buffer_params_v1#48)
[02:43:44.463801] {mesa egl surface queue}  -> zwp_linux_buffer_params_v1#48.add(fd 42, 0, 0, 3584, 16777216, 15)
[02:43:44.463805] {mesa egl surface queue}  -> zwp_linux_buffer_params_v1#48.add(fd 43, 1, 229376, 448, 16777216, 15)
[02:43:44.463808] {mesa egl surface queue}  -> zwp_linux_buffer_params_v1#48.add(fd 44, 2, 233472, 64, 16777216, 15)
[02:43:44.463810] {mesa egl surface queue}  -> zwp_linux_buffer_params_v1#48.create_immed(new id wl_buffer#45, 800, 48, 875713089, 0)
[02:43:44.463813] {mesa egl surface queue}  -> zwp_linux_buffer_params_v1#48.destroy()
[02:43:44.463816] {mesa egl surface queue}  -> wl_surface#41.attach(wl_buffer#45, 0, 0)
[02:43:44.463818] {mesa egl surface queue}  -> wl_surface#41.damage(0, 0, 2147483647, 2147483647)
[02:43:44.463820] {mesa egl surface queue}  -> wl_surface#41.commit()
[02:43:44.463822] {mesa egl surface queue}  -> wl_display#1.sync(new id wl_callback#44)
[02:43:44.464247] {Display Queue} wl_display#1.delete_id(48)
[02:43:44.464259] {Display Queue} wl_display#1.delete_id(44)
[02:43:44.471055] {Default Queue} wl_pointer#21.enter(16, wl_surface#41, 59.00000000, 24.00000000)
[02:43:44.471074] {Default Queue} wl_pointer#21.frame()
[02:43:44.471121] {Default Queue}  -> wp_cursor_shape_device_v1#30.set_shape(16, 1)
[02:43:44.471127] {Default Queue} wl_pointer#21.motion(49929113, 59.00000000, 24.00000000)
[02:43:44.471130] {Default Queue} wl_pointer#21.frame()
[02:43:44.571525] {Default Queue} wl_pointer#21.button(17, 49929213, 272, 1)
[02:43:44.571553] {Default Queue} wl_pointer#21.frame()
surface-report: origin=bar {"kind":"surface-report","body":{"buttons":[{"id":"applications:{\"lifetime\":\"16814767250456520815\",\"session\":\"7150631365157916282\",\"frontend\":\"1\"}:1:control:opener","label":"Applications","disabled":false,"x":3,"y":3,"width":112.28125,"height":36},{"id":"group:{\"lifetime\":\"16814767250456520815\",\"session\":\"7150631365157916282\",\"frontend\":\"1\"}:1:1:application:GTK Application","label":"ELM-ACTIVATION-PEER2","disabled":false,"x":121.28125,"y":3,"width":215.65625,"height":36}],"focus":"applications:{\"lifetime\":\"16814767250456520815\",\"session\":\"7150631365157916282\",\"frontend\":\"1\"}:1:control:opener","text":"ApplicationsELM-ACTIVATION-PEER2Connected"}}
[02:43:44.621791] {Default Queue} wl_pointer#21.button(18, 49929264, 272, 0)
[02:43:44.621821] {Default Queue} wl_pointer#21.frame()
[02:43:44.624410] {Default Queue}  -> wl_compositor#5.create_surface(new id wl_surface#48)
[02:43:44.624596] {Default Queue}  -> wl_surface#48.attach(nil, 0, 0)
[02:43:44.624604] {Default Queue}  -> xdg_wm_base#35.create_positioner(new id xdg_positioner#37)
[02:43:44.624609] {Default Queue}  -> xdg_positioner#37.set_size(700, 420)
[02:43:44.624611] {Default Queue}  -> xdg_positioner#37.set_anchor_rect(50, 0, 1, 48)
[02:43:44.624614] {Default Queue}  -> xdg_positioner#37.set_offset(0, 0)
[02:43:44.624616] {Default Queue}  -> xdg_positioner#37.set_anchor(6)
[02:43:44.624618] {Default Queue}  -> xdg_positioner#37.set_gravity(8)
[02:43:44.624620] {Default Queue}  -> xdg_positioner#37.set_constraint_adjustment(11)
[02:43:44.624622] {Default Queue}  -> xdg_wm_base#35.get_xdg_surface(new id xdg_surface#49, wl_surface#48)
[02:43:44.624624] {Default Queue}  -> xdg_surface#49.get_popup(new id xdg_popup#50, nil, xdg_positioner#37)
[02:43:44.624627] {Default Queue}  -> zwlr_layer_surface_v1#43.get_popup(xdg_popup#50)
[02:43:44.624629] {Default Queue}  -> xdg_positioner#37.destroy()
[02:43:44.624636] {Default Queue}  -> xdg_popup#50.grab(wl_seat#22, 17)
[02:43:44.624639] {Default Queue}  -> wl_surface#48.commit()
[02:43:44.624642] {Default Queue}  -> wl_display#1.sync(new id wl_callback#51)
[02:43:44.624800] {Display Queue} wl_display#1.delete_id(37)
[02:43:44.624810] {Display Queue} wl_display#1.delete_id(51)
[02:43:44.624813] {Default Queue} xdg_popup#50.configure(50, 48, 700, 420)
[02:43:44.624823] {Default Queue} wl_keyboard#31.enter(22, wl_surface#48, array[0])
[02:43:44.624828] {Default Queue} wl_keyboard#31.modifiers(23, 0, 0, 0, 0)
[02:43:44.624838] {Default Queue} wl_data_device#25.selection(nil)
[02:43:44.624845] {Default Queue} wl_pointer#21.leave(24, wl_surface#41)
[02:43:44.624851] {Default Queue}  -> wp_cursor_shape_device_v1#30.set_shape(16, 1)
[02:43:44.624854] {Default Queue} wl_pointer#21.enter(25, wl_surface#48, -0.00781250, -0.00781250)
[02:43:44.624861] {Default Queue}  -> wp_cursor_shape_device_v1#30.set_shape(25, 1)
[02:43:44.624863] {Default Queue} wl_pointer#21.frame()
[02:43:44.624866] {Default Queue} wl_callback#51.done(25)
[02:43:44.624868] {Default Queue} xdg_surface#49.configure(19)
[02:43:44.624870] {Default Queue}  -> xdg_surface#49.ack_configure(19)
[02:43:44.624907] {Default Queue}  -> wp_cursor_shape_device_v1#30.set_shape(25, 1)
surface-popup-open: lease=1
frontend-request: {"protocolVersion":3,"kind":"catalog-request","binding":{"lifetime":"16814767250456520815","session":"7150631365157916282","frontend":"1"},"requestId":"1"}
surface-commit: publication=3 lease=1 open=1
[02:43:44.625131] {Default Queue}  -> xdg_surface#49.set_window_geometry(0, 0, 700, 420)
[02:43:44.625165] {Default Queue}  -> wl_shm#7.create_pool(new id wl_shm_pool#51, fd 42, 1176000)
[02:43:44.625173] {Default Queue}  -> wl_shm_pool#51.create_buffer(new id wl_buffer#37, 0, 700, 420, 2800, 0)
[02:43:44.625573] {Default Queue}  -> wl_surface#48.attach(wl_buffer#37, 0, 0)
[02:43:44.625578] {Default Queue}  -> wl_surface#48.set_buffer_scale(1)
[02:43:44.625581] {Default Queue}  -> wl_surface#48.damage(0, 0, 700, 420)
[02:43:44.625584] {Default Queue}  -> wl_compositor#5.create_region(new id wl_region#52)
[02:43:44.625592] {Default Queue}  -> wl_region#52.add(0, 0, 700, 420)
[02:43:44.625601] {Default Queue}  -> wl_surface#48.set_opaque_region(wl_region#52)
[02:43:44.625603] {Default Queue}  -> wl_region#52.destroy()
[02:43:44.625605] {Default Queue}  -> wl_surface#48.set_input_region(nil)
[02:43:44.625610] {Default Queue}  -> wl_surface#48.frame(new id wl_callback#53)
[02:43:44.625613] {Default Queue}  -> wl_surface#48.commit()
[02:43:44.626658] {Display Queue} wl_display#1.delete_id(52)
[02:43:44.626671] {Display Queue} wl_display#1.delete_id(53)
[02:43:44.626675] {Default Queue} wl_callback#53.done(49929268)
[02:43:44.626679] {Default Queue} wl_pointer#21.motion(49929268, 9.00000000, -24.00000000)
[02:43:44.626684] {Default Queue} wl_surface#48.enter(wl_output#19)
[02:43:44.626687] {Default Queue} wl_buffer#37.release()
backend-frame: {"protocolVersion":3,"kind":"application-catalog","binding":{"lifetime":"16814767250456520815","session":"7150631365157916282","frontend":"1"},"requestId":"1","snapshot":{"catalogProtocol":1,"lifetime":"3513612028385806010","generation":"1","entries":[{"id":"owned-fixture","name":"Owned Launch Fixture","iconHint":"owned-fixture","wmclass":""}]}}
surface-commit: publication=4 lease=1 open=1
surface-report: origin=popup {"kind":"surface-report","body":{"buttons":[],"focus":"","text":""}}
[02:43:44.652656] {Default Queue}  -> wl_surface#48.set_buffer_scale(1)
[02:43:44.652681] {mesa egl surface queue}  -> zwp_linux_dmabuf_v1#39.get_surface_feedback(new id zwp_linux_dmabuf_feedback_v1#53, wl_surface#48)
[02:43:44.652689] {mesa egl display queue}  -> wl_display#1.sync(new id wl_callback#52)
[02:43:44.652767] {Display Queue} wl_display#1.delete_id(52)
[02:43:44.652770] {mesa egl display queue} wl_callback#52.done(25)
[02:43:44.652779] {mesa egl surface queue} zwp_linux_dmabuf_feedback_v1#53.format_table(fd 47, 2960)
[02:43:44.652786] {mesa egl surface queue} zwp_linux_dmabuf_feedback_v1#53.main_device(array[8])
[02:43:44.652788] {mesa egl surface queue} zwp_linux_dmabuf_feedback_v1#53.tranche_target_device(array[8])
[02:43:44.652789] {mesa egl surface queue} zwp_linux_dmabuf_feedback_v1#53.tranche_flags(0)
[02:43:44.652791] {mesa egl surface queue} zwp_linux_dmabuf_feedback_v1#53.tranche_formats(array[370])
[02:43:44.652795] {mesa egl surface queue} zwp_linux_dmabuf_feedback_v1#53.tranche_done()
[02:43:44.652797] {mesa egl surface queue} zwp_linux_dmabuf_feedback_v1#53.done()
[02:43:44.656791] {Default Queue}  -> wl_surface#48.attach(wl_buffer#37, 0, 0)
[02:43:44.656806] {Default Queue}  -> wl_surface#48.set_buffer_scale(1)
[02:43:44.656809] {Default Queue}  -> wl_surface#48.damage(0, 0, 700, 420)
[02:43:44.656827] {Default Queue}  -> wl_surface#48.frame(new id wl_callback#52)
[02:43:44.656830] {Default Queue}  -> wl_surface#48.commit()
surface-report: origin=bar {"kind":"surface-report","body":{"buttons":[{"id":"applications:{\"lifetime\":\"16814767250456520815\",\"session\":\"7150631365157916282\",\"frontend\":\"1\"}:3:control:opener","label":"Applications","disabled":false,"x":3,"y":3,"width":112.28125,"height":36},{"id":"group:{\"lifetime\":\"16814767250456520815\",\"session\":\"7150631365157916282\",\"frontend\":\"1\"}:1:1:application:GTK Application","label":"ELM-ACTIVATION-PEER2","disabled":false,"x":121.28125,"y":3,"width":215.65625,"height":36}],"focus":"applications:{\"lifetime\":\"16814767250456520815\",\"session\":\"7150631365157916282\",\"frontend\":\"1\"}:3:control:opener","text":"ApplicationsELM-ACTIVATION-PEER2Choose an application."}}
[02:43:44.658468] {mesa egl surface queue} wl_callback#44.done(15)
[02:43:44.658473] {mesa egl surface queue} wl_buffer#47.release()
[02:43:44.658475] {mesa egl surface queue}  -> wl_buffer#47.destroy()
[02:43:44.658886] {mesa egl display queue}  -> zwp_linux_dmabuf_v1#39.create_params(new id zwp_linux_buffer_params_v1#44)
[02:43:44.658898] {mesa egl surface queue}  -> zwp_linux_buffer_params_v1#44.add(fd 48, 0, 0, 3584, 16777216, 15)
[02:43:44.658902] {mesa egl surface queue}  -> zwp_linux_buffer_params_v1#44.add(fd 49, 1, 229376, 448, 16777216, 15)
[02:43:44.658909] {mesa egl surface queue}  -> zwp_linux_buffer_params_v1#44.add(fd 50, 2, 233472, 64, 16777216, 15)
[02:43:44.658918] {mesa egl surface queue}  -> zwp_linux_buffer_params_v1#44.create_immed(new id wl_buffer#54, 800, 48, 875713089, 0)
[02:43:44.658922] {mesa egl surface queue}  -> zwp_linux_buffer_params_v1#44.destroy()
[02:43:44.658925] {mesa egl surface queue}  -> wl_surface#41.attach(wl_buffer#54, 0, 0)
[02:43:44.658927] {mesa egl surface queue}  -> wl_surface#41.damage(0, 0, 2147483647, 2147483647)
[02:43:44.658929] {mesa egl surface queue}  -> wl_surface#41.commit()
[02:43:44.658931] {mesa egl surface queue}  -> wl_display#1.sync(new id wl_callback#55)
[02:43:44.658960] {Default Queue} wl_buffer#37.release()
[02:43:44.659229] discarded [unknown]#47.[event 0](0 fd, 8 byte)
[02:43:44.659254] discarded [unknown]#47.[event 0](0 fd, 8 byte)
[02:43:44.659269] {Display Queue} wl_display#1.delete_id(47)
[02:43:44.659278] {Display Queue} wl_display#1.delete_id(44)
[02:43:44.659283] {Display Queue} wl_display#1.delete_id(55)
surface-report: origin=popup {"kind":"surface-report","body":{"buttons":[{"id":"applications:{\"lifetime\":\"16814767250456520815\",\"session\":\"7150631365157916282\",\"frontend\":\"1\"}:3:control:close","label":"Windows","disabled":false,"x":3,"y":103.875,"width":694,"height":36},{"id":"applications:{\"lifetime\":\"16814767250456520815\",\"session\":\"7150631365157916282\",\"frontend\":\"1\"}:3:control:refresh","label":"Refresh","disabled":false,"x":3,"y":142.875,"width":694,"height":36},{"id":"applications:{\"lifetime\":\"16814767250456520815\",\"session\":\"7150631365157916282\",\"frontend\":\"1\"}:3:entry:owned-fixture","label":"Open Owned Launch Fixture","disabled":false,"x":3,"y":181.875,"width":694,"height":36}],"focus":"","text":"Applications\n\nChoose an application.\nWindows\nRefresh\nOpen Owned Launch Fixture"}}
surface-presentation-applied: publication=4 lease=1
[02:43:44.664104] {Display Queue} wl_display#1.delete_id(52)
[02:43:44.664132] {Default Queue} wl_callback#52.done(49929306)
[02:43:44.664194] {Default Queue}  -> wl_buffer#37.destroy()
[02:43:44.664199] {Default Queue}  -> wl_shm_pool#51.destroy()
[02:43:44.665245] {mesa egl display queue}  -> zwp_linux_dmabuf_v1#39.create_params(new id zwp_linux_buffer_params_v1#52)
[02:43:44.665262] {mesa egl surface queue}  -> zwp_linux_buffer_params_v1#52.add(fd 48, 0, 0, 3072, 16777216, 15)
[02:43:44.665267] {mesa egl surface queue}  -> zwp_linux_buffer_params_v1#52.add(fd 49, 1, 1376256, 384, 16777216, 15)
[02:43:44.665270] {mesa egl surface queue}  -> zwp_linux_buffer_params_v1#52.add(fd 50, 2, 1384448, 64, 16777216, 15)
[02:43:44.665272] {mesa egl surface queue}  -> zwp_linux_buffer_params_v1#52.create_immed(new id wl_buffer#44, 700, 420, 875713089, 0)
[02:43:44.665276] {mesa egl surface queue}  -> zwp_linux_buffer_params_v1#52.destroy()
[02:43:44.665279] {mesa egl surface queue}  -> wl_surface#48.attach(wl_buffer#44, 0, 0)
[02:43:44.665281] {mesa egl surface queue}  -> wl_surface#48.damage(0, 0, 2147483647, 2147483647)
[02:43:44.665283] {mesa egl surface queue}  -> wl_surface#48.commit()
[02:43:44.665285] {mesa egl surface queue}  -> wl_display#1.sync(new id wl_callback#47)
[02:43:44.665774] discarded [unknown]#37.[event 0](0 fd, 8 byte)
[02:43:44.665791] {Display Queue} wl_display#1.delete_id(37)
[02:43:44.665796] {Display Queue} wl_display#1.delete_id(51)
[02:43:44.665799] {Display Queue} wl_display#1.delete_id(52)
[02:43:44.665800] {Display Queue} wl_display#1.delete_id(47)
[02:43:44.681712] {mesa egl surface queue} wl_callback#55.done(25)
[02:43:44.681744] {mesa egl surface queue} wl_buffer#45.release()
[02:43:44.681923] {mesa egl surface queue}  -> wl_surface#41.attach(wl_buffer#45, 0, 0)
[02:43:44.681927] {mesa egl surface queue}  -> wl_surface#41.damage(0, 0, 2147483647, 2147483647)
[02:43:44.681930] {mesa egl surface queue}  -> wl_surface#41.commit()
[02:43:44.681932] {mesa egl surface queue}  -> wl_display#1.sync(new id wl_callback#55)
[02:43:44.682098] {Display Queue} wl_display#1.delete_id(55)
[02:43:44.724747] {Default Queue}  -> wl_display#1.sync(new id wl_callback#52)
[02:43:44.725046] {Display Queue} wl_display#1.delete_id(52)
[02:43:44.725057] {Default Queue} wl_callback#52.done(25)
backend-exit: waited=1 normal=1 code=0
[02:43:44.732820] {Default Queue}  -> wp_cursor_shape_device_v1#30.set_shape(25, 1)
[02:43:44.732942] {Default Queue}  -> xdg_popup#50.destroy()
[02:43:44.732947] {Default Queue}  -> xdg_surface#49.destroy()
[02:43:44.732961] {mesa egl surface queue}  -> wl_buffer#44.destroy()
[02:43:44.732965] {mesa egl surface queue}  -> zwp_linux_dmabuf_feedback_v1#53.destroy()
[02:43:44.732979] {Default Queue}  -> wl_surface#48.destroy()
surface-popup-closed: lease=1
[02:43:44.734313] {Default Queue}  -> zwlr_layer_surface_v1#43.destroy()
[02:43:44.734320] {mesa egl surface queue}  -> wl_buffer#45.destroy()
[02:43:44.734323] {mesa egl surface queue}  -> wl_buffer#54.destroy()
[02:43:44.734330] {mesa egl surface queue}  -> zwp_linux_dmabuf_feedback_v1#46.destroy()
[02:43:44.734344] {Default Queue}  -> wl_surface#41.destroy()
[02:43:44.740960] discarded [unknown]#50.[event 1](0 fd, 8 byte)
[02:43:44.740977] discarded [unknown]#44.[event 0](0 fd, 8 byte)
[02:43:44.740982] discarded [unknown]#45.[event 0](0 fd, 8 byte)
[02:43:44.740985] discarded [unknown]#54.[event 0](0 fd, 8 byte)
[02:43:44.740987] discarded [unknown]#54.[event 0](0 fd, 8 byte)
[02:43:44.741000] {Display Queue} wl_display#1.delete_id(50)
[02:43:44.741010] {Display Queue} wl_display#1.delete_id(49)
[02:43:44.741017] {Display Queue} wl_display#1.delete_id(53)
[02:43:44.741020] {Display Queue} wl_display#1.delete_id(48)
[02:43:44.741024] {Display Queue} wl_display#1.delete_id(43)
[02:43:44.741027] {Display Queue} wl_display#1.delete_id(54)
[02:43:44.741029] {Display Queue} wl_display#1.delete_id(46)
[02:43:44.741031] {Display Queue} wl_display#1.delete_id(41)
[02:43:44.741033] {Default Queue} wl_pointer#21.leave(26, nil)
[02:43:44.741035] {Default Queue} wl_pointer#21.enter(27, nil, 59.00000000, 24.00000000)
[02:43:44.741038] {Default Queue} wl_pointer#21.frame()
[02:43:44.741047] {Default Queue} wl_pointer#21.motion(0, 59.00000000, 24.00000000)
[02:43:44.741051] {Default Queue} wl_keyboard#31.modifiers(29, 0, 0, 0, 0)
[02:43:44.741059] {Default Queue} wl_keyboard#31.leave(30, nil)
[02:43:44.741063] {Default Queue} wl_pointer#21.leave(33, nil)
[02:43:44.741065] {Default Queue} wl_pointer#21.frame()
[02:43:44.752648] discarded [unknown]#44.[event 0](0 fd, 8 byte)
[02:43:44.752671] discarded [unknown]#44.[event 0](0 fd, 8 byte)
[02:43:44.752677] discarded [unknown]#45.[event 0](0 fd, 8 byte)
[02:43:44.752681] discarded [unknown]#45.[event 0](0 fd, 8 byte)
[02:43:44.752687] {Display Queue} wl_display#1.delete_id(44)
[02:43:44.752696] {Display Queue} wl_display#1.delete_id(45)
host-exit: failure=0 rendered=1
