An example execution:

[State 0] { s: { ends: 0, initialEnds: 0, last: "init", owner: 0 } }

[State 1] { s: { ends: 0, initialEnds: 0, last: "release", owner: 0 } }

[State 2] { s: { ends: 0, initialEnds: 0, last: "escapeRelease", owner: 0 } }

[State 3] { s: { ends: 0, initialEnds: 0, last: "key", owner: 0 } }

[State 4] { s: { ends: 0, initialEnds: 0, last: "cancel", owner: 0 } }

[State 5] { s: { ends: 0, initialEnds: 0, last: "begin", owner: 1 } }

[State 6] { s: { ends: 0, initialEnds: 0, last: "busy", owner: 1 } }

[State 7] { s: { ends: 0, initialEnds: 0, last: "escapeRelease", owner: 1 } }

[State 8] { s: { ends: 0, initialEnds: 0, last: "busy", owner: 1 } }

[State 9] { s: { ends: 0, initialEnds: 0, last: "escapeRelease", owner: 1 } }

[State 10] { s: { ends: 0, initialEnds: 0, last: "chord", owner: 1 } }

[State 11] { s: { ends: 0, initialEnds: 0, last: "key", owner: 1 } }

[State 12] { s: { ends: 0, initialEnds: 0, last: "escapeRelease", owner: 1 } }

[State 13] { s: { ends: 0, initialEnds: 0, last: "escapeRelease", owner: 1 } }

[State 14] { s: { ends: 0, initialEnds: 0, last: "key", owner: 1 } }

[State 15] { s: { ends: 0, initialEnds: 0, last: "chord", owner: 1 } }

[State 16] { s: { ends: 0, initialEnds: 0, last: "chord", owner: 1 } }

[State 17] { s: { ends: 0, initialEnds: 0, last: "escapeRelease", owner: 1 } }

[State 18] { s: { ends: 1, initialEnds: 0, last: "cancel", owner: 0 } }

[State 19] { s: { ends: 1, initialEnds: 0, last: "escapeRelease", owner: 0 } }

[State 20] { s: { ends: 1, initialEnds: 0, last: "chord", owner: 0 } }

[State 21] { s: { ends: 1, initialEnds: 0, last: "chord", owner: 0 } }

[State 22] { s: { ends: 1, initialEnds: 1, last: "begin", owner: 1 } }

[State 23] { s: { ends: 1, initialEnds: 1, last: "key", owner: 1 } }

[State 24] { s: { ends: 2, initialEnds: 1, last: "release", owner: 0 } }

[State 25] { s: { ends: 2, initialEnds: 1, last: "cancel", owner: 0 } }

[State 26] { s: { ends: 2, initialEnds: 1, last: "escapeRelease", owner: 0 } }

[State 27] { s: { ends: 2, initialEnds: 1, last: "chord", owner: 0 } }

[State 28] { s: { ends: 2, initialEnds: 1, last: "release", owner: 0 } }

[State 29] { s: { ends: 2, initialEnds: 1, last: "release", owner: 0 } }

[State 30] { s: { ends: 2, initialEnds: 1, last: "cancel", owner: 0 } }

[ok] No violation found (396ms at 2525 traces/second).
Trace length statistics: max=31, min=31, average=31.00
You may increase --max-samples and --max-steps.
Use --verbosity to produce more (or less) output.
Witnesses:
began was witnessed in 997 trace(s) out of 1000 explored (99.70%)
ordinaryRetains was witnessed in 737 trace(s) out of 1000 explored (73.70%)
releaseKeyRetains was witnessed in 722 trace(s) out of 1000 explored (72.20%)
chordRetains was witnessed in 731 trace(s) out of 1000 explored (73.10%)
cancelled was witnessed in 977 trace(s) out of 1000 explored (97.70%)
released was witnessed in 970 trace(s) out of 1000 explored (97.00%)
Use --seed=0x13832 --backend=typescript to reproduce.
