	linux-vdso.so.1 (0x00007f7b2942a000)
	libxcb-icccm.so.4 => /usr/lib/libxcb-icccm.so.4 (0x00007f7b293f5000)
	libxcb-composite.so.0 => /usr/lib/libxcb-composite.so.0 (0x00007f7b293f0000)
	libxcb-xfixes.so.0 => /usr/lib/libxcb-xfixes.so.0 (0x00007f7b293e7000)
	libxcb-render.so.0 => /usr/lib/libxcb-render.so.0 (0x00007f7b293d8000)
	libxcb-res.so.0 => /usr/lib/libxcb-res.so.0 (0x00007f7b293d0000)
	libxcb-errors.so.0 => /usr/lib/libxcb-errors.so.0 (0x00007f7b293c6000)
	libxcb.so.1 => /usr/lib/libxcb.so.1 (0x00007f7b2939b000)
	libaquamarine.so.14 => /usr/lib/libaquamarine.so.14 (0x00007f7b282a9000)
	libhyprlang.so.2 => /usr/lib/libhyprlang.so.2 (0x00007f7b28264000)
	libhyprutils.so.13 => /usr/lib/libhyprutils.so.13 (0x00007f7b281eb000)
	libhyprcursor.so.0 => /usr/lib/libhyprcursor.so.0 (0x00007f7b2818a000)
	libhyprgraphics.so.4 => /usr/lib/libhyprgraphics.so.4 (0x00007f7b28154000)
	libxkbcommon.so.0 => /usr/lib/libxkbcommon.so.0 (0x00007f7b280f5000)
	libuuid.so.1 => /usr/lib/libuuid.so.1 (0x00007f7b2938f000)
	libwayland-server.so.0 => /usr/lib/libwayland-server.so.0 (0x00007f7b2937a000)
	libpangocairo-1.0.so.0 => /usr/lib/libpangocairo-1.0.so.0 (0x00007f7b280e3000)
	libpango-1.0.so.0 => /usr/lib/libpango-1.0.so.0 (0x00007f7b28072000)
	libcairo.so.2 => /usr/lib/libcairo.so.2 (0x00007f7b27f35000)
	libharfbuzz.so.0 => /usr/lib/libharfbuzz.so.0 (0x00007f7b27df6000)
	libpixman-1.so.0 => /usr/lib/libpixman-1.so.0 (0x00007f7b27d47000)
	libXcursor.so.1 => /usr/lib/libXcursor.so.1 (0x00007f7b27d3a000)
	libdrm.so.2 => /usr/lib/libdrm.so.2 (0x00007f7b27d23000)
	libinput.so.10 => /usr/lib/libinput.so.10 (0x00007f7b27cb0000)
	libeis.so.1 => /usr/lib/libeis.so.1 (0x00007f7b27c8f000)
	libgbm.so.1 => /usr/lib/libgbm.so.1 (0x00007f7b27c89000)
	libgio-2.0.so.0 => /usr/lib/libgio-2.0.so.0 (0x00007f7b27aaa000)
	libgobject-2.0.so.0 => /usr/lib/libgobject-2.0.so.0 (0x00007f7b27a47000)
	libglib-2.0.so.0 => /usr/lib/libglib-2.0.so.0 (0x00007f7b278e4000)
	libre2.so.11 => /usr/lib/libre2.so.11 (0x00007f7b27855000)
	libabsl_log_internal_check_op.so.2608.0.0 => /usr/lib/libabsl_log_internal_check_op.so.2608.0.0 (0x00007f7b2784c000)
	libabsl_leak_check.so.2608.0.0 => /usr/lib/libabsl_leak_check.so.2608.0.0 (0x00007f7b27847000)
	libabsl_log_internal_conditions.so.2608.0.0 => /usr/lib/libabsl_log_internal_conditions.so.2608.0.0 (0x00007f7b27842000)
	libabsl_log_internal_message.so.2608.0.0 => /usr/lib/libabsl_log_internal_message.so.2608.0.0 (0x00007f7b27833000)
	libabsl_examine_stack.so.2608.0.0 => /usr/lib/libabsl_examine_stack.so.2608.0.0 (0x00007f7b2782c000)
	libabsl_log_internal_format.so.2608.0.0 => /usr/lib/libabsl_log_internal_format.so.2608.0.0 (0x00007f7b27827000)
	libabsl_log_internal_nullguard.so.2608.0.0 => /usr/lib/libabsl_log_internal_nullguard.so.2608.0.0 (0x00007f7b27822000)
	libabsl_log_internal_structured_proto.so.2608.0.0 => /usr/lib/libabsl_log_internal_structured_proto.so.2608.0.0 (0x00007f7b2781d000)
	libabsl_log_internal_log_sink_set.so.2608.0.0 => /usr/lib/libabsl_log_internal_log_sink_set.so.2608.0.0 (0x00007f7b27817000)
	libabsl_log_internal_globals.so.2608.0.0 => /usr/lib/libabsl_log_internal_globals.so.2608.0.0 (0x00007f7b27810000)
	libabsl_log_globals.so.2608.0.0 => /usr/lib/libabsl_log_globals.so.2608.0.0 (0x00007f7b2780a000)
	libabsl_log_sink.so.2608.0.0 => /usr/lib/libabsl_log_sink.so.2608.0.0 (0x00007f7b27805000)
	libabsl_log_entry.so.2608.0.0 => /usr/lib/libabsl_log_entry.so.2608.0.0 (0x00007f7b277ff000)
	libabsl_log_internal_proto.so.2608.0.0 => /usr/lib/libabsl_log_internal_proto.so.2608.0.0 (0x00007f7b277fa000)
	libabsl_strerror.so.2608.0.0 => /usr/lib/libabsl_strerror.so.2608.0.0 (0x00007f7b277f3000)
	libabsl_vlog_config_internal.so.2608.0.0 => /usr/lib/libabsl_vlog_config_internal.so.2608.0.0 (0x00007f7b277ea000)
	libabsl_log_internal_fnmatch.so.2608.0.0 => /usr/lib/libabsl_log_internal_fnmatch.so.2608.0.0 (0x00007f7b277e5000)
	libabsl_flags_internal.so.2608.0.0 => /usr/lib/libabsl_flags_internal.so.2608.0.0 (0x00007f7b277da000)
	libabsl_flags_marshalling.so.2608.0.0 => /usr/lib/libabsl_flags_marshalling.so.2608.0.0 (0x00007f7b277ce000)
	libabsl_flags_reflection.so.2608.0.0 => /usr/lib/libabsl_flags_reflection.so.2608.0.0 (0x00007f7b277c2000)
	libabsl_flags_private_handle_accessor.so.2608.0.0 => /usr/lib/libabsl_flags_private_handle_accessor.so.2608.0.0 (0x00007f7b277bb000)
	libabsl_flags_commandlineflag.so.2608.0.0 => /usr/lib/libabsl_flags_commandlineflag.so.2608.0.0 (0x00007f7b277b6000)
	libabsl_flags_commandlineflag_internal.so.2608.0.0 => /usr/lib/libabsl_flags_commandlineflag_internal.so.2608.0.0 (0x00007f7b277b1000)
	libabsl_flags_config.so.2608.0.0 => /usr/lib/libabsl_flags_config.so.2608.0.0 (0x00007f7b277aa000)
	libabsl_flags_program_name.so.2608.0.0 => /usr/lib/libabsl_flags_program_name.so.2608.0.0 (0x00007f7b277a5000)
	libabsl_raw_hash_set.so.2608.0.0 => /usr/lib/libabsl_raw_hash_set.so.2608.0.0 (0x00007f7b27798000)
	libabsl_cord.so.2608.0.0 => /usr/lib/libabsl_cord.so.2608.0.0 (0x00007f7b2777f000)
	libabsl_cordz_info.so.2608.0.0 => /usr/lib/libabsl_cordz_info.so.2608.0.0 (0x00007f7b27778000)
	libabsl_cord_internal.so.2608.0.0 => /usr/lib/libabsl_cord_internal.so.2608.0.0 (0x00007f7b27769000)
	libabsl_cordz_functions.so.2608.0.0 => /usr/lib/libabsl_cordz_functions.so.2608.0.0 (0x00007f7b27764000)
	libabsl_cordz_handle.so.2608.0.0 => /usr/lib/libabsl_cordz_handle.so.2608.0.0 (0x00007f7b2775d000)
	libabsl_crc_cord_state.so.2608.0.0 => /usr/lib/libabsl_crc_cord_state.so.2608.0.0 (0x00007f7b27756000)
	libabsl_crc32c.so.2608.0.0 => /usr/lib/libabsl_crc32c.so.2608.0.0 (0x00007f7b27750000)
	libabsl_crc_internal.so.2608.0.0 => /usr/lib/libabsl_crc_internal.so.2608.0.0 (0x00007f7b2774a000)
	libabsl_base_cpu_detect.so.2608.0.0 => /usr/lib/libabsl_base_cpu_detect.so.2608.0.0 (0x00007f7b27745000)
	libabsl_hashtablez_sampler.so.2608.0.0 => /usr/lib/libabsl_hashtablez_sampler.so.2608.0.0 (0x00007f7b2773f000)
	libabsl_exponential_biased.so.2608.0.0 => /usr/lib/libabsl_exponential_biased.so.2608.0.0 (0x00007f7b27738000)
	libabsl_hash.so.2608.0.0 => /usr/lib/libabsl_hash.so.2608.0.0 (0x00007f7b27733000)
	libabsl_city.so.2608.0.0 => /usr/lib/libabsl_city.so.2608.0.0 (0x00007f7b2772e000)
	libabsl_str_format_internal.so.2608.0.0 => /usr/lib/libabsl_str_format_internal.so.2608.0.0 (0x00007f7b2770f000)
	libabsl_synchronization.so.2608.0.0 => /usr/lib/libabsl_synchronization.so.2608.0.0 (0x00007f7b276fd000)
	libabsl_graphcycles_internal.so.2608.0.0 => /usr/lib/libabsl_graphcycles_internal.so.2608.0.0 (0x00007f7b276f2000)
	libabsl_kernel_timeout_internal.so.2608.0.0 => /usr/lib/libabsl_kernel_timeout_internal.so.2608.0.0 (0x00007f7b276ed000)
	libabsl_stacktrace.so.2608.0.0 => /usr/lib/libabsl_stacktrace.so.2608.0.0 (0x00007f7b276e8000)
	libabsl_symbolize.so.2608.0.0 => /usr/lib/libabsl_symbolize.so.2608.0.0 (0x00007f7b276e0000)
	libabsl_debugging_internal.so.2608.0.0 => /usr/lib/libabsl_debugging_internal.so.2608.0.0 (0x00007f7b276d9000)
	libabsl_demangle_internal.so.2608.0.0 => /usr/lib/libabsl_demangle_internal.so.2608.0.0 (0x00007f7b276ca000)
	libabsl_demangle_rust.so.2608.0.0 => /usr/lib/libabsl_demangle_rust.so.2608.0.0 (0x00007f7b276c3000)
	libabsl_decode_rust_punycode.so.2608.0.0 => /usr/lib/libabsl_decode_rust_punycode.so.2608.0.0 (0x00007f7b276be000)
	libabsl_utf8_for_code_point.so.2608.0.0 => /usr/lib/libabsl_utf8_for_code_point.so.2608.0.0 (0x00007f7b276b9000)
	libabsl_malloc_internal.so.2608.0.0 => /usr/lib/libabsl_malloc_internal.so.2608.0.0 (0x00007f7b276b2000)
	libabsl_time.so.2608.0.0 => /usr/lib/libabsl_time.so.2608.0.0 (0x00007f7b2769c000)
	libabsl_civil_time.so.2608.0.0 => /usr/lib/libabsl_civil_time.so.2608.0.0 (0x00007f7b27694000)
	libabsl_strings.so.2608.0.0 => /usr/lib/libabsl_strings.so.2608.0.0 (0x00007f7b2766e000)
	libabsl_strings_internal.so.2608.0.0 => /usr/lib/libabsl_strings_internal.so.2608.0.0 (0x00007f7b27668000)
	libabsl_hardening.so.2608.0.0 => /usr/lib/libabsl_hardening.so.2608.0.0 (0x00007f7b27663000)
	libabsl_int128.so.2608.0.0 => /usr/lib/libabsl_int128.so.2608.0.0 (0x00007f7b2765a000)
	libabsl_source_location.so.2608.0.0 => /usr/lib/libabsl_source_location.so.2608.0.0 (0x00007f7b27655000)
	libabsl_throw_delegate.so.2608.0.0 => /usr/lib/libabsl_throw_delegate.so.2608.0.0 (0x00007f7b2764f000)
	libabsl_time_zone.so.2608.0.0 => /usr/lib/libabsl_time_zone.so.2608.0.0 (0x00007f7b27634000)
	libabsl_tracing_internal.so.2608.0.0 => /usr/lib/libabsl_tracing_internal.so.2608.0.0 (0x00007f7b2762f000)
	libabsl_base.so.2608.0.0 => /usr/lib/libabsl_base.so.2608.0.0 (0x00007f7b27629000)
	libabsl_raw_logging_internal.so.2608.0.0 => /usr/lib/libabsl_raw_logging_internal.so.2608.0.0 (0x00007f7b27622000)
	libabsl_log_severity.so.2608.0.0 => /usr/lib/libabsl_log_severity.so.2608.0.0 (0x00007f7b2761d000)
	libabsl_spinlock_wait.so.2608.0.0 => /usr/lib/libabsl_spinlock_wait.so.2608.0.0 (0x00007f7b27618000)
	libmuparser.so.2 => /usr/lib/libmuparser.so.2 (0x00007f7b27593000)
	liblcms2.so.2 => /usr/lib/liblcms2.so.2 (0x00007f7b27527000)
	liblua.so.5.5 => /usr/lib/liblua.so.5.5 (0x00007f7b274dd000)
	libEGL.so.1 => /usr/lib/libEGL.so.1 (0x00007f7b274c9000)
	libGLESv2.so.2 => /usr/lib/libGLESv2.so.2 (0x00007f7b274b9000)
	libGLX.so.0 => /usr/lib/libGLX.so.0 (0x00007f7b27488000)
	libOpenGL.so.0 => /usr/lib/libOpenGL.so.0 (0x00007f7b27464000)
	libglslang-default-resource-limits.so.16 => /usr/lib/libglslang-default-resource-limits.so.16 (0x00007f7b2745a000)
	libSPIRV.so.16 => /usr/lib/libSPIRV.so.16 (0x00007f7b27455000)
	libglslang.so.16 => /usr/lib/libglslang.so.16 (0x00007f7b26800000)
	libSPIRV-Tools-opt.so => /usr/lib/libSPIRV-Tools-opt.so (0x00007f7b26400000)
	libSPIRV-Tools.so => /usr/lib/libSPIRV-Tools.so (0x00007f7b26224000)
	libstdc++.so.6 => /usr/lib/libstdc++.so.6 (0x00007f7b25e00000)
	libm.so.6 => /usr/lib/libm.so.6 (0x00007f7b2731c000)
	libgcc_s.so.1 => /usr/lib/libgcc_s.so.1 (0x00007f7b272ef000)
	libc.so.6 => /usr/lib/libc.so.6 (0x00007f7b25a00000)
	libXau.so.6 => /usr/lib/libXau.so.6 (0x00007f7b272e8000)
	libXdmcp.so.6 => /usr/lib/libXdmcp.so.6 (0x00007f7b272e0000)
	libseat.so.1 => /usr/lib/libseat.so.1 (0x00007f7b272d5000)
	libwayland-client.so.0 => /usr/lib/libwayland-client.so.0 (0x00007f7b272c5000)
	libudev.so.1 => /usr/lib/libudev.so.1 (0x00007f7b267b0000)
	libdisplay-info.so.3 => /usr/lib/libdisplay-info.so.3 (0x00007f7b26777000)
	libzip.so.5 => /usr/lib/libzip.so.5 (0x00007f7b26757000)
	librsvg-2.so.2 => /usr/lib/librsvg-2.so.2 (0x00007f7b25400000)
	libtomlplusplus.so.3 => /usr/lib/libtomlplusplus.so.3 (0x00007f7b2671d000)
	libjpeg.so.8 => /usr/lib/libjpeg.so.8 (0x00007f7b2617c000)
	libwebp.so.7 => /usr/lib/libwebp.so.7 (0x00007f7b26696000)
	libmagic.so.1 => /usr/lib/libmagic.so.1 (0x00007f7b2614d000)
	libpng16.so.16 => /usr/lib/libpng16.so.16 (0x00007f7b26110000)
	libjxl.so.0.12 => /usr/lib/libjxl.so.0.12 (0x00007f7b24e00000)
	libjxl_threads.so.0.12 => /usr/lib/libjxl_threads.so.0.12 (0x00007f7b26690000)
	/lib64/ld-linux-x86-64.so.2 => /usr/lib64/ld-linux-x86-64.so.2 (0x00007f7b2942c000)
	libffi.so.8 => /usr/lib/libffi.so.8 (0x00007f7b26682000)
	libpangoft2-1.0.so.0 => /usr/lib/libpangoft2-1.0.so.0 (0x00007f7b260f1000)
	libfontconfig.so.1 => /usr/lib/libfontconfig.so.1 (0x00007f7b25d85000)
	libfribidi.so.0 => /usr/lib/libfribidi.so.0 (0x00007f7b25d65000)
	libthai.so.0 => /usr/lib/libthai.so.0 (0x00007f7b260e6000)
	libz.so.1 => /usr/lib/libz.so.1 (0x00007f7b25d4a000)
	libfreetype.so.6 => /usr/lib/libfreetype.so.6 (0x00007f7b25c7a000)
	libX11.so.6 => /usr/lib/libX11.so.6 (0x00007f7b258be000)
	libXext.so.6 => /usr/lib/libXext.so.6 (0x00007f7b25c66000)
	libXrender.so.1 => /usr/lib/libXrender.so.1 (0x00007f7b260da000)
	libxcb-shm.so.0 => /usr/lib/libxcb-shm.so.0 (0x00007f7b2667d000)
	libgraphite2.so.3 => /usr/lib/libgraphite2.so.3 (0x00007f7b25c43000)
	libXfixes.so.3 => /usr/lib/libXfixes.so.3 (0x00007f7b25c3b000)
	libmtdev.so.1 => /usr/lib/libmtdev.so.1 (0x00007f7b25c34000)
	libevdev.so.2 => /usr/lib/libevdev.so.2 (0x00007f7b258a8000)
	libwacom.so.9 => /usr/lib/libwacom.so.9 (0x00007f7b25895000)
	liblua5.4.so.5.4 => /usr/lib/liblua5.4.so.5.4 (0x00007f7b253ba000)
	libexpat.so.1 => /usr/lib/libexpat.so.1 (0x00007f7b2538c000)
	libgmodule-2.0.so.0 => /usr/lib/libgmodule-2.0.so.0 (0x00007f7b25c2d000)
	libmount.so.1 => /usr/lib/libmount.so.1 (0x00007f7b2532f000)
	libpcre2-8.so.0 => /usr/lib/libpcre2-8.so.0 (0x00007f7b2527c000)
	libgomp.so.1 => /usr/lib/libgomp.so.1 (0x00007f7b24da6000)
	libGLdispatch.so.0 => /usr/lib/libGLdispatch.so.0 (0x00007f7b24d2d000)
	libsystemd.so.0 => /usr/lib/libsystemd.so.0 (0x00007f7b24be5000)
	libbz2.so.1.0 => /usr/lib/libbz2.so.1.0 (0x00007f7b25269000)
	liblzma.so.5 => /usr/lib/liblzma.so.5 (0x00007f7b24bb0000)
	libzstd.so.1 => /usr/lib/libzstd.so.1 (0x00007f7b24aca000)
	libcrypto.so.3 => /usr/lib/libcrypto.so.3 (0x00007f7b24400000)
	libgdk_pixbuf-2.0.so.0 => /usr/lib/libgdk_pixbuf-2.0.so.0 (0x00007f7b24a90000)
	libdav1d.so.7 => /usr/lib/libdav1d.so.7 (0x00007f7b2421f000)
	libxml2.so.16 => /usr/lib/libxml2.so.16 (0x00007f7b240da000)
	libsharpyuv.so.0 => /usr/lib/libsharpyuv.so.0 (0x00007f7b25260000)
	libjxl_cms.so.0.12 => /usr/lib/libjxl_cms.so.0.12 (0x00007f7b25237000)
	libhwy.so.1 => /usr/lib/libhwy.so.1 (0x00007f7b24a81000)
	libbrotlidec.so.1 => /usr/lib/libbrotlidec.so.1 (0x00007f7b24a72000)
	libbrotlienc.so.1 => /usr/lib/libbrotlienc.so.1 (0x00007f7b249b2000)
	libdatrie.so.1 => /usr/lib/libdatrie.so.1 (0x00007f7b249a9000)
	libgudev-1.0.so.0 => /usr/lib/libgudev-1.0.so.0 (0x00007f7b240ce000)
	libblkid.so.1 => /usr/lib/libblkid.so.1 (0x00007f7b2408e000)
	libglycin-2.so.0 => /usr/lib/libglycin-2.so.0 (0x00007f7b23c00000)
	libicuuc.so.78 => /usr/lib/libicuuc.so.78 (0x00007f7b23800000)
	libbrotlicommon.so.1 => /usr/lib/libbrotlicommon.so.1 (0x00007f7b2406b000)
	libseccomp.so.2 => /usr/lib/libseccomp.so.2 (0x00007f7b2403e000)
	libicudata.so.78 => /usr/lib/libicudata.so.78 (0x00007f7b21800000)
