	linux-vdso.so.1 (0x00007fed86b3a000)
	libQt6WaylandClient.so.6 => /usr/lib/qt6/plugins/platforms/../../../libQt6WaylandClient.so.6 (0x00007fed869eb000)
	libQt6Gui.so.6 => /usr/lib/qt6/plugins/platforms/../../../libQt6Gui.so.6 (0x00007fed86000000)
	libQt6Core.so.6 => /usr/lib/qt6/plugins/platforms/../../../libQt6Core.so.6 (0x00007fed85800000)
	libstdc++.so.6 => /usr/lib/qt6/plugins/platforms/../../../libstdc++.so.6 (0x00007fed85400000)
	libc.so.6 => /usr/lib/qt6/plugins/platforms/../../../libc.so.6 (0x00007fed85000000)
	libwayland-client.so.0 => /usr/lib/qt6/plugins/platforms/../../../libwayland-client.so.0 (0x00007fed869d9000)
	libwayland-cursor.so.0 => /usr/lib/qt6/plugins/platforms/../../../libwayland-cursor.so.0 (0x00007fed869d0000)
	libxkbcommon.so.0 => /usr/lib/qt6/plugins/platforms/../../../libxkbcommon.so.0 (0x00007fed86971000)
	libm.so.6 => /usr/lib/qt6/plugins/platforms/../../../libm.so.6 (0x00007fed85ec9000)
	libEGL.so.1 => /usr/lib/qt6/plugins/platforms/../../../libEGL.so.1 (0x00007fed85eb7000)
	libfontconfig.so.1 => /usr/lib/qt6/plugins/platforms/../../../libfontconfig.so.1 (0x00007fed85785000)
	libX11.so.6 => /usr/lib/qt6/plugins/platforms/../../../libX11.so.6 (0x00007fed852be000)
	libglib-2.0.so.0 => /usr/lib/qt6/plugins/platforms/../../../libglib-2.0.so.0 (0x00007fed84e9d000)
	libQt6DBus.so.6 => /usr/lib/qt6/plugins/platforms/../../../libQt6DBus.so.6 (0x00007fed84dd0000)
	libGLX.so.0 => /usr/lib/qt6/plugins/platforms/../../../libGLX.so.0 (0x00007fed85754000)
	libOpenGL.so.0 => /usr/lib/qt6/plugins/platforms/../../../libOpenGL.so.0 (0x00007fed85e93000)
	libpng16.so.16 => /usr/lib/qt6/plugins/platforms/../../../libpng16.so.16 (0x00007fed85717000)
	libharfbuzz.so.0 => /usr/lib/qt6/plugins/platforms/../../../libharfbuzz.so.0 (0x00007fed84c91000)
	libmd4c.so.0 => /usr/lib/qt6/plugins/platforms/../../../libmd4c.so.0 (0x00007fed85701000)
	libfreetype.so.6 => /usr/lib/qt6/plugins/platforms/../../../libfreetype.so.6 (0x00007fed84bc1000)
	libz.so.1 => /usr/lib/qt6/plugins/platforms/../../../libz.so.1 (0x00007fed856e6000)
	libgcc_s.so.1 => /usr/lib/qt6/plugins/platforms/../../../libgcc_s.so.1 (0x00007fed85291000)
	liburing.so.2 => /usr/lib/qt6/plugins/platforms/../../../liburing.so.2 (0x00007fed856df000)
	libicui18n.so.78 => /usr/lib/qt6/plugins/platforms/../../../libicui18n.so.78 (0x00007fed84800000)
	libicuuc.so.78 => /usr/lib/qt6/plugins/platforms/../../../libicuuc.so.78 (0x00007fed84400000)
	libsystemd.so.0 => /usr/lib/qt6/plugins/platforms/../../../libsystemd.so.0 (0x00007fed846b8000)
	libdouble-conversion.so.3 => /usr/lib/qt6/plugins/platforms/../../../libdouble-conversion.so.3 (0x00007fed8527a000)
	libb2.so.1 => /usr/lib/qt6/plugins/platforms/../../../libb2.so.1 (0x00007fed8525c000)
	libpcre2-16.so.0 => /usr/lib/qt6/plugins/platforms/../../../libpcre2-16.so.0 (0x00007fed84612000)
	libcrypto.so.3 => /usr/lib/qt6/plugins/platforms/../../../libcrypto.so.3 (0x00007fed83e00000)
	libzstd.so.1 => /usr/lib/qt6/plugins/platforms/../../../libzstd.so.1 (0x00007fed83d1a000)
	/usr/lib64/ld-linux-x86-64.so.2 (0x00007fed86b3c000)
	libffi.so.8 => /usr/lib/libffi.so.8 (0x00007fed8524e000)
	libGLdispatch.so.0 => /usr/lib/libGLdispatch.so.0 (0x00007fed83ca1000)
	libexpat.so.1 => /usr/lib/libexpat.so.1 (0x00007fed84b93000)
	libxcb.so.1 => /usr/lib/libxcb.so.1 (0x00007fed85223000)
	libpcre2-8.so.0 => /usr/lib/libpcre2-8.so.0 (0x00007fed83bee000)
	libdbus-1.so.3 => /usr/lib/qt6/plugins/platforms/../../../libdbus-1.so.3 (0x00007fed843ad000)
	libgraphite2.so.3 => /usr/lib/libgraphite2.so.3 (0x00007fed83bcb000)
	libbz2.so.1.0 => /usr/lib/libbz2.so.1.0 (0x00007fed83bb8000)
	libbrotlidec.so.1 => /usr/lib/libbrotlidec.so.1 (0x00007fed83ba9000)
	libicudata.so.78 => /usr/lib/libicudata.so.78 (0x00007fed81c00000)
	libgomp.so.1 => /usr/lib/libgomp.so.1 (0x00007fed81ba6000)
	libbrotlienc.so.1 => /usr/lib/libbrotlienc.so.1 (0x00007fed81ae6000)
	libXau.so.6 => /usr/lib/libXau.so.6 (0x00007fed856d6000)
	libXdmcp.so.6 => /usr/lib/libXdmcp.so.6 (0x00007fed83ba1000)
	libbrotlicommon.so.1 => /usr/lib/libbrotlicommon.so.1 (0x00007fed81ac3000)
