Running as unit: qa-harness-dbbe1f929a214e648c7f98b8da3c4849.scope; invocation ID: 78ea65b4028241dca683efd162f39ea4
test_absolute_timeout_is_not_reset_for_chunks (test_readonly_ipc.ReadonlyKernelTests.test_absolute_timeout_is_not_reset_for_chunks) ... ok
test_actual_peer_eof_fd_and_durable_history_before_return (test_readonly_ipc.ReadonlyKernelTests.test_actual_peer_eof_fd_and_durable_history_before_return) ... ok
test_all_exact_fixed_requests_use_original_top_level_shapes (test_readonly_ipc.ReadonlyKernelTests.test_all_exact_fixed_requests_use_original_top_level_shapes) ... ok
test_changed_socket_identity_during_reply_refuses (test_readonly_ipc.ReadonlyKernelTests.test_changed_socket_identity_during_reply_refuses) ... ok
test_completion_fsync_failure_never_returns_bytes (test_readonly_ipc.ReadonlyKernelTests.test_completion_fsync_failure_never_returns_bytes) ... ok
test_direct_path_does_not_touch_keeper_or_execute_helper (test_readonly_ipc.ReadonlyKernelTests.test_direct_path_does_not_touch_keeper_or_execute_helper) ... ok
test_exact_selected_peer_change_refuses_before_data_request (test_readonly_ipc.ReadonlyKernelTests.test_exact_selected_peer_change_refuses_before_data_request) ... ok
test_extra_flags_or_effect_or_user_expression_never_enter_direct_path (test_readonly_ipc.ReadonlyKernelTests.test_extra_flags_or_effect_or_user_expression_never_enter_direct_path) ... ok
test_healthy_parallel_rows_do_not_hold_manager_lock_during_io (test_readonly_ipc.ReadonlyKernelTests.test_healthy_parallel_rows_do_not_hold_manager_lock_during_io) ... ok
test_history_capacity_archives_only_closed_rows_before_connection (test_readonly_ipc.ReadonlyKernelTests.test_history_capacity_archives_only_closed_rows_before_connection) ... ok
test_normal_factory_closure_refuses_actual_pending_connection (test_readonly_ipc.ReadonlyKernelTests.test_normal_factory_closure_refuses_actual_pending_connection) ... ok
test_oversized_reply_refuses_and_closes_actual_descriptor (test_readonly_ipc.ReadonlyKernelTests.test_oversized_reply_refuses_and_closes_actual_descriptor) ... ok
test_owner_replacement_during_reply_refuses (test_readonly_ipc.ReadonlyKernelTests.test_owner_replacement_during_reply_refuses) ... ok
test_partial_json_even_with_eof_is_terminal_refusal (test_readonly_ipc.ReadonlyKernelTests.test_partial_json_even_with_eof_is_terminal_refusal) ... ok
test_postdisk_owner_replacement_revokes_completed_partial_proof (test_readonly_ipc.ReadonlyKernelTests.test_postdisk_owner_replacement_revokes_completed_partial_proof) ... ok
test_registration_fsync_failure_prevents_query_send_and_latches (test_readonly_ipc.ReadonlyKernelTests.test_registration_fsync_failure_prevents_query_send_and_latches) ... ok
test_retained_history_schema_does_not_bless_effect_or_partial_return (test_readonly_ipc.ReadonlyKernelTests.test_retained_history_schema_does_not_bless_effect_or_partial_return) ... ok
test_source_alias_and_executable_path_replacement_refuse (test_readonly_ipc.ReadonlyKernelTests.test_source_alias_and_executable_path_replacement_refuse) ... ok
test_wrong_shape_and_invalid_utf8_refuse (test_readonly_ipc.ReadonlyKernelTests.test_wrong_shape_and_invalid_utf8_refuse) ... ok

----------------------------------------------------------------------
Ran 19 tests in 4.140s

OK
