  INFO: Launching config: "/home/hoskinson/window-integration-qa/files-keyboard/qa-app/shell.qml"
  INFO: Shell ID: "4bde9881e62ce471c070f7fedc4912d6" Path ID "4bde9881e62ce471c070f7fedc4912d6"
  INFO: Saving logs to "/run/user/1000/quickshell/by-id/a1au1jmt7mt/log.qslog"
  WARN quickshell.qmlscanner: Ignoring unresolvable import "/home/hoskinson/window-integration-qa/files-keyboard/qa-app/file:///home/hoskinson/window-integration-qa/files-keyboard/qa-app/FixtureKeys" from "/home/hoskinson/window-integration-qa/files-keyboard/qa-app/shell.qml"
  WARN quickshell.qmlscanner: Ignoring unresolvable import "/home/hoskinson/window-integration-qa/files-keyboard/qa-app/file:///home/hoskinson/window-integration-qa/files-keyboard/app/WindowAccessibilityV4" from "/home/hoskinson/window-integration-qa/files-keyboard/qa-app/shell.qml"
  INFO: Configuration Loaded
  WARN scene: QML FileView at @Commons/Theme.qml[54:25]: Read of /home/hoskinson/window-integration-qa/files-keyboard/isolated-home/.local/state/omarchy/current/theme/colors.toml failed: File does not exist.
  WARN: This plugin does not support setting window masks
  WARN: This plugin does not support setting window masks
 DEBUG qml: [files] saved /home/hoskinson/window-integration-qa/files-keyboard/offscreen-shots/330x320-home.png
 DEBUG qml: [files] saved /home/hoskinson/window-integration-qa/files-keyboard/offscreen-shots/330x320-folder-list.png
 DEBUG qml: [files] saved /home/hoskinson/window-integration-qa/files-keyboard/offscreen-shots/330x320-details.png
 DEBUG qml: [files] saved /home/hoskinson/window-integration-qa/files-keyboard/offscreen-shots/330x320-menu.png
 DEBUG qml: [files] saved /home/hoskinson/window-integration-qa/files-keyboard/offscreen-shots/330x320-prompt.png
 DEBUG qml: [files] saved /home/hoskinson/window-integration-qa/files-keyboard/offscreen-shots/330x320-preview.png
  WARN: This plugin does not support setting window masks
  WARN: This plugin does not support setting window masks
 DEBUG qml: [files] saved /home/hoskinson/window-integration-qa/files-keyboard/offscreen-shots/500x320-home.png
 DEBUG qml: [files] saved /home/hoskinson/window-integration-qa/files-keyboard/offscreen-shots/500x320-folder-list.png
 DEBUG qml: [files] saved /home/hoskinson/window-integration-qa/files-keyboard/offscreen-shots/500x320-details.png
 DEBUG qml: [files] saved /home/hoskinson/window-integration-qa/files-keyboard/offscreen-shots/500x320-menu.png
 DEBUG qml: [files] saved /home/hoskinson/window-integration-qa/files-keyboard/offscreen-shots/500x320-prompt.png
 DEBUG qml: [files] saved /home/hoskinson/window-integration-qa/files-keyboard/offscreen-shots/500x320-preview.png
  WARN: This plugin does not support setting window masks
  WARN: This plugin does not support setting window masks
  WARN: This plugin does not support setting window masks
 DEBUG qml: [files] saved /home/hoskinson/window-integration-qa/files-keyboard/offscreen-shots/800x320-home.png
 DEBUG qml: [files] saved /home/hoskinson/window-integration-qa/files-keyboard/offscreen-shots/800x320-folder-list.png
 DEBUG qml: [files] saved /home/hoskinson/window-integration-qa/files-keyboard/offscreen-shots/800x320-details.png
 DEBUG qml: [files] saved /home/hoskinson/window-integration-qa/files-keyboard/offscreen-shots/800x320-menu.png
 DEBUG qml: [files] saved /home/hoskinson/window-integration-qa/files-keyboard/offscreen-shots/800x320-prompt.png
 DEBUG qml: [files] saved /home/hoskinson/window-integration-qa/files-keyboard/offscreen-shots/800x320-preview.png
  WARN: This plugin does not support setting window masks
  WARN: This plugin does not support setting window masks
  WARN: This plugin does not support setting window masks
 DEBUG qml: [files] saved /home/hoskinson/window-integration-qa/files-keyboard/offscreen-shots/1320x800-home.png
 DEBUG qml: [files] saved /home/hoskinson/window-integration-qa/files-keyboard/offscreen-shots/1320x800-folder-list.png
 DEBUG qml: [files] saved /home/hoskinson/window-integration-qa/files-keyboard/offscreen-shots/1320x800-details.png
 DEBUG qml: [files] saved /home/hoskinson/window-integration-qa/files-keyboard/offscreen-shots/1320x800-menu.png
 DEBUG qml: [files] saved /home/hoskinson/window-integration-qa/files-keyboard/offscreen-shots/1320x800-prompt.png
 DEBUG qml: [files] saved /home/hoskinson/window-integration-qa/files-keyboard/offscreen-shots/1320x800-preview.png
  WARN: This plugin does not support setting window masks
  WARN: This plugin does not support setting window masks
  WARN: This plugin does not support setting window masks
  WARN scene: @shell.qml[81:-1]: TypeError: Property 'quit' of object QuickshellGlobal(0x7a0bfd012880) is not a function
