	linux-vdso.so.1 (0x00007f4ea5b5f000)
	libxcb-icccm.so.4 => /usr/lib/libxcb-icccm.so.4 (0x00007f4ea5b2a000)
	libxcb-composite.so.0 => /usr/lib/libxcb-composite.so.0 (0x00007f4ea5b25000)
	libxcb-xfixes.so.0 => /usr/lib/libxcb-xfixes.so.0 (0x00007f4ea5b1c000)
	libxcb-render.so.0 => /usr/lib/libxcb-render.so.0 (0x00007f4ea5b0d000)
	libxcb-res.so.0 => /usr/lib/libxcb-res.so.0 (0x00007f4ea5b05000)
	libxcb-errors.so.0 => /usr/lib/libxcb-errors.so.0 (0x00007f4ea5afb000)
	libxcb.so.1 => /usr/lib/libxcb.so.1 (0x00007f4ea5ad0000)
	libaquamarine.so.14 => /usr/lib/libaquamarine.so.14 (0x00007f4ea48a9000)
	libhyprlang.so.2 => /usr/lib/libhyprlang.so.2 (0x00007f4ea5a8b000)
	libhyprutils.so.13 => /usr/lib/libhyprutils.so.13 (0x00007f4ea5a12000)
	libhyprcursor.so.0 => /usr/lib/libhyprcursor.so.0 (0x00007f4ea59af000)
	libhyprgraphics.so.4 => /usr/lib/libhyprgraphics.so.4 (0x00007f4ea4873000)
	libxkbcommon.so.0 => /usr/lib/libxkbcommon.so.0 (0x00007f4ea4814000)
	libuuid.so.1 => /usr/lib/libuuid.so.1 (0x00007f4ea59a5000)
	libwayland-server.so.0 => /usr/lib/libwayland-server.so.0 (0x00007f4ea5990000)
	libpangocairo-1.0.so.0 => /usr/lib/libpangocairo-1.0.so.0 (0x00007f4ea4802000)
	libpango-1.0.so.0 => /usr/lib/libpango-1.0.so.0 (0x00007f4ea4793000)
	libcairo.so.2 => /usr/lib/libcairo.so.2 (0x00007f4ea4656000)
	libharfbuzz.so.0 => /usr/lib/libharfbuzz.so.0 (0x00007f4ea4517000)
	libpixman-1.so.0 => /usr/lib/libpixman-1.so.0 (0x00007f4ea4468000)
	libXcursor.so.1 => /usr/lib/libXcursor.so.1 (0x00007f4ea445b000)
	libdrm.so.2 => /usr/lib/libdrm.so.2 (0x00007f4ea4444000)
	libinput.so.10 => /usr/lib/libinput.so.10 (0x00007f4ea43d3000)
	libeis.so.1 => /usr/lib/libeis.so.1 (0x00007f4ea43b2000)
	libgbm.so.1 => /usr/lib/libgbm.so.1 (0x00007f4ea5986000)
	libgio-2.0.so.0 => /usr/lib/libgio-2.0.so.0 (0x00007f4ea41d3000)
	libgobject-2.0.so.0 => /usr/lib/libgobject-2.0.so.0 (0x00007f4ea4170000)
	libglib-2.0.so.0 => /usr/lib/libglib-2.0.so.0 (0x00007f4ea400d000)
	libre2.so.11 => /usr/lib/libre2.so.11 (0x00007f4ea3f80000)
	libabsl_log_internal_check_op.so.2608.0.0 => /usr/lib/libabsl_log_internal_check_op.so.2608.0.0 (0x00007f4ea3f77000)
	libabsl_leak_check.so.2608.0.0 => /usr/lib/libabsl_leak_check.so.2608.0.0 (0x00007f4ea3f72000)
	libabsl_log_internal_conditions.so.2608.0.0 => /usr/lib/libabsl_log_internal_conditions.so.2608.0.0 (0x00007f4ea3f6d000)
	libabsl_log_internal_message.so.2608.0.0 => /usr/lib/libabsl_log_internal_message.so.2608.0.0 (0x00007f4ea3f5e000)
	libabsl_examine_stack.so.2608.0.0 => /usr/lib/libabsl_examine_stack.so.2608.0.0 (0x00007f4ea3f59000)
	libabsl_log_internal_format.so.2608.0.0 => /usr/lib/libabsl_log_internal_format.so.2608.0.0 (0x00007f4ea3f54000)
	libabsl_log_internal_nullguard.so.2608.0.0 => /usr/lib/libabsl_log_internal_nullguard.so.2608.0.0 (0x00007f4ea3f4f000)
	libabsl_log_internal_structured_proto.so.2608.0.0 => /usr/lib/libabsl_log_internal_structured_proto.so.2608.0.0 (0x00007f4ea3f4a000)
	libabsl_log_internal_log_sink_set.so.2608.0.0 => /usr/lib/libabsl_log_internal_log_sink_set.so.2608.0.0 (0x00007f4ea3f44000)
	libabsl_log_internal_globals.so.2608.0.0 => /usr/lib/libabsl_log_internal_globals.so.2608.0.0 (0x00007f4ea3f3d000)
	libabsl_log_globals.so.2608.0.0 => /usr/lib/libabsl_log_globals.so.2608.0.0 (0x00007f4ea3f37000)
	libabsl_log_sink.so.2608.0.0 => /usr/lib/libabsl_log_sink.so.2608.0.0 (0x00007f4ea3f32000)
	libabsl_log_entry.so.2608.0.0 => /usr/lib/libabsl_log_entry.so.2608.0.0 (0x00007f4ea3f2c000)
	libabsl_log_internal_proto.so.2608.0.0 => /usr/lib/libabsl_log_internal_proto.so.2608.0.0 (0x00007f4ea3f27000)
	libabsl_strerror.so.2608.0.0 => /usr/lib/libabsl_strerror.so.2608.0.0 (0x00007f4ea3f20000)
	libabsl_vlog_config_internal.so.2608.0.0 => /usr/lib/libabsl_vlog_config_internal.so.2608.0.0 (0x00007f4ea3f17000)
	libabsl_log_internal_fnmatch.so.2608.0.0 => /usr/lib/libabsl_log_internal_fnmatch.so.2608.0.0 (0x00007f4ea3f12000)
	libabsl_flags_internal.so.2608.0.0 => /usr/lib/libabsl_flags_internal.so.2608.0.0 (0x00007f4ea3f07000)
	libabsl_flags_marshalling.so.2608.0.0 => /usr/lib/libabsl_flags_marshalling.so.2608.0.0 (0x00007f4ea3efb000)
	libabsl_flags_reflection.so.2608.0.0 => /usr/lib/libabsl_flags_reflection.so.2608.0.0 (0x00007f4ea3eef000)
	libabsl_flags_private_handle_accessor.so.2608.0.0 => /usr/lib/libabsl_flags_private_handle_accessor.so.2608.0.0 (0x00007f4ea3ee8000)
	libabsl_flags_commandlineflag.so.2608.0.0 => /usr/lib/libabsl_flags_commandlineflag.so.2608.0.0 (0x00007f4ea3ee3000)
	libabsl_flags_commandlineflag_internal.so.2608.0.0 => /usr/lib/libabsl_flags_commandlineflag_internal.so.2608.0.0 (0x00007f4ea3ede000)
	libabsl_flags_config.so.2608.0.0 => /usr/lib/libabsl_flags_config.so.2608.0.0 (0x00007f4ea3ed7000)
	libabsl_flags_program_name.so.2608.0.0 => /usr/lib/libabsl_flags_program_name.so.2608.0.0 (0x00007f4ea3ed2000)
	libabsl_raw_hash_set.so.2608.0.0 => /usr/lib/libabsl_raw_hash_set.so.2608.0.0 (0x00007f4ea3ec5000)
	libabsl_cord.so.2608.0.0 => /usr/lib/libabsl_cord.so.2608.0.0 (0x00007f4ea3eac000)
	libabsl_cordz_info.so.2608.0.0 => /usr/lib/libabsl_cordz_info.so.2608.0.0 (0x00007f4ea3ea5000)
	libabsl_cord_internal.so.2608.0.0 => /usr/lib/libabsl_cord_internal.so.2608.0.0 (0x00007f4ea3e96000)
	libabsl_cordz_functions.so.2608.0.0 => /usr/lib/libabsl_cordz_functions.so.2608.0.0 (0x00007f4ea3e91000)
	libabsl_cordz_handle.so.2608.0.0 => /usr/lib/libabsl_cordz_handle.so.2608.0.0 (0x00007f4ea3e8a000)
	libabsl_crc_cord_state.so.2608.0.0 => /usr/lib/libabsl_crc_cord_state.so.2608.0.0 (0x00007f4ea3e83000)
	libabsl_crc32c.so.2608.0.0 => /usr/lib/libabsl_crc32c.so.2608.0.0 (0x00007f4ea3e7d000)
	libabsl_crc_internal.so.2608.0.0 => /usr/lib/libabsl_crc_internal.so.2608.0.0 (0x00007f4ea3e77000)
	libabsl_base_cpu_detect.so.2608.0.0 => /usr/lib/libabsl_base_cpu_detect.so.2608.0.0 (0x00007f4ea3e72000)
	libabsl_hashtablez_sampler.so.2608.0.0 => /usr/lib/libabsl_hashtablez_sampler.so.2608.0.0 (0x00007f4ea3e6c000)
	libabsl_exponential_biased.so.2608.0.0 => /usr/lib/libabsl_exponential_biased.so.2608.0.0 (0x00007f4ea3e65000)
	libabsl_hash.so.2608.0.0 => /usr/lib/libabsl_hash.so.2608.0.0 (0x00007f4ea3e60000)
	libabsl_city.so.2608.0.0 => /usr/lib/libabsl_city.so.2608.0.0 (0x00007f4ea3e5b000)
	libabsl_str_format_internal.so.2608.0.0 => /usr/lib/libabsl_str_format_internal.so.2608.0.0 (0x00007f4ea3e3c000)
	libabsl_synchronization.so.2608.0.0 => /usr/lib/libabsl_synchronization.so.2608.0.0 (0x00007f4ea3e2a000)
	libabsl_graphcycles_internal.so.2608.0.0 => /usr/lib/libabsl_graphcycles_internal.so.2608.0.0 (0x00007f4ea3e1f000)
	libabsl_kernel_timeout_internal.so.2608.0.0 => /usr/lib/libabsl_kernel_timeout_internal.so.2608.0.0 (0x00007f4ea3e1a000)
	libabsl_stacktrace.so.2608.0.0 => /usr/lib/libabsl_stacktrace.so.2608.0.0 (0x00007f4ea3e15000)
	libabsl_symbolize.so.2608.0.0 => /usr/lib/libabsl_symbolize.so.2608.0.0 (0x00007f4ea3e0d000)
	libabsl_debugging_internal.so.2608.0.0 => /usr/lib/libabsl_debugging_internal.so.2608.0.0 (0x00007f4ea3e06000)
	libabsl_demangle_internal.so.2608.0.0 => /usr/lib/libabsl_demangle_internal.so.2608.0.0 (0x00007f4ea3df7000)
	libabsl_demangle_rust.so.2608.0.0 => /usr/lib/libabsl_demangle_rust.so.2608.0.0 (0x00007f4ea3df0000)
	libabsl_decode_rust_punycode.so.2608.0.0 => /usr/lib/libabsl_decode_rust_punycode.so.2608.0.0 (0x00007f4ea3deb000)
	libabsl_utf8_for_code_point.so.2608.0.0 => /usr/lib/libabsl_utf8_for_code_point.so.2608.0.0 (0x00007f4ea3de6000)
	libabsl_malloc_internal.so.2608.0.0 => /usr/lib/libabsl_malloc_internal.so.2608.0.0 (0x00007f4ea3ddf000)
	libabsl_time.so.2608.0.0 => /usr/lib/libabsl_time.so.2608.0.0 (0x00007f4ea3dc9000)
	libabsl_civil_time.so.2608.0.0 => /usr/lib/libabsl_civil_time.so.2608.0.0 (0x00007f4ea3dc1000)
	libabsl_strings.so.2608.0.0 => /usr/lib/libabsl_strings.so.2608.0.0 (0x00007f4ea3d9b000)
	libabsl_strings_internal.so.2608.0.0 => /usr/lib/libabsl_strings_internal.so.2608.0.0 (0x00007f4ea3d95000)
	libabsl_hardening.so.2608.0.0 => /usr/lib/libabsl_hardening.so.2608.0.0 (0x00007f4ea3d90000)
	libabsl_int128.so.2608.0.0 => /usr/lib/libabsl_int128.so.2608.0.0 (0x00007f4ea3d87000)
	libabsl_source_location.so.2608.0.0 => /usr/lib/libabsl_source_location.so.2608.0.0 (0x00007f4ea3d82000)
	libabsl_throw_delegate.so.2608.0.0 => /usr/lib/libabsl_throw_delegate.so.2608.0.0 (0x00007f4ea3d7c000)
	libabsl_time_zone.so.2608.0.0 => /usr/lib/libabsl_time_zone.so.2608.0.0 (0x00007f4ea3d61000)
	libabsl_tracing_internal.so.2608.0.0 => /usr/lib/libabsl_tracing_internal.so.2608.0.0 (0x00007f4ea3d5c000)
	libabsl_base.so.2608.0.0 => /usr/lib/libabsl_base.so.2608.0.0 (0x00007f4ea3d56000)
	libabsl_raw_logging_internal.so.2608.0.0 => /usr/lib/libabsl_raw_logging_internal.so.2608.0.0 (0x00007f4ea3d4f000)
	libabsl_log_severity.so.2608.0.0 => /usr/lib/libabsl_log_severity.so.2608.0.0 (0x00007f4ea3d4a000)
	libabsl_spinlock_wait.so.2608.0.0 => /usr/lib/libabsl_spinlock_wait.so.2608.0.0 (0x00007f4ea3d45000)
	libmuparser.so.2 => /usr/lib/libmuparser.so.2 (0x00007f4ea3cc0000)
	liblcms2.so.2 => /usr/lib/liblcms2.so.2 (0x00007f4ea3c54000)
	liblua.so.5.5 => /usr/lib/liblua.so.5.5 (0x00007f4ea3c0a000)
	libEGL.so.1 => /usr/lib/libEGL.so.1 (0x00007f4ea3bf6000)
	libGLESv2.so.2 => /usr/lib/libGLESv2.so.2 (0x00007f4ea3be6000)
	libGLX.so.0 => /usr/lib/libGLX.so.0 (0x00007f4ea3bb5000)
	libOpenGL.so.0 => /usr/lib/libOpenGL.so.0 (0x00007f4ea3b91000)
	libglslang-default-resource-limits.so.16 => /usr/lib/libglslang-default-resource-limits.so.16 (0x00007f4ea3b87000)
	libSPIRV.so.16 => /usr/lib/libSPIRV.so.16 (0x00007f4ea3b82000)
	libglslang.so.16 => /usr/lib/libglslang.so.16 (0x00007f4ea3000000)
	libSPIRV-Tools-opt.so => /usr/lib/libSPIRV-Tools-opt.so (0x00007f4ea2c00000)
	libSPIRV-Tools.so => /usr/lib/libSPIRV-Tools.so (0x00007f4ea2a24000)
	libstdc++.so.6 => /usr/lib/libstdc++.so.6 (0x00007f4ea2600000)
	libm.so.6 => /usr/lib/libm.so.6 (0x00007f4ea2ec9000)
	libgcc_s.so.1 => /usr/lib/libgcc_s.so.1 (0x00007f4ea3b53000)
	libc.so.6 => /usr/lib/libc.so.6 (0x00007f4ea2200000)
	libXau.so.6 => /usr/lib/libXau.so.6 (0x00007f4ea3b4c000)
	libXdmcp.so.6 => /usr/lib/libXdmcp.so.6 (0x00007f4ea3b44000)
	libseat.so.1 => /usr/lib/libseat.so.1 (0x00007f4ea3b39000)
	libwayland-client.so.0 => /usr/lib/libwayland-client.so.0 (0x00007f4ea3b29000)
	libudev.so.1 => /usr/lib/libudev.so.1 (0x00007f4ea3ad7000)
	libdisplay-info.so.3 => /usr/lib/libdisplay-info.so.3 (0x00007f4ea2e90000)
	libzip.so.5 => /usr/lib/libzip.so.5 (0x00007f4ea2a04000)
	librsvg-2.so.2 => /usr/lib/librsvg-2.so.2 (0x00007f4ea1c00000)
	libtomlplusplus.so.3 => /usr/lib/libtomlplusplus.so.3 (0x00007f4ea29ca000)
	libjpeg.so.8 => /usr/lib/libjpeg.so.8 (0x00007f4ea2922000)
	libwebp.so.7 => /usr/lib/libwebp.so.7 (0x00007f4ea2579000)
	libmagic.so.1 => /usr/lib/libmagic.so.1 (0x00007f4ea28f3000)
	libpng16.so.16 => /usr/lib/libpng16.so.16 (0x00007f4ea253c000)
	libjxl.so.0.12 => /usr/lib/libjxl.so.0.12 (0x00007f4ea1600000)
	libjxl_threads.so.0.12 => /usr/lib/libjxl_threads.so.0.12 (0x00007f4ea3acf000)
	/lib64/ld-linux-x86-64.so.2 => /usr/lib64/ld-linux-x86-64.so.2 (0x00007f4ea5b61000)
	libffi.so.8 => /usr/lib/libffi.so.8 (0x00007f4ea3abf000)
	libpangoft2-1.0.so.0 => /usr/lib/libpangoft2-1.0.so.0 (0x00007f4ea28d4000)
	libfontconfig.so.1 => /usr/lib/libfontconfig.so.1 (0x00007f4ea24c1000)
	libfribidi.so.0 => /usr/lib/libfribidi.so.0 (0x00007f4ea24a1000)
	libthai.so.0 => /usr/lib/libthai.so.0 (0x00007f4ea2e85000)
	libz.so.1 => /usr/lib/libz.so.1 (0x00007f4ea2486000)
	libfreetype.so.6 => /usr/lib/libfreetype.so.6 (0x00007f4ea2130000)
	libX11.so.6 => /usr/lib/libX11.so.6 (0x00007f4ea1abe000)
	libXext.so.6 => /usr/lib/libXext.so.6 (0x00007f4ea2472000)
	libXrender.so.1 => /usr/lib/libXrender.so.1 (0x00007f4ea2466000)
	libxcb-shm.so.0 => /usr/lib/libxcb-shm.so.0 (0x00007f4ea2e80000)
	libgraphite2.so.3 => /usr/lib/libgraphite2.so.3 (0x00007f4ea2443000)
	libXfixes.so.3 => /usr/lib/libXfixes.so.3 (0x00007f4ea243b000)
	libmtdev.so.1 => /usr/lib/libmtdev.so.1 (0x00007f4ea2434000)
	libevdev.so.2 => /usr/lib/libevdev.so.2 (0x00007f4ea211a000)
	libwacom.so.9 => /usr/lib/libwacom.so.9 (0x00007f4ea2107000)
	liblua5.4.so.5.4 => /usr/lib/liblua5.4.so.5.4 (0x00007f4ea20c1000)
	libexpat.so.1 => /usr/lib/libexpat.so.1 (0x00007f4ea2093000)
	libgmodule-2.0.so.0 => /usr/lib/libgmodule-2.0.so.0 (0x00007f4ea242d000)
	libmount.so.1 => /usr/lib/libmount.so.1 (0x00007f4ea1a61000)
	libpcre2-8.so.0 => /usr/lib/libpcre2-8.so.0 (0x00007f4ea154d000)
	libgomp.so.1 => /usr/lib/libgomp.so.1 (0x00007f4ea14f3000)
	libGLdispatch.so.0 => /usr/lib/libGLdispatch.so.0 (0x00007f4ea147a000)
	libsystemd.so.0 => /usr/lib/libsystemd.so.0 (0x00007f4ea1332000)
	libbz2.so.1.0 => /usr/lib/libbz2.so.1.0 (0x00007f4ea1a4e000)
	liblzma.so.5 => /usr/lib/liblzma.so.5 (0x00007f4ea12fd000)
	libzstd.so.1 => /usr/lib/libzstd.so.1 (0x00007f4ea1217000)
	libcrypto.so.3 => /usr/lib/libcrypto.so.3 (0x00007f4ea0c00000)
	libgdk_pixbuf-2.0.so.0 => /usr/lib/libgdk_pixbuf-2.0.so.0 (0x00007f4ea11dd000)
	libdav1d.so.7 => /usr/lib/libdav1d.so.7 (0x00007f4ea0a1f000)
	libxml2.so.16 => /usr/lib/libxml2.so.16 (0x00007f4ea08da000)
	libsharpyuv.so.0 => /usr/lib/libsharpyuv.so.0 (0x00007f4ea1a45000)
	libjxl_cms.so.0.12 => /usr/lib/libjxl_cms.so.0.12 (0x00007f4ea11b4000)
	libhwy.so.1 => /usr/lib/libhwy.so.1 (0x00007f4ea1a36000)
	libbrotlidec.so.1 => /usr/lib/libbrotlidec.so.1 (0x00007f4ea08cb000)
	libbrotlienc.so.1 => /usr/lib/libbrotlienc.so.1 (0x00007f4ea080b000)
	libdatrie.so.1 => /usr/lib/libdatrie.so.1 (0x00007f4ea11ab000)
	libgudev-1.0.so.0 => /usr/lib/libgudev-1.0.so.0 (0x00007f4ea07ff000)
	libblkid.so.1 => /usr/lib/libblkid.so.1 (0x00007f4ea07bf000)
	libglycin-2.so.0 => /usr/lib/libglycin-2.so.0 (0x00007f4ea0200000)
	libicuuc.so.78 => /usr/lib/libicuuc.so.78 (0x00007f4e9fe00000)
	libbrotlicommon.so.1 => /usr/lib/libbrotlicommon.so.1 (0x00007f4ea079c000)
	libseccomp.so.2 => /usr/lib/libseccomp.so.2 (0x00007f4ea076f000)
	libicudata.so.78 => /usr/lib/libicudata.so.78 (0x00007f4e9de00000)
