An example execution:

[State 0]
{
  cachedOwner: 1,
  emissionEpochs: [],
  nextEpoch: 1,
  notes: [],
  owners: [],
  pending: 0,
  point: 0,
  refused: false,
  replyPoint: 0,
  retired: false,
  signals: [],
  stale: false,
  wireOwner: 1
}

[State 1]
{
  cachedOwner: 1,
  emissionEpochs: [],
  nextEpoch: 1,
  notes: [],
  owners: [0],
  pending: 0,
  point: 0,
  refused: false,
  replyPoint: 0,
  retired: false,
  signals: [],
  stale: false,
  wireOwner: 0
}

[State 2]
{
  cachedOwner: 0,
  emissionEpochs: [],
  nextEpoch: 1,
  notes: [],
  owners: [],
  pending: 0,
  point: 0,
  refused: false,
  replyPoint: 0,
  retired: true,
  signals: [],
  stale: false,
  wireOwner: 0
}

[State 3]
{
  cachedOwner: 0,
  emissionEpochs: [],
  nextEpoch: 1,
  notes: [],
  owners: [],
  pending: 0,
  point: 0,
  refused: false,
  replyPoint: 0,
  retired: true,
  signals: [],
  stale: false,
  wireOwner: 0
}

[State 4]
{
  cachedOwner: 0,
  emissionEpochs: [],
  nextEpoch: 1,
  notes: [],
  owners: [],
  pending: 0,
  point: 0,
  refused: true,
  replyPoint: 0,
  retired: true,
  signals: [],
  stale: false,
  wireOwner: 0
}

[State 5]
{
  cachedOwner: 0,
  emissionEpochs: [],
  nextEpoch: 1,
  notes: [],
  owners: [],
  pending: 0,
  point: 0,
  refused: false,
  replyPoint: 0,
  retired: true,
  signals: [],
  stale: false,
  wireOwner: 0
}

[State 6]
{
  cachedOwner: 0,
  emissionEpochs: [],
  nextEpoch: 1,
  notes: [],
  owners: [],
  pending: 0,
  point: 0,
  refused: false,
  replyPoint: 0,
  retired: true,
  signals: [],
  stale: false,
  wireOwner: 0
}

[State 7]
{
  cachedOwner: 0,
  emissionEpochs: [],
  nextEpoch: 1,
  notes: [],
  owners: [],
  pending: 0,
  point: 0,
  refused: false,
  replyPoint: 0,
  retired: true,
  signals: [],
  stale: false,
  wireOwner: 0
}

[State 8]
{
  cachedOwner: 0,
  emissionEpochs: [],
  nextEpoch: 1,
  notes: [],
  owners: [],
  pending: 0,
  point: 0,
  refused: true,
  replyPoint: 0,
  retired: true,
  signals: [],
  stale: false,
  wireOwner: 0
}

[State 9]
{
  cachedOwner: 0,
  emissionEpochs: [],
  nextEpoch: 1,
  notes: [],
  owners: [],
  pending: 0,
  point: 0,
  refused: false,
  replyPoint: 0,
  retired: true,
  signals: [],
  stale: false,
  wireOwner: 0
}

[State 10]
{
  cachedOwner: 0,
  emissionEpochs: [],
  nextEpoch: 1,
  notes: [],
  owners: [],
  pending: 0,
  point: 0,
  refused: false,
  replyPoint: 0,
  retired: true,
  signals: [],
  stale: false,
  wireOwner: 0
}

[State 11]
{
  cachedOwner: 0,
  emissionEpochs: [],
  nextEpoch: 1,
  notes: [],
  owners: [],
  pending: 0,
  point: 0,
  refused: false,
  replyPoint: 0,
  retired: true,
  signals: [],
  stale: false,
  wireOwner: 0
}

[State 12]
{
  cachedOwner: 0,
  emissionEpochs: [],
  nextEpoch: 1,
  notes: [],
  owners: [],
  pending: 0,
  point: 0,
  refused: false,
  replyPoint: 0,
  retired: true,
  signals: [],
  stale: false,
  wireOwner: 0
}

[State 13]
{
  cachedOwner: 0,
  emissionEpochs: [],
  nextEpoch: 1,
  notes: [],
  owners: [],
  pending: 0,
  point: 0,
  refused: false,
  replyPoint: 0,
  retired: true,
  signals: [],
  stale: false,
  wireOwner: 0
}

[State 14]
{
  cachedOwner: 0,
  emissionEpochs: [],
  nextEpoch: 1,
  notes: [],
  owners: [],
  pending: 0,
  point: 0,
  refused: false,
  replyPoint: 0,
  retired: true,
  signals: [],
  stale: false,
  wireOwner: 0
}

[State 15]
{
  cachedOwner: 0,
  emissionEpochs: [],
  nextEpoch: 1,
  notes: [],
  owners: [],
  pending: 0,
  point: 0,
  refused: false,
  replyPoint: 0,
  retired: true,
  signals: [],
  stale: false,
  wireOwner: 0
}

[State 16]
{
  cachedOwner: 0,
  emissionEpochs: [],
  nextEpoch: 1,
  notes: [],
  owners: [],
  pending: 0,
  point: 0,
  refused: false,
  replyPoint: 0,
  retired: true,
  signals: [],
  stale: false,
  wireOwner: 0
}

[State 17]
{
  cachedOwner: 0,
  emissionEpochs: [],
  nextEpoch: 1,
  notes: [],
  owners: [],
  pending: 0,
  point: 0,
  refused: false,
  replyPoint: 0,
  retired: true,
  signals: [],
  stale: false,
  wireOwner: 0
}

[State 18]
{
  cachedOwner: 0,
  emissionEpochs: [],
  nextEpoch: 1,
  notes: [],
  owners: [],
  pending: 0,
  point: 0,
  refused: true,
  replyPoint: 0,
  retired: true,
  signals: [],
  stale: false,
  wireOwner: 0
}

[State 19]
{
  cachedOwner: 0,
  emissionEpochs: [],
  nextEpoch: 1,
  notes: [],
  owners: [],
  pending: 0,
  point: 0,
  refused: false,
  replyPoint: 0,
  retired: true,
  signals: [],
  stale: false,
  wireOwner: 0
}

[State 20]
{
  cachedOwner: 0,
  emissionEpochs: [],
  nextEpoch: 1,
  notes: [],
  owners: [],
  pending: 0,
  point: 0,
  refused: false,
  replyPoint: 0,
  retired: true,
  signals: [],
  stale: false,
  wireOwner: 0
}

[State 21]
{
  cachedOwner: 0,
  emissionEpochs: [],
  nextEpoch: 1,
  notes: [],
  owners: [],
  pending: 0,
  point: 0,
  refused: false,
  replyPoint: 0,
  retired: true,
  signals: [],
  stale: false,
  wireOwner: 0
}

[State 22]
{
  cachedOwner: 0,
  emissionEpochs: [],
  nextEpoch: 1,
  notes: [],
  owners: [],
  pending: 0,
  point: 0,
  refused: false,
  replyPoint: 0,
  retired: true,
  signals: [],
  stale: false,
  wireOwner: 0
}

[State 23]
{
  cachedOwner: 0,
  emissionEpochs: [],
  nextEpoch: 1,
  notes: [],
  owners: [],
  pending: 0,
  point: 0,
  refused: false,
  replyPoint: 0,
  retired: true,
  signals: [],
  stale: false,
  wireOwner: 0
}

[State 24]
{
  cachedOwner: 0,
  emissionEpochs: [],
  nextEpoch: 1,
  notes: [],
  owners: [],
  pending: 0,
  point: 0,
  refused: false,
  replyPoint: 0,
  retired: true,
  signals: [],
  stale: false,
  wireOwner: 0
}

[State 25]
{
  cachedOwner: 0,
  emissionEpochs: [],
  nextEpoch: 1,
  notes: [],
  owners: [],
  pending: 0,
  point: 0,
  refused: false,
  replyPoint: 0,
  retired: true,
  signals: [],
  stale: false,
  wireOwner: 0
}

[State 26]
{
  cachedOwner: 0,
  emissionEpochs: [],
  nextEpoch: 1,
  notes: [],
  owners: [],
  pending: 0,
  point: 0,
  refused: false,
  replyPoint: 0,
  retired: true,
  signals: [],
  stale: false,
  wireOwner: 0
}

[State 27]
{
  cachedOwner: 0,
  emissionEpochs: [],
  nextEpoch: 1,
  notes: [],
  owners: [],
  pending: 0,
  point: 0,
  refused: false,
  replyPoint: 0,
  retired: true,
  signals: [],
  stale: false,
  wireOwner: 0
}

[State 28]
{
  cachedOwner: 0,
  emissionEpochs: [],
  nextEpoch: 1,
  notes: [],
  owners: [],
  pending: 0,
  point: 0,
  refused: false,
  replyPoint: 0,
  retired: true,
  signals: [],
  stale: false,
  wireOwner: 0
}

[State 29]
{
  cachedOwner: 0,
  emissionEpochs: [],
  nextEpoch: 1,
  notes: [],
  owners: [],
  pending: 0,
  point: 0,
  refused: false,
  replyPoint: 0,
  retired: true,
  signals: [],
  stale: false,
  wireOwner: 0
}

[State 30]
{
  cachedOwner: 0,
  emissionEpochs: [],
  nextEpoch: 1,
  notes: [],
  owners: [],
  pending: 0,
  point: 0,
  refused: false,
  replyPoint: 0,
  retired: true,
  signals: [],
  stale: false,
  wireOwner: 0
}

[State 31]
{
  cachedOwner: 0,
  emissionEpochs: [],
  nextEpoch: 1,
  notes: [],
  owners: [],
  pending: 0,
  point: 0,
  refused: false,
  replyPoint: 0,
  retired: true,
  signals: [],
  stale: false,
  wireOwner: 0
}

[State 32]
{
  cachedOwner: 0,
  emissionEpochs: [],
  nextEpoch: 1,
  notes: [],
  owners: [],
  pending: 0,
  point: 0,
  refused: false,
  replyPoint: 0,
  retired: true,
  signals: [],
  stale: false,
  wireOwner: 0
}

[State 33]
{
  cachedOwner: 0,
  emissionEpochs: [],
  nextEpoch: 1,
  notes: [],
  owners: [],
  pending: 0,
  point: 0,
  refused: false,
  replyPoint: 0,
  retired: true,
  signals: [],
  stale: false,
  wireOwner: 0
}

[State 34]
{
  cachedOwner: 0,
  emissionEpochs: [],
  nextEpoch: 1,
  notes: [],
  owners: [],
  pending: 0,
  point: 0,
  refused: false,
  replyPoint: 0,
  retired: true,
  signals: [],
  stale: false,
  wireOwner: 0
}

[State 35]
{
  cachedOwner: 0,
  emissionEpochs: [],
  nextEpoch: 1,
  notes: [],
  owners: [],
  pending: 0,
  point: 0,
  refused: false,
  replyPoint: 0,
  retired: true,
  signals: [],
  stale: false,
  wireOwner: 0
}

[State 36]
{
  cachedOwner: 0,
  emissionEpochs: [],
  nextEpoch: 1,
  notes: [],
  owners: [],
  pending: 0,
  point: 0,
  refused: false,
  replyPoint: 0,
  retired: true,
  signals: [],
  stale: false,
  wireOwner: 0
}

[State 37]
{
  cachedOwner: 0,
  emissionEpochs: [],
  nextEpoch: 1,
  notes: [],
  owners: [],
  pending: 0,
  point: 0,
  refused: false,
  replyPoint: 0,
  retired: true,
  signals: [],
  stale: false,
  wireOwner: 0
}

[State 38]
{
  cachedOwner: 0,
  emissionEpochs: [],
  nextEpoch: 1,
  notes: [],
  owners: [],
  pending: 0,
  point: 0,
  refused: false,
  replyPoint: 0,
  retired: true,
  signals: [],
  stale: false,
  wireOwner: 0
}

[State 39]
{
  cachedOwner: 0,
  emissionEpochs: [],
  nextEpoch: 1,
  notes: [],
  owners: [],
  pending: 0,
  point: 0,
  refused: false,
  replyPoint: 0,
  retired: true,
  signals: [],
  stale: false,
  wireOwner: 0
}

[State 40]
{
  cachedOwner: 0,
  emissionEpochs: [],
  nextEpoch: 1,
  notes: [],
  owners: [],
  pending: 0,
  point: 0,
  refused: false,
  replyPoint: 0,
  retired: true,
  signals: [],
  stale: false,
  wireOwner: 0
}

[State 41]
{
  cachedOwner: 0,
  emissionEpochs: [],
  nextEpoch: 1,
  notes: [],
  owners: [],
  pending: 0,
  point: 0,
  refused: false,
  replyPoint: 0,
  retired: true,
  signals: [],
  stale: false,
  wireOwner: 0
}

[State 42]
{
  cachedOwner: 0,
  emissionEpochs: [],
  nextEpoch: 1,
  notes: [],
  owners: [],
  pending: 0,
  point: 0,
  refused: false,
  replyPoint: 0,
  retired: true,
  signals: [],
  stale: false,
  wireOwner: 0
}

[State 43]
{
  cachedOwner: 0,
  emissionEpochs: [],
  nextEpoch: 1,
  notes: [],
  owners: [],
  pending: 0,
  point: 0,
  refused: false,
  replyPoint: 0,
  retired: true,
  signals: [],
  stale: false,
  wireOwner: 0
}

[State 44]
{
  cachedOwner: 0,
  emissionEpochs: [],
  nextEpoch: 1,
  notes: [],
  owners: [],
  pending: 0,
  point: 0,
  refused: false,
  replyPoint: 0,
  retired: true,
  signals: [],
  stale: false,
  wireOwner: 0
}

[State 45]
{
  cachedOwner: 0,
  emissionEpochs: [],
  nextEpoch: 1,
  notes: [],
  owners: [],
  pending: 0,
  point: 0,
  refused: false,
  replyPoint: 0,
  retired: true,
  signals: [],
  stale: false,
  wireOwner: 0
}

[State 46]
{
  cachedOwner: 0,
  emissionEpochs: [],
  nextEpoch: 1,
  notes: [],
  owners: [],
  pending: 0,
  point: 0,
  refused: false,
  replyPoint: 0,
  retired: true,
  signals: [],
  stale: false,
  wireOwner: 0
}

[State 47]
{
  cachedOwner: 0,
  emissionEpochs: [],
  nextEpoch: 1,
  notes: [],
  owners: [],
  pending: 0,
  point: 0,
  refused: false,
  replyPoint: 0,
  retired: true,
  signals: [],
  stale: false,
  wireOwner: 0
}

[State 48]
{
  cachedOwner: 0,
  emissionEpochs: [],
  nextEpoch: 1,
  notes: [],
  owners: [],
  pending: 0,
  point: 0,
  refused: false,
  replyPoint: 0,
  retired: true,
  signals: [],
  stale: false,
  wireOwner: 0
}

[State 49]
{
  cachedOwner: 0,
  emissionEpochs: [],
  nextEpoch: 1,
  notes: [],
  owners: [],
  pending: 0,
  point: 0,
  refused: false,
  replyPoint: 0,
  retired: true,
  signals: [],
  stale: false,
  wireOwner: 0
}

[State 50]
{
  cachedOwner: 0,
  emissionEpochs: [],
  nextEpoch: 1,
  notes: [],
  owners: [],
  pending: 0,
  point: 0,
  refused: false,
  replyPoint: 0,
  retired: true,
  signals: [],
  stale: false,
  wireOwner: 0
}

[State 51]
{
  cachedOwner: 0,
  emissionEpochs: [],
  nextEpoch: 1,
  notes: [],
  owners: [],
  pending: 0,
  point: 0,
  refused: false,
  replyPoint: 0,
  retired: true,
  signals: [],
  stale: false,
  wireOwner: 0
}

[State 52]
{
  cachedOwner: 0,
  emissionEpochs: [],
  nextEpoch: 1,
  notes: [],
  owners: [],
  pending: 0,
  point: 0,
  refused: false,
  replyPoint: 0,
  retired: true,
  signals: [],
  stale: false,
  wireOwner: 0
}

[State 53]
{
  cachedOwner: 0,
  emissionEpochs: [],
  nextEpoch: 1,
  notes: [],
  owners: [],
  pending: 0,
  point: 0,
  refused: false,
  replyPoint: 0,
  retired: true,
  signals: [],
  stale: false,
  wireOwner: 0
}

[State 54]
{
  cachedOwner: 0,
  emissionEpochs: [],
  nextEpoch: 1,
  notes: [],
  owners: [],
  pending: 0,
  point: 0,
  refused: false,
  replyPoint: 0,
  retired: true,
  signals: [],
  stale: false,
  wireOwner: 0
}

[State 55]
{
  cachedOwner: 0,
  emissionEpochs: [],
  nextEpoch: 1,
  notes: [],
  owners: [],
  pending: 0,
  point: 0,
  refused: false,
  replyPoint: 0,
  retired: true,
  signals: [],
  stale: false,
  wireOwner: 0
}

[State 56]
{
  cachedOwner: 0,
  emissionEpochs: [],
  nextEpoch: 1,
  notes: [],
  owners: [],
  pending: 0,
  point: 0,
  refused: false,
  replyPoint: 0,
  retired: true,
  signals: [],
  stale: false,
  wireOwner: 0
}

[State 57]
{
  cachedOwner: 0,
  emissionEpochs: [],
  nextEpoch: 1,
  notes: [],
  owners: [],
  pending: 0,
  point: 0,
  refused: false,
  replyPoint: 0,
  retired: true,
  signals: [],
  stale: false,
  wireOwner: 0
}

[State 58]
{
  cachedOwner: 0,
  emissionEpochs: [],
  nextEpoch: 1,
  notes: [],
  owners: [],
  pending: 0,
  point: 0,
  refused: true,
  replyPoint: 0,
  retired: true,
  signals: [],
  stale: false,
  wireOwner: 0
}

[State 59]
{
  cachedOwner: 0,
  emissionEpochs: [],
  nextEpoch: 1,
  notes: [],
  owners: [],
  pending: 0,
  point: 0,
  refused: false,
  replyPoint: 0,
  retired: true,
  signals: [],
  stale: false,
  wireOwner: 0
}

[State 60]
{
  cachedOwner: 0,
  emissionEpochs: [],
  nextEpoch: 1,
  notes: [],
  owners: [],
  pending: 0,
  point: 0,
  refused: true,
  replyPoint: 0,
  retired: true,
  signals: [],
  stale: false,
  wireOwner: 0
}

[State 61]
{
  cachedOwner: 0,
  emissionEpochs: [],
  nextEpoch: 1,
  notes: [],
  owners: [],
  pending: 0,
  point: 0,
  refused: false,
  replyPoint: 0,
  retired: true,
  signals: [],
  stale: false,
  wireOwner: 0
}

[State 62]
{
  cachedOwner: 0,
  emissionEpochs: [],
  nextEpoch: 1,
  notes: [],
  owners: [],
  pending: 0,
  point: 0,
  refused: false,
  replyPoint: 0,
  retired: true,
  signals: [],
  stale: false,
  wireOwner: 0
}

[State 63]
{
  cachedOwner: 0,
  emissionEpochs: [],
  nextEpoch: 1,
  notes: [],
  owners: [],
  pending: 0,
  point: 0,
  refused: false,
  replyPoint: 0,
  retired: true,
  signals: [],
  stale: false,
  wireOwner: 0
}

[State 64]
{
  cachedOwner: 0,
  emissionEpochs: [],
  nextEpoch: 1,
  notes: [],
  owners: [],
  pending: 0,
  point: 0,
  refused: false,
  replyPoint: 0,
  retired: true,
  signals: [],
  stale: false,
  wireOwner: 0
}

[State 65]
{
  cachedOwner: 0,
  emissionEpochs: [],
  nextEpoch: 1,
  notes: [],
  owners: [],
  pending: 0,
  point: 0,
  refused: false,
  replyPoint: 0,
  retired: true,
  signals: [],
  stale: false,
  wireOwner: 0
}

[State 66]
{
  cachedOwner: 0,
  emissionEpochs: [],
  nextEpoch: 1,
  notes: [],
  owners: [],
  pending: 0,
  point: 0,
  refused: false,
  replyPoint: 0,
  retired: true,
  signals: [],
  stale: false,
  wireOwner: 0
}

[State 67]
{
  cachedOwner: 0,
  emissionEpochs: [],
  nextEpoch: 1,
  notes: [],
  owners: [],
  pending: 0,
  point: 0,
  refused: false,
  replyPoint: 0,
  retired: true,
  signals: [],
  stale: false,
  wireOwner: 0
}

[State 68]
{
  cachedOwner: 0,
  emissionEpochs: [],
  nextEpoch: 1,
  notes: [],
  owners: [],
  pending: 0,
  point: 0,
  refused: false,
  replyPoint: 0,
  retired: true,
  signals: [],
  stale: false,
  wireOwner: 0
}

[State 69]
{
  cachedOwner: 0,
  emissionEpochs: [],
  nextEpoch: 1,
  notes: [],
  owners: [],
  pending: 0,
  point: 0,
  refused: false,
  replyPoint: 0,
  retired: true,
  signals: [],
  stale: false,
  wireOwner: 0
}

[State 70]
{
  cachedOwner: 0,
  emissionEpochs: [],
  nextEpoch: 1,
  notes: [],
  owners: [],
  pending: 0,
  point: 0,
  refused: false,
  replyPoint: 0,
  retired: true,
  signals: [],
  stale: false,
  wireOwner: 0
}

[State 71]
{
  cachedOwner: 0,
  emissionEpochs: [],
  nextEpoch: 1,
  notes: [],
  owners: [],
  pending: 0,
  point: 0,
  refused: true,
  replyPoint: 0,
  retired: true,
  signals: [],
  stale: false,
  wireOwner: 0
}

[State 72]
{
  cachedOwner: 0,
  emissionEpochs: [],
  nextEpoch: 1,
  notes: [],
  owners: [],
  pending: 0,
  point: 0,
  refused: false,
  replyPoint: 0,
  retired: true,
  signals: [],
  stale: false,
  wireOwner: 0
}

[State 73]
{
  cachedOwner: 0,
  emissionEpochs: [],
  nextEpoch: 1,
  notes: [],
  owners: [],
  pending: 0,
  point: 0,
  refused: false,
  replyPoint: 0,
  retired: true,
  signals: [],
  stale: false,
  wireOwner: 0
}

[State 74]
{
  cachedOwner: 0,
  emissionEpochs: [],
  nextEpoch: 1,
  notes: [],
  owners: [],
  pending: 0,
  point: 0,
  refused: false,
  replyPoint: 0,
  retired: true,
  signals: [],
  stale: false,
  wireOwner: 0
}

[State 75]
{
  cachedOwner: 0,
  emissionEpochs: [],
  nextEpoch: 1,
  notes: [],
  owners: [],
  pending: 0,
  point: 0,
  refused: false,
  replyPoint: 0,
  retired: true,
  signals: [],
  stale: false,
  wireOwner: 0
}

[State 76]
{
  cachedOwner: 0,
  emissionEpochs: [],
  nextEpoch: 1,
  notes: [],
  owners: [],
  pending: 0,
  point: 0,
  refused: false,
  replyPoint: 0,
  retired: true,
  signals: [],
  stale: false,
  wireOwner: 0
}

[State 77]
{
  cachedOwner: 0,
  emissionEpochs: [],
  nextEpoch: 1,
  notes: [],
  owners: [],
  pending: 0,
  point: 0,
  refused: false,
  replyPoint: 0,
  retired: true,
  signals: [],
  stale: false,
  wireOwner: 0
}

[State 78]
{
  cachedOwner: 0,
  emissionEpochs: [],
  nextEpoch: 1,
  notes: [],
  owners: [],
  pending: 0,
  point: 0,
  refused: false,
  replyPoint: 0,
  retired: true,
  signals: [],
  stale: false,
  wireOwner: 0
}

[State 79]
{
  cachedOwner: 0,
  emissionEpochs: [],
  nextEpoch: 1,
  notes: [],
  owners: [],
  pending: 0,
  point: 0,
  refused: false,
  replyPoint: 0,
  retired: true,
  signals: [],
  stale: false,
  wireOwner: 0
}

[State 80]
{
  cachedOwner: 0,
  emissionEpochs: [],
  nextEpoch: 1,
  notes: [],
  owners: [],
  pending: 0,
  point: 0,
  refused: false,
  replyPoint: 0,
  retired: true,
  signals: [],
  stale: false,
  wireOwner: 0
}

[State 81]
{
  cachedOwner: 0,
  emissionEpochs: [],
  nextEpoch: 1,
  notes: [],
  owners: [],
  pending: 0,
  point: 0,
  refused: false,
  replyPoint: 0,
  retired: true,
  signals: [],
  stale: false,
  wireOwner: 0
}

[State 82]
{
  cachedOwner: 0,
  emissionEpochs: [],
  nextEpoch: 1,
  notes: [],
  owners: [],
  pending: 0,
  point: 0,
  refused: false,
  replyPoint: 0,
  retired: true,
  signals: [],
  stale: false,
  wireOwner: 0
}

[State 83]
{
  cachedOwner: 0,
  emissionEpochs: [],
  nextEpoch: 1,
  notes: [],
  owners: [],
  pending: 0,
  point: 0,
  refused: false,
  replyPoint: 0,
  retired: true,
  signals: [],
  stale: false,
  wireOwner: 0
}

[State 84]
{
  cachedOwner: 0,
  emissionEpochs: [],
  nextEpoch: 1,
  notes: [],
  owners: [],
  pending: 0,
  point: 0,
  refused: false,
  replyPoint: 0,
  retired: true,
  signals: [],
  stale: false,
  wireOwner: 0
}

[State 85]
{
  cachedOwner: 0,
  emissionEpochs: [],
  nextEpoch: 1,
  notes: [],
  owners: [],
  pending: 0,
  point: 0,
  refused: false,
  replyPoint: 0,
  retired: true,
  signals: [],
  stale: false,
  wireOwner: 0
}

[State 86]
{
  cachedOwner: 0,
  emissionEpochs: [],
  nextEpoch: 1,
  notes: [],
  owners: [],
  pending: 0,
  point: 0,
  refused: false,
  replyPoint: 0,
  retired: true,
  signals: [],
  stale: false,
  wireOwner: 0
}

[State 87]
{
  cachedOwner: 0,
  emissionEpochs: [],
  nextEpoch: 1,
  notes: [],
  owners: [],
  pending: 0,
  point: 0,
  refused: false,
  replyPoint: 0,
  retired: true,
  signals: [],
  stale: false,
  wireOwner: 0
}

[State 88]
{
  cachedOwner: 0,
  emissionEpochs: [],
  nextEpoch: 1,
  notes: [],
  owners: [],
  pending: 0,
  point: 0,
  refused: false,
  replyPoint: 0,
  retired: true,
  signals: [],
  stale: false,
  wireOwner: 0
}

[State 89]
{
  cachedOwner: 0,
  emissionEpochs: [],
  nextEpoch: 1,
  notes: [],
  owners: [],
  pending: 0,
  point: 0,
  refused: false,
  replyPoint: 0,
  retired: true,
  signals: [],
  stale: false,
  wireOwner: 0
}

[State 90]
{
  cachedOwner: 0,
  emissionEpochs: [],
  nextEpoch: 1,
  notes: [],
  owners: [],
  pending: 0,
  point: 0,
  refused: false,
  replyPoint: 0,
  retired: true,
  signals: [],
  stale: false,
  wireOwner: 0
}

[State 91]
{
  cachedOwner: 0,
  emissionEpochs: [],
  nextEpoch: 1,
  notes: [],
  owners: [],
  pending: 0,
  point: 0,
  refused: false,
  replyPoint: 0,
  retired: true,
  signals: [],
  stale: false,
  wireOwner: 0
}

[State 92]
{
  cachedOwner: 0,
  emissionEpochs: [],
  nextEpoch: 1,
  notes: [],
  owners: [],
  pending: 0,
  point: 0,
  refused: true,
  replyPoint: 0,
  retired: true,
  signals: [],
  stale: false,
  wireOwner: 0
}

[State 93]
{
  cachedOwner: 0,
  emissionEpochs: [],
  nextEpoch: 1,
  notes: [],
  owners: [],
  pending: 0,
  point: 0,
  refused: true,
  replyPoint: 0,
  retired: true,
  signals: [],
  stale: false,
  wireOwner: 0
}

[State 94]
{
  cachedOwner: 0,
  emissionEpochs: [],
  nextEpoch: 1,
  notes: [],
  owners: [],
  pending: 0,
  point: 0,
  refused: false,
  replyPoint: 0,
  retired: true,
  signals: [],
  stale: false,
  wireOwner: 0
}

[State 95]
{
  cachedOwner: 0,
  emissionEpochs: [],
  nextEpoch: 1,
  notes: [],
  owners: [],
  pending: 0,
  point: 0,
  refused: false,
  replyPoint: 0,
  retired: true,
  signals: [],
  stale: false,
  wireOwner: 0
}

[State 96]
{
  cachedOwner: 0,
  emissionEpochs: [],
  nextEpoch: 1,
  notes: [],
  owners: [],
  pending: 0,
  point: 0,
  refused: false,
  replyPoint: 0,
  retired: true,
  signals: [],
  stale: false,
  wireOwner: 0
}

[State 97]
{
  cachedOwner: 0,
  emissionEpochs: [],
  nextEpoch: 1,
  notes: [],
  owners: [],
  pending: 0,
  point: 0,
  refused: false,
  replyPoint: 0,
  retired: true,
  signals: [],
  stale: false,
  wireOwner: 0
}

[State 98]
{
  cachedOwner: 0,
  emissionEpochs: [],
  nextEpoch: 1,
  notes: [],
  owners: [],
  pending: 0,
  point: 0,
  refused: false,
  replyPoint: 0,
  retired: true,
  signals: [],
  stale: false,
  wireOwner: 0
}

[State 99]
{
  cachedOwner: 0,
  emissionEpochs: [],
  nextEpoch: 1,
  notes: [],
  owners: [],
  pending: 0,
  point: 0,
  refused: false,
  replyPoint: 0,
  retired: true,
  signals: [],
  stale: false,
  wireOwner: 0
}

[State 100]
{
  cachedOwner: 0,
  emissionEpochs: [],
  nextEpoch: 1,
  notes: [],
  owners: [],
  pending: 0,
  point: 0,
  refused: false,
  replyPoint: 0,
  retired: true,
  signals: [],
  stale: false,
  wireOwner: 0
}

[ok] No violation found (851ms at 2350 traces/second).
Trace length statistics: max=101, min=101, average=101.00
You may increase --max-samples and --max-steps.
Use --verbosity to produce more (or less) output.
Use --seed=0x1383565 --backend=rust to reproduce.
