  INFO: Launching config: "/home/hoskinson/window-integration-qa/files-installed-qa/attempt-20261001T105434-051213/keys/app/shell.qml"
  INFO: Shell ID: "3ee016bf92e159f4fb4551121dd1a044" Path ID "3ee016bf92e159f4fb4551121dd1a044"
  INFO: Saving logs to "/run/user/1000/quickshell/by-id/0ead2ya68mt/log.qslog"
  WARN quickshell.qmlscanner: Ignoring unresolvable import "/home/hoskinson/window-integration-qa/files-installed-qa/attempt-20261001T105434-051213/keys/app/file:///home/hoskinson/window-integration-qa/files-installed-qa/attempt-20261001T105434-051213/keys/app/FixtureKeys" from "/home/hoskinson/window-integration-qa/files-installed-qa/attempt-20261001T105434-051213/keys/app/shell.qml"
  WARN quickshell.qmlscanner: Ignoring unresolvable import "/home/hoskinson/window-integration-qa/files-installed-qa/attempt-20261001T105434-051213/keys/app/file:///home/hoskinson/.local/share/omarchy-files-native/WindowAccessibilityV6_routing_20261001" from "/home/hoskinson/window-integration-qa/files-installed-qa/attempt-20261001T105434-051213/keys/app/shell.qml"
  WARN quickshell.qmlscanner: Ignoring unresolvable import "/home/hoskinson/window-integration-qa/files-installed-qa/attempt-20261001T105434-051213/keys/app/explorer/file:///home/hoskinson/.local/share/omarchy-files-native/WindowAccessibilityV6_routing_20261001" from "/home/hoskinson/window-integration-qa/files-installed-qa/attempt-20261001T105434-051213/keys/app/explorer/Cell.qml"
  WARN quickshell.qmlscanner: Ignoring unresolvable import "/home/hoskinson/window-integration-qa/files-installed-qa/attempt-20261001T105434-051213/keys/app/Ui/file:///home/hoskinson/.local/share/omarchy-files-native/WindowAccessibilityV6_routing_20261001" from "/home/hoskinson/window-integration-qa/files-installed-qa/attempt-20261001T105434-051213/keys/app/Ui/Btn.qml"
  WARN quickshell.qmlscanner: Ignoring unresolvable import "/home/hoskinson/window-integration-qa/files-installed-qa/attempt-20261001T105434-051213/keys/app/Ui/file:///home/hoskinson/.local/share/omarchy-files-native/WindowAccessibilityV6_routing_20261001" from "/home/hoskinson/window-integration-qa/files-installed-qa/attempt-20261001T105434-051213/keys/app/Ui/Chip.qml"
  WARN quickshell.qmlscanner: Ignoring unresolvable import "/home/hoskinson/window-integration-qa/files-installed-qa/attempt-20261001T105434-051213/keys/app/Ui/file:///home/hoskinson/.local/share/omarchy-files-native/WindowAccessibilityV6_routing_20261001" from "/home/hoskinson/window-integration-qa/files-installed-qa/attempt-20261001T105434-051213/keys/app/Ui/ContextMenu.qml"
  WARN quickshell.qmlscanner: Ignoring unresolvable import "/home/hoskinson/window-integration-qa/files-installed-qa/attempt-20261001T105434-051213/keys/app/Ui/file:///home/hoskinson/.local/share/omarchy-files-native/WindowAccessibilityV6_routing_20261001" from "/home/hoskinson/window-integration-qa/files-installed-qa/attempt-20261001T105434-051213/keys/app/Ui/Prompt.qml"
  WARN quickshell.qmlscanner: Ignoring unresolvable import "/home/hoskinson/window-integration-qa/files-installed-qa/attempt-20261001T105434-051213/keys/app/explorer/file:///home/hoskinson/.local/share/omarchy-files-native/WindowAccessibilityV6_routing_20261001" from "/home/hoskinson/window-integration-qa/files-installed-qa/attempt-20261001T105434-051213/keys/app/explorer/Dashboard.qml"
  WARN quickshell.qmlscanner: Ignoring unresolvable import "/home/hoskinson/window-integration-qa/files-installed-qa/attempt-20261001T105434-051213/keys/app/explorer/file:///home/hoskinson/.local/share/omarchy-files-native/WindowAccessibilityV6_routing_20261001" from "/home/hoskinson/window-integration-qa/files-installed-qa/attempt-20261001T105434-051213/keys/app/explorer/Explorer.qml"
  WARN quickshell.qmlscanner: Ignoring unresolvable import "/home/hoskinson/window-integration-qa/files-installed-qa/attempt-20261001T105434-051213/keys/app/explorer/file:///home/hoskinson/.local/share/omarchy-files-native/WindowAccessibilityV6_routing_20261001" from "/home/hoskinson/window-integration-qa/files-installed-qa/attempt-20261001T105434-051213/keys/app/explorer/FileArea.qml"
  WARN quickshell.qmlscanner: Ignoring unresolvable import "/home/hoskinson/window-integration-qa/files-installed-qa/attempt-20261001T105434-051213/keys/app/explorer/file:///home/hoskinson/.local/share/omarchy-files-native/WindowAccessibilityV6_routing_20261001" from "/home/hoskinson/window-integration-qa/files-installed-qa/attempt-20261001T105434-051213/keys/app/explorer/PathBar.qml"
  WARN quickshell.qmlscanner: Ignoring unresolvable import "/home/hoskinson/window-integration-qa/files-installed-qa/attempt-20261001T105434-051213/keys/app/explorer/file:///home/hoskinson/.local/share/omarchy-files-native/WindowAccessibilityV6_routing_20261001" from "/home/hoskinson/window-integration-qa/files-installed-qa/attempt-20261001T105434-051213/keys/app/explorer/Tree.qml"
  WARN quickshell.qmlscanner: Ignoring unresolvable import "/home/hoskinson/window-integration-qa/files-installed-qa/attempt-20261001T105434-051213/keys/app/explorer/file:///home/hoskinson/.local/share/omarchy-files-native/WindowAccessibilityV6_routing_20261001" from "/home/hoskinson/window-integration-qa/files-installed-qa/attempt-20261001T105434-051213/keys/app/explorer/Treemap.qml"
  WARN scene: QML IpcHandler at @shell.qml[64:3]: Signal detected: "retainedItemChanged"
  WARN scene: QML IpcHandler at @shell.qml[64:3]: Error parsing property "retainedItem": Type QVariant cannot be used across IPC.
  INFO: Configuration Loaded
  WARN scene: QML FileView at @Commons/Theme.qml[54:25]: Read of /home/hoskinson/window-integration-qa/files-installed-qa/attempt-20261001T105434-051213/keys/home/.local/state/omarchy/current/theme/colors.toml failed: File does not exist.
  WARN: This plugin does not support setting window masks
