[17:28:12.951502] {Default Queue}  -> wl_display#1.get_registry(new id wl_registry#2)
[17:28:12.951539] {Default Queue}  -> wl_display#1.sync(new id wl_callback#3)
[17:28:12.951692] {Display Queue} wl_display#1.delete_id(3)
[17:28:12.951701] {Default Queue} wl_registry#2.global(1, "wl_seat", 9)
[17:28:12.951709] {Default Queue} wl_registry#2.global(2, "wl_data_device_manager", 3)
[17:28:12.951713] {Default Queue} wl_registry#2.global(3, "wl_compositor", 6)
[17:28:12.951719] {Default Queue}  -> wl_registry#2.bind(3, "wl_compositor", 4, new id [unknown]#4)
[17:28:12.951724] {Default Queue} wl_registry#2.global(4, "wl_subcompositor", 1)
[17:28:12.951729] {Default Queue} wl_registry#2.global(5, "wl_shm", 2)
[17:28:12.951734] {Default Queue}  -> wl_registry#2.bind(5, "wl_shm", 1, new id [unknown]#5)
[17:28:12.951739] {Default Queue} wl_registry#2.global(6, "wp_viewporter", 1)
[17:28:12.951743] {Default Queue} wl_registry#2.global(7, "wp_tearing_control_manager_v1", 1)
[17:28:12.951747] {Default Queue} wl_registry#2.global(8, "wp_fractional_scale_manager_v1", 1)
[17:28:12.951751] {Default Queue} wl_registry#2.global(9, "zxdg_output_manager_v1", 3)
[17:28:12.951755] {Default Queue} wl_registry#2.global(10, "wp_cursor_shape_manager_v1", 2)
[17:28:12.951759] {Default Queue} wl_registry#2.global(11, "zwp_idle_inhibit_manager_v1", 1)
[17:28:12.951763] {Default Queue} wl_registry#2.global(12, "zwp_relative_pointer_manager_v1", 1)
[17:28:12.951767] {Default Queue} wl_registry#2.global(13, "zxdg_decoration_manager_v1", 2)
[17:28:12.951771] {Default Queue} wl_registry#2.global(14, "wp_alpha_modifier_v1", 1)
[17:28:12.951775] {Default Queue} wl_registry#2.global(15, "zwlr_gamma_control_manager_v1", 1)
[17:28:12.951779] {Default Queue} wl_registry#2.global(16, "ext_foreign_toplevel_list_v1", 1)
[17:28:12.951783] {Default Queue} wl_registry#2.global(17, "zwp_pointer_gestures_v1", 3)
[17:28:12.951787] {Default Queue} wl_registry#2.global(18, "zwlr_foreign_toplevel_manager_v1", 3)
[17:28:12.951792] {Default Queue} wl_registry#2.global(19, "zwp_keyboard_shortcuts_inhibit_manager_v1", 1)
[17:28:12.951796] {Default Queue} wl_registry#2.global(20, "zwp_text_input_manager_v1", 1)
[17:28:12.951800] {Default Queue} wl_registry#2.global(21, "zwp_text_input_manager_v3", 1)
[17:28:12.951804] {Default Queue} wl_registry#2.global(22, "zwp_pointer_constraints_v1", 1)
[17:28:12.951811] {Default Queue} wl_registry#2.global(23, "zwlr_output_power_manager_v1", 1)
[17:28:12.951816] {Default Queue} wl_registry#2.global(24, "xdg_activation_v1", 1)
[17:28:12.951820] {Default Queue} wl_registry#2.global(25, "ext_idle_notifier_v1", 2)
[17:28:12.951824] {Default Queue} wl_registry#2.global(26, "hyprland_lock_notifier_v1", 1)
[17:28:12.951828] {Default Queue} wl_registry#2.global(27, "ext_session_lock_manager_v1", 1)
[17:28:12.951832] {Default Queue} wl_registry#2.global(28, "zwp_input_method_manager_v2", 1)
[17:28:12.951837] {Default Queue} wl_registry#2.global(29, "zwp_virtual_keyboard_manager_v1", 1)
[17:28:12.951841] {Default Queue} wl_registry#2.global(30, "zwlr_virtual_pointer_manager_v1", 2)
[17:28:12.951845] {Default Queue} wl_registry#2.global(31, "zwlr_output_manager_v1", 4)
[17:28:12.951850] {Default Queue} wl_registry#2.global(32, "org_kde_kwin_server_decoration_manager", 1)
[17:28:12.951854] {Default Queue} wl_registry#2.global(33, "hyprland_focus_grab_manager_v1", 1)
[17:28:12.951858] {Default Queue} wl_registry#2.global(34, "zwp_tablet_manager_v2", 1)
[17:28:12.951862] {Default Queue} wl_registry#2.global(35, "zwlr_layer_shell_v1", 5)
[17:28:12.951867] {Default Queue} wl_registry#2.global(36, "wp_presentation", 2)
[17:28:12.951871] {Default Queue} wl_registry#2.global(37, "xdg_wm_base", 7)
[17:28:12.951875] {Default Queue}  -> wl_registry#2.bind(37, "xdg_wm_base", 6, new id [unknown]#6)
[17:28:12.951880] {Default Queue} wl_registry#2.global(38, "zwlr_data_control_manager_v1", 2)
[17:28:12.951884] {Default Queue} wl_registry#2.global(39, "zwp_primary_selection_device_manager_v1", 1)
[17:28:12.951888] {Default Queue} wl_registry#2.global(40, "xwayland_shell_v1", 1)
[17:28:12.951901] {Default Queue} wl_registry#2.global(41, "hyprland_toplevel_mapping_manager_v1", 1)
[17:28:12.951911] {Default Queue} wl_registry#2.global(42, "hyprland_global_shortcuts_manager_v1", 1)
[17:28:12.951916] {Default Queue} wl_registry#2.global(43, "xdg_wm_dialog_v1", 1)
[17:28:12.951920] {Default Queue} wl_registry#2.global(44, "wp_single_pixel_buffer_manager_v1", 1)
[17:28:12.951924] {Default Queue} wl_registry#2.global(45, "wp_security_context_manager_v1", 1)
[17:28:12.951928] {Default Queue} wl_registry#2.global(46, "hyprland_ctm_control_manager_v1", 2)
[17:28:12.951932] {Default Queue} wl_registry#2.global(47, "hyprland_input_capture_manager_v1", 1)
[17:28:12.951936] {Default Queue} wl_registry#2.global(48, "hyprland_surface_manager_v1", 2)
[17:28:12.951940] {Default Queue} wl_registry#2.global(49, "wp_content_type_manager_v1", 1)
[17:28:12.951944] {Default Queue} wl_registry#2.global(50, "xdg_toplevel_tag_manager_v1", 1)
[17:28:12.951949] {Default Queue} wl_registry#2.global(51, "xdg_system_bell_v1", 1)
[17:28:12.951953] {Default Queue} wl_registry#2.global(52, "vicinae_hotkey_manager_v1", 1)
[17:28:12.951957] {Default Queue} wl_registry#2.global(53, "ext_workspace_manager_v1", 1)
[17:28:12.951961] {Default Queue} wl_registry#2.global(54, "ext_data_control_manager_v1", 1)
[17:28:12.951965] {Default Queue} wl_registry#2.global(55, "wp_pointer_warp_v1", 1)
[17:28:12.951969] {Default Queue} wl_registry#2.global(56, "wp_fifo_manager_v1", 1)
[17:28:12.951973] {Default Queue} wl_registry#2.global(57, "zxdg_exporter_v2", 1)
[17:28:12.951976] {Default Queue} wl_registry#2.global(58, "zxdg_importer_v2", 1)
[17:28:12.951980] {Default Queue} wl_registry#2.global(59, "ext_background_effect_manager_v1", 1)
[17:28:12.951984] {Default Queue} wl_registry#2.global(60, "wp_commit_timing_manager_v1", 1)
[17:28:12.951988] {Default Queue} wl_registry#2.global(61, "zwlr_screencopy_manager_v1", 3)
[17:28:12.951992] {Default Queue} wl_registry#2.global(62, "hyprland_toplevel_export_manager_v1", 2)
[17:28:12.951996] {Default Queue} wl_registry#2.global(63, "ext_output_image_capture_source_manager_v1", 1)
[17:28:12.952000] {Default Queue} wl_registry#2.global(64, "ext_foreign_toplevel_image_capture_source_manager_v1", 1)
[17:28:12.952005] {Default Queue} wl_registry#2.global(65, "ext_image_copy_capture_manager_v1", 1)
[17:28:12.952009] {Default Queue} wl_registry#2.global(66, "wp_color_manager_v1", 3)
[17:28:12.952013] {Default Queue} wl_registry#2.global(67, "wl_drm", 2)
[17:28:12.952017] {Default Queue} wl_registry#2.global(68, "zwp_linux_dmabuf_v1", 5)
[17:28:12.952022] {Default Queue} wl_registry#2.global(69, "wl_output", 4)
[17:28:12.952026] {Default Queue} wl_callback#3.done(0)
[17:28:12.952031] {Default Queue}  -> wl_compositor#4.create_surface(new id wl_surface#3)
[17:28:12.952035] {Default Queue}  -> xdg_wm_base#6.get_xdg_surface(new id xdg_surface#7, wl_surface#3)
[17:28:12.952040] {Default Queue}  -> xdg_surface#7.get_toplevel(new id xdg_toplevel#8)
[17:28:12.952044] {Default Queue}  -> xdg_toplevel#8.set_title("ELM-MAXIMIZE-PROBE")
[17:28:12.952048] {Default Queue}  -> xdg_toplevel#8.set_app_id("elm-maximize-probe")
[17:28:12.952052] {Default Queue}  -> wl_surface#3.commit()
[17:28:12.952543] {Default Queue} discarded wl_shm#5.format(0)
[17:28:12.952560] {Default Queue} discarded wl_shm#5.format(1)
[17:28:12.952564] {Default Queue} discarded wl_shm#5.format(875709016)
[17:28:12.952567] {Default Queue} discarded wl_shm#5.format(875708993)
[17:28:12.952570] {Default Queue} discarded wl_shm#5.format(808669784)
[17:28:12.952573] {Default Queue} discarded wl_shm#5.format(808669761)
[17:28:12.952575] {Default Queue} discarded wl_shm#5.format(808665688)
[17:28:12.952578] {Default Queue} discarded wl_shm#5.format(808665665)
[17:28:12.952581] {Default Queue} xdg_toplevel#8.wm_capabilities(array[8])
[17:28:12.952585] {Default Queue} xdg_toplevel#8.configure(800, 600, array[16])
[17:28:12.952590] {Default Queue} xdg_surface#7.configure(1)
[17:28:12.952594] {Default Queue}  -> xdg_surface#7.ack_configure(1)
{"event":"configure","sequence":1,"monotonicNs":99158888354210,"serial":1,"ackedSerial":1,"width":800,"height":600,"maximized":false,"fullscreen":false,"suspended":false,"configuredWidth":800,"configuredHeight":600}
[17:28:12.954271] {Default Queue}  -> wl_shm#5.create_pool(new id wl_shm_pool#9, fd 5, 1920000)
[17:28:12.954286] {Default Queue}  -> wl_shm_pool#9.create_buffer(new id wl_buffer#10, 0, 800, 600, 3200, 0)
[17:28:12.954291] {Default Queue}  -> wl_shm_pool#9.destroy()
[17:28:12.954297] {Default Queue}  -> xdg_surface#7.set_window_geometry(0, 0, 800, 600)
[17:28:12.954301] {Default Queue}  -> wl_surface#3.attach(wl_buffer#10, 0, 0)
[17:28:12.954305] {Default Queue}  -> wl_surface#3.damage(0, 0, 800, 600)
[17:28:12.954308] {Default Queue}  -> wl_surface#3.commit()
{"event":"buffercommit","sequence":2,"monotonicNs":99158890071703,"serial":1,"ackedSerial":1,"width":800,"height":600,"maximized":false,"fullscreen":false,"suspended":false,"bufferWidth":800,"bufferHeight":600,"inflight":1,"argb":"ff2971c8"}
{"event":"ready","sequence":3,"monotonicNs":99158890074499,"serial":1,"ackedSerial":1,"width":800,"height":600,"maximized":false,"fullscreen":false,"suspended":false,"title":"ELM-MAXIMIZE-PROBE","appId":"elm-maximize-probe"}
[17:28:12.956595] {Display Queue} wl_display#1.delete_id(9)
[17:28:12.956614] {Default Queue} wl_buffer#10.release()
{"event":"buffer-release","sequence":4,"monotonicNs":99158892372221,"serial":1,"ackedSerial":1,"width":800,"height":600,"maximized":false,"fullscreen":false,"suspended":false,"bufferSerial":1,"bufferWidth":800,"bufferHeight":600}
[17:28:12.956623] {Default Queue}  -> wl_buffer#10.destroy()
[17:28:12.956691] {Default Queue} xdg_toplevel#8.configure(758, 558, array[20])
[17:28:12.956698] {Default Queue} xdg_surface#7.configure(2)
[17:28:12.956703] {Default Queue}  -> xdg_surface#7.ack_configure(2)
{"event":"configure","sequence":5,"monotonicNs":99158892460312,"serial":2,"ackedSerial":2,"width":758,"height":558,"maximized":false,"fullscreen":false,"suspended":false,"configuredWidth":758,"configuredHeight":558}
[17:28:12.958184] {Default Queue}  -> wl_shm#5.create_pool(new id wl_shm_pool#9, fd 5, 1691856)
[17:28:12.958190] {Default Queue}  -> wl_shm_pool#9.create_buffer(new id wl_buffer#11, 0, 758, 558, 3032, 0)
[17:28:12.958195] {Default Queue}  -> wl_shm_pool#9.destroy()
[17:28:12.958199] {Default Queue}  -> xdg_surface#7.set_window_geometry(0, 0, 758, 558)
[17:28:12.958203] {Default Queue}  -> wl_surface#3.attach(wl_buffer#11, 0, 0)
[17:28:12.958207] {Default Queue}  -> wl_surface#3.damage(0, 0, 758, 558)
[17:28:12.958210] {Default Queue}  -> wl_surface#3.commit()
{"event":"buffercommit","sequence":6,"monotonicNs":99158893974438,"serial":2,"ackedSerial":2,"width":758,"height":558,"maximized":false,"fullscreen":false,"suspended":false,"bufferWidth":758,"bufferHeight":558,"inflight":1,"argb":"ff2a71c8"}
[17:28:12.960440] discarded [unknown]#10.[event 0](0 fd, 8 byte)
[17:28:12.960461] {Display Queue} wl_display#1.delete_id(10)
[17:28:12.960470] {Display Queue} wl_display#1.delete_id(9)
[17:28:12.960474] {Default Queue} wl_buffer#11.release()
{"event":"buffer-release","sequence":7,"monotonicNs":99158896231822,"serial":2,"ackedSerial":2,"width":758,"height":558,"maximized":false,"fullscreen":false,"suspended":false,"bufferSerial":2,"bufferWidth":758,"bufferHeight":558}
[17:28:12.960483] {Default Queue}  -> wl_buffer#11.destroy()
[17:28:12.961010] discarded [unknown]#11.[event 0](0 fd, 8 byte)
[17:28:12.961030] {Display Queue} wl_display#1.delete_id(11)
[17:28:13.285624] {Default Queue} xdg_wm_base#6.ping(1337)
[17:28:13.285650] {Default Queue}  -> xdg_wm_base#6.pong(1337)
[17:28:13.292996] {Default Queue} xdg_toplevel#8.configure(800, 600, array[20])
[17:28:13.293023] {Default Queue} xdg_surface#7.configure(3)
[17:28:13.293031] {Default Queue}  -> xdg_surface#7.ack_configure(3)
{"event":"configure","sequence":8,"monotonicNs":99159228792189,"serial":3,"ackedSerial":3,"width":800,"height":600,"maximized":false,"fullscreen":false,"suspended":false,"configuredWidth":800,"configuredHeight":600}
[17:28:13.294436] {Default Queue}  -> wl_shm#5.create_pool(new id wl_shm_pool#11, fd 5, 1920000)
[17:28:13.294453] {Default Queue}  -> wl_shm_pool#11.create_buffer(new id wl_buffer#9, 0, 800, 600, 3200, 0)
[17:28:13.294470] {Default Queue}  -> wl_shm_pool#11.destroy()
[17:28:13.294476] {Default Queue}  -> xdg_surface#7.set_window_geometry(0, 0, 800, 600)
[17:28:13.294481] {Default Queue}  -> wl_surface#3.attach(wl_buffer#9, 0, 0)
[17:28:13.294485] {Default Queue}  -> wl_surface#3.damage(0, 0, 800, 600)
[17:28:13.294489] {Default Queue}  -> wl_surface#3.commit()
{"event":"buffercommit","sequence":9,"monotonicNs":99159230257227,"serial":3,"ackedSerial":3,"width":800,"height":600,"maximized":false,"fullscreen":false,"suspended":false,"bufferWidth":800,"bufferHeight":600,"inflight":1,"argb":"ff2b71c8"}
[17:28:13.295282] {Display Queue} wl_display#1.delete_id(11)
[17:28:13.295303] {Default Queue} wl_buffer#9.release()
{"event":"buffer-release","sequence":10,"monotonicNs":99159231062329,"serial":3,"ackedSerial":3,"width":800,"height":600,"maximized":false,"fullscreen":false,"suspended":false,"bufferSerial":3,"bufferWidth":800,"bufferHeight":600}
[17:28:13.295314] {Default Queue}  -> wl_buffer#9.destroy()
[17:28:13.295675] discarded [unknown]#9.[event 0](0 fd, 8 byte)
[17:28:13.295690] {Display Queue} wl_display#1.delete_id(9)
[17:28:13.299014] {Default Queue} xdg_toplevel#8.configure(320, 180, array[20])
[17:28:13.299030] {Default Queue} xdg_surface#7.configure(4)
[17:28:13.299035] {Default Queue}  -> xdg_surface#7.ack_configure(4)
{"event":"configure","sequence":11,"monotonicNs":99159234793510,"serial":4,"ackedSerial":4,"width":320,"height":180,"maximized":false,"fullscreen":false,"suspended":false,"configuredWidth":320,"configuredHeight":180}
[17:28:13.299270] {Default Queue}  -> wl_shm#5.create_pool(new id wl_shm_pool#9, fd 5, 230400)
[17:28:13.299277] {Default Queue}  -> wl_shm_pool#9.create_buffer(new id wl_buffer#11, 0, 320, 180, 1280, 0)
[17:28:13.299281] {Default Queue}  -> wl_shm_pool#9.destroy()
[17:28:13.299286] {Default Queue}  -> xdg_surface#7.set_window_geometry(0, 0, 320, 180)
[17:28:13.299290] {Default Queue}  -> wl_surface#3.attach(wl_buffer#11, 0, 0)
[17:28:13.299294] {Default Queue}  -> wl_surface#3.damage(0, 0, 320, 180)
[17:28:13.299297] {Default Queue}  -> wl_surface#3.commit()
{"event":"buffercommit","sequence":12,"monotonicNs":99159235065110,"serial":4,"ackedSerial":4,"width":320,"height":180,"maximized":false,"fullscreen":false,"suspended":false,"bufferWidth":320,"bufferHeight":180,"inflight":1,"argb":"ff2c71c8"}
[17:28:13.299754] {Display Queue} wl_display#1.delete_id(9)
[17:28:13.299774] {Default Queue} wl_buffer#11.release()
{"event":"buffer-release","sequence":13,"monotonicNs":99159235533024,"serial":4,"ackedSerial":4,"width":320,"height":180,"maximized":false,"fullscreen":false,"suspended":false,"bufferSerial":4,"bufferWidth":320,"bufferHeight":180}
[17:28:13.299783] {Default Queue}  -> wl_buffer#11.destroy()
[17:28:13.299883] discarded [unknown]#11.[event 0](0 fd, 8 byte)
[17:28:13.299887] {Display Queue} wl_display#1.delete_id(11)
[17:28:14.440549] {Default Queue} xdg_toplevel#8.configure(320, 180, array[16])
[17:28:14.440572] {Default Queue} xdg_surface#7.configure(18)
[17:28:14.440578] {Default Queue}  -> xdg_surface#7.ack_configure(18)
{"event":"configure","sequence":14,"monotonicNs":99160376336468,"serial":18,"ackedSerial":18,"width":320,"height":180,"maximized":false,"fullscreen":false,"suspended":false,"configuredWidth":320,"configuredHeight":180}
[17:28:14.440834] {Default Queue}  -> wl_shm#5.create_pool(new id wl_shm_pool#11, fd 5, 230400)
[17:28:14.440845] {Default Queue}  -> wl_shm_pool#11.create_buffer(new id wl_buffer#9, 0, 320, 180, 1280, 0)
[17:28:14.440850] {Default Queue}  -> wl_shm_pool#11.destroy()
[17:28:14.440854] {Default Queue}  -> xdg_surface#7.set_window_geometry(0, 0, 320, 180)
[17:28:14.440859] {Default Queue}  -> wl_surface#3.attach(wl_buffer#9, 0, 0)
[17:28:14.440863] {Default Queue}  -> wl_surface#3.damage(0, 0, 320, 180)
[17:28:14.440866] {Default Queue}  -> wl_surface#3.commit()
{"event":"buffercommit","sequence":15,"monotonicNs":99160376637110,"serial":18,"ackedSerial":18,"width":320,"height":180,"maximized":false,"fullscreen":false,"suspended":false,"bufferWidth":320,"bufferHeight":180,"inflight":1,"argb":"ff3a71c8"}
[17:28:14.441215] {Display Queue} wl_display#1.delete_id(11)
[17:28:14.441220] {Default Queue} wl_buffer#9.release()
{"event":"buffer-release","sequence":16,"monotonicNs":99160376976441,"serial":18,"ackedSerial":18,"width":320,"height":180,"maximized":false,"fullscreen":false,"suspended":false,"bufferSerial":18,"bufferWidth":320,"bufferHeight":180}
[17:28:14.441246] {Default Queue}  -> wl_buffer#9.destroy()
[17:28:14.441410] discarded [unknown]#9.[event 0](0 fd, 8 byte)
[17:28:14.441433] {Display Queue} wl_display#1.delete_id(9)
[17:28:14.611062] {Default Queue} xdg_toplevel#8.configure(798, 550, array[20])
[17:28:14.611088] {Default Queue} xdg_surface#7.configure(33)
[17:28:14.611094] {Default Queue}  -> xdg_surface#7.ack_configure(33)
{"event":"configure","sequence":17,"monotonicNs":99160546852849,"serial":33,"ackedSerial":33,"width":798,"height":550,"maximized":true,"fullscreen":false,"suspended":false,"configuredWidth":798,"configuredHeight":550}
[17:28:14.612585] {Default Queue}  -> wl_shm#5.create_pool(new id wl_shm_pool#9, fd 5, 1755600)
[17:28:14.612593] {Default Queue}  -> wl_shm_pool#9.create_buffer(new id wl_buffer#11, 0, 798, 550, 3192, 0)
[17:28:14.612597] {Default Queue}  -> wl_shm_pool#9.destroy()
[17:28:14.612602] {Default Queue}  -> xdg_surface#7.set_window_geometry(0, 0, 798, 550)
[17:28:14.612606] {Default Queue}  -> wl_surface#3.attach(wl_buffer#11, 0, 0)
[17:28:14.612610] {Default Queue}  -> wl_surface#3.damage(0, 0, 798, 550)
[17:28:14.612613] {Default Queue}  -> wl_surface#3.commit()
{"event":"buffercommit","sequence":18,"monotonicNs":99160548375776,"serial":33,"ackedSerial":33,"width":798,"height":550,"maximized":true,"fullscreen":false,"suspended":false,"bufferWidth":798,"bufferHeight":550,"inflight":1,"argb":"ff0971c8"}
[17:28:14.614644] {Display Queue} wl_display#1.delete_id(9)
[17:28:14.614674] {Default Queue} wl_buffer#11.release()
{"event":"buffer-release","sequence":19,"monotonicNs":99160550437288,"serial":33,"ackedSerial":33,"width":798,"height":550,"maximized":true,"fullscreen":false,"suspended":false,"bufferSerial":33,"bufferWidth":798,"bufferHeight":550}
[17:28:14.614692] {Default Queue}  -> wl_buffer#11.destroy()
[17:28:14.615213] discarded [unknown]#11.[event 0](0 fd, 8 byte)
[17:28:14.615222] {Display Queue} wl_display#1.delete_id(11)
[17:28:14.785644] {Default Queue} xdg_wm_base#6.ping(1337)
[17:28:14.785666] {Default Queue}  -> xdg_wm_base#6.pong(1337)
[17:28:14.871449] {Default Queue} xdg_toplevel#8.configure(798, 550, array[24])
[17:28:14.871482] {Default Queue} xdg_surface#7.configure(46)
[17:28:14.871491] {Default Queue}  -> xdg_surface#7.ack_configure(46)
{"event":"configure","sequence":20,"monotonicNs":99160807250106,"serial":46,"ackedSerial":46,"width":798,"height":550,"maximized":true,"fullscreen":false,"suspended":false,"configuredWidth":798,"configuredHeight":550}
[17:28:14.872780] {Default Queue}  -> wl_shm#5.create_pool(new id wl_shm_pool#11, fd 5, 1755600)
[17:28:14.872795] {Default Queue}  -> wl_shm_pool#11.create_buffer(new id wl_buffer#9, 0, 798, 550, 3192, 0)
[17:28:14.872802] {Default Queue}  -> wl_shm_pool#11.destroy()
[17:28:14.872808] {Default Queue}  -> xdg_surface#7.set_window_geometry(0, 0, 798, 550)
[17:28:14.872814] {Default Queue}  -> wl_surface#3.attach(wl_buffer#9, 0, 0)
[17:28:14.872819] {Default Queue}  -> wl_surface#3.damage(0, 0, 798, 550)
[17:28:14.872823] {Default Queue}  -> wl_surface#3.commit()
{"event":"buffercommit","sequence":21,"monotonicNs":99160808592741,"serial":46,"ackedSerial":46,"width":798,"height":550,"maximized":true,"fullscreen":false,"suspended":false,"bufferWidth":798,"bufferHeight":550,"inflight":1,"argb":"ff0671c8"}
[17:28:14.873398] {Display Queue} wl_display#1.delete_id(11)
[17:28:14.873409] {Default Queue} wl_buffer#9.release()
{"event":"buffer-release","sequence":22,"monotonicNs":99160809166975,"serial":46,"ackedSerial":46,"width":798,"height":550,"maximized":true,"fullscreen":false,"suspended":false,"bufferSerial":46,"bufferWidth":798,"bufferHeight":550}
[17:28:14.873427] {Default Queue}  -> wl_buffer#9.destroy()
[17:28:14.873854] discarded [unknown]#9.[event 0](0 fd, 8 byte)
[17:28:14.873862] {Display Queue} wl_display#1.delete_id(9)
[17:28:14.885523] {Default Queue} xdg_toplevel#8.configure(798, 550, array[24])
[17:28:14.885557] {Default Queue} xdg_surface#7.configure(48)
[17:28:14.885566] {Default Queue}  -> xdg_surface#7.ack_configure(48)
{"event":"configure","sequence":23,"monotonicNs":99160821326537,"serial":48,"ackedSerial":48,"width":798,"height":550,"maximized":true,"fullscreen":false,"suspended":true,"configuredWidth":798,"configuredHeight":550}
[17:28:14.886938] {Default Queue}  -> wl_shm#5.create_pool(new id wl_shm_pool#9, fd 5, 1755600)
[17:28:14.886953] {Default Queue}  -> wl_shm_pool#9.create_buffer(new id wl_buffer#11, 0, 798, 550, 3192, 0)
[17:28:14.886960] {Default Queue}  -> wl_shm_pool#9.destroy()
[17:28:14.886966] {Default Queue}  -> xdg_surface#7.set_window_geometry(0, 0, 798, 550)
[17:28:14.886973] {Default Queue}  -> wl_surface#3.attach(wl_buffer#11, 0, 0)
[17:28:14.886978] {Default Queue}  -> wl_surface#3.damage(0, 0, 798, 550)
[17:28:14.886983] {Default Queue}  -> wl_surface#3.commit()
{"event":"buffercommit","sequence":24,"monotonicNs":99160822755588,"serial":48,"ackedSerial":48,"width":798,"height":550,"maximized":true,"fullscreen":false,"suspended":true,"bufferWidth":798,"bufferHeight":550,"inflight":1,"argb":"ff1871c8"}
[17:28:14.887577] {Display Queue} wl_display#1.delete_id(9)
[17:28:14.887591] {Default Queue} wl_buffer#11.release()
{"event":"buffer-release","sequence":25,"monotonicNs":99160823350188,"serial":48,"ackedSerial":48,"width":798,"height":550,"maximized":true,"fullscreen":false,"suspended":true,"bufferSerial":48,"bufferWidth":798,"bufferHeight":550}
[17:28:14.887601] {Default Queue}  -> wl_buffer#11.destroy()
[17:28:14.888027] discarded [unknown]#11.[event 0](0 fd, 8 byte)
[17:28:14.888035] {Display Queue} wl_display#1.delete_id(11)
[17:28:15.092695] {Default Queue} xdg_toplevel#8.configure(798, 550, array[24])
[17:28:15.092719] {Default Queue} xdg_surface#7.configure(61)
[17:28:15.092725] {Default Queue}  -> xdg_surface#7.ack_configure(61)
{"event":"configure","sequence":26,"monotonicNs":99161028482319,"serial":61,"ackedSerial":61,"width":798,"height":550,"maximized":true,"fullscreen":false,"suspended":false,"configuredWidth":798,"configuredHeight":550}
[17:28:15.094165] {Default Queue}  -> wl_shm#5.create_pool(new id wl_shm_pool#11, fd 5, 1755600)
[17:28:15.094172] {Default Queue}  -> wl_shm_pool#11.create_buffer(new id wl_buffer#9, 0, 798, 550, 3192, 0)
[17:28:15.094176] {Default Queue}  -> wl_shm_pool#11.destroy()
[17:28:15.094181] {Default Queue}  -> xdg_surface#7.set_window_geometry(0, 0, 798, 550)
[17:28:15.094184] {Default Queue}  -> wl_surface#3.attach(wl_buffer#9, 0, 0)
[17:28:15.094187] {Default Queue}  -> wl_surface#3.damage(0, 0, 798, 550)
[17:28:15.094190] {Default Queue}  -> wl_surface#3.commit()
{"event":"buffercommit","sequence":27,"monotonicNs":99161029956063,"serial":61,"ackedSerial":61,"width":798,"height":550,"maximized":true,"fullscreen":false,"suspended":false,"bufferWidth":798,"bufferHeight":550,"inflight":1,"argb":"ff1571c8"}
[17:28:15.094894] {Display Queue} wl_display#1.delete_id(11)
[17:28:15.094899] {Default Queue} wl_buffer#9.release()
{"event":"buffer-release","sequence":28,"monotonicNs":99161030655045,"serial":61,"ackedSerial":61,"width":798,"height":550,"maximized":true,"fullscreen":false,"suspended":false,"bufferSerial":61,"bufferWidth":798,"bufferHeight":550}
[17:28:15.094904] {Default Queue}  -> wl_buffer#9.destroy()
[17:28:15.095194] discarded [unknown]#9.[event 0](0 fd, 8 byte)
[17:28:15.095198] {Display Queue} wl_display#1.delete_id(9)
[17:28:15.497646] {Default Queue} xdg_toplevel#8.configure(320, 180, array[20])
[17:28:15.497668] {Default Queue} xdg_surface#7.configure(75)
[17:28:15.497677] {Default Queue}  -> xdg_surface#7.ack_configure(75)
{"event":"configure","sequence":29,"monotonicNs":99161433448796,"serial":75,"ackedSerial":75,"width":320,"height":180,"maximized":false,"fullscreen":false,"suspended":false,"configuredWidth":320,"configuredHeight":180}
[17:28:15.497955] {Default Queue}  -> wl_shm#5.create_pool(new id wl_shm_pool#9, fd 5, 230400)
[17:28:15.497967] {Default Queue}  -> wl_shm_pool#9.create_buffer(new id wl_buffer#11, 0, 320, 180, 1280, 0)
[17:28:15.497975] {Default Queue}  -> wl_shm_pool#9.destroy()
[17:28:15.497982] {Default Queue}  -> xdg_surface#7.set_window_geometry(0, 0, 320, 180)
[17:28:15.497990] {Default Queue}  -> wl_surface#3.attach(wl_buffer#11, 0, 0)
[17:28:15.497996] {Default Queue}  -> wl_surface#3.damage(0, 0, 320, 180)
[17:28:15.498001] {Default Queue}  -> wl_surface#3.commit()
{"event":"buffercommit","sequence":30,"monotonicNs":99161433772471,"serial":75,"ackedSerial":75,"width":320,"height":180,"maximized":false,"fullscreen":false,"suspended":false,"bufferWidth":320,"bufferHeight":180,"inflight":1,"argb":"ff2370c8"}
[17:28:15.498481] {Display Queue} wl_display#1.delete_id(9)
[17:28:15.498498] {Default Queue} wl_buffer#11.release()
{"event":"buffer-release","sequence":31,"monotonicNs":99161434256712,"serial":75,"ackedSerial":75,"width":320,"height":180,"maximized":false,"fullscreen":false,"suspended":false,"bufferSerial":75,"bufferWidth":320,"bufferHeight":180}
[17:28:15.498508] {Default Queue}  -> wl_buffer#11.destroy()
[17:28:15.498632] discarded [unknown]#11.[event 0](0 fd, 8 byte)
[17:28:15.498637] {Display Queue} wl_display#1.delete_id(11)
[17:28:15.909953] {Default Queue}  -> xdg_toplevel#8.set_maximized()
{"event":"request","sequence":32,"monotonicNs":99161845726128,"serial":75,"ackedSerial":75,"width":320,"height":180,"maximized":false,"fullscreen":false,"suspended":false,"command":"maximize"}
[17:28:15.909979] {Default Queue}  -> wl_display#1.sync(new id wl_callback#11)
[17:28:15.910244] {Display Queue} wl_display#1.delete_id(11)
[17:28:15.910255] {Default Queue} wl_callback#11.done(76)
{"event":"server-barrier","sequence":33,"monotonicNs":99161846013613,"serial":75,"ackedSerial":75,"width":320,"height":180,"maximized":false,"fullscreen":false,"suspended":false,"requestSequence":32,"requestSerial":75,"command":"maximize","callbackData":76}
[17:28:15.910265] {Default Queue} xdg_toplevel#8.configure(798, 550, array[24])
[17:28:15.910270] {Default Queue} xdg_surface#7.configure(76)
[17:28:15.910273] {Default Queue}  -> xdg_surface#7.ack_configure(76)
{"event":"configure","sequence":34,"monotonicNs":99161846030180,"serial":76,"ackedSerial":76,"width":798,"height":550,"maximized":true,"fullscreen":false,"suspended":false,"configuredWidth":798,"configuredHeight":550}
[17:28:15.911236] {Default Queue}  -> wl_shm#5.create_pool(new id wl_shm_pool#11, fd 5, 1755600)
[17:28:15.911245] {Default Queue}  -> wl_shm_pool#11.create_buffer(new id wl_buffer#9, 0, 798, 550, 3192, 0)
[17:28:15.911255] {Default Queue}  -> wl_shm_pool#11.destroy()
[17:28:15.911260] {Default Queue}  -> xdg_surface#7.set_window_geometry(0, 0, 798, 550)
[17:28:15.911264] {Default Queue}  -> wl_surface#3.attach(wl_buffer#9, 0, 0)
[17:28:15.911268] {Default Queue}  -> wl_surface#3.damage(0, 0, 798, 550)
[17:28:15.911272] {Default Queue}  -> wl_surface#3.commit()
{"event":"buffercommit","sequence":35,"monotonicNs":99161847035679,"serial":76,"ackedSerial":76,"width":798,"height":550,"maximized":true,"fullscreen":false,"suspended":false,"bufferWidth":798,"bufferHeight":550,"inflight":1,"argb":"ff2470c8"}
[17:28:15.911824] {Display Queue} wl_display#1.delete_id(11)
[17:28:15.911839] {Default Queue} wl_buffer#9.release()
{"event":"buffer-release","sequence":36,"monotonicNs":99161847597959,"serial":76,"ackedSerial":76,"width":798,"height":550,"maximized":true,"fullscreen":false,"suspended":false,"bufferSerial":76,"bufferWidth":798,"bufferHeight":550}
[17:28:15.911849] {Default Queue}  -> wl_buffer#9.destroy()
[17:28:15.912528] discarded [unknown]#9.[event 0](0 fd, 8 byte)
[17:28:15.912545] {Display Queue} wl_display#1.delete_id(9)
[17:28:16.195903] {Default Queue}  -> xdg_toplevel#8.unset_maximized()
{"event":"request","sequence":37,"monotonicNs":99162131707007,"serial":76,"ackedSerial":76,"width":798,"height":550,"maximized":true,"fullscreen":false,"suspended":false,"command":"unmaximize"}
[17:28:16.195965] {Default Queue}  -> wl_display#1.sync(new id wl_callback#9)
[17:28:16.196910] {Display Queue} wl_display#1.delete_id(9)
[17:28:16.196927] {Default Queue} wl_callback#9.done(90)
{"event":"server-barrier","sequence":38,"monotonicNs":99162132688235,"serial":76,"ackedSerial":76,"width":798,"height":550,"maximized":true,"fullscreen":false,"suspended":false,"requestSequence":37,"requestSerial":76,"command":"unmaximize","callbackData":90}
[17:28:16.196941] {Default Queue} xdg_toplevel#8.configure(320, 180, array[20])
[17:28:16.196950] {Default Queue} xdg_surface#7.configure(90)
[17:28:16.196957] {Default Queue}  -> xdg_surface#7.ack_configure(90)
{"event":"configure","sequence":39,"monotonicNs":99162132716759,"serial":90,"ackedSerial":90,"width":320,"height":180,"maximized":false,"fullscreen":false,"suspended":false,"configuredWidth":320,"configuredHeight":180}
[17:28:16.197238] {Default Queue}  -> wl_shm#5.create_pool(new id wl_shm_pool#9, fd 5, 230400)
[17:28:16.197262] {Default Queue}  -> wl_shm_pool#9.create_buffer(new id wl_buffer#11, 0, 320, 180, 1280, 0)
[17:28:16.197271] {Default Queue}  -> wl_shm_pool#9.destroy()
[17:28:16.197279] {Default Queue}  -> xdg_surface#7.set_window_geometry(0, 0, 320, 180)
[17:28:16.197286] {Default Queue}  -> wl_surface#3.attach(wl_buffer#11, 0, 0)
[17:28:16.197293] {Default Queue}  -> wl_surface#3.damage(0, 0, 320, 180)
[17:28:16.197298] {Default Queue}  -> wl_surface#3.commit()
{"event":"buffercommit","sequence":40,"monotonicNs":99162133070056,"serial":90,"ackedSerial":90,"width":320,"height":180,"maximized":false,"fullscreen":false,"suspended":false,"bufferWidth":320,"bufferHeight":180,"inflight":1,"argb":"ff3270c8"}
[17:28:16.198079] {Display Queue} wl_display#1.delete_id(9)
[17:28:16.198106] {Default Queue} wl_buffer#11.release()
{"event":"buffer-release","sequence":41,"monotonicNs":99162133868966,"serial":90,"ackedSerial":90,"width":320,"height":180,"maximized":false,"fullscreen":false,"suspended":false,"bufferSerial":90,"bufferWidth":320,"bufferHeight":180}
[17:28:16.198123] {Default Queue}  -> wl_buffer#11.destroy()
[17:28:16.198344] discarded [unknown]#11.[event 0](0 fd, 8 byte)
[17:28:16.198366] {Display Queue} wl_display#1.delete_id(11)
[17:28:16.285856] {Default Queue} xdg_wm_base#6.ping(1337)
[17:28:16.285893] {Default Queue}  -> xdg_wm_base#6.pong(1337)
[17:28:16.387697] {Default Queue} xdg_toplevel#8.configure(320, 180, array[16])
[17:28:16.387727] {Default Queue} xdg_surface#7.configure(102)
[17:28:16.387736] {Default Queue}  -> xdg_surface#7.ack_configure(102)
{"event":"configure","sequence":42,"monotonicNs":99162323496146,"serial":102,"ackedSerial":102,"width":320,"height":180,"maximized":false,"fullscreen":false,"suspended":false,"configuredWidth":320,"configuredHeight":180}
[17:28:16.387973] {Default Queue}  -> wl_shm#5.create_pool(new id wl_shm_pool#11, fd 5, 230400)
[17:28:16.387983] {Default Queue}  -> wl_shm_pool#11.create_buffer(new id wl_buffer#9, 0, 320, 180, 1280, 0)
[17:28:16.387990] {Default Queue}  -> wl_shm_pool#11.destroy()
[17:28:16.387996] {Default Queue}  -> xdg_surface#7.set_window_geometry(0, 0, 320, 180)
[17:28:16.388002] {Default Queue}  -> wl_surface#3.attach(wl_buffer#9, 0, 0)
[17:28:16.388007] {Default Queue}  -> wl_surface#3.damage(0, 0, 320, 180)
[17:28:16.388012] {Default Queue}  -> wl_surface#3.commit()
{"event":"buffercommit","sequence":43,"monotonicNs":99162323782263,"serial":102,"ackedSerial":102,"width":320,"height":180,"maximized":false,"fullscreen":false,"suspended":false,"bufferWidth":320,"bufferHeight":180,"inflight":1,"argb":"ff0e70c8"}
[17:28:16.388422] {Display Queue} wl_display#1.delete_id(11)
[17:28:16.388449] {Default Queue} wl_buffer#9.release()
{"event":"buffer-release","sequence":44,"monotonicNs":99162324210568,"serial":102,"ackedSerial":102,"width":320,"height":180,"maximized":false,"fullscreen":false,"suspended":false,"bufferSerial":102,"bufferWidth":320,"bufferHeight":180}
[17:28:16.388474] {Default Queue}  -> wl_buffer#9.destroy()
[17:28:16.388992] discarded [unknown]#9.[event 0](0 fd, 8 byte)
[17:28:16.389012] {Display Queue} wl_display#1.delete_id(9)
[17:28:16.645452] {Default Queue} xdg_toplevel#8.configure(798, 550, array[20])
[17:28:16.645484] {Default Queue} xdg_surface#7.configure(117)
[17:28:16.645492] {Default Queue}  -> xdg_surface#7.ack_configure(117)
{"event":"configure","sequence":45,"monotonicNs":99162581251123,"serial":117,"ackedSerial":117,"width":798,"height":550,"maximized":true,"fullscreen":false,"suspended":false,"configuredWidth":798,"configuredHeight":550}
[17:28:16.646767] {Default Queue}  -> wl_shm#5.create_pool(new id wl_shm_pool#9, fd 5, 1755600)
[17:28:16.646779] {Default Queue}  -> wl_shm_pool#9.create_buffer(new id wl_buffer#11, 0, 798, 550, 3192, 0)
[17:28:16.646786] {Default Queue}  -> wl_shm_pool#9.destroy()
[17:28:16.646792] {Default Queue}  -> xdg_surface#7.set_window_geometry(0, 0, 798, 550)
[17:28:16.646798] {Default Queue}  -> wl_surface#3.attach(wl_buffer#11, 0, 0)
[17:28:16.646803] {Default Queue}  -> wl_surface#3.damage(0, 0, 798, 550)
[17:28:16.646808] {Default Queue}  -> wl_surface#3.commit()
{"event":"buffercommit","sequence":46,"monotonicNs":99162582575673,"serial":117,"ackedSerial":117,"width":798,"height":550,"maximized":true,"fullscreen":false,"suspended":false,"bufferWidth":798,"bufferHeight":550,"inflight":1,"argb":"ff1d70c8"}
[17:28:16.647437] {Display Queue} wl_display#1.delete_id(9)
[17:28:16.647460] {Default Queue} wl_buffer#11.release()
{"event":"buffer-release","sequence":47,"monotonicNs":99162583220560,"serial":117,"ackedSerial":117,"width":798,"height":550,"maximized":true,"fullscreen":false,"suspended":false,"bufferSerial":117,"bufferWidth":798,"bufferHeight":550}
[17:28:16.647473] {Default Queue}  -> wl_buffer#11.destroy()
[17:28:16.648305] discarded [unknown]#11.[event 0](0 fd, 8 byte)
[17:28:16.648324] {Display Queue} wl_display#1.delete_id(11)
[17:28:17.689705] {Default Queue} xdg_toplevel#8.configure(798, 550, array[24])
[17:28:17.689735] {Default Queue} xdg_surface#7.configure(132)
[17:28:17.689746] {Default Queue}  -> xdg_surface#7.ack_configure(132)
{"event":"configure","sequence":48,"monotonicNs":99163625506803,"serial":132,"ackedSerial":132,"width":798,"height":550,"maximized":true,"fullscreen":false,"suspended":false,"configuredWidth":798,"configuredHeight":550}
[17:28:17.691344] {Default Queue}  -> wl_shm#5.create_pool(new id wl_shm_pool#11, fd 5, 1755600)
[17:28:17.691360] {Default Queue}  -> wl_shm_pool#11.create_buffer(new id wl_buffer#9, 0, 798, 550, 3192, 0)
[17:28:17.691369] {Default Queue}  -> wl_shm_pool#11.destroy()
[17:28:17.691377] {Default Queue}  -> xdg_surface#7.set_window_geometry(0, 0, 798, 550)
[17:28:17.691385] {Default Queue}  -> wl_surface#3.attach(wl_buffer#9, 0, 0)
[17:28:17.691392] {Default Queue}  -> wl_surface#3.damage(0, 0, 798, 550)
[17:28:17.691398] {Default Queue}  -> wl_surface#3.commit()
{"event":"buffercommit","sequence":49,"monotonicNs":99163627167488,"serial":132,"ackedSerial":132,"width":798,"height":550,"maximized":true,"fullscreen":false,"suspended":false,"bufferWidth":798,"bufferHeight":550,"inflight":1,"argb":"ff2c73c8"}
[17:28:17.692239] {Display Queue} wl_display#1.delete_id(11)
[17:28:17.692270] {Default Queue} wl_buffer#9.release()
{"event":"buffer-release","sequence":50,"monotonicNs":99163628030336,"serial":132,"ackedSerial":132,"width":798,"height":550,"maximized":true,"fullscreen":false,"suspended":false,"bufferSerial":132,"bufferWidth":798,"bufferHeight":550}
[17:28:17.692282] {Default Queue}  -> wl_buffer#9.destroy()
[17:28:17.692934] discarded [unknown]#9.[event 0](0 fd, 8 byte)
[17:28:17.692959] {Display Queue} wl_display#1.delete_id(9)
[17:28:17.785969] {Default Queue} xdg_wm_base#6.ping(1337)
[17:28:17.785995] {Default Queue}  -> xdg_wm_base#6.pong(1337)
[17:28:17.989907] {Default Queue} xdg_toplevel#8.configure(320, 180, array[20])
[17:28:17.989927] {Default Queue} xdg_surface#7.configure(147)
[17:28:17.989939] {Default Queue}  -> xdg_surface#7.ack_configure(147)
{"event":"configure","sequence":51,"monotonicNs":99163925703431,"serial":147,"ackedSerial":147,"width":320,"height":180,"maximized":false,"fullscreen":false,"suspended":false,"configuredWidth":320,"configuredHeight":180}
[17:28:17.990178] {Default Queue}  -> wl_shm#5.create_pool(new id wl_shm_pool#9, fd 5, 230400)
[17:28:17.990185] {Default Queue}  -> wl_shm_pool#9.create_buffer(new id wl_buffer#11, 0, 320, 180, 1280, 0)
[17:28:17.990191] {Default Queue}  -> wl_shm_pool#9.destroy()
[17:28:17.990195] {Default Queue}  -> xdg_surface#7.set_window_geometry(0, 0, 320, 180)
[17:28:17.990200] {Default Queue}  -> wl_surface#3.attach(wl_buffer#11, 0, 0)
[17:28:17.990204] {Default Queue}  -> wl_surface#3.damage(0, 0, 320, 180)
[17:28:17.990208] {Default Queue}  -> wl_surface#3.commit()
{"event":"buffercommit","sequence":52,"monotonicNs":99163925972309,"serial":147,"ackedSerial":147,"width":320,"height":180,"maximized":false,"fullscreen":false,"suspended":false,"bufferWidth":320,"bufferHeight":180,"inflight":1,"argb":"ff3b73c8"}
[17:28:17.990794] {Display Queue} wl_display#1.delete_id(9)
[17:28:17.990809] {Default Queue} wl_buffer#11.release()
{"event":"buffer-release","sequence":53,"monotonicNs":99163926567174,"serial":147,"ackedSerial":147,"width":320,"height":180,"maximized":false,"fullscreen":false,"suspended":false,"bufferSerial":147,"bufferWidth":320,"bufferHeight":180}
[17:28:17.990819] {Default Queue}  -> wl_buffer#11.destroy()
[17:28:17.990920] discarded [unknown]#11.[event 0](0 fd, 8 byte)
[17:28:17.990925] {Display Queue} wl_display#1.delete_id(11)
{"event":"request","sequence":54,"monotonicNs":99164706742792,"serial":147,"ackedSerial":147,"width":320,"height":180,"maximized":false,"fullscreen":false,"suspended":false,"command":"quit"}
[17:28:18.771005] {Default Queue}  -> xdg_toplevel#8.destroy()
[17:28:18.771014] {Default Queue}  -> xdg_surface#7.destroy()
[17:28:18.771018] {Default Queue}  -> wl_surface#3.destroy()
[17:28:18.771021] {Default Queue}  -> xdg_wm_base#6.destroy()
{"event":"normalexit","sequence":55,"monotonicNs":99164706800370,"serial":147,"ackedSerial":147,"width":320,"height":180,"maximized":false,"fullscreen":false,"suspended":false}
