[08:36:59.427255] {Default Queue}  -> wl_display#1.get_registry(new id wl_registry#2)
[08:36:59.427279] {Default Queue}  -> wl_display#1.sync(new id wl_callback#3)
[08:36:59.427499] {Display Queue} wl_display#1.delete_id(3)
[08:36:59.427504] {Default Queue} wl_registry#2.global(1, "wl_seat", 9)
[08:36:59.427511] {Default Queue} wl_registry#2.global(2, "wl_data_device_manager", 3)
[08:36:59.427515] {Default Queue}  -> wl_registry#2.bind(2, "wl_data_device_manager", 3, new id [unknown]#4)
[08:36:59.427518] {Default Queue} wl_registry#2.global(3, "wl_compositor", 6)
[08:36:59.427520] {Default Queue}  -> wl_registry#2.bind(3, "wl_compositor", 3, new id [unknown]#5)
[08:36:59.427522] {Default Queue} wl_registry#2.global(4, "wl_subcompositor", 1)
[08:36:59.427525] {Default Queue}  -> wl_registry#2.bind(4, "wl_subcompositor", 1, new id [unknown]#6)
[08:36:59.427527] {Default Queue} wl_registry#2.global(5, "wl_shm", 2)
[08:36:59.427530] {Default Queue}  -> wl_registry#2.bind(5, "wl_shm", 1, new id [unknown]#7)
[08:36:59.427533] {Default Queue} wl_registry#2.global(6, "wp_viewporter", 1)
[08:36:59.427536] {Default Queue} wl_registry#2.global(7, "wp_tearing_control_manager_v1", 1)
[08:36:59.427539] {Default Queue} wl_registry#2.global(8, "wp_fractional_scale_manager_v1", 1)
[08:36:59.427542] {Default Queue} wl_registry#2.global(9, "zxdg_output_manager_v1", 3)
[08:36:59.427545] {Default Queue}  -> wl_registry#2.bind(9, "zxdg_output_manager_v1", 3, new id [unknown]#8)
[08:36:59.427548] {Default Queue}  -> wl_display#1.sync(new id wl_callback#9)
[08:36:59.427550] {Default Queue} wl_registry#2.global(10, "wp_cursor_shape_manager_v1", 2)
[08:36:59.427554] {Default Queue}  -> wl_registry#2.bind(10, "wp_cursor_shape_manager_v1", 1, new id [unknown]#10)
[08:36:59.427556] {Default Queue} wl_registry#2.global(11, "zwp_idle_inhibit_manager_v1", 1)
[08:36:59.427559] {Default Queue} wl_registry#2.global(12, "zwp_relative_pointer_manager_v1", 1)
[08:36:59.427562] {Default Queue} wl_registry#2.global(13, "zxdg_decoration_manager_v1", 2)
[08:36:59.427564] {Default Queue} wl_registry#2.global(14, "wp_alpha_modifier_v1", 1)
[08:36:59.427567] {Default Queue} wl_registry#2.global(15, "zwlr_gamma_control_manager_v1", 1)
[08:36:59.427571] {Default Queue} wl_registry#2.global(16, "ext_foreign_toplevel_list_v1", 1)
[08:36:59.427576] {Default Queue} wl_registry#2.global(17, "zwp_pointer_gestures_v1", 3)
[08:36:59.427579] {Default Queue}  -> wl_registry#2.bind(17, "zwp_pointer_gestures_v1", 1, new id [unknown]#11)
[08:36:59.427581] {Default Queue} wl_registry#2.global(18, "zwlr_foreign_toplevel_manager_v1", 3)
[08:36:59.427584] {Default Queue} wl_registry#2.global(19, "zwp_keyboard_shortcuts_inhibit_manager_v1", 1)
[08:36:59.427587] {Default Queue}  -> wl_registry#2.bind(19, "zwp_keyboard_shortcuts_inhibit_manager_v1", 1, new id [unknown]#12)
[08:36:59.427590] {Default Queue} wl_registry#2.global(20, "zwp_text_input_manager_v1", 1)
[08:36:59.427593] {Default Queue} wl_registry#2.global(21, "zwp_text_input_manager_v3", 1)
[08:36:59.427596] {Default Queue} wl_registry#2.global(22, "zwp_pointer_constraints_v1", 1)
[08:36:59.427598] {Default Queue} wl_registry#2.global(23, "zwlr_output_power_manager_v1", 1)
[08:36:59.427601] {Default Queue} wl_registry#2.global(24, "xdg_activation_v1", 1)
[08:36:59.427603] {Default Queue}  -> wl_registry#2.bind(24, "xdg_activation_v1", 1, new id [unknown]#13)
[08:36:59.427606] {Default Queue} wl_registry#2.global(25, "ext_idle_notifier_v1", 2)
[08:36:59.427609] {Default Queue} wl_registry#2.global(26, "hyprland_lock_notifier_v1", 1)
[08:36:59.427611] {Default Queue} wl_registry#2.global(27, "ext_session_lock_manager_v1", 1)
[08:36:59.427614] {Default Queue} wl_registry#2.global(28, "zwp_input_method_manager_v2", 1)
[08:36:59.427616] {Default Queue} wl_registry#2.global(29, "zwp_virtual_keyboard_manager_v1", 1)
[08:36:59.427619] {Default Queue} wl_registry#2.global(30, "zwlr_virtual_pointer_manager_v1", 2)
[08:36:59.427622] {Default Queue} wl_registry#2.global(31, "zwlr_output_manager_v1", 4)
[08:36:59.427625] {Default Queue} wl_registry#2.global(32, "org_kde_kwin_server_decoration_manager", 1)
[08:36:59.427633] {Default Queue}  -> wl_registry#2.bind(32, "org_kde_kwin_server_decoration_manager", 1, new id [unknown]#14)
[08:36:59.427638] {Default Queue} wl_registry#2.global(33, "hyprland_focus_grab_manager_v1", 1)
[08:36:59.427641] {Default Queue} wl_registry#2.global(34, "zwp_tablet_manager_v2", 1)
[08:36:59.427644] {Default Queue}  -> wl_registry#2.bind(34, "zwp_tablet_manager_v2", 1, new id [unknown]#15)
[08:36:59.427646] {Default Queue} wl_registry#2.global(35, "zwlr_layer_shell_v1", 5)
[08:36:59.427649] {Default Queue} wl_registry#2.global(36, "wp_presentation", 2)
[08:36:59.427652] {Default Queue} wl_registry#2.global(37, "xdg_wm_base", 7)
[08:36:59.427654] {Default Queue} wl_registry#2.global(38, "zwlr_data_control_manager_v1", 2)
[08:36:59.427657] {Default Queue} wl_registry#2.global(39, "zwp_primary_selection_device_manager_v1", 1)
[08:36:59.427660] {Default Queue}  -> wl_registry#2.bind(39, "zwp_primary_selection_device_manager_v1", 1, new id [unknown]#16)
[08:36:59.427663] {Default Queue} wl_registry#2.global(40, "xwayland_shell_v1", 1)
[08:36:59.427665] {Default Queue} wl_registry#2.global(41, "hyprland_toplevel_mapping_manager_v1", 1)
[08:36:59.427669] {Default Queue} wl_registry#2.global(42, "hyprland_global_shortcuts_manager_v1", 1)
[08:36:59.427671] {Default Queue} wl_registry#2.global(43, "xdg_wm_dialog_v1", 1)
[08:36:59.427675] {Default Queue} wl_registry#2.global(44, "wp_single_pixel_buffer_manager_v1", 1)
[08:36:59.427677] {Default Queue} wl_registry#2.global(45, "wp_security_context_manager_v1", 1)
[08:36:59.427680] {Default Queue} wl_registry#2.global(46, "hyprland_ctm_control_manager_v1", 2)
[08:36:59.427682] {Default Queue} wl_registry#2.global(47, "hyprland_input_capture_manager_v1", 1)
[08:36:59.427685] {Default Queue} wl_registry#2.global(48, "hyprland_surface_manager_v1", 2)
[08:36:59.427687] {Default Queue} wl_registry#2.global(49, "wp_content_type_manager_v1", 1)
[08:36:59.427690] {Default Queue} wl_registry#2.global(50, "xdg_toplevel_tag_manager_v1", 1)
[08:36:59.427692] {Default Queue} wl_registry#2.global(51, "xdg_system_bell_v1", 1)
[08:36:59.427695] {Default Queue} wl_registry#2.global(52, "vicinae_hotkey_manager_v1", 1)
[08:36:59.427697] {Default Queue} wl_registry#2.global(53, "ext_workspace_manager_v1", 1)
[08:36:59.427700] {Default Queue} wl_registry#2.global(54, "ext_data_control_manager_v1", 1)
[08:36:59.427702] {Default Queue} wl_registry#2.global(55, "wp_pointer_warp_v1", 1)
[08:36:59.427705] {Default Queue} wl_registry#2.global(56, "wp_fifo_manager_v1", 1)
[08:36:59.427707] {Default Queue} wl_registry#2.global(57, "zxdg_exporter_v2", 1)
[08:36:59.427710] {Default Queue}  -> wl_registry#2.bind(57, "zxdg_exporter_v2", 1, new id [unknown]#17)
[08:36:59.427712] {Default Queue} wl_registry#2.global(58, "zxdg_importer_v2", 1)
[08:36:59.427715] {Default Queue}  -> wl_registry#2.bind(58, "zxdg_importer_v2", 1, new id [unknown]#18)
[08:36:59.427718] {Default Queue} wl_registry#2.global(59, "ext_background_effect_manager_v1", 1)
[08:36:59.427721] {Default Queue} wl_registry#2.global(60, "wp_commit_timing_manager_v1", 1)
[08:36:59.427723] {Default Queue} wl_registry#2.global(61, "zwlr_screencopy_manager_v1", 3)
[08:36:59.427727] {Default Queue} wl_registry#2.global(62, "hyprland_toplevel_export_manager_v1", 2)
[08:36:59.427730] {Default Queue} wl_registry#2.global(63, "ext_output_image_capture_source_manager_v1", 1)
[08:36:59.427733] {Default Queue} wl_registry#2.global(64, "ext_foreign_toplevel_image_capture_source_manager_v1", 1)
[08:36:59.427735] {Default Queue} wl_registry#2.global(65, "ext_image_copy_capture_manager_v1", 1)
[08:36:59.427738] {Default Queue} wl_registry#2.global(66, "wp_color_manager_v1", 3)
[08:36:59.427740] {Default Queue} wl_registry#2.global(67, "wl_drm", 2)
[08:36:59.427743] {Default Queue} wl_registry#2.global(68, "zwp_linux_dmabuf_v1", 5)
[08:36:59.427745] {Default Queue} wl_registry#2.global(69, "wl_output", 4)
[08:36:59.427748] {Default Queue}  -> wl_registry#2.bind(69, "wl_output", 2, new id [unknown]#19)
[08:36:59.427778] {Default Queue}  -> zxdg_output_manager_v1#8.get_xdg_output(new id zxdg_output_v1#20, wl_output#19)
[08:36:59.427784] {Default Queue}  -> wl_display#1.sync(new id wl_callback#21)
[08:36:59.427787] {Default Queue} wl_callback#3.done(12)
[08:36:59.427815] {Default Queue}  -> wl_shm#7.create_pool(new id wl_shm_pool#3, fd 10, 2304)
[08:36:59.427886] {Default Queue}  -> wl_shm_pool#3.resize(6912)
[08:36:59.427927] {Default Queue}  -> wl_shm_pool#3.resize(16128)
[08:36:59.427998] {Default Queue}  -> wl_shm_pool#3.resize(34560)
[08:36:59.428128] {Default Queue}  -> wl_shm_pool#3.resize(71424)
[08:36:59.428369] {Default Queue}  -> wl_shm_pool#3.resize(145152)
[08:36:59.429250] {Default Queue}  -> wl_shm_pool#3.resize(292608)
[08:36:59.430248] {Default Queue}  -> wl_shm_pool#3.resize(587520)
[08:36:59.434056] {Default Queue}  -> wl_registry#2.bind(1, "wl_seat", 5, new id [unknown]#22)
[08:36:59.435546] {Default Queue}  -> wl_compositor#5.create_surface(new id wl_surface#23)
[08:36:59.435560] {Default Queue}  -> zwp_primary_selection_device_manager_v1#16.get_device(new id zwp_primary_selection_device_v1#24, wl_seat#22)
[08:36:59.435566] {Default Queue}  -> wl_data_device_manager#4.get_data_device(new id wl_data_device#25, wl_seat#22)
[08:36:59.435608] {Default Queue}  -> wl_compositor#5.create_surface(new id wl_surface#26)
[08:36:59.435612] {Default Queue}  -> zwp_tablet_manager_v2#15.get_tablet_seat(new id zwp_tablet_seat_v2#27, wl_seat#22)
[08:36:59.435617] {Default Queue}  -> wl_display#1.sync(new id wl_callback#28)
[08:36:59.435913] {Display Queue} wl_display#1.delete_id(9)
[08:36:59.435938] {Display Queue} wl_display#1.delete_id(21)
[08:36:59.435944] {Display Queue} wl_display#1.delete_id(28)
[08:36:59.435948] {Default Queue} wl_shm#7.format(0)
[08:36:59.435952] {Default Queue} wl_shm#7.format(1)
[08:36:59.435956] {Default Queue} wl_shm#7.format(875709016)
[08:36:59.435959] {Default Queue} wl_shm#7.format(875708993)
[08:36:59.435963] {Default Queue} wl_shm#7.format(808669784)
[08:36:59.435966] {Default Queue} wl_shm#7.format(808669761)
[08:36:59.435970] {Default Queue} wl_shm#7.format(808665688)
[08:36:59.435973] {Default Queue} wl_shm#7.format(808665665)
[08:36:59.435976] {Default Queue} wl_callback#9.done(12)
[08:36:59.435982] {Default Queue} org_kde_kwin_server_decoration_manager#14.default_mode(2)
[08:36:59.435993] {Default Queue} wl_output#19.scale(1)
[08:36:59.435998] {Default Queue} wl_output#19.mode(1, 800, 600, 60000)
[08:36:59.436005] {Default Queue} wl_output#19.geometry(0, 0, 0, 0, 1, "", "", 0)
[08:36:59.436015] {Default Queue} wl_output#19.done()
[08:36:59.436025] {Default Queue} zxdg_output_v1#20.name("WAYLAND-1")
[08:36:59.436028] {Default Queue} zxdg_output_v1#20.logical_position(0, 0)
[08:36:59.436031] {Default Queue} zxdg_output_v1#20.logical_size(800, 600)
[08:36:59.436033] {Default Queue} wl_output#19.done()
[08:36:59.436036] {Default Queue} wl_callback#21.done(12)
[08:36:59.436038] {Default Queue} wl_seat#22.name("Hyprland")
[08:36:59.436040] {Default Queue} wl_seat#22.capabilities(3)
[08:36:59.436042] {Default Queue}  -> wl_seat#22.get_pointer(new id wl_pointer#21)
[08:36:59.436052] {Default Queue}  -> zwp_pointer_gestures_v1#11.get_swipe_gesture(new id zwp_pointer_gesture_swipe_v1#9, wl_pointer#21)
[08:36:59.436057] {Default Queue}  -> zwp_pointer_gestures_v1#11.get_pinch_gesture(new id zwp_pointer_gesture_pinch_v1#29, wl_pointer#21)
[08:36:59.436060] {Default Queue}  -> wp_cursor_shape_manager_v1#10.get_pointer(new id wp_cursor_shape_device_v1#30, wl_pointer#21)
[08:36:59.436065] {Default Queue}  -> wl_seat#22.get_keyboard(new id wl_keyboard#31)
[08:36:59.436070] {Default Queue} wl_callback#28.done(12)
[08:36:59.436073] {Default Queue}  -> wl_registry#2.bind(37, "xdg_wm_base", 6, new id [unknown]#28)
[08:36:59.449071] {Default Queue}  -> wl_display#1.get_registry(new id wl_registry#32)
[08:36:59.449086] {Default Queue}  -> wl_display#1.sync(new id wl_callback#33)
[08:36:59.449192] {Display Queue} wl_display#1.delete_id(33)
[08:36:59.449197] {Default Queue} wl_keyboard#31.keymap(1, fd 4, 35572)
[08:36:59.449875] {Default Queue} wl_keyboard#31.repeat_info(25, 600)
[08:36:59.449886] {Default Queue} wl_registry#32.global(1, "wl_seat", 9)
[08:36:59.449894] {Default Queue} wl_registry#32.global(2, "wl_data_device_manager", 3)
[08:36:59.449896] {Default Queue} wl_registry#32.global(3, "wl_compositor", 6)
[08:36:59.449898] {Default Queue} wl_registry#32.global(4, "wl_subcompositor", 1)
[08:36:59.449900] {Default Queue} wl_registry#32.global(5, "wl_shm", 2)
[08:36:59.449901] {Default Queue} wl_registry#32.global(6, "wp_viewporter", 1)
[08:36:59.449903] {Default Queue} wl_registry#32.global(7, "wp_tearing_control_manager_v1", 1)
[08:36:59.449905] {Default Queue} wl_registry#32.global(8, "wp_fractional_scale_manager_v1", 1)
[08:36:59.449907] {Default Queue} wl_registry#32.global(9, "zxdg_output_manager_v1", 3)
[08:36:59.449909] {Default Queue} wl_registry#32.global(10, "wp_cursor_shape_manager_v1", 2)
[08:36:59.449911] {Default Queue} wl_registry#32.global(11, "zwp_idle_inhibit_manager_v1", 1)
[08:36:59.449912] {Default Queue} wl_registry#32.global(12, "zwp_relative_pointer_manager_v1", 1)
[08:36:59.449914] {Default Queue} wl_registry#32.global(13, "zxdg_decoration_manager_v1", 2)
[08:36:59.449916] {Default Queue} wl_registry#32.global(14, "wp_alpha_modifier_v1", 1)
[08:36:59.449918] {Default Queue} wl_registry#32.global(15, "zwlr_gamma_control_manager_v1", 1)
[08:36:59.449919] {Default Queue} wl_registry#32.global(16, "ext_foreign_toplevel_list_v1", 1)
[08:36:59.449921] {Default Queue} wl_registry#32.global(17, "zwp_pointer_gestures_v1", 3)
[08:36:59.449923] {Default Queue} wl_registry#32.global(18, "zwlr_foreign_toplevel_manager_v1", 3)
[08:36:59.449925] {Default Queue} wl_registry#32.global(19, "zwp_keyboard_shortcuts_inhibit_manager_v1", 1)
[08:36:59.449927] {Default Queue} wl_registry#32.global(20, "zwp_text_input_manager_v1", 1)
[08:36:59.449928] {Default Queue} wl_registry#32.global(21, "zwp_text_input_manager_v3", 1)
[08:36:59.449930] {Default Queue} wl_registry#32.global(22, "zwp_pointer_constraints_v1", 1)
[08:36:59.449932] {Default Queue} wl_registry#32.global(23, "zwlr_output_power_manager_v1", 1)
[08:36:59.449933] {Default Queue} wl_registry#32.global(24, "xdg_activation_v1", 1)
[08:36:59.449935] {Default Queue} wl_registry#32.global(25, "ext_idle_notifier_v1", 2)
[08:36:59.449937] {Default Queue} wl_registry#32.global(26, "hyprland_lock_notifier_v1", 1)
[08:36:59.449938] {Default Queue} wl_registry#32.global(27, "ext_session_lock_manager_v1", 1)
[08:36:59.449940] {Default Queue} wl_registry#32.global(28, "zwp_input_method_manager_v2", 1)
[08:36:59.449942] {Default Queue} wl_registry#32.global(29, "zwp_virtual_keyboard_manager_v1", 1)
[08:36:59.449944] {Default Queue} wl_registry#32.global(30, "zwlr_virtual_pointer_manager_v1", 2)
[08:36:59.449945] {Default Queue} wl_registry#32.global(31, "zwlr_output_manager_v1", 4)
[08:36:59.449947] {Default Queue} wl_registry#32.global(32, "org_kde_kwin_server_decoration_manager", 1)
[08:36:59.449949] {Default Queue} wl_registry#32.global(33, "hyprland_focus_grab_manager_v1", 1)
[08:36:59.449950] {Default Queue} wl_registry#32.global(34, "zwp_tablet_manager_v2", 1)
[08:36:59.449952] {Default Queue} wl_registry#32.global(35, "zwlr_layer_shell_v1", 5)
[08:36:59.449954] {Default Queue}  -> wl_registry#32.bind(35, "zwlr_layer_shell_v1", 4, new id [unknown]#34)
[08:36:59.449957] {Default Queue} wl_registry#32.global(36, "wp_presentation", 2)
[08:36:59.449958] {Default Queue} wl_registry#32.global(37, "xdg_wm_base", 7)
[08:36:59.449960] {Default Queue}  -> wl_registry#32.bind(37, "xdg_wm_base", 7, new id [unknown]#35)
[08:36:59.449962] {Default Queue} wl_registry#32.global(38, "zwlr_data_control_manager_v1", 2)
[08:36:59.449964] {Default Queue} wl_registry#32.global(39, "zwp_primary_selection_device_manager_v1", 1)
[08:36:59.449966] {Default Queue} wl_registry#32.global(40, "xwayland_shell_v1", 1)
[08:36:59.449967] {Default Queue} wl_registry#32.global(41, "hyprland_toplevel_mapping_manager_v1", 1)
[08:36:59.449969] {Default Queue} wl_registry#32.global(42, "hyprland_global_shortcuts_manager_v1", 1)
[08:36:59.449973] {Default Queue} wl_registry#32.global(43, "xdg_wm_dialog_v1", 1)
[08:36:59.449976] {Default Queue} wl_registry#32.global(44, "wp_single_pixel_buffer_manager_v1", 1)
[08:36:59.449978] {Default Queue} wl_registry#32.global(45, "wp_security_context_manager_v1", 1)
[08:36:59.449979] {Default Queue} wl_registry#32.global(46, "hyprland_ctm_control_manager_v1", 2)
[08:36:59.449981] {Default Queue} wl_registry#32.global(47, "hyprland_input_capture_manager_v1", 1)
[08:36:59.449983] {Default Queue} wl_registry#32.global(48, "hyprland_surface_manager_v1", 2)
[08:36:59.449984] {Default Queue} wl_registry#32.global(49, "wp_content_type_manager_v1", 1)
[08:36:59.449986] {Default Queue} wl_registry#32.global(50, "xdg_toplevel_tag_manager_v1", 1)
[08:36:59.449988] {Default Queue} wl_registry#32.global(51, "xdg_system_bell_v1", 1)
[08:36:59.449989] {Default Queue} wl_registry#32.global(52, "vicinae_hotkey_manager_v1", 1)
[08:36:59.449991] {Default Queue} wl_registry#32.global(53, "ext_workspace_manager_v1", 1)
[08:36:59.449993] {Default Queue} wl_registry#32.global(54, "ext_data_control_manager_v1", 1)
[08:36:59.449995] {Default Queue} wl_registry#32.global(55, "wp_pointer_warp_v1", 1)
[08:36:59.449996] {Default Queue} wl_registry#32.global(56, "wp_fifo_manager_v1", 1)
[08:36:59.449998] {Default Queue} wl_registry#32.global(57, "zxdg_exporter_v2", 1)
[08:36:59.450001] {Default Queue} wl_registry#32.global(58, "zxdg_importer_v2", 1)
[08:36:59.450003] {Default Queue} wl_registry#32.global(59, "ext_background_effect_manager_v1", 1)
[08:36:59.450005] {Default Queue} wl_registry#32.global(60, "wp_commit_timing_manager_v1", 1)
[08:36:59.450007] {Default Queue} wl_registry#32.global(61, "zwlr_screencopy_manager_v1", 3)
[08:36:59.450009] {Default Queue} wl_registry#32.global(62, "hyprland_toplevel_export_manager_v1", 2)
[08:36:59.450011] {Default Queue} wl_registry#32.global(63, "ext_output_image_capture_source_manager_v1", 1)
[08:36:59.450013] {Default Queue} wl_registry#32.global(64, "ext_foreign_toplevel_image_capture_source_manager_v1", 1)
[08:36:59.450014] {Default Queue} wl_registry#32.global(65, "ext_image_copy_capture_manager_v1", 1)
[08:36:59.450016] {Default Queue} wl_registry#32.global(66, "wp_color_manager_v1", 3)
[08:36:59.450018] {Default Queue} wl_registry#32.global(67, "wl_drm", 2)
[08:36:59.450020] {Default Queue} wl_registry#32.global(68, "zwp_linux_dmabuf_v1", 5)
[08:36:59.450021] {Default Queue} wl_registry#32.global(69, "wl_output", 4)
[08:36:59.450023] {Default Queue} wl_callback#33.done(12)
[08:36:59.473755] {Default Queue}  -> wl_compositor#5.create_surface(new id wl_surface#33)
[08:36:59.474047] {mesa egl display queue}  -> wl_display#1.get_registry(new id wl_registry#36)
[08:36:59.474055] {mesa egl display queue}  -> wl_display#1.sync(new id wl_callback#37)
[08:36:59.474300] {Display Queue} wl_display#1.delete_id(37)
[08:36:59.474304] {mesa egl display queue} wl_registry#36.global(1, "wl_seat", 9)
[08:36:59.474308] {mesa egl display queue} wl_registry#36.global(2, "wl_data_device_manager", 3)
[08:36:59.474310] {mesa egl display queue} wl_registry#36.global(3, "wl_compositor", 6)
[08:36:59.474312] {mesa egl display queue} wl_registry#36.global(4, "wl_subcompositor", 1)
[08:36:59.474313] {mesa egl display queue} wl_registry#36.global(5, "wl_shm", 2)
[08:36:59.474315] {mesa egl display queue} wl_registry#36.global(6, "wp_viewporter", 1)
[08:36:59.474317] {mesa egl display queue} wl_registry#36.global(7, "wp_tearing_control_manager_v1", 1)
[08:36:59.474319] {mesa egl display queue} wl_registry#36.global(8, "wp_fractional_scale_manager_v1", 1)
[08:36:59.474321] {mesa egl display queue} wl_registry#36.global(9, "zxdg_output_manager_v1", 3)
[08:36:59.474323] {mesa egl display queue} wl_registry#36.global(10, "wp_cursor_shape_manager_v1", 2)
[08:36:59.474325] {mesa egl display queue} wl_registry#36.global(11, "zwp_idle_inhibit_manager_v1", 1)
[08:36:59.474327] {mesa egl display queue} wl_registry#36.global(12, "zwp_relative_pointer_manager_v1", 1)
[08:36:59.474329] {mesa egl display queue} wl_registry#36.global(13, "zxdg_decoration_manager_v1", 2)
[08:36:59.474335] {mesa egl display queue} wl_registry#36.global(14, "wp_alpha_modifier_v1", 1)
[08:36:59.474345] {mesa egl display queue} wl_registry#36.global(15, "zwlr_gamma_control_manager_v1", 1)
[08:36:59.474347] {mesa egl display queue} wl_registry#36.global(16, "ext_foreign_toplevel_list_v1", 1)
[08:36:59.474349] {mesa egl display queue} wl_registry#36.global(17, "zwp_pointer_gestures_v1", 3)
[08:36:59.474351] {mesa egl display queue} wl_registry#36.global(18, "zwlr_foreign_toplevel_manager_v1", 3)
[08:36:59.474353] {mesa egl display queue} wl_registry#36.global(19, "zwp_keyboard_shortcuts_inhibit_manager_v1", 1)
[08:36:59.474354] {mesa egl display queue} wl_registry#36.global(20, "zwp_text_input_manager_v1", 1)
[08:36:59.474356] {mesa egl display queue} wl_registry#36.global(21, "zwp_text_input_manager_v3", 1)
[08:36:59.474358] {mesa egl display queue} wl_registry#36.global(22, "zwp_pointer_constraints_v1", 1)
[08:36:59.474360] {mesa egl display queue} wl_registry#36.global(23, "zwlr_output_power_manager_v1", 1)
[08:36:59.474362] {mesa egl display queue} wl_registry#36.global(24, "xdg_activation_v1", 1)
[08:36:59.474363] {mesa egl display queue} wl_registry#36.global(25, "ext_idle_notifier_v1", 2)
[08:36:59.474366] {mesa egl display queue} wl_registry#36.global(26, "hyprland_lock_notifier_v1", 1)
[08:36:59.474367] {mesa egl display queue} wl_registry#36.global(27, "ext_session_lock_manager_v1", 1)
[08:36:59.474369] {mesa egl display queue} wl_registry#36.global(28, "zwp_input_method_manager_v2", 1)
[08:36:59.474371] {mesa egl display queue} wl_registry#36.global(29, "zwp_virtual_keyboard_manager_v1", 1)
[08:36:59.474373] {mesa egl display queue} wl_registry#36.global(30, "zwlr_virtual_pointer_manager_v1", 2)
[08:36:59.474375] {mesa egl display queue} wl_registry#36.global(31, "zwlr_output_manager_v1", 4)
[08:36:59.474377] {mesa egl display queue} wl_registry#36.global(32, "org_kde_kwin_server_decoration_manager", 1)
[08:36:59.474378] {mesa egl display queue} wl_registry#36.global(33, "hyprland_focus_grab_manager_v1", 1)
[08:36:59.474380] {mesa egl display queue} wl_registry#36.global(34, "zwp_tablet_manager_v2", 1)
[08:36:59.474382] {mesa egl display queue} wl_registry#36.global(35, "zwlr_layer_shell_v1", 5)
[08:36:59.474384] {mesa egl display queue} wl_registry#36.global(36, "wp_presentation", 2)
[08:36:59.474386] {mesa egl display queue}  -> wl_registry#36.bind(36, "wp_presentation", 1, new id [unknown]#38)
[08:36:59.474389] {mesa egl display queue} wl_registry#36.global(37, "xdg_wm_base", 7)
[08:36:59.474391] {mesa egl display queue} wl_registry#36.global(38, "zwlr_data_control_manager_v1", 2)
[08:36:59.474393] {mesa egl display queue} wl_registry#36.global(39, "zwp_primary_selection_device_manager_v1", 1)
[08:36:59.474395] {mesa egl display queue} wl_registry#36.global(40, "xwayland_shell_v1", 1)
[08:36:59.474397] {mesa egl display queue} wl_registry#36.global(41, "hyprland_toplevel_mapping_manager_v1", 1)
[08:36:59.474399] {mesa egl display queue} wl_registry#36.global(42, "hyprland_global_shortcuts_manager_v1", 1)
[08:36:59.474400] {mesa egl display queue} wl_registry#36.global(43, "xdg_wm_dialog_v1", 1)
[08:36:59.474402] {mesa egl display queue} wl_registry#36.global(44, "wp_single_pixel_buffer_manager_v1", 1)
[08:36:59.474404] {mesa egl display queue} wl_registry#36.global(45, "wp_security_context_manager_v1", 1)
[08:36:59.474406] {mesa egl display queue} wl_registry#36.global(46, "hyprland_ctm_control_manager_v1", 2)
[08:36:59.474408] {mesa egl display queue} wl_registry#36.global(47, "hyprland_input_capture_manager_v1", 1)
[08:36:59.474410] {mesa egl display queue} wl_registry#36.global(48, "hyprland_surface_manager_v1", 2)
[08:36:59.474412] {mesa egl display queue} wl_registry#36.global(49, "wp_content_type_manager_v1", 1)
[08:36:59.474413] {mesa egl display queue} wl_registry#36.global(50, "xdg_toplevel_tag_manager_v1", 1)
[08:36:59.474415] {mesa egl display queue} wl_registry#36.global(51, "xdg_system_bell_v1", 1)
[08:36:59.474419] {mesa egl display queue} wl_registry#36.global(52, "vicinae_hotkey_manager_v1", 1)
[08:36:59.474422] {mesa egl display queue} wl_registry#36.global(53, "ext_workspace_manager_v1", 1)
[08:36:59.474424] {mesa egl display queue} wl_registry#36.global(54, "ext_data_control_manager_v1", 1)
[08:36:59.474425] {mesa egl display queue} wl_registry#36.global(55, "wp_pointer_warp_v1", 1)
[08:36:59.474427] {mesa egl display queue} wl_registry#36.global(56, "wp_fifo_manager_v1", 1)
[08:36:59.474429] {mesa egl display queue} wl_registry#36.global(57, "zxdg_exporter_v2", 1)
[08:36:59.474431] {mesa egl display queue} wl_registry#36.global(58, "zxdg_importer_v2", 1)
[08:36:59.474433] {mesa egl display queue} wl_registry#36.global(59, "ext_background_effect_manager_v1", 1)
[08:36:59.474435] {mesa egl display queue} wl_registry#36.global(60, "wp_commit_timing_manager_v1", 1)
[08:36:59.474437] {mesa egl display queue} wl_registry#36.global(61, "zwlr_screencopy_manager_v1", 3)
[08:36:59.474438] {mesa egl display queue} wl_registry#36.global(62, "hyprland_toplevel_export_manager_v1", 2)
[08:36:59.474440] {mesa egl display queue} wl_registry#36.global(63, "ext_output_image_capture_source_manager_v1", 1)
[08:36:59.474442] {mesa egl display queue} wl_registry#36.global(64, "ext_foreign_toplevel_image_capture_source_manager_v1", 1)
[08:36:59.474444] {mesa egl display queue} wl_registry#36.global(65, "ext_image_copy_capture_manager_v1", 1)
[08:36:59.474446] {mesa egl display queue} wl_registry#36.global(66, "wp_color_manager_v1", 3)
[08:36:59.474448] {mesa egl display queue} wl_registry#36.global(67, "wl_drm", 2)
[08:36:59.474450] {mesa egl display queue} wl_registry#36.global(68, "zwp_linux_dmabuf_v1", 5)
[08:36:59.474452] {mesa egl display queue}  -> wl_registry#36.bind(68, "zwp_linux_dmabuf_v1", 4, new id [unknown]#39)
[08:36:59.474454] {mesa egl display queue} wl_registry#36.global(69, "wl_output", 4)
[08:36:59.474456] {mesa egl display queue} wl_callback#37.done(12)
[08:36:59.474459] {mesa egl display queue}  -> zwp_linux_dmabuf_v1#39.get_default_feedback(new id zwp_linux_dmabuf_feedback_v1#37)
[08:36:59.474463] {mesa egl display queue}  -> wl_display#1.sync(new id wl_callback#40)
[08:36:59.474490] {Display Queue} wl_display#1.delete_id(40)
[08:36:59.474492] {mesa egl display queue} wp_presentation#38.clock_id(1)
[08:36:59.474495] {mesa egl display queue} zwp_linux_dmabuf_feedback_v1#37.format_table(fd 12, 2960)
[08:36:59.474506] {mesa egl display queue} zwp_linux_dmabuf_feedback_v1#37.main_device(array[8])
[08:36:59.474736] {mesa egl display queue} zwp_linux_dmabuf_feedback_v1#37.tranche_target_device(array[8])
[08:36:59.474740] {mesa egl display queue} zwp_linux_dmabuf_feedback_v1#37.tranche_flags(0)
[08:36:59.474742] {mesa egl display queue} zwp_linux_dmabuf_feedback_v1#37.tranche_formats(array[370])
[08:36:59.474749] {mesa egl display queue} zwp_linux_dmabuf_feedback_v1#37.tranche_done()
[08:36:59.474751] {mesa egl display queue} zwp_linux_dmabuf_feedback_v1#37.done()
[08:36:59.474753] {mesa egl display queue} wl_callback#40.done(12)
[08:36:59.474755] {mesa egl display queue}  -> zwp_linux_dmabuf_feedback_v1#37.destroy()
[08:36:59.486360] {Default Queue}  -> wl_surface#33.destroy()
[08:36:59.486452] {Default Queue}  -> wl_compositor#5.create_surface(new id wl_surface#40)
[08:36:59.489282] {Default Queue}  -> wl_surface#40.destroy()
view-process-policy: related=1 distinct-manager=1
view-process-policy: related=1 distinct-manager=1
[08:36:59.502011] {Default Queue}  -> wl_compositor#5.create_surface(new id wl_surface#41)
[08:36:59.502495] {Default Queue}  -> wl_display#1.get_registry(new id wl_registry#42)
[08:36:59.502560] {Default Queue}  -> wl_surface#41.attach(nil, 0, 0)
[08:36:59.502568] {Default Queue}  -> zwlr_layer_shell_v1#34.get_layer_surface(new id zwlr_layer_surface_v1#43, wl_surface#41, wl_output#19, 2, "elm-shell-recovery-v17")
[08:36:59.502574] {Default Queue}  -> zwlr_layer_surface_v1#43.set_keyboard_interactivity(0)
[08:36:59.502577] {Default Queue}  -> zwlr_layer_surface_v1#43.set_exclusive_zone(48)
[08:36:59.502585] {Default Queue}  -> zwlr_layer_surface_v1#43.set_anchor(13)
[08:36:59.502595] {Default Queue}  -> zwlr_layer_surface_v1#43.set_margin(0, 0, 0, 0)
[08:36:59.502598] {Default Queue}  -> zwlr_layer_surface_v1#43.set_size(0, 48)
[08:36:59.502601] {Default Queue}  -> wl_surface#41.commit()
[08:36:59.502604] {Default Queue}  -> wl_display#1.sync(new id wl_callback#44)
[08:36:59.502811] {Display Queue} wl_display#1.delete_id(37)
[08:36:59.502821] {Display Queue} wl_display#1.delete_id(33)
[08:36:59.502826] {Display Queue} wl_display#1.delete_id(40)
[08:36:59.502828] {Display Queue} wl_display#1.delete_id(44)
[08:36:59.502831] {Default Queue} wl_registry#42.global(1, "wl_seat", 9)
[08:36:59.502834] {Default Queue} wl_registry#42.global(2, "wl_data_device_manager", 3)
[08:36:59.502837] {Default Queue} wl_registry#42.global(3, "wl_compositor", 6)
[08:36:59.502839] {Default Queue} wl_registry#42.global(4, "wl_subcompositor", 1)
[08:36:59.502841] {Default Queue} wl_registry#42.global(5, "wl_shm", 2)
[08:36:59.502844] {Default Queue} wl_registry#42.global(6, "wp_viewporter", 1)
[08:36:59.502846] {Default Queue} wl_registry#42.global(7, "wp_tearing_control_manager_v1", 1)
[08:36:59.502848] {Default Queue} wl_registry#42.global(8, "wp_fractional_scale_manager_v1", 1)
[08:36:59.502851] {Default Queue} wl_registry#42.global(9, "zxdg_output_manager_v1", 3)
[08:36:59.502853] {Default Queue} wl_registry#42.global(10, "wp_cursor_shape_manager_v1", 2)
[08:36:59.502855] {Default Queue} wl_registry#42.global(11, "zwp_idle_inhibit_manager_v1", 1)
[08:36:59.502858] {Default Queue} wl_registry#42.global(12, "zwp_relative_pointer_manager_v1", 1)
[08:36:59.502860] {Default Queue} wl_registry#42.global(13, "zxdg_decoration_manager_v1", 2)
[08:36:59.502862] {Default Queue} wl_registry#42.global(14, "wp_alpha_modifier_v1", 1)
[08:36:59.502865] {Default Queue} wl_registry#42.global(15, "zwlr_gamma_control_manager_v1", 1)
[08:36:59.502867] {Default Queue} wl_registry#42.global(16, "ext_foreign_toplevel_list_v1", 1)
[08:36:59.502869] {Default Queue} wl_registry#42.global(17, "zwp_pointer_gestures_v1", 3)
[08:36:59.502872] {Default Queue} wl_registry#42.global(18, "zwlr_foreign_toplevel_manager_v1", 3)
[08:36:59.502874] {Default Queue} wl_registry#42.global(19, "zwp_keyboard_shortcuts_inhibit_manager_v1", 1)
[08:36:59.502876] {Default Queue} wl_registry#42.global(20, "zwp_text_input_manager_v1", 1)
[08:36:59.502879] {Default Queue} wl_registry#42.global(21, "zwp_text_input_manager_v3", 1)
[08:36:59.502881] {Default Queue}  -> wl_registry#42.bind(21, "zwp_text_input_manager_v3", 1, new id [unknown]#40)
[08:36:59.502885] {Default Queue}  -> zwp_text_input_manager_v3#40.get_text_input(new id zwp_text_input_v3#33, wl_seat#22)
[08:36:59.502888] {Default Queue} wl_registry#42.global(22, "zwp_pointer_constraints_v1", 1)
[08:36:59.502891] {Default Queue} wl_registry#42.global(23, "zwlr_output_power_manager_v1", 1)
[08:36:59.502893] {Default Queue} wl_registry#42.global(24, "xdg_activation_v1", 1)
[08:36:59.502896] {Default Queue} wl_registry#42.global(25, "ext_idle_notifier_v1", 2)
[08:36:59.502898] {Default Queue} wl_registry#42.global(26, "hyprland_lock_notifier_v1", 1)
[08:36:59.502900] {Default Queue} wl_registry#42.global(27, "ext_session_lock_manager_v1", 1)
[08:36:59.502903] {Default Queue} wl_registry#42.global(28, "zwp_input_method_manager_v2", 1)
[08:36:59.502905] {Default Queue} wl_registry#42.global(29, "zwp_virtual_keyboard_manager_v1", 1)
[08:36:59.502907] {Default Queue} wl_registry#42.global(30, "zwlr_virtual_pointer_manager_v1", 2)
[08:36:59.502910] {Default Queue} wl_registry#42.global(31, "zwlr_output_manager_v1", 4)
[08:36:59.502912] {Default Queue} wl_registry#42.global(32, "org_kde_kwin_server_decoration_manager", 1)
[08:36:59.502915] {Default Queue} wl_registry#42.global(33, "hyprland_focus_grab_manager_v1", 1)
[08:36:59.502917] {Default Queue} wl_registry#42.global(34, "zwp_tablet_manager_v2", 1)
[08:36:59.502920] {Default Queue} wl_registry#42.global(35, "zwlr_layer_shell_v1", 5)
[08:36:59.502922] {Default Queue} wl_registry#42.global(36, "wp_presentation", 2)
[08:36:59.502929] {Default Queue} wl_registry#42.global(37, "xdg_wm_base", 7)
[08:36:59.502937] {Default Queue} wl_registry#42.global(38, "zwlr_data_control_manager_v1", 2)
[08:36:59.502940] {Default Queue} wl_registry#42.global(39, "zwp_primary_selection_device_manager_v1", 1)
[08:36:59.502942] {Default Queue} wl_registry#42.global(40, "xwayland_shell_v1", 1)
[08:36:59.502945] {Default Queue} wl_registry#42.global(41, "hyprland_toplevel_mapping_manager_v1", 1)
[08:36:59.502948] {Default Queue} wl_registry#42.global(42, "hyprland_global_shortcuts_manager_v1", 1)
[08:36:59.502950] {Default Queue} wl_registry#42.global(43, "xdg_wm_dialog_v1", 1)
[08:36:59.502953] {Default Queue} wl_registry#42.global(44, "wp_single_pixel_buffer_manager_v1", 1)
[08:36:59.502955] {Default Queue} wl_registry#42.global(45, "wp_security_context_manager_v1", 1)
[08:36:59.502958] {Default Queue} wl_registry#42.global(46, "hyprland_ctm_control_manager_v1", 2)
[08:36:59.502961] {Default Queue} wl_registry#42.global(47, "hyprland_input_capture_manager_v1", 1)
[08:36:59.502963] {Default Queue} wl_registry#42.global(48, "hyprland_surface_manager_v1", 2)
[08:36:59.502967] {Default Queue} wl_registry#42.global(49, "wp_content_type_manager_v1", 1)
[08:36:59.502969] {Default Queue} wl_registry#42.global(50, "xdg_toplevel_tag_manager_v1", 1)
[08:36:59.502972] {Default Queue} wl_registry#42.global(51, "xdg_system_bell_v1", 1)
[08:36:59.502974] {Default Queue} wl_registry#42.global(52, "vicinae_hotkey_manager_v1", 1)
[08:36:59.502977] {Default Queue} wl_registry#42.global(53, "ext_workspace_manager_v1", 1)
[08:36:59.502979] {Default Queue} wl_registry#42.global(54, "ext_data_control_manager_v1", 1)
[08:36:59.502981] {Default Queue} wl_registry#42.global(55, "wp_pointer_warp_v1", 1)
[08:36:59.502984] {Default Queue} wl_registry#42.global(56, "wp_fifo_manager_v1", 1)
[08:36:59.502986] {Default Queue} wl_registry#42.global(57, "zxdg_exporter_v2", 1)
[08:36:59.502989] {Default Queue} wl_registry#42.global(58, "zxdg_importer_v2", 1)
[08:36:59.502992] {Default Queue} wl_registry#42.global(59, "ext_background_effect_manager_v1", 1)
[08:36:59.502994] {Default Queue} wl_registry#42.global(60, "wp_commit_timing_manager_v1", 1)
[08:36:59.502997] {Default Queue} wl_registry#42.global(61, "zwlr_screencopy_manager_v1", 3)
[08:36:59.502999] {Default Queue} wl_registry#42.global(62, "hyprland_toplevel_export_manager_v1", 2)
[08:36:59.503002] {Default Queue} wl_registry#42.global(63, "ext_output_image_capture_source_manager_v1", 1)
[08:36:59.503005] {Default Queue} wl_registry#42.global(64, "ext_foreign_toplevel_image_capture_source_manager_v1", 1)
[08:36:59.503008] {Default Queue} wl_registry#42.global(65, "ext_image_copy_capture_manager_v1", 1)
[08:36:59.503010] {Default Queue} wl_registry#42.global(66, "wp_color_manager_v1", 3)
[08:36:59.503013] {Default Queue} wl_registry#42.global(67, "wl_drm", 2)
[08:36:59.503015] {Default Queue} wl_registry#42.global(68, "zwp_linux_dmabuf_v1", 5)
[08:36:59.503018] {Default Queue} wl_registry#42.global(69, "wl_output", 4)
[08:36:59.503020] {Default Queue} zwlr_layer_surface_v1#43.configure(13, 800, 48)
[08:36:59.503023] {Default Queue}  -> zwlr_layer_surface_v1#43.ack_configure(13)
[08:36:59.503026] {Default Queue} wl_callback#44.done(14)
[08:36:59.503075] {Default Queue}  -> wl_surface#41.commit()
view-added: id=1 geometry=0,0,800,600
shared-host-start: views=1 controllers=1 backend-clients=1 sandbox=1
[08:36:59.503548] {Default Queue} zwlr_layer_surface_v1#43.configure(15, 800, 48)
[08:36:59.503557] {Default Queue}  -> zwlr_layer_surface_v1#43.ack_configure(15)
[08:36:59.507834] {Default Queue}  -> wl_surface#41.set_buffer_scale(1)
[08:36:59.507926] {Default Queue}  -> wl_shm#7.create_pool(new id wl_shm_pool#44, fd 24, 153600)
[08:36:59.507937] {Default Queue}  -> wl_shm_pool#44.create_buffer(new id wl_buffer#37, 0, 800, 48, 3200, 0)
[08:36:59.508058] {Default Queue}  -> wl_surface#41.attach(wl_buffer#37, 0, 0)
[08:36:59.508064] {Default Queue}  -> wl_surface#41.set_buffer_scale(1)
[08:36:59.508068] {Default Queue}  -> wl_surface#41.damage(0, 0, 800, 48)
[08:36:59.508076] {Default Queue}  -> wl_compositor#5.create_region(new id wl_region#45)
[08:36:59.508085] {Default Queue}  -> wl_region#45.add(0, 0, 800, 48)
[08:36:59.508088] {Default Queue}  -> wl_surface#41.set_opaque_region(wl_region#45)
[08:36:59.508091] {Default Queue}  -> wl_region#45.destroy()
[08:36:59.508093] {Default Queue}  -> wl_surface#41.set_input_region(nil)
[08:36:59.508099] {Default Queue}  -> wl_surface#41.frame(new id wl_callback#46)
[08:36:59.508102] {Default Queue}  -> wl_surface#41.commit()
[08:36:59.508455] {Display Queue} wl_display#1.delete_id(45)
[08:36:59.508476] {Display Queue} wl_display#1.delete_id(46)
[08:36:59.508483] {Default Queue} wl_callback#46.done(71124150)
[08:36:59.508490] {Default Queue} wl_surface#41.enter(wl_output#19)
[08:36:59.508496] {Default Queue} wl_buffer#37.release()
[08:36:59.613957] {Default Queue}  -> wl_surface#41.set_buffer_scale(1)
[08:36:59.613998] {mesa egl surface queue}  -> zwp_linux_dmabuf_v1#39.get_surface_feedback(new id zwp_linux_dmabuf_feedback_v1#46, wl_surface#41)
[08:36:59.614010] {mesa egl display queue}  -> wl_display#1.sync(new id wl_callback#45)
[08:36:59.614074] {Display Queue} wl_display#1.delete_id(45)
[08:36:59.614079] {mesa egl display queue} wl_callback#45.done(15)
[08:36:59.614090] {mesa egl surface queue} zwp_linux_dmabuf_feedback_v1#46.format_table(fd 29, 2960)
[08:36:59.614103] {mesa egl surface queue} zwp_linux_dmabuf_feedback_v1#46.main_device(array[8])
[08:36:59.614107] {mesa egl surface queue} zwp_linux_dmabuf_feedback_v1#46.tranche_target_device(array[8])
[08:36:59.614110] {mesa egl surface queue} zwp_linux_dmabuf_feedback_v1#46.tranche_flags(0)
[08:36:59.614113] {mesa egl surface queue} zwp_linux_dmabuf_feedback_v1#46.tranche_formats(array[370])
[08:36:59.614118] {mesa egl surface queue} zwp_linux_dmabuf_feedback_v1#46.tranche_done()
[08:36:59.614122] {mesa egl surface queue} zwp_linux_dmabuf_feedback_v1#46.done()
[08:36:59.617112] {Default Queue}  -> wl_surface#41.attach(wl_buffer#37, 0, 0)
[08:36:59.617131] {Default Queue}  -> wl_surface#41.set_buffer_scale(1)
[08:36:59.617137] {Default Queue}  -> wl_surface#41.damage(0, 0, 800, 48)
[08:36:59.617155] {Default Queue}  -> wl_surface#41.frame(new id wl_callback#45)
[08:36:59.617159] {Default Queue}  -> wl_surface#41.commit()
[08:36:59.618728] {Default Queue} wl_buffer#37.release()
[08:36:59.619032] {Display Queue} wl_display#1.delete_id(45)
[08:36:59.619050] {Default Queue} wl_callback#45.done(71124260)
view-topology: {"viewProtocol":1,"kind":"view-topology","revision":"1","views":[{"id":"1","generation":"1"}]}
surface-report: origin=bar {"kind":"surface-report","body":{"publication":null,"lease":null,"buttons":[],"focus":"","text":""}}
view-report: id=1 x=0 y=0 {"kind":"surface-report","body":{"publication":null,"lease":null,"buttons":[],"focus":"","text":""}}

** (process:2): WARNING **: 02:36:59.629: Failed to get atspi registered event listeners: GDBus.Error:org.freedesktop.DBus.Error.NameHasNoOwner: Could not activate remote peer 'org.a11y.atspi.Registry': unit failed

view-refused: commit-preflight
surface-inspection: {"surfaceProtocol":2,"kind":"surface-inspection","publication":"0","lease":"0","body":{"phase":"Detached","transaction":"Idle","groups":[],"picker":null,"openerId":"applications:detached:0:control:opener","reconnectId":"reconnect"}}
[08:36:59.643848] {Default Queue}  -> wl_buffer#37.destroy()
[08:36:59.643864] {Default Queue}  -> wl_shm_pool#44.destroy()
[08:36:59.650629] {mesa egl display queue}  -> zwp_linux_dmabuf_v1#39.create_params(new id zwp_linux_buffer_params_v1#45)
[08:36:59.650656] {mesa egl surface queue}  -> zwp_linux_buffer_params_v1#45.add(fd 31, 0, 0, 3584, 16777216, 15)
[08:36:59.650663] {mesa egl surface queue}  -> zwp_linux_buffer_params_v1#45.add(fd 32, 1, 229376, 448, 16777216, 15)
[08:36:59.650667] {mesa egl surface queue}  -> zwp_linux_buffer_params_v1#45.add(fd 40, 2, 233472, 64, 16777216, 15)
[08:36:59.650671] {mesa egl surface queue}  -> zwp_linux_buffer_params_v1#45.create_immed(new id wl_buffer#47, 800, 48, 875713089, 0)
[08:36:59.650686] {mesa egl surface queue}  -> zwp_linux_buffer_params_v1#45.destroy()
[08:36:59.650690] {mesa egl surface queue}  -> wl_surface#41.attach(wl_buffer#47, 0, 0)
[08:36:59.650693] {mesa egl surface queue}  -> wl_surface#41.damage(0, 0, 2147483647, 2147483647)
[08:36:59.650696] {mesa egl surface queue}  -> wl_surface#41.commit()
[08:36:59.650699] {mesa egl surface queue}  -> wl_display#1.sync(new id wl_callback#48)
[08:36:59.651109] discarded [unknown]#37.[event 0](0 fd, 8 byte)
[08:36:59.651116] {Display Queue} wl_display#1.delete_id(37)
[08:36:59.651122] {Display Queue} wl_display#1.delete_id(44)
[08:36:59.651125] {Display Queue} wl_display#1.delete_id(45)
[08:36:59.651127] {Display Queue} wl_display#1.delete_id(48)
backend-frame: {"protocolVersion":3,"kind":"attached","binding":{"lifetime":"8254857747969609670","session":"12345918205280471104","frontend":"1"},"compositor":{"pid":693804,"instance":"efb50993780079460b0cbed1363e2166a2de1d9f_1791103017_1624703621","coreHash":"efb50993780079460b0cbed1363e2166a2de1d9f_aq_0.15_hu_0.14_hg_0.5_hc_0.1_hlg_0.6"},"capabilities":{"observe":true,"effects":true,"minimizedState":true,"effectProtocol":1,"operations":["minimize","restore","activate"],"canonicalScene":false,"taskbarProjectionProtocol":1,"effectInvalidationProtocol":1}}
frontend-request: {"protocolVersion":3,"kind":"projection-request","binding":{"lifetime":"8254857747969609670","session":"12345918205280471104","frontend":"1"},"requestId":"1"}
surface-commit: publication=1 lease=0 open=0
view-commit: popup=0 focus=1 publication=1
surface-inspection: {"surfaceProtocol":2,"kind":"surface-inspection","publication":"1","lease":"0","body":{"phase":"Awaiting","transaction":"Idle","groups":[],"picker":null,"openerId":"applications:{\"lifetime\":\"8254857747969609670\",\"session\":\"12345918205280471104\",\"frontend\":\"1\"}:1:control:opener","reconnectId":"reconnect"}}
backend-frame: {"protocolVersion":3,"kind":"action-projection","binding":{"lifetime":"8254857747969609670","session":"12345918205280471104","frontend":"1"},"requestId":"1","context":{"lifetime":"8254857747969609670","epoch":"1","output":"1","revision":"1"},"scene":{"revision":"1","focused":"2","windows":[{"incarnation":"2","application":"GTK Application","label":"ELM-AUTHORITY-FIXTURE","minimized":false,"owner":null,"available":true}]}}
surface-commit: publication=2 lease=0 open=0
view-commit: popup=0 focus=1 publication=2
surface-inspection: {"surfaceProtocol":2,"kind":"surface-inspection","publication":"2","lease":"0","body":{"phase":"Coherent","transaction":"Idle","groups":[{"key":"application:GTK Application","domId":"group:{\"lifetime\":\"8254857747969609670\",\"session\":\"12345918205280471104\",\"frontend\":\"1\"}:1:1:application:GTK Application","title":"ELM-AUTHORITY-FIXTURE","active":true,"expanded":false}],"picker":null,"openerId":"applications:{\"lifetime\":\"8254857747969609670\",\"session\":\"12345918205280471104\",\"frontend\":\"1\"}:1:control:opener","reconnectId":"reconnect"}}
[08:36:59.723223] {mesa egl surface queue} wl_callback#48.done(15)
[08:36:59.723590] {mesa egl display queue}  -> zwp_linux_dmabuf_v1#39.create_params(new id zwp_linux_buffer_params_v1#48)
[08:36:59.723608] {mesa egl surface queue}  -> zwp_linux_buffer_params_v1#48.add(fd 40, 0, 0, 3584, 16777216, 15)
[08:36:59.723614] {mesa egl surface queue}  -> zwp_linux_buffer_params_v1#48.add(fd 41, 1, 229376, 448, 16777216, 15)
[08:36:59.723617] {mesa egl surface queue}  -> zwp_linux_buffer_params_v1#48.add(fd 42, 2, 233472, 64, 16777216, 15)
[08:36:59.723623] {mesa egl surface queue}  -> zwp_linux_buffer_params_v1#48.create_immed(new id wl_buffer#45, 800, 48, 875713089, 0)
[08:36:59.723629] {mesa egl surface queue}  -> zwp_linux_buffer_params_v1#48.destroy()
[08:36:59.723633] {mesa egl surface queue}  -> wl_surface#41.attach(wl_buffer#45, 0, 0)
[08:36:59.723636] {mesa egl surface queue}  -> wl_surface#41.damage(0, 0, 2147483647, 2147483647)
[08:36:59.723639] {mesa egl surface queue}  -> wl_surface#41.commit()
[08:36:59.723641] {mesa egl surface queue}  -> wl_display#1.sync(new id wl_callback#44)
surface-report: origin=bar {"kind":"surface-report","body":{"publication":"2","lease":"0","buttons":[{"id":"applications:{\"lifetime\":\"8254857747969609670\",\"session\":\"12345918205280471104\",\"frontend\":\"1\"}:1:control:opener","label":"Applications","accessibleName":"Open applications","disabled":false,"x":3,"y":3,"width":112.28125,"height":36},{"id":"group:{\"lifetime\":\"8254857747969609670\",\"session\":\"12345918205280471104\",\"frontend\":\"1\"}:1:1:application:GTK Application","label":"ELM-AUTHORITY-FIXTURE1","accessibleName":"Minimize ELM-AUTHORITY-FIXTURE","disabled":false,"x":121.28125,"y":3,"width":237.875,"height":36}],"focus":"","text":"ApplicationsELM-AUTHORITY-FIXTURE1Connected"}}
view-report: id=1 x=0 y=0 {"kind":"surface-report","body":{"publication":"2","lease":"0","buttons":[{"id":"applications:{\"lifetime\":\"8254857747969609670\",\"session\":\"12345918205280471104\",\"frontend\":\"1\"}:1:control:opener","label":"Applications","accessibleName":"Open applications","disabled":false,"x":3,"y":3,"width":112.28125,"height":36},{"id":"group:{\"lifetime\":\"8254857747969609670\",\"session\":\"12345918205280471104\",\"frontend\":\"1\"}:1:1:application:GTK Application","label":"ELM-AUTHORITY-FIXTURE1","accessibleName":"Minimize ELM-AUTHORITY-FIXTURE","disabled":false,"x":121.28125,"y":3,"width":237.875,"height":36}],"focus":"","text":"ApplicationsELM-AUTHORITY-FIXTURE1Connected"}}
[08:36:59.723858] {Display Queue} wl_display#1.delete_id(48)
[08:36:59.723863] {Display Queue} wl_display#1.delete_id(44)
[08:36:59.741501] {mesa egl surface queue} wl_buffer#47.release()
[08:36:59.741516] {mesa egl surface queue}  -> wl_buffer#47.destroy()
[08:36:59.741519] {mesa egl surface queue} wl_callback#44.done(15)
[08:36:59.741986] {mesa egl display queue}  -> zwp_linux_dmabuf_v1#39.create_params(new id zwp_linux_buffer_params_v1#44)
[08:36:59.742000] {mesa egl surface queue}  -> zwp_linux_buffer_params_v1#44.add(fd 40, 0, 0, 3584, 16777216, 15)
[08:36:59.742005] {mesa egl surface queue}  -> zwp_linux_buffer_params_v1#44.add(fd 41, 1, 229376, 448, 16777216, 15)
[08:36:59.742009] {mesa egl surface queue}  -> zwp_linux_buffer_params_v1#44.add(fd 42, 2, 233472, 64, 16777216, 15)
[08:36:59.742011] {mesa egl surface queue}  -> zwp_linux_buffer_params_v1#44.create_immed(new id wl_buffer#48, 800, 48, 875713089, 0)
[08:36:59.742015] {mesa egl surface queue}  -> zwp_linux_buffer_params_v1#44.destroy()
[08:36:59.742018] {mesa egl surface queue}  -> wl_surface#41.attach(wl_buffer#48, 0, 0)
[08:36:59.742021] {mesa egl surface queue}  -> wl_surface#41.damage(0, 0, 2147483647, 2147483647)
[08:36:59.742024] {mesa egl surface queue}  -> wl_surface#41.commit()
[08:36:59.742026] {mesa egl surface queue}  -> wl_display#1.sync(new id wl_callback#37)
[08:36:59.742233] discarded [unknown]#47.[event 0](0 fd, 8 byte)
[08:36:59.742236] discarded [unknown]#47.[event 0](0 fd, 8 byte)
[08:36:59.742241] {Display Queue} wl_display#1.delete_id(47)
[08:36:59.742245] {Display Queue} wl_display#1.delete_id(44)
[08:36:59.742247] {Display Queue} wl_display#1.delete_id(37)
[08:37:02.004393] {Default Queue} wl_pointer#21.enter(20, wl_surface#41, 240.00000000, 21.00000000)
[08:37:02.004415] {Default Queue} wl_pointer#21.frame()
[08:37:02.004469] {Default Queue}  -> wp_cursor_shape_device_v1#30.set_shape(20, 1)
[08:37:02.004475] {Default Queue} wl_pointer#21.motion(71126646, 240.00000000, 21.00000000)
[08:37:02.004478] {Default Queue} wl_pointer#21.frame()
[08:37:02.105153] {Default Queue} wl_pointer#21.button(21, 71126747, 272, 1)
[08:37:02.105172] {Default Queue} wl_pointer#21.frame()
surface-report: origin=bar {"kind":"surface-report","body":{"publication":"2","lease":"0","buttons":[{"id":"applications:{\"lifetime\":\"8254857747969609670\",\"session\":\"12345918205280471104\",\"frontend\":\"1\"}:1:control:opener","label":"Applications","accessibleName":"Open applications","disabled":false,"x":3,"y":3,"width":112.28125,"height":36},{"id":"group:{\"lifetime\":\"8254857747969609670\",\"session\":\"12345918205280471104\",\"frontend\":\"1\"}:1:1:application:GTK Application","label":"ELM-AUTHORITY-FIXTURE1","accessibleName":"Minimize ELM-AUTHORITY-FIXTURE","disabled":false,"x":121.28125,"y":3,"width":237.875,"height":36}],"focus":"group:{\"lifetime\":\"8254857747969609670\",\"session\":\"12345918205280471104\",\"frontend\":\"1\"}:1:1:application:GTK Application","text":"ApplicationsELM-AUTHORITY-FIXTURE1Connected"}}
view-report: id=1 x=0 y=0 {"kind":"surface-report","body":{"publication":"2","lease":"0","buttons":[{"id":"applications:{\"lifetime\":\"8254857747969609670\",\"session\":\"12345918205280471104\",\"frontend\":\"1\"}:1:control:opener","label":"Applications","accessibleName":"Open applications","disabled":false,"x":3,"y":3,"width":112.28125,"height":36},{"id":"group:{\"lifetime\":\"8254857747969609670\",\"session\":\"12345918205280471104\",\"frontend\":\"1\"}:1:1:application:GTK Application","label":"ELM-AUTHORITY-FIXTURE1","accessibleName":"Minimize ELM-AUTHORITY-FIXTURE","disabled":false,"x":121.28125,"y":3,"width":237.875,"height":36}],"focus":"group:{\"lifetime\":\"8254857747969609670\",\"session\":\"12345918205280471104\",\"frontend\":\"1\"}:1:1:application:GTK Application","text":"ApplicationsELM-AUTHORITY-FIXTURE1Connected"}}
[08:37:02.155970] {Default Queue} wl_pointer#21.button(22, 71126798, 272, 0)
[08:37:02.155986] {Default Queue} wl_pointer#21.frame()
host-intent-durable: {"schema":1,"binding":{"lifetime":"8254857747969609670","session":"12345918205280471104","frontend":"1"},"intent":{"request":"1","generation":"1","incarnation":"2","operation":"minimize","context":{"lifetime":"8254857747969609670","epoch":"1","output":"1","revision":"1"}},"status":"Pending"}
frontend-request: {"protocolVersion":3,"kind":"window-effect","effectProtocol":1,"binding":{"lifetime":"8254857747969609670","session":"12345918205280471104","frontend":"1"},"intent":{"request":"1","generation":"1","incarnation":"2","operation":"minimize","context":{"lifetime":"8254857747969609670","epoch":"1","output":"1","revision":"1"}}}
surface-commit: publication=3 lease=0 open=0
view-commit: popup=0 focus=1 publication=3
surface-inspection: {"surfaceProtocol":2,"kind":"surface-inspection","publication":"3","lease":"0","body":{"phase":"Coherent","transaction":"Pending","groups":[{"key":"application:GTK Application","domId":"group:{\"lifetime\":\"8254857747969609670\",\"session\":\"12345918205280471104\",\"frontend\":\"1\"}:1:1:application:GTK Application","title":"ELM-AUTHORITY-FIXTURE","active":true,"expanded":false}],"picker":null,"openerId":"applications:{\"lifetime\":\"8254857747969609670\",\"session\":\"12345918205280471104\",\"frontend\":\"1\"}:1:control:opener","reconnectId":"reconnect"}}
backend-frame: {"protocolVersion":3,"kind":"effect-outcome","effectProtocol":1,"binding":{"lifetime":"8254857747969609670","session":"12345918205280471104","frontend":"1"},"intent":{"request":"1","generation":"1","incarnation":"2","operation":"minimize","context":{"lifetime":"8254857747969609670","epoch":"1","output":"1","revision":"1"}},"status":"Committed","reason":"applied","revision":"2","outputGeneration":"1"}
backend-frame: {"protocolVersion":3,"kind":"host-refresh"}
frontend-request: {"protocolVersion":3,"kind":"projection-request","binding":{"lifetime":"8254857747969609670","session":"12345918205280471104","frontend":"1"},"requestId":"2"}
surface-commit: publication=4 lease=0 open=0
view-commit: popup=0 focus=1 publication=4
surface-inspection: {"surfaceProtocol":2,"kind":"surface-inspection","publication":"4","lease":"0","body":{"phase":"Awaiting","transaction":"Committed","groups":[{"key":"application:GTK Application","domId":"group:{\"lifetime\":\"8254857747969609670\",\"session\":\"12345918205280471104\",\"frontend\":\"1\"}:1:1:application:GTK Application","title":"ELM-AUTHORITY-FIXTURE","active":true,"expanded":false}],"picker":null,"openerId":"applications:{\"lifetime\":\"8254857747969609670\",\"session\":\"12345918205280471104\",\"frontend\":\"1\"}:1:control:opener","reconnectId":"reconnect"}}
frontend-request: {"protocolVersion":3,"kind":"projection-request","binding":{"lifetime":"8254857747969609670","session":"12345918205280471104","frontend":"1"},"requestId":"3"}
surface-commit: publication=5 lease=0 open=0
view-commit: popup=0 focus=1 publication=5
surface-inspection: {"surfaceProtocol":2,"kind":"surface-inspection","publication":"5","lease":"0","body":{"phase":"Awaiting","transaction":"Committed","groups":[{"key":"application:GTK Application","domId":"group:{\"lifetime\":\"8254857747969609670\",\"session\":\"12345918205280471104\",\"frontend\":\"1\"}:1:1:application:GTK Application","title":"ELM-AUTHORITY-FIXTURE","active":true,"expanded":false}],"picker":null,"openerId":"applications:{\"lifetime\":\"8254857747969609670\",\"session\":\"12345918205280471104\",\"frontend\":\"1\"}:1:control:opener","reconnectId":"reconnect"}}
backend-frame: {"protocolVersion":3,"kind":"action-projection","binding":{"lifetime":"8254857747969609670","session":"12345918205280471104","frontend":"1"},"requestId":"2","context":{"lifetime":"8254857747969609670","epoch":"1","output":"1","revision":"2"},"scene":{"revision":"2","focused":null,"windows":[{"incarnation":"2","application":"GTK Application","label":"ELM-AUTHORITY-FIXTURE","minimized":true,"owner":null,"available":true}]}}
backend-frame: {"protocolVersion":3,"kind":"action-projection","binding":{"lifetime":"8254857747969609670","session":"12345918205280471104","frontend":"1"},"requestId":"3","context":{"lifetime":"8254857747969609670","epoch":"1","output":"1","revision":"2"},"scene":{"revision":"2","focused":null,"windows":[{"incarnation":"2","application":"GTK Application","label":"ELM-AUTHORITY-FIXTURE","minimized":true,"owner":null,"available":true}]}}
surface-inspection: {"surfaceProtocol":2,"kind":"surface-inspection","publication":"5","lease":"0","body":{"phase":"Awaiting","transaction":"Committed","groups":[{"key":"application:GTK Application","domId":"group:{\"lifetime\":\"8254857747969609670\",\"session\":\"12345918205280471104\",\"frontend\":\"1\"}:1:1:application:GTK Application","title":"ELM-AUTHORITY-FIXTURE","active":true,"expanded":false}],"picker":null,"openerId":"applications:{\"lifetime\":\"8254857747969609670\",\"session\":\"12345918205280471104\",\"frontend\":\"1\"}:1:control:opener","reconnectId":"reconnect"}}
surface-commit: publication=6 lease=0 open=0
view-commit: popup=0 focus=1 publication=6
surface-inspection: {"surfaceProtocol":2,"kind":"surface-inspection","publication":"6","lease":"0","body":{"phase":"Coherent","transaction":"Committed","groups":[{"key":"application:GTK Application","domId":"group:{\"lifetime\":\"8254857747969609670\",\"session\":\"12345918205280471104\",\"frontend\":\"1\"}:1:2:application:GTK Application","title":"ELM-AUTHORITY-FIXTURE","active":false,"expanded":false}],"picker":null,"openerId":"applications:{\"lifetime\":\"8254857747969609670\",\"session\":\"12345918205280471104\",\"frontend\":\"1\"}:1:control:opener","reconnectId":"reconnect"}}
surface-report: origin=bar {"kind":"surface-report","body":{"publication":"6","lease":"0","buttons":[{"id":"applications:{\"lifetime\":\"8254857747969609670\",\"session\":\"12345918205280471104\",\"frontend\":\"1\"}:1:control:opener","label":"Applications","accessibleName":"Open applications","disabled":false,"x":3,"y":3,"width":112.28125,"height":36},{"id":"group:{\"lifetime\":\"8254857747969609670\",\"session\":\"12345918205280471104\",\"frontend\":\"1\"}:1:2:application:GTK Application","label":"ELM-AUTHORITY-FIXTURE1","accessibleName":"Restore ELM-AUTHORITY-FIXTURE","disabled":false,"x":121.28125,"y":3,"width":237.875,"height":36}],"focus":"group:{\"lifetime\":\"8254857747969609670\",\"session\":\"12345918205280471104\",\"frontend\":\"1\"}:1:2:application:GTK Application","text":"ApplicationsELM-AUTHORITY-FIXTURE1Connected"}}
view-report: id=1 x=0 y=0 {"kind":"surface-report","body":{"publication":"6","lease":"0","buttons":[{"id":"applications:{\"lifetime\":\"8254857747969609670\",\"session\":\"12345918205280471104\",\"frontend\":\"1\"}:1:control:opener","label":"Applications","accessibleName":"Open applications","disabled":false,"x":3,"y":3,"width":112.28125,"height":36},{"id":"group:{\"lifetime\":\"8254857747969609670\",\"session\":\"12345918205280471104\",\"frontend\":\"1\"}:1:2:application:GTK Application","label":"ELM-AUTHORITY-FIXTURE1","accessibleName":"Restore ELM-AUTHORITY-FIXTURE","disabled":false,"x":121.28125,"y":3,"width":237.875,"height":36}],"focus":"group:{\"lifetime\":\"8254857747969609670\",\"session\":\"12345918205280471104\",\"frontend\":\"1\"}:1:2:application:GTK Application","text":"ApplicationsELM-AUTHORITY-FIXTURE1Connected"}}
[08:37:02.754672] {Default Queue} wl_pointer#21.frame()
[08:37:02.854960] {Default Queue} wl_pointer#21.button(26, 71127497, 272, 1)
[08:37:02.854988] {Default Queue} wl_pointer#21.frame()
[08:37:02.905307] {Default Queue} wl_pointer#21.button(27, 71127547, 272, 0)
[08:37:02.905330] {Default Queue} wl_pointer#21.frame()
host-intent-durable: {"schema":1,"binding":{"lifetime":"8254857747969609670","session":"12345918205280471104","frontend":"1"},"intent":{"request":"2","generation":"2","incarnation":"2","operation":"restore","context":{"lifetime":"8254857747969609670","epoch":"1","output":"1","revision":"2"}},"status":"Pending"}
frontend-request: {"protocolVersion":3,"kind":"window-effect","effectProtocol":1,"binding":{"lifetime":"8254857747969609670","session":"12345918205280471104","frontend":"1"},"intent":{"request":"2","generation":"2","incarnation":"2","operation":"restore","context":{"lifetime":"8254857747969609670","epoch":"1","output":"1","revision":"2"}}}
surface-commit: publication=7 lease=0 open=0
view-commit: popup=0 focus=1 publication=7
surface-inspection: {"surfaceProtocol":2,"kind":"surface-inspection","publication":"7","lease":"0","body":{"phase":"Coherent","transaction":"Pending","groups":[{"key":"application:GTK Application","domId":"group:{\"lifetime\":\"8254857747969609670\",\"session\":\"12345918205280471104\",\"frontend\":\"1\"}:1:2:application:GTK Application","title":"ELM-AUTHORITY-FIXTURE","active":false,"expanded":false}],"picker":null,"openerId":"applications:{\"lifetime\":\"8254857747969609670\",\"session\":\"12345918205280471104\",\"frontend\":\"1\"}:1:control:opener","reconnectId":"reconnect"}}
[08:37:02.924997] {mesa egl surface queue} wl_callback#37.done(15)
[08:37:02.925013] {mesa egl surface queue} wl_buffer#45.release()
[08:37:02.926297] {mesa egl surface queue}  -> wl_surface#41.attach(wl_buffer#45, 0, 0)
[08:37:02.926308] {mesa egl surface queue}  -> wl_surface#41.damage(0, 0, 2147483647, 2147483647)
[08:37:02.926312] {mesa egl surface queue}  -> wl_surface#41.commit()
[08:37:02.926315] {mesa egl surface queue}  -> wl_display#1.sync(new id wl_callback#37)
[08:37:02.926692] {Display Queue} wl_display#1.delete_id(37)
surface-report: origin=bar {"kind":"surface-report","body":{"publication":"7","lease":"0","buttons":[{"id":"applications:{\"lifetime\":\"8254857747969609670\",\"session\":\"12345918205280471104\",\"frontend\":\"1\"}:1:control:opener","label":"Applications","accessibleName":"Open applications","disabled":false,"x":3,"y":3,"width":112.28125,"height":36},{"id":"group:{\"lifetime\":\"8254857747969609670\",\"session\":\"12345918205280471104\",\"frontend\":\"1\"}:1:2:application:GTK Application","label":"ELM-AUTHORITY-FIXTURE1","accessibleName":"Restore ELM-AUTHORITY-FIXTURE","disabled":true,"x":121.28125,"y":3,"width":237.875,"height":36}],"focus":"","text":"ApplicationsELM-AUTHORITY-FIXTURE1Applying window change…"}}
view-report: id=1 x=0 y=0 {"kind":"surface-report","body":{"publication":"7","lease":"0","buttons":[{"id":"applications:{\"lifetime\":\"8254857747969609670\",\"session\":\"12345918205280471104\",\"frontend\":\"1\"}:1:control:opener","label":"Applications","accessibleName":"Open applications","disabled":false,"x":3,"y":3,"width":112.28125,"height":36},{"id":"group:{\"lifetime\":\"8254857747969609670\",\"session\":\"12345918205280471104\",\"frontend\":\"1\"}:1:2:application:GTK Application","label":"ELM-AUTHORITY-FIXTURE1","accessibleName":"Restore ELM-AUTHORITY-FIXTURE","disabled":true,"x":121.28125,"y":3,"width":237.875,"height":36}],"focus":"","text":"ApplicationsELM-AUTHORITY-FIXTURE1Applying window change…"}}
backend-frame: {"protocolVersion":3,"kind":"host-recovery-failed","reason":"unverified"}
backend-frame: {"protocolVersion":3,"kind":"host-disconnected"}
Backend failure locations: daemon.py:92:<module>,daemon.py:70:main,recovery_journal.py:20:guarded
Authority backend stopped: unverified
surface-commit: publication=8 lease=0 open=0
view-commit: popup=0 focus=1 publication=8
surface-inspection: {"surfaceProtocol":2,"kind":"surface-inspection","publication":"8","lease":"0","body":{"phase":"Detached","transaction":"Unknown","groups":[{"key":"application:GTK Application","domId":"group:{\"lifetime\":\"8254857747969609670\",\"session\":\"12345918205280471104\",\"frontend\":\"1\"}:1:2:application:GTK Application","title":"ELM-AUTHORITY-FIXTURE","active":false,"expanded":false}],"picker":null,"openerId":"applications:{\"lifetime\":\"8254857747969609670\",\"session\":\"12345918205280471104\",\"frontend\":\"1\"}:2:control:opener","reconnectId":"reconnect"}}
surface-commit: publication=9 lease=0 open=0
view-commit: popup=0 focus=1 publication=9
surface-inspection: {"surfaceProtocol":2,"kind":"surface-inspection","publication":"9","lease":"0","body":{"phase":"Detached","transaction":"Unknown","groups":[{"key":"application:GTK Application","domId":"group:{\"lifetime\":\"8254857747969609670\",\"session\":\"12345918205280471104\",\"frontend\":\"1\"}:1:2:application:GTK Application","title":"ELM-AUTHORITY-FIXTURE","active":false,"expanded":false}],"picker":null,"openerId":"applications:{\"lifetime\":\"8254857747969609670\",\"session\":\"12345918205280471104\",\"frontend\":\"1\"}:3:control:opener","reconnectId":"reconnect"}}
backend-exit: waited=1 normal=1 code=1
surface-commit: publication=10 lease=0 open=0
view-commit: popup=0 focus=1 publication=10
surface-inspection: {"surfaceProtocol":2,"kind":"surface-inspection","publication":"10","lease":"0","body":{"phase":"Detached","transaction":"Unknown","groups":[{"key":"application:GTK Application","domId":"group:{\"lifetime\":\"8254857747969609670\",\"session\":\"12345918205280471104\",\"frontend\":\"1\"}:1:2:application:GTK Application","title":"ELM-AUTHORITY-FIXTURE","active":false,"expanded":false}],"picker":null,"openerId":"applications:{\"lifetime\":\"8254857747969609670\",\"session\":\"12345918205280471104\",\"frontend\":\"1\"}:4:control:opener","reconnectId":"reconnect"}}
[08:37:03.426415] {mesa egl surface queue} wl_buffer#48.release()
[08:37:03.426425] {mesa egl surface queue} wl_callback#37.done(30)
[08:37:03.426632] {mesa egl surface queue}  -> wl_surface#41.attach(wl_buffer#48, 0, 0)
[08:37:03.426639] {mesa egl surface queue}  -> wl_surface#41.damage(0, 0, 2147483647, 2147483647)
[08:37:03.426642] {mesa egl surface queue}  -> wl_surface#41.commit()
[08:37:03.426645] {mesa egl surface queue}  -> wl_display#1.sync(new id wl_callback#37)
[08:37:03.426746] {Display Queue} wl_display#1.delete_id(37)
surface-report: origin=bar {"kind":"surface-report","body":{"publication":"10","lease":"0","buttons":[{"id":"reconnect","label":"Reconnect","accessibleName":"Reconnect to the window system","disabled":false,"x":3,"y":3,"width":102.5,"height":36},{"id":"group:{\"lifetime\":\"8254857747969609670\",\"session\":\"12345918205280471104\",\"frontend\":\"1\"}:1:2:application:GTK Application","label":"ELM-AUTHORITY-FIXTURE1","accessibleName":"Restore ELM-AUTHORITY-FIXTURE","disabled":true,"x":111.5,"y":3,"width":237.875,"height":36}],"focus":"","text":"ReconnectELM-AUTHORITY-FIXTURE1Window recovery data could not be verified. Repair it, then reconnect. The last request could not be confirmed."}}
view-report: id=1 x=0 y=0 {"kind":"surface-report","body":{"publication":"10","lease":"0","buttons":[{"id":"reconnect","label":"Reconnect","accessibleName":"Reconnect to the window system","disabled":false,"x":3,"y":3,"width":102.5,"height":36},{"id":"group:{\"lifetime\":\"8254857747969609670\",\"session\":\"12345918205280471104\",\"frontend\":\"1\"}:1:2:application:GTK Application","label":"ELM-AUTHORITY-FIXTURE1","accessibleName":"Restore ELM-AUTHORITY-FIXTURE","disabled":true,"x":111.5,"y":3,"width":237.875,"height":36}],"focus":"","text":"ReconnectELM-AUTHORITY-FIXTURE1Window recovery data could not be verified. Repair it, then reconnect. The last request could not be confirmed."}}
[08:37:04.713676] {Default Queue} wl_pointer#21.motion(71129355, 54.00000000, 21.00000000)
[08:37:04.713725] {Default Queue} wl_pointer#21.frame()
[08:37:04.813909] {Default Queue} wl_pointer#21.button(43, 71129456, 272, 1)
[08:37:04.813942] {Default Queue} wl_pointer#21.frame()
surface-report: origin=bar {"kind":"surface-report","body":{"publication":"10","lease":"0","buttons":[{"id":"reconnect","label":"Reconnect","accessibleName":"Reconnect to the window system","disabled":false,"x":3,"y":3,"width":102.5,"height":36},{"id":"group:{\"lifetime\":\"8254857747969609670\",\"session\":\"12345918205280471104\",\"frontend\":\"1\"}:1:2:application:GTK Application","label":"ELM-AUTHORITY-FIXTURE1","accessibleName":"Restore ELM-AUTHORITY-FIXTURE","disabled":true,"x":111.5,"y":3,"width":237.875,"height":36}],"focus":"reconnect","text":"ReconnectELM-AUTHORITY-FIXTURE1Window recovery data could not be verified. Repair it, then reconnect. The last request could not be confirmed."}}
view-report: id=1 x=0 y=0 {"kind":"surface-report","body":{"publication":"10","lease":"0","buttons":[{"id":"reconnect","label":"Reconnect","accessibleName":"Reconnect to the window system","disabled":false,"x":3,"y":3,"width":102.5,"height":36},{"id":"group:{\"lifetime\":\"8254857747969609670\",\"session\":\"12345918205280471104\",\"frontend\":\"1\"}:1:2:application:GTK Application","label":"ELM-AUTHORITY-FIXTURE1","accessibleName":"Restore ELM-AUTHORITY-FIXTURE","disabled":true,"x":111.5,"y":3,"width":237.875,"height":36}],"focus":"reconnect","text":"ReconnectELM-AUTHORITY-FIXTURE1Window recovery data could not be verified. Repair it, then reconnect. The last request could not be confirmed."}}
[08:37:04.864111] {Default Queue} wl_pointer#21.button(44, 71129506, 272, 0)
[08:37:04.864142] {Default Queue} wl_pointer#21.frame()
surface-commit: publication=11 lease=0 open=0
view-commit: popup=0 focus=1 publication=11
surface-inspection: {"surfaceProtocol":2,"kind":"surface-inspection","publication":"11","lease":"0","body":{"phase":"Detached","transaction":"Unknown","groups":[{"key":"application:GTK Application","domId":"group:{\"lifetime\":\"8254857747969609670\",\"session\":\"12345918205280471104\",\"frontend\":\"1\"}:1:2:application:GTK Application","title":"ELM-AUTHORITY-FIXTURE","active":false,"expanded":false}],"picker":null,"openerId":"applications:{\"lifetime\":\"8254857747969609670\",\"session\":\"12345918205280471104\",\"frontend\":\"1\"}:5:control:opener","reconnectId":"reconnect"}}
[08:37:04.878113] {mesa egl surface queue} wl_callback#37.done(34)
[08:37:04.878133] {mesa egl surface queue} wl_buffer#45.release()
[08:37:04.878380] {mesa egl surface queue}  -> wl_surface#41.attach(wl_buffer#45, 0, 0)
[08:37:04.878391] {mesa egl surface queue}  -> wl_surface#41.damage(0, 0, 2147483647, 2147483647)
[08:37:04.878395] {mesa egl surface queue}  -> wl_surface#41.commit()
[08:37:04.878398] {mesa egl surface queue}  -> wl_display#1.sync(new id wl_callback#37)
[08:37:04.878603] {Display Queue} wl_display#1.delete_id(37)
surface-report: origin=bar {"kind":"surface-report","body":{"publication":"11","lease":"0","buttons":[{"id":"reconnect","label":"Reconnect","accessibleName":"Reconnect to the window system","disabled":true,"x":3,"y":3,"width":102.5,"height":36},{"id":"group:{\"lifetime\":\"8254857747969609670\",\"session\":\"12345918205280471104\",\"frontend\":\"1\"}:1:2:application:GTK Application","label":"ELM-AUTHORITY-FIXTURE1","accessibleName":"Restore ELM-AUTHORITY-FIXTURE","disabled":true,"x":111.5,"y":3,"width":237.875,"height":36}],"focus":"","text":"ReconnectELM-AUTHORITY-FIXTURE1Reconnecting… The last request could not be confirmed."}}
view-report: id=1 x=0 y=0 {"kind":"surface-report","body":{"publication":"11","lease":"0","buttons":[{"id":"reconnect","label":"Reconnect","accessibleName":"Reconnect to the window system","disabled":true,"x":3,"y":3,"width":102.5,"height":36},{"id":"group:{\"lifetime\":\"8254857747969609670\",\"session\":\"12345918205280471104\",\"frontend\":\"1\"}:1:2:application:GTK Application","label":"ELM-AUTHORITY-FIXTURE1","accessibleName":"Restore ELM-AUTHORITY-FIXTURE","disabled":true,"x":111.5,"y":3,"width":237.875,"height":36}],"focus":"","text":"ReconnectELM-AUTHORITY-FIXTURE1Reconnecting… The last request could not be confirmed."}}
backend-frame: {"protocolVersion":3,"kind":"attached","binding":{"lifetime":"8254857747969609670","session":"10672005267452633280","frontend":"1"},"compositor":{"pid":693804,"instance":"efb50993780079460b0cbed1363e2166a2de1d9f_1791103017_1624703621","coreHash":"efb50993780079460b0cbed1363e2166a2de1d9f_aq_0.15_hu_0.14_hg_0.5_hc_0.1_hlg_0.6"},"capabilities":{"observe":true,"effects":true,"minimizedState":true,"effectProtocol":1,"operations":["minimize","restore","activate"],"canonicalScene":false,"taskbarProjectionProtocol":1,"effectInvalidationProtocol":1}}
backend-frame: {"protocolVersion":3,"kind":"host-uncertain","binding":{"lifetime":"8254857747969609670","session":"10672005267452633280","frontend":"1"},"intent":{"request":"2","generation":"2","incarnation":"2","operation":"restore","context":{"lifetime":"8254857747969609670","epoch":"1","output":"1","revision":"2"}}}
frontend-request: {"protocolVersion":3,"kind":"projection-request","binding":{"lifetime":"8254857747969609670","session":"10672005267452633280","frontend":"1"},"requestId":"4"}
surface-commit: publication=12 lease=0 open=0
view-commit: popup=0 focus=1 publication=12
surface-inspection: {"surfaceProtocol":2,"kind":"surface-inspection","publication":"12","lease":"0","body":{"phase":"Awaiting","transaction":"Unknown","groups":[{"key":"application:GTK Application","domId":"group:{\"lifetime\":\"8254857747969609670\",\"session\":\"10672005267452633280\",\"frontend\":\"1\"}:1:2:application:GTK Application","title":"ELM-AUTHORITY-FIXTURE","active":false,"expanded":false}],"picker":null,"openerId":"applications:{\"lifetime\":\"8254857747969609670\",\"session\":\"10672005267452633280\",\"frontend\":\"1\"}:6:control:opener","reconnectId":"reconnect"}}
surface-inspection: {"surfaceProtocol":2,"kind":"surface-inspection","publication":"12","lease":"0","body":{"phase":"Awaiting","transaction":"Unknown","groups":[{"key":"application:GTK Application","domId":"group:{\"lifetime\":\"8254857747969609670\",\"session\":\"10672005267452633280\",\"frontend\":\"1\"}:1:2:application:GTK Application","title":"ELM-AUTHORITY-FIXTURE","active":false,"expanded":false}],"picker":null,"openerId":"applications:{\"lifetime\":\"8254857747969609670\",\"session\":\"10672005267452633280\",\"frontend\":\"1\"}:6:control:opener","reconnectId":"reconnect"}}
backend-frame: {"protocolVersion":3,"kind":"action-projection","binding":{"lifetime":"8254857747969609670","session":"10672005267452633280","frontend":"1"},"requestId":"4","context":{"lifetime":"8254857747969609670","epoch":"1","output":"1","revision":"3"},"scene":{"revision":"3","focused":"2","windows":[{"incarnation":"2","application":"GTK Application","label":"ELM-AUTHORITY-FIXTURE","minimized":false,"owner":null,"available":true}]}}
surface-commit: publication=13 lease=0 open=0
view-commit: popup=0 focus=1 publication=13
surface-inspection: {"surfaceProtocol":2,"kind":"surface-inspection","publication":"13","lease":"0","body":{"phase":"Coherent","transaction":"Unknown","groups":[{"key":"application:GTK Application","domId":"group:{\"lifetime\":\"8254857747969609670\",\"session\":\"10672005267452633280\",\"frontend\":\"1\"}:1:3:application:GTK Application","title":"ELM-AUTHORITY-FIXTURE","active":true,"expanded":false}],"picker":null,"openerId":"applications:{\"lifetime\":\"8254857747969609670\",\"session\":\"10672005267452633280\",\"frontend\":\"1\"}:6:control:opener","reconnectId":"reconnect"}}
[08:37:04.942379] {mesa egl surface queue} wl_callback#37.done(44)
[08:37:04.942400] {mesa egl surface queue} wl_buffer#48.release()
[08:37:04.942585] {mesa egl surface queue}  -> wl_surface#41.attach(wl_buffer#48, 0, 0)
[08:37:04.942601] {mesa egl surface queue}  -> wl_surface#41.damage(0, 0, 2147483647, 2147483647)
[08:37:04.942616] {mesa egl surface queue}  -> wl_surface#41.commit()
[08:37:04.942620] {mesa egl surface queue}  -> wl_display#1.sync(new id wl_callback#37)
[08:37:04.942725] {Display Queue} wl_display#1.delete_id(37)
surface-report: origin=bar {"kind":"surface-report","body":{"publication":"13","lease":"0","buttons":[{"id":"applications:{\"lifetime\":\"8254857747969609670\",\"session\":\"10672005267452633280\",\"frontend\":\"1\"}:6:control:opener","label":"Applications","accessibleName":"Open applications","disabled":false,"x":3,"y":3,"width":112.28125,"height":36},{"id":"group:{\"lifetime\":\"8254857747969609670\",\"session\":\"10672005267452633280\",\"frontend\":\"1\"}:1:3:application:GTK Application","label":"ELM-AUTHORITY-FIXTURE1","accessibleName":"Minimize ELM-AUTHORITY-FIXTURE","disabled":false,"x":121.28125,"y":3,"width":237.875,"height":36}],"focus":"","text":"ApplicationsELM-AUTHORITY-FIXTURE1Connected The last request could not be confirmed."}}
view-report: id=1 x=0 y=0 {"kind":"surface-report","body":{"publication":"13","lease":"0","buttons":[{"id":"applications:{\"lifetime\":\"8254857747969609670\",\"session\":\"10672005267452633280\",\"frontend\":\"1\"}:6:control:opener","label":"Applications","accessibleName":"Open applications","disabled":false,"x":3,"y":3,"width":112.28125,"height":36},{"id":"group:{\"lifetime\":\"8254857747969609670\",\"session\":\"10672005267452633280\",\"frontend\":\"1\"}:1:3:application:GTK Application","label":"ELM-AUTHORITY-FIXTURE1","accessibleName":"Minimize ELM-AUTHORITY-FIXTURE","disabled":false,"x":121.28125,"y":3,"width":237.875,"height":36}],"focus":"","text":"ApplicationsELM-AUTHORITY-FIXTURE1Connected The last request could not be confirmed."}}
[08:37:05.319249] {Default Queue} wl_pointer#21.motion(71129961, 240.00000000, 21.00000000)
[08:37:05.319269] {Default Queue} wl_pointer#21.frame()
[08:37:05.419366] {Default Queue} wl_pointer#21.button(49, 71130061, 272, 1)
[08:37:05.419393] {Default Queue} wl_pointer#21.frame()
surface-report: origin=bar {"kind":"surface-report","body":{"publication":"13","lease":"0","buttons":[{"id":"applications:{\"lifetime\":\"8254857747969609670\",\"session\":\"10672005267452633280\",\"frontend\":\"1\"}:6:control:opener","label":"Applications","accessibleName":"Open applications","disabled":false,"x":3,"y":3,"width":112.28125,"height":36},{"id":"group:{\"lifetime\":\"8254857747969609670\",\"session\":\"10672005267452633280\",\"frontend\":\"1\"}:1:3:application:GTK Application","label":"ELM-AUTHORITY-FIXTURE1","accessibleName":"Minimize ELM-AUTHORITY-FIXTURE","disabled":false,"x":121.28125,"y":3,"width":237.875,"height":36}],"focus":"group:{\"lifetime\":\"8254857747969609670\",\"session\":\"10672005267452633280\",\"frontend\":\"1\"}:1:3:application:GTK Application","text":"ApplicationsELM-AUTHORITY-FIXTURE1Connected The last request could not be confirmed."}}
view-report: id=1 x=0 y=0 {"kind":"surface-report","body":{"publication":"13","lease":"0","buttons":[{"id":"applications:{\"lifetime\":\"8254857747969609670\",\"session\":\"10672005267452633280\",\"frontend\":\"1\"}:6:control:opener","label":"Applications","accessibleName":"Open applications","disabled":false,"x":3,"y":3,"width":112.28125,"height":36},{"id":"group:{\"lifetime\":\"8254857747969609670\",\"session\":\"10672005267452633280\",\"frontend\":\"1\"}:1:3:application:GTK Application","label":"ELM-AUTHORITY-FIXTURE1","accessibleName":"Minimize ELM-AUTHORITY-FIXTURE","disabled":false,"x":121.28125,"y":3,"width":237.875,"height":36}],"focus":"group:{\"lifetime\":\"8254857747969609670\",\"session\":\"10672005267452633280\",\"frontend\":\"1\"}:1:3:application:GTK Application","text":"ApplicationsELM-AUTHORITY-FIXTURE1Connected The last request could not be confirmed."}}
[08:37:05.469492] {Default Queue} wl_pointer#21.button(50, 71130111, 272, 0)
[08:37:05.469522] {Default Queue} wl_pointer#21.frame()
host-intent-durable: {"schema":1,"binding":{"lifetime":"8254857747969609670","session":"10672005267452633280","frontend":"1"},"intent":{"request":"3","generation":"3","incarnation":"2","operation":"minimize","context":{"lifetime":"8254857747969609670","epoch":"1","output":"1","revision":"3"}},"status":"Pending"}
frontend-request: {"protocolVersion":3,"kind":"window-effect","effectProtocol":1,"binding":{"lifetime":"8254857747969609670","session":"10672005267452633280","frontend":"1"},"intent":{"request":"3","generation":"3","incarnation":"2","operation":"minimize","context":{"lifetime":"8254857747969609670","epoch":"1","output":"1","revision":"3"}}}
surface-commit: publication=14 lease=0 open=0
view-commit: popup=0 focus=1 publication=14
surface-inspection: {"surfaceProtocol":2,"kind":"surface-inspection","publication":"14","lease":"0","body":{"phase":"Coherent","transaction":"Pending","groups":[{"key":"application:GTK Application","domId":"group:{\"lifetime\":\"8254857747969609670\",\"session\":\"10672005267452633280\",\"frontend\":\"1\"}:1:3:application:GTK Application","title":"ELM-AUTHORITY-FIXTURE","active":true,"expanded":false}],"picker":null,"openerId":"applications:{\"lifetime\":\"8254857747969609670\",\"session\":\"10672005267452633280\",\"frontend\":\"1\"}:6:control:opener","reconnectId":"reconnect"}}
backend-frame: {"protocolVersion":3,"kind":"effect-outcome","effectProtocol":1,"binding":{"lifetime":"8254857747969609670","session":"10672005267452633280","frontend":"1"},"intent":{"request":"3","generation":"3","incarnation":"2","operation":"minimize","context":{"lifetime":"8254857747969609670","epoch":"1","output":"1","revision":"3"}},"status":"Committed","reason":"applied","revision":"4","outputGeneration":"1"}
backend-frame: {"protocolVersion":3,"kind":"host-refresh"}
frontend-request: {"protocolVersion":3,"kind":"projection-request","binding":{"lifetime":"8254857747969609670","session":"10672005267452633280","frontend":"1"},"requestId":"5"}
surface-commit: publication=15 lease=0 open=0
view-commit: popup=0 focus=1 publication=15
surface-inspection: {"surfaceProtocol":2,"kind":"surface-inspection","publication":"15","lease":"0","body":{"phase":"Awaiting","transaction":"Committed","groups":[{"key":"application:GTK Application","domId":"group:{\"lifetime\":\"8254857747969609670\",\"session\":\"10672005267452633280\",\"frontend\":\"1\"}:1:3:application:GTK Application","title":"ELM-AUTHORITY-FIXTURE","active":true,"expanded":false}],"picker":null,"openerId":"applications:{\"lifetime\":\"8254857747969609670\",\"session\":\"10672005267452633280\",\"frontend\":\"1\"}:6:control:opener","reconnectId":"reconnect"}}
frontend-request: {"protocolVersion":3,"kind":"projection-request","binding":{"lifetime":"8254857747969609670","session":"10672005267452633280","frontend":"1"},"requestId":"6"}
surface-commit: publication=16 lease=0 open=0
view-commit: popup=0 focus=1 publication=16
surface-inspection: {"surfaceProtocol":2,"kind":"surface-inspection","publication":"16","lease":"0","body":{"phase":"Awaiting","transaction":"Committed","groups":[{"key":"application:GTK Application","domId":"group:{\"lifetime\":\"8254857747969609670\",\"session\":\"10672005267452633280\",\"frontend\":\"1\"}:1:3:application:GTK Application","title":"ELM-AUTHORITY-FIXTURE","active":true,"expanded":false}],"picker":null,"openerId":"applications:{\"lifetime\":\"8254857747969609670\",\"session\":\"10672005267452633280\",\"frontend\":\"1\"}:6:control:opener","reconnectId":"reconnect"}}
backend-frame: {"protocolVersion":3,"kind":"action-projection","binding":{"lifetime":"8254857747969609670","session":"10672005267452633280","frontend":"1"},"requestId":"5","context":{"lifetime":"8254857747969609670","epoch":"1","output":"1","revision":"4"},"scene":{"revision":"4","focused":null,"windows":[{"incarnation":"2","application":"GTK Application","label":"ELM-AUTHORITY-FIXTURE","minimized":true,"owner":null,"available":true}]}}
surface-inspection: {"surfaceProtocol":2,"kind":"surface-inspection","publication":"16","lease":"0","body":{"phase":"Awaiting","transaction":"Committed","groups":[{"key":"application:GTK Application","domId":"group:{\"lifetime\":\"8254857747969609670\",\"session\":\"10672005267452633280\",\"frontend\":\"1\"}:1:3:application:GTK Application","title":"ELM-AUTHORITY-FIXTURE","active":true,"expanded":false}],"picker":null,"openerId":"applications:{\"lifetime\":\"8254857747969609670\",\"session\":\"10672005267452633280\",\"frontend\":\"1\"}:6:control:opener","reconnectId":"reconnect"}}
backend-frame: {"protocolVersion":3,"kind":"action-projection","binding":{"lifetime":"8254857747969609670","session":"10672005267452633280","frontend":"1"},"requestId":"6","context":{"lifetime":"8254857747969609670","epoch":"1","output":"1","revision":"4"},"scene":{"revision":"4","focused":null,"windows":[{"incarnation":"2","application":"GTK Application","label":"ELM-AUTHORITY-FIXTURE","minimized":true,"owner":null,"available":true}]}}
surface-commit: publication=17 lease=0 open=0
view-commit: popup=0 focus=1 publication=17
surface-inspection: {"surfaceProtocol":2,"kind":"surface-inspection","publication":"17","lease":"0","body":{"phase":"Coherent","transaction":"Committed","groups":[{"key":"application:GTK Application","domId":"group:{\"lifetime\":\"8254857747969609670\",\"session\":\"10672005267452633280\",\"frontend\":\"1\"}:1:4:application:GTK Application","title":"ELM-AUTHORITY-FIXTURE","active":false,"expanded":false}],"picker":null,"openerId":"applications:{\"lifetime\":\"8254857747969609670\",\"session\":\"10672005267452633280\",\"frontend\":\"1\"}:6:control:opener","reconnectId":"reconnect"}}
[08:37:05.483890] {mesa egl surface queue} wl_callback#37.done(44)
[08:37:05.483915] {mesa egl surface queue} wl_buffer#45.release()
[08:37:05.484136] {mesa egl surface queue}  -> wl_surface#41.attach(wl_buffer#45, 0, 0)
[08:37:05.484145] {mesa egl surface queue}  -> wl_surface#41.damage(0, 0, 2147483647, 2147483647)
[08:37:05.484149] {mesa egl surface queue}  -> wl_surface#41.commit()
[08:37:05.484152] {mesa egl surface queue}  -> wl_display#1.sync(new id wl_callback#37)
[08:37:05.484215] {Display Queue} wl_display#1.delete_id(37)
surface-report: origin=bar {"kind":"surface-report","body":{"publication":"17","lease":"0","buttons":[{"id":"applications:{\"lifetime\":\"8254857747969609670\",\"session\":\"10672005267452633280\",\"frontend\":\"1\"}:6:control:opener","label":"Applications","accessibleName":"Open applications","disabled":false,"x":3,"y":3,"width":112.28125,"height":36},{"id":"group:{\"lifetime\":\"8254857747969609670\",\"session\":\"10672005267452633280\",\"frontend\":\"1\"}:1:4:application:GTK Application","label":"ELM-AUTHORITY-FIXTURE1","accessibleName":"Restore ELM-AUTHORITY-FIXTURE","disabled":false,"x":121.28125,"y":3,"width":237.875,"height":36}],"focus":"group:{\"lifetime\":\"8254857747969609670\",\"session\":\"10672005267452633280\",\"frontend\":\"1\"}:1:4:application:GTK Application","text":"ApplicationsELM-AUTHORITY-FIXTURE1Connected"}}
view-report: id=1 x=0 y=0 {"kind":"surface-report","body":{"publication":"17","lease":"0","buttons":[{"id":"applications:{\"lifetime\":\"8254857747969609670\",\"session\":\"10672005267452633280\",\"frontend\":\"1\"}:6:control:opener","label":"Applications","accessibleName":"Open applications","disabled":false,"x":3,"y":3,"width":112.28125,"height":36},{"id":"group:{\"lifetime\":\"8254857747969609670\",\"session\":\"10672005267452633280\",\"frontend\":\"1\"}:1:4:application:GTK Application","label":"ELM-AUTHORITY-FIXTURE1","accessibleName":"Restore ELM-AUTHORITY-FIXTURE","disabled":false,"x":121.28125,"y":3,"width":237.875,"height":36}],"focus":"group:{\"lifetime\":\"8254857747969609670\",\"session\":\"10672005267452633280\",\"frontend\":\"1\"}:1:4:application:GTK Application","text":"ApplicationsELM-AUTHORITY-FIXTURE1Connected"}}
[08:37:06.070016] {Default Queue}  -> wl_display#1.sync(new id wl_callback#44)
[08:37:06.070130] {Display Queue} wl_display#1.delete_id(44)
[08:37:06.070141] {Default Queue} wl_callback#44.done(53)
backend-exit: waited=1 normal=1 code=0
[08:37:06.079059] {Default Queue}  -> zwlr_layer_surface_v1#43.destroy()
[08:37:06.079098] {Default Queue}  -> wl_surface#41.destroy()
[08:37:06.079134] {mesa egl surface queue}  -> wl_buffer#45.destroy()
[08:37:06.079139] {mesa egl surface queue}  -> wl_buffer#48.destroy()
[08:37:06.079157] {mesa egl surface queue}  -> zwp_linux_dmabuf_feedback_v1#46.destroy()
view-retired: id=1
[08:37:06.087750] discarded [unknown]#45.[event 0](0 fd, 8 byte)
[08:37:06.087761] discarded [unknown]#48.[event 0](0 fd, 8 byte)
[08:37:06.087764] discarded [unknown]#48.[event 0](0 fd, 8 byte)
[08:37:06.087766] discarded [unknown]#45.[event 0](0 fd, 8 byte)
[08:37:06.087768] discarded [unknown]#45.[event 0](0 fd, 8 byte)
[08:37:06.087777] {Display Queue} wl_display#1.delete_id(43)
[08:37:06.087783] {Display Queue} wl_display#1.delete_id(48)
[08:37:06.087786] {Display Queue} wl_display#1.delete_id(46)
[08:37:06.087788] {Display Queue} wl_display#1.delete_id(41)
[08:37:06.087790] {Display Queue} wl_display#1.delete_id(45)
[08:37:06.087792] {Default Queue} wl_pointer#21.leave(54, nil)
[08:37:06.087795] {Default Queue} wl_pointer#21.frame()
shared-host-exit: failure=0 rendered=1
