	linux-vdso.so.1 (0x00007f7e72fbc000)
	libxcb-icccm.so.4 => /usr/lib/libxcb-icccm.so.4 (0x00007f7e72f87000)
	libxcb-composite.so.0 => /usr/lib/libxcb-composite.so.0 (0x00007f7e72f82000)
	libxcb-xfixes.so.0 => /usr/lib/libxcb-xfixes.so.0 (0x00007f7e71ff7000)
	libxcb-render.so.0 => /usr/lib/libxcb-render.so.0 (0x00007f7e71fe8000)
	libxcb-res.so.0 => /usr/lib/libxcb-res.so.0 (0x00007f7e71fe0000)
	libxcb-errors.so.0 => /usr/lib/libxcb-errors.so.0 (0x00007f7e71fd6000)
	libxcb.so.1 => /usr/lib/libxcb.so.1 (0x00007f7e71fab000)
	libaquamarine.so.14 => /usr/lib/libaquamarine.so.14 (0x00007f7e71e54000)
	libhyprlang.so.2 => /usr/lib/libhyprlang.so.2 (0x00007f7e71e0f000)
	libhyprutils.so.13 => /usr/lib/libhyprutils.so.13 (0x00007f7e71d96000)
	libhyprcursor.so.0 => /usr/lib/libhyprcursor.so.0 (0x00007f7e71d33000)
	libhyprgraphics.so.4 => /usr/lib/libhyprgraphics.so.4 (0x00007f7e71cfd000)
	libxkbcommon.so.0 => /usr/lib/libxkbcommon.so.0 (0x00007f7e71c9e000)
	libuuid.so.1 => /usr/lib/libuuid.so.1 (0x00007f7e71c94000)
	libwayland-server.so.0 => /usr/lib/libwayland-server.so.0 (0x00007f7e71c7f000)
	libpangocairo-1.0.so.0 => /usr/lib/libpangocairo-1.0.so.0 (0x00007f7e71c6d000)
	libpango-1.0.so.0 => /usr/lib/libpango-1.0.so.0 (0x00007f7e71bfc000)
	libcairo.so.2 => /usr/lib/libcairo.so.2 (0x00007f7e71abf000)
	libharfbuzz.so.0 => /usr/lib/libharfbuzz.so.0 (0x00007f7e71980000)
	libpixman-1.so.0 => /usr/lib/libpixman-1.so.0 (0x00007f7e718d1000)
	libXcursor.so.1 => /usr/lib/libXcursor.so.1 (0x00007f7e718c4000)
	libdrm.so.2 => /usr/lib/libdrm.so.2 (0x00007f7e718ad000)
	libinput.so.10 => /usr/lib/libinput.so.10 (0x00007f7e7183a000)
	libeis.so.1 => /usr/lib/libeis.so.1 (0x00007f7e71819000)
	libgbm.so.1 => /usr/lib/libgbm.so.1 (0x00007f7e71813000)
	libgio-2.0.so.0 => /usr/lib/libgio-2.0.so.0 (0x00007f7e71634000)
	libgobject-2.0.so.0 => /usr/lib/libgobject-2.0.so.0 (0x00007f7e715d1000)
	libglib-2.0.so.0 => /usr/lib/libglib-2.0.so.0 (0x00007f7e7146e000)
	libre2.so.11 => /usr/lib/libre2.so.11 (0x00007f7e713df000)
	libabsl_log_internal_check_op.so.2608.0.0 => /usr/lib/libabsl_log_internal_check_op.so.2608.0.0 (0x00007f7e713d6000)
	libabsl_leak_check.so.2608.0.0 => /usr/lib/libabsl_leak_check.so.2608.0.0 (0x00007f7e713d1000)
	libabsl_log_internal_conditions.so.2608.0.0 => /usr/lib/libabsl_log_internal_conditions.so.2608.0.0 (0x00007f7e713cc000)
	libabsl_log_internal_message.so.2608.0.0 => /usr/lib/libabsl_log_internal_message.so.2608.0.0 (0x00007f7e713bd000)
	libabsl_examine_stack.so.2608.0.0 => /usr/lib/libabsl_examine_stack.so.2608.0.0 (0x00007f7e713b6000)
	libabsl_log_internal_format.so.2608.0.0 => /usr/lib/libabsl_log_internal_format.so.2608.0.0 (0x00007f7e713b1000)
	libabsl_log_internal_nullguard.so.2608.0.0 => /usr/lib/libabsl_log_internal_nullguard.so.2608.0.0 (0x00007f7e713ac000)
	libabsl_log_internal_structured_proto.so.2608.0.0 => /usr/lib/libabsl_log_internal_structured_proto.so.2608.0.0 (0x00007f7e713a7000)
	libabsl_log_internal_log_sink_set.so.2608.0.0 => /usr/lib/libabsl_log_internal_log_sink_set.so.2608.0.0 (0x00007f7e713a1000)
	libabsl_log_internal_globals.so.2608.0.0 => /usr/lib/libabsl_log_internal_globals.so.2608.0.0 (0x00007f7e7139a000)
	libabsl_log_globals.so.2608.0.0 => /usr/lib/libabsl_log_globals.so.2608.0.0 (0x00007f7e71394000)
	libabsl_log_sink.so.2608.0.0 => /usr/lib/libabsl_log_sink.so.2608.0.0 (0x00007f7e7138f000)
	libabsl_log_entry.so.2608.0.0 => /usr/lib/libabsl_log_entry.so.2608.0.0 (0x00007f7e71389000)
	libabsl_log_internal_proto.so.2608.0.0 => /usr/lib/libabsl_log_internal_proto.so.2608.0.0 (0x00007f7e71384000)
	libabsl_strerror.so.2608.0.0 => /usr/lib/libabsl_strerror.so.2608.0.0 (0x00007f7e7137d000)
	libabsl_vlog_config_internal.so.2608.0.0 => /usr/lib/libabsl_vlog_config_internal.so.2608.0.0 (0x00007f7e71374000)
	libabsl_log_internal_fnmatch.so.2608.0.0 => /usr/lib/libabsl_log_internal_fnmatch.so.2608.0.0 (0x00007f7e7136f000)
	libabsl_flags_internal.so.2608.0.0 => /usr/lib/libabsl_flags_internal.so.2608.0.0 (0x00007f7e71364000)
	libabsl_flags_marshalling.so.2608.0.0 => /usr/lib/libabsl_flags_marshalling.so.2608.0.0 (0x00007f7e71358000)
	libabsl_flags_reflection.so.2608.0.0 => /usr/lib/libabsl_flags_reflection.so.2608.0.0 (0x00007f7e7134c000)
	libabsl_flags_private_handle_accessor.so.2608.0.0 => /usr/lib/libabsl_flags_private_handle_accessor.so.2608.0.0 (0x00007f7e71345000)
	libabsl_flags_commandlineflag.so.2608.0.0 => /usr/lib/libabsl_flags_commandlineflag.so.2608.0.0 (0x00007f7e71340000)
	libabsl_flags_commandlineflag_internal.so.2608.0.0 => /usr/lib/libabsl_flags_commandlineflag_internal.so.2608.0.0 (0x00007f7e7133b000)
	libabsl_flags_config.so.2608.0.0 => /usr/lib/libabsl_flags_config.so.2608.0.0 (0x00007f7e71334000)
	libabsl_flags_program_name.so.2608.0.0 => /usr/lib/libabsl_flags_program_name.so.2608.0.0 (0x00007f7e7132f000)
	libabsl_raw_hash_set.so.2608.0.0 => /usr/lib/libabsl_raw_hash_set.so.2608.0.0 (0x00007f7e71322000)
	libabsl_cord.so.2608.0.0 => /usr/lib/libabsl_cord.so.2608.0.0 (0x00007f7e71309000)
	libabsl_cordz_info.so.2608.0.0 => /usr/lib/libabsl_cordz_info.so.2608.0.0 (0x00007f7e71302000)
	libabsl_cord_internal.so.2608.0.0 => /usr/lib/libabsl_cord_internal.so.2608.0.0 (0x00007f7e712f3000)
	libabsl_cordz_functions.so.2608.0.0 => /usr/lib/libabsl_cordz_functions.so.2608.0.0 (0x00007f7e712ee000)
	libabsl_cordz_handle.so.2608.0.0 => /usr/lib/libabsl_cordz_handle.so.2608.0.0 (0x00007f7e712e7000)
	libabsl_crc_cord_state.so.2608.0.0 => /usr/lib/libabsl_crc_cord_state.so.2608.0.0 (0x00007f7e712e0000)
	libabsl_crc32c.so.2608.0.0 => /usr/lib/libabsl_crc32c.so.2608.0.0 (0x00007f7e712da000)
	libabsl_crc_internal.so.2608.0.0 => /usr/lib/libabsl_crc_internal.so.2608.0.0 (0x00007f7e712d4000)
	libabsl_base_cpu_detect.so.2608.0.0 => /usr/lib/libabsl_base_cpu_detect.so.2608.0.0 (0x00007f7e712cf000)
	libabsl_hashtablez_sampler.so.2608.0.0 => /usr/lib/libabsl_hashtablez_sampler.so.2608.0.0 (0x00007f7e712c9000)
	libabsl_exponential_biased.so.2608.0.0 => /usr/lib/libabsl_exponential_biased.so.2608.0.0 (0x00007f7e712c2000)
	libabsl_hash.so.2608.0.0 => /usr/lib/libabsl_hash.so.2608.0.0 (0x00007f7e712bd000)
	libabsl_city.so.2608.0.0 => /usr/lib/libabsl_city.so.2608.0.0 (0x00007f7e712b8000)
	libabsl_str_format_internal.so.2608.0.0 => /usr/lib/libabsl_str_format_internal.so.2608.0.0 (0x00007f7e71299000)
	libabsl_synchronization.so.2608.0.0 => /usr/lib/libabsl_synchronization.so.2608.0.0 (0x00007f7e71287000)
	libabsl_graphcycles_internal.so.2608.0.0 => /usr/lib/libabsl_graphcycles_internal.so.2608.0.0 (0x00007f7e7127c000)
	libabsl_kernel_timeout_internal.so.2608.0.0 => /usr/lib/libabsl_kernel_timeout_internal.so.2608.0.0 (0x00007f7e71277000)
	libabsl_stacktrace.so.2608.0.0 => /usr/lib/libabsl_stacktrace.so.2608.0.0 (0x00007f7e71272000)
	libabsl_symbolize.so.2608.0.0 => /usr/lib/libabsl_symbolize.so.2608.0.0 (0x00007f7e7126a000)
	libabsl_debugging_internal.so.2608.0.0 => /usr/lib/libabsl_debugging_internal.so.2608.0.0 (0x00007f7e71263000)
	libabsl_demangle_internal.so.2608.0.0 => /usr/lib/libabsl_demangle_internal.so.2608.0.0 (0x00007f7e71254000)
	libabsl_demangle_rust.so.2608.0.0 => /usr/lib/libabsl_demangle_rust.so.2608.0.0 (0x00007f7e7124d000)
	libabsl_decode_rust_punycode.so.2608.0.0 => /usr/lib/libabsl_decode_rust_punycode.so.2608.0.0 (0x00007f7e71248000)
	libabsl_utf8_for_code_point.so.2608.0.0 => /usr/lib/libabsl_utf8_for_code_point.so.2608.0.0 (0x00007f7e71243000)
	libabsl_malloc_internal.so.2608.0.0 => /usr/lib/libabsl_malloc_internal.so.2608.0.0 (0x00007f7e7123c000)
	libabsl_time.so.2608.0.0 => /usr/lib/libabsl_time.so.2608.0.0 (0x00007f7e71226000)
	libabsl_civil_time.so.2608.0.0 => /usr/lib/libabsl_civil_time.so.2608.0.0 (0x00007f7e7121e000)
	libabsl_strings.so.2608.0.0 => /usr/lib/libabsl_strings.so.2608.0.0 (0x00007f7e711f8000)
	libabsl_strings_internal.so.2608.0.0 => /usr/lib/libabsl_strings_internal.so.2608.0.0 (0x00007f7e711f2000)
	libabsl_hardening.so.2608.0.0 => /usr/lib/libabsl_hardening.so.2608.0.0 (0x00007f7e711ed000)
	libabsl_int128.so.2608.0.0 => /usr/lib/libabsl_int128.so.2608.0.0 (0x00007f7e711e4000)
	libabsl_source_location.so.2608.0.0 => /usr/lib/libabsl_source_location.so.2608.0.0 (0x00007f7e711df000)
	libabsl_throw_delegate.so.2608.0.0 => /usr/lib/libabsl_throw_delegate.so.2608.0.0 (0x00007f7e711d9000)
	libabsl_time_zone.so.2608.0.0 => /usr/lib/libabsl_time_zone.so.2608.0.0 (0x00007f7e711be000)
	libabsl_tracing_internal.so.2608.0.0 => /usr/lib/libabsl_tracing_internal.so.2608.0.0 (0x00007f7e711b9000)
	libabsl_base.so.2608.0.0 => /usr/lib/libabsl_base.so.2608.0.0 (0x00007f7e711b3000)
	libabsl_raw_logging_internal.so.2608.0.0 => /usr/lib/libabsl_raw_logging_internal.so.2608.0.0 (0x00007f7e711ac000)
	libabsl_log_severity.so.2608.0.0 => /usr/lib/libabsl_log_severity.so.2608.0.0 (0x00007f7e711a7000)
	libabsl_spinlock_wait.so.2608.0.0 => /usr/lib/libabsl_spinlock_wait.so.2608.0.0 (0x00007f7e711a2000)
	libmuparser.so.2 => /usr/lib/libmuparser.so.2 (0x00007f7e7111d000)
	liblcms2.so.2 => /usr/lib/liblcms2.so.2 (0x00007f7e710b1000)
	liblua.so.5.5 => /usr/lib/liblua.so.5.5 (0x00007f7e71067000)
	libEGL.so.1 => /usr/lib/libEGL.so.1 (0x00007f7e71053000)
	libGLESv2.so.2 => /usr/lib/libGLESv2.so.2 (0x00007f7e71043000)
	libGLX.so.0 => /usr/lib/libGLX.so.0 (0x00007f7e71012000)
	libOpenGL.so.0 => /usr/lib/libOpenGL.so.0 (0x00007f7e70fee000)
	libglslang-default-resource-limits.so.16 => /usr/lib/libglslang-default-resource-limits.so.16 (0x00007f7e70fe4000)
	libSPIRV.so.16 => /usr/lib/libSPIRV.so.16 (0x00007f7e70fdf000)
	libglslang.so.16 => /usr/lib/libglslang.so.16 (0x00007f7e70400000)
	libSPIRV-Tools-opt.so => /usr/lib/libSPIRV-Tools-opt.so (0x00007f7e70000000)
	libSPIRV-Tools.so => /usr/lib/libSPIRV-Tools.so (0x00007f7e6fe24000)
	libstdc++.so.6 => /usr/lib/libstdc++.so.6 (0x00007f7e6fa00000)
	libm.so.6 => /usr/lib/libm.so.6 (0x00007f7e702c9000)
	libgcc_s.so.1 => /usr/lib/libgcc_s.so.1 (0x00007f7e70fb0000)
	libc.so.6 => /usr/lib/libc.so.6 (0x00007f7e6f600000)
	libXau.so.6 => /usr/lib/libXau.so.6 (0x00007f7e70fa9000)
	libXdmcp.so.6 => /usr/lib/libXdmcp.so.6 (0x00007f7e70fa1000)
	libseat.so.1 => /usr/lib/libseat.so.1 (0x00007f7e70f96000)
	libwayland-client.so.0 => /usr/lib/libwayland-client.so.0 (0x00007f7e70f86000)
	libudev.so.1 => /usr/lib/libudev.so.1 (0x00007f7e70f34000)
	libdisplay-info.so.3 => /usr/lib/libdisplay-info.so.3 (0x00007f7e70efb000)
	libzip.so.5 => /usr/lib/libzip.so.5 (0x00007f7e70edb000)
	librsvg-2.so.2 => /usr/lib/librsvg-2.so.2 (0x00007f7e6f000000)
	libtomlplusplus.so.3 => /usr/lib/libtomlplusplus.so.3 (0x00007f7e7028f000)
	libjpeg.so.8 => /usr/lib/libjpeg.so.8 (0x00007f7e6fd7c000)
	libwebp.so.7 => /usr/lib/libwebp.so.7 (0x00007f7e6fcf5000)
	libmagic.so.1 => /usr/lib/libmagic.so.1 (0x00007f7e6f9d1000)
	libpng16.so.16 => /usr/lib/libpng16.so.16 (0x00007f7e6f994000)
	libjxl.so.0.12 => /usr/lib/libjxl.so.0.12 (0x00007f7e6ea00000)
	libjxl_threads.so.0.12 => /usr/lib/libjxl_threads.so.0.12 (0x00007f7e70ed3000)
	/lib64/ld-linux-x86-64.so.2 => /usr/lib64/ld-linux-x86-64.so.2 (0x00007f7e72fbe000)
	libffi.so.8 => /usr/lib/libffi.so.8 (0x00007f7e70ec3000)
	libpangoft2-1.0.so.0 => /usr/lib/libpangoft2-1.0.so.0 (0x00007f7e6fcd6000)
	libfontconfig.so.1 => /usr/lib/libfontconfig.so.1 (0x00007f7e6f919000)
	libfribidi.so.0 => /usr/lib/libfribidi.so.0 (0x00007f7e6f8f9000)
	libthai.so.0 => /usr/lib/libthai.so.0 (0x00007f7e70284000)
	libz.so.1 => /usr/lib/libz.so.1 (0x00007f7e6f8de000)
	libfreetype.so.6 => /usr/lib/libfreetype.so.6 (0x00007f7e6f530000)
	libX11.so.6 => /usr/lib/libX11.so.6 (0x00007f7e6eebe000)
	libXext.so.6 => /usr/lib/libXext.so.6 (0x00007f7e6f8ca000)
	libXrender.so.1 => /usr/lib/libXrender.so.1 (0x00007f7e6f8be000)
	libxcb-shm.so.0 => /usr/lib/libxcb-shm.so.0 (0x00007f7e7027f000)
	libgraphite2.so.3 => /usr/lib/libgraphite2.so.3 (0x00007f7e6f89b000)
	libXfixes.so.3 => /usr/lib/libXfixes.so.3 (0x00007f7e6f893000)
	libmtdev.so.1 => /usr/lib/libmtdev.so.1 (0x00007f7e6f88c000)
	libevdev.so.2 => /usr/lib/libevdev.so.2 (0x00007f7e6f876000)
	libwacom.so.9 => /usr/lib/libwacom.so.9 (0x00007f7e6f863000)
	liblua5.4.so.5.4 => /usr/lib/liblua5.4.so.5.4 (0x00007f7e6f4ea000)
	libexpat.so.1 => /usr/lib/libexpat.so.1 (0x00007f7e6f835000)
	libgmodule-2.0.so.0 => /usr/lib/libgmodule-2.0.so.0 (0x00007f7e6f82e000)
	libmount.so.1 => /usr/lib/libmount.so.1 (0x00007f7e6ee61000)
	libpcre2-8.so.0 => /usr/lib/libpcre2-8.so.0 (0x00007f7e6e94d000)
	libgomp.so.1 => /usr/lib/libgomp.so.1 (0x00007f7e6f490000)
	libGLdispatch.so.0 => /usr/lib/libGLdispatch.so.0 (0x00007f7e6e8d4000)
	libsystemd.so.0 => /usr/lib/libsystemd.so.0 (0x00007f7e6e78c000)
	libbz2.so.1.0 => /usr/lib/libbz2.so.1.0 (0x00007f7e6ee4e000)
	liblzma.so.5 => /usr/lib/liblzma.so.5 (0x00007f7e6e757000)
	libzstd.so.1 => /usr/lib/libzstd.so.1 (0x00007f7e6e671000)
	libcrypto.so.3 => /usr/lib/libcrypto.so.3 (0x00007f7e6e000000)
	libgdk_pixbuf-2.0.so.0 => /usr/lib/libgdk_pixbuf-2.0.so.0 (0x00007f7e6e637000)
	libdav1d.so.7 => /usr/lib/libdav1d.so.7 (0x00007f7e6de1f000)
	libxml2.so.16 => /usr/lib/libxml2.so.16 (0x00007f7e6dcda000)
	libsharpyuv.so.0 => /usr/lib/libsharpyuv.so.0 (0x00007f7e6f823000)
	libjxl_cms.so.0.12 => /usr/lib/libjxl_cms.so.0.12 (0x00007f7e6e60e000)
	libhwy.so.1 => /usr/lib/libhwy.so.1 (0x00007f7e6ee3d000)
	libbrotlidec.so.1 => /usr/lib/libbrotlidec.so.1 (0x00007f7e6e5ff000)
	libbrotlienc.so.1 => /usr/lib/libbrotlienc.so.1 (0x00007f7e6dc1a000)
	libdatrie.so.1 => /usr/lib/libdatrie.so.1 (0x00007f7e6e5f6000)
	libgudev-1.0.so.0 => /usr/lib/libgudev-1.0.so.0 (0x00007f7e6e5ea000)
	libblkid.so.1 => /usr/lib/libblkid.so.1 (0x00007f7e6e5aa000)
	libglycin-2.so.0 => /usr/lib/libglycin-2.so.0 (0x00007f7e6d800000)
	libicuuc.so.78 => /usr/lib/libicuuc.so.78 (0x00007f7e6d400000)
	libbrotlicommon.so.1 => /usr/lib/libbrotlicommon.so.1 (0x00007f7e6d7dd000)
	libseccomp.so.2 => /usr/lib/libseccomp.so.2 (0x00007f7e6d7b0000)
	libicudata.so.78 => /usr/lib/libicudata.so.78 (0x00007f7e6b400000)
