{"event":"ack-configure","sequence":1,"controlSequence":0,"rootCommits":1,"childCommits":0,"serial":6,"width":320,"height":240,"monotonicNs":276229586850182}
{"event":"buffercommit","sequence":2,"controlSequence":0,"rootCommits":2,"childCommits":0,"serial":6,"width":320,"height":240,"monotonicNs":276229587010245}
{"event":"ready","sequence":3,"controlSequence":0,"rootCommits":2,"childCommits":0,"serial":6,"width":320,"height":240,"monotonicNs":276229587020851}
{"event":"buffer-release","sequence":4,"controlSequence":0,"rootCommits":2,"childCommits":0,"serial":6,"width":320,"height":240,"monotonicNs":276229587746679}
{"event":"ack-configure","sequence":5,"controlSequence":0,"rootCommits":2,"childCommits":0,"serial":7,"width":320,"height":240,"monotonicNs":276229587760486}
{"event":"ack-configure","sequence":6,"controlSequence":0,"rootCommits":2,"childCommits":0,"serial":13,"width":320,"height":240,"monotonicNs":276229657591447}
{"event":"buffercommit","sequence":7,"controlSequence":1,"rootCommits":2,"childCommits":1,"serial":13,"width":320,"height":240,"monotonicNs":276229833221511}
{"event":"request","sequence":8,"controlSequence":1,"rootCommits":3,"childCommits":1,"serial":13,"width":320,"height":240,"monotonicNs":276229833237701,"command":"child-create"}
{"event":"buffer-release","sequence":9,"controlSequence":1,"rootCommits":3,"childCommits":1,"serial":13,"width":320,"height":240,"monotonicNs":276229833676209}
{"event":"server-barrier","sequence":10,"controlSequence":1,"rootCommits":3,"childCommits":1,"serial":13,"width":320,"height":240,"monotonicNs":276229833701459,"command":"child-create","barrierControl":1}
{"event":"buffercommit","sequence":11,"controlSequence":2,"rootCommits":3,"childCommits":2,"serial":13,"width":320,"height":240,"monotonicNs":276229884323079}
{"event":"request","sequence":12,"controlSequence":2,"rootCommits":3,"childCommits":2,"serial":13,"width":320,"height":240,"monotonicNs":276229884340253,"command":"child-yellow"}
{"event":"buffer-release","sequence":13,"controlSequence":2,"rootCommits":3,"childCommits":2,"serial":13,"width":320,"height":240,"monotonicNs":276229884613569}
{"event":"server-barrier","sequence":14,"controlSequence":2,"rootCommits":3,"childCommits":2,"serial":13,"width":320,"height":240,"monotonicNs":276229884634785,"command":"child-yellow","barrierControl":2}
{"event":"request","sequence":15,"controlSequence":3,"rootCommits":3,"childCommits":2,"serial":13,"width":320,"height":240,"monotonicNs":276229935079409,"command":"child-sync"}
{"event":"server-barrier","sequence":16,"controlSequence":3,"rootCommits":3,"childCommits":2,"serial":13,"width":320,"height":240,"monotonicNs":276229935159073,"command":"child-sync","barrierControl":3}
{"event":"buffercommit","sequence":17,"controlSequence":4,"rootCommits":3,"childCommits":3,"serial":13,"width":320,"height":240,"monotonicNs":276229985370377}
{"event":"request","sequence":18,"controlSequence":4,"rootCommits":3,"childCommits":3,"serial":13,"width":320,"height":240,"monotonicNs":276229985382668,"command":"child-blue"}
{"event":"server-barrier","sequence":19,"controlSequence":4,"rootCommits":3,"childCommits":3,"serial":13,"width":320,"height":240,"monotonicNs":276229985551969,"command":"child-blue","barrierControl":4}
{"event":"request","sequence":20,"controlSequence":5,"rootCommits":4,"childCommits":3,"serial":13,"width":320,"height":240,"monotonicNs":276230035849885,"command":"root-commit"}
{"event":"buffer-release","sequence":21,"controlSequence":5,"rootCommits":4,"childCommits":3,"serial":13,"width":320,"height":240,"monotonicNs":276230035933114}
{"event":"server-barrier","sequence":22,"controlSequence":5,"rootCommits":4,"childCommits":3,"serial":13,"width":320,"height":240,"monotonicNs":276230035946583,"command":"root-commit","barrierControl":5}
{"event":"request","sequence":23,"controlSequence":6,"rootCommits":4,"childCommits":3,"serial":13,"width":320,"height":240,"monotonicNs":276230086498422,"command":"child-desync"}
{"event":"server-barrier","sequence":24,"controlSequence":6,"rootCommits":4,"childCommits":3,"serial":13,"width":320,"height":240,"monotonicNs":276230086573694,"command":"child-desync","barrierControl":6}
{"event":"request","sequence":25,"controlSequence":7,"rootCommits":5,"childCommits":3,"serial":13,"width":320,"height":240,"monotonicNs":276230111747674,"command":"child-move"}
{"event":"server-barrier","sequence":26,"controlSequence":7,"rootCommits":5,"childCommits":3,"serial":13,"width":320,"height":240,"monotonicNs":276230111888902,"command":"child-move","barrierControl":7}
{"event":"request","sequence":27,"controlSequence":8,"rootCommits":6,"childCommits":3,"serial":13,"width":320,"height":240,"monotonicNs":276230162137099,"command":"child-below"}
{"event":"server-barrier","sequence":28,"controlSequence":8,"rootCommits":6,"childCommits":3,"serial":13,"width":320,"height":240,"monotonicNs":276230162319929,"command":"child-below","barrierControl":8}
{"event":"request","sequence":29,"controlSequence":9,"rootCommits":7,"childCommits":3,"serial":13,"width":320,"height":240,"monotonicNs":276230212551070,"command":"child-above"}
{"event":"server-barrier","sequence":30,"controlSequence":9,"rootCommits":7,"childCommits":3,"serial":13,"width":320,"height":240,"monotonicNs":276230212921578,"command":"child-above","barrierControl":9}
{"event":"buffercommit","sequence":31,"controlSequence":10,"rootCommits":7,"childCommits":4,"serial":13,"width":320,"height":240,"monotonicNs":276230263103835}
{"event":"request","sequence":32,"controlSequence":10,"rootCommits":7,"childCommits":5,"serial":13,"width":320,"height":240,"monotonicNs":276230263110753,"command":"grand-create"}
{"event":"buffer-release","sequence":33,"controlSequence":10,"rootCommits":7,"childCommits":5,"serial":13,"width":320,"height":240,"monotonicNs":276230263348891}
{"event":"server-barrier","sequence":34,"controlSequence":10,"rootCommits":7,"childCommits":5,"serial":13,"width":320,"height":240,"monotonicNs":276230263360363,"command":"grand-create","barrierControl":10}
{"event":"request","sequence":35,"controlSequence":11,"rootCommits":7,"childCommits":6,"serial":13,"width":320,"height":240,"monotonicNs":276230313551693,"command":"child-detach"}
{"event":"server-barrier","sequence":36,"controlSequence":11,"rootCommits":7,"childCommits":6,"serial":13,"width":320,"height":240,"monotonicNs":276230313706337,"command":"child-detach","barrierControl":11}
{"event":"buffercommit","sequence":37,"controlSequence":12,"rootCommits":7,"childCommits":7,"serial":13,"width":320,"height":240,"monotonicNs":276230363881852}
{"event":"request","sequence":38,"controlSequence":12,"rootCommits":7,"childCommits":7,"serial":13,"width":320,"height":240,"monotonicNs":276230363889133,"command":"child-reattach"}
{"event":"buffer-release","sequence":39,"controlSequence":12,"rootCommits":7,"childCommits":7,"serial":13,"width":320,"height":240,"monotonicNs":276230363987239}
{"event":"server-barrier","sequence":40,"controlSequence":12,"rootCommits":7,"childCommits":7,"serial":13,"width":320,"height":240,"monotonicNs":276230363996933,"command":"child-reattach","barrierControl":12}
{"event":"request","sequence":41,"controlSequence":13,"rootCommits":7,"childCommits":7,"serial":13,"width":320,"height":240,"monotonicNs":276230414180133,"command":"child-destroy"}
{"event":"server-barrier","sequence":42,"controlSequence":13,"rootCommits":7,"childCommits":7,"serial":13,"width":320,"height":240,"monotonicNs":276230414254820,"command":"child-destroy","barrierControl":13}
{"event":"buffercommit","sequence":43,"controlSequence":14,"rootCommits":7,"childCommits":8,"serial":13,"width":320,"height":240,"monotonicNs":276230464419480}
{"event":"request","sequence":44,"controlSequence":14,"rootCommits":8,"childCommits":8,"serial":13,"width":320,"height":240,"monotonicNs":276230464427400,"command":"child-create"}
{"event":"buffer-release","sequence":45,"controlSequence":14,"rootCommits":8,"childCommits":8,"serial":13,"width":320,"height":240,"monotonicNs":276230464555849}
{"event":"server-barrier","sequence":46,"controlSequence":14,"rootCommits":8,"childCommits":8,"serial":13,"width":320,"height":240,"monotonicNs":276230464564463,"command":"child-create","barrierControl":14}
{"event":"request","sequence":47,"controlSequence":15,"rootCommits":8,"childCommits":8,"serial":13,"width":320,"height":240,"monotonicNs":276230514728294,"command":"child-destroy"}
{"event":"server-barrier","sequence":48,"controlSequence":15,"rootCommits":8,"childCommits":8,"serial":13,"width":320,"height":240,"monotonicNs":276230514796153,"command":"child-destroy","barrierControl":15}
{"event":"buffercommit","sequence":49,"controlSequence":16,"rootCommits":8,"childCommits":9,"serial":13,"width":320,"height":240,"monotonicNs":276230565165010}
{"event":"request","sequence":50,"controlSequence":16,"rootCommits":8,"childCommits":9,"serial":13,"width":320,"height":240,"monotonicNs":276230565174823,"command":"child-create-sync"}
{"event":"server-barrier","sequence":51,"controlSequence":16,"rootCommits":8,"childCommits":9,"serial":13,"width":320,"height":240,"monotonicNs":276230565330651,"command":"child-create-sync","barrierControl":16}
{"event":"request","sequence":52,"controlSequence":17,"rootCommits":9,"childCommits":9,"serial":13,"width":320,"height":240,"monotonicNs":276230615688806,"command":"root-commit"}
{"event":"buffer-release","sequence":53,"controlSequence":17,"rootCommits":9,"childCommits":9,"serial":13,"width":320,"height":240,"monotonicNs":276230615879390}
{"event":"server-barrier","sequence":54,"controlSequence":17,"rootCommits":9,"childCommits":9,"serial":13,"width":320,"height":240,"monotonicNs":276230616008663,"command":"root-commit","barrierControl":17}
{"event":"request","sequence":55,"controlSequence":18,"rootCommits":9,"childCommits":9,"serial":13,"width":320,"height":240,"monotonicNs":276230691594876,"command":"child-destroy"}
{"event":"server-barrier","sequence":56,"controlSequence":18,"rootCommits":9,"childCommits":9,"serial":13,"width":320,"height":240,"monotonicNs":276230691684216,"command":"child-destroy","barrierControl":18}
{"event":"buffercommit","sequence":57,"controlSequence":19,"rootCommits":9,"childCommits":10,"serial":13,"width":320,"height":240,"monotonicNs":276230741921529}
{"event":"request","sequence":58,"controlSequence":19,"rootCommits":9,"childCommits":10,"serial":13,"width":320,"height":240,"monotonicNs":276230741945727,"command":"child-create-sync"}
{"event":"server-barrier","sequence":59,"controlSequence":19,"rootCommits":9,"childCommits":10,"serial":13,"width":320,"height":240,"monotonicNs":276230742126735,"command":"child-create-sync","barrierControl":19}
{"event":"request","sequence":60,"controlSequence":20,"rootCommits":10,"childCommits":10,"serial":13,"width":320,"height":240,"monotonicNs":276230792284043,"command":"root-commit"}
{"event":"buffer-release","sequence":61,"controlSequence":20,"rootCommits":10,"childCommits":10,"serial":13,"width":320,"height":240,"monotonicNs":276230792529105}
{"event":"server-barrier","sequence":62,"controlSequence":20,"rootCommits":10,"childCommits":10,"serial":13,"width":320,"height":240,"monotonicNs":276230792546111,"command":"root-commit","barrierControl":20}
{"event":"buffercommit","sequence":63,"controlSequence":21,"rootCommits":10,"childCommits":11,"serial":13,"width":320,"height":240,"monotonicNs":276230831558358}
{"event":"request","sequence":64,"controlSequence":21,"rootCommits":10,"childCommits":11,"serial":13,"width":320,"height":240,"monotonicNs":276230831569765,"command":"child-yellow"}
{"event":"server-barrier","sequence":65,"controlSequence":21,"rootCommits":10,"childCommits":11,"serial":13,"width":320,"height":240,"monotonicNs":276230831778576,"command":"child-yellow","barrierControl":21}
{"event":"request","sequence":66,"controlSequence":22,"rootCommits":10,"childCommits":11,"serial":13,"width":320,"height":240,"monotonicNs":276230882165038,"command":"child-destroy"}
{"event":"buffer-release","sequence":67,"controlSequence":22,"rootCommits":10,"childCommits":11,"serial":13,"width":320,"height":240,"monotonicNs":276230882403091}
{"event":"server-barrier","sequence":68,"controlSequence":22,"rootCommits":10,"childCommits":11,"serial":13,"width":320,"height":240,"monotonicNs":276230882418965,"command":"child-destroy","barrierControl":22}
{"event":"request","sequence":69,"controlSequence":23,"rootCommits":11,"childCommits":11,"serial":13,"width":320,"height":240,"monotonicNs":276230932884041,"command":"root-commit"}
{"event":"server-barrier","sequence":70,"controlSequence":23,"rootCommits":11,"childCommits":11,"serial":13,"width":320,"height":240,"monotonicNs":276230933034522,"command":"root-commit","barrierControl":23}
{"event":"buffercommit","sequence":71,"controlSequence":24,"rootCommits":11,"childCommits":12,"serial":13,"width":320,"height":240,"monotonicNs":276231008477550}
{"event":"request","sequence":72,"controlSequence":24,"rootCommits":11,"childCommits":12,"serial":13,"width":320,"height":240,"monotonicNs":276231008488509,"command":"child-create-sync"}
{"event":"server-barrier","sequence":73,"controlSequence":24,"rootCommits":11,"childCommits":12,"serial":13,"width":320,"height":240,"monotonicNs":276231008651193,"command":"child-create-sync","barrierControl":24}
{"event":"request","sequence":74,"controlSequence":25,"rootCommits":12,"childCommits":12,"serial":13,"width":320,"height":240,"monotonicNs":276231059110705,"command":"root-commit"}
{"event":"buffer-release","sequence":75,"controlSequence":25,"rootCommits":12,"childCommits":12,"serial":13,"width":320,"height":240,"monotonicNs":276231059354708}
{"event":"server-barrier","sequence":76,"controlSequence":25,"rootCommits":12,"childCommits":12,"serial":13,"width":320,"height":240,"monotonicNs":276231059370189,"command":"root-commit","barrierControl":25}
{"event":"request","sequence":77,"controlSequence":26,"rootCommits":12,"childCommits":12,"serial":13,"width":320,"height":240,"monotonicNs":276231109957106,"command":"child-destroy"}
{"event":"server-barrier","sequence":78,"controlSequence":26,"rootCommits":12,"childCommits":12,"serial":13,"width":320,"height":240,"monotonicNs":276231110084688,"command":"child-destroy","barrierControl":26}
{"event":"buffercommit","sequence":79,"controlSequence":27,"rootCommits":12,"childCommits":13,"serial":13,"width":320,"height":240,"monotonicNs":276231160550089}
{"event":"request","sequence":80,"controlSequence":27,"rootCommits":12,"childCommits":13,"serial":13,"width":320,"height":240,"monotonicNs":276231160560701,"command":"child-create-sync"}
{"event":"server-barrier","sequence":81,"controlSequence":27,"rootCommits":12,"childCommits":13,"serial":13,"width":320,"height":240,"monotonicNs":276231160723213,"command":"child-create-sync","barrierControl":27}
{"event":"request","sequence":82,"controlSequence":28,"rootCommits":13,"childCommits":13,"serial":13,"width":320,"height":240,"monotonicNs":276231211061011,"command":"root-commit"}
{"event":"buffer-release","sequence":83,"controlSequence":28,"rootCommits":13,"childCommits":13,"serial":13,"width":320,"height":240,"monotonicNs":276231211245958}
{"event":"server-barrier","sequence":84,"controlSequence":28,"rootCommits":13,"childCommits":13,"serial":13,"width":320,"height":240,"monotonicNs":276231211260253,"command":"root-commit","barrierControl":28}
{"event":"buffercommit","sequence":85,"controlSequence":29,"rootCommits":13,"childCommits":14,"serial":13,"width":320,"height":240,"monotonicNs":276231261727885}
{"event":"request","sequence":86,"controlSequence":29,"rootCommits":13,"childCommits":15,"serial":13,"width":320,"height":240,"monotonicNs":276231261737012,"command":"grand-create"}
{"event":"server-barrier","sequence":87,"controlSequence":29,"rootCommits":13,"childCommits":15,"serial":13,"width":320,"height":240,"monotonicNs":276231261977176,"command":"grand-create","barrierControl":29}
{"event":"request","sequence":88,"controlSequence":30,"rootCommits":14,"childCommits":15,"serial":13,"width":320,"height":240,"monotonicNs":276231337513621,"command":"root-commit"}
{"event":"buffer-release","sequence":89,"controlSequence":30,"rootCommits":14,"childCommits":15,"serial":13,"width":320,"height":240,"monotonicNs":276231337705107}
{"event":"server-barrier","sequence":90,"controlSequence":30,"rootCommits":14,"childCommits":15,"serial":13,"width":320,"height":240,"monotonicNs":276231337719897,"command":"root-commit","barrierControl":30}
{"event":"buffercommit","sequence":91,"controlSequence":31,"rootCommits":14,"childCommits":16,"serial":13,"width":320,"height":240,"monotonicNs":276231388146804}
{"event":"request","sequence":92,"controlSequence":31,"rootCommits":14,"childCommits":16,"serial":13,"width":320,"height":240,"monotonicNs":276231388161915,"command":"grand-yellow"}
{"event":"server-barrier","sequence":93,"controlSequence":31,"rootCommits":14,"childCommits":16,"serial":13,"width":320,"height":240,"monotonicNs":276231388290686,"command":"grand-yellow","barrierControl":31}
{"event":"request","sequence":94,"controlSequence":32,"rootCommits":14,"childCommits":16,"serial":13,"width":320,"height":240,"monotonicNs":276231438651145,"command":"grand-desync"}
{"event":"server-barrier","sequence":95,"controlSequence":32,"rootCommits":14,"childCommits":16,"serial":13,"width":320,"height":240,"monotonicNs":276231438772420,"command":"grand-desync","barrierControl":32}
{"event":"request","sequence":96,"controlSequence":33,"rootCommits":14,"childCommits":16,"serial":13,"width":320,"height":240,"monotonicNs":276231514334196,"command":"child-desync"}
{"event":"buffer-release","sequence":97,"controlSequence":33,"rootCommits":14,"childCommits":16,"serial":13,"width":320,"height":240,"monotonicNs":276231514495331}
{"event":"server-barrier","sequence":98,"controlSequence":33,"rootCommits":14,"childCommits":16,"serial":13,"width":320,"height":240,"monotonicNs":276231514510137,"command":"child-desync","barrierControl":33}
{"event":"request","sequence":99,"controlSequence":34,"rootCommits":14,"childCommits":16,"serial":13,"width":320,"height":240,"monotonicNs":276231565041625,"command":"child-destroy"}
{"event":"server-barrier","sequence":100,"controlSequence":34,"rootCommits":14,"childCommits":16,"serial":13,"width":320,"height":240,"monotonicNs":276231565217363,"command":"child-destroy","barrierControl":34}
{"event":"buffercommit","sequence":101,"controlSequence":35,"rootCommits":14,"childCommits":17,"serial":13,"width":320,"height":240,"monotonicNs":276231615614196}
{"event":"request","sequence":102,"controlSequence":35,"rootCommits":14,"childCommits":17,"serial":13,"width":320,"height":240,"monotonicNs":276231615625814,"command":"child-create-sync"}
{"event":"server-barrier","sequence":103,"controlSequence":35,"rootCommits":14,"childCommits":17,"serial":13,"width":320,"height":240,"monotonicNs":276231615809330,"command":"child-create-sync","barrierControl":35}
{"event":"request","sequence":104,"controlSequence":36,"rootCommits":15,"childCommits":17,"serial":13,"width":320,"height":240,"monotonicNs":276231666156227,"command":"root-commit"}
{"event":"buffer-release","sequence":105,"controlSequence":36,"rootCommits":15,"childCommits":17,"serial":13,"width":320,"height":240,"monotonicNs":276231666340423}
{"event":"server-barrier","sequence":106,"controlSequence":36,"rootCommits":15,"childCommits":17,"serial":13,"width":320,"height":240,"monotonicNs":276231666423361,"command":"root-commit","barrierControl":36}
{"event":"buffercommit","sequence":107,"controlSequence":37,"rootCommits":15,"childCommits":18,"serial":13,"width":320,"height":240,"monotonicNs":276231716840179}
{"event":"request","sequence":108,"controlSequence":37,"rootCommits":15,"childCommits":18,"serial":13,"width":320,"height":240,"monotonicNs":276231716851369,"command":"child-yellow"}
{"event":"server-barrier","sequence":109,"controlSequence":37,"rootCommits":15,"childCommits":18,"serial":13,"width":320,"height":240,"monotonicNs":276231716997558,"command":"child-yellow","barrierControl":37}
{"event":"buffercommit","sequence":110,"controlSequence":38,"rootCommits":15,"childCommits":19,"serial":13,"width":320,"height":240,"monotonicNs":276231767279732}
{"event":"request","sequence":111,"controlSequence":38,"rootCommits":15,"childCommits":19,"serial":13,"width":320,"height":240,"monotonicNs":276231767290871,"command":"child-blue"}
{"event":"buffer-release","sequence":112,"controlSequence":38,"rootCommits":15,"childCommits":19,"serial":13,"width":320,"height":240,"monotonicNs":276231767419795}
{"event":"server-barrier","sequence":113,"controlSequence":38,"rootCommits":15,"childCommits":19,"serial":13,"width":320,"height":240,"monotonicNs":276231767435219,"command":"child-blue","barrierControl":38}
{"event":"buffercommit","sequence":114,"controlSequence":39,"rootCommits":15,"childCommits":20,"serial":13,"width":320,"height":240,"monotonicNs":276231817951015}
{"event":"request","sequence":115,"controlSequence":39,"rootCommits":15,"childCommits":20,"serial":13,"width":320,"height":240,"monotonicNs":276231817961693,"command":"child-yellow"}
{"event":"buffer-release","sequence":116,"controlSequence":39,"rootCommits":15,"childCommits":20,"serial":13,"width":320,"height":240,"monotonicNs":276231818085615}
{"event":"server-barrier","sequence":117,"controlSequence":39,"rootCommits":15,"childCommits":20,"serial":13,"width":320,"height":240,"monotonicNs":276231818101071,"command":"child-yellow","barrierControl":39}
{"event":"request","sequence":118,"controlSequence":40,"rootCommits":15,"childCommits":21,"serial":13,"width":320,"height":240,"monotonicNs":276231868405533,"command":"child-empty"}
{"event":"server-barrier","sequence":119,"controlSequence":40,"rootCommits":15,"childCommits":21,"serial":13,"width":320,"height":240,"monotonicNs":276231868529617,"command":"child-empty","barrierControl":40}
{"event":"request","sequence":120,"controlSequence":41,"rootCommits":16,"childCommits":21,"serial":13,"width":320,"height":240,"monotonicNs":276231944073038,"command":"root-commit"}
{"event":"buffer-release","sequence":121,"controlSequence":41,"rootCommits":16,"childCommits":21,"serial":13,"width":320,"height":240,"monotonicNs":276231944312017}
{"event":"server-barrier","sequence":122,"controlSequence":41,"rootCommits":16,"childCommits":21,"serial":13,"width":320,"height":240,"monotonicNs":276231944328935,"command":"root-commit","barrierControl":41}
{"event":"request","sequence":123,"controlSequence":42,"rootCommits":16,"childCommits":21,"serial":13,"width":320,"height":240,"monotonicNs":276231994701751,"command":"child-destroy"}
{"event":"server-barrier","sequence":124,"controlSequence":42,"rootCommits":16,"childCommits":21,"serial":13,"width":320,"height":240,"monotonicNs":276231994883787,"command":"child-destroy","barrierControl":42}
{"event":"buffercommit","sequence":125,"controlSequence":43,"rootCommits":16,"childCommits":22,"serial":13,"width":320,"height":240,"monotonicNs":276232045101549}
{"event":"request","sequence":126,"controlSequence":43,"rootCommits":16,"childCommits":22,"serial":13,"width":320,"height":240,"monotonicNs":276232045109349,"command":"child-create-sync"}
{"event":"server-barrier","sequence":127,"controlSequence":43,"rootCommits":16,"childCommits":22,"serial":13,"width":320,"height":240,"monotonicNs":276232045192347,"command":"child-create-sync","barrierControl":43}
{"event":"request","sequence":128,"controlSequence":44,"rootCommits":17,"childCommits":22,"serial":13,"width":320,"height":240,"monotonicNs":276232095333811,"command":"root-commit"}
{"event":"buffer-release","sequence":129,"controlSequence":44,"rootCommits":17,"childCommits":22,"serial":13,"width":320,"height":240,"monotonicNs":276232095590204}
{"event":"server-barrier","sequence":130,"controlSequence":44,"rootCommits":17,"childCommits":22,"serial":13,"width":320,"height":240,"monotonicNs":276232095599886,"command":"root-commit","barrierControl":44}
{"event":"buffercommit","sequence":131,"controlSequence":45,"rootCommits":17,"childCommits":23,"serial":13,"width":320,"height":240,"monotonicNs":276232145850280}
{"event":"request","sequence":132,"controlSequence":45,"rootCommits":17,"childCommits":24,"serial":13,"width":320,"height":240,"monotonicNs":276232145857714,"command":"grand-create"}
{"event":"server-barrier","sequence":133,"controlSequence":45,"rootCommits":17,"childCommits":24,"serial":13,"width":320,"height":240,"monotonicNs":276232146076104,"command":"grand-create","barrierControl":45}
{"event":"request","sequence":134,"controlSequence":46,"rootCommits":18,"childCommits":24,"serial":13,"width":320,"height":240,"monotonicNs":276232196341320,"command":"root-commit"}
{"event":"buffer-release","sequence":135,"controlSequence":46,"rootCommits":18,"childCommits":24,"serial":13,"width":320,"height":240,"monotonicNs":276232196556821}
{"event":"server-barrier","sequence":136,"controlSequence":46,"rootCommits":18,"childCommits":24,"serial":13,"width":320,"height":240,"monotonicNs":276232196577017,"command":"root-commit","barrierControl":46}
{"event":"request","sequence":137,"controlSequence":47,"rootCommits":18,"childCommits":25,"serial":13,"width":320,"height":240,"monotonicNs":276232247127410,"command":"child-detach"}
{"event":"server-barrier","sequence":138,"controlSequence":47,"rootCommits":18,"childCommits":25,"serial":13,"width":320,"height":240,"monotonicNs":276232247279126,"command":"child-detach","barrierControl":47}
{"event":"request","sequence":139,"controlSequence":48,"rootCommits":19,"childCommits":25,"serial":13,"width":320,"height":240,"monotonicNs":276232322648997,"command":"root-commit"}
{"event":"server-barrier","sequence":140,"controlSequence":48,"rootCommits":19,"childCommits":25,"serial":13,"width":320,"height":240,"monotonicNs":276232322867309,"command":"root-commit","barrierControl":48}
{"event":"request","sequence":141,"controlSequence":49,"rootCommits":19,"childCommits":25,"serial":13,"width":320,"height":240,"monotonicNs":276232381599579,"command":"child-destroy"}
{"event":"server-barrier","sequence":142,"controlSequence":49,"rootCommits":19,"childCommits":25,"serial":13,"width":320,"height":240,"monotonicNs":276232381797202,"command":"child-destroy","barrierControl":49}
{"event":"buffercommit","sequence":143,"controlSequence":50,"rootCommits":19,"childCommits":26,"serial":13,"width":320,"height":240,"monotonicNs":276232406938911}
{"event":"request","sequence":144,"controlSequence":50,"rootCommits":20,"childCommits":26,"serial":13,"width":320,"height":240,"monotonicNs":276232406947433,"command":"child-create"}
{"event":"buffer-release","sequence":145,"controlSequence":50,"rootCommits":20,"childCommits":26,"serial":13,"width":320,"height":240,"monotonicNs":276232407105903}
{"event":"server-barrier","sequence":146,"controlSequence":50,"rootCommits":20,"childCommits":26,"serial":13,"width":320,"height":240,"monotonicNs":276232407119687,"command":"child-create","barrierControl":50}
{"event":"request","sequence":147,"controlSequence":51,"rootCommits":20,"childCommits":26,"serial":13,"width":320,"height":240,"monotonicNs":276232457338160,"command":"child-move-pending"}
{"event":"server-barrier","sequence":148,"controlSequence":51,"rootCommits":20,"childCommits":26,"serial":13,"width":320,"height":240,"monotonicNs":276232457421894,"command":"child-move-pending","barrierControl":51}
{"event":"request","sequence":149,"controlSequence":52,"rootCommits":21,"childCommits":26,"serial":13,"width":320,"height":240,"monotonicNs":276232507665899,"command":"root-commit"}
{"event":"server-barrier","sequence":150,"controlSequence":52,"rootCommits":21,"childCommits":26,"serial":13,"width":320,"height":240,"monotonicNs":276232507708095,"command":"root-commit","barrierControl":52}
{"event":"request","sequence":151,"controlSequence":53,"rootCommits":21,"childCommits":26,"serial":13,"width":320,"height":240,"monotonicNs":276232583143896,"command":"child-below-pending"}
{"event":"server-barrier","sequence":152,"controlSequence":53,"rootCommits":21,"childCommits":26,"serial":13,"width":320,"height":240,"monotonicNs":276232583291281,"command":"child-below-pending","barrierControl":53}
{"event":"request","sequence":153,"controlSequence":54,"rootCommits":22,"childCommits":26,"serial":13,"width":320,"height":240,"monotonicNs":276232633533049,"command":"root-commit"}
{"event":"server-barrier","sequence":154,"controlSequence":54,"rootCommits":22,"childCommits":26,"serial":13,"width":320,"height":240,"monotonicNs":276232633703098,"command":"root-commit","barrierControl":54}
{"event":"request","sequence":155,"controlSequence":55,"rootCommits":22,"childCommits":26,"serial":13,"width":320,"height":240,"monotonicNs":276232684011077,"command":"child-above-pending"}
{"event":"server-barrier","sequence":156,"controlSequence":55,"rootCommits":22,"childCommits":26,"serial":13,"width":320,"height":240,"monotonicNs":276232684175908,"command":"child-above-pending","barrierControl":55}
{"event":"request","sequence":157,"controlSequence":56,"rootCommits":23,"childCommits":26,"serial":13,"width":320,"height":240,"monotonicNs":276232734428008,"command":"root-commit"}
{"event":"server-barrier","sequence":158,"controlSequence":56,"rootCommits":23,"childCommits":26,"serial":13,"width":320,"height":240,"monotonicNs":276232734609653,"command":"root-commit","barrierControl":56}
{"event":"buffercommit","sequence":159,"controlSequence":57,"rootCommits":23,"childCommits":27,"serial":13,"width":320,"height":240,"monotonicNs":276241508067471}
{"event":"request","sequence":160,"controlSequence":57,"rootCommits":23,"childCommits":27,"serial":13,"width":320,"height":240,"monotonicNs":276241508079926,"command":"child-yellow"}
{"event":"buffer-release","sequence":161,"controlSequence":57,"rootCommits":23,"childCommits":27,"serial":13,"width":320,"height":240,"monotonicNs":276241508287628}
{"event":"server-barrier","sequence":162,"controlSequence":57,"rootCommits":23,"childCommits":27,"serial":13,"width":320,"height":240,"monotonicNs":276241508432246,"command":"child-yellow","barrierControl":57}
{"event":"buffercommit","sequence":163,"controlSequence":58,"rootCommits":23,"childCommits":28,"serial":13,"width":320,"height":240,"monotonicNs":276249937643933}
{"event":"request","sequence":164,"controlSequence":58,"rootCommits":23,"childCommits":28,"serial":13,"width":320,"height":240,"monotonicNs":276249937655593,"command":"child-blue"}
{"event":"buffer-release","sequence":165,"controlSequence":58,"rootCommits":23,"childCommits":28,"serial":13,"width":320,"height":240,"monotonicNs":276249937957121}
{"event":"server-barrier","sequence":166,"controlSequence":58,"rootCommits":23,"childCommits":28,"serial":13,"width":320,"height":240,"monotonicNs":276249937991196,"command":"child-blue","barrierControl":58}
{"event":"ack-configure","sequence":167,"controlSequence":58,"rootCommits":23,"childCommits":28,"serial":131,"width":320,"height":240,"monotonicNs":276256746950113}
{"event":"ack-configure","sequence":168,"controlSequence":58,"rootCommits":23,"childCommits":28,"serial":146,"width":320,"height":240,"monotonicNs":276262490826396}
{"event":"ack-configure","sequence":169,"controlSequence":58,"rootCommits":23,"childCommits":28,"serial":147,"width":320,"height":240,"monotonicNs":276262834928124}
{"event":"ack-configure","sequence":170,"controlSequence":58,"rootCommits":23,"childCommits":28,"serial":150,"width":320,"height":240,"monotonicNs":276263044693389}
{"event":"buffercommit","sequence":171,"controlSequence":59,"rootCommits":23,"childCommits":29,"serial":150,"width":320,"height":240,"monotonicNs":276263070194150}
{"event":"request","sequence":172,"controlSequence":59,"rootCommits":23,"childCommits":29,"serial":150,"width":320,"height":240,"monotonicNs":276263070252280,"command":"child-blue"}
{"event":"buffer-release","sequence":173,"controlSequence":59,"rootCommits":23,"childCommits":29,"serial":150,"width":320,"height":240,"monotonicNs":276263073901226}
{"event":"server-barrier","sequence":174,"controlSequence":59,"rootCommits":23,"childCommits":29,"serial":150,"width":320,"height":240,"monotonicNs":276263074027698,"command":"child-blue","barrierControl":59}
{"event":"buffercommit","sequence":175,"controlSequence":60,"rootCommits":23,"childCommits":30,"serial":150,"width":320,"height":240,"monotonicNs":276263556188647}
{"event":"request","sequence":176,"controlSequence":60,"rootCommits":23,"childCommits":30,"serial":150,"width":320,"height":240,"monotonicNs":276263556244144,"command":"child-yellow"}
{"event":"buffer-release","sequence":177,"controlSequence":60,"rootCommits":23,"childCommits":30,"serial":150,"width":320,"height":240,"monotonicNs":276263558547353}
{"event":"server-barrier","sequence":178,"controlSequence":60,"rootCommits":23,"childCommits":30,"serial":150,"width":320,"height":240,"monotonicNs":276263558638050,"command":"child-yellow","barrierControl":60}
{"event":"buffercommit","sequence":179,"controlSequence":61,"rootCommits":23,"childCommits":31,"serial":150,"width":320,"height":240,"monotonicNs":276263711150945}
{"event":"request","sequence":180,"controlSequence":61,"rootCommits":23,"childCommits":31,"serial":150,"width":320,"height":240,"monotonicNs":276263711209316,"command":"child-blue"}
{"event":"buffer-release","sequence":181,"controlSequence":61,"rootCommits":23,"childCommits":31,"serial":150,"width":320,"height":240,"monotonicNs":276263711709940}
{"event":"server-barrier","sequence":182,"controlSequence":61,"rootCommits":23,"childCommits":31,"serial":150,"width":320,"height":240,"monotonicNs":276263711780585,"command":"child-blue","barrierControl":61}
{"event":"ack-configure","sequence":183,"controlSequence":61,"rootCommits":23,"childCommits":31,"serial":153,"width":320,"height":240,"monotonicNs":276263748103817}
{"event":"ack-configure","sequence":184,"controlSequence":61,"rootCommits":23,"childCommits":31,"serial":164,"width":320,"height":240,"monotonicNs":276271890268664}
{"event":"ack-configure","sequence":185,"controlSequence":61,"rootCommits":23,"childCommits":31,"serial":169,"width":320,"height":240,"monotonicNs":276271892576523}
{"event":"ack-configure","sequence":186,"controlSequence":61,"rootCommits":23,"childCommits":31,"serial":172,"width":320,"height":240,"monotonicNs":276271906421698}
{"event":"ack-configure","sequence":187,"controlSequence":61,"rootCommits":23,"childCommits":31,"serial":175,"width":320,"height":240,"monotonicNs":276272469375204}
{"event":"request","sequence":188,"controlSequence":62,"rootCommits":23,"childCommits":31,"serial":175,"width":320,"height":240,"monotonicNs":276272494469363,"command":"quit"}
{"event":"normalexit","sequence":189,"controlSequence":62,"rootCommits":23,"childCommits":31,"serial":175,"width":320,"height":240,"monotonicNs":276272494495786}
