[20:06:29.379158] {Default Queue}  -> wl_display#1.get_registry(new id wl_registry#2)
[20:06:29.379182] {Default Queue}  -> wl_display#1.sync(new id wl_callback#3)
[20:06:29.379382] {Display Queue} wl_display#1.delete_id(3)
[20:06:29.379387] {Default Queue} wl_registry#2.global(1, "wl_seat", 9)
[20:06:29.379391] {Default Queue} wl_registry#2.global(2, "wl_data_device_manager", 3)
[20:06:29.379395] {Default Queue}  -> wl_registry#2.bind(2, "wl_data_device_manager", 3, new id [unknown]#4)
[20:06:29.379398] {Default Queue} wl_registry#2.global(3, "wl_compositor", 6)
[20:06:29.379400] {Default Queue}  -> wl_registry#2.bind(3, "wl_compositor", 3, new id [unknown]#5)
[20:06:29.379403] {Default Queue} wl_registry#2.global(4, "wl_subcompositor", 1)
[20:06:29.379405] {Default Queue}  -> wl_registry#2.bind(4, "wl_subcompositor", 1, new id [unknown]#6)
[20:06:29.379408] {Default Queue} wl_registry#2.global(5, "wl_shm", 2)
[20:06:29.379410] {Default Queue}  -> wl_registry#2.bind(5, "wl_shm", 1, new id [unknown]#7)
[20:06:29.379413] {Default Queue} wl_registry#2.global(6, "wp_viewporter", 1)
[20:06:29.379415] {Default Queue} wl_registry#2.global(7, "wp_tearing_control_manager_v1", 1)
[20:06:29.379417] {Default Queue} wl_registry#2.global(8, "wp_fractional_scale_manager_v1", 1)
[20:06:29.379420] {Default Queue} wl_registry#2.global(9, "zxdg_output_manager_v1", 3)
[20:06:29.379423] {Default Queue}  -> wl_registry#2.bind(9, "zxdg_output_manager_v1", 3, new id [unknown]#8)
[20:06:29.379426] {Default Queue}  -> wl_display#1.sync(new id wl_callback#9)
[20:06:29.379428] {Default Queue} wl_registry#2.global(10, "wp_cursor_shape_manager_v1", 2)
[20:06:29.379431] {Default Queue}  -> wl_registry#2.bind(10, "wp_cursor_shape_manager_v1", 1, new id [unknown]#10)
[20:06:29.379433] {Default Queue} wl_registry#2.global(11, "zwp_idle_inhibit_manager_v1", 1)
[20:06:29.379435] {Default Queue} wl_registry#2.global(12, "zwp_relative_pointer_manager_v1", 1)
[20:06:29.379438] {Default Queue} wl_registry#2.global(13, "zxdg_decoration_manager_v1", 2)
[20:06:29.379440] {Default Queue} wl_registry#2.global(14, "wp_alpha_modifier_v1", 1)
[20:06:29.379442] {Default Queue} wl_registry#2.global(15, "zwlr_gamma_control_manager_v1", 1)
[20:06:29.379444] {Default Queue} wl_registry#2.global(16, "ext_foreign_toplevel_list_v1", 1)
[20:06:29.379448] {Default Queue} wl_registry#2.global(17, "zwp_pointer_gestures_v1", 3)
[20:06:29.379451] {Default Queue}  -> wl_registry#2.bind(17, "zwp_pointer_gestures_v1", 1, new id [unknown]#11)
[20:06:29.379453] {Default Queue} wl_registry#2.global(18, "zwlr_foreign_toplevel_manager_v1", 3)
[20:06:29.379456] {Default Queue} wl_registry#2.global(19, "zwp_keyboard_shortcuts_inhibit_manager_v1", 1)
[20:06:29.379458] {Default Queue}  -> wl_registry#2.bind(19, "zwp_keyboard_shortcuts_inhibit_manager_v1", 1, new id [unknown]#12)
[20:06:29.379462] {Default Queue} wl_registry#2.global(20, "zwp_text_input_manager_v1", 1)
[20:06:29.379464] {Default Queue} wl_registry#2.global(21, "zwp_text_input_manager_v3", 1)
[20:06:29.379466] {Default Queue} wl_registry#2.global(22, "zwp_pointer_constraints_v1", 1)
[20:06:29.379469] {Default Queue} wl_registry#2.global(23, "zwlr_output_power_manager_v1", 1)
[20:06:29.379471] {Default Queue} wl_registry#2.global(24, "xdg_activation_v1", 1)
[20:06:29.379473] {Default Queue}  -> wl_registry#2.bind(24, "xdg_activation_v1", 1, new id [unknown]#13)
[20:06:29.379476] {Default Queue} wl_registry#2.global(25, "ext_idle_notifier_v1", 2)
[20:06:29.379478] {Default Queue} wl_registry#2.global(26, "hyprland_lock_notifier_v1", 1)
[20:06:29.379481] {Default Queue} wl_registry#2.global(27, "ext_session_lock_manager_v1", 1)
[20:06:29.379483] {Default Queue} wl_registry#2.global(28, "zwp_input_method_manager_v2", 1)
[20:06:29.379485] {Default Queue} wl_registry#2.global(29, "zwp_virtual_keyboard_manager_v1", 1)
[20:06:29.379490] {Default Queue} wl_registry#2.global(30, "zwlr_virtual_pointer_manager_v1", 2)
[20:06:29.379492] {Default Queue} wl_registry#2.global(31, "zwlr_output_manager_v1", 4)
[20:06:29.379495] {Default Queue} wl_registry#2.global(32, "org_kde_kwin_server_decoration_manager", 1)
[20:06:29.379503] {Default Queue}  -> wl_registry#2.bind(32, "org_kde_kwin_server_decoration_manager", 1, new id [unknown]#14)
[20:06:29.379508] {Default Queue} wl_registry#2.global(33, "hyprland_focus_grab_manager_v1", 1)
[20:06:29.379511] {Default Queue} wl_registry#2.global(34, "zwp_tablet_manager_v2", 1)
[20:06:29.379514] {Default Queue}  -> wl_registry#2.bind(34, "zwp_tablet_manager_v2", 1, new id [unknown]#15)
[20:06:29.379516] {Default Queue} wl_registry#2.global(35, "zwlr_layer_shell_v1", 5)
[20:06:29.379518] {Default Queue} wl_registry#2.global(36, "wp_presentation", 2)
[20:06:29.379521] {Default Queue} wl_registry#2.global(37, "xdg_wm_base", 7)
[20:06:29.379523] {Default Queue} wl_registry#2.global(38, "zwlr_data_control_manager_v1", 2)
[20:06:29.379526] {Default Queue} wl_registry#2.global(39, "zwp_primary_selection_device_manager_v1", 1)
[20:06:29.379528] {Default Queue}  -> wl_registry#2.bind(39, "zwp_primary_selection_device_manager_v1", 1, new id [unknown]#16)
[20:06:29.379530] {Default Queue} wl_registry#2.global(40, "xwayland_shell_v1", 1)
[20:06:29.379533] {Default Queue} wl_registry#2.global(41, "hyprland_toplevel_mapping_manager_v1", 1)
[20:06:29.379535] {Default Queue} wl_registry#2.global(42, "hyprland_global_shortcuts_manager_v1", 1)
[20:06:29.379539] {Default Queue} wl_registry#2.global(43, "xdg_wm_dialog_v1", 1)
[20:06:29.379542] {Default Queue} wl_registry#2.global(44, "wp_single_pixel_buffer_manager_v1", 1)
[20:06:29.379544] {Default Queue} wl_registry#2.global(45, "wp_security_context_manager_v1", 1)
[20:06:29.379546] {Default Queue} wl_registry#2.global(46, "hyprland_ctm_control_manager_v1", 2)
[20:06:29.379549] {Default Queue} wl_registry#2.global(47, "hyprland_input_capture_manager_v1", 1)
[20:06:29.379551] {Default Queue} wl_registry#2.global(48, "hyprland_surface_manager_v1", 2)
[20:06:29.379553] {Default Queue} wl_registry#2.global(49, "wp_content_type_manager_v1", 1)
[20:06:29.379556] {Default Queue} wl_registry#2.global(50, "xdg_toplevel_tag_manager_v1", 1)
[20:06:29.379558] {Default Queue} wl_registry#2.global(51, "xdg_system_bell_v1", 1)
[20:06:29.379561] {Default Queue} wl_registry#2.global(52, "vicinae_hotkey_manager_v1", 1)
[20:06:29.379563] {Default Queue} wl_registry#2.global(53, "ext_workspace_manager_v1", 1)
[20:06:29.379565] {Default Queue} wl_registry#2.global(54, "ext_data_control_manager_v1", 1)
[20:06:29.379568] {Default Queue} wl_registry#2.global(55, "wp_pointer_warp_v1", 1)
[20:06:29.379570] {Default Queue} wl_registry#2.global(56, "wp_fifo_manager_v1", 1)
[20:06:29.379572] {Default Queue} wl_registry#2.global(57, "zxdg_exporter_v2", 1)
[20:06:29.379575] {Default Queue}  -> wl_registry#2.bind(57, "zxdg_exporter_v2", 1, new id [unknown]#17)
[20:06:29.379577] {Default Queue} wl_registry#2.global(58, "zxdg_importer_v2", 1)
[20:06:29.379579] {Default Queue}  -> wl_registry#2.bind(58, "zxdg_importer_v2", 1, new id [unknown]#18)
[20:06:29.379582] {Default Queue} wl_registry#2.global(59, "ext_background_effect_manager_v1", 1)
[20:06:29.379584] {Default Queue} wl_registry#2.global(60, "wp_commit_timing_manager_v1", 1)
[20:06:29.379587] {Default Queue} wl_registry#2.global(61, "zwlr_screencopy_manager_v1", 3)
[20:06:29.379590] {Default Queue} wl_registry#2.global(62, "hyprland_toplevel_export_manager_v1", 2)
[20:06:29.379593] {Default Queue} wl_registry#2.global(63, "ext_output_image_capture_source_manager_v1", 1)
[20:06:29.379595] {Default Queue} wl_registry#2.global(64, "ext_foreign_toplevel_image_capture_source_manager_v1", 1)
[20:06:29.379597] {Default Queue} wl_registry#2.global(65, "ext_image_copy_capture_manager_v1", 1)
[20:06:29.379600] {Default Queue} wl_registry#2.global(66, "wp_color_manager_v1", 3)
[20:06:29.379603] {Default Queue} wl_registry#2.global(67, "wl_drm", 2)
[20:06:29.379605] {Default Queue} wl_registry#2.global(68, "zwp_linux_dmabuf_v1", 5)
[20:06:29.379608] {Default Queue} wl_registry#2.global(69, "wl_output", 4)
[20:06:29.379610] {Default Queue}  -> wl_registry#2.bind(69, "wl_output", 2, new id [unknown]#19)
[20:06:29.379641] {Default Queue}  -> zxdg_output_manager_v1#8.get_xdg_output(new id zxdg_output_v1#20, wl_output#19)
[20:06:29.379646] {Default Queue}  -> wl_display#1.sync(new id wl_callback#21)
[20:06:29.379650] {Default Queue} wl_callback#3.done(44)
[20:06:29.379678] {Default Queue}  -> wl_shm#7.create_pool(new id wl_shm_pool#3, fd 10, 2304)
[20:06:29.379750] {Default Queue}  -> wl_shm_pool#3.resize(6912)
[20:06:29.379793] {Default Queue}  -> wl_shm_pool#3.resize(16128)
[20:06:29.379868] {Default Queue}  -> wl_shm_pool#3.resize(34560)
[20:06:29.380003] {Default Queue}  -> wl_shm_pool#3.resize(71424)
[20:06:29.380257] {Default Queue}  -> wl_shm_pool#3.resize(145152)
[20:06:29.381170] {Default Queue}  -> wl_shm_pool#3.resize(292608)
[20:06:29.382178] {Default Queue}  -> wl_shm_pool#3.resize(587520)
[20:06:29.385987] {Default Queue}  -> wl_registry#2.bind(1, "wl_seat", 5, new id [unknown]#22)
[20:06:29.387531] {Default Queue}  -> wl_compositor#5.create_surface(new id wl_surface#23)
[20:06:29.387544] {Default Queue}  -> zwp_primary_selection_device_manager_v1#16.get_device(new id zwp_primary_selection_device_v1#24, wl_seat#22)
[20:06:29.387551] {Default Queue}  -> wl_data_device_manager#4.get_data_device(new id wl_data_device#25, wl_seat#22)
[20:06:29.387591] {Default Queue}  -> wl_compositor#5.create_surface(new id wl_surface#26)
[20:06:29.387594] {Default Queue}  -> zwp_tablet_manager_v2#15.get_tablet_seat(new id zwp_tablet_seat_v2#27, wl_seat#22)
[20:06:29.387599] {Default Queue}  -> wl_display#1.sync(new id wl_callback#28)
[20:06:29.387744] {Display Queue} wl_display#1.delete_id(9)
[20:06:29.387749] {Display Queue} wl_display#1.delete_id(21)
[20:06:29.387752] {Display Queue} wl_display#1.delete_id(28)
[20:06:29.387754] {Default Queue} wl_shm#7.format(0)
[20:06:29.387756] {Default Queue} wl_shm#7.format(1)
[20:06:29.387758] {Default Queue} wl_shm#7.format(875709016)
[20:06:29.387760] {Default Queue} wl_shm#7.format(875708993)
[20:06:29.387762] {Default Queue} wl_shm#7.format(808669784)
[20:06:29.387764] {Default Queue} wl_shm#7.format(808669761)
[20:06:29.387766] {Default Queue} wl_shm#7.format(808665688)
[20:06:29.387768] {Default Queue} wl_shm#7.format(808665665)
[20:06:29.387770] {Default Queue} wl_callback#9.done(44)
[20:06:29.387773] {Default Queue} org_kde_kwin_server_decoration_manager#14.default_mode(2)
[20:06:29.387776] {Default Queue} wl_output#19.scale(1)
[20:06:29.387779] {Default Queue} wl_output#19.mode(1, 800, 600, 60000)
[20:06:29.387782] {Default Queue} wl_output#19.geometry(0, 0, 0, 0, 1, "", "", 0)
[20:06:29.387787] {Default Queue} wl_output#19.done()
[20:06:29.387793] {Default Queue} zxdg_output_v1#20.name("WAYLAND-1")
[20:06:29.387796] {Default Queue} zxdg_output_v1#20.logical_position(0, 0)
[20:06:29.387798] {Default Queue} zxdg_output_v1#20.logical_size(800, 600)
[20:06:29.387801] {Default Queue} wl_output#19.done()
[20:06:29.387804] {Default Queue} wl_callback#21.done(44)
[20:06:29.387807] {Default Queue} wl_seat#22.name("Hyprland")
[20:06:29.387809] {Default Queue} wl_seat#22.capabilities(3)
[20:06:29.387811] {Default Queue}  -> wl_seat#22.get_pointer(new id wl_pointer#21)
[20:06:29.387817] {Default Queue}  -> zwp_pointer_gestures_v1#11.get_swipe_gesture(new id zwp_pointer_gesture_swipe_v1#9, wl_pointer#21)
[20:06:29.387821] {Default Queue}  -> zwp_pointer_gestures_v1#11.get_pinch_gesture(new id zwp_pointer_gesture_pinch_v1#29, wl_pointer#21)
[20:06:29.387825] {Default Queue}  -> wp_cursor_shape_manager_v1#10.get_pointer(new id wp_cursor_shape_device_v1#30, wl_pointer#21)
[20:06:29.387830] {Default Queue}  -> wl_seat#22.get_keyboard(new id wl_keyboard#31)
[20:06:29.387834] {Default Queue} wl_callback#28.done(44)
[20:06:29.387837] {Default Queue}  -> wl_registry#2.bind(37, "xdg_wm_base", 6, new id [unknown]#28)
[20:06:29.402171] {Default Queue}  -> wl_display#1.get_registry(new id wl_registry#32)
[20:06:29.402185] {Default Queue}  -> wl_display#1.sync(new id wl_callback#33)
[20:06:29.402352] {Display Queue} wl_display#1.delete_id(33)
[20:06:29.402362] {Default Queue} wl_keyboard#31.keymap(1, fd 4, 35572)
[20:06:29.403138] {Default Queue} wl_keyboard#31.repeat_info(25, 600)
[20:06:29.403154] {Default Queue} wl_registry#32.global(1, "wl_seat", 9)
[20:06:29.403163] {Default Queue} wl_registry#32.global(2, "wl_data_device_manager", 3)
[20:06:29.403166] {Default Queue} wl_registry#32.global(3, "wl_compositor", 6)
[20:06:29.403169] {Default Queue} wl_registry#32.global(4, "wl_subcompositor", 1)
[20:06:29.403171] {Default Queue} wl_registry#32.global(5, "wl_shm", 2)
[20:06:29.403174] {Default Queue} wl_registry#32.global(6, "wp_viewporter", 1)
[20:06:29.403176] {Default Queue} wl_registry#32.global(7, "wp_tearing_control_manager_v1", 1)
[20:06:29.403179] {Default Queue} wl_registry#32.global(8, "wp_fractional_scale_manager_v1", 1)
[20:06:29.403181] {Default Queue} wl_registry#32.global(9, "zxdg_output_manager_v1", 3)
[20:06:29.403183] {Default Queue} wl_registry#32.global(10, "wp_cursor_shape_manager_v1", 2)
[20:06:29.403186] {Default Queue} wl_registry#32.global(11, "zwp_idle_inhibit_manager_v1", 1)
[20:06:29.403188] {Default Queue} wl_registry#32.global(12, "zwp_relative_pointer_manager_v1", 1)
[20:06:29.403190] {Default Queue} wl_registry#32.global(13, "zxdg_decoration_manager_v1", 2)
[20:06:29.403193] {Default Queue} wl_registry#32.global(14, "wp_alpha_modifier_v1", 1)
[20:06:29.403195] {Default Queue} wl_registry#32.global(15, "zwlr_gamma_control_manager_v1", 1)
[20:06:29.403198] {Default Queue} wl_registry#32.global(16, "ext_foreign_toplevel_list_v1", 1)
[20:06:29.403200] {Default Queue} wl_registry#32.global(17, "zwp_pointer_gestures_v1", 3)
[20:06:29.403202] {Default Queue} wl_registry#32.global(18, "zwlr_foreign_toplevel_manager_v1", 3)
[20:06:29.403205] {Default Queue} wl_registry#32.global(19, "zwp_keyboard_shortcuts_inhibit_manager_v1", 1)
[20:06:29.403207] {Default Queue} wl_registry#32.global(20, "zwp_text_input_manager_v1", 1)
[20:06:29.403209] {Default Queue} wl_registry#32.global(21, "zwp_text_input_manager_v3", 1)
[20:06:29.403211] {Default Queue} wl_registry#32.global(22, "zwp_pointer_constraints_v1", 1)
[20:06:29.403214] {Default Queue} wl_registry#32.global(23, "zwlr_output_power_manager_v1", 1)
[20:06:29.403216] {Default Queue} wl_registry#32.global(24, "xdg_activation_v1", 1)
[20:06:29.403218] {Default Queue} wl_registry#32.global(25, "ext_idle_notifier_v1", 2)
[20:06:29.403220] {Default Queue} wl_registry#32.global(26, "hyprland_lock_notifier_v1", 1)
[20:06:29.403223] {Default Queue} wl_registry#32.global(27, "ext_session_lock_manager_v1", 1)
[20:06:29.403225] {Default Queue} wl_registry#32.global(28, "zwp_input_method_manager_v2", 1)
[20:06:29.403227] {Default Queue} wl_registry#32.global(29, "zwp_virtual_keyboard_manager_v1", 1)
[20:06:29.403229] {Default Queue} wl_registry#32.global(30, "zwlr_virtual_pointer_manager_v1", 2)
[20:06:29.403232] {Default Queue} wl_registry#32.global(31, "zwlr_output_manager_v1", 4)
[20:06:29.403234] {Default Queue} wl_registry#32.global(32, "org_kde_kwin_server_decoration_manager", 1)
[20:06:29.403236] {Default Queue} wl_registry#32.global(33, "hyprland_focus_grab_manager_v1", 1)
[20:06:29.403238] {Default Queue} wl_registry#32.global(34, "zwp_tablet_manager_v2", 1)
[20:06:29.403241] {Default Queue} wl_registry#32.global(35, "zwlr_layer_shell_v1", 5)
[20:06:29.403244] {Default Queue}  -> wl_registry#32.bind(35, "zwlr_layer_shell_v1", 4, new id [unknown]#34)
[20:06:29.403251] {Default Queue} wl_registry#32.global(36, "wp_presentation", 2)
[20:06:29.403254] {Default Queue} wl_registry#32.global(37, "xdg_wm_base", 7)
[20:06:29.403256] {Default Queue}  -> wl_registry#32.bind(37, "xdg_wm_base", 7, new id [unknown]#35)
[20:06:29.403259] {Default Queue} wl_registry#32.global(38, "zwlr_data_control_manager_v1", 2)
[20:06:29.403262] {Default Queue} wl_registry#32.global(39, "zwp_primary_selection_device_manager_v1", 1)
[20:06:29.403264] {Default Queue} wl_registry#32.global(40, "xwayland_shell_v1", 1)
[20:06:29.403266] {Default Queue} wl_registry#32.global(41, "hyprland_toplevel_mapping_manager_v1", 1)
[20:06:29.403269] {Default Queue} wl_registry#32.global(42, "hyprland_global_shortcuts_manager_v1", 1)
[20:06:29.403274] {Default Queue} wl_registry#32.global(43, "xdg_wm_dialog_v1", 1)
[20:06:29.403278] {Default Queue} wl_registry#32.global(44, "wp_single_pixel_buffer_manager_v1", 1)
[20:06:29.403281] {Default Queue} wl_registry#32.global(45, "wp_security_context_manager_v1", 1)
[20:06:29.403283] {Default Queue} wl_registry#32.global(46, "hyprland_ctm_control_manager_v1", 2)
[20:06:29.403286] {Default Queue} wl_registry#32.global(47, "hyprland_input_capture_manager_v1", 1)
[20:06:29.403288] {Default Queue} wl_registry#32.global(48, "hyprland_surface_manager_v1", 2)
[20:06:29.403291] {Default Queue} wl_registry#32.global(49, "wp_content_type_manager_v1", 1)
[20:06:29.403294] {Default Queue} wl_registry#32.global(50, "xdg_toplevel_tag_manager_v1", 1)
[20:06:29.403296] {Default Queue} wl_registry#32.global(51, "xdg_system_bell_v1", 1)
[20:06:29.403299] {Default Queue} wl_registry#32.global(52, "vicinae_hotkey_manager_v1", 1)
[20:06:29.403302] {Default Queue} wl_registry#32.global(53, "ext_workspace_manager_v1", 1)
[20:06:29.403304] {Default Queue} wl_registry#32.global(54, "ext_data_control_manager_v1", 1)
[20:06:29.403307] {Default Queue} wl_registry#32.global(55, "wp_pointer_warp_v1", 1)
[20:06:29.403309] {Default Queue} wl_registry#32.global(56, "wp_fifo_manager_v1", 1)
[20:06:29.403312] {Default Queue} wl_registry#32.global(57, "zxdg_exporter_v2", 1)
[20:06:29.403315] {Default Queue} wl_registry#32.global(58, "zxdg_importer_v2", 1)
[20:06:29.403317] {Default Queue} wl_registry#32.global(59, "ext_background_effect_manager_v1", 1)
[20:06:29.403320] {Default Queue} wl_registry#32.global(60, "wp_commit_timing_manager_v1", 1)
[20:06:29.403322] {Default Queue} wl_registry#32.global(61, "zwlr_screencopy_manager_v1", 3)
[20:06:29.403325] {Default Queue} wl_registry#32.global(62, "hyprland_toplevel_export_manager_v1", 2)
[20:06:29.403327] {Default Queue} wl_registry#32.global(63, "ext_output_image_capture_source_manager_v1", 1)
[20:06:29.403330] {Default Queue} wl_registry#32.global(64, "ext_foreign_toplevel_image_capture_source_manager_v1", 1)
[20:06:29.403333] {Default Queue} wl_registry#32.global(65, "ext_image_copy_capture_manager_v1", 1)
[20:06:29.403335] {Default Queue} wl_registry#32.global(66, "wp_color_manager_v1", 3)
[20:06:29.403338] {Default Queue} wl_registry#32.global(67, "wl_drm", 2)
[20:06:29.403340] {Default Queue} wl_registry#32.global(68, "zwp_linux_dmabuf_v1", 5)
[20:06:29.403343] {Default Queue} wl_registry#32.global(69, "wl_output", 4)
[20:06:29.403346] {Default Queue} wl_callback#33.done(44)
[20:06:29.484976] {Default Queue}  -> wl_compositor#5.create_surface(new id wl_surface#33)
[20:06:29.485279] {mesa egl display queue}  -> wl_display#1.get_registry(new id wl_registry#36)
[20:06:29.485286] {mesa egl display queue}  -> wl_display#1.sync(new id wl_callback#37)
[20:06:29.485642] {Display Queue} wl_display#1.delete_id(37)
[20:06:29.485658] {mesa egl display queue} wl_registry#36.global(1, "wl_seat", 9)
[20:06:29.485663] {mesa egl display queue} wl_registry#36.global(2, "wl_data_device_manager", 3)
[20:06:29.485666] {mesa egl display queue} wl_registry#36.global(3, "wl_compositor", 6)
[20:06:29.485668] {mesa egl display queue} wl_registry#36.global(4, "wl_subcompositor", 1)
[20:06:29.485670] {mesa egl display queue} wl_registry#36.global(5, "wl_shm", 2)
[20:06:29.485672] {mesa egl display queue} wl_registry#36.global(6, "wp_viewporter", 1)
[20:06:29.485674] {mesa egl display queue} wl_registry#36.global(7, "wp_tearing_control_manager_v1", 1)
[20:06:29.485676] {mesa egl display queue} wl_registry#36.global(8, "wp_fractional_scale_manager_v1", 1)
[20:06:29.485678] {mesa egl display queue} wl_registry#36.global(9, "zxdg_output_manager_v1", 3)
[20:06:29.485680] {mesa egl display queue} wl_registry#36.global(10, "wp_cursor_shape_manager_v1", 2)
[20:06:29.485682] {mesa egl display queue} wl_registry#36.global(11, "zwp_idle_inhibit_manager_v1", 1)
[20:06:29.485684] {mesa egl display queue} wl_registry#36.global(12, "zwp_relative_pointer_manager_v1", 1)
[20:06:29.485687] {mesa egl display queue} wl_registry#36.global(13, "zxdg_decoration_manager_v1", 2)
[20:06:29.485695] {mesa egl display queue} wl_registry#36.global(14, "wp_alpha_modifier_v1", 1)
[20:06:29.485706] {mesa egl display queue} wl_registry#36.global(15, "zwlr_gamma_control_manager_v1", 1)
[20:06:29.485709] {mesa egl display queue} wl_registry#36.global(16, "ext_foreign_toplevel_list_v1", 1)
[20:06:29.485711] {mesa egl display queue} wl_registry#36.global(17, "zwp_pointer_gestures_v1", 3)
[20:06:29.485713] {mesa egl display queue} wl_registry#36.global(18, "zwlr_foreign_toplevel_manager_v1", 3)
[20:06:29.485715] {mesa egl display queue} wl_registry#36.global(19, "zwp_keyboard_shortcuts_inhibit_manager_v1", 1)
[20:06:29.485717] {mesa egl display queue} wl_registry#36.global(20, "zwp_text_input_manager_v1", 1)
[20:06:29.485719] {mesa egl display queue} wl_registry#36.global(21, "zwp_text_input_manager_v3", 1)
[20:06:29.485721] {mesa egl display queue} wl_registry#36.global(22, "zwp_pointer_constraints_v1", 1)
[20:06:29.485723] {mesa egl display queue} wl_registry#36.global(23, "zwlr_output_power_manager_v1", 1)
[20:06:29.485725] {mesa egl display queue} wl_registry#36.global(24, "xdg_activation_v1", 1)
[20:06:29.485728] {mesa egl display queue} wl_registry#36.global(25, "ext_idle_notifier_v1", 2)
[20:06:29.485730] {mesa egl display queue} wl_registry#36.global(26, "hyprland_lock_notifier_v1", 1)
[20:06:29.485732] {mesa egl display queue} wl_registry#36.global(27, "ext_session_lock_manager_v1", 1)
[20:06:29.485734] {mesa egl display queue} wl_registry#36.global(28, "zwp_input_method_manager_v2", 1)
[20:06:29.485736] {mesa egl display queue} wl_registry#36.global(29, "zwp_virtual_keyboard_manager_v1", 1)
[20:06:29.485738] {mesa egl display queue} wl_registry#36.global(30, "zwlr_virtual_pointer_manager_v1", 2)
[20:06:29.485740] {mesa egl display queue} wl_registry#36.global(31, "zwlr_output_manager_v1", 4)
[20:06:29.485742] {mesa egl display queue} wl_registry#36.global(32, "org_kde_kwin_server_decoration_manager", 1)
[20:06:29.485745] {mesa egl display queue} wl_registry#36.global(33, "hyprland_focus_grab_manager_v1", 1)
[20:06:29.485747] {mesa egl display queue} wl_registry#36.global(34, "zwp_tablet_manager_v2", 1)
[20:06:29.485749] {mesa egl display queue} wl_registry#36.global(35, "zwlr_layer_shell_v1", 5)
[20:06:29.485751] {mesa egl display queue} wl_registry#36.global(36, "wp_presentation", 2)
[20:06:29.485754] {mesa egl display queue}  -> wl_registry#36.bind(36, "wp_presentation", 1, new id [unknown]#38)
[20:06:29.485757] {mesa egl display queue} wl_registry#36.global(37, "xdg_wm_base", 7)
[20:06:29.485760] {mesa egl display queue} wl_registry#36.global(38, "zwlr_data_control_manager_v1", 2)
[20:06:29.485762] {mesa egl display queue} wl_registry#36.global(39, "zwp_primary_selection_device_manager_v1", 1)
[20:06:29.485764] {mesa egl display queue} wl_registry#36.global(40, "xwayland_shell_v1", 1)
[20:06:29.485766] {mesa egl display queue} wl_registry#36.global(41, "hyprland_toplevel_mapping_manager_v1", 1)
[20:06:29.485768] {mesa egl display queue} wl_registry#36.global(42, "hyprland_global_shortcuts_manager_v1", 1)
[20:06:29.485770] {mesa egl display queue} wl_registry#36.global(43, "xdg_wm_dialog_v1", 1)
[20:06:29.485772] {mesa egl display queue} wl_registry#36.global(44, "wp_single_pixel_buffer_manager_v1", 1)
[20:06:29.485774] {mesa egl display queue} wl_registry#36.global(45, "wp_security_context_manager_v1", 1)
[20:06:29.485776] {mesa egl display queue} wl_registry#36.global(46, "hyprland_ctm_control_manager_v1", 2)
[20:06:29.485778] {mesa egl display queue} wl_registry#36.global(47, "hyprland_input_capture_manager_v1", 1)
[20:06:29.485780] {mesa egl display queue} wl_registry#36.global(48, "hyprland_surface_manager_v1", 2)
[20:06:29.485783] {mesa egl display queue} wl_registry#36.global(49, "wp_content_type_manager_v1", 1)
[20:06:29.485784] {mesa egl display queue} wl_registry#36.global(50, "xdg_toplevel_tag_manager_v1", 1)
[20:06:29.485786] {mesa egl display queue} wl_registry#36.global(51, "xdg_system_bell_v1", 1)
[20:06:29.485790] {mesa egl display queue} wl_registry#36.global(52, "vicinae_hotkey_manager_v1", 1)
[20:06:29.485793] {mesa egl display queue} wl_registry#36.global(53, "ext_workspace_manager_v1", 1)
[20:06:29.485795] {mesa egl display queue} wl_registry#36.global(54, "ext_data_control_manager_v1", 1)
[20:06:29.485797] {mesa egl display queue} wl_registry#36.global(55, "wp_pointer_warp_v1", 1)
[20:06:29.485798] {mesa egl display queue} wl_registry#36.global(56, "wp_fifo_manager_v1", 1)
[20:06:29.485801] {mesa egl display queue} wl_registry#36.global(57, "zxdg_exporter_v2", 1)
[20:06:29.485803] {mesa egl display queue} wl_registry#36.global(58, "zxdg_importer_v2", 1)
[20:06:29.485805] {mesa egl display queue} wl_registry#36.global(59, "ext_background_effect_manager_v1", 1)
[20:06:29.485807] {mesa egl display queue} wl_registry#36.global(60, "wp_commit_timing_manager_v1", 1)
[20:06:29.485809] {mesa egl display queue} wl_registry#36.global(61, "zwlr_screencopy_manager_v1", 3)
[20:06:29.485811] {mesa egl display queue} wl_registry#36.global(62, "hyprland_toplevel_export_manager_v1", 2)
[20:06:29.485814] {mesa egl display queue} wl_registry#36.global(63, "ext_output_image_capture_source_manager_v1", 1)
[20:06:29.485816] {mesa egl display queue} wl_registry#36.global(64, "ext_foreign_toplevel_image_capture_source_manager_v1", 1)
[20:06:29.485818] {mesa egl display queue} wl_registry#36.global(65, "ext_image_copy_capture_manager_v1", 1)
[20:06:29.485820] {mesa egl display queue} wl_registry#36.global(66, "wp_color_manager_v1", 3)
[20:06:29.485822] {mesa egl display queue} wl_registry#36.global(67, "wl_drm", 2)
[20:06:29.485824] {mesa egl display queue} wl_registry#36.global(68, "zwp_linux_dmabuf_v1", 5)
[20:06:29.485827] {mesa egl display queue}  -> wl_registry#36.bind(68, "zwp_linux_dmabuf_v1", 4, new id [unknown]#39)
[20:06:29.485830] {mesa egl display queue} wl_registry#36.global(69, "wl_output", 4)
[20:06:29.485833] {mesa egl display queue} wl_callback#37.done(44)
[20:06:29.485836] {mesa egl display queue}  -> zwp_linux_dmabuf_v1#39.get_default_feedback(new id zwp_linux_dmabuf_feedback_v1#37)
[20:06:29.485841] {mesa egl display queue}  -> wl_display#1.sync(new id wl_callback#40)
[20:06:29.486091] {Display Queue} wl_display#1.delete_id(40)
[20:06:29.486106] {mesa egl display queue} wp_presentation#38.clock_id(1)
[20:06:29.486110] {mesa egl display queue} zwp_linux_dmabuf_feedback_v1#37.format_table(fd 12, 2960)
[20:06:29.486122] {mesa egl display queue} zwp_linux_dmabuf_feedback_v1#37.main_device(array[8])
[20:06:29.486465] {mesa egl display queue} zwp_linux_dmabuf_feedback_v1#37.tranche_target_device(array[8])
[20:06:29.486469] {mesa egl display queue} zwp_linux_dmabuf_feedback_v1#37.tranche_flags(0)
[20:06:29.486472] {mesa egl display queue} zwp_linux_dmabuf_feedback_v1#37.tranche_formats(array[370])
[20:06:29.486479] {mesa egl display queue} zwp_linux_dmabuf_feedback_v1#37.tranche_done()
[20:06:29.486481] {mesa egl display queue} zwp_linux_dmabuf_feedback_v1#37.done()
[20:06:29.486483] {mesa egl display queue} wl_callback#40.done(44)
[20:06:29.486486] {mesa egl display queue}  -> zwp_linux_dmabuf_feedback_v1#37.destroy()
[20:06:29.498253] {Default Queue}  -> wl_surface#33.destroy()
[20:06:29.498326] {Default Queue}  -> wl_compositor#5.create_surface(new id wl_surface#40)
[20:06:29.501489] {Default Queue}  -> wl_surface#40.destroy()
view-process-policy: related=1 distinct-manager=1
view-process-policy: related=1 distinct-manager=1
[20:06:29.512962] {Default Queue}  -> wl_compositor#5.create_surface(new id wl_surface#41)
[20:06:29.513329] {Default Queue}  -> wl_display#1.get_registry(new id wl_registry#42)
[20:06:29.513378] {Default Queue}  -> wl_surface#41.attach(nil, 0, 0)
[20:06:29.513383] {Default Queue}  -> zwlr_layer_shell_v1#34.get_layer_surface(new id zwlr_layer_surface_v1#43, wl_surface#41, wl_output#19, 2, "elm-shell-recovery-v17")
[20:06:29.513388] {Default Queue}  -> zwlr_layer_surface_v1#43.set_keyboard_interactivity(0)
[20:06:29.513390] {Default Queue}  -> zwlr_layer_surface_v1#43.set_exclusive_zone(48)
[20:06:29.513396] {Default Queue}  -> zwlr_layer_surface_v1#43.set_anchor(13)
[20:06:29.513402] {Default Queue}  -> zwlr_layer_surface_v1#43.set_margin(0, 0, 0, 0)
[20:06:29.513404] {Default Queue}  -> zwlr_layer_surface_v1#43.set_size(0, 48)
[20:06:29.513407] {Default Queue}  -> wl_surface#41.commit()
[20:06:29.513409] {Default Queue}  -> wl_display#1.sync(new id wl_callback#44)
[20:06:29.513572] {Display Queue} wl_display#1.delete_id(37)
[20:06:29.513576] {Display Queue} wl_display#1.delete_id(33)
[20:06:29.513578] {Display Queue} wl_display#1.delete_id(40)
[20:06:29.513580] {Display Queue} wl_display#1.delete_id(44)
[20:06:29.513582] {Default Queue} wl_registry#42.global(1, "wl_seat", 9)
[20:06:29.513584] {Default Queue} wl_registry#42.global(2, "wl_data_device_manager", 3)
[20:06:29.513586] {Default Queue} wl_registry#42.global(3, "wl_compositor", 6)
[20:06:29.513588] {Default Queue} wl_registry#42.global(4, "wl_subcompositor", 1)
[20:06:29.513590] {Default Queue} wl_registry#42.global(5, "wl_shm", 2)
[20:06:29.513591] {Default Queue} wl_registry#42.global(6, "wp_viewporter", 1)
[20:06:29.513593] {Default Queue} wl_registry#42.global(7, "wp_tearing_control_manager_v1", 1)
[20:06:29.513595] {Default Queue} wl_registry#42.global(8, "wp_fractional_scale_manager_v1", 1)
[20:06:29.513597] {Default Queue} wl_registry#42.global(9, "zxdg_output_manager_v1", 3)
[20:06:29.513598] {Default Queue} wl_registry#42.global(10, "wp_cursor_shape_manager_v1", 2)
[20:06:29.513600] {Default Queue} wl_registry#42.global(11, "zwp_idle_inhibit_manager_v1", 1)
[20:06:29.513602] {Default Queue} wl_registry#42.global(12, "zwp_relative_pointer_manager_v1", 1)
[20:06:29.513603] {Default Queue} wl_registry#42.global(13, "zxdg_decoration_manager_v1", 2)
[20:06:29.513605] {Default Queue} wl_registry#42.global(14, "wp_alpha_modifier_v1", 1)
[20:06:29.513607] {Default Queue} wl_registry#42.global(15, "zwlr_gamma_control_manager_v1", 1)
[20:06:29.513609] {Default Queue} wl_registry#42.global(16, "ext_foreign_toplevel_list_v1", 1)
[20:06:29.513610] {Default Queue} wl_registry#42.global(17, "zwp_pointer_gestures_v1", 3)
[20:06:29.513612] {Default Queue} wl_registry#42.global(18, "zwlr_foreign_toplevel_manager_v1", 3)
[20:06:29.513614] {Default Queue} wl_registry#42.global(19, "zwp_keyboard_shortcuts_inhibit_manager_v1", 1)
[20:06:29.513615] {Default Queue} wl_registry#42.global(20, "zwp_text_input_manager_v1", 1)
[20:06:29.513617] {Default Queue} wl_registry#42.global(21, "zwp_text_input_manager_v3", 1)
[20:06:29.513619] {Default Queue}  -> wl_registry#42.bind(21, "zwp_text_input_manager_v3", 1, new id [unknown]#40)
[20:06:29.513622] {Default Queue}  -> zwp_text_input_manager_v3#40.get_text_input(new id zwp_text_input_v3#33, wl_seat#22)
[20:06:29.513624] {Default Queue} wl_registry#42.global(22, "zwp_pointer_constraints_v1", 1)
[20:06:29.513625] {Default Queue} wl_registry#42.global(23, "zwlr_output_power_manager_v1", 1)
[20:06:29.513627] {Default Queue} wl_registry#42.global(24, "xdg_activation_v1", 1)
[20:06:29.513629] {Default Queue} wl_registry#42.global(25, "ext_idle_notifier_v1", 2)
[20:06:29.513631] {Default Queue} wl_registry#42.global(26, "hyprland_lock_notifier_v1", 1)
[20:06:29.513633] {Default Queue} wl_registry#42.global(27, "ext_session_lock_manager_v1", 1)
[20:06:29.513634] {Default Queue} wl_registry#42.global(28, "zwp_input_method_manager_v2", 1)
[20:06:29.513636] {Default Queue} wl_registry#42.global(29, "zwp_virtual_keyboard_manager_v1", 1)
[20:06:29.513638] {Default Queue} wl_registry#42.global(30, "zwlr_virtual_pointer_manager_v1", 2)
[20:06:29.513640] {Default Queue} wl_registry#42.global(31, "zwlr_output_manager_v1", 4)
[20:06:29.513641] {Default Queue} wl_registry#42.global(32, "org_kde_kwin_server_decoration_manager", 1)
[20:06:29.513643] {Default Queue} wl_registry#42.global(33, "hyprland_focus_grab_manager_v1", 1)
[20:06:29.513645] {Default Queue} wl_registry#42.global(34, "zwp_tablet_manager_v2", 1)
[20:06:29.513647] {Default Queue} wl_registry#42.global(35, "zwlr_layer_shell_v1", 5)
[20:06:29.513648] {Default Queue} wl_registry#42.global(36, "wp_presentation", 2)
[20:06:29.513652] {Default Queue} wl_registry#42.global(37, "xdg_wm_base", 7)
[20:06:29.513655] {Default Queue} wl_registry#42.global(38, "zwlr_data_control_manager_v1", 2)
[20:06:29.513657] {Default Queue} wl_registry#42.global(39, "zwp_primary_selection_device_manager_v1", 1)
[20:06:29.513658] {Default Queue} wl_registry#42.global(40, "xwayland_shell_v1", 1)
[20:06:29.513660] {Default Queue} wl_registry#42.global(41, "hyprland_toplevel_mapping_manager_v1", 1)
[20:06:29.513662] {Default Queue} wl_registry#42.global(42, "hyprland_global_shortcuts_manager_v1", 1)
[20:06:29.513663] {Default Queue} wl_registry#42.global(43, "xdg_wm_dialog_v1", 1)
[20:06:29.513665] {Default Queue} wl_registry#42.global(44, "wp_single_pixel_buffer_manager_v1", 1)
[20:06:29.513667] {Default Queue} wl_registry#42.global(45, "wp_security_context_manager_v1", 1)
[20:06:29.513669] {Default Queue} wl_registry#42.global(46, "hyprland_ctm_control_manager_v1", 2)
[20:06:29.513670] {Default Queue} wl_registry#42.global(47, "hyprland_input_capture_manager_v1", 1)
[20:06:29.513672] {Default Queue} wl_registry#42.global(48, "hyprland_surface_manager_v1", 2)
[20:06:29.513674] {Default Queue} wl_registry#42.global(49, "wp_content_type_manager_v1", 1)
[20:06:29.513675] {Default Queue} wl_registry#42.global(50, "xdg_toplevel_tag_manager_v1", 1)
[20:06:29.513677] {Default Queue} wl_registry#42.global(51, "xdg_system_bell_v1", 1)
[20:06:29.513679] {Default Queue} wl_registry#42.global(52, "vicinae_hotkey_manager_v1", 1)
[20:06:29.513681] {Default Queue} wl_registry#42.global(53, "ext_workspace_manager_v1", 1)
[20:06:29.513682] {Default Queue} wl_registry#42.global(54, "ext_data_control_manager_v1", 1)
[20:06:29.513684] {Default Queue} wl_registry#42.global(55, "wp_pointer_warp_v1", 1)
[20:06:29.513686] {Default Queue} wl_registry#42.global(56, "wp_fifo_manager_v1", 1)
[20:06:29.513687] {Default Queue} wl_registry#42.global(57, "zxdg_exporter_v2", 1)
[20:06:29.513689] {Default Queue} wl_registry#42.global(58, "zxdg_importer_v2", 1)
[20:06:29.513691] {Default Queue} wl_registry#42.global(59, "ext_background_effect_manager_v1", 1)
[20:06:29.513692] {Default Queue} wl_registry#42.global(60, "wp_commit_timing_manager_v1", 1)
[20:06:29.513694] {Default Queue} wl_registry#42.global(61, "zwlr_screencopy_manager_v1", 3)
[20:06:29.513696] {Default Queue} wl_registry#42.global(62, "hyprland_toplevel_export_manager_v1", 2)
[20:06:29.513697] {Default Queue} wl_registry#42.global(63, "ext_output_image_capture_source_manager_v1", 1)
[20:06:29.513699] {Default Queue} wl_registry#42.global(64, "ext_foreign_toplevel_image_capture_source_manager_v1", 1)
[20:06:29.513701] {Default Queue} wl_registry#42.global(65, "ext_image_copy_capture_manager_v1", 1)
[20:06:29.513703] {Default Queue} wl_registry#42.global(66, "wp_color_manager_v1", 3)
[20:06:29.513704] {Default Queue} wl_registry#42.global(67, "wl_drm", 2)
[20:06:29.513706] {Default Queue} wl_registry#42.global(68, "zwp_linux_dmabuf_v1", 5)
[20:06:29.513708] {Default Queue} wl_registry#42.global(69, "wl_output", 4)
[20:06:29.513709] {Default Queue} zwlr_layer_surface_v1#43.configure(45, 800, 48)
[20:06:29.513711] {Default Queue}  -> zwlr_layer_surface_v1#43.ack_configure(45)
[20:06:29.513714] {Default Queue} wl_callback#44.done(46)
[20:06:29.513747] {Default Queue}  -> wl_surface#41.commit()
view-added: id=1 geometry=0,0,800,600
shared-host-start: views=1 controllers=1 backend-clients=1 sandbox=1
[20:06:29.514028] {Default Queue} zwlr_layer_surface_v1#43.configure(47, 800, 48)
[20:06:29.514033] {Default Queue}  -> zwlr_layer_surface_v1#43.ack_configure(47)
[20:06:29.517014] {Default Queue}  -> wl_surface#41.set_buffer_scale(1)
[20:06:29.517078] {Default Queue}  -> wl_shm#7.create_pool(new id wl_shm_pool#44, fd 24, 153600)
[20:06:29.517087] {Default Queue}  -> wl_shm_pool#44.create_buffer(new id wl_buffer#37, 0, 800, 48, 3200, 0)
[20:06:29.517206] {Default Queue}  -> wl_surface#41.attach(wl_buffer#37, 0, 0)
[20:06:29.517209] {Default Queue}  -> wl_surface#41.set_buffer_scale(1)
[20:06:29.517211] {Default Queue}  -> wl_surface#41.damage(0, 0, 800, 48)
[20:06:29.517225] {Default Queue}  -> wl_compositor#5.create_region(new id wl_region#45)
[20:06:29.517231] {Default Queue}  -> wl_region#45.add(0, 0, 800, 48)
[20:06:29.517233] {Default Queue}  -> wl_surface#41.set_opaque_region(wl_region#45)
[20:06:29.517235] {Default Queue}  -> wl_region#45.destroy()
[20:06:29.517237] {Default Queue}  -> wl_surface#41.set_input_region(nil)
[20:06:29.517241] {Default Queue}  -> wl_surface#41.frame(new id wl_callback#46)
[20:06:29.517244] {Default Queue}  -> wl_surface#41.commit()
[20:06:29.517817] {Display Queue} wl_display#1.delete_id(45)
[20:06:29.517832] {Display Queue} wl_display#1.delete_id(46)
[20:06:29.517835] {Default Queue} wl_callback#46.done(367855453)
[20:06:29.517839] {Default Queue} wl_surface#41.enter(wl_output#19)
[20:06:29.517841] {Default Queue} wl_buffer#37.release()

** (process:2): WARNING **: 14:06:29.601: Can't connect to a11y bus: Could not connect: No such file or directory
[20:06:29.611609] {Default Queue}  -> wl_surface#41.set_buffer_scale(1)
[20:06:29.611640] {mesa egl surface queue}  -> zwp_linux_dmabuf_v1#39.get_surface_feedback(new id zwp_linux_dmabuf_feedback_v1#46, wl_surface#41)
[20:06:29.611650] {mesa egl display queue}  -> wl_display#1.sync(new id wl_callback#45)
[20:06:29.611817] {Display Queue} wl_display#1.delete_id(45)
[20:06:29.611822] {mesa egl display queue} wl_callback#45.done(47)
[20:06:29.611832] {mesa egl surface queue} zwp_linux_dmabuf_feedback_v1#46.format_table(fd 32, 2960)
[20:06:29.611842] {mesa egl surface queue} zwp_linux_dmabuf_feedback_v1#46.main_device(array[8])
[20:06:29.611845] {mesa egl surface queue} zwp_linux_dmabuf_feedback_v1#46.tranche_target_device(array[8])
[20:06:29.611847] {mesa egl surface queue} zwp_linux_dmabuf_feedback_v1#46.tranche_flags(0)
[20:06:29.611850] {mesa egl surface queue} zwp_linux_dmabuf_feedback_v1#46.tranche_formats(array[370])
[20:06:29.611854] {mesa egl surface queue} zwp_linux_dmabuf_feedback_v1#46.tranche_done()
[20:06:29.611858] {mesa egl surface queue} zwp_linux_dmabuf_feedback_v1#46.done()
[20:06:29.614494] {Default Queue}  -> wl_surface#41.attach(wl_buffer#37, 0, 0)
[20:06:29.614509] {Default Queue}  -> wl_surface#41.set_buffer_scale(1)
[20:06:29.614514] {Default Queue}  -> wl_surface#41.damage(0, 0, 800, 48)
[20:06:29.614529] {Default Queue}  -> wl_surface#41.frame(new id wl_callback#45)
[20:06:29.614532] {Default Queue}  -> wl_surface#41.commit()
[20:06:29.614778] {Default Queue} wl_buffer#37.release()
view-topology: {"viewProtocol":1,"kind":"view-topology","revision":"1","views":[{"id":"1","generation":"1"}]}
[20:06:29.632144] {Display Queue} wl_display#1.delete_id(45)
[20:06:29.632157] {Default Queue} wl_callback#45.done(367855564)
surface-report: origin=bar {"kind":"surface-report","body":{"publication":null,"lease":null,"buttons":[],"focus":"","text":""}}
view-report: id=1 x=0 y=0 {"kind":"surface-report","body":{"publication":null,"lease":null,"buttons":[],"focus":"","text":""}}
surface-commit: publication=3 lease=0 open=0
view-commit: popup=0 focus=1 publication=3
surface-inspection: {"surfaceProtocol":2,"kind":"surface-inspection","publication":"3","lease":"0","body":{"phase":"Detached","transaction":"Idle","groups":[],"menu":null,"mode":"closed","outstanding":0,"registry":0,"picker":null,"openerId":"applications:detached:2:control:opener","reconnectId":"reconnect"}}
[20:06:29.642152] {Default Queue}  -> wl_buffer#37.destroy()
[20:06:29.642159] {Default Queue}  -> wl_shm_pool#44.destroy()
[20:06:29.645994] {mesa egl display queue}  -> zwp_linux_dmabuf_v1#39.create_params(new id zwp_linux_buffer_params_v1#45)
[20:06:29.646016] {mesa egl surface queue}  -> zwp_linux_buffer_params_v1#45.add(fd 29, 0, 0, 3584, 16777216, 15)
[20:06:29.646024] {mesa egl surface queue}  -> zwp_linux_buffer_params_v1#45.add(fd 31, 1, 229376, 448, 16777216, 15)
[20:06:29.646028] {mesa egl surface queue}  -> zwp_linux_buffer_params_v1#45.add(fd 40, 2, 233472, 64, 16777216, 15)
[20:06:29.646031] {mesa egl surface queue}  -> zwp_linux_buffer_params_v1#45.create_immed(new id wl_buffer#47, 800, 48, 875713089, 0)
[20:06:29.646052] {mesa egl surface queue}  -> zwp_linux_buffer_params_v1#45.destroy()
[20:06:29.646056] {mesa egl surface queue}  -> wl_surface#41.attach(wl_buffer#47, 0, 0)
[20:06:29.646059] {mesa egl surface queue}  -> wl_surface#41.damage(0, 0, 2147483647, 2147483647)
[20:06:29.646062] {mesa egl surface queue}  -> wl_surface#41.commit()
[20:06:29.646065] {mesa egl surface queue}  -> wl_display#1.sync(new id wl_callback#48)
[20:06:29.646389] discarded [unknown]#37.[event 0](0 fd, 8 byte)
[20:06:29.646408] {Display Queue} wl_display#1.delete_id(37)
[20:06:29.646414] {Display Queue} wl_display#1.delete_id(44)
[20:06:29.646416] {Display Queue} wl_display#1.delete_id(45)
[20:06:29.646419] {Display Queue} wl_display#1.delete_id(48)
surface-report: origin=bar {"kind":"surface-report","body":{"publication":"3","lease":"0","buttons":[{"id":"reconnect","label":"Reconnect","accessibleName":"Reconnect to the window system","disabled":true,"x":1,"y":1,"width":80,"height":46}],"focus":"","text":"\nReconnect\nConnecting…"}}
view-report: id=1 x=0 y=0 {"kind":"surface-report","body":{"publication":"3","lease":"0","buttons":[{"id":"reconnect","label":"Reconnect","accessibleName":"Reconnect to the window system","disabled":true,"x":1,"y":1,"width":80,"height":46}],"focus":"","text":"\nReconnect\nConnecting…"}}
[20:06:29.667558] {mesa egl surface queue} wl_callback#48.done(47)
[20:06:29.668022] {mesa egl display queue}  -> zwp_linux_dmabuf_v1#39.create_params(new id zwp_linux_buffer_params_v1#48)
[20:06:29.668037] {mesa egl surface queue}  -> zwp_linux_buffer_params_v1#48.add(fd 29, 0, 0, 3584, 16777216, 15)
[20:06:29.668042] {mesa egl surface queue}  -> zwp_linux_buffer_params_v1#48.add(fd 31, 1, 229376, 448, 16777216, 15)
[20:06:29.668046] {mesa egl surface queue}  -> zwp_linux_buffer_params_v1#48.add(fd 40, 2, 233472, 64, 16777216, 15)
[20:06:29.668049] {mesa egl surface queue}  -> zwp_linux_buffer_params_v1#48.create_immed(new id wl_buffer#45, 800, 48, 875713089, 0)
[20:06:29.668054] {mesa egl surface queue}  -> zwp_linux_buffer_params_v1#48.destroy()
[20:06:29.668057] {mesa egl surface queue}  -> wl_surface#41.attach(wl_buffer#45, 0, 0)
[20:06:29.668060] {mesa egl surface queue}  -> wl_surface#41.damage(0, 0, 2147483647, 2147483647)
[20:06:29.668062] {mesa egl surface queue}  -> wl_surface#41.commit()
[20:06:29.668065] {mesa egl surface queue}  -> wl_display#1.sync(new id wl_callback#44)
[20:06:29.668270] {Display Queue} wl_display#1.delete_id(48)
[20:06:29.668276] {Display Queue} wl_display#1.delete_id(44)
backend-frame: {"protocolVersion":3,"kind":"attached","binding":{"lifetime":"6542880135696661985","session":"5","frontend":"1"},"previewFdAddress":"elm-preview-2880134-6542880135696661985","compositor":{"pid":2880134,"instance":"efb50993780079460b0cbed1363e2166a2de1d9f_1791403581_984171279","coreHash":"efb50993780079460b0cbed1363e2166a2de1d9f_aq_0.15_hu_0.14_hg_0.5_hc_0.1_hlg_0.6"},"capabilities":{"observe":true,"effects":true,"minimizedState":true,"effectProtocol":1,"operations":["minimize","restore","activate"],"canonicalScene":false,"taskbarProjectionProtocol":1,"effectInvalidationProtocol":1}}
backend-frame: {"protocolVersion":3,"kind":"host-recovery-watermarks","binding":{"lifetime":"6542880135696661985","session":"5","frontend":"1"},"request":"2","generation":"2"}
backend-frame: {"protocolVersion":3,"kind":"host-reservation-unknown","binding":{"lifetime":"6542880135696661985","session":"5","frontend":"1"},"record":{"binding":{"frontend":"1","lifetime":"6542880135696661985","session":"3"},"effectProtocol":1,"intent":{"context":{"epoch":"1","lifetime":"6542880135696661985","output":"1","revision":"2"},"generation":"2","incarnation":"2","operation":"restore","request":"2"},"schema":2,"status":"Unknown"}}
backend-frame: {"protocolVersion":3,"kind":"binding-retirement","retirementProtocol":1,"operation":"retire","binding":{"lifetime":"6542880135696661985","session":"5","frontend":"1"},"queriedBinding":{"lifetime":"6542880135696661985","session":"3","frontend":"1"},"requestId":"1","sequence":"1","grantState":"Retired"}
backend-frame: {"protocolVersion":3,"kind":"host-geometry-negotiate"}
frontend-request: {"protocolVersion":3,"kind":"projection-request","binding":{"lifetime":"6542880135696661985","session":"5","frontend":"1"},"requestId":"1"}
surface-commit: publication=4 lease=0 open=0
view-commit: popup=0 focus=1 publication=4
surface-inspection: {"surfaceProtocol":2,"kind":"surface-inspection","publication":"4","lease":"0","body":{"phase":"Awaiting","transaction":"Idle","groups":[],"menu":null,"mode":"closed","outstanding":0,"registry":0,"picker":null,"openerId":"applications:{\"lifetime\":\"6542880135696661985\",\"session\":\"5\",\"frontend\":\"1\"}:3:control:opener","reconnectId":"reconnect"}}
backend-frame: {"protocolVersion":3,"kind":"action-projection","binding":{"lifetime":"6542880135696661985","session":"5","frontend":"1"},"requestId":"1","context":{"lifetime":"6542880135696661985","epoch":"1","output":"1","revision":"3"},"scene":{"revision":"3","focused":"2","windows":[{"incarnation":"2","application":"GTK Application","label":"ELM-AUTHORITY-FIXTURE","minimized":false,"owner":null,"available":true}]}}
surface-commit: publication=5 lease=0 open=0
view-commit: popup=0 focus=1 publication=5
surface-inspection: {"surfaceProtocol":2,"kind":"surface-inspection","publication":"5","lease":"0","body":{"phase":"Awaiting","transaction":"Idle","groups":[],"menu":null,"mode":"closed","outstanding":0,"registry":0,"picker":null,"openerId":"applications:{\"lifetime\":\"6542880135696661985\",\"session\":\"5\",\"frontend\":\"1\"}:3:control:opener","reconnectId":"reconnect"}}
surface-commit: publication=6 lease=0 open=0
view-commit: popup=0 focus=1 publication=6
surface-inspection: {"surfaceProtocol":2,"kind":"surface-inspection","publication":"6","lease":"0","body":{"phase":"Awaiting","transaction":"Unknown","groups":[],"menu":null,"mode":"closed","outstanding":0,"registry":0,"picker":null,"openerId":"applications:{\"lifetime\":\"6542880135696661985\",\"session\":\"5\",\"frontend\":\"1\"}:3:control:opener","reconnectId":"reconnect"}}
frontend-request: {"protocolVersion":3,"kind":"reconciliation-ready","binding":{"lifetime":"6542880135696661985","session":"5","frontend":"1"},"proofRequestId":"1","queriedBinding":{"lifetime":"6542880135696661985","session":"3","frontend":"1"}}
frontend-request: {"protocolVersion":3,"kind":"projection-request","binding":{"lifetime":"6542880135696661985","session":"5","frontend":"1"},"requestId":"2"}
surface-commit: publication=7 lease=0 open=0
view-commit: popup=0 focus=1 publication=7
surface-inspection: {"surfaceProtocol":2,"kind":"surface-inspection","publication":"7","lease":"0","body":{"phase":"Awaiting","transaction":"Unknown","groups":[],"menu":null,"mode":"closed","outstanding":0,"registry":0,"picker":null,"openerId":"applications:{\"lifetime\":\"6542880135696661985\",\"session\":\"5\",\"frontend\":\"1\"}:3:control:opener","reconnectId":"reconnect"}}
frontend-request: {"protocolVersion":3,"kind":"geometry-attach","geometryProtocol":2,"binding":{"lifetime":"6542880135696661985","session":"5","frontend":"1"},"requestId":"3"}
surface-commit: publication=8 lease=0 open=0
view-commit: popup=0 focus=1 publication=8
surface-inspection: {"surfaceProtocol":2,"kind":"surface-inspection","publication":"8","lease":"0","body":{"phase":"Awaiting","transaction":"Unknown","groups":[],"menu":null,"mode":"closed","outstanding":0,"registry":0,"picker":null,"openerId":"applications:{\"lifetime\":\"6542880135696661985\",\"session\":\"5\",\"frontend\":\"1\"}:3:control:opener","reconnectId":"reconnect"}}
surface-inspection: {"surfaceProtocol":2,"kind":"surface-inspection","publication":"8","lease":"0","body":{"phase":"Awaiting","transaction":"Unknown","groups":[],"menu":null,"mode":"closed","outstanding":0,"registry":0,"picker":null,"openerId":"applications:{\"lifetime\":\"6542880135696661985\",\"session\":\"5\",\"frontend\":\"1\"}:3:control:opener","reconnectId":"reconnect"}}
surface-inspection: {"surfaceProtocol":2,"kind":"surface-inspection","publication":"8","lease":"0","body":{"phase":"Awaiting","transaction":"Unknown","groups":[],"menu":null,"mode":"closed","outstanding":0,"registry":0,"picker":null,"openerId":"applications:{\"lifetime\":\"6542880135696661985\",\"session\":\"5\",\"frontend\":\"1\"}:3:control:opener","reconnectId":"reconnect"}}
surface-inspection: {"surfaceProtocol":2,"kind":"surface-inspection","publication":"8","lease":"0","body":{"phase":"Awaiting","transaction":"Unknown","groups":[],"menu":null,"mode":"closed","outstanding":0,"registry":0,"picker":null,"openerId":"applications:{\"lifetime\":\"6542880135696661985\",\"session\":\"5\",\"frontend\":\"1\"}:3:control:opener","reconnectId":"reconnect"}}
surface-inspection: {"surfaceProtocol":2,"kind":"surface-inspection","publication":"8","lease":"0","body":{"phase":"Awaiting","transaction":"Unknown","groups":[],"menu":null,"mode":"closed","outstanding":0,"registry":0,"picker":null,"openerId":"applications:{\"lifetime\":\"6542880135696661985\",\"session\":\"5\",\"frontend\":\"1\"}:3:control:opener","reconnectId":"reconnect"}}
backend-frame: {"protocolVersion":3,"kind":"action-projection","binding":{"lifetime":"6542880135696661985","session":"5","frontend":"1"},"requestId":"2","context":{"lifetime":"6542880135696661985","epoch":"1","output":"1","revision":"3"},"scene":{"revision":"3","focused":"2","windows":[{"incarnation":"2","application":"GTK Application","label":"ELM-AUTHORITY-FIXTURE","minimized":false,"owner":null,"available":true}]}}
backend-frame: {"protocolVersion":3,"kind":"geometry-attached","geometryProtocol":2,"binding":{"lifetime":"6542880135696661985","session":"5","frontend":"1"},"requestId":"3","capabilities":{"observe":true,"effects":true,"effectProtocol":2,"operations":["maximize","restore-geometry"],"placementCapacity":256,"canonicalScene":false}}
surface-commit: publication=9 lease=0 open=0
view-commit: popup=0 focus=1 publication=9
surface-inspection: {"surfaceProtocol":2,"kind":"surface-inspection","publication":"9","lease":"0","body":{"phase":"Coherent","transaction":"Unknown","groups":[{"key":"application:GTK Application","domId":"group:{\"lifetime\":\"6542880135696661985\",\"session\":\"5\",\"frontend\":\"1\"}:1:3:application:GTK Application","title":"ELM-AUTHORITY-FIXTURE","active":true,"expanded":false}],"menu":null,"mode":"closed","outstanding":0,"registry":0,"picker":null,"openerId":"applications:{\"lifetime\":\"6542880135696661985\",\"session\":\"5\",\"frontend\":\"1\"}:3:control:opener","reconnectId":"reconnect"}}
frontend-request: {"protocolVersion":3,"kind":"reconciliation-ready","binding":{"lifetime":"6542880135696661985","session":"5","frontend":"1"},"proofRequestId":"1","queriedBinding":{"lifetime":"6542880135696661985","session":"3","frontend":"1"}}
frontend-request: {"protocolVersion":3,"kind":"geometry-facts-request","geometryProtocol":2,"binding":{"lifetime":"6542880135696661985","session":"5","frontend":"1"},"requestId":"4","minimumWatermark":"0"}
surface-commit: publication=10 lease=0 open=0
view-commit: popup=0 focus=1 publication=10
surface-inspection: {"surfaceProtocol":2,"kind":"surface-inspection","publication":"10","lease":"0","body":{"phase":"Coherent","transaction":"Unknown","groups":[{"key":"application:GTK Application","domId":"group:{\"lifetime\":\"6542880135696661985\",\"session\":\"5\",\"frontend\":\"1\"}:1:3:application:GTK Application","title":"ELM-AUTHORITY-FIXTURE","active":true,"expanded":false}],"menu":null,"mode":"closed","outstanding":0,"registry":0,"picker":null,"openerId":"applications:{\"lifetime\":\"6542880135696661985\",\"session\":\"5\",\"frontend\":\"1\"}:3:control:opener","reconnectId":"reconnect"}}
surface-inspection: {"surfaceProtocol":2,"kind":"surface-inspection","publication":"10","lease":"0","body":{"phase":"Coherent","transaction":"Unknown","groups":[{"key":"application:GTK Application","domId":"group:{\"lifetime\":\"6542880135696661985\",\"session\":\"5\",\"frontend\":\"1\"}:1:3:application:GTK Application","title":"ELM-AUTHORITY-FIXTURE","active":true,"expanded":false}],"menu":null,"mode":"closed","outstanding":0,"registry":0,"picker":null,"openerId":"applications:{\"lifetime\":\"6542880135696661985\",\"session\":\"5\",\"frontend\":\"1\"}:3:control:opener","reconnectId":"reconnect"}}
backend-frame: {"protocolVersion":3,"kind":"geometry-facts","geometryProtocol":2,"binding":{"lifetime":"6542880135696661985","session":"5","frontend":"1"},"requestId":"4","sequence":"4","revision":"3","outputGeneration":"1","facts":{"focused":"2","inputBlocked":false,"windows":[{"incarnation":"2","owner":null,"workspace":"1","workspaceGeneration":"1","monitor":"0","outputOwnershipGeneration":"1","workAreaRevision":"1","workArea":[0,48,800,552],"logicalGeometry":[20,68,760,512],"visualGeometry":[21,69,758,510],"nativeMode":"ordinary","clientMode":"ordinary","minimized":false,"floating":false,"grouped":false,"fixedSize":false,"constrainedSize":true,"geometryEligible":false,"ordinaryPlacementKnown":false,"sizePolicy":{"inputs":{"profile":"wayland-zero-origin-v1","rawMinimum":[108,42],"rawMaximum":[0,0],"layoutMinimum":[108,42],"layoutMaximum":[1.7976931348623157e+308,1.7976931348623157e+308],"geometryOrigin":[0,0],"reservedTopLeft":[1,1],"reservedBottomRight":[1,1],"monitorScale":1},"maximize":{"logical":[0,48,800,552],"visual":null,"real":[1,49,798,550],"configure":[798,550]},"restoreGeometry":null},"capabilities":{"maximize":false,"restoreGeometry":false}}]}}
surface-commit: publication=11 lease=0 open=0
view-commit: popup=0 focus=1 publication=11
surface-inspection: {"surfaceProtocol":2,"kind":"surface-inspection","publication":"11","lease":"0","body":{"phase":"Coherent","transaction":"Unknown","groups":[{"key":"application:GTK Application","domId":"group:{\"lifetime\":\"6542880135696661985\",\"session\":\"5\",\"frontend\":\"1\"}:1:3:application:GTK Application","title":"ELM-AUTHORITY-FIXTURE","active":true,"expanded":false}],"menu":null,"mode":"closed","outstanding":0,"registry":0,"picker":null,"openerId":"applications:{\"lifetime\":\"6542880135696661985\",\"session\":\"5\",\"frontend\":\"1\"}:3:control:opener","reconnectId":"reconnect"}}
backend-frame: {"protocolVersion":3,"kind":"host-reservation-released","binding":{"lifetime":"6542880135696661985","session":"5","frontend":"1"},"record":{"binding":{"frontend":"1","lifetime":"6542880135696661985","session":"3"},"effectProtocol":1,"intent":{"context":{"epoch":"1","lifetime":"6542880135696661985","output":"1","revision":"2"},"generation":"2","incarnation":"2","operation":"restore","request":"2"},"schema":2,"status":"Unknown"},"release":{"id":"7fd747efacb85e495e1bb807c63c5cede2989cb170cac17860a3174add693b8d","proof":{"protocolVersion":3,"kind":"binding-retirement","retirementProtocol":1,"operation":"retire","binding":{"lifetime":"6542880135696661985","session":"5","frontend":"1"},"queriedBinding":{"lifetime":"6542880135696661985","session":"3","frontend":"1"},"requestId":"1","sequence":"1","grantState":"Retired"},"observation":{"actionRequestId":"2","geometryRequestId":"4","actionContext":{"lifetime":"6542880135696661985","epoch":"1","output":"1","revision":"3"},"geometryContext":{"lifetime":"6542880135696661985","epoch":"1","output":"1","revision":"3"}}}}
surface-commit: publication=12 lease=0 open=0
view-commit: popup=0 focus=1 publication=12
surface-inspection: {"surfaceProtocol":2,"kind":"surface-inspection","publication":"12","lease":"0","body":{"phase":"Coherent","transaction":"Unknown","groups":[{"key":"application:GTK Application","domId":"group:{\"lifetime\":\"6542880135696661985\",\"session\":\"5\",\"frontend\":\"1\"}:1:3:application:GTK Application","title":"ELM-AUTHORITY-FIXTURE","active":true,"expanded":false}],"menu":null,"mode":"closed","outstanding":0,"registry":0,"picker":null,"openerId":"applications:{\"lifetime\":\"6542880135696661985\",\"session\":\"5\",\"frontend\":\"1\"}:3:control:opener","reconnectId":"reconnect"}}
[20:06:29.737244] {mesa egl surface queue} wl_callback#44.done(47)
[20:06:29.737265] {mesa egl surface queue} wl_buffer#47.release()
[20:06:29.737270] {mesa egl surface queue}  -> wl_buffer#47.destroy()
[20:06:29.737650] {mesa egl display queue}  -> zwp_linux_dmabuf_v1#39.create_params(new id zwp_linux_buffer_params_v1#44)
[20:06:29.737669] {mesa egl surface queue}  -> zwp_linux_buffer_params_v1#44.add(fd 42, 0, 0, 3584, 16777216, 15)
[20:06:29.737680] {mesa egl surface queue}  -> zwp_linux_buffer_params_v1#44.add(fd 43, 1, 229376, 448, 16777216, 15)
[20:06:29.737684] {mesa egl surface queue}  -> zwp_linux_buffer_params_v1#44.add(fd 44, 2, 233472, 64, 16777216, 15)
[20:06:29.737687] {mesa egl surface queue}  -> zwp_linux_buffer_params_v1#44.create_immed(new id wl_buffer#48, 800, 48, 875713089, 0)
[20:06:29.737692] {mesa egl surface queue}  -> zwp_linux_buffer_params_v1#44.destroy()
[20:06:29.737696] {mesa egl surface queue}  -> wl_surface#41.attach(wl_buffer#48, 0, 0)
[20:06:29.737699] {mesa egl surface queue}  -> wl_surface#41.damage(0, 0, 2147483647, 2147483647)
[20:06:29.737702] {mesa egl surface queue}  -> wl_surface#41.commit()
[20:06:29.737704] {mesa egl surface queue}  -> wl_display#1.sync(new id wl_callback#37)
[20:06:29.738051] discarded [unknown]#47.[event 0](0 fd, 8 byte)
[20:06:29.738054] discarded [unknown]#47.[event 0](0 fd, 8 byte)
[20:06:29.738060] {Display Queue} wl_display#1.delete_id(47)
[20:06:29.738062] {Display Queue} wl_display#1.delete_id(44)
[20:06:29.738064] {Display Queue} wl_display#1.delete_id(37)
surface-report: origin=bar {"kind":"surface-report","body":{"publication":"12","lease":"0","buttons":[{"id":"applications:{\"lifetime\":\"6542880135696661985\",\"session\":\"5\",\"frontend\":\"1\"}:3:control:opener","label":"Applications","accessibleName":"Open applications","disabled":false,"x":1,"y":1,"width":80,"height":46},{"id":"group:{\"lifetime\":\"6542880135696661985\",\"session\":\"5\",\"frontend\":\"1\"}:1:3:application:GTK Application","label":"ELM-AUTHORITY-FIXTURE1","accessibleName":"Minimize ELM-AUTHORITY-FIXTURE","disabled":false,"x":83,"y":1,"width":240,"height":46}],"focus":"","text":"\nApplications\n\nELM-AUTHORITY-FIXTURE\n1\nPrevious request remains unconfirmed. Choose a new window action. The last request could not be confirmed."}}
view-report: id=1 x=0 y=0 {"kind":"surface-report","body":{"publication":"12","lease":"0","buttons":[{"id":"applications:{\"lifetime\":\"6542880135696661985\",\"session\":\"5\",\"frontend\":\"1\"}:3:control:opener","label":"Applications","accessibleName":"Open applications","disabled":false,"x":1,"y":1,"width":80,"height":46},{"id":"group:{\"lifetime\":\"6542880135696661985\",\"session\":\"5\",\"frontend\":\"1\"}:1:3:application:GTK Application","label":"ELM-AUTHORITY-FIXTURE1","accessibleName":"Minimize ELM-AUTHORITY-FIXTURE","disabled":false,"x":83,"y":1,"width":240,"height":46}],"focus":"","text":"\nApplications\n\nELM-AUTHORITY-FIXTURE\n1\nPrevious request remains unconfirmed. Choose a new window action. The last request could not be confirmed."}}
[20:06:29.750445] {mesa egl surface queue} wl_buffer#45.release()
[20:06:29.750470] {mesa egl surface queue} wl_callback#37.done(47)
[20:06:29.750599] {mesa egl surface queue}  -> wl_surface#41.attach(wl_buffer#45, 0, 0)
[20:06:29.750605] {mesa egl surface queue}  -> wl_surface#41.damage(0, 0, 2147483647, 2147483647)
[20:06:29.750608] {mesa egl surface queue}  -> wl_surface#41.commit()
[20:06:29.750610] {mesa egl surface queue}  -> wl_display#1.sync(new id wl_callback#37)
[20:06:29.750901] {Display Queue} wl_display#1.delete_id(37)
[20:06:29.791030] {Default Queue}  -> wl_display#1.sync(new id wl_callback#44)
[20:06:29.791179] {Display Queue} wl_display#1.delete_id(44)
[20:06:29.791183] {Default Queue} wl_callback#44.done(47)
backend-exit: waited=1 normal=1 code=0
[20:06:29.799910] {Default Queue}  -> zwlr_layer_surface_v1#43.destroy()
[20:06:29.799939] {Default Queue}  -> wl_surface#41.destroy()
[20:06:29.799958] {mesa egl surface queue}  -> wl_buffer#45.destroy()
[20:06:29.799960] {mesa egl surface queue}  -> wl_buffer#48.destroy()
[20:06:29.799975] {mesa egl surface queue}  -> zwp_linux_dmabuf_feedback_v1#46.destroy()
view-retired: id=1
[20:06:29.807406] discarded [unknown]#45.[event 0](0 fd, 8 byte)
[20:06:29.807423] discarded [unknown]#48.[event 0](0 fd, 8 byte)
[20:06:29.807427] discarded [unknown]#48.[event 0](0 fd, 8 byte)
[20:06:29.807446] {Display Queue} wl_display#1.delete_id(43)
[20:06:29.807466] {Display Queue} wl_display#1.delete_id(48)
[20:06:29.807470] {Display Queue} wl_display#1.delete_id(46)
[20:06:29.817635] discarded [unknown]#45.[event 0](0 fd, 8 byte)
[20:06:29.817645] discarded [unknown]#45.[event 0](0 fd, 8 byte)
[20:06:29.817649] {Display Queue} wl_display#1.delete_id(41)
[20:06:29.817652] {Display Queue} wl_display#1.delete_id(45)
shared-host-exit: failure=0 rendered=1
