0000000000020070 T _ZN4toml2v314json_formatter5printERKNS0_5arrayE
00000000000201e0 T _ZN4toml2v314json_formatter5printERKNS0_5tableE
00000000000203c0 T _ZN4toml2v314json_formatter5printEv
000000000000e480 T _ZN4toml2v314path_component5equalERKS1_S3_
000000000000dac0 T _ZN4toml2v314path_componentC1EOS1_
000000000000d9f0 T _ZN4toml2v314path_componentC1ERKS1_
000000000000d940 T _ZN4toml2v314path_componentC1ESt17basic_string_viewIcSt11char_traitsIcEE
000000000000d930 T _ZN4toml2v314path_componentC1Em
000000000000d910 T _ZN4toml2v314path_componentC1Ev
000000000000dac0 T _ZN4toml2v314path_componentC2EOS1_
000000000000d9f0 T _ZN4toml2v314path_componentC2ERKS1_
000000000000d940 T _ZN4toml2v314path_componentC2ESt17basic_string_viewIcSt11char_traitsIcEE
000000000000d930 T _ZN4toml2v314path_componentC2Em
000000000000d910 T _ZN4toml2v314path_componentC2Ev
000000000000e260 T _ZN4toml2v314path_componentaSEOS1_
000000000000e110 T _ZN4toml2v314path_componentaSERKS1_
000000000000e540 T _ZN4toml2v314path_componentaSESt17basic_string_viewIcSt11char_traitsIcEE
000000000000e4e0 T _ZN4toml2v314path_componentaSEm
000000000001f860 T _ZN4toml2v314toml_formatter12print_inlineERKNS0_5tableE
000000000001cca0 T _ZN4toml2v314toml_formatter29print_pending_table_separatorEv
000000000001f0a0 T _ZN4toml2v314toml_formatter5printERKNS0_3keyE
000000000001f640 T _ZN4toml2v314toml_formatter5printERKNS0_5arrayE
000000000001f9c0 T _ZN4toml2v314toml_formatter5printERKNS0_5tableE
000000000001ffe0 T _ZN4toml2v314toml_formatter5printEv
00000000000380e0 D _ZN4toml2v314toml_formatter9constantsE
000000000001f0c0 T _ZN4toml2v314yaml_formatter17print_yaml_stringERKNS0_5valueINSt7__cxx1112basic_stringIcSt11char_traitsIcESaIcEEEEE
0000000000020430 T _ZN4toml2v314yaml_formatter5printERKNS0_5arrayEb
0000000000020540 T _ZN4toml2v314yaml_formatter5printERKNS0_5tableEb
00000000000206c0 T _ZN4toml2v314yaml_formatter5printEv
0000000000025f60 T _ZN4toml2v32ex10parse_fileESt17basic_string_viewIDuSt11char_traitsIDuEE
0000000000025f20 T _ZN4toml2v32ex10parse_fileESt17basic_string_viewIcSt11char_traitsIcEE
0000000000025040 T _ZN4toml2v32ex5parseERSiONSt7__cxx1112basic_stringIcSt11char_traitsIcESaIcEEE
0000000000024d00 T _ZN4toml2v32ex5parseERSiSt17basic_string_viewIcSt11char_traitsIcEE
00000000000256e0 T _ZN4toml2v32ex5parseESt17basic_string_viewIDuSt11char_traitsIDuEEONSt7__cxx1112basic_stringIcS3_IcESaIcEEE
00000000000253e0 T _ZN4toml2v32ex5parseESt17basic_string_viewIDuSt11char_traitsIDuEES2_IcS3_IcEE
00000000000249b0 T _ZN4toml2v32ex5parseESt17basic_string_viewIcSt11char_traitsIcEEONSt7__cxx1112basic_stringIcS4_SaIcEEE
00000000000246b0 T _ZN4toml2v32ex5parseESt17basic_string_viewIcSt11char_traitsIcEES5_
000000000000b610 T _ZN4toml2v34impl15print_to_streamERSoPKcm
000000000000d170 T _ZN4toml2v34impl15print_to_streamERSoRKNS0_11time_offsetE
000000000000d310 T _ZN4toml2v34impl15print_to_streamERSoRKNS0_13source_regionE
000000000000d2b0 T _ZN4toml2v34impl15print_to_streamERSoRKNS0_15source_positionE
000000000000d010 T _ZN4toml2v34impl15print_to_streamERSoRKNS0_4dateE
000000000000d080 T _ZN4toml2v34impl15print_to_streamERSoRKNS0_4timeE
000000000001a510 T _ZN4toml2v34impl15print_to_streamERSoRKNS0_5arrayE
000000000001a5e0 T _ZN4toml2v34impl15print_to_streamERSoRKNS0_5tableE
000000000001a9f0 T _ZN4toml2v34impl15print_to_streamERSoRKNS0_5valueINS0_4dateEEE
000000000001aac0 T _ZN4toml2v34impl15print_to_streamERSoRKNS0_5valueINS0_4timeEEE
000000000001a440 T _ZN4toml2v34impl15print_to_streamERSoRKNS0_5valueINS0_6stdopt9date_timeEEE
000000000001a6b0 T _ZN4toml2v34impl15print_to_streamERSoRKNS0_5valueINSt7__cxx1112basic_stringIcSt11char_traitsIcESaIcEEEEE
000000000001a920 T _ZN4toml2v34impl15print_to_streamERSoRKNS0_5valueIbEE
000000000001a850 T _ZN4toml2v34impl15print_to_streamERSoRKNS0_5valueIdEE
000000000001a780 T _ZN4toml2v34impl15print_to_streamERSoRKNS0_5valueIlEE
000000000000d250 T _ZN4toml2v34impl15print_to_streamERSoRKNS0_6stdopt9date_timeE
000000000000b640 T _ZN4toml2v34impl15print_to_streamERSoRKNSt7__cxx1112basic_stringIcSt11char_traitsIcESaIcEEE
000000000000b620 T _ZN4toml2v34impl15print_to_streamERSoSt17basic_string_viewIcSt11char_traitsIcEE
000000000000b670 T _ZN4toml2v34impl15print_to_streamERSoaNS0_11value_flagsEm
000000000000cfd0 T _ZN4toml2v34impl15print_to_streamERSob
000000000000b660 T _ZN4toml2v34impl15print_to_streamERSoc
000000000000cfc0 T _ZN4toml2v34impl15print_to_streamERSodNS0_11value_flagsEb
000000000000cfb0 T _ZN4toml2v34impl15print_to_streamERSofNS0_11value_flagsEb
000000000000c370 T _ZN4toml2v34impl15print_to_streamERSohNS0_11value_flagsEm
000000000000bee0 T _ZN4toml2v34impl15print_to_streamERSoiNS0_11value_flagsEm
000000000000cb80 T _ZN4toml2v34impl15print_to_streamERSojNS0_11value_flagsEm
000000000000c350 T _ZN4toml2v34impl15print_to_streamERSolNS0_11value_flagsEm
000000000000cf90 T _ZN4toml2v34impl15print_to_streamERSomNS0_11value_flagsEm
000000000000ba10 T _ZN4toml2v34impl15print_to_streamERSosNS0_11value_flagsEm
000000000000c720 T _ZN4toml2v34impl15print_to_streamERSotNS0_11value_flagsEm
000000000000c360 T _ZN4toml2v34impl15print_to_streamERSoxNS0_11value_flagsEm
000000000000cfa0 T _ZN4toml2v34impl15print_to_streamERSoyNS0_11value_flagsEm
00000000000121f0 T _ZN4toml2v34impl18node_deep_equalityEPKNS0_4nodeES4_
000000000001f5b0 T _ZN4toml2v34impl9formatter11print_valueERKNS0_4nodeENS0_9node_typeE
000000000001cd10 T _ZN4toml2v34impl9formatter12print_indentEv
000000000001e360 T _ZN4toml2v34impl9formatter12print_stringESt17basic_string_viewIcSt11char_traitsIcEEbbb
000000000001cc60 T _ZN4toml2v34impl9formatter13print_newlineEb
000000000001cd60 T _ZN4toml2v34impl9formatter17print_unformattedESt17basic_string_viewIcSt11char_traitsIcEE
000000000001cce0 T _ZN4toml2v34impl9formatter17print_unformattedEc
000000000001c260 T _ZN4toml2v34impl9formatter24dump_failed_parse_resultEv
000000000001f400 T _ZN4toml2v34impl9formatter5printERKNS0_5valueINS0_4dateEEE
000000000001f490 T _ZN4toml2v34impl9formatter5printERKNS0_5valueINS0_4timeEEE
000000000001f520 T _ZN4toml2v34impl9formatter5printERKNS0_5valueINS0_6stdopt9date_timeEEE
000000000001f070 T _ZN4toml2v34impl9formatter5printERKNS0_5valueINSt7__cxx1112basic_stringIcSt11char_traitsIcESaIcEEEEE
000000000001cd90 T _ZN4toml2v34impl9formatter5printERKNS0_5valueIbEE
000000000001f320 T _ZN4toml2v34impl9formatter5printERKNS0_5valueIdEE
000000000001f1f0 T _ZN4toml2v34impl9formatter5printERKNS0_5valueIlEE
000000000001c230 T _ZN4toml2v34impl9formatter6attachERSo
000000000001c250 T _ZN4toml2v34impl9formatter6detachEv
000000000001bf90 T _ZN4toml2v34impl9formatterC1EPKNS0_4nodeEPKNS0_5tableERKNS1_19formatter_constantsERKNS1_16formatter_configE
000000000001bf90 T _ZN4toml2v34impl9formatterC2EPKNS0_4nodeEPKNS0_5tableERKNS1_19formatter_constantsERKNS1_16formatter_configE
0000000000010af0 T _ZN4toml2v34node7at_pathERKNS0_4pathE
000000000000d8e0 T _ZN4toml2v34node7at_pathESt17basic_string_viewIcSt11char_traitsIcEE
000000000000d600 T _ZN4toml2v34nodeC1EOS1_
000000000000d650 T _ZN4toml2v34nodeC1ERKS1_
000000000000d380 T _ZN4toml2v34nodeC1Ev
000000000000d600 T _ZN4toml2v34nodeC2EOS1_
000000000000d650 T _ZN4toml2v34nodeC2ERKS1_
000000000000d380 T _ZN4toml2v34nodeC2Ev
000000000000d5d0 T _ZN4toml2v34nodeD0Ev
000000000000d3a0 T _ZN4toml2v34nodeD1Ev
000000000000d3a0 T _ZN4toml2v34nodeD2Ev
000000000000d7c0 T _ZN4toml2v34nodeaSEOS1_
000000000000d670 T _ZN4toml2v34nodeaSERKS1_
0000000000010b00 T _ZN4toml2v34nodeixERKNS0_4pathE
000000000000ed20 T _ZN4toml2v34path5clearEv
000000000000e6e0 T _ZN4toml2v34path5equalERKS1_S3_
000000000000e900 T _ZN4toml2v34path7prependEOS1_
000000000000e8d0 T _ZN4toml2v34path7prependERKS1_
000000000000e930 T _ZN4toml2v34path7prependESt17basic_string_viewIcSt11char_traitsIcEE
000000000000eda0 T _ZN4toml2v34path8truncateEm
000000000000e760 T _ZN4toml2v34pathC1ESt17basic_string_viewIcSt11char_traitsIcEE
000000000000e760 T _ZN4toml2v34pathC2ESt17basic_string_viewIcSt11char_traitsIcEE
000000000000e7a0 T _ZN4toml2v34pathaSESt17basic_string_viewIcSt11char_traitsIcEE
000000000000e870 T _ZN4toml2v34pathpLEOS1_
000000000000e840 T _ZN4toml2v34pathpLERKS1_
000000000000e8a0 T _ZN4toml2v34pathpLESt17basic_string_viewIcSt11char_traitsIcEE
000000000000fb70 T _ZN4toml2v35array13flatten_childEOS1_Rm
000000000000f840 T _ZN4toml2v35array13shrink_to_fitEv
000000000000f5e0 T _ZN4toml2v35array14insert_at_backEOSt10unique_ptrINS0_4nodeESt14default_deleteIS3_EE
000000000000aa20 T _ZN4toml2v35array14is_homogeneousENS0_9node_typeERPNS0_4nodeE
000000000000f4d0 T _ZN4toml2v35array19preinsertion_resizeEmm
000000000000f800 T _ZN4toml2v35array2atEm
000000000000fed0 T _ZN4toml2v35array5clearEv
0000000000011e60 T _ZN4toml2v35array5equalERKS1_S3_
000000000000f9f0 T _ZN4toml2v35array5eraseENS0_4impl14array_iteratorILb1EEE
000000000000fa10 T _ZN4toml2v35array5eraseENS0_4impl14array_iteratorILb1EEES4_
000000000000f830 T _ZN4toml2v35array7reserveEm
000000000000fe90 T _ZN4toml2v35array8pop_backEv
000000000000f970 T _ZN4toml2v35array8truncateEm
000000000000f5f0 T _ZN4toml2v35array9insert_atEN9__gnu_cxx17__normal_iteratorIPKSt10unique_ptrINS0_4nodeESt14default_deleteIS5_EESt6vectorIS8_SaIS8_EEEEOS8_
000000000000f2c0 T _ZN4toml2v35arrayC1EOS1_
000000000000f110 T _ZN4toml2v35arrayC1EPKNS0_4impl15array_init_elemES5_
000000000000f1c0 T _ZN4toml2v35arrayC1ERKS1_
000000000000f0d0 T _ZN4toml2v35arrayC1Ev
000000000000f2c0 T _ZN4toml2v35arrayC2EOS1_
000000000000f110 T _ZN4toml2v35arrayC2EPKNS0_4impl15array_init_elemES5_
000000000000f1c0 T _ZN4toml2v35arrayC2ERKS1_
000000000000f0d0 T _ZN4toml2v35arrayC2Ev
000000000000d530 T _ZN4toml2v35arrayD0Ev
000000000000d4b0 T _ZN4toml2v35arrayD1Ev
000000000000d4b0 T _ZN4toml2v35arrayD2Ev
000000000000f420 T _ZN4toml2v35arrayaSEOS1_
000000000000f310 T _ZN4toml2v35arrayaSERKS1_
000000000000b320 T _ZN4toml2v35table14is_homogeneousENS0_9node_typeERPNS0_4nodeE
0000000000010cc0 T _ZN4toml2v35table15get_lower_boundESt17basic_string_viewIcSt11char_traitsIcEE
0000000000011760 T _ZN4toml2v35table16insert_with_hintENS0_4impl14table_iteratorILb1EEEONS0_3keyEOSt10unique_ptrINS0_4nodeESt14default_deleteIS8_EE
0000000000010b40 T _ZN4toml2v35table2atESt17basic_string_viewIcSt11char_traitsIcEE
0000000000010880 T _ZN4toml2v35table3getESt17basic_string_viewIcSt11char_traitsIcEE
0000000000010d60 T _ZN4toml2v35table4findESt17basic_string_viewIcSt11char_traitsIcEE
0000000000011720 T _ZN4toml2v35table5clearEv
0000000000011af0 T _ZN4toml2v35table5equalERKS1_S3_
00000000000112f0 T _ZN4toml2v35table5eraseESt17basic_string_viewIcSt11char_traitsIcEE
0000000000010fa0 T _ZN4toml2v35table5eraseESt23_Rb_tree_const_iteratorISt4pairIKNS0_3keyESt10unique_ptrINS0_4nodeESt14default_deleteIS7_EEEE
0000000000011110 T _ZN4toml2v35table5eraseESt23_Rb_tree_const_iteratorISt4pairIKNS0_3keyESt10unique_ptrINS0_4nodeESt14default_deleteIS7_EEEESC_
00000000000105d0 T _ZN4toml2v35tableC1EOS1_
000000000000ff90 T _ZN4toml2v35tableC1EPKNS0_4impl15table_init_pairES5_
00000000000104a0 T _ZN4toml2v35tableC1ERKS1_
000000000000ff30 T _ZN4toml2v35tableC1Ev
00000000000105d0 T _ZN4toml2v35tableC2EOS1_
000000000000ff90 T _ZN4toml2v35tableC2EPKNS0_4impl15table_init_pairES5_
00000000000104a0 T _ZN4toml2v35tableC2ERKS1_
000000000000ff30 T _ZN4toml2v35tableC2Ev
000000000000d5a0 T _ZN4toml2v35tableD0Ev
000000000000d560 T _ZN4toml2v35tableD1Ev
000000000000d560 T _ZN4toml2v35tableD2Ev
00000000000107d0 T _ZN4toml2v35tableaSEOS1_
00000000000106a0 T _ZN4toml2v35tableaSERKS1_
0000000000010b10 T _ZN4toml2v37at_pathERKNS0_4nodeERKNS0_4pathE
000000000000d8f0 T _ZN4toml2v37at_pathERKNS0_4nodeESt17basic_string_viewIcSt11char_traitsIcEE
00000000000109d0 T _ZN4toml2v37at_pathERNS0_4nodeERKNS0_4pathE
000000000000d820 T _ZN4toml2v37at_pathERNS0_4nodeESt17basic_string_viewIcSt11char_traitsIcEE
0000000000010b20 T _ZNK4toml2v34node7at_pathERKNS0_4pathE
000000000000d900 T _ZNK4toml2v34node7at_pathESt17basic_string_viewIcSt11char_traitsIcEE
0000000000010b30 T _ZNK4toml2v34nodeixERKNS0_4pathE
000000000000ea10 T _ZNK4toml2v34path3strB5cxx11Ev
000000000000ef50 T _ZNK4toml2v34path4leafEm
000000000000ef00 T _ZNK4toml2v34path6parentEv
000000000000efd0 T _ZNK4toml2v34path7subpathEN9__gnu_cxx17__normal_iteratorIPKNS0_14path_componentESt6vectorIS4_SaIS4_EEEESA_
000000000000f070 T _ZNK4toml2v34path7subpathEmm
000000000000e630 T _ZNK4toml2v34path8print_toERSo
000000000000ee80 T _ZNK4toml2v34path9truncatedEm
000000000000a980 T _ZNK4toml2v35array14is_homogeneousENS0_9node_typeE
000000000000aac0 T _ZNK4toml2v35array14is_homogeneousENS0_9node_typeERPKNS0_4nodeE
000000000000fae0 T _ZNK4toml2v35array16total_leaf_countEv
000000000000b270 T _ZNK4toml2v35table14is_homogeneousENS0_9node_typeE
000000000000b3c0 T _ZNK4toml2v35table14is_homogeneousENS0_9node_typeERPKNS0_4nodeE
0000000000010e80 T _ZNK4toml2v35table4findESt17basic_string_viewIcSt11char_traitsIcEE
00000000000115d0 T _ZNR4toml2v35array5pruneEb
000000000000fca0 T _ZNR4toml2v35array7flattenEv
0000000000011470 T _ZNR4toml2v35table5pruneEb
00000000000383f0 D _ZTIN4toml2v34nodeE
0000000000038400 D _ZTIN4toml2v35arrayE
00000000000383d8 D _ZTIN4toml2v35tableE
0000000000038818 D _ZTISt11_Mutex_baseILN9__gnu_cxx12_Lock_policyE2EE
0000000000038828 D _ZTISt16_Sp_counted_baseILN9__gnu_cxx12_Lock_policyE2EE
0000000000030e70 R _ZTSN4toml2v34nodeE
0000000000030e80 R _ZTSN4toml2v35arrayE
0000000000030e50 R _ZTSN4toml2v35tableE
0000000000031160 R _ZTSSt11_Mutex_baseILN9__gnu_cxx12_Lock_policyE2EE
00000000000311a0 R _ZTSSt16_Sp_counted_baseILN9__gnu_cxx12_Lock_policyE2EE
00000000000314c0 R _ZTSSt19_Sp_make_shared_tag
00000000000311e0 R _ZTSSt23_Sp_counted_ptr_inplaceINSt7__cxx1112basic_stringIcSt11char_traitsIcESaIcEEESaIvELN9__gnu_cxx12_Lock_policyE2EE
0000000000038690 D _ZTVN4toml2v34nodeE
0000000000038560 D _ZTVN4toml2v35arrayE
0000000000038430 D _ZTVN4toml2v35tableE
00000000000314d8 R _ZZNSt19_Sp_make_shared_tag5_S_tiEvE5__tag
