	linux-vdso.so.1 (0x00007feb09de5000)
	libwebkit2gtk-4.1.so.0 => /usr/lib/libwebkit2gtk-4.1.so.0 (0x00007feb04200000)
	libsoup-3.0.so.0 => /usr/lib/libsoup-3.0.so.0 (0x00007feb09c4b000)
	libjavascriptcoregtk-4.1.so.0 => /usr/lib/libjavascriptcoregtk-4.1.so.0 (0x00007feb01c00000)
	libgtk-layer-shell.so.0 => /usr/lib/libgtk-layer-shell.so.0 (0x00007feb09c0d000)
	libgtk-3.so.0 => /usr/lib/libgtk-3.so.0 (0x00007feb01400000)
	libgdk-3.so.0 => /usr/lib/libgdk-3.so.0 (0x00007feb04113000)
	libpangocairo-1.0.so.0 => /usr/lib/libpangocairo-1.0.so.0 (0x00007feb09bf9000)
	libcairo-gobject.so.2 => /usr/lib/libcairo-gobject.so.2 (0x00007feb09bf0000)
	libgdk_pixbuf-2.0.so.0 => /usr/lib/libgdk_pixbuf-2.0.so.0 (0x00007feb09bb6000)
	libatk-1.0.so.0 => /usr/lib/libatk-1.0.so.0 (0x00007feb09b8f000)
	libpango-1.0.so.0 => /usr/lib/libpango-1.0.so.0 (0x00007feb040a4000)
	libcairo.so.2 => /usr/lib/libcairo.so.2 (0x00007feb012c3000)
	libharfbuzz.so.0 => /usr/lib/libharfbuzz.so.0 (0x00007feb01184000)
	libjson-glib-1.0.so.0 => /usr/lib/libjson-glib-1.0.so.0 (0x00007feb09b63000)
	libgio-2.0.so.0 => /usr/lib/libgio-2.0.so.0 (0x00007feb00fa5000)
	libgobject-2.0.so.0 => /usr/lib/libgobject-2.0.so.0 (0x00007feb04041000)
	libgmodule-2.0.so.0 => /usr/lib/libgmodule-2.0.so.0 (0x00007feb09b5a000)
	libglib-2.0.so.0 => /usr/lib/libglib-2.0.so.0 (0x00007feb00e42000)
	libz.so.1 => /usr/lib/libz.so.1 (0x00007feb04026000)
	libstdc++.so.6 => /usr/lib/libstdc++.so.6 (0x00007feb00a00000)
	libm.so.6 => /usr/lib/libm.so.6 (0x00007feb00d0b000)
	libgcc_s.so.1 => /usr/lib/libgcc_s.so.1 (0x00007feb01bd3000)
	libc.so.6 => /usr/lib/libc.so.6 (0x00007feb00600000)
	libepoxy.so.0 => /usr/lib/libepoxy.so.0 (0x00007feb008f3000)
	libatomic.so.1 => /usr/lib/libatomic.so.1 (0x00007feb09b4d000)
	libfreetype.so.6 => /usr/lib/libfreetype.so.6 (0x00007feb01b03000)
	libfontconfig.so.1 => /usr/lib/libfontconfig.so.1 (0x00007feb00878000)
	libwebpmux.so.3 => /usr/lib/libwebpmux.so.3 (0x00007feb0401a000)
	libexpat.so.1 => /usr/lib/libexpat.so.1 (0x00007feb00cdd000)
	libicui18n.so.78 => /usr/lib/libicui18n.so.78 (0x00007feb00200000)
	libsystemd.so.0 => /usr/lib/libsystemd.so.0 (0x00007feb000b8000)
	libjpeg.so.8 => /usr/lib/libjpeg.so.8 (0x00007feb00010000)
	libpng16.so.16 => /usr/lib/libpng16.so.16 (0x00007feb0083b000)
	libicuuc.so.78 => /usr/lib/libicuuc.so.78 (0x00007feaffe00000)
	libxml2.so.16 => /usr/lib/libxml2.so.16 (0x00007feaffcbb000)
	libsqlite3.so.0 => /usr/lib/libsqlite3.so.0 (0x00007feaffb22000)
	libxslt.so.1 => /usr/lib/libxslt.so.1 (0x00007feb005c3000)
	liblcms2.so.2 => /usr/lib/liblcms2.so.2 (0x00007feaffab6000)
	libgcrypt.so.20 => /usr/lib/libgcrypt.so.20 (0x00007feaff905000)
	libgstallocators-1.0.so.0 => /usr/lib/libgstallocators-1.0.so.0 (0x00007feb04010000)
	libgstapp-1.0.so.0 => /usr/lib/libgstapp-1.0.so.0 (0x00007feb005aa000)
	libgstbase-1.0.so.0 => /usr/lib/libgstbase-1.0.so.0 (0x00007feaff87d000)
	libgstreamer-1.0.so.0 => /usr/lib/libgstreamer-1.0.so.0 (0x00007feaff70a000)
	libgstpbutils-1.0.so.0 => /usr/lib/libgstpbutils-1.0.so.0 (0x00007feaff6c5000)
	libgstaudio-1.0.so.0 => /usr/lib/libgstaudio-1.0.so.0 (0x00007feaff63b000)
	libgsttag-1.0.so.0 => /usr/lib/libgsttag-1.0.so.0 (0x00007feaff5fc000)
	libgstvideo-1.0.so.0 => /usr/lib/libgstvideo-1.0.so.0 (0x00007feaff51d000)
	libgstgl-1.0.so.0 => /usr/lib/libgstgl-1.0.so.0 (0x00007feaff487000)
	libgstfft-1.0.so.0 => /usr/lib/libgstfft-1.0.so.0 (0x00007feb00830000)
	libwebpdemux.so.2 => /usr/lib/libwebpdemux.so.2 (0x00007feb00cd6000)
	libwebp.so.7 => /usr/lib/libwebp.so.7 (0x00007feaff400000)
	libjxl.so.0.12 => /usr/lib/libjxl.so.0.12 (0x00007feafee00000)
	libavif.so.16 => /usr/lib/libavif.so.16 (0x00007feaff3b8000)
	libharfbuzz-icu.so.0 => /usr/lib/libharfbuzz-icu.so.0 (0x00007feb01afe000)
	libX11.so.6 => /usr/lib/libX11.so.6 (0x00007feaff276000)
	libwayland-server.so.0 => /usr/lib/libwayland-server.so.0 (0x00007feb00595000)
	libwayland-client.so.0 => /usr/lib/libwayland-client.so.0 (0x00007feaff266000)
	libmanette-0.2.so.0 => /usr/lib/libmanette-0.2.so.0 (0x00007feafedae000)
	libseccomp.so.2 => /usr/lib/libseccomp.so.2 (0x00007feaff239000)
	libenchant-2.so.2 => /usr/lib/libenchant-2.so.2 (0x00007feafed9c000)
	libgbm.so.1 => /usr/lib/libgbm.so.1 (0x00007feb0082a000)
	libdrm.so.2 => /usr/lib/libdrm.so.2 (0x00007feafed85000)
	libtasn1.so.6 => /usr/lib/libtasn1.so.6 (0x00007feafed6f000)
	libhyphen.so.0 => /usr/lib/libhyphen.so.0 (0x00007feafed67000)
	libsecret-1.so.0 => /usr/lib/libsecret-1.so.0 (0x00007feafed09000)
	/lib64/ld-linux-x86-64.so.2 => /usr/lib64/ld-linux-x86-64.so.2 (0x00007feb09de7000)
	libpsl.so.5 => /usr/lib/libpsl.so.5 (0x00007feafecf5000)
	libbrotlidec.so.1 => /usr/lib/libbrotlidec.so.1 (0x00007feafece6000)
	libgssapi_krb5.so.2 => /usr/lib/libgssapi_krb5.so.2 (0x00007feafec8e000)
	libnghttp2.so.14 => /usr/lib/libnghttp2.so.14 (0x00007feafec64000)
	libpangoft2-1.0.so.0 => /usr/lib/libpangoft2-1.0.so.0 (0x00007feafec45000)
	libfribidi.so.0 => /usr/lib/libfribidi.so.0 (0x00007feafec25000)
	libXi.so.6 => /usr/lib/libXi.so.6 (0x00007feafec10000)
	libatk-bridge-2.0.so.0 => /usr/lib/libatk-bridge-2.0.so.0 (0x00007feafebd4000)
	libcloudproviders.so.0 => /usr/lib/libcloudproviders.so.0 (0x00007feafebbc000)
	libtinysparql-3.0.so.0 => /usr/lib/libtinysparql-3.0.so.0 (0x00007feafeae8000)
	libXfixes.so.3 => /usr/lib/libXfixes.so.3 (0x00007feafeae0000)
	libxkbcommon.so.0 => /usr/lib/libxkbcommon.so.0 (0x00007feafea81000)
	libwayland-cursor.so.0 => /usr/lib/libwayland-cursor.so.0 (0x00007feafea78000)
	libwayland-egl.so.1 => /usr/lib/libwayland-egl.so.1 (0x00007feb00590000)
	libXext.so.6 => /usr/lib/libXext.so.6 (0x00007feafea64000)
	libXcursor.so.1 => /usr/lib/libXcursor.so.1 (0x00007feafea57000)
	libXdamage.so.1 => /usr/lib/libXdamage.so.1 (0x00007feafea52000)
	libXcomposite.so.1 => /usr/lib/libXcomposite.so.1 (0x00007feafea4d000)
	libXrandr.so.2 => /usr/lib/libXrandr.so.2 (0x00007feafea40000)
	libXinerama.so.1 => /usr/lib/libXinerama.so.1 (0x00007feafea3b000)
	libglycin-2.so.0 => /usr/lib/libglycin-2.so.0 (0x00007feafe600000)
	libthai.so.0 => /usr/lib/libthai.so.0 (0x00007feafea30000)
	libXrender.so.1 => /usr/lib/libXrender.so.1 (0x00007feafea24000)
	libxcb.so.1 => /usr/lib/libxcb.so.1 (0x00007feafe5d5000)
	libxcb-render.so.0 => /usr/lib/libxcb-render.so.0 (0x00007feafea15000)
	libxcb-shm.so.0 => /usr/lib/libxcb-shm.so.0 (0x00007feafea10000)
	libpixman-1.so.0 => /usr/lib/libpixman-1.so.0 (0x00007feafe526000)
	libgraphite2.so.3 => /usr/lib/libgraphite2.so.3 (0x00007feafe503000)
	libmount.so.1 => /usr/lib/libmount.so.1 (0x00007feafe4a6000)
	libffi.so.8 => /usr/lib/libffi.so.8 (0x00007feafea02000)
	libpcre2-8.so.0 => /usr/lib/libpcre2-8.so.0 (0x00007feafe3f3000)
	libbz2.so.1.0 => /usr/lib/libbz2.so.1.0 (0x00007feafe3e0000)
	libicudata.so.78 => /usr/lib/libicudata.so.78 (0x00007feafc400000)
	libgpg-error.so.0 => /usr/lib/libgpg-error.so.0 (0x00007feafe3b3000)
	libunwind.so.8 => /usr/lib/libunwind.so.8 (0x00007feafe397000)
	libdw.so.1 => /usr/lib/libdw.so.1 (0x00007feafc35e000)
	liborc-0.4.so.0 => /usr/lib/liborc-0.4.so.0 (0x00007feafc24c000)
	libEGL.so.1 => /usr/lib/libEGL.so.1 (0x00007feafc23a000)
	libGLX.so.0 => /usr/lib/libGLX.so.0 (0x00007feafc209000)
	libX11-xcb.so.1 => /usr/lib/libX11-xcb.so.1 (0x00007feafc204000)
	libgudev-1.0.so.0 => /usr/lib/libgudev-1.0.so.0 (0x00007feafc1f8000)
	libsharpyuv.so.0 => /usr/lib/libsharpyuv.so.0 (0x00007feafc1ef000)
	libjxl_cms.so.0.12 => /usr/lib/libjxl_cms.so.0.12 (0x00007feafc1c6000)
	libhwy.so.1 => /usr/lib/libhwy.so.1 (0x00007feafc1b7000)
	libbrotlienc.so.1 => /usr/lib/libbrotlienc.so.1 (0x00007feafc0f5000)
	libyuv.so => /usr/lib/libyuv.so (0x00007feafc04e000)
	libdav1d.so.7 => /usr/lib/libdav1d.so.7 (0x00007feafbe6d000)
	librav1e.so.0.8 => /usr/lib/librav1e.so.0.8 (0x00007feafba00000)
	libSvtAv1Enc.so.4 => /usr/lib/libSvtAv1Enc.so.4 (0x00007feaf3400000)
	libaom.so.3 => /usr/lib/libaom.so.3 (0x00007feaf2a00000)
	libhidapi-hidraw.so.0 => /usr/lib/libhidapi-hidraw.so.0 (0x00007feafbe63000)
	libevdev.so.2 => /usr/lib/libevdev.so.2 (0x00007feafbe4d000)
	libtss2-esys.so.0 => /usr/lib/libtss2-esys.so.0 (0x00007feafbdbb000)
	libtss2-mu.so.0 => /usr/lib/libtss2-mu.so.0 (0x00007feafbd71000)
	libtss2-rc.so.0 => /usr/lib/libtss2-rc.so.0 (0x00007feafbd68000)
	libtss2-tctildr.so.0 => /usr/lib/libtss2-tctildr.so.0 (0x00007feafbd5e000)
	libunistring.so.5 => /usr/lib/libunistring.so.5 (0x00007feaf2819000)
	libidn2.so.0 => /usr/lib/libidn2.so.0 (0x00007feafbd3c000)
	libbrotlicommon.so.1 => /usr/lib/libbrotlicommon.so.1 (0x00007feafb9dd000)
	libkrb5.so.3 => /usr/lib/libkrb5.so.3 (0x00007feaf3331000)
	libk5crypto.so.3 => /usr/lib/libk5crypto.so.3 (0x00007feafb9af000)
	libcom_err.so.2 => /usr/lib/libcom_err.so.2 (0x00007feafbd34000)
	libkrb5support.so.0 => /usr/lib/libkrb5support.so.0 (0x00007feafbd25000)
	libkeyutils.so.1 => /usr/lib/libkeyutils.so.1 (0x00007feafb9a8000)
	libresolv.so.2 => /usr/lib/libresolv.so.2 (0x00007feafb995000)
	libatspi.so.0 => /usr/lib/libatspi.so.0 (0x00007feaf32f5000)
	libdbus-1.so.3 => /usr/lib/libdbus-1.so.3 (0x00007feaf27c6000)
	libdatrie.so.1 => /usr/lib/libdatrie.so.1 (0x00007feafb98a000)
	libXau.so.6 => /usr/lib/libXau.so.6 (0x00007feafb985000)
	libXdmcp.so.6 => /usr/lib/libXdmcp.so.6 (0x00007feafb97d000)
	libblkid.so.1 => /usr/lib/libblkid.so.1 (0x00007feaf2786000)
	liblzma.so.5 => /usr/lib/liblzma.so.5 (0x00007feaf2751000)
	libelf.so.1 => /usr/lib/libelf.so.1 (0x00007feaf2733000)
	libzstd.so.1 => /usr/lib/libzstd.so.1 (0x00007feaf264d000)
	libGLdispatch.so.0 => /usr/lib/libGLdispatch.so.0 (0x00007feaf25d4000)
	libudev.so.1 => /usr/lib/libudev.so.1 (0x00007feaf2584000)
	libcrypto.so.3 => /usr/lib/libcrypto.so.3 (0x00007feaf1e00000)
	libtss2-sys.so.1 => /usr/lib/libtss2-sys.so.1 (0x00007feaf2562000)
