	linux-vdso.so.1 (0x00007fb18ecb0000)
	libxcb-icccm.so.4 => /usr/lib/libxcb-icccm.so.4 (0x00007fb18ec7b000)
	libxcb-composite.so.0 => /usr/lib/libxcb-composite.so.0 (0x00007fb18ec76000)
	libxcb-xfixes.so.0 => /usr/lib/libxcb-xfixes.so.0 (0x00007fb18ec6d000)
	libxcb-render.so.0 => /usr/lib/libxcb-render.so.0 (0x00007fb18ec5e000)
	libxcb-res.so.0 => /usr/lib/libxcb-res.so.0 (0x00007fb18ec56000)
	libxcb-errors.so.0 => /usr/lib/libxcb-errors.so.0 (0x00007fb18ec4c000)
	libxcb.so.1 => /usr/lib/libxcb.so.1 (0x00007fb18ec21000)
	libaquamarine.so.14 => /usr/lib/libaquamarine.so.14 (0x00007fb18daa9000)
	libhyprlang.so.2 => /usr/lib/libhyprlang.so.2 (0x00007fb18ebdc000)
	libhyprutils.so.13 => /usr/lib/libhyprutils.so.13 (0x00007fb18da30000)
	libhyprcursor.so.0 => /usr/lib/libhyprcursor.so.0 (0x00007fb18d9cf000)
	libhyprgraphics.so.4 => /usr/lib/libhyprgraphics.so.4 (0x00007fb18eba4000)
	libxkbcommon.so.0 => /usr/lib/libxkbcommon.so.0 (0x00007fb18d970000)
	libuuid.so.1 => /usr/lib/libuuid.so.1 (0x00007fb18eb9a000)
	libwayland-server.so.0 => /usr/lib/libwayland-server.so.0 (0x00007fb18eb85000)
	libpangocairo-1.0.so.0 => /usr/lib/libpangocairo-1.0.so.0 (0x00007fb18d95e000)
	libpango-1.0.so.0 => /usr/lib/libpango-1.0.so.0 (0x00007fb18d8ef000)
	libcairo.so.2 => /usr/lib/libcairo.so.2 (0x00007fb18d7b2000)
	libharfbuzz.so.0 => /usr/lib/libharfbuzz.so.0 (0x00007fb18d673000)
	libpixman-1.so.0 => /usr/lib/libpixman-1.so.0 (0x00007fb18d5c4000)
	libXcursor.so.1 => /usr/lib/libXcursor.so.1 (0x00007fb18d5b7000)
	libdrm.so.2 => /usr/lib/libdrm.so.2 (0x00007fb18d5a0000)
	libinput.so.10 => /usr/lib/libinput.so.10 (0x00007fb18d52f000)
	libeis.so.1 => /usr/lib/libeis.so.1 (0x00007fb18d50e000)
	libgbm.so.1 => /usr/lib/libgbm.so.1 (0x00007fb18d508000)
	libgio-2.0.so.0 => /usr/lib/libgio-2.0.so.0 (0x00007fb18d329000)
	libgobject-2.0.so.0 => /usr/lib/libgobject-2.0.so.0 (0x00007fb18d2c6000)
	libglib-2.0.so.0 => /usr/lib/libglib-2.0.so.0 (0x00007fb18d163000)
	libre2.so.11 => /usr/lib/libre2.so.11 (0x00007fb18d0d4000)
	libabsl_log_internal_check_op.so.2608.0.0 => /usr/lib/libabsl_log_internal_check_op.so.2608.0.0 (0x00007fb18d0cb000)
	libabsl_leak_check.so.2608.0.0 => /usr/lib/libabsl_leak_check.so.2608.0.0 (0x00007fb18d0c6000)
	libabsl_log_internal_conditions.so.2608.0.0 => /usr/lib/libabsl_log_internal_conditions.so.2608.0.0 (0x00007fb18d0c1000)
	libabsl_log_internal_message.so.2608.0.0 => /usr/lib/libabsl_log_internal_message.so.2608.0.0 (0x00007fb18d0b2000)
	libabsl_examine_stack.so.2608.0.0 => /usr/lib/libabsl_examine_stack.so.2608.0.0 (0x00007fb18d0ab000)
	libabsl_log_internal_format.so.2608.0.0 => /usr/lib/libabsl_log_internal_format.so.2608.0.0 (0x00007fb18d0a6000)
	libabsl_log_internal_nullguard.so.2608.0.0 => /usr/lib/libabsl_log_internal_nullguard.so.2608.0.0 (0x00007fb18d0a1000)
	libabsl_log_internal_structured_proto.so.2608.0.0 => /usr/lib/libabsl_log_internal_structured_proto.so.2608.0.0 (0x00007fb18d09c000)
	libabsl_log_internal_log_sink_set.so.2608.0.0 => /usr/lib/libabsl_log_internal_log_sink_set.so.2608.0.0 (0x00007fb18d096000)
	libabsl_log_internal_globals.so.2608.0.0 => /usr/lib/libabsl_log_internal_globals.so.2608.0.0 (0x00007fb18d08f000)
	libabsl_log_globals.so.2608.0.0 => /usr/lib/libabsl_log_globals.so.2608.0.0 (0x00007fb18d089000)
	libabsl_log_sink.so.2608.0.0 => /usr/lib/libabsl_log_sink.so.2608.0.0 (0x00007fb18d084000)
	libabsl_log_entry.so.2608.0.0 => /usr/lib/libabsl_log_entry.so.2608.0.0 (0x00007fb18d07e000)
	libabsl_log_internal_proto.so.2608.0.0 => /usr/lib/libabsl_log_internal_proto.so.2608.0.0 (0x00007fb18d079000)
	libabsl_strerror.so.2608.0.0 => /usr/lib/libabsl_strerror.so.2608.0.0 (0x00007fb18d072000)
	libabsl_vlog_config_internal.so.2608.0.0 => /usr/lib/libabsl_vlog_config_internal.so.2608.0.0 (0x00007fb18d069000)
	libabsl_log_internal_fnmatch.so.2608.0.0 => /usr/lib/libabsl_log_internal_fnmatch.so.2608.0.0 (0x00007fb18d064000)
	libabsl_flags_internal.so.2608.0.0 => /usr/lib/libabsl_flags_internal.so.2608.0.0 (0x00007fb18d059000)
	libabsl_flags_marshalling.so.2608.0.0 => /usr/lib/libabsl_flags_marshalling.so.2608.0.0 (0x00007fb18d04d000)
	libabsl_flags_reflection.so.2608.0.0 => /usr/lib/libabsl_flags_reflection.so.2608.0.0 (0x00007fb18d041000)
	libabsl_flags_private_handle_accessor.so.2608.0.0 => /usr/lib/libabsl_flags_private_handle_accessor.so.2608.0.0 (0x00007fb18d03a000)
	libabsl_flags_commandlineflag.so.2608.0.0 => /usr/lib/libabsl_flags_commandlineflag.so.2608.0.0 (0x00007fb18d035000)
	libabsl_flags_commandlineflag_internal.so.2608.0.0 => /usr/lib/libabsl_flags_commandlineflag_internal.so.2608.0.0 (0x00007fb18d030000)
	libabsl_flags_config.so.2608.0.0 => /usr/lib/libabsl_flags_config.so.2608.0.0 (0x00007fb18d029000)
	libabsl_flags_program_name.so.2608.0.0 => /usr/lib/libabsl_flags_program_name.so.2608.0.0 (0x00007fb18d024000)
	libabsl_raw_hash_set.so.2608.0.0 => /usr/lib/libabsl_raw_hash_set.so.2608.0.0 (0x00007fb18d017000)
	libabsl_cord.so.2608.0.0 => /usr/lib/libabsl_cord.so.2608.0.0 (0x00007fb18cffe000)
	libabsl_cordz_info.so.2608.0.0 => /usr/lib/libabsl_cordz_info.so.2608.0.0 (0x00007fb18cff7000)
	libabsl_cord_internal.so.2608.0.0 => /usr/lib/libabsl_cord_internal.so.2608.0.0 (0x00007fb18cfe8000)
	libabsl_cordz_functions.so.2608.0.0 => /usr/lib/libabsl_cordz_functions.so.2608.0.0 (0x00007fb18cfe3000)
	libabsl_cordz_handle.so.2608.0.0 => /usr/lib/libabsl_cordz_handle.so.2608.0.0 (0x00007fb18cfdc000)
	libabsl_crc_cord_state.so.2608.0.0 => /usr/lib/libabsl_crc_cord_state.so.2608.0.0 (0x00007fb18cfd5000)
	libabsl_crc32c.so.2608.0.0 => /usr/lib/libabsl_crc32c.so.2608.0.0 (0x00007fb18cfcf000)
	libabsl_crc_internal.so.2608.0.0 => /usr/lib/libabsl_crc_internal.so.2608.0.0 (0x00007fb18cfc9000)
	libabsl_base_cpu_detect.so.2608.0.0 => /usr/lib/libabsl_base_cpu_detect.so.2608.0.0 (0x00007fb18cfc4000)
	libabsl_hashtablez_sampler.so.2608.0.0 => /usr/lib/libabsl_hashtablez_sampler.so.2608.0.0 (0x00007fb18cfbe000)
	libabsl_exponential_biased.so.2608.0.0 => /usr/lib/libabsl_exponential_biased.so.2608.0.0 (0x00007fb18cfb7000)
	libabsl_hash.so.2608.0.0 => /usr/lib/libabsl_hash.so.2608.0.0 (0x00007fb18cfb2000)
	libabsl_city.so.2608.0.0 => /usr/lib/libabsl_city.so.2608.0.0 (0x00007fb18cfad000)
	libabsl_str_format_internal.so.2608.0.0 => /usr/lib/libabsl_str_format_internal.so.2608.0.0 (0x00007fb18cf8e000)
	libabsl_synchronization.so.2608.0.0 => /usr/lib/libabsl_synchronization.so.2608.0.0 (0x00007fb18cf7c000)
	libabsl_graphcycles_internal.so.2608.0.0 => /usr/lib/libabsl_graphcycles_internal.so.2608.0.0 (0x00007fb18cf71000)
	libabsl_kernel_timeout_internal.so.2608.0.0 => /usr/lib/libabsl_kernel_timeout_internal.so.2608.0.0 (0x00007fb18cf6c000)
	libabsl_stacktrace.so.2608.0.0 => /usr/lib/libabsl_stacktrace.so.2608.0.0 (0x00007fb18cf67000)
	libabsl_symbolize.so.2608.0.0 => /usr/lib/libabsl_symbolize.so.2608.0.0 (0x00007fb18cf5f000)
	libabsl_debugging_internal.so.2608.0.0 => /usr/lib/libabsl_debugging_internal.so.2608.0.0 (0x00007fb18cf58000)
	libabsl_demangle_internal.so.2608.0.0 => /usr/lib/libabsl_demangle_internal.so.2608.0.0 (0x00007fb18cf49000)
	libabsl_demangle_rust.so.2608.0.0 => /usr/lib/libabsl_demangle_rust.so.2608.0.0 (0x00007fb18cf42000)
	libabsl_decode_rust_punycode.so.2608.0.0 => /usr/lib/libabsl_decode_rust_punycode.so.2608.0.0 (0x00007fb18cf3d000)
	libabsl_utf8_for_code_point.so.2608.0.0 => /usr/lib/libabsl_utf8_for_code_point.so.2608.0.0 (0x00007fb18cf38000)
	libabsl_malloc_internal.so.2608.0.0 => /usr/lib/libabsl_malloc_internal.so.2608.0.0 (0x00007fb18cf31000)
	libabsl_time.so.2608.0.0 => /usr/lib/libabsl_time.so.2608.0.0 (0x00007fb18cf1b000)
	libabsl_civil_time.so.2608.0.0 => /usr/lib/libabsl_civil_time.so.2608.0.0 (0x00007fb18cf13000)
	libabsl_strings.so.2608.0.0 => /usr/lib/libabsl_strings.so.2608.0.0 (0x00007fb18ceed000)
	libabsl_strings_internal.so.2608.0.0 => /usr/lib/libabsl_strings_internal.so.2608.0.0 (0x00007fb18cee7000)
	libabsl_hardening.so.2608.0.0 => /usr/lib/libabsl_hardening.so.2608.0.0 (0x00007fb18cee2000)
	libabsl_int128.so.2608.0.0 => /usr/lib/libabsl_int128.so.2608.0.0 (0x00007fb18ced9000)
	libabsl_source_location.so.2608.0.0 => /usr/lib/libabsl_source_location.so.2608.0.0 (0x00007fb18ced4000)
	libabsl_throw_delegate.so.2608.0.0 => /usr/lib/libabsl_throw_delegate.so.2608.0.0 (0x00007fb18cece000)
	libabsl_time_zone.so.2608.0.0 => /usr/lib/libabsl_time_zone.so.2608.0.0 (0x00007fb18ceb3000)
	libabsl_tracing_internal.so.2608.0.0 => /usr/lib/libabsl_tracing_internal.so.2608.0.0 (0x00007fb18ceae000)
	libabsl_base.so.2608.0.0 => /usr/lib/libabsl_base.so.2608.0.0 (0x00007fb18cea8000)
	libabsl_raw_logging_internal.so.2608.0.0 => /usr/lib/libabsl_raw_logging_internal.so.2608.0.0 (0x00007fb18cea1000)
	libabsl_log_severity.so.2608.0.0 => /usr/lib/libabsl_log_severity.so.2608.0.0 (0x00007fb18ce9c000)
	libabsl_spinlock_wait.so.2608.0.0 => /usr/lib/libabsl_spinlock_wait.so.2608.0.0 (0x00007fb18ce97000)
	libmuparser.so.2 => /usr/lib/libmuparser.so.2 (0x00007fb18ce12000)
	liblcms2.so.2 => /usr/lib/liblcms2.so.2 (0x00007fb18cda6000)
	liblua.so.5.5 => /usr/lib/liblua.so.5.5 (0x00007fb18cd5c000)
	libEGL.so.1 => /usr/lib/libEGL.so.1 (0x00007fb18cd48000)
	libGLESv2.so.2 => /usr/lib/libGLESv2.so.2 (0x00007fb18cd38000)
	libGLX.so.0 => /usr/lib/libGLX.so.0 (0x00007fb18cd07000)
	libOpenGL.so.0 => /usr/lib/libOpenGL.so.0 (0x00007fb18cce3000)
	libglslang-default-resource-limits.so.16 => /usr/lib/libglslang-default-resource-limits.so.16 (0x00007fb18ccd9000)
	libSPIRV.so.16 => /usr/lib/libSPIRV.so.16 (0x00007fb18ccd4000)
	libglslang.so.16 => /usr/lib/libglslang.so.16 (0x00007fb18c200000)
	libSPIRV-Tools-opt.so => /usr/lib/libSPIRV-Tools-opt.so (0x00007fb18be00000)
	libSPIRV-Tools.so => /usr/lib/libSPIRV-Tools.so (0x00007fb18bc24000)
	libstdc++.so.6 => /usr/lib/libstdc++.so.6 (0x00007fb18b800000)
	libm.so.6 => /usr/lib/libm.so.6 (0x00007fb18c0c9000)
	libgcc_s.so.1 => /usr/lib/libgcc_s.so.1 (0x00007fb18c09c000)
	libc.so.6 => /usr/lib/libc.so.6 (0x00007fb18b400000)
	libXau.so.6 => /usr/lib/libXau.so.6 (0x00007fb18cccb000)
	libXdmcp.so.6 => /usr/lib/libXdmcp.so.6 (0x00007fb18ccc3000)
	libseat.so.1 => /usr/lib/libseat.so.1 (0x00007fb18c091000)
	libwayland-client.so.0 => /usr/lib/libwayland-client.so.0 (0x00007fb18c081000)
	libudev.so.1 => /usr/lib/libudev.so.1 (0x00007fb18bbd4000)
	libdisplay-info.so.3 => /usr/lib/libdisplay-info.so.3 (0x00007fb18bb9b000)
	libzip.so.5 => /usr/lib/libzip.so.5 (0x00007fb18bb7b000)
	librsvg-2.so.2 => /usr/lib/librsvg-2.so.2 (0x00007fb18ae00000)
	libtomlplusplus.so.3 => /usr/lib/libtomlplusplus.so.3 (0x00007fb18bb41000)
	libjpeg.so.8 => /usr/lib/libjpeg.so.8 (0x00007fb18b758000)
	libwebp.so.7 => /usr/lib/libwebp.so.7 (0x00007fb18b6d1000)
	libmagic.so.1 => /usr/lib/libmagic.so.1 (0x00007fb18bb12000)
	libpng16.so.16 => /usr/lib/libpng16.so.16 (0x00007fb18bad5000)
	libjxl.so.0.12 => /usr/lib/libjxl.so.0.12 (0x00007fb18a800000)
	libjxl_threads.so.0.12 => /usr/lib/libjxl_threads.so.0.12 (0x00007fb18b6cb000)
	/lib64/ld-linux-x86-64.so.2 => /usr/lib64/ld-linux-x86-64.so.2 (0x00007fb18ecb2000)
	libffi.so.8 => /usr/lib/libffi.so.8 (0x00007fb18b6bd000)
	libpangoft2-1.0.so.0 => /usr/lib/libpangoft2-1.0.so.0 (0x00007fb18b69e000)
	libfontconfig.so.1 => /usr/lib/libfontconfig.so.1 (0x00007fb18b623000)
	libfribidi.so.0 => /usr/lib/libfribidi.so.0 (0x00007fb18b3e0000)
	libthai.so.0 => /usr/lib/libthai.so.0 (0x00007fb18b3d5000)
	libz.so.1 => /usr/lib/libz.so.1 (0x00007fb18b3ba000)
	libfreetype.so.6 => /usr/lib/libfreetype.so.6 (0x00007fb18b2ea000)
	libX11.so.6 => /usr/lib/libX11.so.6 (0x00007fb18acbe000)
	libXext.so.6 => /usr/lib/libXext.so.6 (0x00007fb18b2d6000)
	libXrender.so.1 => /usr/lib/libXrender.so.1 (0x00007fb18b2ca000)
	libxcb-shm.so.0 => /usr/lib/libxcb-shm.so.0 (0x00007fb18b2c5000)
	libgraphite2.so.3 => /usr/lib/libgraphite2.so.3 (0x00007fb18b2a2000)
	libXfixes.so.3 => /usr/lib/libXfixes.so.3 (0x00007fb18b29a000)
	libmtdev.so.1 => /usr/lib/libmtdev.so.1 (0x00007fb18b293000)
	libevdev.so.2 => /usr/lib/libevdev.so.2 (0x00007fb18aca8000)
	libwacom.so.9 => /usr/lib/libwacom.so.9 (0x00007fb18ac95000)
	liblua5.4.so.5.4 => /usr/lib/liblua5.4.so.5.4 (0x00007fb18ac4f000)
	libexpat.so.1 => /usr/lib/libexpat.so.1 (0x00007fb18a7d2000)
	libgmodule-2.0.so.0 => /usr/lib/libgmodule-2.0.so.0 (0x00007fb18ac48000)
	libmount.so.1 => /usr/lib/libmount.so.1 (0x00007fb18a775000)
	libpcre2-8.so.0 => /usr/lib/libpcre2-8.so.0 (0x00007fb18a6c2000)
	libgomp.so.1 => /usr/lib/libgomp.so.1 (0x00007fb18a668000)
	libGLdispatch.so.0 => /usr/lib/libGLdispatch.so.0 (0x00007fb18a5ef000)
	libsystemd.so.0 => /usr/lib/libsystemd.so.0 (0x00007fb18a4a7000)
	libbz2.so.1.0 => /usr/lib/libbz2.so.1.0 (0x00007fb18a494000)
	liblzma.so.5 => /usr/lib/liblzma.so.5 (0x00007fb18a45f000)
	libzstd.so.1 => /usr/lib/libzstd.so.1 (0x00007fb18a379000)
	libcrypto.so.3 => /usr/lib/libcrypto.so.3 (0x00007fb189c00000)
	libgdk_pixbuf-2.0.so.0 => /usr/lib/libgdk_pixbuf-2.0.so.0 (0x00007fb18a33f000)
	libdav1d.so.7 => /usr/lib/libdav1d.so.7 (0x00007fb189a1f000)
	libxml2.so.16 => /usr/lib/libxml2.so.16 (0x00007fb18a1fa000)
	libsharpyuv.so.0 => /usr/lib/libsharpyuv.so.0 (0x00007fb18ac3d000)
	libjxl_cms.so.0.12 => /usr/lib/libjxl_cms.so.0.12 (0x00007fb18a1d1000)
	libhwy.so.1 => /usr/lib/libhwy.so.1 (0x00007fb18a1c2000)
	libbrotlidec.so.1 => /usr/lib/libbrotlidec.so.1 (0x00007fb18a1b3000)
	libbrotlienc.so.1 => /usr/lib/libbrotlienc.so.1 (0x00007fb18995f000)
	libdatrie.so.1 => /usr/lib/libdatrie.so.1 (0x00007fb18a1aa000)
	libgudev-1.0.so.0 => /usr/lib/libgudev-1.0.so.0 (0x00007fb189953000)
	libblkid.so.1 => /usr/lib/libblkid.so.1 (0x00007fb189913000)
	libglycin-2.so.0 => /usr/lib/libglycin-2.so.0 (0x00007fb189400000)
	libicuuc.so.78 => /usr/lib/libicuuc.so.78 (0x00007fb189000000)
	libbrotlicommon.so.1 => /usr/lib/libbrotlicommon.so.1 (0x00007fb1898f0000)
	libseccomp.so.2 => /usr/lib/libseccomp.so.2 (0x00007fb1898c3000)
	libicudata.so.78 => /usr/lib/libicudata.so.78 (0x00007fb187000000)
