{"event":"ack-configure","sequence":1,"controlSequence":0,"rootCommits":1,"childCommits":0,"serial":17,"width":320,"height":240,"monotonicNs":247487510625670}
{"event":"buffercommit","sequence":2,"controlSequence":0,"rootCommits":2,"childCommits":0,"serial":17,"width":320,"height":240,"monotonicNs":247487510754592}
{"event":"ready","sequence":3,"controlSequence":0,"rootCommits":2,"childCommits":0,"serial":17,"width":320,"height":240,"monotonicNs":247487510762453}
{"event":"buffer-release","sequence":4,"controlSequence":0,"rootCommits":2,"childCommits":0,"serial":17,"width":320,"height":240,"monotonicNs":247487511294384}
{"event":"ack-configure","sequence":5,"controlSequence":0,"rootCommits":2,"childCommits":0,"serial":18,"width":320,"height":240,"monotonicNs":247487511313746}
{"event":"ack-configure","sequence":6,"controlSequence":0,"rootCommits":2,"childCommits":0,"serial":35,"width":320,"height":240,"monotonicNs":247493197019749}
{"event":"ack-configure","sequence":7,"controlSequence":0,"rootCommits":2,"childCommits":0,"serial":38,"width":320,"height":240,"monotonicNs":247493209885195}
{"event":"ack-configure","sequence":8,"controlSequence":0,"rootCommits":2,"childCommits":0,"serial":52,"width":320,"height":240,"monotonicNs":247499542784282}
{"event":"ack-configure","sequence":9,"controlSequence":0,"rootCommits":2,"childCommits":0,"serial":55,"width":320,"height":240,"monotonicNs":247499554598575}
{"event":"ack-configure","sequence":10,"controlSequence":0,"rootCommits":2,"childCommits":0,"serial":57,"width":320,"height":240,"monotonicNs":247500189206600}
{"event":"ack-configure","sequence":11,"controlSequence":0,"rootCommits":2,"childCommits":0,"serial":131,"width":320,"height":240,"monotonicNs":247515154097279}
{"event":"ack-configure","sequence":12,"controlSequence":0,"rootCommits":2,"childCommits":0,"serial":132,"width":320,"height":240,"monotonicNs":247515197015349}
{"event":"ack-configure","sequence":13,"controlSequence":0,"rootCommits":2,"childCommits":0,"serial":210,"width":320,"height":240,"monotonicNs":247535429547061}
{"event":"ack-configure","sequence":14,"controlSequence":0,"rootCommits":2,"childCommits":0,"serial":213,"width":320,"height":240,"monotonicNs":247535431177167}
{"event":"ack-configure","sequence":15,"controlSequence":0,"rootCommits":2,"childCommits":0,"serial":214,"width":320,"height":240,"monotonicNs":247535456792441}
{"event":"ack-configure","sequence":16,"controlSequence":0,"rootCommits":2,"childCommits":0,"serial":219,"width":320,"height":240,"monotonicNs":247535483276726}
{"event":"ack-configure","sequence":17,"controlSequence":0,"rootCommits":2,"childCommits":0,"serial":220,"width":320,"height":240,"monotonicNs":247535534859325}
{"event":"ack-configure","sequence":18,"controlSequence":0,"rootCommits":2,"childCommits":0,"serial":225,"width":320,"height":240,"monotonicNs":247535586208548}
{"event":"ack-configure","sequence":19,"controlSequence":0,"rootCommits":2,"childCommits":0,"serial":226,"width":320,"height":240,"monotonicNs":247535637843090}
{"event":"ack-configure","sequence":20,"controlSequence":0,"rootCommits":2,"childCommits":0,"serial":231,"width":320,"height":240,"monotonicNs":247535689173932}
{"event":"ack-configure","sequence":21,"controlSequence":0,"rootCommits":2,"childCommits":0,"serial":232,"width":320,"height":240,"monotonicNs":247535816369325}
{"event":"ack-configure","sequence":22,"controlSequence":0,"rootCommits":2,"childCommits":0,"serial":237,"width":320,"height":240,"monotonicNs":247535867224379}
{"event":"ack-configure","sequence":23,"controlSequence":0,"rootCommits":2,"childCommits":0,"serial":238,"width":320,"height":240,"monotonicNs":247535994590440}
{"event":"ack-configure","sequence":24,"controlSequence":0,"rootCommits":2,"childCommits":0,"serial":243,"width":320,"height":240,"monotonicNs":247536045679431}
{"event":"ack-configure","sequence":25,"controlSequence":0,"rootCommits":2,"childCommits":0,"serial":244,"width":320,"height":240,"monotonicNs":247536123409959}
{"event":"ack-configure","sequence":26,"controlSequence":0,"rootCommits":2,"childCommits":0,"serial":249,"width":320,"height":240,"monotonicNs":247536174295938}
{"event":"ack-configure","sequence":27,"controlSequence":0,"rootCommits":2,"childCommits":0,"serial":250,"width":320,"height":240,"monotonicNs":247536225769731}
{"event":"ack-configure","sequence":28,"controlSequence":0,"rootCommits":2,"childCommits":0,"serial":255,"width":320,"height":240,"monotonicNs":247536251593262}
{"event":"ack-configure","sequence":29,"controlSequence":0,"rootCommits":2,"childCommits":0,"serial":256,"width":320,"height":240,"monotonicNs":247536303150679}
{"event":"ack-configure","sequence":30,"controlSequence":0,"rootCommits":2,"childCommits":0,"serial":261,"width":320,"height":240,"monotonicNs":247536429477110}
{"event":"ack-configure","sequence":31,"controlSequence":0,"rootCommits":2,"childCommits":0,"serial":263,"width":320,"height":240,"monotonicNs":247536969972661}
{"event":"ack-configure","sequence":32,"controlSequence":0,"rootCommits":2,"childCommits":0,"serial":268,"width":320,"height":240,"monotonicNs":247537095912935}
{"event":"ack-configure","sequence":33,"controlSequence":0,"rootCommits":2,"childCommits":0,"serial":270,"width":320,"height":240,"monotonicNs":247537325478627}
{"event":"ack-configure","sequence":34,"controlSequence":0,"rootCommits":2,"childCommits":0,"serial":273,"width":320,"height":240,"monotonicNs":247537367063926}
{"event":"ack-configure","sequence":35,"controlSequence":0,"rootCommits":2,"childCommits":0,"serial":297,"width":320,"height":240,"monotonicNs":247537873386970}
{"event":"ack-configure","sequence":36,"controlSequence":0,"rootCommits":2,"childCommits":0,"serial":327,"width":320,"height":240,"monotonicNs":247544492357554}
{"event":"ack-configure","sequence":37,"controlSequence":0,"rootCommits":2,"childCommits":0,"serial":384,"width":320,"height":240,"monotonicNs":247551093895829}
{"event":"ack-configure","sequence":38,"controlSequence":0,"rootCommits":2,"childCommits":0,"serial":432,"width":320,"height":240,"monotonicNs":247560694115726}
{"event":"ack-configure","sequence":39,"controlSequence":0,"rootCommits":2,"childCommits":0,"serial":444,"width":320,"height":240,"monotonicNs":247561549572577}
{"event":"request","sequence":40,"controlSequence":1,"rootCommits":2,"childCommits":0,"serial":444,"width":320,"height":240,"monotonicNs":247562216459734,"command":"quit"}
{"event":"normalexit","sequence":41,"controlSequence":1,"rootCommits":2,"childCommits":0,"serial":444,"width":320,"height":240,"monotonicNs":247562216484052}
