Date: 2026-10-04 MDT
[11:25:28.552] weston 15.0.1
               https://wayland.freedesktop.org
               Bug reports to: https://gitlab.freedesktop.org/wayland/weston/issues/
               Build: 15.0.1
[11:25:28.553] Command line: /home/hoskinson/window-integration-qa/private-weston-host-v2/prefix/usr/bin/weston --backend=headless --renderer=gl --shell=kiosk-shell.so --fake-seat --no-config --socket=weston-host --width=800 --height=600 --scale=1 --idle-time=0 --log=/home/hoskinson/window-integration-qa/xdg-origin-1791134728138454967/weston-renderer.log --modules=/home/hoskinson/omarchy-windows-parity/implementation/elm-keyboard-loss-fixture-v151/build-1791126804731266243/parent-input.so
[11:25:28.553] OS: Linux, 7.2.7-1-omarchy, #1 SMP PREEMPT_DYNAMIC Sun, 27 Sep 2026 22:42:08 +0000, x86_64
[11:25:28.553] Flight recorder: enabled, scopes subscribed: log
[11:25:28.553] Starting with no config file.
[11:25:28.553] Output repaint window is 7 ms maximum.
[11:25:28.553] Loading module '/home/hoskinson/window-integration-qa/private-weston-host-v2/prefix/usr/lib/libweston-15/headless-backend.so'
[11:25:28.567] Loading module '/home/hoskinson/window-integration-qa/private-weston-host-v2/prefix/usr/lib/libweston-15/gl-renderer.so'
[11:25:28.620] Using rendering device: /dev/dri/renderD129
[11:25:28.630] EGL version: 1.5
[11:25:28.630] EGL vendor: Mesa Project
[11:25:28.630] EGL client APIs: OpenGL OpenGL_ES 
[11:25:28.630] EGL features:
               EGL Wayland extension: no
               context priority: yes
               buffer age: no
               partial update: yes
               swap buffers with damage: no
               configless context: yes
               surfaceless context: yes
               dmabuf support: modifiers
               fence sync: yes (native, wait)
[11:25:28.636] GL version: OpenGL ES 3.2 Mesa 26.2.2-arch1.1
[11:25:28.636] GLSL version: OpenGL ES GLSL ES 3.20
[11:25:28.636] GL vendor: Intel
[11:25:28.636] GL renderer: Mesa Intel(R) Graphics (ARL)
[11:25:28.654] GL ES 3.2 - renderer features:
               read-back format: ARGB8888
               glReadPixels supports y-flip: yes
               glReadPixels supports PBO: yes
               wl_shm 10 bpc formats: yes
               wl_shm 16 bpc formats: yes
               wl_shm half-float formats: yes
               internal R and RG formats: yes
               OES_EGL_image_external: yes
               GPU timeline: yes
               Texture immutability: yes
               Required precision: yes
[11:25:28.655] Using GL renderer
[11:25:28.655] Registered plugin API 'weston_windowed_output_api_headless_v2' of size 16
[11:25:28.655] Color manager: no-op
                 protocol support: no
[11:25:28.655] Output 'headless' attempts EOTF mode SDR and colorimetry mode default.
[11:25:28.655] Output 'headless' using color profile: stock sRGB color profile
[11:25:28.655] Output 'headless' enabled with head(s) headless
[11:25:28.656] Compositor capabilities:
               arbitrary surface rotation: yes
               screen capture uses y-flip: yes
               cursor planes: no
               arbitrary resolutions: no
               view mask clipping: yes
               explicit sync: yes
               color operations: yes
               color representation: yes
               presentation clock: CLOCK_MONOTONIC_RAW, id 4
               presentation clock resolution: 0.000000001 s
[11:25:28.656] Loading module '/home/hoskinson/window-integration-qa/private-weston-host-v2/prefix/usr/lib/weston/kiosk-shell.so'
[11:25:28.656] Loading module '/home/hoskinson/omarchy-windows-parity/implementation/elm-keyboard-loss-fixture-v151/build-1791126804731266243/parent-input.so'
[11:25:36.521] elm-parent-input motion 3,3 actual 3.00,3.00 focus=0x5566c957dbf0 pid=2708077
[11:25:36.538] elm-parent-input motion 3,3 actual 3.00,3.00 focus=0x5566c957dbf0 pid=2708077
[11:25:36.539] elm-parent-input button 272 state=1 focus=0x5566c957dbf0 pid=2708077
[11:25:36.539] elm-parent-input button 272 state=0 focus=0x5566c957dbf0 pid=2708077
[11:25:36.558] elm-parent-input motion 795,3 actual 795.00,3.00 focus=0x5566c957dbf0 pid=2708077
[11:25:36.577] elm-parent-input motion 795,3 actual 795.00,3.00 focus=0x5566c957dbf0 pid=2708077
[11:25:36.578] elm-parent-input button 272 state=1 focus=0x5566c957dbf0 pid=2708077
[11:25:36.578] elm-parent-input button 272 state=0 focus=0x5566c957dbf0 pid=2708077
[11:25:36.600] elm-parent-input motion 3,595 actual 3.00,595.00 focus=0x5566c957dbf0 pid=2708077
[11:25:36.619] elm-parent-input motion 3,595 actual 3.00,595.00 focus=0x5566c957dbf0 pid=2708077
[11:25:36.619] elm-parent-input button 272 state=1 focus=0x5566c957dbf0 pid=2708077
[11:25:36.619] elm-parent-input button 272 state=0 focus=0x5566c957dbf0 pid=2708077
[11:25:36.639] elm-parent-input motion 795,595 actual 795.00,595.00 focus=0x5566c957dbf0 pid=2708077
[11:25:36.658] elm-parent-input motion 795,595 actual 795.00,595.00 focus=0x5566c957dbf0 pid=2708077
[11:25:36.658] elm-parent-input button 272 state=1 focus=0x5566c957dbf0 pid=2708077
[11:25:36.660] elm-parent-input button 272 state=0 focus=0x5566c957dbf0 pid=2708077
[11:25:36.681] elm-parent-input motion 399,299 actual 399.00,299.00 focus=0x5566c957dbf0 pid=2708077
[11:25:36.701] elm-parent-input motion 399,299 actual 399.00,299.00 focus=0x5566c957dbf0 pid=2708077
[11:25:36.701] elm-parent-input button 272 state=1 focus=0x5566c957dbf0 pid=2708077
[11:25:36.702] elm-parent-input button 272 state=0 focus=0x5566c957dbf0 pid=2708077
[11:25:37.171] elm-parent-input motion 5,5 actual 5.00,5.00 focus=0x5566c957dbf0 pid=2708077
[11:25:37.193] elm-parent-input motion 5,5 actual 5.00,5.00 focus=0x5566c957dbf0 pid=2708077
[11:25:37.194] elm-parent-input button 272 state=1 focus=0x5566c957dbf0 pid=2708077
[11:25:37.194] elm-parent-input button 272 state=0 focus=0x5566c957dbf0 pid=2708077
[11:25:37.217] elm-parent-input motion 795,5 actual 795.00,5.00 focus=0x5566c957dbf0 pid=2708077
[11:25:37.240] elm-parent-input motion 795,5 actual 795.00,5.00 focus=0x5566c957dbf0 pid=2708077
[11:25:37.240] elm-parent-input button 272 state=1 focus=0x5566c957dbf0 pid=2708077
[11:25:37.240] elm-parent-input button 272 state=0 focus=0x5566c957dbf0 pid=2708077
[11:25:37.265] elm-parent-input motion 5,595 actual 5.00,595.00 focus=0x5566c957dbf0 pid=2708077
[11:25:37.288] elm-parent-input motion 5,595 actual 5.00,595.00 focus=0x5566c957dbf0 pid=2708077
[11:25:37.289] elm-parent-input button 272 state=1 focus=0x5566c957dbf0 pid=2708077
[11:25:37.289] elm-parent-input button 272 state=0 focus=0x5566c957dbf0 pid=2708077
[11:25:37.313] elm-parent-input motion 795,595 actual 795.00,595.00 focus=0x5566c957dbf0 pid=2708077
[11:25:37.337] elm-parent-input motion 795,595 actual 795.00,595.00 focus=0x5566c957dbf0 pid=2708077
[11:25:37.338] elm-parent-input button 272 state=1 focus=0x5566c957dbf0 pid=2708077
[11:25:37.338] elm-parent-input button 272 state=0 focus=0x5566c957dbf0 pid=2708077
[11:25:37.364] elm-parent-input motion 400,300 actual 400.00,300.00 focus=0x5566c957dbf0 pid=2708077
[11:25:37.388] elm-parent-input motion 400,300 actual 400.00,300.00 focus=0x5566c957dbf0 pid=2708077
[11:25:37.389] elm-parent-input button 272 state=1 focus=0x5566c957dbf0 pid=2708077
[11:25:37.389] elm-parent-input button 272 state=0 focus=0x5566c957dbf0 pid=2708077
[11:25:37.957] elm-parent-input motion 3,3 actual 3.00,3.00 focus=0x5566c957dbf0 pid=2708077
[11:25:37.982] elm-parent-input motion 3,3 actual 3.00,3.00 focus=0x5566c957dbf0 pid=2708077
[11:25:37.983] elm-parent-input button 272 state=1 focus=0x5566c957dbf0 pid=2708077
[11:25:37.983] elm-parent-input button 272 state=0 focus=0x5566c957dbf0 pid=2708077
[11:25:38.011] elm-parent-input motion 795,3 actual 795.00,3.00 focus=0x5566c957dbf0 pid=2708077
[11:25:38.037] elm-parent-input motion 795,3 actual 795.00,3.00 focus=0x5566c957dbf0 pid=2708077
[11:25:38.037] elm-parent-input button 272 state=1 focus=0x5566c957dbf0 pid=2708077
[11:25:38.037] elm-parent-input button 272 state=0 focus=0x5566c957dbf0 pid=2708077
[11:25:38.066] elm-parent-input motion 3,595 actual 3.00,595.00 focus=0x5566c957dbf0 pid=2708077
[11:25:38.094] elm-parent-input motion 3,595 actual 3.00,595.00 focus=0x5566c957dbf0 pid=2708077
[11:25:38.094] elm-parent-input button 272 state=1 focus=0x5566c957dbf0 pid=2708077
[11:25:38.095] elm-parent-input button 272 state=0 focus=0x5566c957dbf0 pid=2708077
[11:25:38.125] elm-parent-input motion 795,595 actual 795.00,595.00 focus=0x5566c957dbf0 pid=2708077
[11:25:38.153] elm-parent-input motion 795,595 actual 795.00,595.00 focus=0x5566c957dbf0 pid=2708077
[11:25:38.153] elm-parent-input button 272 state=1 focus=0x5566c957dbf0 pid=2708077
[11:25:38.153] elm-parent-input button 272 state=0 focus=0x5566c957dbf0 pid=2708077
[11:25:38.183] elm-parent-input motion 399,299 actual 399.00,299.00 focus=0x5566c957dbf0 pid=2708077
[11:25:38.211] elm-parent-input motion 399,299 actual 399.00,299.00 focus=0x5566c957dbf0 pid=2708077
[11:25:38.211] elm-parent-input button 272 state=1 focus=0x5566c957dbf0 pid=2708077
[11:25:38.211] elm-parent-input button 272 state=0 focus=0x5566c957dbf0 pid=2708077
[11:25:38.883] elm-parent-input motion 3,3 actual 3.00,3.00 focus=0x5566c957dbf0 pid=2708077
[11:25:38.902] elm-parent-input motion 3,3 actual 3.00,3.00 focus=0x5566c957dbf0 pid=2708077
[11:25:38.902] elm-parent-input button 272 state=1 focus=0x5566c957dbf0 pid=2708077
[11:25:38.902] elm-parent-input button 272 state=0 focus=0x5566c957dbf0 pid=2708077
[11:25:38.922] elm-parent-input motion 795,3 actual 795.00,3.00 focus=0x5566c957dbf0 pid=2708077
[11:25:38.983] elm-parent-input motion 795,3 actual 795.00,3.00 focus=0x5566c957dbf0 pid=2708077
[11:25:38.983] elm-parent-input button 272 state=1 focus=0x5566c957dbf0 pid=2708077
[11:25:38.983] elm-parent-input button 272 state=0 focus=0x5566c957dbf0 pid=2708077
[11:25:39.003] elm-parent-input motion 3,595 actual 3.00,595.00 focus=0x5566c957dbf0 pid=2708077
[11:25:39.022] elm-parent-input motion 3,595 actual 3.00,595.00 focus=0x5566c957dbf0 pid=2708077
[11:25:39.022] elm-parent-input button 272 state=1 focus=0x5566c957dbf0 pid=2708077
[11:25:39.022] elm-parent-input button 272 state=0 focus=0x5566c957dbf0 pid=2708077
[11:25:39.044] elm-parent-input motion 795,595 actual 795.00,595.00 focus=0x5566c957dbf0 pid=2708077
[11:25:39.065] elm-parent-input motion 795,595 actual 795.00,595.00 focus=0x5566c957dbf0 pid=2708077
[11:25:39.065] elm-parent-input button 272 state=1 focus=0x5566c957dbf0 pid=2708077
[11:25:39.065] elm-parent-input button 272 state=0 focus=0x5566c957dbf0 pid=2708077
[11:25:39.087] elm-parent-input motion 399,299 actual 399.00,299.00 focus=0x5566c957dbf0 pid=2708077
[11:25:39.109] elm-parent-input motion 399,299 actual 399.00,299.00 focus=0x5566c957dbf0 pid=2708077
[11:25:39.110] elm-parent-input button 272 state=1 focus=0x5566c957dbf0 pid=2708077
[11:25:39.110] elm-parent-input button 272 state=0 focus=0x5566c957dbf0 pid=2708077
[11:25:39.692] elm-parent-input motion 3,3 actual 3.00,3.00 focus=0x5566c957dbf0 pid=2708077
[11:25:39.714] elm-parent-input motion 3,3 actual 3.00,3.00 focus=0x5566c957dbf0 pid=2708077
[11:25:39.714] elm-parent-input button 272 state=1 focus=0x5566c957dbf0 pid=2708077
[11:25:39.715] elm-parent-input button 272 state=0 focus=0x5566c957dbf0 pid=2708077
[11:25:39.739] elm-parent-input motion 795,3 actual 795.00,3.00 focus=0x5566c957dbf0 pid=2708077
[11:25:39.759] elm-parent-input motion 795,3 actual 795.00,3.00 focus=0x5566c957dbf0 pid=2708077
[11:25:39.759] elm-parent-input button 272 state=1 focus=0x5566c957dbf0 pid=2708077
[11:25:39.759] elm-parent-input button 272 state=0 focus=0x5566c957dbf0 pid=2708077
[11:25:39.781] elm-parent-input motion 3,595 actual 3.00,595.00 focus=0x5566c957dbf0 pid=2708077
[11:25:39.801] elm-parent-input motion 3,595 actual 3.00,595.00 focus=0x5566c957dbf0 pid=2708077
[11:25:39.801] elm-parent-input button 272 state=1 focus=0x5566c957dbf0 pid=2708077
[11:25:39.802] elm-parent-input button 272 state=0 focus=0x5566c957dbf0 pid=2708077
[11:25:39.825] elm-parent-input motion 795,595 actual 795.00,595.00 focus=0x5566c957dbf0 pid=2708077
[11:25:39.846] elm-parent-input motion 795,595 actual 795.00,595.00 focus=0x5566c957dbf0 pid=2708077
[11:25:39.847] elm-parent-input button 272 state=1 focus=0x5566c957dbf0 pid=2708077
[11:25:39.847] elm-parent-input button 272 state=0 focus=0x5566c957dbf0 pid=2708077
[11:25:39.869] elm-parent-input motion 399,299 actual 399.00,299.00 focus=0x5566c957dbf0 pid=2708077
[11:25:39.890] elm-parent-input motion 399,299 actual 399.00,299.00 focus=0x5566c957dbf0 pid=2708077
[11:25:39.890] elm-parent-input button 272 state=1 focus=0x5566c957dbf0 pid=2708077
[11:25:39.891] elm-parent-input button 272 state=0 focus=0x5566c957dbf0 pid=2708077
[11:25:40.445] elm-parent-input motion 5,5 actual 5.00,5.00 focus=0x5566c957dbf0 pid=2708077
[11:25:40.468] elm-parent-input motion 5,5 actual 5.00,5.00 focus=0x5566c957dbf0 pid=2708077
[11:25:40.469] elm-parent-input button 272 state=1 focus=0x5566c957dbf0 pid=2708077
[11:25:40.469] elm-parent-input button 272 state=0 focus=0x5566c957dbf0 pid=2708077
[11:25:40.494] elm-parent-input motion 795,5 actual 795.00,5.00 focus=0x5566c957dbf0 pid=2708077
[11:25:40.518] elm-parent-input motion 795,5 actual 795.00,5.00 focus=0x5566c957dbf0 pid=2708077
[11:25:40.518] elm-parent-input button 272 state=1 focus=0x5566c957dbf0 pid=2708077
[11:25:40.518] elm-parent-input button 272 state=0 focus=0x5566c957dbf0 pid=2708077
[11:25:40.543] elm-parent-input motion 5,595 actual 5.00,595.00 focus=0x5566c957dbf0 pid=2708077
[11:25:40.568] elm-parent-input motion 5,595 actual 5.00,595.00 focus=0x5566c957dbf0 pid=2708077
[11:25:40.569] elm-parent-input button 272 state=1 focus=0x5566c957dbf0 pid=2708077
[11:25:40.570] elm-parent-input button 272 state=0 focus=0x5566c957dbf0 pid=2708077
[11:25:40.596] elm-parent-input motion 795,595 actual 795.00,595.00 focus=0x5566c957dbf0 pid=2708077
[11:25:40.621] elm-parent-input motion 795,595 actual 795.00,595.00 focus=0x5566c957dbf0 pid=2708077
[11:25:40.621] elm-parent-input button 272 state=1 focus=0x5566c957dbf0 pid=2708077
[11:25:40.621] elm-parent-input button 272 state=0 focus=0x5566c957dbf0 pid=2708077
[11:25:40.654] elm-parent-input motion 400,300 actual 400.00,300.00 focus=0x5566c957dbf0 pid=2708077
[11:25:40.680] elm-parent-input motion 400,300 actual 400.00,300.00 focus=0x5566c957dbf0 pid=2708077
[11:25:40.681] elm-parent-input button 272 state=1 focus=0x5566c957dbf0 pid=2708077
[11:25:40.681] elm-parent-input button 272 state=0 focus=0x5566c957dbf0 pid=2708077
[11:25:41.172] elm-parent-input motion 3,3 actual 3.00,3.00 focus=0x5566c957dbf0 pid=2708077
[11:25:41.199] elm-parent-input motion 3,3 actual 3.00,3.00 focus=0x5566c957dbf0 pid=2708077
[11:25:41.199] elm-parent-input button 272 state=1 focus=0x5566c957dbf0 pid=2708077
[11:25:41.199] elm-parent-input button 272 state=0 focus=0x5566c957dbf0 pid=2708077
[11:25:41.228] elm-parent-input motion 795,3 actual 795.00,3.00 focus=0x5566c957dbf0 pid=2708077
[11:25:41.256] elm-parent-input motion 795,3 actual 795.00,3.00 focus=0x5566c957dbf0 pid=2708077
[11:25:41.257] elm-parent-input button 272 state=1 focus=0x5566c957dbf0 pid=2708077
[11:25:41.257] elm-parent-input button 272 state=0 focus=0x5566c957dbf0 pid=2708077
[11:25:41.286] elm-parent-input motion 3,595 actual 3.00,595.00 focus=0x5566c957dbf0 pid=2708077
[11:25:41.314] elm-parent-input motion 3,595 actual 3.00,595.00 focus=0x5566c957dbf0 pid=2708077
[11:25:41.314] elm-parent-input button 272 state=1 focus=0x5566c957dbf0 pid=2708077
[11:25:41.314] elm-parent-input button 272 state=0 focus=0x5566c957dbf0 pid=2708077
[11:25:41.344] elm-parent-input motion 795,595 actual 795.00,595.00 focus=0x5566c957dbf0 pid=2708077
[11:25:41.373] elm-parent-input motion 795,595 actual 795.00,595.00 focus=0x5566c957dbf0 pid=2708077
[11:25:41.373] elm-parent-input button 272 state=1 focus=0x5566c957dbf0 pid=2708077
[11:25:41.374] elm-parent-input button 272 state=0 focus=0x5566c957dbf0 pid=2708077
[11:25:41.447] elm-parent-input motion 399,299 actual 399.00,299.00 focus=0x5566c957dbf0 pid=2708077
[11:25:41.475] elm-parent-input motion 399,299 actual 399.00,299.00 focus=0x5566c957dbf0 pid=2708077
[11:25:41.475] elm-parent-input button 272 state=1 focus=0x5566c957dbf0 pid=2708077
[11:25:41.475] elm-parent-input button 272 state=0 focus=0x5566c957dbf0 pid=2708077
[11:25:42.033] elm-parent-input motion 3,3 actual 3.00,3.00 focus=0x5566c957dbf0 pid=2708077
[11:25:42.052] elm-parent-input motion 3,3 actual 3.00,3.00 focus=0x5566c957dbf0 pid=2708077
[11:25:42.052] elm-parent-input button 272 state=1 focus=0x5566c957dbf0 pid=2708077
[11:25:42.052] elm-parent-input button 272 state=0 focus=0x5566c957dbf0 pid=2708077
[11:25:42.072] elm-parent-input motion 795,3 actual 795.00,3.00 focus=0x5566c957dbf0 pid=2708077
[11:25:42.092] elm-parent-input motion 795,3 actual 795.00,3.00 focus=0x5566c957dbf0 pid=2708077
[11:25:42.093] elm-parent-input button 272 state=1 focus=0x5566c957dbf0 pid=2708077
[11:25:42.093] elm-parent-input button 272 state=0 focus=0x5566c957dbf0 pid=2708077
[11:25:42.113] elm-parent-input motion 3,595 actual 3.00,595.00 focus=0x5566c957dbf0 pid=2708077
[11:25:42.132] elm-parent-input motion 3,595 actual 3.00,595.00 focus=0x5566c957dbf0 pid=2708077
[11:25:42.133] elm-parent-input button 272 state=1 focus=0x5566c957dbf0 pid=2708077
[11:25:42.133] elm-parent-input button 272 state=0 focus=0x5566c957dbf0 pid=2708077
[11:25:42.154] elm-parent-input motion 795,595 actual 795.00,595.00 focus=0x5566c957dbf0 pid=2708077
[11:25:42.175] elm-parent-input motion 795,595 actual 795.00,595.00 focus=0x5566c957dbf0 pid=2708077
[11:25:42.175] elm-parent-input button 272 state=1 focus=0x5566c957dbf0 pid=2708077
[11:25:42.175] elm-parent-input button 272 state=0 focus=0x5566c957dbf0 pid=2708077
[11:25:42.198] elm-parent-input motion 399,299 actual 399.00,299.00 focus=0x5566c957dbf0 pid=2708077
[11:25:42.219] elm-parent-input motion 399,299 actual 399.00,299.00 focus=0x5566c957dbf0 pid=2708077
[11:25:42.219] elm-parent-input button 272 state=1 focus=0x5566c957dbf0 pid=2708077
[11:25:42.219] elm-parent-input button 272 state=0 focus=0x5566c957dbf0 pid=2708077
[11:25:42.619] caught signal 15
