Compositor.cpp.o
AnimationManager.cpp.o
WorkspaceAnimationController.cpp.o
ConfigManager.cpp.o
ConfigValue.cpp.o
ConfigManager.cpp.o
DispatcherTranslator.cpp.o
ConfigManager.cpp.o
LuaBindings.cpp.o
LuaEventHandler.cpp.o
Check.cpp.o
LuaBindingsConfigRules.cpp.o
LuaBindingsDispatcherUtils.cpp.o
LuaBindingsDispatchers.cpp.o
LuaBindingsInternal.cpp.o
LuaBindingsNotification.cpp.o
LuaBindingsQuery.cpp.o
LuaBindingsRegistration.cpp.o
LuaBindingsToplevel.cpp.o
LuaLayoutContext.cpp.o
LuaLayoutProvider.cpp.o
LuaLayoutTarget.cpp.o
LuaEventSubscription.cpp.o
LuaGroup.cpp.o
LuaKeybind.cpp.o
LuaLayerRule.cpp.o
LuaLayerSurface.cpp.o
LuaMonitor.cpp.o
LuaNotification.cpp.o
LuaTimer.cpp.o
LuaWindow.cpp.o
LuaWindowRule.cpp.o
LuaWorkspace.cpp.o
LuaWorkspaceRule.cpp.o
LuaConfigBool.cpp.o
LuaConfigColor.cpp.o
LuaConfigCssGap.cpp.o
LuaConfigExpressionVec2.cpp.o
LuaConfigFloat.cpp.o
LuaConfigFontWeight.cpp.o
LuaConfigGradient.cpp.o
LuaConfigInt.cpp.o
LuaConfigString.cpp.o
LuaConfigUtils.cpp.o
LuaConfigValue.cpp.o
LuaConfigVec2.cpp.o
ConfigActions.cpp.o
AnimationTree.cpp.o
ConfigWatcher.cpp.o
MonitorRule.cpp.o
MonitorRuleManager.cpp.o
Parser.cpp.o
ParserUtils.cpp.o
WorkspaceRule.cpp.o
WorkspaceRuleManager.cpp.o
Executor.cpp.o
Jeremy.cpp.o
PropRefresher.cpp.o
ConfigValues.cpp.o
BoolValue.cpp.o
ColorValue.cpp.o
CssGapValue.cpp.o
FloatValue.cpp.o
FontWeightValue.cpp.o
GradientValue.cpp.o
IValue.cpp.o
IntValue.cpp.o
StringValue.cpp.o
Vec2Value.cpp.o
HyprCtl.cpp.o
Overlay.cpp.o
CrashReporter.cpp.o
SignalSafe.cpp.o
Logger.cpp.o
Workspace.cpp.o
WindowHistoryTracker.cpp.o
WorkspaceHistoryTracker.cpp.o
ReservedArea.cpp.o
Engine.cpp.o
Rule.cpp.o
LayerRule.cpp.o
LayerRuleApplicator.cpp.o
LayerRuleEffectContainer.cpp.o
BoolMatchEngine.cpp.o
IntMatchEngine.cpp.o
MatchEngine.cpp.o
RegexMatchEngine.cpp.o
TagMatchEngine.cpp.o
WorkspaceMatchEngine.cpp.o
WindowRule.cpp.o
WindowRuleApplicator.cpp.o
WindowRuleEffectContainer.cpp.o
Fadeout.cpp.o
FadingOutState.cpp.o
FloatState.cpp.o
FocusState.cpp.o
GlobalWindowController.cpp.o
LayerFadeout.cpp.o
LayerState.cpp.o
OtherViewState.cpp.o
PopupFadeout.cpp.o
ViewHitTester.cpp.o
ViewQuery.cpp.o
ViewState.cpp.o
ViewStateTracker.cpp.o
WindowFadeout.cpp.o
WindowQuery.cpp.o
WindowState.cpp.o
GlobalViewMethods.cpp.o
Group.cpp.o
LayerSurface.cpp.o
Popup.cpp.o
SessionLock.cpp.o
Subsurface.cpp.o
View.cpp.o
WLSurface.cpp.o
Window.cpp.o
LayerSurfaceAnimationController.cpp.o
PopupAnimationController.cpp.o
WindowAnimationController.cpp.o
Geometric.cpp.o
GeometricAnimated.cpp.o
GeometricMovableAnimated.cpp.o
GeometricMovableStatic.cpp.o
GeometricStatic.cpp.o
IHID.cpp.o
IKeyboard.cpp.o
IPointer.cpp.o
ITouch.cpp.o
Keyboard.cpp.o
Mouse.cpp.o
Tablet.cpp.o
TouchDevice.cpp.o
VirtualKeyboard.cpp.o
VirtualPointer.cpp.o
Overlay.cpp.o
EventBus.cpp.o
AsyncDialogBox.cpp.o
CMType.cpp.o
Color.cpp.o
Drm.cpp.o
Format.cpp.o
MainLoopExecutor.cpp.o
MiscFunctions.cpp.o
MotionBlur.cpp.o
SdDaemon.cpp.o
SystemInfo.cpp.o
TagKeeper.cpp.o
TransferFunction.cpp.o
WLClasses.cpp.o
ColorManagement.cpp.o
ICC.cpp.o
Env.cpp.o
FsUtils.cpp.o
Direction.cpp.o
Expression.cpp.o
Math.cpp.o
SyncReleaser.cpp.o
SyncTimeline.cpp.o
Time.cpp.o
Timer.cpp.o
Engine.cpp.o
initHelpers.cpp.o
LayoutManager.cpp.o
Algorithm.cpp.o
FloatingAlgorithm.cpp.o
ModeAlgorithm.cpp.o
DefaultFloatingAlgorithm.cpp.o
DwindleAlgorithm.cpp.o
MasterAlgorithm.cpp.o
MonocleAlgorithm.cpp.o
ScrollTapeController.cpp.o
ScrollingAlgorithm.cpp.o
ScrollingFullscreenHandler.cpp.o
Space.cpp.o
DragController.cpp.o
WorkspaceAlgoMatcher.cpp.o
Target.cpp.o
WindowGroupTarget.cpp.o
WindowTarget.cpp.o
ANRManager.cpp.o
DonationNagManager.cpp.o
EventManager.cpp.o
KeybindManager.cpp.o
ProtocolManager.cpp.o
SeatManager.cpp.o
SessionLockManager.cpp.o
TokenManager.cpp.o
VersionKeeperManager.cpp.o
WelcomeManager.cpp.o
XCursorManager.cpp.o
XWaylandManager.cpp.o
EventLoopManager.cpp.o
EventLoopTimer.cpp.o
FullscreenController.cpp.o
FullscreenHandler.cpp.o
Eis.cpp.o
IdleInhibitor.cpp.o
InputManager.cpp.o
InputMethodPopup.cpp.o
InputMethodRelay.cpp.o
Tablets.cpp.o
TextInput.cpp.o
Touch.cpp.o
UnifiedWorkspaceSwipeGesture.cpp.o
TrackpadGestures.cpp.o
CloseGesture.cpp.o
CursorZoomGesture.cpp.o
DispatcherGesture.cpp.o
FloatGesture.cpp.o
FullscreenGesture.cpp.o
ITrackpadGesture.cpp.o
LuaFunctionGesture.cpp.o
MoveGesture.cpp.o
ResizeGesture.cpp.o
ScrollMoveGesture.cpp.o
SpecialWorkspaceGesture.cpp.o
WorkspaceSwipeGesture.cpp.o
DynamicPermissionManager.cpp.o
CursorshareSession.cpp.o
ScreenshareFrame.cpp.o
ScreenshareManager.cpp.o
ScreenshareSession.cpp.o
Notification.cpp.o
NotificationOverlay.cpp.o
DamageRing.cpp.o
Monitor.cpp.o
MonitorFrameScheduler.cpp.o
MonitorResources.cpp.o
MonitorZoomController.cpp.o
HookSystem.cpp.o
PluginAPI.cpp.o
PluginSystem.cpp.o
PointerController.cpp.o
PointerManager.cpp.o
CursorManager.cpp.o
CursorShapeOverrideController.cpp.o
AlphaModifier.cpp.o
BackgroundEffect.cpp.o
CTMControl.cpp.o
ColorManagement.cpp.o
CommitTiming.cpp.o
ContentType.cpp.o
CursorShape.cpp.o
DRMLease.cpp.o
DRMSyncobj.cpp.o
DataDeviceWlr.cpp.o
ExtDataDevice.cpp.o
ExtWorkspace.cpp.o
Fifo.cpp.o
FocusGrab.cpp.o
ForeignToplevel.cpp.o
ForeignToplevelWlr.cpp.o
FractionalScale.cpp.o
GammaControl.cpp.o
GlobalShortcuts.cpp.o
Hotkey.cpp.o
HyprlandSurface.cpp.o
IdleInhibit.cpp.o
IdleNotify.cpp.o
ImageCaptureSource.cpp.o
ImageCopyCapture.cpp.o
InputCapture.cpp.o
InputMethodV2.cpp.o
LayerShell.cpp.o
LinuxDMABUF.cpp.o
LockNotify.cpp.o
MesaDRM.cpp.o
OutputManagement.cpp.o
OutputPower.cpp.o
PointerConstraints.cpp.o
PointerGestures.cpp.o
PointerWarp.cpp.o
PresentationTime.cpp.o
PrimarySelection.cpp.o
RelativePointer.cpp.o
Screencopy.cpp.o
SecurityContext.cpp.o
ServerDecorationKDE.cpp.o
SessionLock.cpp.o
ShortcutsInhibit.cpp.o
SinglePixel.cpp.o
Tablet.cpp.o
TearingControl.cpp.o
TextInputV1.cpp.o
TextInputV3.cpp.o
ToplevelExport.cpp.o
ToplevelMapping.cpp.o
Viewporter.cpp.o
VirtualKeyboard.cpp.o
VirtualPointer.cpp.o
WaylandProtocol.cpp.o
XDGActivation.cpp.o
XDGBell.cpp.o
XDGDecoration.cpp.o
XDGDialog.cpp.o
XDGForeignV2.cpp.o
XDGOutput.cpp.o
XDGShell.cpp.o
XDGTag.cpp.o
XWaylandShell.cpp.o
Compositor.cpp.o
DataDevice.cpp.o
Output.cpp.o
Seat.cpp.o
Shm.cpp.o
Subcompositor.cpp.o
Buffer.cpp.o
ContentType.cpp.o
DMABuffer.cpp.o
DataDevice.cpp.o
SurfaceState.cpp.o
SurfaceStateQueue.cpp.o
WLBuffer.cpp.o
ElementRenderer.cpp.o
Framebuffer.cpp.o
GLRenderer.cpp.o
OpenGL.cpp.o
Renderbuffer.cpp.o
Renderer.cpp.o
Shader.cpp.o
ShaderLoader.cpp.o
SyncFDManager.cpp.o
Texture.cpp.o
CHyprBorderDecoration.cpp.o
CHyprDropShadowDecoration.cpp.o
CHyprGroupBarDecoration.cpp.o
CHyprInnerGlowDecoration.cpp.o
DecorationPositioner.cpp.o
IHyprWindowDecoration.cpp.o
GLElementRenderer.cpp.o
GLFramebuffer.cpp.o
GLRenderbuffer.cpp.o
GLTexture.cpp.o
BorderPassElement.cpp.o
ClearPassElement.cpp.o
FramebufferElement.cpp.o
InnerGlowPassElement.cpp.o
Pass.cpp.o
PassElement.cpp.o
PreBlurElement.cpp.o
RectPassElement.cpp.o
RendererHintsPassElement.cpp.o
ShadowPassElement.cpp.o
SurfacePassElement.cpp.o
TexPassElement.cpp.o
TextureMatteElement.cpp.o
TransformedWindowPassElement.cpp.o
MotionBlurTransformer.cpp.o
Transformer.cpp.o
FallbackState.cpp.o
MonitorLayoutController.cpp.o
MonitorPositionController.cpp.o
MonitorQuery.cpp.o
MonitorQueryCore.cpp.o
MonitorState.cpp.o
MonitorStateTracker.cpp.o
WorkspacePlacementController.cpp.o
WorkspaceQuery.cpp.o
WorkspaceQueryCore.cpp.o
WorkspaceState.cpp.o
WorkspaceStateTracker.cpp.o
Dnd.cpp.o
Server.cpp.o
XDataSource.cpp.o
XSurface.cpp.o
XWM.cpp.o
XWayland.cpp.o
hyprland-global-shortcuts-v1.cpp.o
text-input-unstable-v1.cpp.o
hyprland-toplevel-export-v1.cpp.o
wlr-screencopy-unstable-v1.cpp.o
wlr-gamma-control-unstable-v1.cpp.o
wlr-foreign-toplevel-management-unstable-v1.cpp.o
wlr-output-power-management-unstable-v1.cpp.o
virtual-keyboard-unstable-v1.cpp.o
wlr-virtual-pointer-unstable-v1.cpp.o
input-method-unstable-v2.cpp.o
wlr-output-management-unstable-v1.cpp.o
kde-server-decoration.cpp.o
vicinae-hotkey-v1.cpp.o
wlr-data-control-unstable-v1.cpp.o
hyprland-focus-grab-v1.cpp.o
wlr-layer-shell-unstable-v1.cpp.o
wayland-drm.cpp.o
hyprland-ctm-control-v1.cpp.o
hyprland-surface-v1.cpp.o
hyprland-lock-notify-v1.cpp.o
hyprland-toplevel-mapping-v1.cpp.o
tearing-control-v1.cpp.o
fractional-scale-v1.cpp.o
xdg-output-unstable-v1.cpp.o
cursor-shape-v1.cpp.o
idle-inhibit-unstable-v1.cpp.o
relative-pointer-unstable-v1.cpp.o
xdg-decoration-unstable-v1.cpp.o
alpha-modifier-v1.cpp.o
ext-foreign-toplevel-list-v1.cpp.o
pointer-gestures-unstable-v1.cpp.o
keyboard-shortcuts-inhibit-unstable-v1.cpp.o
text-input-unstable-v3.cpp.o
pointer-constraints-unstable-v1.cpp.o
xdg-foreign-unstable-v2.cpp.o
xdg-activation-v1.cpp.o
ext-idle-notify-v1.cpp.o
ext-session-lock-v1.cpp.o
tablet-v2.cpp.o
presentation-time.cpp.o
xdg-shell.cpp.o
primary-selection-unstable-v1.cpp.o
xwayland-shell-v1.cpp.o
viewporter.cpp.o
linux-dmabuf-v1.cpp.o
drm-lease-v1.cpp.o
linux-drm-syncobj-v1.cpp.o
xdg-dialog-v1.cpp.o
single-pixel-buffer-v1.cpp.o
security-context-v1.cpp.o
content-type-v1.cpp.o
color-management-v1.cpp.o
xdg-toplevel-tag-v1.cpp.o
xdg-system-bell-v1.cpp.o
ext-workspace-v1.cpp.o
ext-data-control-v1.cpp.o
pointer-warp-v1.cpp.o
fifo-v1.cpp.o
commit-timing-v1.cpp.o
ext-image-capture-source-v1.cpp.o
ext-image-copy-capture-v1.cpp.o
ext-background-effect-v1.cpp.o
hyprland-input-capture-v1.cpp.o
wayland.cpp.o
WindowPolicy.cpp.o
