{"event":"ack-configure","sequence":1,"controlSequence":0,"rootCommits":1,"childCommits":0,"serial":17,"width":320,"height":240,"monotonicNs":261588598599796}
{"event":"buffercommit","sequence":2,"controlSequence":0,"rootCommits":2,"childCommits":0,"serial":17,"width":320,"height":240,"monotonicNs":261588598769816}
{"event":"ready","sequence":3,"controlSequence":0,"rootCommits":2,"childCommits":0,"serial":17,"width":320,"height":240,"monotonicNs":261588598776956}
{"event":"buffer-release","sequence":4,"controlSequence":0,"rootCommits":2,"childCommits":0,"serial":17,"width":320,"height":240,"monotonicNs":261588599375373}
{"event":"ack-configure","sequence":5,"controlSequence":0,"rootCommits":2,"childCommits":0,"serial":18,"width":320,"height":240,"monotonicNs":261588599398228}
{"event":"ack-configure","sequence":6,"controlSequence":0,"rootCommits":2,"childCommits":0,"serial":35,"width":320,"height":240,"monotonicNs":261594331673429}
{"event":"ack-configure","sequence":7,"controlSequence":0,"rootCommits":2,"childCommits":0,"serial":38,"width":320,"height":240,"monotonicNs":261594345789610}
{"event":"ack-configure","sequence":8,"controlSequence":0,"rootCommits":2,"childCommits":0,"serial":52,"width":320,"height":240,"monotonicNs":261595867975674}
{"event":"ack-configure","sequence":9,"controlSequence":0,"rootCommits":2,"childCommits":0,"serial":55,"width":320,"height":240,"monotonicNs":261595879518232}
{"event":"ack-configure","sequence":10,"controlSequence":0,"rootCommits":2,"childCommits":0,"serial":69,"width":320,"height":240,"monotonicNs":261602212399118}
{"event":"ack-configure","sequence":11,"controlSequence":0,"rootCommits":2,"childCommits":0,"serial":72,"width":320,"height":240,"monotonicNs":261602224843179}
{"event":"ack-configure","sequence":12,"controlSequence":0,"rootCommits":2,"childCommits":0,"serial":74,"width":320,"height":240,"monotonicNs":261602857566087}
{"event":"ack-configure","sequence":13,"controlSequence":0,"rootCommits":2,"childCommits":0,"serial":148,"width":320,"height":240,"monotonicNs":261618174841099}
{"event":"ack-configure","sequence":14,"controlSequence":0,"rootCommits":2,"childCommits":0,"serial":149,"width":320,"height":240,"monotonicNs":261618217466284}
{"event":"ack-configure","sequence":15,"controlSequence":0,"rootCommits":2,"childCommits":0,"serial":227,"width":320,"height":240,"monotonicNs":261638567845112}
{"event":"ack-configure","sequence":16,"controlSequence":0,"rootCommits":2,"childCommits":0,"serial":230,"width":320,"height":240,"monotonicNs":261638568876732}
{"event":"ack-configure","sequence":17,"controlSequence":0,"rootCommits":2,"childCommits":0,"serial":231,"width":320,"height":240,"monotonicNs":261638594311634}
{"event":"ack-configure","sequence":18,"controlSequence":0,"rootCommits":2,"childCommits":0,"serial":236,"width":320,"height":240,"monotonicNs":261638619882425}
{"event":"ack-configure","sequence":19,"controlSequence":0,"rootCommits":2,"childCommits":0,"serial":237,"width":320,"height":240,"monotonicNs":261638670717854}
{"event":"ack-configure","sequence":20,"controlSequence":0,"rootCommits":2,"childCommits":0,"serial":242,"width":320,"height":240,"monotonicNs":261638721498893}
{"event":"ack-configure","sequence":21,"controlSequence":0,"rootCommits":2,"childCommits":0,"serial":243,"width":320,"height":240,"monotonicNs":261638772925479}
{"event":"ack-configure","sequence":22,"controlSequence":0,"rootCommits":2,"childCommits":0,"serial":248,"width":320,"height":240,"monotonicNs":261638823931312}
{"event":"ack-configure","sequence":23,"controlSequence":0,"rootCommits":2,"childCommits":0,"serial":249,"width":320,"height":240,"monotonicNs":261638951354606}
{"event":"ack-configure","sequence":24,"controlSequence":0,"rootCommits":2,"childCommits":0,"serial":254,"width":320,"height":240,"monotonicNs":261639002519729}
{"event":"ack-configure","sequence":25,"controlSequence":0,"rootCommits":2,"childCommits":0,"serial":255,"width":320,"height":240,"monotonicNs":261639129765103}
{"event":"ack-configure","sequence":26,"controlSequence":0,"rootCommits":2,"childCommits":0,"serial":260,"width":320,"height":240,"monotonicNs":261639180747027}
{"event":"ack-configure","sequence":27,"controlSequence":0,"rootCommits":2,"childCommits":0,"serial":261,"width":320,"height":240,"monotonicNs":261639258416897}
{"event":"ack-configure","sequence":28,"controlSequence":0,"rootCommits":2,"childCommits":0,"serial":266,"width":320,"height":240,"monotonicNs":261639309314998}
{"event":"ack-configure","sequence":29,"controlSequence":0,"rootCommits":2,"childCommits":0,"serial":267,"width":320,"height":240,"monotonicNs":261639360784749}
{"event":"ack-configure","sequence":30,"controlSequence":0,"rootCommits":2,"childCommits":0,"serial":272,"width":320,"height":240,"monotonicNs":261639386547188}
{"event":"ack-configure","sequence":31,"controlSequence":0,"rootCommits":2,"childCommits":0,"serial":273,"width":320,"height":240,"monotonicNs":261639437880346}
{"event":"ack-configure","sequence":32,"controlSequence":0,"rootCommits":2,"childCommits":0,"serial":278,"width":320,"height":240,"monotonicNs":261639539104457}
{"event":"ack-configure","sequence":33,"controlSequence":0,"rootCommits":2,"childCommits":0,"serial":280,"width":320,"height":240,"monotonicNs":261640071787308}
{"event":"ack-configure","sequence":34,"controlSequence":0,"rootCommits":2,"childCommits":0,"serial":285,"width":320,"height":240,"monotonicNs":261640198539120}
{"event":"ack-configure","sequence":35,"controlSequence":0,"rootCommits":2,"childCommits":0,"serial":287,"width":320,"height":240,"monotonicNs":261640428980388}
{"event":"ack-configure","sequence":36,"controlSequence":0,"rootCommits":2,"childCommits":0,"serial":290,"width":320,"height":240,"monotonicNs":261640471706672}
{"event":"ack-configure","sequence":37,"controlSequence":0,"rootCommits":2,"childCommits":0,"serial":314,"width":320,"height":240,"monotonicNs":261640991453689}
{"event":"ack-configure","sequence":38,"controlSequence":0,"rootCommits":2,"childCommits":0,"serial":344,"width":320,"height":240,"monotonicNs":261647608699182}
{"event":"ack-configure","sequence":39,"controlSequence":0,"rootCommits":2,"childCommits":0,"serial":401,"width":320,"height":240,"monotonicNs":261654211254798}
{"event":"ack-configure","sequence":40,"controlSequence":0,"rootCommits":2,"childCommits":0,"serial":509,"width":320,"height":240,"monotonicNs":261672406506675}
{"event":"ack-configure","sequence":41,"controlSequence":0,"rootCommits":2,"childCommits":0,"serial":536,"width":320,"height":240,"monotonicNs":261673626526286}
{"event":"ack-configure","sequence":42,"controlSequence":0,"rootCommits":2,"childCommits":0,"serial":542,"width":320,"height":240,"monotonicNs":261673730329284}
{"event":"ack-configure","sequence":43,"controlSequence":0,"rootCommits":2,"childCommits":0,"serial":554,"width":320,"height":240,"monotonicNs":261674609390975}
{"event":"request","sequence":44,"controlSequence":1,"rootCommits":2,"childCommits":0,"serial":554,"width":320,"height":240,"monotonicNs":261675305089053,"command":"quit"}
{"event":"normalexit","sequence":45,"controlSequence":1,"rootCommits":2,"childCommits":0,"serial":554,"width":320,"height":240,"monotonicNs":261675305117408}
