	linux-vdso.so.1 (0x00007f7ff0692000)
	libwebkit2gtk-4.1.so.0 => /usr/lib/libwebkit2gtk-4.1.so.0 (0x00007f7feac00000)
	libsoup-3.0.so.0 => /usr/lib/libsoup-3.0.so.0 (0x00007f7ff05ad000)
	libjavascriptcoregtk-4.1.so.0 => /usr/lib/libjavascriptcoregtk-4.1.so.0 (0x00007f7fe8600000)
	libgtk-layer-shell.so.0 => /usr/lib/libgtk-layer-shell.so.0 (0x00007f7ff056f000)
	libgtk-3.so.0 => /usr/lib/libgtk-3.so.0 (0x00007f7fe7e00000)
	libgdk-3.so.0 => /usr/lib/libgdk-3.so.0 (0x00007f7feab13000)
	libpangocairo-1.0.so.0 => /usr/lib/libpangocairo-1.0.so.0 (0x00007f7ff055b000)
	libcairo-gobject.so.2 => /usr/lib/libcairo-gobject.so.2 (0x00007f7ff0552000)
	libgdk_pixbuf-2.0.so.0 => /usr/lib/libgdk_pixbuf-2.0.so.0 (0x00007f7feaad9000)
	libatk-1.0.so.0 => /usr/lib/libatk-1.0.so.0 (0x00007f7feaab2000)
	libpango-1.0.so.0 => /usr/lib/libpango-1.0.so.0 (0x00007f7feaa43000)
	libcairo.so.2 => /usr/lib/libcairo.so.2 (0x00007f7fe7cc3000)
	libharfbuzz.so.0 => /usr/lib/libharfbuzz.so.0 (0x00007f7fe7b84000)
	libjson-glib-1.0.so.0 => /usr/lib/libjson-glib-1.0.so.0 (0x00007f7feaa19000)
	libgio-2.0.so.0 => /usr/lib/libgio-2.0.so.0 (0x00007f7fe79a5000)
	libgobject-2.0.so.0 => /usr/lib/libgobject-2.0.so.0 (0x00007f7fe859d000)
	libgmodule-2.0.so.0 => /usr/lib/libgmodule-2.0.so.0 (0x00007f7ff0547000)
	libglib-2.0.so.0 => /usr/lib/libglib-2.0.so.0 (0x00007f7fe7842000)
	libz.so.1 => /usr/lib/libz.so.1 (0x00007f7fe8582000)
	libc.so.6 => /usr/lib/libc.so.6 (0x00007f7fe7600000)
	libepoxy.so.0 => /usr/lib/libepoxy.so.0 (0x00007f7fe74f3000)
	libatomic.so.1 => /usr/lib/libatomic.so.1 (0x00007f7feaa0e000)
	libfreetype.so.6 => /usr/lib/libfreetype.so.6 (0x00007f7fe7423000)
	libfontconfig.so.1 => /usr/lib/libfontconfig.so.1 (0x00007f7fe8507000)
	libwebpmux.so.3 => /usr/lib/libwebpmux.so.3 (0x00007f7fe7836000)
	libexpat.so.1 => /usr/lib/libexpat.so.1 (0x00007f7fe73f5000)
	libicui18n.so.78 => /usr/lib/libicui18n.so.78 (0x00007f7fe7000000)
	libsystemd.so.0 => /usr/lib/libsystemd.so.0 (0x00007f7fe6eb8000)
	libjpeg.so.8 => /usr/lib/libjpeg.so.8 (0x00007f7fe6e10000)
	libpng16.so.16 => /usr/lib/libpng16.so.16 (0x00007f7fe73b8000)
	libicuuc.so.78 => /usr/lib/libicuuc.so.78 (0x00007f7fe6c00000)
	libxml2.so.16 => /usr/lib/libxml2.so.16 (0x00007f7fe6abb000)
	libsqlite3.so.0 => /usr/lib/libsqlite3.so.0 (0x00007f7fe6922000)
	libxslt.so.1 => /usr/lib/libxslt.so.1 (0x00007f7fe68e5000)
	liblcms2.so.2 => /usr/lib/liblcms2.so.2 (0x00007f7fe6879000)
	libgcrypt.so.20 => /usr/lib/libgcrypt.so.20 (0x00007f7fe66c8000)
	libgstallocators-1.0.so.0 => /usr/lib/libgstallocators-1.0.so.0 (0x00007f7fe782c000)
	libgstapp-1.0.so.0 => /usr/lib/libgstapp-1.0.so.0 (0x00007f7fe739f000)
	libgstbase-1.0.so.0 => /usr/lib/libgstbase-1.0.so.0 (0x00007f7fe6640000)
	libgstreamer-1.0.so.0 => /usr/lib/libgstreamer-1.0.so.0 (0x00007f7fe64cd000)
	libgstpbutils-1.0.so.0 => /usr/lib/libgstpbutils-1.0.so.0 (0x00007f7fe6488000)
	libgstaudio-1.0.so.0 => /usr/lib/libgstaudio-1.0.so.0 (0x00007f7fe63fe000)
	libgsttag-1.0.so.0 => /usr/lib/libgsttag-1.0.so.0 (0x00007f7fe63bf000)
	libgstvideo-1.0.so.0 => /usr/lib/libgstvideo-1.0.so.0 (0x00007f7fe62e0000)
	libgstgl-1.0.so.0 => /usr/lib/libgstgl-1.0.so.0 (0x00007f7fe624a000)
	libgstfft-1.0.so.0 => /usr/lib/libgstfft-1.0.so.0 (0x00007f7fe7394000)
	libwebpdemux.so.2 => /usr/lib/libwebpdemux.so.2 (0x00007f7fe7825000)
	libwebp.so.7 => /usr/lib/libwebp.so.7 (0x00007f7fe61c3000)
	libjxl.so.0.12 => /usr/lib/libjxl.so.0.12 (0x00007f7fe5c00000)
	libavif.so.16 => /usr/lib/libavif.so.16 (0x00007f7fe617b000)
	libharfbuzz-icu.so.0 => /usr/lib/libharfbuzz-icu.so.0 (0x00007f7fe738f000)
	libX11.so.6 => /usr/lib/libX11.so.6 (0x00007f7fe6039000)
	libwayland-server.so.0 => /usr/lib/libwayland-server.so.0 (0x00007f7fe5beb000)
	libwayland-client.so.0 => /usr/lib/libwayland-client.so.0 (0x00007f7fe5bdb000)
	libm.so.6 => /usr/lib/libm.so.6 (0x00007f7fe5aa4000)
	libmanette-0.2.so.0 => /usr/lib/libmanette-0.2.so.0 (0x00007f7fe5a52000)
	libseccomp.so.2 => /usr/lib/libseccomp.so.2 (0x00007f7fe5a25000)
	libenchant-2.so.2 => /usr/lib/libenchant-2.so.2 (0x00007f7fe5a13000)
	libgbm.so.1 => /usr/lib/libgbm.so.1 (0x00007f7fe5a0d000)
	libdrm.so.2 => /usr/lib/libdrm.so.2 (0x00007f7fe59f6000)
	libtasn1.so.6 => /usr/lib/libtasn1.so.6 (0x00007f7fe59e0000)
	libhyphen.so.0 => /usr/lib/libhyphen.so.0 (0x00007f7fe59d8000)
	libsecret-1.so.0 => /usr/lib/libsecret-1.so.0 (0x00007f7fe597a000)
	libstdc++.so.6 => /usr/lib/libstdc++.so.6 (0x00007f7fe5600000)
	libgcc_s.so.1 => /usr/lib/libgcc_s.so.1 (0x00007f7fe594d000)
	/lib64/ld-linux-x86-64.so.2 => /usr/lib64/ld-linux-x86-64.so.2 (0x00007f7ff0694000)
	libpsl.so.5 => /usr/lib/libpsl.so.5 (0x00007f7fe5939000)
	libbrotlidec.so.1 => /usr/lib/libbrotlidec.so.1 (0x00007f7fe592a000)
	libgssapi_krb5.so.2 => /usr/lib/libgssapi_krb5.so.2 (0x00007f7fe55a8000)
	libnghttp2.so.14 => /usr/lib/libnghttp2.so.14 (0x00007f7fe5900000)
	libpangoft2-1.0.so.0 => /usr/lib/libpangoft2-1.0.so.0 (0x00007f7fe58df000)
	libfribidi.so.0 => /usr/lib/libfribidi.so.0 (0x00007f7fe5588000)
	libXi.so.6 => /usr/lib/libXi.so.6 (0x00007f7fe5573000)
	libatk-bridge-2.0.so.0 => /usr/lib/libatk-bridge-2.0.so.0 (0x00007f7fe5537000)
	libcloudproviders.so.0 => /usr/lib/libcloudproviders.so.0 (0x00007f7fe551f000)
	libtinysparql-3.0.so.0 => /usr/lib/libtinysparql-3.0.so.0 (0x00007f7fe544b000)
	libXfixes.so.3 => /usr/lib/libXfixes.so.3 (0x00007f7fe58d5000)
	libxkbcommon.so.0 => /usr/lib/libxkbcommon.so.0 (0x00007f7fe53ec000)
	libwayland-cursor.so.0 => /usr/lib/libwayland-cursor.so.0 (0x00007f7fe53e3000)
	libwayland-egl.so.1 => /usr/lib/libwayland-egl.so.1 (0x00007f7fe53de000)
	libXext.so.6 => /usr/lib/libXext.so.6 (0x00007f7fe53ca000)
	libXcursor.so.1 => /usr/lib/libXcursor.so.1 (0x00007f7fe53bd000)
	libXdamage.so.1 => /usr/lib/libXdamage.so.1 (0x00007f7fe53b8000)
	libXcomposite.so.1 => /usr/lib/libXcomposite.so.1 (0x00007f7fe53b3000)
	libXrandr.so.2 => /usr/lib/libXrandr.so.2 (0x00007f7fe53a6000)
	libXinerama.so.1 => /usr/lib/libXinerama.so.1 (0x00007f7fe53a1000)
	libglycin-2.so.0 => /usr/lib/libglycin-2.so.0 (0x00007f7fe4e00000)
	libthai.so.0 => /usr/lib/libthai.so.0 (0x00007f7fe5394000)
	libXrender.so.1 => /usr/lib/libXrender.so.1 (0x00007f7fe5388000)
	libxcb.so.1 => /usr/lib/libxcb.so.1 (0x00007f7fe535d000)
	libxcb-render.so.0 => /usr/lib/libxcb-render.so.0 (0x00007f7fe534e000)
	libxcb-shm.so.0 => /usr/lib/libxcb-shm.so.0 (0x00007f7fe5347000)
	libpixman-1.so.0 => /usr/lib/libpixman-1.so.0 (0x00007f7fe5298000)
	libgraphite2.so.3 => /usr/lib/libgraphite2.so.3 (0x00007f7fe5275000)
	libmount.so.1 => /usr/lib/libmount.so.1 (0x00007f7fe5218000)
	libffi.so.8 => /usr/lib/libffi.so.8 (0x00007f7fe520a000)
	libpcre2-8.so.0 => /usr/lib/libpcre2-8.so.0 (0x00007f7fe4d4d000)
	libbz2.so.1.0 => /usr/lib/libbz2.so.1.0 (0x00007f7fe4d3a000)
	libicudata.so.78 => /usr/lib/libicudata.so.78 (0x00007f7fe2c00000)
	libgpg-error.so.0 => /usr/lib/libgpg-error.so.0 (0x00007f7fe4d0d000)
	libunwind.so.8 => /usr/lib/libunwind.so.8 (0x00007f7fe4cf1000)
	libdw.so.1 => /usr/lib/libdw.so.1 (0x00007f7fe4c4f000)
	liborc-0.4.so.0 => /usr/lib/liborc-0.4.so.0 (0x00007f7fe2aee000)
	libEGL.so.1 => /usr/lib/libEGL.so.1 (0x00007f7fe4c3d000)
	libGLX.so.0 => /usr/lib/libGLX.so.0 (0x00007f7fe4c0c000)
	libX11-xcb.so.1 => /usr/lib/libX11-xcb.so.1 (0x00007f7fe51ff000)
	libgudev-1.0.so.0 => /usr/lib/libgudev-1.0.so.0 (0x00007f7fe4c00000)
	libsharpyuv.so.0 => /usr/lib/libsharpyuv.so.0 (0x00007f7fe4bf7000)
	libjxl_cms.so.0.12 => /usr/lib/libjxl_cms.so.0.12 (0x00007f7fe4bce000)
	libhwy.so.1 => /usr/lib/libhwy.so.1 (0x00007f7fe4bbf000)
	libbrotlienc.so.1 => /usr/lib/libbrotlienc.so.1 (0x00007f7fe2a2e000)
	libyuv.so => /usr/lib/libyuv.so (0x00007f7fe2987000)
	libdav1d.so.7 => /usr/lib/libdav1d.so.7 (0x00007f7fe27a6000)
	librav1e.so.0.8 => /usr/lib/librav1e.so.0.8 (0x00007f7fe2400000)
	libSvtAv1Enc.so.4 => /usr/lib/libSvtAv1Enc.so.4 (0x00007f7fd9e00000)
	libaom.so.3 => /usr/lib/libaom.so.3 (0x00007f7fd9400000)
	libhidapi-hidraw.so.0 => /usr/lib/libhidapi-hidraw.so.0 (0x00007f7fe4bb5000)
	libevdev.so.2 => /usr/lib/libevdev.so.2 (0x00007f7fe4b9f000)
	libtss2-esys.so.0 => /usr/lib/libtss2-esys.so.0 (0x00007f7fe236e000)
	libtss2-mu.so.0 => /usr/lib/libtss2-mu.so.0 (0x00007f7fe275c000)
	libtss2-rc.so.0 => /usr/lib/libtss2-rc.so.0 (0x00007f7fe4b96000)
	libtss2-tctildr.so.0 => /usr/lib/libtss2-tctildr.so.0 (0x00007f7fe2752000)
	libunistring.so.5 => /usr/lib/libunistring.so.5 (0x00007f7fd9219000)
	libidn2.so.0 => /usr/lib/libidn2.so.0 (0x00007f7fe2730000)
	libbrotlicommon.so.1 => /usr/lib/libbrotlicommon.so.1 (0x00007f7fd9ddd000)
	libkrb5.so.3 => /usr/lib/libkrb5.so.3 (0x00007f7fd9d0e000)
	libk5crypto.so.3 => /usr/lib/libk5crypto.so.3 (0x00007f7fd9ce0000)
	libcom_err.so.2 => /usr/lib/libcom_err.so.2 (0x00007f7fe2728000)
	libkrb5support.so.0 => /usr/lib/libkrb5support.so.0 (0x00007f7fd920a000)
	libkeyutils.so.1 => /usr/lib/libkeyutils.so.1 (0x00007f7fd9203000)
	libresolv.so.2 => /usr/lib/libresolv.so.2 (0x00007f7fd91f0000)
	libatspi.so.0 => /usr/lib/libatspi.so.0 (0x00007f7fd91b4000)
	libdbus-1.so.3 => /usr/lib/libdbus-1.so.3 (0x00007f7fd9161000)
	libdatrie.so.1 => /usr/lib/libdatrie.so.1 (0x00007f7fd9158000)
	libXau.so.6 => /usr/lib/libXau.so.6 (0x00007f7fd9153000)
	libXdmcp.so.6 => /usr/lib/libXdmcp.so.6 (0x00007f7fd914b000)
	libblkid.so.1 => /usr/lib/libblkid.so.1 (0x00007f7fd910b000)
	liblzma.so.5 => /usr/lib/liblzma.so.5 (0x00007f7fd90d6000)
	libelf.so.1 => /usr/lib/libelf.so.1 (0x00007f7fd90b8000)
	libzstd.so.1 => /usr/lib/libzstd.so.1 (0x00007f7fd8fd2000)
	libGLdispatch.so.0 => /usr/lib/libGLdispatch.so.0 (0x00007f7fd8f59000)
	libudev.so.1 => /usr/lib/libudev.so.1 (0x00007f7fd8f07000)
	libcrypto.so.3 => /usr/lib/libcrypto.so.3 (0x00007f7fd8800000)
	libtss2-sys.so.1 => /usr/lib/libtss2-sys.so.1 (0x00007f7fd8ee5000)
