	linux-vdso.so.1 (0x00007fd902375000)
	libxcb-icccm.so.4 => /usr/lib/libxcb-icccm.so.4 (0x00007fd902340000)
	libxcb-composite.so.0 => /usr/lib/libxcb-composite.so.0 (0x00007fd90233b000)
	libxcb-xfixes.so.0 => /usr/lib/libxcb-xfixes.so.0 (0x00007fd902332000)
	libxcb-render.so.0 => /usr/lib/libxcb-render.so.0 (0x00007fd902323000)
	libxcb-res.so.0 => /usr/lib/libxcb-res.so.0 (0x00007fd90231b000)
	libxcb-errors.so.0 => /usr/lib/libxcb-errors.so.0 (0x00007fd902311000)
	libxcb.so.1 => /usr/lib/libxcb.so.1 (0x00007fd9022e6000)
	libaquamarine.so.14 => /usr/lib/libaquamarine.so.14 (0x00007fd90218f000)
	libhyprlang.so.2 => /usr/lib/libhyprlang.so.2 (0x00007fd9011bb000)
	libhyprutils.so.13 => /usr/lib/libhyprutils.so.13 (0x00007fd901142000)
	libhyprcursor.so.0 => /usr/lib/libhyprcursor.so.0 (0x00007fd9010e1000)
	libhyprgraphics.so.4 => /usr/lib/libhyprgraphics.so.4 (0x00007fd9010ab000)
	libxkbcommon.so.0 => /usr/lib/libxkbcommon.so.0 (0x00007fd90104c000)
	libuuid.so.1 => /usr/lib/libuuid.so.1 (0x00007fd902183000)
	libwayland-server.so.0 => /usr/lib/libwayland-server.so.0 (0x00007fd901037000)
	libpangocairo-1.0.so.0 => /usr/lib/libpangocairo-1.0.so.0 (0x00007fd901025000)
	libpango-1.0.so.0 => /usr/lib/libpango-1.0.so.0 (0x00007fd900fb6000)
	libcairo.so.2 => /usr/lib/libcairo.so.2 (0x00007fd900e79000)
	libharfbuzz.so.0 => /usr/lib/libharfbuzz.so.0 (0x00007fd900d3a000)
	libpixman-1.so.0 => /usr/lib/libpixman-1.so.0 (0x00007fd900c8b000)
	libXcursor.so.1 => /usr/lib/libXcursor.so.1 (0x00007fd900c7e000)
	libdrm.so.2 => /usr/lib/libdrm.so.2 (0x00007fd900c67000)
	libinput.so.10 => /usr/lib/libinput.so.10 (0x00007fd900bf6000)
	libeis.so.1 => /usr/lib/libeis.so.1 (0x00007fd900bd5000)
	libgbm.so.1 => /usr/lib/libgbm.so.1 (0x00007fd900bcf000)
	libgio-2.0.so.0 => /usr/lib/libgio-2.0.so.0 (0x00007fd9009f0000)
	libgobject-2.0.so.0 => /usr/lib/libgobject-2.0.so.0 (0x00007fd90098d000)
	libglib-2.0.so.0 => /usr/lib/libglib-2.0.so.0 (0x00007fd90082a000)
	libre2.so.11 => /usr/lib/libre2.so.11 (0x00007fd90079d000)
	libabsl_log_internal_check_op.so.2608.0.0 => /usr/lib/libabsl_log_internal_check_op.so.2608.0.0 (0x00007fd900794000)
	libabsl_leak_check.so.2608.0.0 => /usr/lib/libabsl_leak_check.so.2608.0.0 (0x00007fd90078f000)
	libabsl_log_internal_conditions.so.2608.0.0 => /usr/lib/libabsl_log_internal_conditions.so.2608.0.0 (0x00007fd90078a000)
	libabsl_log_internal_message.so.2608.0.0 => /usr/lib/libabsl_log_internal_message.so.2608.0.0 (0x00007fd90077b000)
	libabsl_examine_stack.so.2608.0.0 => /usr/lib/libabsl_examine_stack.so.2608.0.0 (0x00007fd900776000)
	libabsl_log_internal_format.so.2608.0.0 => /usr/lib/libabsl_log_internal_format.so.2608.0.0 (0x00007fd900771000)
	libabsl_log_internal_nullguard.so.2608.0.0 => /usr/lib/libabsl_log_internal_nullguard.so.2608.0.0 (0x00007fd90076c000)
	libabsl_log_internal_structured_proto.so.2608.0.0 => /usr/lib/libabsl_log_internal_structured_proto.so.2608.0.0 (0x00007fd900767000)
	libabsl_log_internal_log_sink_set.so.2608.0.0 => /usr/lib/libabsl_log_internal_log_sink_set.so.2608.0.0 (0x00007fd900761000)
	libabsl_log_internal_globals.so.2608.0.0 => /usr/lib/libabsl_log_internal_globals.so.2608.0.0 (0x00007fd90075a000)
	libabsl_log_globals.so.2608.0.0 => /usr/lib/libabsl_log_globals.so.2608.0.0 (0x00007fd900754000)
	libabsl_log_sink.so.2608.0.0 => /usr/lib/libabsl_log_sink.so.2608.0.0 (0x00007fd90074f000)
	libabsl_log_entry.so.2608.0.0 => /usr/lib/libabsl_log_entry.so.2608.0.0 (0x00007fd900749000)
	libabsl_log_internal_proto.so.2608.0.0 => /usr/lib/libabsl_log_internal_proto.so.2608.0.0 (0x00007fd900744000)
	libabsl_strerror.so.2608.0.0 => /usr/lib/libabsl_strerror.so.2608.0.0 (0x00007fd90073d000)
	libabsl_vlog_config_internal.so.2608.0.0 => /usr/lib/libabsl_vlog_config_internal.so.2608.0.0 (0x00007fd900734000)
	libabsl_log_internal_fnmatch.so.2608.0.0 => /usr/lib/libabsl_log_internal_fnmatch.so.2608.0.0 (0x00007fd90072f000)
	libabsl_flags_internal.so.2608.0.0 => /usr/lib/libabsl_flags_internal.so.2608.0.0 (0x00007fd900724000)
	libabsl_flags_marshalling.so.2608.0.0 => /usr/lib/libabsl_flags_marshalling.so.2608.0.0 (0x00007fd900718000)
	libabsl_flags_reflection.so.2608.0.0 => /usr/lib/libabsl_flags_reflection.so.2608.0.0 (0x00007fd90070c000)
	libabsl_flags_private_handle_accessor.so.2608.0.0 => /usr/lib/libabsl_flags_private_handle_accessor.so.2608.0.0 (0x00007fd900705000)
	libabsl_flags_commandlineflag.so.2608.0.0 => /usr/lib/libabsl_flags_commandlineflag.so.2608.0.0 (0x00007fd900700000)
	libabsl_flags_commandlineflag_internal.so.2608.0.0 => /usr/lib/libabsl_flags_commandlineflag_internal.so.2608.0.0 (0x00007fd9006fb000)
	libabsl_flags_config.so.2608.0.0 => /usr/lib/libabsl_flags_config.so.2608.0.0 (0x00007fd9006f4000)
	libabsl_flags_program_name.so.2608.0.0 => /usr/lib/libabsl_flags_program_name.so.2608.0.0 (0x00007fd9006ef000)
	libabsl_raw_hash_set.so.2608.0.0 => /usr/lib/libabsl_raw_hash_set.so.2608.0.0 (0x00007fd9006e2000)
	libabsl_cord.so.2608.0.0 => /usr/lib/libabsl_cord.so.2608.0.0 (0x00007fd9006c9000)
	libabsl_cordz_info.so.2608.0.0 => /usr/lib/libabsl_cordz_info.so.2608.0.0 (0x00007fd9006c2000)
	libabsl_cord_internal.so.2608.0.0 => /usr/lib/libabsl_cord_internal.so.2608.0.0 (0x00007fd9006b3000)
	libabsl_cordz_functions.so.2608.0.0 => /usr/lib/libabsl_cordz_functions.so.2608.0.0 (0x00007fd9006ae000)
	libabsl_cordz_handle.so.2608.0.0 => /usr/lib/libabsl_cordz_handle.so.2608.0.0 (0x00007fd9006a7000)
	libabsl_crc_cord_state.so.2608.0.0 => /usr/lib/libabsl_crc_cord_state.so.2608.0.0 (0x00007fd9006a0000)
	libabsl_crc32c.so.2608.0.0 => /usr/lib/libabsl_crc32c.so.2608.0.0 (0x00007fd90069a000)
	libabsl_crc_internal.so.2608.0.0 => /usr/lib/libabsl_crc_internal.so.2608.0.0 (0x00007fd900694000)
	libabsl_base_cpu_detect.so.2608.0.0 => /usr/lib/libabsl_base_cpu_detect.so.2608.0.0 (0x00007fd90068f000)
	libabsl_hashtablez_sampler.so.2608.0.0 => /usr/lib/libabsl_hashtablez_sampler.so.2608.0.0 (0x00007fd900689000)
	libabsl_exponential_biased.so.2608.0.0 => /usr/lib/libabsl_exponential_biased.so.2608.0.0 (0x00007fd900682000)
	libabsl_hash.so.2608.0.0 => /usr/lib/libabsl_hash.so.2608.0.0 (0x00007fd90067d000)
	libabsl_city.so.2608.0.0 => /usr/lib/libabsl_city.so.2608.0.0 (0x00007fd900678000)
	libabsl_str_format_internal.so.2608.0.0 => /usr/lib/libabsl_str_format_internal.so.2608.0.0 (0x00007fd900659000)
	libabsl_synchronization.so.2608.0.0 => /usr/lib/libabsl_synchronization.so.2608.0.0 (0x00007fd900647000)
	libabsl_graphcycles_internal.so.2608.0.0 => /usr/lib/libabsl_graphcycles_internal.so.2608.0.0 (0x00007fd90063c000)
	libabsl_kernel_timeout_internal.so.2608.0.0 => /usr/lib/libabsl_kernel_timeout_internal.so.2608.0.0 (0x00007fd900637000)
	libabsl_stacktrace.so.2608.0.0 => /usr/lib/libabsl_stacktrace.so.2608.0.0 (0x00007fd900632000)
	libabsl_symbolize.so.2608.0.0 => /usr/lib/libabsl_symbolize.so.2608.0.0 (0x00007fd90062a000)
	libabsl_debugging_internal.so.2608.0.0 => /usr/lib/libabsl_debugging_internal.so.2608.0.0 (0x00007fd900623000)
	libabsl_demangle_internal.so.2608.0.0 => /usr/lib/libabsl_demangle_internal.so.2608.0.0 (0x00007fd900614000)
	libabsl_demangle_rust.so.2608.0.0 => /usr/lib/libabsl_demangle_rust.so.2608.0.0 (0x00007fd90060d000)
	libabsl_decode_rust_punycode.so.2608.0.0 => /usr/lib/libabsl_decode_rust_punycode.so.2608.0.0 (0x00007fd900608000)
	libabsl_utf8_for_code_point.so.2608.0.0 => /usr/lib/libabsl_utf8_for_code_point.so.2608.0.0 (0x00007fd900603000)
	libabsl_malloc_internal.so.2608.0.0 => /usr/lib/libabsl_malloc_internal.so.2608.0.0 (0x00007fd9005fc000)
	libabsl_time.so.2608.0.0 => /usr/lib/libabsl_time.so.2608.0.0 (0x00007fd9005e6000)
	libabsl_civil_time.so.2608.0.0 => /usr/lib/libabsl_civil_time.so.2608.0.0 (0x00007fd9005de000)
	libabsl_strings.so.2608.0.0 => /usr/lib/libabsl_strings.so.2608.0.0 (0x00007fd9005b8000)
	libabsl_strings_internal.so.2608.0.0 => /usr/lib/libabsl_strings_internal.so.2608.0.0 (0x00007fd9005b2000)
	libabsl_hardening.so.2608.0.0 => /usr/lib/libabsl_hardening.so.2608.0.0 (0x00007fd9005ad000)
	libabsl_int128.so.2608.0.0 => /usr/lib/libabsl_int128.so.2608.0.0 (0x00007fd9005a4000)
	libabsl_source_location.so.2608.0.0 => /usr/lib/libabsl_source_location.so.2608.0.0 (0x00007fd90059f000)
	libabsl_throw_delegate.so.2608.0.0 => /usr/lib/libabsl_throw_delegate.so.2608.0.0 (0x00007fd900599000)
	libabsl_time_zone.so.2608.0.0 => /usr/lib/libabsl_time_zone.so.2608.0.0 (0x00007fd90057e000)
	libabsl_tracing_internal.so.2608.0.0 => /usr/lib/libabsl_tracing_internal.so.2608.0.0 (0x00007fd900579000)
	libabsl_base.so.2608.0.0 => /usr/lib/libabsl_base.so.2608.0.0 (0x00007fd900573000)
	libabsl_raw_logging_internal.so.2608.0.0 => /usr/lib/libabsl_raw_logging_internal.so.2608.0.0 (0x00007fd90056c000)
	libabsl_log_severity.so.2608.0.0 => /usr/lib/libabsl_log_severity.so.2608.0.0 (0x00007fd900567000)
	libabsl_spinlock_wait.so.2608.0.0 => /usr/lib/libabsl_spinlock_wait.so.2608.0.0 (0x00007fd900562000)
	libmuparser.so.2 => /usr/lib/libmuparser.so.2 (0x00007fd9004dd000)
	liblcms2.so.2 => /usr/lib/liblcms2.so.2 (0x00007fd900471000)
	liblua.so.5.5 => /usr/lib/liblua.so.5.5 (0x00007fd900427000)
	libEGL.so.1 => /usr/lib/libEGL.so.1 (0x00007fd900413000)
	libGLESv2.so.2 => /usr/lib/libGLESv2.so.2 (0x00007fd900403000)
	libGLX.so.0 => /usr/lib/libGLX.so.0 (0x00007fd9003d2000)
	libOpenGL.so.0 => /usr/lib/libOpenGL.so.0 (0x00007fd9003ae000)
	libglslang-default-resource-limits.so.16 => /usr/lib/libglslang-default-resource-limits.so.16 (0x00007fd9003a4000)
	libSPIRV.so.16 => /usr/lib/libSPIRV.so.16 (0x00007fd90039f000)
	libglslang.so.16 => /usr/lib/libglslang.so.16 (0x00007fd8ff800000)
	libSPIRV-Tools-opt.so => /usr/lib/libSPIRV-Tools-opt.so (0x00007fd8ff400000)
	libSPIRV-Tools.so => /usr/lib/libSPIRV-Tools.so (0x00007fd8ff224000)
	libstdc++.so.6 => /usr/lib/libstdc++.so.6 (0x00007fd8fee00000)
	libm.so.6 => /usr/lib/libm.so.6 (0x00007fd8ff6c9000)
	libgcc_s.so.1 => /usr/lib/libgcc_s.so.1 (0x00007fd900370000)
	libc.so.6 => /usr/lib/libc.so.6 (0x00007fd8fea00000)
	libXau.so.6 => /usr/lib/libXau.so.6 (0x00007fd900369000)
	libXdmcp.so.6 => /usr/lib/libXdmcp.so.6 (0x00007fd900361000)
	libseat.so.1 => /usr/lib/libseat.so.1 (0x00007fd900356000)
	libwayland-client.so.0 => /usr/lib/libwayland-client.so.0 (0x00007fd900346000)
	libudev.so.1 => /usr/lib/libudev.so.1 (0x00007fd9002f4000)
	libdisplay-info.so.3 => /usr/lib/libdisplay-info.so.3 (0x00007fd8ff690000)
	libzip.so.5 => /usr/lib/libzip.so.5 (0x00007fd9002d4000)
	librsvg-2.so.2 => /usr/lib/librsvg-2.so.2 (0x00007fd8fe400000)
	libtomlplusplus.so.3 => /usr/lib/libtomlplusplus.so.3 (0x00007fd8ff1ea000)
	libjpeg.so.8 => /usr/lib/libjpeg.so.8 (0x00007fd8ff142000)
	libwebp.so.7 => /usr/lib/libwebp.so.7 (0x00007fd8fed79000)
	libmagic.so.1 => /usr/lib/libmagic.so.1 (0x00007fd8ff113000)
	libpng16.so.16 => /usr/lib/libpng16.so.16 (0x00007fd8ff0d6000)
	libjxl.so.0.12 => /usr/lib/libjxl.so.0.12 (0x00007fd8fde00000)
	libjxl_threads.so.0.12 => /usr/lib/libjxl_threads.so.0.12 (0x00007fd9002cc000)
	/lib64/ld-linux-x86-64.so.2 => /usr/lib64/ld-linux-x86-64.so.2 (0x00007fd902377000)
	libffi.so.8 => /usr/lib/libffi.so.8 (0x00007fd8ff682000)
	libpangoft2-1.0.so.0 => /usr/lib/libpangoft2-1.0.so.0 (0x00007fd8fed5a000)
	libfontconfig.so.1 => /usr/lib/libfontconfig.so.1 (0x00007fd8fecdf000)
	libfribidi.so.0 => /usr/lib/libfribidi.so.0 (0x00007fd8fecbf000)
	libthai.so.0 => /usr/lib/libthai.so.0 (0x00007fd9002bf000)
	libz.so.1 => /usr/lib/libz.so.1 (0x00007fd8feca4000)
	libfreetype.so.6 => /usr/lib/libfreetype.so.6 (0x00007fd8fe930000)
	libX11.so.6 => /usr/lib/libX11.so.6 (0x00007fd8fe2be000)
	libXext.so.6 => /usr/lib/libXext.so.6 (0x00007fd8fec90000)
	libXrender.so.1 => /usr/lib/libXrender.so.1 (0x00007fd8fec84000)
	libxcb-shm.so.0 => /usr/lib/libxcb-shm.so.0 (0x00007fd8ff67d000)
	libgraphite2.so.3 => /usr/lib/libgraphite2.so.3 (0x00007fd8fec61000)
	libXfixes.so.3 => /usr/lib/libXfixes.so.3 (0x00007fd8fec59000)
	libmtdev.so.1 => /usr/lib/libmtdev.so.1 (0x00007fd8fec52000)
	libevdev.so.2 => /usr/lib/libevdev.so.2 (0x00007fd8fec3c000)
	libwacom.so.9 => /usr/lib/libwacom.so.9 (0x00007fd8fec29000)
	liblua5.4.so.5.4 => /usr/lib/liblua5.4.so.5.4 (0x00007fd8fe8ea000)
	libexpat.so.1 => /usr/lib/libexpat.so.1 (0x00007fd8fe8bc000)
	libgmodule-2.0.so.0 => /usr/lib/libgmodule-2.0.so.0 (0x00007fd8fe8b5000)
	libmount.so.1 => /usr/lib/libmount.so.1 (0x00007fd8fe261000)
	libpcre2-8.so.0 => /usr/lib/libpcre2-8.so.0 (0x00007fd8fdd4d000)
	libgomp.so.1 => /usr/lib/libgomp.so.1 (0x00007fd8fdcf3000)
	libGLdispatch.so.0 => /usr/lib/libGLdispatch.so.0 (0x00007fd8fdc7a000)
	libsystemd.so.0 => /usr/lib/libsystemd.so.0 (0x00007fd8fdb32000)
	libbz2.so.1.0 => /usr/lib/libbz2.so.1.0 (0x00007fd8fe8a2000)
	liblzma.so.5 => /usr/lib/liblzma.so.5 (0x00007fd8fdafd000)
	libzstd.so.1 => /usr/lib/libzstd.so.1 (0x00007fd8fda17000)
	libcrypto.so.3 => /usr/lib/libcrypto.so.3 (0x00007fd8fd400000)
	libgdk_pixbuf-2.0.so.0 => /usr/lib/libgdk_pixbuf-2.0.so.0 (0x00007fd8fd9dd000)
	libdav1d.so.7 => /usr/lib/libdav1d.so.7 (0x00007fd8fd21f000)
	libxml2.so.16 => /usr/lib/libxml2.so.16 (0x00007fd8fd0da000)
	libsharpyuv.so.0 => /usr/lib/libsharpyuv.so.0 (0x00007fd8fe897000)
	libjxl_cms.so.0.12 => /usr/lib/libjxl_cms.so.0.12 (0x00007fd8fe238000)
	libhwy.so.1 => /usr/lib/libhwy.so.1 (0x00007fd8fd9ce000)
	libbrotlidec.so.1 => /usr/lib/libbrotlidec.so.1 (0x00007fd8fd9bf000)
	libbrotlienc.so.1 => /usr/lib/libbrotlienc.so.1 (0x00007fd8fd01a000)
	libdatrie.so.1 => /usr/lib/libdatrie.so.1 (0x00007fd8fd9b6000)
	libgudev-1.0.so.0 => /usr/lib/libgudev-1.0.so.0 (0x00007fd8fd9aa000)
	libblkid.so.1 => /usr/lib/libblkid.so.1 (0x00007fd8fcfda000)
	libglycin-2.so.0 => /usr/lib/libglycin-2.so.0 (0x00007fd8fca00000)
	libicuuc.so.78 => /usr/lib/libicuuc.so.78 (0x00007fd8fc600000)
	libbrotlicommon.so.1 => /usr/lib/libbrotlicommon.so.1 (0x00007fd8fcfb7000)
	libseccomp.so.2 => /usr/lib/libseccomp.so.2 (0x00007fd8fcf8a000)
	libicudata.so.78 => /usr/lib/libicudata.so.78 (0x00007fd8fa600000)
