	linux-vdso.so.1 (0x00007f62fc24b000)
	libxcb-icccm.so.4 => /usr/lib/libxcb-icccm.so.4 (0x00007f62fc216000)
	libxcb-composite.so.0 => /usr/lib/libxcb-composite.so.0 (0x00007f62fc211000)
	libxcb-xfixes.so.0 => /usr/lib/libxcb-xfixes.so.0 (0x00007f62fc208000)
	libxcb-render.so.0 => /usr/lib/libxcb-render.so.0 (0x00007f62fc1f9000)
	libxcb-res.so.0 => /usr/lib/libxcb-res.so.0 (0x00007f62fc1f1000)
	libxcb-errors.so.0 => /usr/lib/libxcb-errors.so.0 (0x00007f62fc1e7000)
	libxcb.so.1 => /usr/lib/libxcb.so.1 (0x00007f62fc1bc000)
	libaquamarine.so.14 => /usr/lib/libaquamarine.so.14 (0x00007f62fb0a9000)
	libhyprlang.so.2 => /usr/lib/libhyprlang.so.2 (0x00007f62fb064000)
	libhyprutils.so.13 => /usr/lib/libhyprutils.so.13 (0x00007f62fafeb000)
	libhyprcursor.so.0 => /usr/lib/libhyprcursor.so.0 (0x00007f62faf8a000)
	libhyprgraphics.so.4 => /usr/lib/libhyprgraphics.so.4 (0x00007f62faf54000)
	libxkbcommon.so.0 => /usr/lib/libxkbcommon.so.0 (0x00007f62faef5000)
	libuuid.so.1 => /usr/lib/libuuid.so.1 (0x00007f62fc1b0000)
	libwayland-server.so.0 => /usr/lib/libwayland-server.so.0 (0x00007f62fc19b000)
	libpangocairo-1.0.so.0 => /usr/lib/libpangocairo-1.0.so.0 (0x00007f62faee3000)
	libpango-1.0.so.0 => /usr/lib/libpango-1.0.so.0 (0x00007f62fae74000)
	libcairo.so.2 => /usr/lib/libcairo.so.2 (0x00007f62fad37000)
	libharfbuzz.so.0 => /usr/lib/libharfbuzz.so.0 (0x00007f62fabf8000)
	libpixman-1.so.0 => /usr/lib/libpixman-1.so.0 (0x00007f62fab49000)
	libXcursor.so.1 => /usr/lib/libXcursor.so.1 (0x00007f62fab3c000)
	libdrm.so.2 => /usr/lib/libdrm.so.2 (0x00007f62fab25000)
	libinput.so.10 => /usr/lib/libinput.so.10 (0x00007f62faab4000)
	libeis.so.1 => /usr/lib/libeis.so.1 (0x00007f62faa93000)
	libgbm.so.1 => /usr/lib/libgbm.so.1 (0x00007f62faa8d000)
	libgio-2.0.so.0 => /usr/lib/libgio-2.0.so.0 (0x00007f62fa8ae000)
	libgobject-2.0.so.0 => /usr/lib/libgobject-2.0.so.0 (0x00007f62fa84b000)
	libglib-2.0.so.0 => /usr/lib/libglib-2.0.so.0 (0x00007f62fa6e8000)
	libre2.so.11 => /usr/lib/libre2.so.11 (0x00007f62fa659000)
	libabsl_log_internal_check_op.so.2608.0.0 => /usr/lib/libabsl_log_internal_check_op.so.2608.0.0 (0x00007f62fa650000)
	libabsl_leak_check.so.2608.0.0 => /usr/lib/libabsl_leak_check.so.2608.0.0 (0x00007f62fa64b000)
	libabsl_log_internal_conditions.so.2608.0.0 => /usr/lib/libabsl_log_internal_conditions.so.2608.0.0 (0x00007f62fa646000)
	libabsl_log_internal_message.so.2608.0.0 => /usr/lib/libabsl_log_internal_message.so.2608.0.0 (0x00007f62fa637000)
	libabsl_examine_stack.so.2608.0.0 => /usr/lib/libabsl_examine_stack.so.2608.0.0 (0x00007f62fa630000)
	libabsl_log_internal_format.so.2608.0.0 => /usr/lib/libabsl_log_internal_format.so.2608.0.0 (0x00007f62fa62b000)
	libabsl_log_internal_nullguard.so.2608.0.0 => /usr/lib/libabsl_log_internal_nullguard.so.2608.0.0 (0x00007f62fa626000)
	libabsl_log_internal_structured_proto.so.2608.0.0 => /usr/lib/libabsl_log_internal_structured_proto.so.2608.0.0 (0x00007f62fa621000)
	libabsl_log_internal_log_sink_set.so.2608.0.0 => /usr/lib/libabsl_log_internal_log_sink_set.so.2608.0.0 (0x00007f62fa61b000)
	libabsl_log_internal_globals.so.2608.0.0 => /usr/lib/libabsl_log_internal_globals.so.2608.0.0 (0x00007f62fa614000)
	libabsl_log_globals.so.2608.0.0 => /usr/lib/libabsl_log_globals.so.2608.0.0 (0x00007f62fa60e000)
	libabsl_log_sink.so.2608.0.0 => /usr/lib/libabsl_log_sink.so.2608.0.0 (0x00007f62fa609000)
	libabsl_log_entry.so.2608.0.0 => /usr/lib/libabsl_log_entry.so.2608.0.0 (0x00007f62fa603000)
	libabsl_log_internal_proto.so.2608.0.0 => /usr/lib/libabsl_log_internal_proto.so.2608.0.0 (0x00007f62fa5fe000)
	libabsl_strerror.so.2608.0.0 => /usr/lib/libabsl_strerror.so.2608.0.0 (0x00007f62fa5f7000)
	libabsl_vlog_config_internal.so.2608.0.0 => /usr/lib/libabsl_vlog_config_internal.so.2608.0.0 (0x00007f62fa5ee000)
	libabsl_log_internal_fnmatch.so.2608.0.0 => /usr/lib/libabsl_log_internal_fnmatch.so.2608.0.0 (0x00007f62fa5e9000)
	libabsl_flags_internal.so.2608.0.0 => /usr/lib/libabsl_flags_internal.so.2608.0.0 (0x00007f62fa5de000)
	libabsl_flags_marshalling.so.2608.0.0 => /usr/lib/libabsl_flags_marshalling.so.2608.0.0 (0x00007f62fa5d2000)
	libabsl_flags_reflection.so.2608.0.0 => /usr/lib/libabsl_flags_reflection.so.2608.0.0 (0x00007f62fa5c6000)
	libabsl_flags_private_handle_accessor.so.2608.0.0 => /usr/lib/libabsl_flags_private_handle_accessor.so.2608.0.0 (0x00007f62fa5bf000)
	libabsl_flags_commandlineflag.so.2608.0.0 => /usr/lib/libabsl_flags_commandlineflag.so.2608.0.0 (0x00007f62fa5ba000)
	libabsl_flags_commandlineflag_internal.so.2608.0.0 => /usr/lib/libabsl_flags_commandlineflag_internal.so.2608.0.0 (0x00007f62fa5b5000)
	libabsl_flags_config.so.2608.0.0 => /usr/lib/libabsl_flags_config.so.2608.0.0 (0x00007f62fa5ae000)
	libabsl_flags_program_name.so.2608.0.0 => /usr/lib/libabsl_flags_program_name.so.2608.0.0 (0x00007f62fa5a9000)
	libabsl_raw_hash_set.so.2608.0.0 => /usr/lib/libabsl_raw_hash_set.so.2608.0.0 (0x00007f62fa59c000)
	libabsl_cord.so.2608.0.0 => /usr/lib/libabsl_cord.so.2608.0.0 (0x00007f62fa583000)
	libabsl_cordz_info.so.2608.0.0 => /usr/lib/libabsl_cordz_info.so.2608.0.0 (0x00007f62fa57c000)
	libabsl_cord_internal.so.2608.0.0 => /usr/lib/libabsl_cord_internal.so.2608.0.0 (0x00007f62fa56d000)
	libabsl_cordz_functions.so.2608.0.0 => /usr/lib/libabsl_cordz_functions.so.2608.0.0 (0x00007f62fa568000)
	libabsl_cordz_handle.so.2608.0.0 => /usr/lib/libabsl_cordz_handle.so.2608.0.0 (0x00007f62fa561000)
	libabsl_crc_cord_state.so.2608.0.0 => /usr/lib/libabsl_crc_cord_state.so.2608.0.0 (0x00007f62fa55a000)
	libabsl_crc32c.so.2608.0.0 => /usr/lib/libabsl_crc32c.so.2608.0.0 (0x00007f62fa554000)
	libabsl_crc_internal.so.2608.0.0 => /usr/lib/libabsl_crc_internal.so.2608.0.0 (0x00007f62fa54e000)
	libabsl_base_cpu_detect.so.2608.0.0 => /usr/lib/libabsl_base_cpu_detect.so.2608.0.0 (0x00007f62fa549000)
	libabsl_hashtablez_sampler.so.2608.0.0 => /usr/lib/libabsl_hashtablez_sampler.so.2608.0.0 (0x00007f62fa543000)
	libabsl_exponential_biased.so.2608.0.0 => /usr/lib/libabsl_exponential_biased.so.2608.0.0 (0x00007f62fa53c000)
	libabsl_hash.so.2608.0.0 => /usr/lib/libabsl_hash.so.2608.0.0 (0x00007f62fa537000)
	libabsl_city.so.2608.0.0 => /usr/lib/libabsl_city.so.2608.0.0 (0x00007f62fa532000)
	libabsl_str_format_internal.so.2608.0.0 => /usr/lib/libabsl_str_format_internal.so.2608.0.0 (0x00007f62fa513000)
	libabsl_synchronization.so.2608.0.0 => /usr/lib/libabsl_synchronization.so.2608.0.0 (0x00007f62fa501000)
	libabsl_graphcycles_internal.so.2608.0.0 => /usr/lib/libabsl_graphcycles_internal.so.2608.0.0 (0x00007f62fa4f6000)
	libabsl_kernel_timeout_internal.so.2608.0.0 => /usr/lib/libabsl_kernel_timeout_internal.so.2608.0.0 (0x00007f62fa4f1000)
	libabsl_stacktrace.so.2608.0.0 => /usr/lib/libabsl_stacktrace.so.2608.0.0 (0x00007f62fa4ec000)
	libabsl_symbolize.so.2608.0.0 => /usr/lib/libabsl_symbolize.so.2608.0.0 (0x00007f62fa4e4000)
	libabsl_debugging_internal.so.2608.0.0 => /usr/lib/libabsl_debugging_internal.so.2608.0.0 (0x00007f62fa4dd000)
	libabsl_demangle_internal.so.2608.0.0 => /usr/lib/libabsl_demangle_internal.so.2608.0.0 (0x00007f62fa4ce000)
	libabsl_demangle_rust.so.2608.0.0 => /usr/lib/libabsl_demangle_rust.so.2608.0.0 (0x00007f62fa4c7000)
	libabsl_decode_rust_punycode.so.2608.0.0 => /usr/lib/libabsl_decode_rust_punycode.so.2608.0.0 (0x00007f62fa4c2000)
	libabsl_utf8_for_code_point.so.2608.0.0 => /usr/lib/libabsl_utf8_for_code_point.so.2608.0.0 (0x00007f62fa4bd000)
	libabsl_malloc_internal.so.2608.0.0 => /usr/lib/libabsl_malloc_internal.so.2608.0.0 (0x00007f62fa4b6000)
	libabsl_time.so.2608.0.0 => /usr/lib/libabsl_time.so.2608.0.0 (0x00007f62fa4a0000)
	libabsl_civil_time.so.2608.0.0 => /usr/lib/libabsl_civil_time.so.2608.0.0 (0x00007f62fa498000)
	libabsl_strings.so.2608.0.0 => /usr/lib/libabsl_strings.so.2608.0.0 (0x00007f62fa472000)
	libabsl_strings_internal.so.2608.0.0 => /usr/lib/libabsl_strings_internal.so.2608.0.0 (0x00007f62fa46c000)
	libabsl_hardening.so.2608.0.0 => /usr/lib/libabsl_hardening.so.2608.0.0 (0x00007f62fa467000)
	libabsl_int128.so.2608.0.0 => /usr/lib/libabsl_int128.so.2608.0.0 (0x00007f62fa45e000)
	libabsl_source_location.so.2608.0.0 => /usr/lib/libabsl_source_location.so.2608.0.0 (0x00007f62fa459000)
	libabsl_throw_delegate.so.2608.0.0 => /usr/lib/libabsl_throw_delegate.so.2608.0.0 (0x00007f62fa453000)
	libabsl_time_zone.so.2608.0.0 => /usr/lib/libabsl_time_zone.so.2608.0.0 (0x00007f62fa438000)
	libabsl_tracing_internal.so.2608.0.0 => /usr/lib/libabsl_tracing_internal.so.2608.0.0 (0x00007f62fa433000)
	libabsl_base.so.2608.0.0 => /usr/lib/libabsl_base.so.2608.0.0 (0x00007f62fa42d000)
	libabsl_raw_logging_internal.so.2608.0.0 => /usr/lib/libabsl_raw_logging_internal.so.2608.0.0 (0x00007f62fa426000)
	libabsl_log_severity.so.2608.0.0 => /usr/lib/libabsl_log_severity.so.2608.0.0 (0x00007f62fa421000)
	libabsl_spinlock_wait.so.2608.0.0 => /usr/lib/libabsl_spinlock_wait.so.2608.0.0 (0x00007f62fa41c000)
	libmuparser.so.2 => /usr/lib/libmuparser.so.2 (0x00007f62fa397000)
	liblcms2.so.2 => /usr/lib/liblcms2.so.2 (0x00007f62fa32b000)
	liblua.so.5.5 => /usr/lib/liblua.so.5.5 (0x00007f62fa2e1000)
	libEGL.so.1 => /usr/lib/libEGL.so.1 (0x00007f62fa2cd000)
	libGLESv2.so.2 => /usr/lib/libGLESv2.so.2 (0x00007f62fa2bd000)
	libGLX.so.0 => /usr/lib/libGLX.so.0 (0x00007f62fa28c000)
	libOpenGL.so.0 => /usr/lib/libOpenGL.so.0 (0x00007f62fa268000)
	libglslang-default-resource-limits.so.16 => /usr/lib/libglslang-default-resource-limits.so.16 (0x00007f62fa25e000)
	libSPIRV.so.16 => /usr/lib/libSPIRV.so.16 (0x00007f62fa259000)
	libglslang.so.16 => /usr/lib/libglslang.so.16 (0x00007f62f9600000)
	libSPIRV-Tools-opt.so => /usr/lib/libSPIRV-Tools-opt.so (0x00007f62f9200000)
	libSPIRV-Tools.so => /usr/lib/libSPIRV-Tools.so (0x00007f62f9024000)
	libstdc++.so.6 => /usr/lib/libstdc++.so.6 (0x00007f62f8c00000)
	libm.so.6 => /usr/lib/libm.so.6 (0x00007f62fa120000)
	libgcc_s.so.1 => /usr/lib/libgcc_s.so.1 (0x00007f62fa0f3000)
	libc.so.6 => /usr/lib/libc.so.6 (0x00007f62f8800000)
	libXau.so.6 => /usr/lib/libXau.so.6 (0x00007f62fa0ec000)
	libXdmcp.so.6 => /usr/lib/libXdmcp.so.6 (0x00007f62fa0e4000)
	libseat.so.1 => /usr/lib/libseat.so.1 (0x00007f62fa0d9000)
	libwayland-client.so.0 => /usr/lib/libwayland-client.so.0 (0x00007f62fa0c9000)
	libudev.so.1 => /usr/lib/libudev.so.1 (0x00007f62f95b0000)
	libdisplay-info.so.3 => /usr/lib/libdisplay-info.so.3 (0x00007f62f9577000)
	libzip.so.5 => /usr/lib/libzip.so.5 (0x00007f62f9557000)
	librsvg-2.so.2 => /usr/lib/librsvg-2.so.2 (0x00007f62f8200000)
	libtomlplusplus.so.3 => /usr/lib/libtomlplusplus.so.3 (0x00007f62f951d000)
	libjpeg.so.8 => /usr/lib/libjpeg.so.8 (0x00007f62f8f7c000)
	libwebp.so.7 => /usr/lib/libwebp.so.7 (0x00007f62f9496000)
	libmagic.so.1 => /usr/lib/libmagic.so.1 (0x00007f62f8f4d000)
	libpng16.so.16 => /usr/lib/libpng16.so.16 (0x00007f62f8f10000)
	libjxl.so.0.12 => /usr/lib/libjxl.so.0.12 (0x00007f62f7c00000)
	libjxl_threads.so.0.12 => /usr/lib/libjxl_threads.so.0.12 (0x00007f62fa0bf000)
	/lib64/ld-linux-x86-64.so.2 => /usr/lib64/ld-linux-x86-64.so.2 (0x00007f62fc24d000)
	libffi.so.8 => /usr/lib/libffi.so.8 (0x00007f62f9488000)
	libpangoft2-1.0.so.0 => /usr/lib/libpangoft2-1.0.so.0 (0x00007f62f8ef1000)
	libfontconfig.so.1 => /usr/lib/libfontconfig.so.1 (0x00007f62f8b85000)
	libfribidi.so.0 => /usr/lib/libfribidi.so.0 (0x00007f62f8b65000)
	libthai.so.0 => /usr/lib/libthai.so.0 (0x00007f62f947d000)
	libz.so.1 => /usr/lib/libz.so.1 (0x00007f62f8ed4000)
	libfreetype.so.6 => /usr/lib/libfreetype.so.6 (0x00007f62f8a95000)
	libX11.so.6 => /usr/lib/libX11.so.6 (0x00007f62f86be000)
	libXext.so.6 => /usr/lib/libXext.so.6 (0x00007f62f8a81000)
	libXrender.so.1 => /usr/lib/libXrender.so.1 (0x00007f62f8a75000)
	libxcb-shm.so.0 => /usr/lib/libxcb-shm.so.0 (0x00007f62f8a70000)
	libgraphite2.so.3 => /usr/lib/libgraphite2.so.3 (0x00007f62f8a4b000)
	libXfixes.so.3 => /usr/lib/libXfixes.so.3 (0x00007f62f8a43000)
	libmtdev.so.1 => /usr/lib/libmtdev.so.1 (0x00007f62f8a3c000)
	libevdev.so.2 => /usr/lib/libevdev.so.2 (0x00007f62f8a26000)
	libwacom.so.9 => /usr/lib/libwacom.so.9 (0x00007f62f86ab000)
	liblua5.4.so.5.4 => /usr/lib/liblua5.4.so.5.4 (0x00007f62f81ba000)
	libexpat.so.1 => /usr/lib/libexpat.so.1 (0x00007f62f818c000)
	libgmodule-2.0.so.0 => /usr/lib/libgmodule-2.0.so.0 (0x00007f62f86a4000)
	libmount.so.1 => /usr/lib/libmount.so.1 (0x00007f62f812f000)
	libpcre2-8.so.0 => /usr/lib/libpcre2-8.so.0 (0x00007f62f807c000)
	libgomp.so.1 => /usr/lib/libgomp.so.1 (0x00007f62f7ba6000)
	libGLdispatch.so.0 => /usr/lib/libGLdispatch.so.0 (0x00007f62f7b2d000)
	libsystemd.so.0 => /usr/lib/libsystemd.so.0 (0x00007f62f79e5000)
	libbz2.so.1.0 => /usr/lib/libbz2.so.1.0 (0x00007f62f8069000)
	liblzma.so.5 => /usr/lib/liblzma.so.5 (0x00007f62f79b0000)
	libzstd.so.1 => /usr/lib/libzstd.so.1 (0x00007f62f78ca000)
	libcrypto.so.3 => /usr/lib/libcrypto.so.3 (0x00007f62f7200000)
	libgdk_pixbuf-2.0.so.0 => /usr/lib/libgdk_pixbuf-2.0.so.0 (0x00007f62f7890000)
	libdav1d.so.7 => /usr/lib/libdav1d.so.7 (0x00007f62f701f000)
	libxml2.so.16 => /usr/lib/libxml2.so.16 (0x00007f62f6eda000)
	libsharpyuv.so.0 => /usr/lib/libsharpyuv.so.0 (0x00007f62f8695000)
	libjxl_cms.so.0.12 => /usr/lib/libjxl_cms.so.0.12 (0x00007f62f8040000)
	libhwy.so.1 => /usr/lib/libhwy.so.1 (0x00007f62f7881000)
	libbrotlidec.so.1 => /usr/lib/libbrotlidec.so.1 (0x00007f62f7872000)
	libbrotlienc.so.1 => /usr/lib/libbrotlienc.so.1 (0x00007f62f77b2000)
	libdatrie.so.1 => /usr/lib/libdatrie.so.1 (0x00007f62f8037000)
	libgudev-1.0.so.0 => /usr/lib/libgudev-1.0.so.0 (0x00007f62f6ece000)
	libblkid.so.1 => /usr/lib/libblkid.so.1 (0x00007f62f6e8e000)
	libglycin-2.so.0 => /usr/lib/libglycin-2.so.0 (0x00007f62f6a00000)
	libicuuc.so.78 => /usr/lib/libicuuc.so.78 (0x00007f62f6600000)
	libbrotlicommon.so.1 => /usr/lib/libbrotlicommon.so.1 (0x00007f62f6e6b000)
	libseccomp.so.2 => /usr/lib/libseccomp.so.2 (0x00007f62f6e3e000)
	libicudata.so.78 => /usr/lib/libicudata.so.78 (0x00007f62f4600000)
