00000000000028a0 T gbm_bo_create
0000000000002930 T gbm_bo_create_with_modifiers
00000000000028d0 T gbm_bo_create_with_modifiers2
0000000000002860 T gbm_bo_destroy
0000000000002490 T gbm_bo_get_bpp
00000000000027c0 T gbm_bo_get_device
00000000000027e0 T gbm_bo_get_fd
0000000000002810 T gbm_bo_get_fd_for_plane
0000000000002480 T gbm_bo_get_format
00000000000027d0 T gbm_bo_get_handle
0000000000002800 T gbm_bo_get_handle_for_plane
0000000000002450 T gbm_bo_get_height
0000000000002820 T gbm_bo_get_modifier
00000000000027b0 T gbm_bo_get_offset
00000000000027f0 T gbm_bo_get_plane_count
0000000000002470 T gbm_bo_get_stride
0000000000002460 T gbm_bo_get_stride_for_plane
0000000000002850 T gbm_bo_get_user_data
0000000000002440 T gbm_bo_get_width
0000000000002960 T gbm_bo_import
0000000000002970 T gbm_bo_map
0000000000002840 T gbm_bo_set_user_data
00000000000029c0 T gbm_bo_unmap
0000000000002830 T gbm_bo_write
0000000000002350 T gbm_create_device
0000000000002430 T gbm_device_destroy
0000000000002400 T gbm_device_get_backend_name
00000000000023f0 T gbm_device_get_fd
0000000000002420 T gbm_device_get_format_modifier_plane_count
0000000000002410 T gbm_device_is_format_supported
0000000000002ac0 T gbm_format_get_name
00000000000029d0 T gbm_surface_create
0000000000002a50 T gbm_surface_create_with_modifiers
00000000000029f0 T gbm_surface_create_with_modifiers2
0000000000002a80 T gbm_surface_destroy
0000000000002ab0 T gbm_surface_has_free_buffers
0000000000002a90 T gbm_surface_lock_front_buffer
0000000000002aa0 T gbm_surface_release_buffer
