Date: 2026-10-04 MDT
[08:46:18.821] weston 15.0.1
               https://wayland.freedesktop.org
               Bug reports to: https://gitlab.freedesktop.org/wayland/weston/issues/
               Build: 15.0.1
[08:46:18.821] Command line: /home/hoskinson/window-integration-qa/private-weston-host-v2/prefix/usr/bin/weston --backend=headless --renderer=gl --shell=kiosk-shell.so --fake-seat --no-config --socket=weston-host --width=800 --height=600 --scale=1 --idle-time=0 --log=/home/hoskinson/window-integration-qa/elm-parent-input-1791125178611694307/weston-renderer.log --modules=/home/hoskinson/omarchy-windows-parity/implementation/elm-parent-held-key-fixture-v146/build-1791125149938579041/parent-input.so
[08:46:18.821] OS: Linux, 7.2.7-1-omarchy, #1 SMP PREEMPT_DYNAMIC Sun, 27 Sep 2026 22:42:08 +0000, x86_64
[08:46:18.821] Flight recorder: enabled, scopes subscribed: log
[08:46:18.821] Starting with no config file.
[08:46:18.821] Output repaint window is 7 ms maximum.
[08:46:18.821] Loading module '/home/hoskinson/window-integration-qa/private-weston-host-v2/prefix/usr/lib/libweston-15/headless-backend.so'
[08:46:18.827] Loading module '/home/hoskinson/window-integration-qa/private-weston-host-v2/prefix/usr/lib/libweston-15/gl-renderer.so'
[08:46:18.848] Using rendering device: /dev/dri/renderD129
[08:46:18.852] EGL version: 1.5
[08:46:18.852] EGL vendor: Mesa Project
[08:46:18.852] EGL client APIs: OpenGL OpenGL_ES 
[08:46:18.852] EGL features:
               EGL Wayland extension: no
               context priority: yes
               buffer age: no
               partial update: yes
               swap buffers with damage: no
               configless context: yes
               surfaceless context: yes
               dmabuf support: modifiers
               fence sync: yes (native, wait)
[08:46:18.854] GL version: OpenGL ES 3.2 Mesa 26.2.2-arch1.1
[08:46:18.854] GLSL version: OpenGL ES GLSL ES 3.20
[08:46:18.854] GL vendor: Intel
[08:46:18.854] GL renderer: Mesa Intel(R) Graphics (ARL)
[08:46:18.862] GL ES 3.2 - renderer features:
               read-back format: ARGB8888
               glReadPixels supports y-flip: yes
               glReadPixels supports PBO: yes
               wl_shm 10 bpc formats: yes
               wl_shm 16 bpc formats: yes
               wl_shm half-float formats: yes
               internal R and RG formats: yes
               OES_EGL_image_external: yes
               GPU timeline: yes
               Texture immutability: yes
               Required precision: yes
[08:46:18.862] Using GL renderer
[08:46:18.862] Registered plugin API 'weston_windowed_output_api_headless_v2' of size 16
[08:46:18.862] Color manager: no-op
                 protocol support: no
[08:46:18.862] Output 'headless' attempts EOTF mode SDR and colorimetry mode default.
[08:46:18.862] Output 'headless' using color profile: stock sRGB color profile
[08:46:18.862] Output 'headless' enabled with head(s) headless
[08:46:18.862] Compositor capabilities:
               arbitrary surface rotation: yes
               screen capture uses y-flip: yes
               cursor planes: no
               arbitrary resolutions: no
               view mask clipping: yes
               explicit sync: yes
               color operations: yes
               color representation: yes
               presentation clock: CLOCK_MONOTONIC_RAW, id 4
               presentation clock resolution: 0.000000001 s
[08:46:18.863] Loading module '/home/hoskinson/window-integration-qa/private-weston-host-v2/prefix/usr/lib/weston/kiosk-shell.so'
[08:46:18.863] Loading module '/home/hoskinson/omarchy-windows-parity/implementation/elm-parent-held-key-fixture-v146/build-1791125149938579041/parent-input.so'
[08:46:23.097] elm-parent-input motion 400,300 actual 400.00,300.00 focus=0x55a66ff8ce70 pid=2031325
[08:46:23.097] elm-parent-input button 272 state=1 focus=0x55a66ff8ce70 pid=2031325
[08:46:23.097] elm-parent-input button 272 state=0 focus=0x55a66ff8ce70 pid=2031325
[08:46:23.114] elm-parent-input disconnect-child pid=2031325 start=9328366 matches=0 accepted=0
[08:46:23.121] elm-parent-input disconnect-child pid=2031257 start=9328252 matches=0 accepted=0
[08:46:23.130] elm-parent-input disconnect-held-key-child pid=2031325 start=9328365 mask=1 actual=0 matches=0 accepted=0
[08:46:23.158] elm-parent-input motion 400,300 actual 400.00,300.00 focus=0x55a66ff8ce70 pid=2031325
[08:46:23.179] elm-parent-input key=30 state=1 pid=2031325
[08:46:23.200] elm-parent-input key=30 state=0 pid=2031325
[08:46:23.230] elm-parent-input key=30 state=1 pid=2031325
[08:46:23.245] elm-parent-input disconnect-held-key-child pid=2031325 start=9328365 mask=1 actual=1 matches=1 accepted=1
[08:46:23.245] elm-parent-input held-key-peer-destroyed-before-parent-balance pid=2031325 mask=1
[08:46:23.293] elm-parent-input motion 401,301 actual 401.00,301.00 focus=0x55a66ff0de60 pid=-1
[08:46:23.315] elm-parent-input key=30 state=1 pid=-1
[08:46:23.336] elm-parent-input key=30 state=0 pid=-1
[08:46:23.966] caught signal 15
