{"event":"ack-configure","sequence":1,"controlSequence":0,"rootCommits":1,"childCommits":0,"serial":17,"width":320,"height":240,"monotonicNs":239076721270689}
{"event":"buffercommit","sequence":2,"controlSequence":0,"rootCommits":2,"childCommits":0,"serial":17,"width":320,"height":240,"monotonicNs":239076721375398}
{"event":"ready","sequence":3,"controlSequence":0,"rootCommits":2,"childCommits":0,"serial":17,"width":320,"height":240,"monotonicNs":239076721384147}
{"event":"buffer-release","sequence":4,"controlSequence":0,"rootCommits":2,"childCommits":0,"serial":17,"width":320,"height":240,"monotonicNs":239076721917354}
{"event":"ack-configure","sequence":5,"controlSequence":0,"rootCommits":2,"childCommits":0,"serial":18,"width":320,"height":240,"monotonicNs":239076721934322}
{"event":"ack-configure","sequence":6,"controlSequence":0,"rootCommits":2,"childCommits":0,"serial":35,"width":320,"height":240,"monotonicNs":239082408170141}
{"event":"ack-configure","sequence":7,"controlSequence":0,"rootCommits":2,"childCommits":0,"serial":38,"width":320,"height":240,"monotonicNs":239082419901788}
{"event":"ack-configure","sequence":8,"controlSequence":0,"rootCommits":2,"childCommits":0,"serial":52,"width":320,"height":240,"monotonicNs":239088712473423}
{"event":"ack-configure","sequence":9,"controlSequence":0,"rootCommits":2,"childCommits":0,"serial":55,"width":320,"height":240,"monotonicNs":239088725974622}
{"event":"ack-configure","sequence":10,"controlSequence":0,"rootCommits":2,"childCommits":0,"serial":57,"width":320,"height":240,"monotonicNs":239089358879797}
{"event":"ack-configure","sequence":11,"controlSequence":0,"rootCommits":2,"childCommits":0,"serial":131,"width":320,"height":240,"monotonicNs":239104366421484}
{"event":"ack-configure","sequence":12,"controlSequence":0,"rootCommits":2,"childCommits":0,"serial":132,"width":320,"height":240,"monotonicNs":239104409502449}
{"event":"ack-configure","sequence":13,"controlSequence":0,"rootCommits":2,"childCommits":0,"serial":210,"width":320,"height":240,"monotonicNs":239124664932660}
{"event":"ack-configure","sequence":14,"controlSequence":0,"rootCommits":2,"childCommits":0,"serial":213,"width":320,"height":240,"monotonicNs":239124665986157}
{"event":"ack-configure","sequence":15,"controlSequence":0,"rootCommits":2,"childCommits":0,"serial":214,"width":320,"height":240,"monotonicNs":239124691428626}
{"event":"ack-configure","sequence":16,"controlSequence":0,"rootCommits":2,"childCommits":0,"serial":219,"width":320,"height":240,"monotonicNs":239124717345702}
{"event":"ack-configure","sequence":17,"controlSequence":0,"rootCommits":2,"childCommits":0,"serial":220,"width":320,"height":240,"monotonicNs":239124768741951}
{"event":"ack-configure","sequence":18,"controlSequence":0,"rootCommits":2,"childCommits":0,"serial":225,"width":320,"height":240,"monotonicNs":239124820406624}
{"event":"ack-configure","sequence":19,"controlSequence":0,"rootCommits":2,"childCommits":0,"serial":226,"width":320,"height":240,"monotonicNs":239124872383840}
{"event":"ack-configure","sequence":20,"controlSequence":0,"rootCommits":2,"childCommits":0,"serial":231,"width":320,"height":240,"monotonicNs":239124923851731}
{"event":"ack-configure","sequence":21,"controlSequence":0,"rootCommits":2,"childCommits":0,"serial":232,"width":320,"height":240,"monotonicNs":239125051501723}
{"event":"ack-configure","sequence":22,"controlSequence":0,"rootCommits":2,"childCommits":0,"serial":237,"width":320,"height":240,"monotonicNs":239125102873019}
{"event":"ack-configure","sequence":23,"controlSequence":0,"rootCommits":2,"childCommits":0,"serial":238,"width":320,"height":240,"monotonicNs":239125230948606}
{"event":"ack-configure","sequence":24,"controlSequence":0,"rootCommits":2,"childCommits":0,"serial":243,"width":320,"height":240,"monotonicNs":239125282361979}
{"event":"ack-configure","sequence":25,"controlSequence":0,"rootCommits":2,"childCommits":0,"serial":244,"width":320,"height":240,"monotonicNs":239125385675909}
{"event":"ack-configure","sequence":26,"controlSequence":0,"rootCommits":2,"childCommits":0,"serial":249,"width":320,"height":240,"monotonicNs":239125437244365}
{"event":"ack-configure","sequence":27,"controlSequence":0,"rootCommits":2,"childCommits":0,"serial":250,"width":320,"height":240,"monotonicNs":239125463999078}
{"event":"ack-configure","sequence":28,"controlSequence":0,"rootCommits":2,"childCommits":0,"serial":255,"width":320,"height":240,"monotonicNs":239125515399857}
{"event":"ack-configure","sequence":29,"controlSequence":0,"rootCommits":2,"childCommits":0,"serial":256,"width":320,"height":240,"monotonicNs":239125567107605}
{"event":"ack-configure","sequence":30,"controlSequence":0,"rootCommits":2,"childCommits":0,"serial":261,"width":320,"height":240,"monotonicNs":239125693372589}
{"event":"ack-configure","sequence":31,"controlSequence":0,"rootCommits":2,"childCommits":0,"serial":263,"width":320,"height":240,"monotonicNs":239126325866069}
{"event":"ack-configure","sequence":32,"controlSequence":0,"rootCommits":2,"childCommits":0,"serial":268,"width":320,"height":240,"monotonicNs":239126452095463}
{"event":"ack-configure","sequence":33,"controlSequence":0,"rootCommits":2,"childCommits":0,"serial":270,"width":320,"height":240,"monotonicNs":239126707322924}
{"event":"ack-configure","sequence":34,"controlSequence":0,"rootCommits":2,"childCommits":0,"serial":273,"width":320,"height":240,"monotonicNs":239126748532853}
{"event":"ack-configure","sequence":35,"controlSequence":0,"rootCommits":2,"childCommits":0,"serial":297,"width":320,"height":240,"monotonicNs":239127238360616}
{"event":"ack-configure","sequence":36,"controlSequence":0,"rootCommits":2,"childCommits":0,"serial":327,"width":320,"height":240,"monotonicNs":239133821622051}
{"event":"ack-configure","sequence":37,"controlSequence":0,"rootCommits":2,"childCommits":0,"serial":384,"width":320,"height":240,"monotonicNs":239140444573000}
{"event":"ack-configure","sequence":38,"controlSequence":0,"rootCommits":2,"childCommits":0,"serial":431,"width":320,"height":240,"monotonicNs":239149279430357}
{"event":"request","sequence":39,"controlSequence":1,"rootCommits":2,"childCommits":0,"serial":431,"width":320,"height":240,"monotonicNs":239156700270495,"command":"quit"}
{"event":"normalexit","sequence":40,"controlSequence":1,"rootCommits":2,"childCommits":0,"serial":431,"width":320,"height":240,"monotonicNs":239156700296782}
