	linux-vdso.so.1 (0x00007fafc7c93000)
	libwebkit2gtk-4.1.so.0 => /usr/lib/libwebkit2gtk-4.1.so.0 (0x00007fafc2200000)
	libsoup-3.0.so.0 => /usr/lib/libsoup-3.0.so.0 (0x00007fafc7bae000)
	libjavascriptcoregtk-4.1.so.0 => /usr/lib/libjavascriptcoregtk-4.1.so.0 (0x00007fafbfc00000)
	libgtk-layer-shell.so.0 => /usr/lib/libgtk-layer-shell.so.0 (0x00007fafc7b70000)
	libgtk-3.so.0 => /usr/lib/libgtk-3.so.0 (0x00007fafbf400000)
	libgdk-3.so.0 => /usr/lib/libgdk-3.so.0 (0x00007fafc2113000)
	libpangocairo-1.0.so.0 => /usr/lib/libpangocairo-1.0.so.0 (0x00007fafc7b5c000)
	libcairo-gobject.so.2 => /usr/lib/libcairo-gobject.so.2 (0x00007fafc7b53000)
	libgdk_pixbuf-2.0.so.0 => /usr/lib/libgdk_pixbuf-2.0.so.0 (0x00007fafc20d9000)
	libatk-1.0.so.0 => /usr/lib/libatk-1.0.so.0 (0x00007fafc20b2000)
	libpango-1.0.so.0 => /usr/lib/libpango-1.0.so.0 (0x00007fafc2043000)
	libcairo.so.2 => /usr/lib/libcairo.so.2 (0x00007fafbf2c3000)
	libharfbuzz.so.0 => /usr/lib/libharfbuzz.so.0 (0x00007fafbf184000)
	libjson-glib-1.0.so.0 => /usr/lib/libjson-glib-1.0.so.0 (0x00007fafc2019000)
	libgio-2.0.so.0 => /usr/lib/libgio-2.0.so.0 (0x00007fafbefa5000)
	libgobject-2.0.so.0 => /usr/lib/libgobject-2.0.so.0 (0x00007fafbfb9d000)
	libgmodule-2.0.so.0 => /usr/lib/libgmodule-2.0.so.0 (0x00007fafc7b48000)
	libglib-2.0.so.0 => /usr/lib/libglib-2.0.so.0 (0x00007fafbee42000)
	libz.so.1 => /usr/lib/libz.so.1 (0x00007fafbfb82000)
	libc.so.6 => /usr/lib/libc.so.6 (0x00007fafbec00000)
	libepoxy.so.0 => /usr/lib/libepoxy.so.0 (0x00007fafbeaf3000)
	libatomic.so.1 => /usr/lib/libatomic.so.1 (0x00007fafc200e000)
	libfreetype.so.6 => /usr/lib/libfreetype.so.6 (0x00007fafbea23000)
	libfontconfig.so.1 => /usr/lib/libfontconfig.so.1 (0x00007fafbfb07000)
	libwebpmux.so.3 => /usr/lib/libwebpmux.so.3 (0x00007fafbee36000)
	libexpat.so.1 => /usr/lib/libexpat.so.1 (0x00007fafbe9f5000)
	libicui18n.so.78 => /usr/lib/libicui18n.so.78 (0x00007fafbe600000)
	libsystemd.so.0 => /usr/lib/libsystemd.so.0 (0x00007fafbe4b8000)
	libjpeg.so.8 => /usr/lib/libjpeg.so.8 (0x00007fafbe410000)
	libpng16.so.16 => /usr/lib/libpng16.so.16 (0x00007fafbe9b8000)
	libicuuc.so.78 => /usr/lib/libicuuc.so.78 (0x00007fafbe200000)
	libxml2.so.16 => /usr/lib/libxml2.so.16 (0x00007fafbe0bb000)
	libsqlite3.so.0 => /usr/lib/libsqlite3.so.0 (0x00007fafbdf22000)
	libxslt.so.1 => /usr/lib/libxslt.so.1 (0x00007fafbdee5000)
	liblcms2.so.2 => /usr/lib/liblcms2.so.2 (0x00007fafbde79000)
	libgcrypt.so.20 => /usr/lib/libgcrypt.so.20 (0x00007fafbdcc8000)
	libgstallocators-1.0.so.0 => /usr/lib/libgstallocators-1.0.so.0 (0x00007fafbee2c000)
	libgstapp-1.0.so.0 => /usr/lib/libgstapp-1.0.so.0 (0x00007fafbe99f000)
	libgstbase-1.0.so.0 => /usr/lib/libgstbase-1.0.so.0 (0x00007fafbdc40000)
	libgstreamer-1.0.so.0 => /usr/lib/libgstreamer-1.0.so.0 (0x00007fafbdacd000)
	libgstpbutils-1.0.so.0 => /usr/lib/libgstpbutils-1.0.so.0 (0x00007fafbda88000)
	libgstaudio-1.0.so.0 => /usr/lib/libgstaudio-1.0.so.0 (0x00007fafbd9fe000)
	libgsttag-1.0.so.0 => /usr/lib/libgsttag-1.0.so.0 (0x00007fafbd9bf000)
	libgstvideo-1.0.so.0 => /usr/lib/libgstvideo-1.0.so.0 (0x00007fafbd8e0000)
	libgstgl-1.0.so.0 => /usr/lib/libgstgl-1.0.so.0 (0x00007fafbd84a000)
	libgstfft-1.0.so.0 => /usr/lib/libgstfft-1.0.so.0 (0x00007fafbe994000)
	libwebpdemux.so.2 => /usr/lib/libwebpdemux.so.2 (0x00007fafbee25000)
	libwebp.so.7 => /usr/lib/libwebp.so.7 (0x00007fafbd7c3000)
	libjxl.so.0.12 => /usr/lib/libjxl.so.0.12 (0x00007fafbd200000)
	libavif.so.16 => /usr/lib/libavif.so.16 (0x00007fafbd77b000)
	libharfbuzz-icu.so.0 => /usr/lib/libharfbuzz-icu.so.0 (0x00007fafbe98f000)
	libX11.so.6 => /usr/lib/libX11.so.6 (0x00007fafbd639000)
	libwayland-server.so.0 => /usr/lib/libwayland-server.so.0 (0x00007fafbd1eb000)
	libwayland-client.so.0 => /usr/lib/libwayland-client.so.0 (0x00007fafbd1db000)
	libm.so.6 => /usr/lib/libm.so.6 (0x00007fafbd0a4000)
	libmanette-0.2.so.0 => /usr/lib/libmanette-0.2.so.0 (0x00007fafbd052000)
	libseccomp.so.2 => /usr/lib/libseccomp.so.2 (0x00007fafbd025000)
	libenchant-2.so.2 => /usr/lib/libenchant-2.so.2 (0x00007fafbd013000)
	libgbm.so.1 => /usr/lib/libgbm.so.1 (0x00007fafbd00d000)
	libdrm.so.2 => /usr/lib/libdrm.so.2 (0x00007fafbcff6000)
	libtasn1.so.6 => /usr/lib/libtasn1.so.6 (0x00007fafbcfe0000)
	libhyphen.so.0 => /usr/lib/libhyphen.so.0 (0x00007fafbcfd8000)
	libsecret-1.so.0 => /usr/lib/libsecret-1.so.0 (0x00007fafbcf7a000)
	libstdc++.so.6 => /usr/lib/libstdc++.so.6 (0x00007fafbcc00000)
	libgcc_s.so.1 => /usr/lib/libgcc_s.so.1 (0x00007fafbcf4d000)
	/lib64/ld-linux-x86-64.so.2 => /usr/lib64/ld-linux-x86-64.so.2 (0x00007fafc7c95000)
	libpsl.so.5 => /usr/lib/libpsl.so.5 (0x00007fafbcf39000)
	libbrotlidec.so.1 => /usr/lib/libbrotlidec.so.1 (0x00007fafbcf2a000)
	libgssapi_krb5.so.2 => /usr/lib/libgssapi_krb5.so.2 (0x00007fafbcba8000)
	libnghttp2.so.14 => /usr/lib/libnghttp2.so.14 (0x00007fafbcf00000)
	libpangoft2-1.0.so.0 => /usr/lib/libpangoft2-1.0.so.0 (0x00007fafbcedf000)
	libfribidi.so.0 => /usr/lib/libfribidi.so.0 (0x00007fafbcb88000)
	libXi.so.6 => /usr/lib/libXi.so.6 (0x00007fafbcb73000)
	libatk-bridge-2.0.so.0 => /usr/lib/libatk-bridge-2.0.so.0 (0x00007fafbcb37000)
	libcloudproviders.so.0 => /usr/lib/libcloudproviders.so.0 (0x00007fafbcb1f000)
	libtinysparql-3.0.so.0 => /usr/lib/libtinysparql-3.0.so.0 (0x00007fafbca4b000)
	libXfixes.so.3 => /usr/lib/libXfixes.so.3 (0x00007fafbced5000)
	libxkbcommon.so.0 => /usr/lib/libxkbcommon.so.0 (0x00007fafbc9ec000)
	libwayland-cursor.so.0 => /usr/lib/libwayland-cursor.so.0 (0x00007fafbc9e3000)
	libwayland-egl.so.1 => /usr/lib/libwayland-egl.so.1 (0x00007fafbc9de000)
	libXext.so.6 => /usr/lib/libXext.so.6 (0x00007fafbc9ca000)
	libXcursor.so.1 => /usr/lib/libXcursor.so.1 (0x00007fafbc9bd000)
	libXdamage.so.1 => /usr/lib/libXdamage.so.1 (0x00007fafbc9b8000)
	libXcomposite.so.1 => /usr/lib/libXcomposite.so.1 (0x00007fafbc9b3000)
	libXrandr.so.2 => /usr/lib/libXrandr.so.2 (0x00007fafbc9a6000)
	libXinerama.so.1 => /usr/lib/libXinerama.so.1 (0x00007fafbc9a1000)
	libglycin-2.so.0 => /usr/lib/libglycin-2.so.0 (0x00007fafbc400000)
	libthai.so.0 => /usr/lib/libthai.so.0 (0x00007fafbc994000)
	libXrender.so.1 => /usr/lib/libXrender.so.1 (0x00007fafbc988000)
	libxcb.so.1 => /usr/lib/libxcb.so.1 (0x00007fafbc95d000)
	libxcb-render.so.0 => /usr/lib/libxcb-render.so.0 (0x00007fafbc94e000)
	libxcb-shm.so.0 => /usr/lib/libxcb-shm.so.0 (0x00007fafbc947000)
	libpixman-1.so.0 => /usr/lib/libpixman-1.so.0 (0x00007fafbc898000)
	libgraphite2.so.3 => /usr/lib/libgraphite2.so.3 (0x00007fafbc875000)
	libmount.so.1 => /usr/lib/libmount.so.1 (0x00007fafbc818000)
	libffi.so.8 => /usr/lib/libffi.so.8 (0x00007fafbc80a000)
	libpcre2-8.so.0 => /usr/lib/libpcre2-8.so.0 (0x00007fafbc34d000)
	libbz2.so.1.0 => /usr/lib/libbz2.so.1.0 (0x00007fafbc33a000)
	libicudata.so.78 => /usr/lib/libicudata.so.78 (0x00007fafba200000)
	libgpg-error.so.0 => /usr/lib/libgpg-error.so.0 (0x00007fafbc30d000)
	libunwind.so.8 => /usr/lib/libunwind.so.8 (0x00007fafbc2f1000)
	libdw.so.1 => /usr/lib/libdw.so.1 (0x00007fafbc24f000)
	liborc-0.4.so.0 => /usr/lib/liborc-0.4.so.0 (0x00007fafba0ee000)
	libEGL.so.1 => /usr/lib/libEGL.so.1 (0x00007fafbc23d000)
	libGLX.so.0 => /usr/lib/libGLX.so.0 (0x00007fafbc20c000)
	libX11-xcb.so.1 => /usr/lib/libX11-xcb.so.1 (0x00007fafbc7ff000)
	libgudev-1.0.so.0 => /usr/lib/libgudev-1.0.so.0 (0x00007fafbc200000)
	libsharpyuv.so.0 => /usr/lib/libsharpyuv.so.0 (0x00007fafbc1f7000)
	libjxl_cms.so.0.12 => /usr/lib/libjxl_cms.so.0.12 (0x00007fafbc1ce000)
	libhwy.so.1 => /usr/lib/libhwy.so.1 (0x00007fafbc1bf000)
	libbrotlienc.so.1 => /usr/lib/libbrotlienc.so.1 (0x00007fafba02e000)
	libyuv.so => /usr/lib/libyuv.so (0x00007fafb9f87000)
	libdav1d.so.7 => /usr/lib/libdav1d.so.7 (0x00007fafb9da6000)
	librav1e.so.0.8 => /usr/lib/librav1e.so.0.8 (0x00007fafb9a00000)
	libSvtAv1Enc.so.4 => /usr/lib/libSvtAv1Enc.so.4 (0x00007fafb1400000)
	libaom.so.3 => /usr/lib/libaom.so.3 (0x00007fafb0a00000)
	libhidapi-hidraw.so.0 => /usr/lib/libhidapi-hidraw.so.0 (0x00007fafbc1b5000)
	libevdev.so.2 => /usr/lib/libevdev.so.2 (0x00007fafbc19f000)
	libtss2-esys.so.0 => /usr/lib/libtss2-esys.so.0 (0x00007fafb996e000)
	libtss2-mu.so.0 => /usr/lib/libtss2-mu.so.0 (0x00007fafb9d5c000)
	libtss2-rc.so.0 => /usr/lib/libtss2-rc.so.0 (0x00007fafbc196000)
	libtss2-tctildr.so.0 => /usr/lib/libtss2-tctildr.so.0 (0x00007fafb9d52000)
	libunistring.so.5 => /usr/lib/libunistring.so.5 (0x00007fafb0819000)
	libidn2.so.0 => /usr/lib/libidn2.so.0 (0x00007fafb9d30000)
	libbrotlicommon.so.1 => /usr/lib/libbrotlicommon.so.1 (0x00007fafb13dd000)
	libkrb5.so.3 => /usr/lib/libkrb5.so.3 (0x00007fafb130e000)
	libk5crypto.so.3 => /usr/lib/libk5crypto.so.3 (0x00007fafb12e0000)
	libcom_err.so.2 => /usr/lib/libcom_err.so.2 (0x00007fafb9d28000)
	libkrb5support.so.0 => /usr/lib/libkrb5support.so.0 (0x00007fafb080a000)
	libkeyutils.so.1 => /usr/lib/libkeyutils.so.1 (0x00007fafb0803000)
	libresolv.so.2 => /usr/lib/libresolv.so.2 (0x00007fafb07f0000)
	libatspi.so.0 => /usr/lib/libatspi.so.0 (0x00007fafb07b4000)
	libdbus-1.so.3 => /usr/lib/libdbus-1.so.3 (0x00007fafb0761000)
	libdatrie.so.1 => /usr/lib/libdatrie.so.1 (0x00007fafb0758000)
	libXau.so.6 => /usr/lib/libXau.so.6 (0x00007fafb0753000)
	libXdmcp.so.6 => /usr/lib/libXdmcp.so.6 (0x00007fafb074b000)
	libblkid.so.1 => /usr/lib/libblkid.so.1 (0x00007fafb070b000)
	liblzma.so.5 => /usr/lib/liblzma.so.5 (0x00007fafb06d6000)
	libelf.so.1 => /usr/lib/libelf.so.1 (0x00007fafb06b8000)
	libzstd.so.1 => /usr/lib/libzstd.so.1 (0x00007fafb05d2000)
	libGLdispatch.so.0 => /usr/lib/libGLdispatch.so.0 (0x00007fafb0559000)
	libudev.so.1 => /usr/lib/libudev.so.1 (0x00007fafb0507000)
	libcrypto.so.3 => /usr/lib/libcrypto.so.3 (0x00007fafafe00000)
	libtss2-sys.so.1 => /usr/lib/libtss2-sys.so.1 (0x00007fafb04e5000)
