An example execution:

[State 0]
{
  s:
    {
      changes: 0,
      closed: false,
      focuses: 0,
      label: 0,
      live: Set(1, 2, 3),
      previous: 2,
      selected: 2,
      target: 0
    }
}

[State 1]
{
  s:
    {
      changes: 1,
      closed: false,
      focuses: 1,
      label: 0,
      live: Set(1, 3),
      previous: 2,
      selected: 1,
      target: 1
    }
}

[State 2]
{
  s:
    {
      changes: 1,
      closed: false,
      focuses: 1,
      label: 0,
      live: Set(1, 3),
      previous: 1,
      selected: 1,
      target: 0
    }
}

[State 3]
{
  s:
    {
      changes: 1,
      closed: false,
      focuses: 1,
      label: 0,
      live: Set(1, 3),
      previous: 1,
      selected: 1,
      target: 0
    }
}

[State 4]
{
  s:
    {
      changes: 1,
      closed: false,
      focuses: 1,
      label: 0,
      live: Set(1, 3),
      previous: 1,
      selected: 1,
      target: 0
    }
}

[State 5]
{
  s:
    {
      changes: 1,
      closed: false,
      focuses: 1,
      label: 0,
      live: Set(1, 3),
      previous: 1,
      selected: 1,
      target: 0
    }
}

[State 6]
{
  s:
    {
      changes: 1,
      closed: false,
      focuses: 1,
      label: 1,
      live: Set(1, 3),
      previous: 1,
      selected: 1,
      target: 0
    }
}

[State 7]
{
  s:
    {
      changes: 1,
      closed: false,
      focuses: 1,
      label: 1,
      live: Set(1, 3),
      previous: 1,
      selected: 1,
      target: 0
    }
}

[State 8]
{
  s:
    {
      changes: 1,
      closed: false,
      focuses: 1,
      label: 1,
      live: Set(1, 3),
      previous: 1,
      selected: 1,
      target: 0
    }
}

[State 9]
{
  s:
    {
      changes: 1,
      closed: false,
      focuses: 1,
      label: 1,
      live: Set(1, 3),
      previous: 1,
      selected: 1,
      target: 0
    }
}

[State 10]
{
  s:
    {
      changes: 1,
      closed: false,
      focuses: 1,
      label: 1,
      live: Set(1, 3),
      previous: 1,
      selected: 1,
      target: 0
    }
}

[State 11]
{
  s:
    {
      changes: 1,
      closed: false,
      focuses: 1,
      label: 1,
      live: Set(1, 3),
      previous: 1,
      selected: 1,
      target: 0
    }
}

[State 12]
{
  s:
    {
      changes: 1,
      closed: false,
      focuses: 1,
      label: 1,
      live: Set(1, 3),
      previous: 1,
      selected: 1,
      target: 0
    }
}

[State 13]
{
  s:
    {
      changes: 1,
      closed: false,
      focuses: 1,
      label: 1,
      live: Set(1, 3),
      previous: 1,
      selected: 1,
      target: 0
    }
}

[State 14]
{
  s:
    {
      changes: 1,
      closed: false,
      focuses: 1,
      label: 1,
      live: Set(1, 3),
      previous: 1,
      selected: 1,
      target: 0
    }
}

[State 15]
{
  s:
    {
      changes: 1,
      closed: false,
      focuses: 1,
      label: 1,
      live: Set(1, 3),
      previous: 1,
      selected: 1,
      target: 0
    }
}

[State 16]
{
  s:
    {
      changes: 1,
      closed: false,
      focuses: 1,
      label: 1,
      live: Set(1, 3),
      previous: 1,
      selected: 1,
      target: 0
    }
}

[State 17]
{
  s:
    {
      changes: 2,
      closed: false,
      focuses: 2,
      label: 1,
      live: Set(3),
      previous: 1,
      selected: 3,
      target: 3
    }
}

[State 18]
{
  s:
    {
      changes: 2,
      closed: false,
      focuses: 2,
      label: 1,
      live: Set(3),
      previous: 3,
      selected: 3,
      target: 0
    }
}

[State 19]
{
  s:
    {
      changes: 3,
      closed: true,
      focuses: 2,
      label: 1,
      live: Set(),
      previous: 3,
      selected: 0,
      target: 0
    }
}

[ok] No violation found (326ms at 3067 traces/second).
Trace length statistics: max=20, min=2, average=4.64
You may increase --max-samples and --max-steps.
Use --verbosity to produce more (or less) output.
Witnesses:
retirementFocusWitness was witnessed in 320 trace(s) out of 1000 explored (32.00%)
physicalStepFocusWitness was witnessed in 159 trace(s) out of 1000 explored (15.90%)
quietLabelWitness was witnessed in 148 trace(s) out of 1000 explored (14.80%)
emptyDismissalWitness was witnessed in 1000 trace(s) out of 1000 explored (100.00%)
Use --seed=0x158fc --backend=typescript to reproduce.
