	linux-vdso.so.1 (0x00007fe5a503e000)
	libwebkit2gtk-4.1.so.0 => /usr/lib/libwebkit2gtk-4.1.so.0 (0x00007fe59f600000)
	libsoup-3.0.so.0 => /usr/lib/libsoup-3.0.so.0 (0x00007fe59f569000)
	libjavascriptcoregtk-4.1.so.0 => /usr/lib/libjavascriptcoregtk-4.1.so.0 (0x00007fe59d000000)
	libgtk-layer-shell.so.0 => /usr/lib/libgtk-layer-shell.so.0 (0x00007fe5a4f59000)
	libgtk-3.so.0 => /usr/lib/libgtk-3.so.0 (0x00007fe59c800000)
	libgdk-3.so.0 => /usr/lib/libgdk-3.so.0 (0x00007fe59f47c000)
	libpangocairo-1.0.so.0 => /usr/lib/libpangocairo-1.0.so.0 (0x00007fe5a4f45000)
	libcairo-gobject.so.2 => /usr/lib/libcairo-gobject.so.2 (0x00007fe59f473000)
	libgdk_pixbuf-2.0.so.0 => /usr/lib/libgdk_pixbuf-2.0.so.0 (0x00007fe59f439000)
	libatk-1.0.so.0 => /usr/lib/libatk-1.0.so.0 (0x00007fe59f412000)
	libpango-1.0.so.0 => /usr/lib/libpango-1.0.so.0 (0x00007fe59cf91000)
	libcairo.so.2 => /usr/lib/libcairo.so.2 (0x00007fe59c6c3000)
	libharfbuzz.so.0 => /usr/lib/libharfbuzz.so.0 (0x00007fe59c584000)
	libjson-glib-1.0.so.0 => /usr/lib/libjson-glib-1.0.so.0 (0x00007fe59cf67000)
	libgio-2.0.so.0 => /usr/lib/libgio-2.0.so.0 (0x00007fe59c3a5000)
	libgobject-2.0.so.0 => /usr/lib/libgobject-2.0.so.0 (0x00007fe59cf04000)
	libgmodule-2.0.so.0 => /usr/lib/libgmodule-2.0.so.0 (0x00007fe59c39e000)
	libglib-2.0.so.0 => /usr/lib/libglib-2.0.so.0 (0x00007fe59c23b000)
	libz.so.1 => /usr/lib/libz.so.1 (0x00007fe59c220000)
	libstdc++.so.6 => /usr/lib/libstdc++.so.6 (0x00007fe59be00000)
	libm.so.6 => /usr/lib/libm.so.6 (0x00007fe59c0e9000)
	libgcc_s.so.1 => /usr/lib/libgcc_s.so.1 (0x00007fe59bdd3000)
	libc.so.6 => /usr/lib/libc.so.6 (0x00007fe59ba00000)
	libepoxy.so.0 => /usr/lib/libepoxy.so.0 (0x00007fe59bcc6000)
	libatomic.so.1 => /usr/lib/libatomic.so.1 (0x00007fe59c0de000)
	libfreetype.so.6 => /usr/lib/libfreetype.so.6 (0x00007fe59b930000)
	libfontconfig.so.1 => /usr/lib/libfontconfig.so.1 (0x00007fe59bc4b000)
	libwebpmux.so.3 => /usr/lib/libwebpmux.so.3 (0x00007fe59bc3f000)
	libexpat.so.1 => /usr/lib/libexpat.so.1 (0x00007fe59b902000)
	libicui18n.so.78 => /usr/lib/libicui18n.so.78 (0x00007fe59b400000)
	libsystemd.so.0 => /usr/lib/libsystemd.so.0 (0x00007fe59b7ba000)
	libjpeg.so.8 => /usr/lib/libjpeg.so.8 (0x00007fe59b358000)
	libpng16.so.16 => /usr/lib/libpng16.so.16 (0x00007fe59b31b000)
	libicuuc.so.78 => /usr/lib/libicuuc.so.78 (0x00007fe59b000000)
	libxml2.so.16 => /usr/lib/libxml2.so.16 (0x00007fe59aebb000)
	libsqlite3.so.0 => /usr/lib/libsqlite3.so.0 (0x00007fe59ad22000)
	libxslt.so.1 => /usr/lib/libxslt.so.1 (0x00007fe59b2de000)
	liblcms2.so.2 => /usr/lib/liblcms2.so.2 (0x00007fe59b272000)
	libgcrypt.so.20 => /usr/lib/libgcrypt.so.20 (0x00007fe59ab71000)
	libgstallocators-1.0.so.0 => /usr/lib/libgstallocators-1.0.so.0 (0x00007fe59c0d4000)
	libgstapp-1.0.so.0 => /usr/lib/libgstapp-1.0.so.0 (0x00007fe59bc24000)
	libgstbase-1.0.so.0 => /usr/lib/libgstbase-1.0.so.0 (0x00007fe59aae9000)
	libgstreamer-1.0.so.0 => /usr/lib/libgstreamer-1.0.so.0 (0x00007fe59a976000)
	libgstpbutils-1.0.so.0 => /usr/lib/libgstpbutils-1.0.so.0 (0x00007fe59b22d000)
	libgstaudio-1.0.so.0 => /usr/lib/libgstaudio-1.0.so.0 (0x00007fe59a8ec000)
	libgsttag-1.0.so.0 => /usr/lib/libgsttag-1.0.so.0 (0x00007fe59a8ad000)
	libgstvideo-1.0.so.0 => /usr/lib/libgstvideo-1.0.so.0 (0x00007fe59a7ce000)
	libgstgl-1.0.so.0 => /usr/lib/libgstgl-1.0.so.0 (0x00007fe59a738000)
	libgstfft-1.0.so.0 => /usr/lib/libgstfft-1.0.so.0 (0x00007fe59b7ad000)
	libwebpdemux.so.2 => /usr/lib/libwebpdemux.so.2 (0x00007fe59b7a6000)
	libwebp.so.7 => /usr/lib/libwebp.so.7 (0x00007fe59a6b1000)
	libjxl.so.0.12 => /usr/lib/libjxl.so.0.12 (0x00007fe59a200000)
	libavif.so.16 => /usr/lib/libavif.so.16 (0x00007fe59a669000)
	libharfbuzz-icu.so.0 => /usr/lib/libharfbuzz-icu.so.0 (0x00007fe59b79f000)
	libX11.so.6 => /usr/lib/libX11.so.6 (0x00007fe59a0be000)
	libwayland-server.so.0 => /usr/lib/libwayland-server.so.0 (0x00007fe59b218000)
	libwayland-client.so.0 => /usr/lib/libwayland-client.so.0 (0x00007fe59b78f000)
	libmanette-0.2.so.0 => /usr/lib/libmanette-0.2.so.0 (0x00007fe59a06c000)
	libseccomp.so.2 => /usr/lib/libseccomp.so.2 (0x00007fe59a63c000)
	libenchant-2.so.2 => /usr/lib/libenchant-2.so.2 (0x00007fe59a05a000)
	libgbm.so.1 => /usr/lib/libgbm.so.1 (0x00007fe59b210000)
	libdrm.so.2 => /usr/lib/libdrm.so.2 (0x00007fe59a043000)
	libtasn1.so.6 => /usr/lib/libtasn1.so.6 (0x00007fe59a02d000)
	libhyphen.so.0 => /usr/lib/libhyphen.so.0 (0x00007fe59a025000)
	libsecret-1.so.0 => /usr/lib/libsecret-1.so.0 (0x00007fe599fc7000)
	/lib64/ld-linux-x86-64.so.2 => /usr/lib64/ld-linux-x86-64.so.2 (0x00007fe5a5040000)
	libpsl.so.5 => /usr/lib/libpsl.so.5 (0x00007fe599fb3000)
	libbrotlidec.so.1 => /usr/lib/libbrotlidec.so.1 (0x00007fe599fa4000)
	libgssapi_krb5.so.2 => /usr/lib/libgssapi_krb5.so.2 (0x00007fe599f4c000)
	libnghttp2.so.14 => /usr/lib/libnghttp2.so.14 (0x00007fe599f22000)
	libpangoft2-1.0.so.0 => /usr/lib/libpangoft2-1.0.so.0 (0x00007fe599f03000)
	libfribidi.so.0 => /usr/lib/libfribidi.so.0 (0x00007fe599ee3000)
	libXi.so.6 => /usr/lib/libXi.so.6 (0x00007fe599ece000)
	libatk-bridge-2.0.so.0 => /usr/lib/libatk-bridge-2.0.so.0 (0x00007fe599e92000)
	libcloudproviders.so.0 => /usr/lib/libcloudproviders.so.0 (0x00007fe599e7a000)
	libtinysparql-3.0.so.0 => /usr/lib/libtinysparql-3.0.so.0 (0x00007fe599da6000)
	libXfixes.so.3 => /usr/lib/libXfixes.so.3 (0x00007fe599d9e000)
	libxkbcommon.so.0 => /usr/lib/libxkbcommon.so.0 (0x00007fe599d3f000)
	libwayland-cursor.so.0 => /usr/lib/libwayland-cursor.so.0 (0x00007fe599d36000)
	libwayland-egl.so.1 => /usr/lib/libwayland-egl.so.1 (0x00007fe599d31000)
	libXext.so.6 => /usr/lib/libXext.so.6 (0x00007fe599d1d000)
	libXcursor.so.1 => /usr/lib/libXcursor.so.1 (0x00007fe599d10000)
	libXdamage.so.1 => /usr/lib/libXdamage.so.1 (0x00007fe599d0b000)
	libXcomposite.so.1 => /usr/lib/libXcomposite.so.1 (0x00007fe599d06000)
	libXrandr.so.2 => /usr/lib/libXrandr.so.2 (0x00007fe599cf9000)
	libXinerama.so.1 => /usr/lib/libXinerama.so.1 (0x00007fe599cf4000)
	libglycin-2.so.0 => /usr/lib/libglycin-2.so.0 (0x00007fe599800000)
	libthai.so.0 => /usr/lib/libthai.so.0 (0x00007fe599ce7000)
	libXrender.so.1 => /usr/lib/libXrender.so.1 (0x00007fe599cdb000)
	libxcb.so.1 => /usr/lib/libxcb.so.1 (0x00007fe599cb0000)
	libxcb-render.so.0 => /usr/lib/libxcb-render.so.0 (0x00007fe599ca1000)
	libxcb-shm.so.0 => /usr/lib/libxcb-shm.so.0 (0x00007fe599c9a000)
	libpixman-1.so.0 => /usr/lib/libpixman-1.so.0 (0x00007fe599751000)
	libgraphite2.so.3 => /usr/lib/libgraphite2.so.3 (0x00007fe599c77000)
	libmount.so.1 => /usr/lib/libmount.so.1 (0x00007fe599c1a000)
	libffi.so.8 => /usr/lib/libffi.so.8 (0x00007fe599c0c000)
	libpcre2-8.so.0 => /usr/lib/libpcre2-8.so.0 (0x00007fe59969e000)
	libbz2.so.1.0 => /usr/lib/libbz2.so.1.0 (0x00007fe59968b000)
	libicudata.so.78 => /usr/lib/libicudata.so.78 (0x00007fe597600000)
	libgpg-error.so.0 => /usr/lib/libgpg-error.so.0 (0x00007fe59965e000)
	libunwind.so.8 => /usr/lib/libunwind.so.8 (0x00007fe599642000)
	libdw.so.1 => /usr/lib/libdw.so.1 (0x00007fe5995a0000)
	liborc-0.4.so.0 => /usr/lib/liborc-0.4.so.0 (0x00007fe5974ee000)
	libEGL.so.1 => /usr/lib/libEGL.so.1 (0x00007fe5974dc000)
	libGLX.so.0 => /usr/lib/libGLX.so.0 (0x00007fe5974ab000)
	libX11-xcb.so.1 => /usr/lib/libX11-xcb.so.1 (0x00007fe599c01000)
	libgudev-1.0.so.0 => /usr/lib/libgudev-1.0.so.0 (0x00007fe59749f000)
	libsharpyuv.so.0 => /usr/lib/libsharpyuv.so.0 (0x00007fe599597000)
	libjxl_cms.so.0.12 => /usr/lib/libjxl_cms.so.0.12 (0x00007fe597476000)
	libhwy.so.1 => /usr/lib/libhwy.so.1 (0x00007fe597467000)
	libbrotlienc.so.1 => /usr/lib/libbrotlienc.so.1 (0x00007fe5973a7000)
	libyuv.so => /usr/lib/libyuv.so (0x00007fe597300000)
	libdav1d.so.7 => /usr/lib/libdav1d.so.7 (0x00007fe59711f000)
	librav1e.so.0.8 => /usr/lib/librav1e.so.0.8 (0x00007fe596c00000)
	libSvtAv1Enc.so.4 => /usr/lib/libSvtAv1Enc.so.4 (0x00007fe58e600000)
	libaom.so.3 => /usr/lib/libaom.so.3 (0x00007fe58dc00000)
	libhidapi-hidraw.so.0 => /usr/lib/libhidapi-hidraw.so.0 (0x00007fe597117000)
	libevdev.so.2 => /usr/lib/libevdev.so.2 (0x00007fe597101000)
	libtss2-esys.so.0 => /usr/lib/libtss2-esys.so.0 (0x00007fe59706f000)
	libtss2-mu.so.0 => /usr/lib/libtss2-mu.so.0 (0x00007fe597025000)
	libtss2-rc.so.0 => /usr/lib/libtss2-rc.so.0 (0x00007fe59701c000)
	libtss2-tctildr.so.0 => /usr/lib/libtss2-tctildr.so.0 (0x00007fe597014000)
	libunistring.so.5 => /usr/lib/libunistring.so.5 (0x00007fe58da19000)
	libidn2.so.0 => /usr/lib/libidn2.so.0 (0x00007fe596ff2000)
	libbrotlicommon.so.1 => /usr/lib/libbrotlicommon.so.1 (0x00007fe596fcf000)
	libkrb5.so.3 => /usr/lib/libkrb5.so.3 (0x00007fe58e531000)
	libk5crypto.so.3 => /usr/lib/libk5crypto.so.3 (0x00007fe596f9f000)
	libcom_err.so.2 => /usr/lib/libcom_err.so.2 (0x00007fe596f99000)
	libkrb5support.so.0 => /usr/lib/libkrb5support.so.0 (0x00007fe596f8a000)
	libkeyutils.so.1 => /usr/lib/libkeyutils.so.1 (0x00007fe596f83000)
	libresolv.so.2 => /usr/lib/libresolv.so.2 (0x00007fe596f70000)
	libatspi.so.0 => /usr/lib/libatspi.so.0 (0x00007fe596f32000)
	libdbus-1.so.3 => /usr/lib/libdbus-1.so.3 (0x00007fe596bad000)
	libdatrie.so.1 => /usr/lib/libdatrie.so.1 (0x00007fe596f29000)
	libXau.so.6 => /usr/lib/libXau.so.6 (0x00007fe596f24000)
	libXdmcp.so.6 => /usr/lib/libXdmcp.so.6 (0x00007fe596ba5000)
	libblkid.so.1 => /usr/lib/libblkid.so.1 (0x00007fe58e4f1000)
	liblzma.so.5 => /usr/lib/liblzma.so.5 (0x00007fe596b6e000)
	libelf.so.1 => /usr/lib/libelf.so.1 (0x00007fe58d9fb000)
	libzstd.so.1 => /usr/lib/libzstd.so.1 (0x00007fe58d915000)
	libGLdispatch.so.0 => /usr/lib/libGLdispatch.so.0 (0x00007fe58d89c000)
	libudev.so.1 => /usr/lib/libudev.so.1 (0x00007fe58d84c000)
	libcrypto.so.3 => /usr/lib/libcrypto.so.3 (0x00007fe58d200000)
	libtss2-sys.so.1 => /usr/lib/libtss2-sys.so.1 (0x00007fe58d82a000)
