
  preview_admission_test
    ok positiveTest passed 1 test(s)
    ok normalWriterBusyThenReleaseTest passed 1 test(s)
    ok partialLocksCannotSleepTest passed 1 test(s)
    ok receiptLockCannotSleepTest passed 1 test(s)
    ok receiptHeldCannotFlockTest passed 1 test(s)
    ok keeperHeldCannotSleepTest passed 1 test(s)
    ok lifecycleHeldCannotSleepTest passed 1 test(s)
    ok keeperHeldCannotFlockTest passed 1 test(s)
    ok lifecycleHeldCannotFlockTest passed 1 test(s)
    ok clockReversalRefusesTest passed 1 test(s)
    ok clockAdvancesWithReceiptHeldTest passed 1 test(s)
    ok clockAdvancesWithPartialAddressHeldTest passed 1 test(s)
    ok noDeadlineResetOnBusyTest passed 1 test(s)
    ok noDeadlineResetOnReentryTest passed 1 test(s)
    ok expiredBeforeBeginTest passed 1 test(s)
    ok allLocksExpireBeforeCommitTest passed 1 test(s)
    ok expireAfterAdmissionBeforeLaunchTest passed 1 test(s)
    ok unknownErrorRefusesTest passed 1 test(s)
    ok replacedLockRefusesTest passed 1 test(s)
    ok unrelatedAddressRefusesTest passed 1 test(s)
    ok duplicateAcquireRefusesTest passed 1 test(s)
    ok missingAddressRefusesCommitTest passed 1 test(s)
    ok supersededWhileWaitingTest passed 1 test(s)
    ok authorityChangedWhileWaitingTest passed 1 test(s)
    ok original64BoundTest passed 1 test(s)
    ok above64RefusesTest passed 1 test(s)
    ok malformedDeadlineRefusesTest passed 1 test(s)
    ok foreignReceiptRefusesTest passed 1 test(s)
    ok unknownFamilyRefusesTest passed 1 test(s)
    ok reverseAddressOrderRefusesTest passed 1 test(s)
    ok skipAddressRefusesTest passed 1 test(s)
    ok originalDeadlineAtDispatchTest passed 1 test(s)
    ok admissionIsNotPublicationTest passed 1 test(s)
    ok normalPublicationTest passed 1 test(s)
    ok expireAfterDispatchRetainsOwnershipTest passed 1 test(s)
    ok exactClosureAfterExpiredDispatchNoPublicationTest passed 1 test(s)
    ok uncertainClosureQuarantineTest passed 1 test(s)
    ok noPublicationBeforeClosureTest passed 1 test(s)
    ok expireDuringReplacementRefusesCompletePublicationTest passed 1 test(s)
    ok finalPendingCommitDeadlineTest passed 1 test(s)
    ok partialAddressSetCannotWaitForReceiptTest passed 1 test(s)
    ok fullAddressSetMayBoundedlyWaitForReceiptTest passed 1 test(s)
    ok firstSceneSeedGuardPositiveTest passed 1 test(s)
    ok expireAfterPublicationBeforeSeedTest passed 1 test(s)
    ok duplicateSeedEntryRefusesTest passed 1 test(s)

  45 passing (4710ms)
