0000000000000000 A XZ_5.0
0000000000000000 A XZ_5.1.2alpha
0000000000000000 A XZ_5.2
0000000000000000 A XZ_5.2.2
0000000000000000 A XZ_5.4
0000000000000000 A XZ_5.6.0
0000000000000000 A XZ_5.8
000000000000c3f0 T lzma_alone_decoder@@XZ_5.0
000000000000b7a0 T lzma_alone_encoder@@XZ_5.0
000000000000c450 T lzma_auto_decoder@@XZ_5.0
00000000000277e0 T lzma_bcj_arm64_decode@@XZ_5.8
00000000000277c0 T lzma_bcj_arm64_encode@@XZ_5.8
0000000000027820 T lzma_bcj_riscv_decode@@XZ_5.8
0000000000027800 T lzma_bcj_riscv_encode@@XZ_5.8
0000000000027770 T lzma_bcj_x86_decode@@XZ_5.8
0000000000027710 T lzma_bcj_x86_encode@@XZ_5.8
000000000000b820 T lzma_block_buffer_bound@@XZ_5.0
000000000000db20 T lzma_block_buffer_decode@@XZ_5.0
000000000000ff00 T lzma_block_buffer_encode@@XZ_5.0
000000000000d5b0 T lzma_block_compressed_size@@XZ_5.0
000000000000dd70 T lzma_block_decoder@@XZ_5.0
000000000000f060 T lzma_block_encoder@@XZ_5.0
0000000000012700 T lzma_block_header_decode@@XZ_5.0
000000000000f610 T lzma_block_header_encode@@XZ_5.0
000000000000bfa0 T lzma_block_header_size@@XZ_5.0
000000000000d620 T lzma_block_total_size@@XZ_5.0
000000000000ff20 T lzma_block_uncomp_encode@@XZ_5.2
000000000000ff20 T lzma_block_uncomp_encode@XZ_5.2.2
000000000000d500 T lzma_block_unpadded_size@@XZ_5.0
0000000000019510 T lzma_check_is_supported@@XZ_5.0
0000000000019530 T lzma_check_size@@XZ_5.0
0000000000007960 T lzma_code@@XZ_5.0
000000000000b390 T lzma_cputhreads@XZ_5.2.2
000000000000b390 T lzma_cputhreads@@XZ_5.2
00000000000195b0 T lzma_crc32@@XZ_5.0
00000000000199f0 T lzma_crc64@@XZ_5.0
0000000000011600 T lzma_easy_buffer_encode@@XZ_5.0
000000000000ee40 T lzma_easy_decoder_memusage@@XZ_5.0
0000000000010b60 T lzma_easy_encoder@@XZ_5.0
000000000000edb0 T lzma_easy_encoder_memusage@@XZ_5.0
0000000000007c90 T lzma_end@@XZ_5.0
000000000000c4d0 T lzma_file_info_decoder@@XZ_5.4
000000000000c7d0 T lzma_filter_decoder_is_supported@@XZ_5.0
000000000000ba20 T lzma_filter_encoder_is_supported@@XZ_5.0
000000000000d440 T lzma_filter_flags_decode@@XZ_5.0
000000000000c2a0 T lzma_filter_flags_encode@@XZ_5.0
000000000000bf20 T lzma_filter_flags_size@@XZ_5.0
0000000000007f40 T lzma_filters_copy@@XZ_5.0
0000000000008240 T lzma_filters_free@@XZ_5.4
000000000000bb10 T lzma_filters_update@@XZ_5.0
0000000000007dc0 T lzma_get_check@@XZ_5.0
0000000000007d90 T lzma_get_progress@@XZ_5.2
0000000000007d90 T lzma_get_progress@XZ_5.2.2
000000000000a690 T lzma_index_append@@XZ_5.0
0000000000009010 T lzma_index_block_count@@XZ_5.0
0000000000012cb0 T lzma_index_buffer_decode@@XZ_5.0
0000000000010730 T lzma_index_buffer_encode@@XZ_5.0
000000000000a9a0 T lzma_index_cat@@XZ_5.0
0000000000009050 T lzma_index_checks@@XZ_5.0
000000000000c930 T lzma_index_decoder@@XZ_5.0
0000000000009070 T lzma_index_dup@@XZ_5.0
000000000000c0a0 T lzma_index_encoder@@XZ_5.0
00000000000084e0 T lzma_index_end@@XZ_5.0
000000000000a580 T lzma_index_file_size@@XZ_5.0
000000000000ceb0 T lzma_index_hash_append@@XZ_5.0
0000000000012e20 T lzma_index_hash_decode@@XZ_5.0
000000000000cdf0 T lzma_index_hash_end@@XZ_5.0
000000000000c9c0 T lzma_index_hash_init@@XZ_5.0
000000000000ce80 T lzma_index_hash_size@@XZ_5.0
0000000000008320 T lzma_index_init@@XZ_5.0
0000000000009410 T lzma_index_iter_init@@XZ_5.0
000000000000b1b0 T lzma_index_iter_locate@@XZ_5.0
000000000000af20 T lzma_index_iter_next@@XZ_5.0
00000000000093f0 T lzma_index_iter_rewind@@XZ_5.0
0000000000008dd0 T lzma_index_memusage@@XZ_5.0
0000000000008ea0 T lzma_index_memused@@XZ_5.0
000000000000a510 T lzma_index_size@@XZ_5.0
0000000000009020 T lzma_index_stream_count@@XZ_5.0
00000000000095f0 T lzma_index_stream_flags@@XZ_5.0
000000000000a610 T lzma_index_stream_padding@@XZ_5.0
000000000000a540 T lzma_index_stream_size@@XZ_5.0
0000000000009030 T lzma_index_total_size@@XZ_5.0
0000000000009040 T lzma_index_uncompressed_size@@XZ_5.0
000000000001f9e0 T lzma_lzip_decoder@@XZ_5.4
000000000001a340 T lzma_lzma_preset@@XZ_5.0
0000000000007e60 T lzma_memlimit_get@@XZ_5.0
0000000000007ed0 T lzma_memlimit_set@@XZ_5.0
0000000000007df0 T lzma_memusage@@XZ_5.0
000000000001a050 T lzma_mf_is_supported@@XZ_5.0
000000000001f940 T lzma_microlzma_decoder@@XZ_5.4
000000000000c380 T lzma_microlzma_encoder@@XZ_5.4
000000000001dcd0 T lzma_mode_is_supported@@XZ_5.0
000000000000bd30 T lzma_mt_block_size@@XZ_5.6.0
00000000000082d0 T lzma_physmem@@XZ_5.0
000000000000c8b0 T lzma_properties_decode@@XZ_5.0
000000000000beb0 T lzma_properties_encode@@XZ_5.0
000000000000be40 T lzma_properties_size@@XZ_5.0
000000000000c560 T lzma_raw_buffer_decode@@XZ_5.0
000000000000b860 T lzma_raw_buffer_encode@@XZ_5.0
000000000000c810 T lzma_raw_decoder@@XZ_5.0
000000000000c890 T lzma_raw_decoder_memusage@@XZ_5.0
000000000000ba60 T lzma_raw_encoder@@XZ_5.0
000000000000baf0 T lzma_raw_encoder_memusage@@XZ_5.0
0000000000009660 T lzma_str_from_filters@@XZ_5.4
0000000000009d70 T lzma_str_list_filters@@XZ_5.4
000000000000e290 T lzma_str_to_filters@@XZ_5.4
000000000000c120 T lzma_stream_buffer_bound@@XZ_5.0
000000000000cf80 T lzma_stream_buffer_decode@@XZ_5.0
0000000000011310 T lzma_stream_buffer_encode@@XZ_5.0
000000000000d250 T lzma_stream_decoder@@XZ_5.0
000000000001f8b0 T lzma_stream_decoder_mt@@XZ_5.4
0000000000010ae0 T lzma_stream_encoder@@XZ_5.0
0000000000011200 T lzma_stream_encoder_mt@XZ_5.2.2
0000000000011200 T lzma_stream_encoder_mt@XZ_5.1.2alpha
0000000000011200 T lzma_stream_encoder_mt@@XZ_5.2
000000000000ecd0 T lzma_stream_encoder_mt_memusage@@XZ_5.2
000000000000ecd0 T lzma_stream_encoder_mt_memusage@XZ_5.1.2alpha
000000000000ecd0 T lzma_stream_encoder_mt_memusage@XZ_5.2.2
0000000000009540 T lzma_stream_flags_compare@@XZ_5.0
0000000000013240 T lzma_stream_footer_decode@@XZ_5.0
0000000000011280 T lzma_stream_footer_encode@@XZ_5.0
00000000000131b0 T lzma_stream_header_decode@@XZ_5.0
0000000000010840 T lzma_stream_header_encode@@XZ_5.0
0000000000006800 T lzma_version_number@@XZ_5.0
0000000000006810 T lzma_version_string@@XZ_5.0
000000000000d2d0 T lzma_vli_decode@@XZ_5.0
000000000000c160 T lzma_vli_encode@@XZ_5.0
000000000000a4f0 T lzma_vli_size@@XZ_5.0
