{"event":"ack-configure","sequence":1,"controlSequence":0,"rootCommits":1,"childCommits":0,"serial":6,"width":320,"height":240,"monotonicNs":211273024224311}
{"event":"buffercommit","sequence":2,"controlSequence":0,"rootCommits":2,"childCommits":0,"serial":6,"width":320,"height":240,"monotonicNs":211273024360024}
{"event":"ready","sequence":3,"controlSequence":0,"rootCommits":2,"childCommits":0,"serial":6,"width":320,"height":240,"monotonicNs":211273024372974}
{"event":"buffer-release","sequence":4,"controlSequence":0,"rootCommits":2,"childCommits":0,"serial":6,"width":320,"height":240,"monotonicNs":211273025037827}
{"event":"ack-configure","sequence":5,"controlSequence":0,"rootCommits":2,"childCommits":0,"serial":7,"width":320,"height":240,"monotonicNs":211273025065263}
{"event":"buffercommit","sequence":6,"controlSequence":0,"rootCommits":3,"childCommits":0,"serial":7,"width":320,"height":240,"monotonicNs":211273025174398}
{"event":"buffer-release","sequence":7,"controlSequence":0,"rootCommits":3,"childCommits":0,"serial":7,"width":320,"height":240,"monotonicNs":211273025537056}
{"event":"ack-configure","sequence":8,"controlSequence":0,"rootCommits":3,"childCommits":0,"serial":13,"width":320,"height":240,"monotonicNs":211273093491990}
{"event":"buffercommit","sequence":9,"controlSequence":0,"rootCommits":4,"childCommits":0,"serial":13,"width":320,"height":240,"monotonicNs":211273093718337}
{"event":"buffer-release","sequence":10,"controlSequence":0,"rootCommits":4,"childCommits":0,"serial":13,"width":320,"height":240,"monotonicNs":211273093962479}
{"event":"buffercommit","sequence":11,"controlSequence":1,"rootCommits":4,"childCommits":1,"serial":13,"width":320,"height":240,"monotonicNs":211273270464685}
{"event":"request","sequence":12,"controlSequence":1,"rootCommits":5,"childCommits":1,"serial":13,"width":320,"height":240,"monotonicNs":211273270475366,"command":"child-create"}
{"event":"buffer-release","sequence":13,"controlSequence":1,"rootCommits":5,"childCommits":1,"serial":13,"width":320,"height":240,"monotonicNs":211273270807376}
{"event":"server-barrier","sequence":14,"controlSequence":1,"rootCommits":5,"childCommits":1,"serial":13,"width":320,"height":240,"monotonicNs":211273270827437,"command":"child-create","barrierControl":1}
{"event":"buffercommit","sequence":15,"controlSequence":2,"rootCommits":5,"childCommits":2,"serial":13,"width":320,"height":240,"monotonicNs":211273321483609}
{"event":"request","sequence":16,"controlSequence":2,"rootCommits":5,"childCommits":2,"serial":13,"width":320,"height":240,"monotonicNs":211273321501855,"command":"child-yellow"}
{"event":"buffer-release","sequence":17,"controlSequence":2,"rootCommits":5,"childCommits":2,"serial":13,"width":320,"height":240,"monotonicNs":211273321785097}
{"event":"server-barrier","sequence":18,"controlSequence":2,"rootCommits":5,"childCommits":2,"serial":13,"width":320,"height":240,"monotonicNs":211273321801330,"command":"child-yellow","barrierControl":2}
{"event":"request","sequence":19,"controlSequence":3,"rootCommits":5,"childCommits":2,"serial":13,"width":320,"height":240,"monotonicNs":211273372167084,"command":"child-sync"}
{"event":"server-barrier","sequence":20,"controlSequence":3,"rootCommits":5,"childCommits":2,"serial":13,"width":320,"height":240,"monotonicNs":211273372384810,"command":"child-sync","barrierControl":3}
{"event":"buffercommit","sequence":21,"controlSequence":4,"rootCommits":5,"childCommits":3,"serial":13,"width":320,"height":240,"monotonicNs":211273397687968}
{"event":"request","sequence":22,"controlSequence":4,"rootCommits":5,"childCommits":3,"serial":13,"width":320,"height":240,"monotonicNs":211273397696585,"command":"child-blue"}
{"event":"server-barrier","sequence":23,"controlSequence":4,"rootCommits":5,"childCommits":3,"serial":13,"width":320,"height":240,"monotonicNs":211273397901341,"command":"child-blue","barrierControl":4}
{"event":"request","sequence":24,"controlSequence":5,"rootCommits":6,"childCommits":3,"serial":13,"width":320,"height":240,"monotonicNs":211273448272673,"command":"root-commit"}
{"event":"buffer-release","sequence":25,"controlSequence":5,"rootCommits":6,"childCommits":3,"serial":13,"width":320,"height":240,"monotonicNs":211273448512917}
{"event":"server-barrier","sequence":26,"controlSequence":5,"rootCommits":6,"childCommits":3,"serial":13,"width":320,"height":240,"monotonicNs":211273448535862,"command":"root-commit","barrierControl":5}
{"event":"request","sequence":27,"controlSequence":6,"rootCommits":6,"childCommits":3,"serial":13,"width":320,"height":240,"monotonicNs":211273499197118,"command":"child-desync"}
{"event":"server-barrier","sequence":28,"controlSequence":6,"rootCommits":6,"childCommits":3,"serial":13,"width":320,"height":240,"monotonicNs":211273499431866,"command":"child-desync","barrierControl":6}
{"event":"request","sequence":29,"controlSequence":7,"rootCommits":7,"childCommits":3,"serial":13,"width":320,"height":240,"monotonicNs":211273549745294,"command":"child-move"}
{"event":"server-barrier","sequence":30,"controlSequence":7,"rootCommits":7,"childCommits":3,"serial":13,"width":320,"height":240,"monotonicNs":211273549963925,"command":"child-move","barrierControl":7}
{"event":"request","sequence":31,"controlSequence":8,"rootCommits":8,"childCommits":3,"serial":13,"width":320,"height":240,"monotonicNs":211273600365771,"command":"child-below"}
{"event":"server-barrier","sequence":32,"controlSequence":8,"rootCommits":8,"childCommits":3,"serial":13,"width":320,"height":240,"monotonicNs":211273600680450,"command":"child-below","barrierControl":8}
{"event":"request","sequence":33,"controlSequence":9,"rootCommits":9,"childCommits":3,"serial":13,"width":320,"height":240,"monotonicNs":211273650997601,"command":"child-above"}
{"event":"server-barrier","sequence":34,"controlSequence":9,"rootCommits":9,"childCommits":3,"serial":13,"width":320,"height":240,"monotonicNs":211273651409827,"command":"child-above","barrierControl":9}
{"event":"buffercommit","sequence":35,"controlSequence":10,"rootCommits":9,"childCommits":4,"serial":13,"width":320,"height":240,"monotonicNs":211273701836250}
{"event":"request","sequence":36,"controlSequence":10,"rootCommits":9,"childCommits":5,"serial":13,"width":320,"height":240,"monotonicNs":211273701847602,"command":"grand-create"}
{"event":"buffer-release","sequence":37,"controlSequence":10,"rootCommits":9,"childCommits":5,"serial":13,"width":320,"height":240,"monotonicNs":211273702281594}
{"event":"server-barrier","sequence":38,"controlSequence":10,"rootCommits":9,"childCommits":5,"serial":13,"width":320,"height":240,"monotonicNs":211273702298926,"command":"grand-create","barrierControl":10}
{"event":"request","sequence":39,"controlSequence":11,"rootCommits":9,"childCommits":6,"serial":13,"width":320,"height":240,"monotonicNs":211273752892415,"command":"child-detach"}
{"event":"server-barrier","sequence":40,"controlSequence":11,"rootCommits":9,"childCommits":6,"serial":13,"width":320,"height":240,"monotonicNs":211273753290174,"command":"child-detach","barrierControl":11}
{"event":"buffercommit","sequence":41,"controlSequence":12,"rootCommits":9,"childCommits":7,"serial":13,"width":320,"height":240,"monotonicNs":211273803473483}
{"event":"request","sequence":42,"controlSequence":12,"rootCommits":9,"childCommits":7,"serial":13,"width":320,"height":240,"monotonicNs":211273803483250,"command":"child-reattach"}
{"event":"buffer-release","sequence":43,"controlSequence":12,"rootCommits":9,"childCommits":7,"serial":13,"width":320,"height":240,"monotonicNs":211273804131598}
{"event":"server-barrier","sequence":44,"controlSequence":12,"rootCommits":9,"childCommits":7,"serial":13,"width":320,"height":240,"monotonicNs":211273804161866,"command":"child-reattach","barrierControl":12}
{"event":"request","sequence":45,"controlSequence":13,"rootCommits":9,"childCommits":7,"serial":13,"width":320,"height":240,"monotonicNs":211273854678580,"command":"child-destroy"}
{"event":"server-barrier","sequence":46,"controlSequence":13,"rootCommits":9,"childCommits":7,"serial":13,"width":320,"height":240,"monotonicNs":211273854924483,"command":"child-destroy","barrierControl":13}
{"event":"buffercommit","sequence":47,"controlSequence":14,"rootCommits":9,"childCommits":8,"serial":13,"width":320,"height":240,"monotonicNs":211273905044782}
{"event":"request","sequence":48,"controlSequence":14,"rootCommits":10,"childCommits":8,"serial":13,"width":320,"height":240,"monotonicNs":211273905057509,"command":"child-create"}
{"event":"buffer-release","sequence":49,"controlSequence":14,"rootCommits":10,"childCommits":8,"serial":13,"width":320,"height":240,"monotonicNs":211273905341790}
{"event":"server-barrier","sequence":50,"controlSequence":14,"rootCommits":10,"childCommits":8,"serial":13,"width":320,"height":240,"monotonicNs":211273905356349,"command":"child-create","barrierControl":14}
{"event":"request","sequence":51,"controlSequence":15,"rootCommits":10,"childCommits":8,"serial":13,"width":320,"height":240,"monotonicNs":211273955676617,"command":"child-destroy"}
{"event":"server-barrier","sequence":52,"controlSequence":15,"rootCommits":10,"childCommits":8,"serial":13,"width":320,"height":240,"monotonicNs":211273955936098,"command":"child-destroy","barrierControl":15}
{"event":"buffercommit","sequence":53,"controlSequence":16,"rootCommits":10,"childCommits":9,"serial":13,"width":320,"height":240,"monotonicNs":211274006252838}
{"event":"request","sequence":54,"controlSequence":16,"rootCommits":10,"childCommits":9,"serial":13,"width":320,"height":240,"monotonicNs":211274006261788,"command":"child-create-sync"}
{"event":"server-barrier","sequence":55,"controlSequence":16,"rootCommits":10,"childCommits":9,"serial":13,"width":320,"height":240,"monotonicNs":211274006353202,"command":"child-create-sync","barrierControl":16}
{"event":"request","sequence":56,"controlSequence":17,"rootCommits":11,"childCommits":9,"serial":13,"width":320,"height":240,"monotonicNs":211274056508532,"command":"root-commit"}
{"event":"buffer-release","sequence":57,"controlSequence":17,"rootCommits":11,"childCommits":9,"serial":13,"width":320,"height":240,"monotonicNs":211274056632819}
{"event":"server-barrier","sequence":58,"controlSequence":17,"rootCommits":11,"childCommits":9,"serial":13,"width":320,"height":240,"monotonicNs":211274056728300,"command":"root-commit","barrierControl":17}
{"event":"request","sequence":59,"controlSequence":18,"rootCommits":11,"childCommits":9,"serial":13,"width":320,"height":240,"monotonicNs":211274107151165,"command":"child-destroy"}
{"event":"server-barrier","sequence":60,"controlSequence":18,"rootCommits":11,"childCommits":9,"serial":13,"width":320,"height":240,"monotonicNs":211274107350492,"command":"child-destroy","barrierControl":18}
{"event":"buffercommit","sequence":61,"controlSequence":19,"rootCommits":11,"childCommits":10,"serial":13,"width":320,"height":240,"monotonicNs":211274157614639}
{"event":"request","sequence":62,"controlSequence":19,"rootCommits":11,"childCommits":10,"serial":13,"width":320,"height":240,"monotonicNs":211274157623188,"command":"child-create-sync"}
{"event":"server-barrier","sequence":63,"controlSequence":19,"rootCommits":11,"childCommits":10,"serial":13,"width":320,"height":240,"monotonicNs":211274157770298,"command":"child-create-sync","barrierControl":19}
{"event":"request","sequence":64,"controlSequence":20,"rootCommits":12,"childCommits":10,"serial":13,"width":320,"height":240,"monotonicNs":211274208088930,"command":"root-commit"}
{"event":"buffer-release","sequence":65,"controlSequence":20,"rootCommits":12,"childCommits":10,"serial":13,"width":320,"height":240,"monotonicNs":211274208294546}
{"event":"server-barrier","sequence":66,"controlSequence":20,"rootCommits":12,"childCommits":10,"serial":13,"width":320,"height":240,"monotonicNs":211274208307761,"command":"root-commit","barrierControl":20}
{"event":"buffercommit","sequence":67,"controlSequence":21,"rootCommits":12,"childCommits":11,"serial":13,"width":320,"height":240,"monotonicNs":211274258890526}
{"event":"request","sequence":68,"controlSequence":21,"rootCommits":12,"childCommits":11,"serial":13,"width":320,"height":240,"monotonicNs":211274258899325,"command":"child-yellow"}
{"event":"server-barrier","sequence":69,"controlSequence":21,"rootCommits":12,"childCommits":11,"serial":13,"width":320,"height":240,"monotonicNs":211274258942329,"command":"child-yellow","barrierControl":21}
{"event":"request","sequence":70,"controlSequence":22,"rootCommits":12,"childCommits":11,"serial":13,"width":320,"height":240,"monotonicNs":211274309339139,"command":"child-destroy"}
{"event":"buffer-release","sequence":71,"controlSequence":22,"rootCommits":12,"childCommits":11,"serial":13,"width":320,"height":240,"monotonicNs":211274309528931}
{"event":"server-barrier","sequence":72,"controlSequence":22,"rootCommits":12,"childCommits":11,"serial":13,"width":320,"height":240,"monotonicNs":211274309543544,"command":"child-destroy","barrierControl":22}
{"event":"request","sequence":73,"controlSequence":23,"rootCommits":13,"childCommits":11,"serial":13,"width":320,"height":240,"monotonicNs":211274370217302,"command":"root-commit"}
{"event":"server-barrier","sequence":74,"controlSequence":23,"rootCommits":13,"childCommits":11,"serial":13,"width":320,"height":240,"monotonicNs":211274370261536,"command":"root-commit","barrierControl":23}
{"event":"buffercommit","sequence":75,"controlSequence":24,"rootCommits":13,"childCommits":12,"serial":13,"width":320,"height":240,"monotonicNs":211274420511862}
{"event":"request","sequence":76,"controlSequence":24,"rootCommits":13,"childCommits":12,"serial":13,"width":320,"height":240,"monotonicNs":211274420519660,"command":"child-create-sync"}
{"event":"server-barrier","sequence":77,"controlSequence":24,"rootCommits":13,"childCommits":12,"serial":13,"width":320,"height":240,"monotonicNs":211274420589820,"command":"child-create-sync","barrierControl":24}
{"event":"request","sequence":78,"controlSequence":25,"rootCommits":14,"childCommits":12,"serial":13,"width":320,"height":240,"monotonicNs":211274470739262,"command":"root-commit"}
{"event":"buffer-release","sequence":79,"controlSequence":25,"rootCommits":14,"childCommits":12,"serial":13,"width":320,"height":240,"monotonicNs":211274470851175}
{"event":"server-barrier","sequence":80,"controlSequence":25,"rootCommits":14,"childCommits":12,"serial":13,"width":320,"height":240,"monotonicNs":211274470860258,"command":"root-commit","barrierControl":25}
{"event":"request","sequence":81,"controlSequence":26,"rootCommits":14,"childCommits":12,"serial":13,"width":320,"height":240,"monotonicNs":211274546232320,"command":"child-destroy"}
{"event":"server-barrier","sequence":82,"controlSequence":26,"rootCommits":14,"childCommits":12,"serial":13,"width":320,"height":240,"monotonicNs":211274546302371,"command":"child-destroy","barrierControl":26}
{"event":"buffercommit","sequence":83,"controlSequence":27,"rootCommits":14,"childCommits":13,"serial":13,"width":320,"height":240,"monotonicNs":211274596468810}
{"event":"request","sequence":84,"controlSequence":27,"rootCommits":14,"childCommits":13,"serial":13,"width":320,"height":240,"monotonicNs":211274596475817,"command":"child-create-sync"}
{"event":"server-barrier","sequence":85,"controlSequence":27,"rootCommits":14,"childCommits":13,"serial":13,"width":320,"height":240,"monotonicNs":211274596553300,"command":"child-create-sync","barrierControl":27}
{"event":"request","sequence":86,"controlSequence":28,"rootCommits":15,"childCommits":13,"serial":13,"width":320,"height":240,"monotonicNs":211274646684525,"command":"root-commit"}
{"event":"buffer-release","sequence":87,"controlSequence":28,"rootCommits":15,"childCommits":13,"serial":13,"width":320,"height":240,"monotonicNs":211274646765885}
{"event":"server-barrier","sequence":88,"controlSequence":28,"rootCommits":15,"childCommits":13,"serial":13,"width":320,"height":240,"monotonicNs":211274646776310,"command":"root-commit","barrierControl":28}
{"event":"buffercommit","sequence":89,"controlSequence":29,"rootCommits":15,"childCommits":14,"serial":13,"width":320,"height":240,"monotonicNs":211274696993833}
{"event":"request","sequence":90,"controlSequence":29,"rootCommits":15,"childCommits":15,"serial":13,"width":320,"height":240,"monotonicNs":211274697002847,"command":"grand-create"}
{"event":"server-barrier","sequence":91,"controlSequence":29,"rootCommits":15,"childCommits":15,"serial":13,"width":320,"height":240,"monotonicNs":211274697069728,"command":"grand-create","barrierControl":29}
{"event":"request","sequence":92,"controlSequence":30,"rootCommits":16,"childCommits":15,"serial":13,"width":320,"height":240,"monotonicNs":211274747204868,"command":"root-commit"}
{"event":"buffer-release","sequence":93,"controlSequence":30,"rootCommits":16,"childCommits":15,"serial":13,"width":320,"height":240,"monotonicNs":211274747290458}
{"event":"server-barrier","sequence":94,"controlSequence":30,"rootCommits":16,"childCommits":15,"serial":13,"width":320,"height":240,"monotonicNs":211274747300021,"command":"root-commit","barrierControl":30}
{"event":"buffercommit","sequence":95,"controlSequence":31,"rootCommits":16,"childCommits":16,"serial":13,"width":320,"height":240,"monotonicNs":211274822588826}
{"event":"request","sequence":96,"controlSequence":31,"rootCommits":16,"childCommits":16,"serial":13,"width":320,"height":240,"monotonicNs":211274822599234,"command":"grand-yellow"}
{"event":"server-barrier","sequence":97,"controlSequence":31,"rootCommits":16,"childCommits":16,"serial":13,"width":320,"height":240,"monotonicNs":211274822655742,"command":"grand-yellow","barrierControl":31}
{"event":"request","sequence":98,"controlSequence":32,"rootCommits":16,"childCommits":16,"serial":13,"width":320,"height":240,"monotonicNs":211274872850915,"command":"grand-desync"}
{"event":"server-barrier","sequence":99,"controlSequence":32,"rootCommits":16,"childCommits":16,"serial":13,"width":320,"height":240,"monotonicNs":211274872950868,"command":"grand-desync","barrierControl":32}
{"event":"request","sequence":100,"controlSequence":33,"rootCommits":16,"childCommits":16,"serial":13,"width":320,"height":240,"monotonicNs":211274923118919,"command":"child-desync"}
{"event":"buffer-release","sequence":101,"controlSequence":33,"rootCommits":16,"childCommits":16,"serial":13,"width":320,"height":240,"monotonicNs":211274923231504}
{"event":"server-barrier","sequence":102,"controlSequence":33,"rootCommits":16,"childCommits":16,"serial":13,"width":320,"height":240,"monotonicNs":211274923244751,"command":"child-desync","barrierControl":33}
{"event":"request","sequence":103,"controlSequence":34,"rootCommits":16,"childCommits":16,"serial":13,"width":320,"height":240,"monotonicNs":211274998598285,"command":"child-destroy"}
{"event":"server-barrier","sequence":104,"controlSequence":34,"rootCommits":16,"childCommits":16,"serial":13,"width":320,"height":240,"monotonicNs":211274998709941,"command":"child-destroy","barrierControl":34}
{"event":"buffercommit","sequence":105,"controlSequence":35,"rootCommits":16,"childCommits":17,"serial":13,"width":320,"height":240,"monotonicNs":211275048911505}
{"event":"request","sequence":106,"controlSequence":35,"rootCommits":16,"childCommits":17,"serial":13,"width":320,"height":240,"monotonicNs":211275048921463,"command":"child-create-sync"}
{"event":"server-barrier","sequence":107,"controlSequence":35,"rootCommits":16,"childCommits":17,"serial":13,"width":320,"height":240,"monotonicNs":211275049187760,"command":"child-create-sync","barrierControl":35}
{"event":"request","sequence":108,"controlSequence":36,"rootCommits":17,"childCommits":17,"serial":13,"width":320,"height":240,"monotonicNs":211275099363764,"command":"root-commit"}
{"event":"buffer-release","sequence":109,"controlSequence":36,"rootCommits":17,"childCommits":17,"serial":13,"width":320,"height":240,"monotonicNs":211275099651793}
{"event":"server-barrier","sequence":110,"controlSequence":36,"rootCommits":17,"childCommits":17,"serial":13,"width":320,"height":240,"monotonicNs":211275099690732,"command":"root-commit","barrierControl":36}
{"event":"buffercommit","sequence":111,"controlSequence":37,"rootCommits":17,"childCommits":18,"serial":13,"width":320,"height":240,"monotonicNs":211275150184224}
{"event":"request","sequence":112,"controlSequence":37,"rootCommits":17,"childCommits":18,"serial":13,"width":320,"height":240,"monotonicNs":211275150206698,"command":"child-yellow"}
{"event":"server-barrier","sequence":113,"controlSequence":37,"rootCommits":17,"childCommits":18,"serial":13,"width":320,"height":240,"monotonicNs":211275150287666,"command":"child-yellow","barrierControl":37}
{"event":"buffercommit","sequence":114,"controlSequence":38,"rootCommits":17,"childCommits":19,"serial":13,"width":320,"height":240,"monotonicNs":211275200462202}
{"event":"request","sequence":115,"controlSequence":38,"rootCommits":17,"childCommits":19,"serial":13,"width":320,"height":240,"monotonicNs":211275200472596,"command":"child-blue"}
{"event":"buffer-release","sequence":116,"controlSequence":38,"rootCommits":17,"childCommits":19,"serial":13,"width":320,"height":240,"monotonicNs":211275200529781}
{"event":"server-barrier","sequence":117,"controlSequence":38,"rootCommits":17,"childCommits":19,"serial":13,"width":320,"height":240,"monotonicNs":211275200537542,"command":"child-blue","barrierControl":38}
{"event":"buffercommit","sequence":118,"controlSequence":39,"rootCommits":17,"childCommits":20,"serial":13,"width":320,"height":240,"monotonicNs":211275250820244}
{"event":"request","sequence":119,"controlSequence":39,"rootCommits":17,"childCommits":20,"serial":13,"width":320,"height":240,"monotonicNs":211275250830402,"command":"child-yellow"}
{"event":"buffer-release","sequence":120,"controlSequence":39,"rootCommits":17,"childCommits":20,"serial":13,"width":320,"height":240,"monotonicNs":211275251049931}
{"event":"server-barrier","sequence":121,"controlSequence":39,"rootCommits":17,"childCommits":20,"serial":13,"width":320,"height":240,"monotonicNs":211275251064905,"command":"child-yellow","barrierControl":39}
{"event":"request","sequence":122,"controlSequence":40,"rootCommits":17,"childCommits":21,"serial":13,"width":320,"height":240,"monotonicNs":211275326553608,"command":"child-empty"}
{"event":"server-barrier","sequence":123,"controlSequence":40,"rootCommits":17,"childCommits":21,"serial":13,"width":320,"height":240,"monotonicNs":211275326699830,"command":"child-empty","barrierControl":40}
{"event":"request","sequence":124,"controlSequence":41,"rootCommits":18,"childCommits":21,"serial":13,"width":320,"height":240,"monotonicNs":211275376999321,"command":"root-commit"}
{"event":"buffer-release","sequence":125,"controlSequence":41,"rootCommits":18,"childCommits":21,"serial":13,"width":320,"height":240,"monotonicNs":211275377269153}
{"event":"server-barrier","sequence":126,"controlSequence":41,"rootCommits":18,"childCommits":21,"serial":13,"width":320,"height":240,"monotonicNs":211275377285933,"command":"root-commit","barrierControl":41}
{"event":"request","sequence":127,"controlSequence":42,"rootCommits":18,"childCommits":21,"serial":13,"width":320,"height":240,"monotonicNs":211275427636021,"command":"child-destroy"}
{"event":"server-barrier","sequence":128,"controlSequence":42,"rootCommits":18,"childCommits":21,"serial":13,"width":320,"height":240,"monotonicNs":211275427861224,"command":"child-destroy","barrierControl":42}
{"event":"buffercommit","sequence":129,"controlSequence":43,"rootCommits":18,"childCommits":22,"serial":13,"width":320,"height":240,"monotonicNs":211275503208059}
{"event":"request","sequence":130,"controlSequence":43,"rootCommits":18,"childCommits":22,"serial":13,"width":320,"height":240,"monotonicNs":211275503219051,"command":"child-create-sync"}
{"event":"server-barrier","sequence":131,"controlSequence":43,"rootCommits":18,"childCommits":22,"serial":13,"width":320,"height":240,"monotonicNs":211275503570179,"command":"child-create-sync","barrierControl":43}
{"event":"request","sequence":132,"controlSequence":44,"rootCommits":19,"childCommits":22,"serial":13,"width":320,"height":240,"monotonicNs":211275553843749,"command":"root-commit"}
{"event":"buffer-release","sequence":133,"controlSequence":44,"rootCommits":19,"childCommits":22,"serial":13,"width":320,"height":240,"monotonicNs":211275554345415}
{"event":"server-barrier","sequence":134,"controlSequence":44,"rootCommits":19,"childCommits":22,"serial":13,"width":320,"height":240,"monotonicNs":211275554364520,"command":"root-commit","barrierControl":44}
{"event":"buffercommit","sequence":135,"controlSequence":45,"rootCommits":19,"childCommits":23,"serial":13,"width":320,"height":240,"monotonicNs":211275605168515}
{"event":"request","sequence":136,"controlSequence":45,"rootCommits":19,"childCommits":24,"serial":13,"width":320,"height":240,"monotonicNs":211275605183904,"command":"grand-create"}
{"event":"server-barrier","sequence":137,"controlSequence":45,"rootCommits":19,"childCommits":24,"serial":13,"width":320,"height":240,"monotonicNs":211275605510636,"command":"grand-create","barrierControl":45}
{"event":"request","sequence":138,"controlSequence":46,"rootCommits":20,"childCommits":24,"serial":13,"width":320,"height":240,"monotonicNs":211275655842413,"command":"root-commit"}
{"event":"buffer-release","sequence":139,"controlSequence":46,"rootCommits":20,"childCommits":24,"serial":13,"width":320,"height":240,"monotonicNs":211275656187053}
{"event":"server-barrier","sequence":140,"controlSequence":46,"rootCommits":20,"childCommits":24,"serial":13,"width":320,"height":240,"monotonicNs":211275656206555,"command":"root-commit","barrierControl":46}
{"event":"request","sequence":141,"controlSequence":47,"rootCommits":20,"childCommits":25,"serial":13,"width":320,"height":240,"monotonicNs":211275706638072,"command":"child-detach"}
{"event":"server-barrier","sequence":142,"controlSequence":47,"rootCommits":20,"childCommits":25,"serial":13,"width":320,"height":240,"monotonicNs":211275706863914,"command":"child-detach","barrierControl":47}
{"event":"request","sequence":143,"controlSequence":48,"rootCommits":21,"childCommits":25,"serial":13,"width":320,"height":240,"monotonicNs":211275757241047,"command":"root-commit"}
{"event":"server-barrier","sequence":144,"controlSequence":48,"rootCommits":21,"childCommits":25,"serial":13,"width":320,"height":240,"monotonicNs":211275757702791,"command":"root-commit","barrierControl":48}
{"event":"request","sequence":145,"controlSequence":49,"rootCommits":21,"childCommits":25,"serial":13,"width":320,"height":240,"monotonicNs":211275808061476,"command":"child-destroy"}
{"event":"server-barrier","sequence":146,"controlSequence":49,"rootCommits":21,"childCommits":25,"serial":13,"width":320,"height":240,"monotonicNs":211275808339475,"command":"child-destroy","barrierControl":49}
{"event":"buffercommit","sequence":147,"controlSequence":50,"rootCommits":21,"childCommits":26,"serial":13,"width":320,"height":240,"monotonicNs":211275870550417}
{"event":"request","sequence":148,"controlSequence":50,"rootCommits":22,"childCommits":26,"serial":13,"width":320,"height":240,"monotonicNs":211275870562639,"command":"child-create"}
{"event":"buffer-release","sequence":149,"controlSequence":50,"rootCommits":22,"childCommits":26,"serial":13,"width":320,"height":240,"monotonicNs":211275870966323}
{"event":"server-barrier","sequence":150,"controlSequence":50,"rootCommits":22,"childCommits":26,"serial":13,"width":320,"height":240,"monotonicNs":211275870983123,"command":"child-create","barrierControl":50}
{"event":"request","sequence":151,"controlSequence":51,"rootCommits":22,"childCommits":26,"serial":13,"width":320,"height":240,"monotonicNs":211275921529529,"command":"child-move-pending"}
{"event":"server-barrier","sequence":152,"controlSequence":51,"rootCommits":22,"childCommits":26,"serial":13,"width":320,"height":240,"monotonicNs":211275921838249,"command":"child-move-pending","barrierControl":51}
{"event":"request","sequence":153,"controlSequence":52,"rootCommits":23,"childCommits":26,"serial":13,"width":320,"height":240,"monotonicNs":211275972112607,"command":"root-commit"}
{"event":"server-barrier","sequence":154,"controlSequence":52,"rootCommits":23,"childCommits":26,"serial":13,"width":320,"height":240,"monotonicNs":211275972340493,"command":"root-commit","barrierControl":52}
{"event":"request","sequence":155,"controlSequence":53,"rootCommits":23,"childCommits":26,"serial":13,"width":320,"height":240,"monotonicNs":211276022686134,"command":"child-below-pending"}
{"event":"server-barrier","sequence":156,"controlSequence":53,"rootCommits":23,"childCommits":26,"serial":13,"width":320,"height":240,"monotonicNs":211276023049621,"command":"child-below-pending","barrierControl":53}
{"event":"request","sequence":157,"controlSequence":54,"rootCommits":24,"childCommits":26,"serial":13,"width":320,"height":240,"monotonicNs":211276073474171,"command":"root-commit"}
{"event":"server-barrier","sequence":158,"controlSequence":54,"rootCommits":24,"childCommits":26,"serial":13,"width":320,"height":240,"monotonicNs":211276073789020,"command":"root-commit","barrierControl":54}
{"event":"request","sequence":159,"controlSequence":55,"rootCommits":24,"childCommits":26,"serial":13,"width":320,"height":240,"monotonicNs":211276124049994,"command":"child-above-pending"}
{"event":"server-barrier","sequence":160,"controlSequence":55,"rootCommits":24,"childCommits":26,"serial":13,"width":320,"height":240,"monotonicNs":211276124159741,"command":"child-above-pending","barrierControl":55}
{"event":"request","sequence":161,"controlSequence":56,"rootCommits":25,"childCommits":26,"serial":13,"width":320,"height":240,"monotonicNs":211276174503823,"command":"root-commit"}
{"event":"server-barrier","sequence":162,"controlSequence":56,"rootCommits":25,"childCommits":26,"serial":13,"width":320,"height":240,"monotonicNs":211276174808028,"command":"root-commit","barrierControl":56}
{"event":"buffercommit","sequence":163,"controlSequence":57,"rootCommits":25,"childCommits":27,"serial":13,"width":320,"height":240,"monotonicNs":211283371068574}
{"event":"request","sequence":164,"controlSequence":57,"rootCommits":25,"childCommits":27,"serial":13,"width":320,"height":240,"monotonicNs":211283371080175,"command":"child-yellow"}
{"event":"buffer-release","sequence":165,"controlSequence":57,"rootCommits":25,"childCommits":27,"serial":13,"width":320,"height":240,"monotonicNs":211283371251413}
{"event":"server-barrier","sequence":166,"controlSequence":57,"rootCommits":25,"childCommits":27,"serial":13,"width":320,"height":240,"monotonicNs":211283371401438,"command":"child-yellow","barrierControl":57}
{"event":"buffercommit","sequence":167,"controlSequence":58,"rootCommits":25,"childCommits":28,"serial":13,"width":320,"height":240,"monotonicNs":211291500209141}
{"event":"request","sequence":168,"controlSequence":58,"rootCommits":25,"childCommits":28,"serial":13,"width":320,"height":240,"monotonicNs":211291500220213,"command":"child-blue"}
{"event":"buffer-release","sequence":169,"controlSequence":58,"rootCommits":25,"childCommits":28,"serial":13,"width":320,"height":240,"monotonicNs":211291500624905}
{"event":"server-barrier","sequence":170,"controlSequence":58,"rootCommits":25,"childCommits":28,"serial":13,"width":320,"height":240,"monotonicNs":211291500741566,"command":"child-blue","barrierControl":58}
{"event":"ack-configure","sequence":171,"controlSequence":58,"rootCommits":25,"childCommits":28,"serial":114,"width":320,"height":240,"monotonicNs":211298203046987}
{"event":"buffercommit","sequence":172,"controlSequence":58,"rootCommits":26,"childCommits":28,"serial":114,"width":320,"height":240,"monotonicNs":211298203182544}
{"event":"buffer-release","sequence":173,"controlSequence":58,"rootCommits":26,"childCommits":28,"serial":114,"width":320,"height":240,"monotonicNs":211298203448954}
{"event":"ack-configure","sequence":174,"controlSequence":58,"rootCommits":26,"childCommits":28,"serial":119,"width":320,"height":240,"monotonicNs":211304799883984}
{"event":"buffercommit","sequence":175,"controlSequence":58,"rootCommits":27,"childCommits":28,"serial":119,"width":320,"height":240,"monotonicNs":211304800060349}
{"event":"buffer-release","sequence":176,"controlSequence":58,"rootCommits":27,"childCommits":28,"serial":119,"width":320,"height":240,"monotonicNs":211304800630906}
{"event":"request","sequence":177,"controlSequence":59,"rootCommits":27,"childCommits":28,"serial":119,"width":320,"height":240,"monotonicNs":211304825997631,"command":"quit"}
{"event":"normalexit","sequence":178,"controlSequence":59,"rootCommits":27,"childCommits":28,"serial":119,"width":320,"height":240,"monotonicNs":211304826040266}
