[02:39:54.500924] {Default Queue}  -> wl_display#1.get_registry(new id wl_registry#2)
[02:39:54.500955] {Default Queue}  -> wl_display#1.sync(new id wl_callback#3)
[02:39:54.570113] {Display Queue} wl_display#1.delete_id(3)
[02:39:54.570137] {Default Queue} wl_registry#2.global(1, "wl_seat", 9)
[02:39:54.570144] {Default Queue} wl_registry#2.global(2, "wl_data_device_manager", 3)
[02:39:54.570148] {Default Queue}  -> wl_registry#2.bind(2, "wl_data_device_manager", 3, new id [unknown]#4)
[02:39:54.570151] {Default Queue} wl_registry#2.global(3, "wl_compositor", 6)
[02:39:54.570153] {Default Queue}  -> wl_registry#2.bind(3, "wl_compositor", 3, new id [unknown]#5)
[02:39:54.570155] {Default Queue} wl_registry#2.global(4, "wl_subcompositor", 1)
[02:39:54.570157] {Default Queue}  -> wl_registry#2.bind(4, "wl_subcompositor", 1, new id [unknown]#6)
[02:39:54.570159] {Default Queue} wl_registry#2.global(5, "wl_shm", 2)
[02:39:54.570161] {Default Queue}  -> wl_registry#2.bind(5, "wl_shm", 1, new id [unknown]#7)
[02:39:54.570163] {Default Queue} wl_registry#2.global(6, "wp_viewporter", 1)
[02:39:54.570165] {Default Queue} wl_registry#2.global(7, "wp_tearing_control_manager_v1", 1)
[02:39:54.570167] {Default Queue} wl_registry#2.global(8, "wp_fractional_scale_manager_v1", 1)
[02:39:54.570170] {Default Queue} wl_registry#2.global(9, "zxdg_output_manager_v1", 3)
[02:39:54.570172] {Default Queue}  -> wl_registry#2.bind(9, "zxdg_output_manager_v1", 3, new id [unknown]#8)
[02:39:54.570175] {Default Queue}  -> wl_display#1.sync(new id wl_callback#9)
[02:39:54.570177] {Default Queue} wl_registry#2.global(10, "wp_cursor_shape_manager_v1", 2)
[02:39:54.570179] {Default Queue}  -> wl_registry#2.bind(10, "wp_cursor_shape_manager_v1", 1, new id [unknown]#10)
[02:39:54.570182] {Default Queue} wl_registry#2.global(11, "zwp_idle_inhibit_manager_v1", 1)
[02:39:54.570184] {Default Queue} wl_registry#2.global(12, "zwp_relative_pointer_manager_v1", 1)
[02:39:54.570186] {Default Queue} wl_registry#2.global(13, "zxdg_decoration_manager_v1", 2)
[02:39:54.570188] {Default Queue} wl_registry#2.global(14, "wp_alpha_modifier_v1", 1)
[02:39:54.570190] {Default Queue} wl_registry#2.global(15, "zwlr_gamma_control_manager_v1", 1)
[02:39:54.570192] {Default Queue} wl_registry#2.global(16, "ext_foreign_toplevel_list_v1", 1)
[02:39:54.570194] {Default Queue} wl_registry#2.global(17, "zwp_pointer_gestures_v1", 3)
[02:39:54.570196] {Default Queue}  -> wl_registry#2.bind(17, "zwp_pointer_gestures_v1", 1, new id [unknown]#11)
[02:39:54.570198] {Default Queue} wl_registry#2.global(18, "zwlr_foreign_toplevel_manager_v1", 3)
[02:39:54.570200] {Default Queue} wl_registry#2.global(19, "zwp_keyboard_shortcuts_inhibit_manager_v1", 1)
[02:39:54.570202] {Default Queue}  -> wl_registry#2.bind(19, "zwp_keyboard_shortcuts_inhibit_manager_v1", 1, new id [unknown]#12)
[02:39:54.570205] {Default Queue} wl_registry#2.global(20, "zwp_text_input_manager_v1", 1)
[02:39:54.570207] {Default Queue} wl_registry#2.global(21, "zwp_text_input_manager_v3", 1)
[02:39:54.570209] {Default Queue} wl_registry#2.global(22, "zwp_pointer_constraints_v1", 1)
[02:39:54.570211] {Default Queue} wl_registry#2.global(23, "zwlr_output_power_manager_v1", 1)
[02:39:54.570212] {Default Queue} wl_registry#2.global(24, "xdg_activation_v1", 1)
[02:39:54.570214] {Default Queue}  -> wl_registry#2.bind(24, "xdg_activation_v1", 1, new id [unknown]#13)
[02:39:54.570216] {Default Queue} wl_registry#2.global(25, "ext_idle_notifier_v1", 2)
[02:39:54.570218] {Default Queue} wl_registry#2.global(26, "hyprland_lock_notifier_v1", 1)
[02:39:54.570220] {Default Queue} wl_registry#2.global(27, "ext_session_lock_manager_v1", 1)
[02:39:54.570222] {Default Queue} wl_registry#2.global(28, "zwp_input_method_manager_v2", 1)
[02:39:54.570224] {Default Queue} wl_registry#2.global(29, "zwp_virtual_keyboard_manager_v1", 1)
[02:39:54.570226] {Default Queue} wl_registry#2.global(30, "zwlr_virtual_pointer_manager_v1", 2)
[02:39:54.570228] {Default Queue} wl_registry#2.global(31, "zwlr_output_manager_v1", 4)
[02:39:54.570231] {Default Queue} wl_registry#2.global(32, "org_kde_kwin_server_decoration_manager", 1)
[02:39:54.570240] {Default Queue}  -> wl_registry#2.bind(32, "org_kde_kwin_server_decoration_manager", 1, new id [unknown]#14)
[02:39:54.570252] {Default Queue} wl_registry#2.global(33, "hyprland_focus_grab_manager_v1", 1)
[02:39:54.570255] {Default Queue} wl_registry#2.global(34, "zwp_tablet_manager_v2", 1)
[02:39:54.570257] {Default Queue}  -> wl_registry#2.bind(34, "zwp_tablet_manager_v2", 1, new id [unknown]#15)
[02:39:54.570259] {Default Queue} wl_registry#2.global(35, "zwlr_layer_shell_v1", 5)
[02:39:54.570262] {Default Queue} wl_registry#2.global(36, "wp_presentation", 2)
[02:39:54.570264] {Default Queue} wl_registry#2.global(37, "xdg_wm_base", 7)
[02:39:54.570266] {Default Queue} wl_registry#2.global(38, "zwlr_data_control_manager_v1", 2)
[02:39:54.570268] {Default Queue} wl_registry#2.global(39, "zwp_primary_selection_device_manager_v1", 1)
[02:39:54.570270] {Default Queue}  -> wl_registry#2.bind(39, "zwp_primary_selection_device_manager_v1", 1, new id [unknown]#16)
[02:39:54.570272] {Default Queue} wl_registry#2.global(40, "xwayland_shell_v1", 1)
[02:39:54.570274] {Default Queue} wl_registry#2.global(41, "hyprland_toplevel_mapping_manager_v1", 1)
[02:39:54.570276] {Default Queue} wl_registry#2.global(42, "hyprland_global_shortcuts_manager_v1", 1)
[02:39:54.570278] {Default Queue} wl_registry#2.global(43, "xdg_wm_dialog_v1", 1)
[02:39:54.570280] {Default Queue} wl_registry#2.global(44, "wp_single_pixel_buffer_manager_v1", 1)
[02:39:54.570282] {Default Queue} wl_registry#2.global(45, "wp_security_context_manager_v1", 1)
[02:39:54.570284] {Default Queue} wl_registry#2.global(46, "hyprland_ctm_control_manager_v1", 2)
[02:39:54.570286] {Default Queue} wl_registry#2.global(47, "hyprland_input_capture_manager_v1", 1)
[02:39:54.570288] {Default Queue} wl_registry#2.global(48, "hyprland_surface_manager_v1", 2)
[02:39:54.570290] {Default Queue} wl_registry#2.global(49, "wp_content_type_manager_v1", 1)
[02:39:54.570292] {Default Queue} wl_registry#2.global(50, "xdg_toplevel_tag_manager_v1", 1)
[02:39:54.570294] {Default Queue} wl_registry#2.global(51, "xdg_system_bell_v1", 1)
[02:39:54.570296] {Default Queue} wl_registry#2.global(52, "vicinae_hotkey_manager_v1", 1)
[02:39:54.570298] {Default Queue} wl_registry#2.global(53, "ext_workspace_manager_v1", 1)
[02:39:54.570300] {Default Queue} wl_registry#2.global(54, "ext_data_control_manager_v1", 1)
[02:39:54.570302] {Default Queue} wl_registry#2.global(55, "wp_pointer_warp_v1", 1)
[02:39:54.570304] {Default Queue} wl_registry#2.global(56, "wp_fifo_manager_v1", 1)
[02:39:54.570306] {Default Queue} wl_registry#2.global(57, "zxdg_exporter_v2", 1)
[02:39:54.570308] {Default Queue}  -> wl_registry#2.bind(57, "zxdg_exporter_v2", 1, new id [unknown]#17)
[02:39:54.570310] {Default Queue} wl_registry#2.global(58, "zxdg_importer_v2", 1)
[02:39:54.570312] {Default Queue}  -> wl_registry#2.bind(58, "zxdg_importer_v2", 1, new id [unknown]#18)
[02:39:54.570314] {Default Queue} wl_registry#2.global(59, "ext_background_effect_manager_v1", 1)
[02:39:54.570316] {Default Queue} wl_registry#2.global(60, "wp_commit_timing_manager_v1", 1)
[02:39:54.570318] {Default Queue} wl_registry#2.global(61, "zwlr_screencopy_manager_v1", 3)
[02:39:54.570320] {Default Queue} wl_registry#2.global(62, "hyprland_toplevel_export_manager_v1", 2)
[02:39:54.570322] {Default Queue} wl_registry#2.global(63, "ext_output_image_capture_source_manager_v1", 1)
[02:39:54.570324] {Default Queue} wl_registry#2.global(64, "ext_foreign_toplevel_image_capture_source_manager_v1", 1)
[02:39:54.570327] {Default Queue} wl_registry#2.global(65, "ext_image_copy_capture_manager_v1", 1)
[02:39:54.570330] {Default Queue} wl_registry#2.global(66, "wp_color_manager_v1", 3)
[02:39:54.570332] {Default Queue} wl_registry#2.global(67, "wl_drm", 2)
[02:39:54.570334] {Default Queue} wl_registry#2.global(68, "zwp_linux_dmabuf_v1", 5)
[02:39:54.570336] {Default Queue} wl_registry#2.global(69, "wl_output", 4)
[02:39:54.570338] {Default Queue}  -> wl_registry#2.bind(69, "wl_output", 2, new id [unknown]#19)
[02:39:54.570380] {Default Queue}  -> zxdg_output_manager_v1#8.get_xdg_output(new id zxdg_output_v1#20, wl_output#19)
[02:39:54.570385] {Default Queue}  -> wl_display#1.sync(new id wl_callback#21)
[02:39:54.570388] {Default Queue} wl_callback#3.done(11)
[02:39:54.570428] {Default Queue}  -> wl_shm#7.create_pool(new id wl_shm_pool#3, fd 8, 2304)
[02:39:54.570504] {Default Queue}  -> wl_shm_pool#3.resize(6912)
[02:39:54.570547] {Default Queue}  -> wl_shm_pool#3.resize(16128)
[02:39:54.570614] {Default Queue}  -> wl_shm_pool#3.resize(34560)
[02:39:54.570726] {Default Queue}  -> wl_shm_pool#3.resize(71424)
[02:39:54.570939] {Default Queue}  -> wl_shm_pool#3.resize(145152)
[02:39:54.571712] {Default Queue}  -> wl_shm_pool#3.resize(292608)
[02:39:54.572569] {Default Queue}  -> wl_shm_pool#3.resize(587520)
[02:39:54.575883] {Default Queue}  -> wl_registry#2.bind(1, "wl_seat", 5, new id [unknown]#22)
[02:39:54.577136] {Default Queue}  -> wl_compositor#5.create_surface(new id wl_surface#23)
[02:39:54.577147] {Default Queue}  -> zwp_primary_selection_device_manager_v1#16.get_device(new id zwp_primary_selection_device_v1#24, wl_seat#22)
[02:39:54.577152] {Default Queue}  -> wl_data_device_manager#4.get_data_device(new id wl_data_device#25, wl_seat#22)
[02:39:54.577188] {Default Queue}  -> wl_compositor#5.create_surface(new id wl_surface#26)
[02:39:54.577191] {Default Queue}  -> zwp_tablet_manager_v2#15.get_tablet_seat(new id zwp_tablet_seat_v2#27, wl_seat#22)
[02:39:54.577195] {Default Queue}  -> wl_display#1.sync(new id wl_callback#28)
[02:39:54.577313] {Display Queue} wl_display#1.delete_id(9)
[02:39:54.577317] {Display Queue} wl_display#1.delete_id(21)
[02:39:54.577319] {Display Queue} wl_display#1.delete_id(28)
[02:39:54.577321] {Default Queue} wl_shm#7.format(0)
[02:39:54.577324] {Default Queue} wl_shm#7.format(1)
[02:39:54.577326] {Default Queue} wl_shm#7.format(875709016)
[02:39:54.577328] {Default Queue} wl_shm#7.format(875708993)
[02:39:54.577330] {Default Queue} wl_shm#7.format(808669784)
[02:39:54.577332] {Default Queue} wl_shm#7.format(808669761)
[02:39:54.577334] {Default Queue} wl_shm#7.format(808665688)
[02:39:54.577336] {Default Queue} wl_shm#7.format(808665665)
[02:39:54.577338] {Default Queue} wl_callback#9.done(11)
[02:39:54.577340] {Default Queue} org_kde_kwin_server_decoration_manager#14.default_mode(2)
[02:39:54.577344] {Default Queue} wl_output#19.scale(1)
[02:39:54.577346] {Default Queue} wl_output#19.mode(1, 800, 600, 60000)
[02:39:54.577350] {Default Queue} wl_output#19.geometry(0, 0, 0, 0, 1, "", "", 0)
[02:39:54.577354] {Default Queue} wl_output#19.done()
[02:39:54.577362] {Default Queue} zxdg_output_v1#20.name("WAYLAND-1")
[02:39:54.577366] {Default Queue} zxdg_output_v1#20.logical_position(0, 0)
[02:39:54.577368] {Default Queue} zxdg_output_v1#20.logical_size(800, 600)
[02:39:54.577371] {Default Queue} wl_output#19.done()
[02:39:54.577373] {Default Queue} wl_callback#21.done(11)
[02:39:54.577375] {Default Queue} wl_seat#22.name("Hyprland")
[02:39:54.577378] {Default Queue} wl_seat#22.capabilities(3)
[02:39:54.577380] {Default Queue}  -> wl_seat#22.get_pointer(new id wl_pointer#21)
[02:39:54.577386] {Default Queue}  -> zwp_pointer_gestures_v1#11.get_swipe_gesture(new id zwp_pointer_gesture_swipe_v1#9, wl_pointer#21)
[02:39:54.577391] {Default Queue}  -> zwp_pointer_gestures_v1#11.get_pinch_gesture(new id zwp_pointer_gesture_pinch_v1#29, wl_pointer#21)
[02:39:54.577395] {Default Queue}  -> wp_cursor_shape_manager_v1#10.get_pointer(new id wp_cursor_shape_device_v1#30, wl_pointer#21)
[02:39:54.577398] {Default Queue}  -> wl_seat#22.get_keyboard(new id wl_keyboard#31)
[02:39:54.577403] {Default Queue} wl_callback#28.done(11)
[02:39:54.577406] {Default Queue}  -> wl_registry#2.bind(37, "xdg_wm_base", 6, new id [unknown]#28)
[02:39:54.590353] {Default Queue}  -> wl_display#1.get_registry(new id wl_registry#32)
[02:39:54.590380] {Default Queue}  -> wl_display#1.sync(new id wl_callback#33)
[02:39:54.590476] {Display Queue} wl_display#1.delete_id(33)
[02:39:54.590481] {Default Queue} wl_keyboard#31.keymap(1, fd 8, 35572)
[02:39:54.591111] {Default Queue} wl_keyboard#31.repeat_info(25, 600)
[02:39:54.591128] {Default Queue} wl_registry#32.global(1, "wl_seat", 9)
[02:39:54.591137] {Default Queue} wl_registry#32.global(2, "wl_data_device_manager", 3)
[02:39:54.591139] {Default Queue} wl_registry#32.global(3, "wl_compositor", 6)
[02:39:54.591141] {Default Queue} wl_registry#32.global(4, "wl_subcompositor", 1)
[02:39:54.591143] {Default Queue} wl_registry#32.global(5, "wl_shm", 2)
[02:39:54.591145] {Default Queue} wl_registry#32.global(6, "wp_viewporter", 1)
[02:39:54.591147] {Default Queue} wl_registry#32.global(7, "wp_tearing_control_manager_v1", 1)
[02:39:54.591148] {Default Queue} wl_registry#32.global(8, "wp_fractional_scale_manager_v1", 1)
[02:39:54.591150] {Default Queue} wl_registry#32.global(9, "zxdg_output_manager_v1", 3)
[02:39:54.591152] {Default Queue} wl_registry#32.global(10, "wp_cursor_shape_manager_v1", 2)
[02:39:54.591154] {Default Queue} wl_registry#32.global(11, "zwp_idle_inhibit_manager_v1", 1)
[02:39:54.591156] {Default Queue} wl_registry#32.global(12, "zwp_relative_pointer_manager_v1", 1)
[02:39:54.591158] {Default Queue} wl_registry#32.global(13, "zxdg_decoration_manager_v1", 2)
[02:39:54.591159] {Default Queue} wl_registry#32.global(14, "wp_alpha_modifier_v1", 1)
[02:39:54.591161] {Default Queue} wl_registry#32.global(15, "zwlr_gamma_control_manager_v1", 1)
[02:39:54.591163] {Default Queue} wl_registry#32.global(16, "ext_foreign_toplevel_list_v1", 1)
[02:39:54.591165] {Default Queue} wl_registry#32.global(17, "zwp_pointer_gestures_v1", 3)
[02:39:54.591167] {Default Queue} wl_registry#32.global(18, "zwlr_foreign_toplevel_manager_v1", 3)
[02:39:54.591168] {Default Queue} wl_registry#32.global(19, "zwp_keyboard_shortcuts_inhibit_manager_v1", 1)
[02:39:54.591170] {Default Queue} wl_registry#32.global(20, "zwp_text_input_manager_v1", 1)
[02:39:54.591172] {Default Queue} wl_registry#32.global(21, "zwp_text_input_manager_v3", 1)
[02:39:54.591174] {Default Queue} wl_registry#32.global(22, "zwp_pointer_constraints_v1", 1)
[02:39:54.591175] {Default Queue} wl_registry#32.global(23, "zwlr_output_power_manager_v1", 1)
[02:39:54.591177] {Default Queue} wl_registry#32.global(24, "xdg_activation_v1", 1)
[02:39:54.591179] {Default Queue} wl_registry#32.global(25, "ext_idle_notifier_v1", 2)
[02:39:54.591181] {Default Queue} wl_registry#32.global(26, "hyprland_lock_notifier_v1", 1)
[02:39:54.591182] {Default Queue} wl_registry#32.global(27, "ext_session_lock_manager_v1", 1)
[02:39:54.591184] {Default Queue} wl_registry#32.global(28, "zwp_input_method_manager_v2", 1)
[02:39:54.591186] {Default Queue} wl_registry#32.global(29, "zwp_virtual_keyboard_manager_v1", 1)
[02:39:54.591188] {Default Queue} wl_registry#32.global(30, "zwlr_virtual_pointer_manager_v1", 2)
[02:39:54.591189] {Default Queue} wl_registry#32.global(31, "zwlr_output_manager_v1", 4)
[02:39:54.591191] {Default Queue} wl_registry#32.global(32, "org_kde_kwin_server_decoration_manager", 1)
[02:39:54.591193] {Default Queue} wl_registry#32.global(33, "hyprland_focus_grab_manager_v1", 1)
[02:39:54.591195] {Default Queue} wl_registry#32.global(34, "zwp_tablet_manager_v2", 1)
[02:39:54.591196] {Default Queue} wl_registry#32.global(35, "zwlr_layer_shell_v1", 5)
[02:39:54.591199] {Default Queue}  -> wl_registry#32.bind(35, "zwlr_layer_shell_v1", 4, new id [unknown]#34)
[02:39:54.591201] {Default Queue} wl_registry#32.global(36, "wp_presentation", 2)
[02:39:54.591203] {Default Queue} wl_registry#32.global(37, "xdg_wm_base", 7)
[02:39:54.591205] {Default Queue}  -> wl_registry#32.bind(37, "xdg_wm_base", 7, new id [unknown]#35)
[02:39:54.591207] {Default Queue} wl_registry#32.global(38, "zwlr_data_control_manager_v1", 2)
[02:39:54.591209] {Default Queue} wl_registry#32.global(39, "zwp_primary_selection_device_manager_v1", 1)
[02:39:54.591211] {Default Queue} wl_registry#32.global(40, "xwayland_shell_v1", 1)
[02:39:54.591213] {Default Queue} wl_registry#32.global(41, "hyprland_toplevel_mapping_manager_v1", 1)
[02:39:54.591215] {Default Queue} wl_registry#32.global(42, "hyprland_global_shortcuts_manager_v1", 1)
[02:39:54.591220] {Default Queue} wl_registry#32.global(43, "xdg_wm_dialog_v1", 1)
[02:39:54.591223] {Default Queue} wl_registry#32.global(44, "wp_single_pixel_buffer_manager_v1", 1)
[02:39:54.591225] {Default Queue} wl_registry#32.global(45, "wp_security_context_manager_v1", 1)
[02:39:54.591228] {Default Queue} wl_registry#32.global(46, "hyprland_ctm_control_manager_v1", 2)
[02:39:54.591230] {Default Queue} wl_registry#32.global(47, "hyprland_input_capture_manager_v1", 1)
[02:39:54.591232] {Default Queue} wl_registry#32.global(48, "hyprland_surface_manager_v1", 2)
[02:39:54.591234] {Default Queue} wl_registry#32.global(49, "wp_content_type_manager_v1", 1)
[02:39:54.591236] {Default Queue} wl_registry#32.global(50, "xdg_toplevel_tag_manager_v1", 1)
[02:39:54.591238] {Default Queue} wl_registry#32.global(51, "xdg_system_bell_v1", 1)
[02:39:54.591240] {Default Queue} wl_registry#32.global(52, "vicinae_hotkey_manager_v1", 1)
[02:39:54.591243] {Default Queue} wl_registry#32.global(53, "ext_workspace_manager_v1", 1)
[02:39:54.591245] {Default Queue} wl_registry#32.global(54, "ext_data_control_manager_v1", 1)
[02:39:54.591247] {Default Queue} wl_registry#32.global(55, "wp_pointer_warp_v1", 1)
[02:39:54.591249] {Default Queue} wl_registry#32.global(56, "wp_fifo_manager_v1", 1)
[02:39:54.591251] {Default Queue} wl_registry#32.global(57, "zxdg_exporter_v2", 1)
[02:39:54.591253] {Default Queue} wl_registry#32.global(58, "zxdg_importer_v2", 1)
[02:39:54.591255] {Default Queue} wl_registry#32.global(59, "ext_background_effect_manager_v1", 1)
[02:39:54.591258] {Default Queue} wl_registry#32.global(60, "wp_commit_timing_manager_v1", 1)
[02:39:54.591259] {Default Queue} wl_registry#32.global(61, "zwlr_screencopy_manager_v1", 3)
[02:39:54.591262] {Default Queue} wl_registry#32.global(62, "hyprland_toplevel_export_manager_v1", 2)
[02:39:54.591264] {Default Queue} wl_registry#32.global(63, "ext_output_image_capture_source_manager_v1", 1)
[02:39:54.591266] {Default Queue} wl_registry#32.global(64, "ext_foreign_toplevel_image_capture_source_manager_v1", 1)
[02:39:54.591267] {Default Queue} wl_registry#32.global(65, "ext_image_copy_capture_manager_v1", 1)
[02:39:54.591269] {Default Queue} wl_registry#32.global(66, "wp_color_manager_v1", 3)
[02:39:54.591271] {Default Queue} wl_registry#32.global(67, "wl_drm", 2)
[02:39:54.591273] {Default Queue} wl_registry#32.global(68, "zwp_linux_dmabuf_v1", 5)
[02:39:54.591275] {Default Queue} wl_registry#32.global(69, "wl_output", 4)
[02:39:54.591277] {Default Queue} wl_callback#33.done(11)
[02:39:54.613280] {Default Queue}  -> wl_compositor#5.create_surface(new id wl_surface#33)
[02:39:54.613607] {mesa egl display queue}  -> wl_display#1.get_registry(new id wl_registry#36)
[02:39:54.613614] {mesa egl display queue}  -> wl_display#1.sync(new id wl_callback#37)
[02:39:54.614220] {Display Queue} wl_display#1.delete_id(37)
[02:39:54.614231] {mesa egl display queue} wl_registry#36.global(1, "wl_seat", 9)
[02:39:54.614235] {mesa egl display queue} wl_registry#36.global(2, "wl_data_device_manager", 3)
[02:39:54.614238] {mesa egl display queue} wl_registry#36.global(3, "wl_compositor", 6)
[02:39:54.614240] {mesa egl display queue} wl_registry#36.global(4, "wl_subcompositor", 1)
[02:39:54.614242] {mesa egl display queue} wl_registry#36.global(5, "wl_shm", 2)
[02:39:54.614244] {mesa egl display queue} wl_registry#36.global(6, "wp_viewporter", 1)
[02:39:54.614246] {mesa egl display queue} wl_registry#36.global(7, "wp_tearing_control_manager_v1", 1)
[02:39:54.614248] {mesa egl display queue} wl_registry#36.global(8, "wp_fractional_scale_manager_v1", 1)
[02:39:54.614250] {mesa egl display queue} wl_registry#36.global(9, "zxdg_output_manager_v1", 3)
[02:39:54.614252] {mesa egl display queue} wl_registry#36.global(10, "wp_cursor_shape_manager_v1", 2)
[02:39:54.614254] {mesa egl display queue} wl_registry#36.global(11, "zwp_idle_inhibit_manager_v1", 1)
[02:39:54.614256] {mesa egl display queue} wl_registry#36.global(12, "zwp_relative_pointer_manager_v1", 1)
[02:39:54.614258] {mesa egl display queue} wl_registry#36.global(13, "zxdg_decoration_manager_v1", 2)
[02:39:54.614266] {mesa egl display queue} wl_registry#36.global(14, "wp_alpha_modifier_v1", 1)
[02:39:54.614279] {mesa egl display queue} wl_registry#36.global(15, "zwlr_gamma_control_manager_v1", 1)
[02:39:54.614282] {mesa egl display queue} wl_registry#36.global(16, "ext_foreign_toplevel_list_v1", 1)
[02:39:54.614283] {mesa egl display queue} wl_registry#36.global(17, "zwp_pointer_gestures_v1", 3)
[02:39:54.614286] {mesa egl display queue} wl_registry#36.global(18, "zwlr_foreign_toplevel_manager_v1", 3)
[02:39:54.614288] {mesa egl display queue} wl_registry#36.global(19, "zwp_keyboard_shortcuts_inhibit_manager_v1", 1)
[02:39:54.614289] {mesa egl display queue} wl_registry#36.global(20, "zwp_text_input_manager_v1", 1)
[02:39:54.614291] {mesa egl display queue} wl_registry#36.global(21, "zwp_text_input_manager_v3", 1)
[02:39:54.614293] {mesa egl display queue} wl_registry#36.global(22, "zwp_pointer_constraints_v1", 1)
[02:39:54.614295] {mesa egl display queue} wl_registry#36.global(23, "zwlr_output_power_manager_v1", 1)
[02:39:54.614297] {mesa egl display queue} wl_registry#36.global(24, "xdg_activation_v1", 1)
[02:39:54.614299] {mesa egl display queue} wl_registry#36.global(25, "ext_idle_notifier_v1", 2)
[02:39:54.614301] {mesa egl display queue} wl_registry#36.global(26, "hyprland_lock_notifier_v1", 1)
[02:39:54.614303] {mesa egl display queue} wl_registry#36.global(27, "ext_session_lock_manager_v1", 1)
[02:39:54.614305] {mesa egl display queue} wl_registry#36.global(28, "zwp_input_method_manager_v2", 1)
[02:39:54.614307] {mesa egl display queue} wl_registry#36.global(29, "zwp_virtual_keyboard_manager_v1", 1)
[02:39:54.614309] {mesa egl display queue} wl_registry#36.global(30, "zwlr_virtual_pointer_manager_v1", 2)
[02:39:54.614311] {mesa egl display queue} wl_registry#36.global(31, "zwlr_output_manager_v1", 4)
[02:39:54.614313] {mesa egl display queue} wl_registry#36.global(32, "org_kde_kwin_server_decoration_manager", 1)
[02:39:54.614315] {mesa egl display queue} wl_registry#36.global(33, "hyprland_focus_grab_manager_v1", 1)
[02:39:54.614317] {mesa egl display queue} wl_registry#36.global(34, "zwp_tablet_manager_v2", 1)
[02:39:54.614319] {mesa egl display queue} wl_registry#36.global(35, "zwlr_layer_shell_v1", 5)
[02:39:54.614321] {mesa egl display queue} wl_registry#36.global(36, "wp_presentation", 2)
[02:39:54.614323] {mesa egl display queue}  -> wl_registry#36.bind(36, "wp_presentation", 1, new id [unknown]#38)
[02:39:54.614326] {mesa egl display queue} wl_registry#36.global(37, "xdg_wm_base", 7)
[02:39:54.614328] {mesa egl display queue} wl_registry#36.global(38, "zwlr_data_control_manager_v1", 2)
[02:39:54.614330] {mesa egl display queue} wl_registry#36.global(39, "zwp_primary_selection_device_manager_v1", 1)
[02:39:54.614333] {mesa egl display queue} wl_registry#36.global(40, "xwayland_shell_v1", 1)
[02:39:54.614335] {mesa egl display queue} wl_registry#36.global(41, "hyprland_toplevel_mapping_manager_v1", 1)
[02:39:54.614337] {mesa egl display queue} wl_registry#36.global(42, "hyprland_global_shortcuts_manager_v1", 1)
[02:39:54.614339] {mesa egl display queue} wl_registry#36.global(43, "xdg_wm_dialog_v1", 1)
[02:39:54.614341] {mesa egl display queue} wl_registry#36.global(44, "wp_single_pixel_buffer_manager_v1", 1)
[02:39:54.614343] {mesa egl display queue} wl_registry#36.global(45, "wp_security_context_manager_v1", 1)
[02:39:54.614346] {mesa egl display queue} wl_registry#36.global(46, "hyprland_ctm_control_manager_v1", 2)
[02:39:54.614348] {mesa egl display queue} wl_registry#36.global(47, "hyprland_input_capture_manager_v1", 1)
[02:39:54.614350] {mesa egl display queue} wl_registry#36.global(48, "hyprland_surface_manager_v1", 2)
[02:39:54.614353] {mesa egl display queue} wl_registry#36.global(49, "wp_content_type_manager_v1", 1)
[02:39:54.614355] {mesa egl display queue} wl_registry#36.global(50, "xdg_toplevel_tag_manager_v1", 1)
[02:39:54.614357] {mesa egl display queue} wl_registry#36.global(51, "xdg_system_bell_v1", 1)
[02:39:54.614361] {mesa egl display queue} wl_registry#36.global(52, "vicinae_hotkey_manager_v1", 1)
[02:39:54.614367] {mesa egl display queue} wl_registry#36.global(53, "ext_workspace_manager_v1", 1)
[02:39:54.614370] {mesa egl display queue} wl_registry#36.global(54, "ext_data_control_manager_v1", 1)
[02:39:54.614372] {mesa egl display queue} wl_registry#36.global(55, "wp_pointer_warp_v1", 1)
[02:39:54.614374] {mesa egl display queue} wl_registry#36.global(56, "wp_fifo_manager_v1", 1)
[02:39:54.614377] {mesa egl display queue} wl_registry#36.global(57, "zxdg_exporter_v2", 1)
[02:39:54.614379] {mesa egl display queue} wl_registry#36.global(58, "zxdg_importer_v2", 1)
[02:39:54.614382] {mesa egl display queue} wl_registry#36.global(59, "ext_background_effect_manager_v1", 1)
[02:39:54.614384] {mesa egl display queue} wl_registry#36.global(60, "wp_commit_timing_manager_v1", 1)
[02:39:54.614386] {mesa egl display queue} wl_registry#36.global(61, "zwlr_screencopy_manager_v1", 3)
[02:39:54.614388] {mesa egl display queue} wl_registry#36.global(62, "hyprland_toplevel_export_manager_v1", 2)
[02:39:54.614391] {mesa egl display queue} wl_registry#36.global(63, "ext_output_image_capture_source_manager_v1", 1)
[02:39:54.614393] {mesa egl display queue} wl_registry#36.global(64, "ext_foreign_toplevel_image_capture_source_manager_v1", 1)
[02:39:54.614396] {mesa egl display queue} wl_registry#36.global(65, "ext_image_copy_capture_manager_v1", 1)
[02:39:54.614398] {mesa egl display queue} wl_registry#36.global(66, "wp_color_manager_v1", 3)
[02:39:54.614400] {mesa egl display queue} wl_registry#36.global(67, "wl_drm", 2)
[02:39:54.614403] {mesa egl display queue} wl_registry#36.global(68, "zwp_linux_dmabuf_v1", 5)
[02:39:54.614405] {mesa egl display queue}  -> wl_registry#36.bind(68, "zwp_linux_dmabuf_v1", 4, new id [unknown]#39)
[02:39:54.614407] {mesa egl display queue} wl_registry#36.global(69, "wl_output", 4)
[02:39:54.614410] {mesa egl display queue} wl_callback#37.done(11)
[02:39:54.614412] {mesa egl display queue}  -> zwp_linux_dmabuf_v1#39.get_default_feedback(new id zwp_linux_dmabuf_feedback_v1#37)
[02:39:54.614417] {mesa egl display queue}  -> wl_display#1.sync(new id wl_callback#40)
[02:39:54.614511] {Display Queue} wl_display#1.delete_id(40)
[02:39:54.614528] {mesa egl display queue} wp_presentation#38.clock_id(1)
[02:39:54.614532] {mesa egl display queue} zwp_linux_dmabuf_feedback_v1#37.format_table(fd 11, 2960)
[02:39:54.614542] {mesa egl display queue} zwp_linux_dmabuf_feedback_v1#37.main_device(array[8])
[02:39:54.614814] {mesa egl display queue} zwp_linux_dmabuf_feedback_v1#37.tranche_target_device(array[8])
[02:39:54.614819] {mesa egl display queue} zwp_linux_dmabuf_feedback_v1#37.tranche_flags(0)
[02:39:54.614822] {mesa egl display queue} zwp_linux_dmabuf_feedback_v1#37.tranche_formats(array[370])
[02:39:54.614830] {mesa egl display queue} zwp_linux_dmabuf_feedback_v1#37.tranche_done()
[02:39:54.614832] {mesa egl display queue} zwp_linux_dmabuf_feedback_v1#37.done()
[02:39:54.614834] {mesa egl display queue} wl_callback#40.done(11)
[02:39:54.614837] {mesa egl display queue}  -> zwp_linux_dmabuf_feedback_v1#37.destroy()
[02:39:54.626503] {Default Queue}  -> wl_surface#33.destroy()
[02:39:54.626594] {Default Queue}  -> wl_compositor#5.create_surface(new id wl_surface#40)
[02:39:54.629406] {Default Queue}  -> wl_surface#40.destroy()
[02:39:54.631304] {Default Queue}  -> wl_compositor#5.create_surface(new id wl_surface#41)
[02:39:54.631735] {Default Queue}  -> wl_display#1.get_registry(new id wl_registry#42)
[02:39:54.631790] {Default Queue}  -> wl_surface#41.attach(nil, 0, 0)
[02:39:54.631796] {Default Queue}  -> zwlr_layer_shell_v1#34.get_layer_surface(new id zwlr_layer_surface_v1#43, wl_surface#41, nil, 2, "elm-shell-recovery-v17")
[02:39:54.631801] {Default Queue}  -> zwlr_layer_surface_v1#43.set_keyboard_interactivity(0)
[02:39:54.631804] {Default Queue}  -> zwlr_layer_surface_v1#43.set_exclusive_zone(48)
[02:39:54.631806] {Default Queue}  -> zwlr_layer_surface_v1#43.set_anchor(13)
[02:39:54.631808] {Default Queue}  -> zwlr_layer_surface_v1#43.set_margin(0, 0, 0, 0)
[02:39:54.631815] {Default Queue}  -> zwlr_layer_surface_v1#43.set_size(0, 48)
[02:39:54.631826] {Default Queue}  -> wl_surface#41.commit()
[02:39:54.631829] {Default Queue}  -> wl_display#1.sync(new id wl_callback#44)
[02:39:54.631986] {Display Queue} wl_display#1.delete_id(37)
[02:39:54.631990] {Display Queue} wl_display#1.delete_id(33)
[02:39:54.631993] {Display Queue} wl_display#1.delete_id(40)
[02:39:54.631995] {Display Queue} wl_display#1.delete_id(44)
[02:39:54.631997] {Default Queue} wl_registry#42.global(1, "wl_seat", 9)
[02:39:54.631999] {Default Queue} wl_registry#42.global(2, "wl_data_device_manager", 3)
[02:39:54.632001] {Default Queue} wl_registry#42.global(3, "wl_compositor", 6)
[02:39:54.632003] {Default Queue} wl_registry#42.global(4, "wl_subcompositor", 1)
[02:39:54.632005] {Default Queue} wl_registry#42.global(5, "wl_shm", 2)
[02:39:54.632007] {Default Queue} wl_registry#42.global(6, "wp_viewporter", 1)
[02:39:54.632010] {Default Queue} wl_registry#42.global(7, "wp_tearing_control_manager_v1", 1)
[02:39:54.632012] {Default Queue} wl_registry#42.global(8, "wp_fractional_scale_manager_v1", 1)
[02:39:54.632014] {Default Queue} wl_registry#42.global(9, "zxdg_output_manager_v1", 3)
[02:39:54.632016] {Default Queue} wl_registry#42.global(10, "wp_cursor_shape_manager_v1", 2)
[02:39:54.632018] {Default Queue} wl_registry#42.global(11, "zwp_idle_inhibit_manager_v1", 1)
[02:39:54.632020] {Default Queue} wl_registry#42.global(12, "zwp_relative_pointer_manager_v1", 1)
[02:39:54.632022] {Default Queue} wl_registry#42.global(13, "zxdg_decoration_manager_v1", 2)
[02:39:54.632024] {Default Queue} wl_registry#42.global(14, "wp_alpha_modifier_v1", 1)
[02:39:54.632026] {Default Queue} wl_registry#42.global(15, "zwlr_gamma_control_manager_v1", 1)
[02:39:54.632028] {Default Queue} wl_registry#42.global(16, "ext_foreign_toplevel_list_v1", 1)
[02:39:54.632030] {Default Queue} wl_registry#42.global(17, "zwp_pointer_gestures_v1", 3)
[02:39:54.632032] {Default Queue} wl_registry#42.global(18, "zwlr_foreign_toplevel_manager_v1", 3)
[02:39:54.632034] {Default Queue} wl_registry#42.global(19, "zwp_keyboard_shortcuts_inhibit_manager_v1", 1)
[02:39:54.632036] {Default Queue} wl_registry#42.global(20, "zwp_text_input_manager_v1", 1)
[02:39:54.632038] {Default Queue} wl_registry#42.global(21, "zwp_text_input_manager_v3", 1)
[02:39:54.632040] {Default Queue}  -> wl_registry#42.bind(21, "zwp_text_input_manager_v3", 1, new id [unknown]#40)
[02:39:54.632043] {Default Queue}  -> zwp_text_input_manager_v3#40.get_text_input(new id zwp_text_input_v3#33, wl_seat#22)
[02:39:54.632046] {Default Queue} wl_registry#42.global(22, "zwp_pointer_constraints_v1", 1)
[02:39:54.632048] {Default Queue} wl_registry#42.global(23, "zwlr_output_power_manager_v1", 1)
[02:39:54.632050] {Default Queue} wl_registry#42.global(24, "xdg_activation_v1", 1)
[02:39:54.632052] {Default Queue} wl_registry#42.global(25, "ext_idle_notifier_v1", 2)
[02:39:54.632054] {Default Queue} wl_registry#42.global(26, "hyprland_lock_notifier_v1", 1)
[02:39:54.632056] {Default Queue} wl_registry#42.global(27, "ext_session_lock_manager_v1", 1)
[02:39:54.632058] {Default Queue} wl_registry#42.global(28, "zwp_input_method_manager_v2", 1)
[02:39:54.632060] {Default Queue} wl_registry#42.global(29, "zwp_virtual_keyboard_manager_v1", 1)
[02:39:54.632062] {Default Queue} wl_registry#42.global(30, "zwlr_virtual_pointer_manager_v1", 2)
[02:39:54.632064] {Default Queue} wl_registry#42.global(31, "zwlr_output_manager_v1", 4)
[02:39:54.632066] {Default Queue} wl_registry#42.global(32, "org_kde_kwin_server_decoration_manager", 1)
[02:39:54.632068] {Default Queue} wl_registry#42.global(33, "hyprland_focus_grab_manager_v1", 1)
[02:39:54.632071] {Default Queue} wl_registry#42.global(34, "zwp_tablet_manager_v2", 1)
[02:39:54.632072] {Default Queue} wl_registry#42.global(35, "zwlr_layer_shell_v1", 5)
[02:39:54.632075] {Default Queue} wl_registry#42.global(36, "wp_presentation", 2)
[02:39:54.632077] {Default Queue} wl_registry#42.global(37, "xdg_wm_base", 7)
[02:39:54.632081] {Default Queue} wl_registry#42.global(38, "zwlr_data_control_manager_v1", 2)
[02:39:54.632085] {Default Queue} wl_registry#42.global(39, "zwp_primary_selection_device_manager_v1", 1)
[02:39:54.632087] {Default Queue} wl_registry#42.global(40, "xwayland_shell_v1", 1)
[02:39:54.632089] {Default Queue} wl_registry#42.global(41, "hyprland_toplevel_mapping_manager_v1", 1)
[02:39:54.632091] {Default Queue} wl_registry#42.global(42, "hyprland_global_shortcuts_manager_v1", 1)
[02:39:54.632093] {Default Queue} wl_registry#42.global(43, "xdg_wm_dialog_v1", 1)
[02:39:54.632095] {Default Queue} wl_registry#42.global(44, "wp_single_pixel_buffer_manager_v1", 1)
[02:39:54.632097] {Default Queue} wl_registry#42.global(45, "wp_security_context_manager_v1", 1)
[02:39:54.632099] {Default Queue} wl_registry#42.global(46, "hyprland_ctm_control_manager_v1", 2)
[02:39:54.632101] {Default Queue} wl_registry#42.global(47, "hyprland_input_capture_manager_v1", 1)
[02:39:54.632103] {Default Queue} wl_registry#42.global(48, "hyprland_surface_manager_v1", 2)
[02:39:54.632105] {Default Queue} wl_registry#42.global(49, "wp_content_type_manager_v1", 1)
[02:39:54.632107] {Default Queue} wl_registry#42.global(50, "xdg_toplevel_tag_manager_v1", 1)
[02:39:54.632109] {Default Queue} wl_registry#42.global(51, "xdg_system_bell_v1", 1)
[02:39:54.632111] {Default Queue} wl_registry#42.global(52, "vicinae_hotkey_manager_v1", 1)
[02:39:54.632113] {Default Queue} wl_registry#42.global(53, "ext_workspace_manager_v1", 1)
[02:39:54.632115] {Default Queue} wl_registry#42.global(54, "ext_data_control_manager_v1", 1)
[02:39:54.632117] {Default Queue} wl_registry#42.global(55, "wp_pointer_warp_v1", 1)
[02:39:54.632119] {Default Queue} wl_registry#42.global(56, "wp_fifo_manager_v1", 1)
[02:39:54.632121] {Default Queue} wl_registry#42.global(57, "zxdg_exporter_v2", 1)
[02:39:54.632124] {Default Queue} wl_registry#42.global(58, "zxdg_importer_v2", 1)
[02:39:54.632126] {Default Queue} wl_registry#42.global(59, "ext_background_effect_manager_v1", 1)
[02:39:54.632128] {Default Queue} wl_registry#42.global(60, "wp_commit_timing_manager_v1", 1)
[02:39:54.632130] {Default Queue} wl_registry#42.global(61, "zwlr_screencopy_manager_v1", 3)
[02:39:54.632133] {Default Queue} wl_registry#42.global(62, "hyprland_toplevel_export_manager_v1", 2)
[02:39:54.632135] {Default Queue} wl_registry#42.global(63, "ext_output_image_capture_source_manager_v1", 1)
[02:39:54.632137] {Default Queue} wl_registry#42.global(64, "ext_foreign_toplevel_image_capture_source_manager_v1", 1)
[02:39:54.632139] {Default Queue} wl_registry#42.global(65, "ext_image_copy_capture_manager_v1", 1)
[02:39:54.632142] {Default Queue} wl_registry#42.global(66, "wp_color_manager_v1", 3)
[02:39:54.632145] {Default Queue} wl_registry#42.global(67, "wl_drm", 2)
[02:39:54.632147] {Default Queue} wl_registry#42.global(68, "zwp_linux_dmabuf_v1", 5)
[02:39:54.632149] {Default Queue} wl_registry#42.global(69, "wl_output", 4)
[02:39:54.632152] {Default Queue} zwlr_layer_surface_v1#43.configure(12, 800, 48)
[02:39:54.632154] {Default Queue}  -> zwlr_layer_surface_v1#43.ack_configure(12)
[02:39:54.632157] {Default Queue} wl_callback#44.done(14)
surface-policy: bar-exclusive=48 bar-keyboard=none popup-modal=1 single-controller=1
[02:39:54.641532] {Default Queue}  -> wl_surface#41.commit()
host-start: layer=1 sandbox=1 acceleration-policy=always experimental-effects=1
[02:39:54.649474] {Default Queue} zwlr_layer_surface_v1#43.configure(15, 800, 48)
[02:39:54.649484] {Default Queue}  -> zwlr_layer_surface_v1#43.ack_configure(15)
[02:39:54.654168] {Default Queue}  -> wl_surface#41.set_buffer_scale(1)
[02:39:54.654255] {Default Queue}  -> wl_shm#7.create_pool(new id wl_shm_pool#44, fd 26, 153600)
[02:39:54.654264] {Default Queue}  -> wl_shm_pool#44.create_buffer(new id wl_buffer#37, 0, 800, 48, 3200, 0)
[02:39:54.654379] {Default Queue}  -> wl_surface#41.attach(wl_buffer#37, 0, 0)
[02:39:54.654383] {Default Queue}  -> wl_surface#41.set_buffer_scale(1)
[02:39:54.654385] {Default Queue}  -> wl_surface#41.damage(0, 0, 800, 48)
[02:39:54.654392] {Default Queue}  -> wl_compositor#5.create_region(new id wl_region#45)
[02:39:54.654403] {Default Queue}  -> wl_region#45.add(0, 0, 800, 48)
[02:39:54.654406] {Default Queue}  -> wl_surface#41.set_opaque_region(wl_region#45)
[02:39:54.654408] {Default Queue}  -> wl_region#45.destroy()
[02:39:54.654410] {Default Queue}  -> wl_surface#41.set_input_region(nil)
[02:39:54.654415] {Default Queue}  -> wl_surface#41.frame(new id wl_callback#46)
[02:39:54.654417] {Default Queue}  -> wl_surface#41.commit()
[02:39:54.654830] {Display Queue} wl_display#1.delete_id(45)
[02:39:54.654833] {Display Queue} wl_display#1.delete_id(46)
[02:39:54.654836] {Default Queue} wl_callback#46.done(49699297)
[02:39:54.654838] {Default Queue} wl_surface#41.enter(wl_output#19)
[02:39:54.654840] {Default Queue} wl_buffer#37.release()

** (process:2): WARNING **: 20:39:54.730: Failed to get atspi registered event listeners: GDBus.Error:org.freedesktop.DBus.Error.NameHasNoOwner: Could not activate remote peer 'org.a11y.atspi.Registry': unit failed


** (process:2): WARNING **: 20:39:54.742: Failed to get atspi registered event listeners: GDBus.Error:org.freedesktop.DBus.Error.NameHasNoOwner: Could not activate remote peer 'org.a11y.atspi.Registry': unit failed

[02:39:54.743203] {Default Queue}  -> wl_surface#41.set_buffer_scale(1)
[02:39:54.743227] {mesa egl surface queue}  -> zwp_linux_dmabuf_v1#39.get_surface_feedback(new id zwp_linux_dmabuf_feedback_v1#46, wl_surface#41)
[02:39:54.743236] {mesa egl display queue}  -> wl_display#1.sync(new id wl_callback#45)
[02:39:54.743433] {Display Queue} wl_display#1.delete_id(45)
[02:39:54.743450] {mesa egl display queue} wl_callback#45.done(15)
[02:39:54.743466] {mesa egl surface queue} zwp_linux_dmabuf_feedback_v1#46.format_table(fd 38, 2960)
[02:39:54.743479] {mesa egl surface queue} zwp_linux_dmabuf_feedback_v1#46.main_device(array[8])
[02:39:54.743482] {mesa egl surface queue} zwp_linux_dmabuf_feedback_v1#46.tranche_target_device(array[8])
[02:39:54.743485] {mesa egl surface queue} zwp_linux_dmabuf_feedback_v1#46.tranche_flags(0)
[02:39:54.743487] {mesa egl surface queue} zwp_linux_dmabuf_feedback_v1#46.tranche_formats(array[370])
[02:39:54.743492] {mesa egl surface queue} zwp_linux_dmabuf_feedback_v1#46.tranche_done()
[02:39:54.743496] {mesa egl surface queue} zwp_linux_dmabuf_feedback_v1#46.done()
[02:39:54.745915] {Default Queue}  -> wl_surface#41.attach(wl_buffer#37, 0, 0)
[02:39:54.745929] {Default Queue}  -> wl_surface#41.set_buffer_scale(1)
[02:39:54.745933] {Default Queue}  -> wl_surface#41.damage(0, 0, 800, 48)
[02:39:54.745947] {Default Queue}  -> wl_surface#41.frame(new id wl_callback#45)
[02:39:54.745950] {Default Queue}  -> wl_surface#41.commit()
surface-report: origin=bar {"kind":"surface-report","body":{"buttons":[],"focus":"","text":""}}
[02:39:54.748794] {Display Queue} wl_display#1.delete_id(45)
[02:39:54.748800] {Default Queue} wl_buffer#37.release()
[02:39:54.748803] {Default Queue} wl_callback#45.done(49699389)
[02:39:54.757109] {Default Queue}  -> wl_buffer#37.destroy()
[02:39:54.757126] {Default Queue}  -> wl_shm_pool#44.destroy()
[02:39:54.761983] {mesa egl display queue}  -> zwp_linux_dmabuf_v1#39.create_params(new id zwp_linux_buffer_params_v1#45)
[02:39:54.762003] {mesa egl surface queue}  -> zwp_linux_buffer_params_v1#45.add(fd 42, 0, 0, 3584, 16777216, 15)
[02:39:54.762010] {mesa egl surface queue}  -> zwp_linux_buffer_params_v1#45.add(fd 43, 1, 229376, 448, 16777216, 15)
[02:39:54.762014] {mesa egl surface queue}  -> zwp_linux_buffer_params_v1#45.add(fd 44, 2, 233472, 64, 16777216, 15)
[02:39:54.762017] {mesa egl surface queue}  -> zwp_linux_buffer_params_v1#45.create_immed(new id wl_buffer#47, 800, 48, 875713089, 0)
[02:39:54.762022] {mesa egl surface queue}  -> zwp_linux_buffer_params_v1#45.destroy()
[02:39:54.762025] {mesa egl surface queue}  -> wl_surface#41.attach(wl_buffer#47, 0, 0)
[02:39:54.762028] {mesa egl surface queue}  -> wl_surface#41.damage(0, 0, 2147483647, 2147483647)
[02:39:54.762030] {mesa egl surface queue}  -> wl_surface#41.commit()
[02:39:54.762038] {mesa egl surface queue}  -> wl_display#1.sync(new id wl_callback#48)
[02:39:54.762191] discarded [unknown]#37.[event 0](0 fd, 8 byte)
[02:39:54.762198] {Display Queue} wl_display#1.delete_id(37)
[02:39:54.762202] {Display Queue} wl_display#1.delete_id(44)
[02:39:54.762205] {Display Queue} wl_display#1.delete_id(45)
[02:39:54.762207] {Display Queue} wl_display#1.delete_id(48)
backend-frame: {"protocolVersion":3,"kind":"attached","binding":{"lifetime":"16383170491456991351","session":"10369341101674719917","frontend":"1"},"compositor":{"pid":3318230,"instance":"efb50993780079460b0cbed1363e2166a2de1d9f_1791081592_1622618509","coreHash":"efb50993780079460b0cbed1363e2166a2de1d9f_aq_0.15_hu_0.14_hg_0.5_hc_0.1_hlg_0.6"},"capabilities":{"observe":true,"effects":true,"minimizedState":true,"effectProtocol":1,"operations":["minimize","restore","activate"],"canonicalScene":false,"taskbarProjectionProtocol":1,"effectInvalidationProtocol":1}}
frontend-request: {"protocolVersion":3,"kind":"projection-request","binding":{"lifetime":"16383170491456991351","session":"10369341101674719917","frontend":"1"},"requestId":"1"}
surface-commit: publication=1 lease=0 open=0
backend-frame: {"protocolVersion":3,"kind":"action-projection","binding":{"lifetime":"16383170491456991351","session":"10369341101674719917","frontend":"1"},"requestId":"1","context":{"lifetime":"16383170491456991351","epoch":"1","output":"1","revision":"1"},"scene":{"revision":"1","focused":"2","windows":[{"incarnation":"2","application":"GTK Application","label":"ELM-AUTHORITY-FIXTURE","minimized":false,"owner":null,"available":true},{"incarnation":"1","application":"GTK Application","label":"ELM-ACTIVATION-PEER","minimized":false,"owner":null,"available":true}]}}
surface-commit: publication=2 lease=0 open=0
surface-report: origin=bar {"kind":"surface-report","body":{"buttons":[{"id":"applications:{\"lifetime\":\"16383170491456991351\",\"session\":\"10369341101674719917\",\"frontend\":\"1\"}:1:control:opener","label":"Applications","disabled":false,"x":3,"y":3,"width":112.28125,"height":36},{"id":"group:{\"lifetime\":\"16383170491456991351\",\"session\":\"10369341101674719917\",\"frontend\":\"1\"}:1:1:application:GTK Application","label":"ELM-ACTIVATION-PEER2","disabled":false,"x":121.28125,"y":3,"width":215.65625,"height":36}],"focus":"","text":"ApplicationsELM-ACTIVATION-PEER2Connected"}}
[02:39:54.832141] {mesa egl surface queue} wl_callback#48.done(15)
[02:39:54.832404] {mesa egl display queue}  -> zwp_linux_dmabuf_v1#39.create_params(new id zwp_linux_buffer_params_v1#48)
[02:39:54.832419] {mesa egl surface queue}  -> zwp_linux_buffer_params_v1#48.add(fd 42, 0, 0, 3584, 16777216, 15)
[02:39:54.832424] {mesa egl surface queue}  -> zwp_linux_buffer_params_v1#48.add(fd 43, 1, 229376, 448, 16777216, 15)
[02:39:54.832427] {mesa egl surface queue}  -> zwp_linux_buffer_params_v1#48.add(fd 44, 2, 233472, 64, 16777216, 15)
[02:39:54.832430] {mesa egl surface queue}  -> zwp_linux_buffer_params_v1#48.create_immed(new id wl_buffer#45, 800, 48, 875713089, 0)
[02:39:54.832435] {mesa egl surface queue}  -> zwp_linux_buffer_params_v1#48.destroy()
[02:39:54.832438] {mesa egl surface queue}  -> wl_surface#41.attach(wl_buffer#45, 0, 0)
[02:39:54.832441] {mesa egl surface queue}  -> wl_surface#41.damage(0, 0, 2147483647, 2147483647)
[02:39:54.832443] {mesa egl surface queue}  -> wl_surface#41.commit()
[02:39:54.832446] {mesa egl surface queue}  -> wl_display#1.sync(new id wl_callback#44)
[02:39:54.832695] {Display Queue} wl_display#1.delete_id(48)
[02:39:54.832704] {Display Queue} wl_display#1.delete_id(44)
[02:39:54.866459] {Default Queue} wl_pointer#21.enter(16, wl_surface#41, 59.00000000, 24.00000000)
[02:39:54.866481] {Default Queue} wl_pointer#21.frame()
[02:39:54.866536] {Default Queue}  -> wp_cursor_shape_device_v1#30.set_shape(16, 1)
[02:39:54.866542] {Default Queue} wl_pointer#21.motion(49699508, 59.00000000, 24.00000000)
[02:39:54.866545] {Default Queue} wl_pointer#21.frame()
[02:39:54.966807] {Default Queue} wl_pointer#21.button(17, 49699609, 272, 1)
[02:39:54.966829] {Default Queue} wl_pointer#21.frame()
surface-report: origin=bar {"kind":"surface-report","body":{"buttons":[{"id":"applications:{\"lifetime\":\"16383170491456991351\",\"session\":\"10369341101674719917\",\"frontend\":\"1\"}:1:control:opener","label":"Applications","disabled":false,"x":3,"y":3,"width":112.28125,"height":36},{"id":"group:{\"lifetime\":\"16383170491456991351\",\"session\":\"10369341101674719917\",\"frontend\":\"1\"}:1:1:application:GTK Application","label":"ELM-ACTIVATION-PEER2","disabled":false,"x":121.28125,"y":3,"width":215.65625,"height":36}],"focus":"applications:{\"lifetime\":\"16383170491456991351\",\"session\":\"10369341101674719917\",\"frontend\":\"1\"}:1:control:opener","text":"ApplicationsELM-ACTIVATION-PEER2Connected"}}
[02:39:55.017057] {Default Queue} wl_pointer#21.button(18, 49699659, 272, 0)
[02:39:55.017079] {Default Queue} wl_pointer#21.frame()
[02:39:55.019146] {Default Queue}  -> wl_compositor#5.create_surface(new id wl_surface#48)
[02:39:55.019313] {Default Queue}  -> wl_surface#48.attach(nil, 0, 0)
[02:39:55.019320] {Default Queue}  -> xdg_wm_base#35.create_positioner(new id xdg_positioner#37)
[02:39:55.019324] {Default Queue}  -> xdg_positioner#37.set_size(700, 420)
[02:39:55.019326] {Default Queue}  -> xdg_positioner#37.set_anchor_rect(50, 0, 1, 48)
[02:39:55.019329] {Default Queue}  -> xdg_positioner#37.set_offset(0, 0)
[02:39:55.019331] {Default Queue}  -> xdg_positioner#37.set_anchor(6)
[02:39:55.019332] {Default Queue}  -> xdg_positioner#37.set_gravity(8)
[02:39:55.019334] {Default Queue}  -> xdg_positioner#37.set_constraint_adjustment(11)
[02:39:55.019336] {Default Queue}  -> xdg_wm_base#35.get_xdg_surface(new id xdg_surface#49, wl_surface#48)
[02:39:55.019338] {Default Queue}  -> xdg_surface#49.get_popup(new id xdg_popup#50, nil, xdg_positioner#37)
[02:39:55.019341] {Default Queue}  -> zwlr_layer_surface_v1#43.get_popup(xdg_popup#50)
[02:39:55.019342] {Default Queue}  -> xdg_positioner#37.destroy()
[02:39:55.019348] {Default Queue}  -> xdg_popup#50.grab(wl_seat#22, 17)
[02:39:55.019351] {Default Queue}  -> wl_surface#48.commit()
[02:39:55.019353] {Default Queue}  -> wl_display#1.sync(new id wl_callback#51)
[02:39:55.019665] {Display Queue} wl_display#1.delete_id(37)
[02:39:55.019689] {Display Queue} wl_display#1.delete_id(51)
[02:39:55.019695] {Default Queue} xdg_popup#50.configure(50, 48, 700, 420)
[02:39:55.019720] {Default Queue} wl_keyboard#31.enter(22, wl_surface#48, array[0])
[02:39:55.019730] {Default Queue} wl_keyboard#31.modifiers(23, 0, 0, 0, 0)
[02:39:55.019746] {Default Queue} wl_data_device#25.selection(nil)
[02:39:55.019758] {Default Queue} wl_pointer#21.leave(24, wl_surface#41)
[02:39:55.019765] {Default Queue}  -> wp_cursor_shape_device_v1#30.set_shape(16, 1)
[02:39:55.019771] {Default Queue} wl_pointer#21.enter(25, wl_surface#48, -0.00781250, -0.00781250)
[02:39:55.019784] {Default Queue}  -> wp_cursor_shape_device_v1#30.set_shape(25, 1)
[02:39:55.019789] {Default Queue} wl_pointer#21.frame()
[02:39:55.019793] {Default Queue} wl_callback#51.done(25)
[02:39:55.019798] {Default Queue} xdg_surface#49.configure(19)
[02:39:55.019802] {Default Queue}  -> xdg_surface#49.ack_configure(19)
[02:39:55.019853] {Default Queue}  -> wp_cursor_shape_device_v1#30.set_shape(25, 1)
surface-popup-open: lease=1
frontend-request: {"protocolVersion":3,"kind":"catalog-request","binding":{"lifetime":"16383170491456991351","session":"10369341101674719917","frontend":"1"},"requestId":"1"}
surface-commit: publication=3 lease=1 open=1
[02:39:55.020064] {Default Queue}  -> xdg_surface#49.set_window_geometry(0, 0, 700, 420)
[02:39:55.020091] {Default Queue}  -> wl_shm#7.create_pool(new id wl_shm_pool#51, fd 42, 1176000)
[02:39:55.020097] {Default Queue}  -> wl_shm_pool#51.create_buffer(new id wl_buffer#37, 0, 700, 420, 2800, 0)
[02:39:55.020543] {Default Queue}  -> wl_surface#48.attach(wl_buffer#37, 0, 0)
[02:39:55.020547] {Default Queue}  -> wl_surface#48.set_buffer_scale(1)
[02:39:55.020548] {Default Queue}  -> wl_surface#48.damage(0, 0, 700, 420)
[02:39:55.020551] {Default Queue}  -> wl_compositor#5.create_region(new id wl_region#52)
[02:39:55.020555] {Default Queue}  -> wl_region#52.add(0, 0, 700, 420)
[02:39:55.020562] {Default Queue}  -> wl_surface#48.set_opaque_region(wl_region#52)
[02:39:55.020563] {Default Queue}  -> wl_region#52.destroy()
[02:39:55.020565] {Default Queue}  -> wl_surface#48.set_input_region(nil)
[02:39:55.020568] {Default Queue}  -> wl_surface#48.frame(new id wl_callback#53)
[02:39:55.020570] {Default Queue}  -> wl_surface#48.commit()
[02:39:55.022265] {Display Queue} wl_display#1.delete_id(52)
[02:39:55.022281] {Display Queue} wl_display#1.delete_id(53)
[02:39:55.022283] {Default Queue} wl_callback#53.done(49699664)
[02:39:55.022287] {Default Queue} wl_pointer#21.motion(49699664, 9.00000000, -24.00000000)
[02:39:55.022291] {Default Queue} wl_surface#48.enter(wl_output#19)
[02:39:55.022294] {Default Queue} wl_buffer#37.release()
backend-frame: {"protocolVersion":3,"kind":"application-catalog","binding":{"lifetime":"16383170491456991351","session":"10369341101674719917","frontend":"1"},"requestId":"1","snapshot":{"catalogProtocol":1,"lifetime":"17964991420689259831","generation":"1","entries":[{"id":"owned-fixture","name":"Owned Launch Fixture","iconHint":"owned-fixture","wmclass":""}]}}
surface-commit: publication=4 lease=1 open=1
surface-report: origin=bar {"kind":"surface-report","body":{"buttons":[{"id":"applications:{\"lifetime\":\"16383170491456991351\",\"session\":\"10369341101674719917\",\"frontend\":\"1\"}:3:control:opener","label":"Applications","disabled":false,"x":3,"y":3,"width":112.28125,"height":36},{"id":"group:{\"lifetime\":\"16383170491456991351\",\"session\":\"10369341101674719917\",\"frontend\":\"1\"}:1:1:application:GTK Application","label":"ELM-ACTIVATION-PEER2","disabled":false,"x":121.28125,"y":3,"width":215.65625,"height":36}],"focus":"applications:{\"lifetime\":\"16383170491456991351\",\"session\":\"10369341101674719917\",\"frontend\":\"1\"}:3:control:opener","text":"ApplicationsELM-ACTIVATION-PEER2Choose an application."}}
[02:39:55.037534] {mesa egl surface queue} wl_callback#44.done(15)
[02:39:55.037547] {mesa egl surface queue} wl_buffer#47.release()
[02:39:55.037551] {mesa egl surface queue}  -> wl_buffer#47.destroy()
[02:39:55.037866] {mesa egl display queue}  -> zwp_linux_dmabuf_v1#39.create_params(new id zwp_linux_buffer_params_v1#44)
[02:39:55.037875] {mesa egl surface queue}  -> zwp_linux_buffer_params_v1#44.add(fd 48, 0, 0, 3584, 16777216, 15)
[02:39:55.037879] {mesa egl surface queue}  -> zwp_linux_buffer_params_v1#44.add(fd 49, 1, 229376, 448, 16777216, 15)
[02:39:55.037881] {mesa egl surface queue}  -> zwp_linux_buffer_params_v1#44.add(fd 50, 2, 233472, 64, 16777216, 15)
[02:39:55.037883] {mesa egl surface queue}  -> zwp_linux_buffer_params_v1#44.create_immed(new id wl_buffer#53, 800, 48, 875713089, 0)
[02:39:55.037886] {mesa egl surface queue}  -> zwp_linux_buffer_params_v1#44.destroy()
[02:39:55.037888] {mesa egl surface queue}  -> wl_surface#41.attach(wl_buffer#53, 0, 0)
[02:39:55.037890] {mesa egl surface queue}  -> wl_surface#41.damage(0, 0, 2147483647, 2147483647)
[02:39:55.037892] {mesa egl surface queue}  -> wl_surface#41.commit()
[02:39:55.037893] {mesa egl surface queue}  -> wl_display#1.sync(new id wl_callback#52)
[02:39:55.038153] discarded [unknown]#47.[event 0](0 fd, 8 byte)
[02:39:55.038162] discarded [unknown]#47.[event 0](0 fd, 8 byte)
[02:39:55.038168] {Display Queue} wl_display#1.delete_id(47)
[02:39:55.038172] {Display Queue} wl_display#1.delete_id(44)
[02:39:55.038173] {Display Queue} wl_display#1.delete_id(52)
surface-report: origin=popup {"kind":"surface-report","body":{"buttons":[],"focus":"","text":""}}
[02:39:55.044478] {Default Queue}  -> wl_surface#48.set_buffer_scale(1)
[02:39:55.044494] {mesa egl surface queue}  -> zwp_linux_dmabuf_v1#39.get_surface_feedback(new id zwp_linux_dmabuf_feedback_v1#44, wl_surface#48)
[02:39:55.044500] {mesa egl display queue}  -> wl_display#1.sync(new id wl_callback#47)
[02:39:55.044562] {Display Queue} wl_display#1.delete_id(47)
[02:39:55.044565] {mesa egl display queue} wl_callback#47.done(25)
[02:39:55.044576] {mesa egl surface queue} zwp_linux_dmabuf_feedback_v1#44.format_table(fd 47, 2960)
[02:39:55.044589] {mesa egl surface queue} zwp_linux_dmabuf_feedback_v1#44.main_device(array[8])
[02:39:55.044591] {mesa egl surface queue} zwp_linux_dmabuf_feedback_v1#44.tranche_target_device(array[8])
[02:39:55.044592] {mesa egl surface queue} zwp_linux_dmabuf_feedback_v1#44.tranche_flags(0)
[02:39:55.044594] {mesa egl surface queue} zwp_linux_dmabuf_feedback_v1#44.tranche_formats(array[370])
[02:39:55.044597] {mesa egl surface queue} zwp_linux_dmabuf_feedback_v1#44.tranche_done()
[02:39:55.044600] {mesa egl surface queue} zwp_linux_dmabuf_feedback_v1#44.done()
[02:39:55.048096] {Default Queue}  -> wl_surface#48.attach(wl_buffer#37, 0, 0)
[02:39:55.048106] {Default Queue}  -> wl_surface#48.set_buffer_scale(1)
[02:39:55.048108] {Default Queue}  -> wl_surface#48.damage(0, 0, 700, 420)
[02:39:55.048117] {Default Queue}  -> wl_surface#48.frame(new id wl_callback#47)
[02:39:55.048119] {Default Queue}  -> wl_surface#48.commit()
[02:39:55.048444] {Default Queue} wl_buffer#37.release()
surface-report: origin=popup {"kind":"surface-report","body":{"buttons":[{"id":"applications:{\"lifetime\":\"16383170491456991351\",\"session\":\"10369341101674719917\",\"frontend\":\"1\"}:3:control:close","label":"Windows","disabled":false,"x":3,"y":103.875,"width":694,"height":36},{"id":"applications:{\"lifetime\":\"16383170491456991351\",\"session\":\"10369341101674719917\",\"frontend\":\"1\"}:3:control:refresh","label":"Refresh","disabled":false,"x":3,"y":142.875,"width":694,"height":36},{"id":"applications:{\"lifetime\":\"16383170491456991351\",\"session\":\"10369341101674719917\",\"frontend\":\"1\"}:3:entry:owned-fixture","label":"Open Owned Launch Fixture","disabled":false,"x":3,"y":181.875,"width":694,"height":36}],"focus":"","text":"Applications\n\nChoose an application.\nWindows\nRefresh\nOpen Owned Launch Fixture"}}
surface-presentation-applied: publication=4 lease=1
[02:39:55.056283] {mesa egl surface queue} wl_callback#52.done(25)
[02:39:55.056296] {mesa egl surface queue} wl_buffer#45.release()
[02:39:55.056461] {mesa egl surface queue}  -> wl_surface#41.attach(wl_buffer#45, 0, 0)
[02:39:55.056465] {mesa egl surface queue}  -> wl_surface#41.damage(0, 0, 2147483647, 2147483647)
[02:39:55.056467] {mesa egl surface queue}  -> wl_surface#41.commit()
[02:39:55.056468] {mesa egl surface queue}  -> wl_display#1.sync(new id wl_callback#52)
[02:39:55.056551] {Display Queue} wl_display#1.delete_id(52)
[02:39:55.063845] {Display Queue} wl_display#1.delete_id(47)
[02:39:55.063859] {Default Queue} wl_callback#47.done(49699705)
[02:39:55.063886] {Default Queue}  -> wl_buffer#37.destroy()
[02:39:55.063889] {Default Queue}  -> wl_shm_pool#51.destroy()
[02:39:55.064556] {mesa egl display queue}  -> zwp_linux_dmabuf_v1#39.create_params(new id zwp_linux_buffer_params_v1#47)
[02:39:55.064573] {mesa egl surface queue}  -> zwp_linux_buffer_params_v1#47.add(fd 48, 0, 0, 3072, 16777216, 15)
[02:39:55.064578] {mesa egl surface queue}  -> zwp_linux_buffer_params_v1#47.add(fd 49, 1, 1376256, 384, 16777216, 15)
[02:39:55.064581] {mesa egl surface queue}  -> zwp_linux_buffer_params_v1#47.add(fd 50, 2, 1384448, 64, 16777216, 15)
[02:39:55.064584] {mesa egl surface queue}  -> zwp_linux_buffer_params_v1#47.create_immed(new id wl_buffer#54, 700, 420, 875713089, 0)
[02:39:55.064588] {mesa egl surface queue}  -> zwp_linux_buffer_params_v1#47.destroy()
[02:39:55.064590] {mesa egl surface queue}  -> wl_surface#48.attach(wl_buffer#54, 0, 0)
[02:39:55.064593] {mesa egl surface queue}  -> wl_surface#48.damage(0, 0, 2147483647, 2147483647)
[02:39:55.064595] {mesa egl surface queue}  -> wl_surface#48.commit()
[02:39:55.064597] {mesa egl surface queue}  -> wl_display#1.sync(new id wl_callback#55)
[02:39:55.065037] discarded [unknown]#37.[event 0](0 fd, 8 byte)
[02:39:55.065048] {Display Queue} wl_display#1.delete_id(37)
[02:39:55.065052] {Display Queue} wl_display#1.delete_id(51)
[02:39:55.065054] {Display Queue} wl_display#1.delete_id(47)
[02:39:55.065056] {Display Queue} wl_display#1.delete_id(55)
[02:39:55.119017] {Default Queue}  -> wl_display#1.sync(new id wl_callback#47)
[02:39:55.119056] {Display Queue} wl_display#1.delete_id(47)
[02:39:55.119062] {Default Queue} wl_callback#47.done(25)
backend-exit: waited=1 normal=1 code=0
[02:39:55.126574] {Default Queue}  -> wp_cursor_shape_device_v1#30.set_shape(25, 1)
[02:39:55.126711] {Default Queue}  -> xdg_popup#50.destroy()
[02:39:55.126716] {Default Queue}  -> xdg_surface#49.destroy()
[02:39:55.126731] {Default Queue}  -> wl_surface#48.destroy()
[02:39:55.126747] {mesa egl surface queue}  -> wl_buffer#54.destroy()
[02:39:55.126752] {mesa egl surface queue}  -> zwp_linux_dmabuf_feedback_v1#44.destroy()
surface-popup-closed: lease=1
[02:39:55.127823] {Default Queue}  -> zwlr_layer_surface_v1#43.destroy()
[02:39:55.127835] {mesa egl surface queue}  -> wl_buffer#45.destroy()
[02:39:55.127839] {mesa egl surface queue}  -> wl_buffer#53.destroy()
[02:39:55.127847] {mesa egl surface queue}  -> zwp_linux_dmabuf_feedback_v1#46.destroy()
[02:39:55.127861] {Default Queue}  -> wl_surface#41.destroy()
[02:39:55.134254] discarded [unknown]#50.[event 1](0 fd, 8 byte)
[02:39:55.134269] discarded [unknown]#54.[event 0](0 fd, 8 byte)
[02:39:55.134273] discarded [unknown]#45.[event 0](0 fd, 8 byte)
[02:39:55.134274] discarded [unknown]#53.[event 0](0 fd, 8 byte)
[02:39:55.134276] discarded [unknown]#53.[event 0](0 fd, 8 byte)
[02:39:55.134277] discarded [unknown]#54.[event 0](0 fd, 8 byte)
[02:39:55.134279] discarded [unknown]#54.[event 0](0 fd, 8 byte)
[02:39:55.134280] discarded [unknown]#45.[event 0](0 fd, 8 byte)
[02:39:55.134281] discarded [unknown]#45.[event 0](0 fd, 8 byte)
[02:39:55.134293] {Display Queue} wl_display#1.delete_id(50)
[02:39:55.134302] {Display Queue} wl_display#1.delete_id(49)
[02:39:55.134305] {Display Queue} wl_display#1.delete_id(44)
[02:39:55.134307] {Display Queue} wl_display#1.delete_id(48)
[02:39:55.134309] {Display Queue} wl_display#1.delete_id(43)
[02:39:55.134312] {Display Queue} wl_display#1.delete_id(53)
[02:39:55.134314] {Display Queue} wl_display#1.delete_id(46)
[02:39:55.134316] {Display Queue} wl_display#1.delete_id(41)
[02:39:55.134319] {Display Queue} wl_display#1.delete_id(54)
[02:39:55.134320] {Display Queue} wl_display#1.delete_id(45)
[02:39:55.134322] {Default Queue} wl_pointer#21.leave(26, nil)
[02:39:55.134325] {Default Queue} wl_pointer#21.enter(27, nil, 59.00000000, 24.00000000)
[02:39:55.134328] {Default Queue} wl_pointer#21.frame()
[02:39:55.134340] {Default Queue} wl_pointer#21.motion(0, 59.00000000, 24.00000000)
[02:39:55.134344] {Default Queue} wl_keyboard#31.modifiers(29, 0, 0, 0, 0)
[02:39:55.134355] {Default Queue} wl_keyboard#31.leave(30, nil)
[02:39:55.134359] {Default Queue} wl_pointer#21.leave(33, nil)
[02:39:55.134362] {Default Queue} wl_pointer#21.frame()
host-exit: failure=0 rendered=1
