	linux-vdso.so.1 (0x00007fc07af6f000)
	libgtk-4.so.1 => /usr/lib/libgtk-4.so.1 (0x00007fc07a200000)
	libpangocairo-1.0.so.0 => /usr/lib/libpangocairo-1.0.so.0 (0x00007fc07af25000)
	libpango-1.0.so.0 => /usr/lib/libpango-1.0.so.0 (0x00007fc07aeb6000)
	libharfbuzz.so.0 => /usr/lib/libharfbuzz.so.0 (0x00007fc07ad77000)
	libgdk_pixbuf-2.0.so.0 => /usr/lib/libgdk_pixbuf-2.0.so.0 (0x00007fc07a1c6000)
	libcairo-gobject.so.2 => /usr/lib/libcairo-gobject.so.2 (0x00007fc07ad6c000)
	libcairo.so.2 => /usr/lib/libcairo.so.2 (0x00007fc07a089000)
	libvulkan.so.1 => /usr/lib/libvulkan.so.1 (0x00007fc079feb000)
	libgraphene-1.0.so.0 => /usr/lib/libgraphene-1.0.so.0 (0x00007fc079fcd000)
	libjson-glib-1.0.so.0 => /usr/lib/libjson-glib-1.0.so.0 (0x00007fc079fa3000)
	libgio-2.0.so.0 => /usr/lib/libgio-2.0.so.0 (0x00007fc079dc4000)
	libgobject-2.0.so.0 => /usr/lib/libgobject-2.0.so.0 (0x00007fc079d61000)
	libglib-2.0.so.0 => /usr/lib/libglib-2.0.so.0 (0x00007fc079bfe000)
	libwayland-client.so.0 => /usr/lib/libwayland-client.so.0 (0x00007fc07ad5a000)
	libm.so.6 => /usr/lib/libm.so.6 (0x00007fc079ac7000)
	libc.so.6 => /usr/lib/libc.so.6 (0x00007fc079800000)
	libgmodule-2.0.so.0 => /usr/lib/libgmodule-2.0.so.0 (0x00007fc07ad51000)
	libharfbuzz-subset.so.0 => /usr/lib/libharfbuzz-subset.so.0 (0x00007fc0796c4000)
	libfribidi.so.0 => /usr/lib/libfribidi.so.0 (0x00007fc079aa7000)
	libfontconfig.so.1 => /usr/lib/libfontconfig.so.1 (0x00007fc079a2c000)
	libepoxy.so.0 => /usr/lib/libepoxy.so.0 (0x00007fc0795b7000)
	libgstplay-1.0.so.0 => /usr/lib/libgstplay-1.0.so.0 (0x00007fc079593000)
	libgstvideo-1.0.so.0 => /usr/lib/libgstvideo-1.0.so.0 (0x00007fc0794b4000)
	libgstreamer-1.0.so.0 => /usr/lib/libgstreamer-1.0.so.0 (0x00007fc079341000)
	libgstgl-1.0.so.0 => /usr/lib/libgstgl-1.0.so.0 (0x00007fc0792ab000)
	libgstallocators-1.0.so.0 => /usr/lib/libgstallocators-1.0.so.0 (0x00007fc0792a1000)
	libXi.so.6 => /usr/lib/libXi.so.6 (0x00007fc07928c000)
	libX11.so.6 => /usr/lib/libX11.so.6 (0x00007fc07914a000)
	libpangoft2-1.0.so.0 => /usr/lib/libpangoft2-1.0.so.0 (0x00007fc07912b000)
	libcloudproviders.so.0 => /usr/lib/libcloudproviders.so.0 (0x00007fc079113000)
	libtinysparql-3.0.so.0 => /usr/lib/libtinysparql-3.0.so.0 (0x00007fc07903f000)
	libpng16.so.16 => /usr/lib/libpng16.so.16 (0x00007fc079002000)
	libtiff.so.6 => /usr/lib/libtiff.so.6 (0x00007fc078f6a000)
	libjpeg.so.8 => /usr/lib/libjpeg.so.8 (0x00007fc078ec2000)
	libxkbcommon.so.0 => /usr/lib/libxkbcommon.so.0 (0x00007fc078e63000)
	libwayland-egl.so.1 => /usr/lib/libwayland-egl.so.1 (0x00007fc078e5e000)
	libXext.so.6 => /usr/lib/libXext.so.6 (0x00007fc078e4a000)
	libXcursor.so.1 => /usr/lib/libXcursor.so.1 (0x00007fc078e3d000)
	libXdamage.so.1 => /usr/lib/libXdamage.so.1 (0x00007fc078e38000)
	libXfixes.so.3 => /usr/lib/libXfixes.so.3 (0x00007fc078e30000)
	libXrandr.so.2 => /usr/lib/libXrandr.so.2 (0x00007fc078e23000)
	libXinerama.so.1 => /usr/lib/libXinerama.so.1 (0x00007fc078e1e000)
	libcairo-script-interpreter.so.2 => /usr/lib/libcairo-script-interpreter.so.2 (0x00007fc078dfc000)
	libcups.so.2 => /usr/lib/libcups.so.2 (0x00007fc078d6b000)
	libcolord.so.2 => /usr/lib/libcolord.so.2 (0x00007fc078d14000)
	libgcc_s.so.1 => /usr/lib/libgcc_s.so.1 (0x00007fc078ce7000)
	libthai.so.0 => /usr/lib/libthai.so.0 (0x00007fc078cda000)
	libfreetype.so.6 => /usr/lib/libfreetype.so.6 (0x00007fc078c0a000)
	libgraphite2.so.3 => /usr/lib/libgraphite2.so.3 (0x00007fc078be7000)
	libglycin-2.so.0 => /usr/lib/libglycin-2.so.0 (0x00007fc078600000)
	libz.so.1 => /usr/lib/libz.so.1 (0x00007fc078bcc000)
	libXrender.so.1 => /usr/lib/libXrender.so.1 (0x00007fc078bbe000)
	libxcb.so.1 => /usr/lib/libxcb.so.1 (0x00007fc078b93000)
	libxcb-render.so.0 => /usr/lib/libxcb-render.so.0 (0x00007fc078b84000)
	libxcb-shm.so.0 => /usr/lib/libxcb-shm.so.0 (0x00007fc078b7f000)
	libpixman-1.so.0 => /usr/lib/libpixman-1.so.0 (0x00007fc078ad0000)
	libmount.so.1 => /usr/lib/libmount.so.1 (0x00007fc078a71000)
	libffi.so.8 => /usr/lib/libffi.so.8 (0x00007fc078a63000)
	libpcre2-8.so.0 => /usr/lib/libpcre2-8.so.0 (0x00007fc07854d000)
	/lib64/ld-linux-x86-64.so.2 => /usr/lib64/ld-linux-x86-64.so.2 (0x00007fc07af71000)
	libexpat.so.1 => /usr/lib/libexpat.so.1 (0x00007fc078a35000)
	libgsttag-1.0.so.0 => /usr/lib/libgsttag-1.0.so.0 (0x00007fc07850e000)
	libgstpbutils-1.0.so.0 => /usr/lib/libgstpbutils-1.0.so.0 (0x00007fc0784c9000)
	libgstbase-1.0.so.0 => /usr/lib/libgstbase-1.0.so.0 (0x00007fc078441000)
	liborc-0.4.so.0 => /usr/lib/liborc-0.4.so.0 (0x00007fc07832f000)
	libunwind.so.8 => /usr/lib/libunwind.so.8 (0x00007fc078a17000)
	libdw.so.1 => /usr/lib/libdw.so.1 (0x00007fc07828d000)
	libEGL.so.1 => /usr/lib/libEGL.so.1 (0x00007fc078a03000)
	libGLX.so.0 => /usr/lib/libGLX.so.0 (0x00007fc07825c000)
	libwayland-cursor.so.0 => /usr/lib/libwayland-cursor.so.0 (0x00007fc078253000)
	libX11-xcb.so.1 => /usr/lib/libX11-xcb.so.1 (0x00007fc0789fe000)
	libgudev-1.0.so.0 => /usr/lib/libgudev-1.0.so.0 (0x00007fc078247000)
	libdrm.so.2 => /usr/lib/libdrm.so.2 (0x00007fc078230000)
	libgbm.so.1 => /usr/lib/libgbm.so.1 (0x00007fc078228000)
	libxml2.so.16 => /usr/lib/libxml2.so.16 (0x00007fc0780e3000)
	libsqlite3.so.0 => /usr/lib/libsqlite3.so.0 (0x00007fc077f4a000)
	libdeflate.so.0 => /usr/lib/libdeflate.so.0 (0x00007fc077f32000)
	libjbig.so.2.1 => /usr/lib/libjbig.so.2.1 (0x00007fc077f24000)
	liblzma.so.5 => /usr/lib/liblzma.so.5 (0x00007fc077eed000)
	libzstd.so.1 => /usr/lib/libzstd.so.1 (0x00007fc077e07000)
	libwebp.so.7 => /usr/lib/libwebp.so.7 (0x00007fc077d80000)
	liblzo2.so.2 => /usr/lib/liblzo2.so.2 (0x00007fc077d5f000)
	libavahi-common.so.3 => /usr/lib/libavahi-common.so.3 (0x00007fc077d50000)
	libavahi-client.so.3 => /usr/lib/libavahi-client.so.3 (0x00007fc077d3b000)
	libgnutls.so.30 => /usr/lib/libgnutls.so.30 (0x00007fc077a00000)
	liblcms2.so.2 => /usr/lib/liblcms2.so.2 (0x00007fc077ccf000)
	libudev.so.1 => /usr/lib/libudev.so.1 (0x00007fc077c7f000)
	libdatrie.so.1 => /usr/lib/libdatrie.so.1 (0x00007fc077c76000)
	libbz2.so.1.0 => /usr/lib/libbz2.so.1.0 (0x00007fc077c61000)
	libbrotlidec.so.1 => /usr/lib/libbrotlidec.so.1 (0x00007fc077c52000)
	libseccomp.so.2 => /usr/lib/libseccomp.so.2 (0x00007fc077c25000)
	libXau.so.6 => /usr/lib/libXau.so.6 (0x00007fc077c20000)
	libXdmcp.so.6 => /usr/lib/libXdmcp.so.6 (0x00007fc077c18000)
	libblkid.so.1 => /usr/lib/libblkid.so.1 (0x00007fc0779c0000)
	libsystemd.so.0 => /usr/lib/libsystemd.so.0 (0x00007fc077878000)
	libgstaudio-1.0.so.0 => /usr/lib/libgstaudio-1.0.so.0 (0x00007fc0777ee000)
	libelf.so.1 => /usr/lib/libelf.so.1 (0x00007fc0777d0000)
	libGLdispatch.so.0 => /usr/lib/libGLdispatch.so.0 (0x00007fc077757000)
	libicuuc.so.78 => /usr/lib/libicuuc.so.78 (0x00007fc077400000)
	libsharpyuv.so.0 => /usr/lib/libsharpyuv.so.0 (0x00007fc07774e000)
	libdbus-1.so.3 => /usr/lib/libdbus-1.so.3 (0x00007fc0776fb000)
	libleancrypto.so.1 => /usr/lib/libleancrypto.so.1 (0x00007fc077000000)
	libp11-kit.so.0 => /usr/lib/libp11-kit.so.0 (0x00007fc076e5e000)
	libidn2.so.0 => /usr/lib/libidn2.so.0 (0x00007fc0776d9000)
	libunistring.so.5 => /usr/lib/libunistring.so.5 (0x00007fc076c77000)
	libtasn1.so.6 => /usr/lib/libtasn1.so.6 (0x00007fc0776c3000)
	libhogweed.so.7 => /usr/lib/libhogweed.so.7 (0x00007fc07767c000)
	libnettle.so.9 => /usr/lib/libnettle.so.9 (0x00007fc077620000)
	libgmp.so.10 => /usr/lib/libgmp.so.10 (0x00007fc077359000)
	libbrotlicommon.so.1 => /usr/lib/libbrotlicommon.so.1 (0x00007fc077336000)
	libicudata.so.78 => /usr/lib/libicudata.so.78 (0x00007fc074c00000)
	libstdc++.so.6 => /usr/lib/libstdc++.so.6 (0x00007fc074800000)
