An example execution:

[State 0]
{
  s:
    {
      ack: false,
      actionRead: false,
      committed: false,
      durableFile: true,
      effect: false,
      file: true,
      frontendEpoch: 1,
      geometry: false,
      history: Set(1),
      nativeRetired: false,
      proof: false,
      proofDurable: false,
      proofSynced: false,
      proofWritten: false,
      reads: false,
      recordSynced: false,
      recordWritten: false,
      releasedRecord: false,
      stage: 0
    }
}

[State 1]
{
  s:
    {
      ack: false,
      actionRead: false,
      committed: false,
      durableFile: true,
      effect: false,
      file: true,
      frontendEpoch: 1,
      geometry: false,
      history: Set(1),
      nativeRetired: false,
      proof: false,
      proofDurable: false,
      proofSynced: false,
      proofWritten: false,
      reads: false,
      recordSynced: false,
      recordWritten: false,
      releasedRecord: false,
      stage: 0
    }
}

[State 2]
{
  s:
    {
      ack: false,
      actionRead: false,
      committed: false,
      durableFile: true,
      effect: false,
      file: true,
      frontendEpoch: 1,
      geometry: false,
      history: Set(1),
      nativeRetired: false,
      proof: false,
      proofDurable: false,
      proofSynced: false,
      proofWritten: false,
      reads: false,
      recordSynced: false,
      recordWritten: false,
      releasedRecord: false,
      stage: 0
    }
}

[State 3]
{
  s:
    {
      ack: false,
      actionRead: false,
      committed: false,
      durableFile: true,
      effect: false,
      file: true,
      frontendEpoch: 1,
      geometry: false,
      history: Set(1),
      nativeRetired: false,
      proof: false,
      proofDurable: false,
      proofSynced: false,
      proofWritten: false,
      reads: false,
      recordSynced: false,
      recordWritten: false,
      releasedRecord: false,
      stage: 0
    }
}

[State 4]
{
  s:
    {
      ack: false,
      actionRead: false,
      committed: false,
      durableFile: true,
      effect: false,
      file: true,
      frontendEpoch: 1,
      geometry: false,
      history: Set(1),
      nativeRetired: false,
      proof: false,
      proofDurable: false,
      proofSynced: false,
      proofWritten: false,
      reads: false,
      recordSynced: false,
      recordWritten: false,
      releasedRecord: false,
      stage: 0
    }
}

[State 5]
{
  s:
    {
      ack: false,
      actionRead: false,
      committed: false,
      durableFile: true,
      effect: false,
      file: true,
      frontendEpoch: 1,
      geometry: false,
      history: Set(1),
      nativeRetired: false,
      proof: false,
      proofDurable: false,
      proofSynced: false,
      proofWritten: false,
      reads: false,
      recordSynced: false,
      recordWritten: false,
      releasedRecord: false,
      stage: 0
    }
}

[State 6]
{
  s:
    {
      ack: false,
      actionRead: false,
      committed: false,
      durableFile: true,
      effect: false,
      file: true,
      frontendEpoch: 1,
      geometry: false,
      history: Set(1),
      nativeRetired: false,
      proof: false,
      proofDurable: false,
      proofSynced: false,
      proofWritten: false,
      reads: false,
      recordSynced: false,
      recordWritten: false,
      releasedRecord: false,
      stage: 0
    }
}

[State 7]
{
  s:
    {
      ack: false,
      actionRead: false,
      committed: false,
      durableFile: true,
      effect: false,
      file: true,
      frontendEpoch: 1,
      geometry: false,
      history: Set(1),
      nativeRetired: false,
      proof: false,
      proofDurable: false,
      proofSynced: false,
      proofWritten: false,
      reads: false,
      recordSynced: false,
      recordWritten: false,
      releasedRecord: false,
      stage: 0
    }
}

[State 8]
{
  s:
    {
      ack: false,
      actionRead: false,
      committed: false,
      durableFile: true,
      effect: false,
      file: true,
      frontendEpoch: 1,
      geometry: false,
      history: Set(1),
      nativeRetired: false,
      proof: false,
      proofDurable: false,
      proofSynced: false,
      proofWritten: false,
      reads: false,
      recordSynced: false,
      recordWritten: false,
      releasedRecord: false,
      stage: 0
    }
}

[State 9]
{
  s:
    {
      ack: false,
      actionRead: false,
      committed: false,
      durableFile: true,
      effect: false,
      file: true,
      frontendEpoch: 1,
      geometry: false,
      history: Set(1),
      nativeRetired: false,
      proof: false,
      proofDurable: false,
      proofSynced: false,
      proofWritten: false,
      reads: false,
      recordSynced: false,
      recordWritten: false,
      releasedRecord: false,
      stage: 0
    }
}

[State 10]
{
  s:
    {
      ack: false,
      actionRead: false,
      committed: false,
      durableFile: true,
      effect: false,
      file: true,
      frontendEpoch: 1,
      geometry: false,
      history: Set(1),
      nativeRetired: false,
      proof: false,
      proofDurable: false,
      proofSynced: false,
      proofWritten: false,
      reads: false,
      recordSynced: false,
      recordWritten: false,
      releasedRecord: false,
      stage: 0
    }
}

[State 11]
{
  s:
    {
      ack: false,
      actionRead: false,
      committed: false,
      durableFile: true,
      effect: false,
      file: true,
      frontendEpoch: 1,
      geometry: false,
      history: Set(1),
      nativeRetired: false,
      proof: false,
      proofDurable: false,
      proofSynced: false,
      proofWritten: false,
      reads: false,
      recordSynced: false,
      recordWritten: false,
      releasedRecord: false,
      stage: 0
    }
}

[State 12]
{
  s:
    {
      ack: false,
      actionRead: false,
      committed: false,
      durableFile: true,
      effect: false,
      file: true,
      frontendEpoch: 2,
      geometry: false,
      history: Set(1),
      nativeRetired: false,
      proof: false,
      proofDurable: false,
      proofSynced: false,
      proofWritten: false,
      reads: false,
      recordSynced: false,
      recordWritten: false,
      releasedRecord: false,
      stage: 0
    }
}

[State 13]
{
  s:
    {
      ack: false,
      actionRead: false,
      committed: false,
      durableFile: true,
      effect: false,
      file: true,
      frontendEpoch: 2,
      geometry: false,
      history: Set(1),
      nativeRetired: false,
      proof: false,
      proofDurable: false,
      proofSynced: false,
      proofWritten: false,
      reads: false,
      recordSynced: false,
      recordWritten: false,
      releasedRecord: false,
      stage: 0
    }
}

[State 14]
{
  s:
    {
      ack: false,
      actionRead: false,
      committed: false,
      durableFile: true,
      effect: false,
      file: true,
      frontendEpoch: 2,
      geometry: false,
      history: Set(1),
      nativeRetired: false,
      proof: false,
      proofDurable: false,
      proofSynced: false,
      proofWritten: false,
      reads: false,
      recordSynced: false,
      recordWritten: false,
      releasedRecord: false,
      stage: 0
    }
}

[State 15]
{
  s:
    {
      ack: false,
      actionRead: false,
      committed: false,
      durableFile: true,
      effect: false,
      file: true,
      frontendEpoch: 2,
      geometry: false,
      history: Set(1),
      nativeRetired: false,
      proof: false,
      proofDurable: false,
      proofSynced: false,
      proofWritten: false,
      reads: false,
      recordSynced: false,
      recordWritten: false,
      releasedRecord: false,
      stage: 0
    }
}

[State 16]
{
  s:
    {
      ack: false,
      actionRead: false,
      committed: false,
      durableFile: true,
      effect: false,
      file: true,
      frontendEpoch: 2,
      geometry: false,
      history: Set(1),
      nativeRetired: false,
      proof: false,
      proofDurable: false,
      proofSynced: false,
      proofWritten: false,
      reads: false,
      recordSynced: false,
      recordWritten: false,
      releasedRecord: false,
      stage: 0
    }
}

[State 17]
{
  s:
    {
      ack: false,
      actionRead: false,
      committed: false,
      durableFile: true,
      effect: false,
      file: true,
      frontendEpoch: 2,
      geometry: false,
      history: Set(1),
      nativeRetired: false,
      proof: false,
      proofDurable: false,
      proofSynced: false,
      proofWritten: false,
      reads: false,
      recordSynced: false,
      recordWritten: false,
      releasedRecord: false,
      stage: 0
    }
}

[State 18]
{
  s:
    {
      ack: false,
      actionRead: false,
      committed: false,
      durableFile: true,
      effect: false,
      file: true,
      frontendEpoch: 2,
      geometry: false,
      history: Set(1),
      nativeRetired: false,
      proof: false,
      proofDurable: false,
      proofSynced: false,
      proofWritten: false,
      reads: false,
      recordSynced: false,
      recordWritten: false,
      releasedRecord: false,
      stage: 0
    }
}

[State 19]
{
  s:
    {
      ack: false,
      actionRead: false,
      committed: false,
      durableFile: true,
      effect: false,
      file: true,
      frontendEpoch: 2,
      geometry: false,
      history: Set(1),
      nativeRetired: false,
      proof: false,
      proofDurable: false,
      proofSynced: false,
      proofWritten: false,
      reads: false,
      recordSynced: false,
      recordWritten: false,
      releasedRecord: false,
      stage: 0
    }
}

[State 20]
{
  s:
    {
      ack: false,
      actionRead: false,
      committed: false,
      durableFile: true,
      effect: false,
      file: true,
      frontendEpoch: 2,
      geometry: false,
      history: Set(1),
      nativeRetired: false,
      proof: false,
      proofDurable: false,
      proofSynced: false,
      proofWritten: false,
      reads: false,
      recordSynced: false,
      recordWritten: false,
      releasedRecord: false,
      stage: 0
    }
}

[State 21]
{
  s:
    {
      ack: false,
      actionRead: false,
      committed: false,
      durableFile: true,
      effect: false,
      file: true,
      frontendEpoch: 2,
      geometry: false,
      history: Set(1),
      nativeRetired: false,
      proof: false,
      proofDurable: false,
      proofSynced: false,
      proofWritten: false,
      reads: false,
      recordSynced: false,
      recordWritten: false,
      releasedRecord: false,
      stage: 0
    }
}

[State 22]
{
  s:
    {
      ack: false,
      actionRead: false,
      committed: false,
      durableFile: true,
      effect: false,
      file: true,
      frontendEpoch: 2,
      geometry: false,
      history: Set(1),
      nativeRetired: false,
      proof: false,
      proofDurable: false,
      proofSynced: false,
      proofWritten: false,
      reads: false,
      recordSynced: false,
      recordWritten: false,
      releasedRecord: false,
      stage: 0
    }
}

[State 23]
{
  s:
    {
      ack: false,
      actionRead: false,
      committed: false,
      durableFile: true,
      effect: false,
      file: true,
      frontendEpoch: 2,
      geometry: false,
      history: Set(1),
      nativeRetired: false,
      proof: false,
      proofDurable: false,
      proofSynced: false,
      proofWritten: false,
      reads: false,
      recordSynced: false,
      recordWritten: false,
      releasedRecord: false,
      stage: 0
    }
}

[State 24]
{
  s:
    {
      ack: false,
      actionRead: false,
      committed: false,
      durableFile: true,
      effect: false,
      file: true,
      frontendEpoch: 2,
      geometry: false,
      history: Set(1),
      nativeRetired: false,
      proof: false,
      proofDurable: false,
      proofSynced: false,
      proofWritten: false,
      reads: false,
      recordSynced: false,
      recordWritten: false,
      releasedRecord: false,
      stage: 0
    }
}

[State 25]
{
  s:
    {
      ack: false,
      actionRead: false,
      committed: false,
      durableFile: true,
      effect: false,
      file: true,
      frontendEpoch: 2,
      geometry: false,
      history: Set(1),
      nativeRetired: true,
      proof: false,
      proofDurable: false,
      proofSynced: false,
      proofWritten: false,
      reads: false,
      recordSynced: false,
      recordWritten: false,
      releasedRecord: false,
      stage: 0
    }
}

[State 26]
{
  s:
    {
      ack: false,
      actionRead: false,
      committed: false,
      durableFile: true,
      effect: false,
      file: true,
      frontendEpoch: 2,
      geometry: false,
      history: Set(1),
      nativeRetired: true,
      proof: false,
      proofDurable: false,
      proofSynced: false,
      proofWritten: false,
      reads: false,
      recordSynced: false,
      recordWritten: false,
      releasedRecord: false,
      stage: 0
    }
}

[State 27]
{
  s:
    {
      ack: false,
      actionRead: false,
      committed: false,
      durableFile: true,
      effect: false,
      file: true,
      frontendEpoch: 2,
      geometry: false,
      history: Set(1),
      nativeRetired: true,
      proof: false,
      proofDurable: false,
      proofSynced: false,
      proofWritten: false,
      reads: false,
      recordSynced: false,
      recordWritten: false,
      releasedRecord: false,
      stage: 0
    }
}

[State 28]
{
  s:
    {
      ack: false,
      actionRead: false,
      committed: false,
      durableFile: true,
      effect: false,
      file: true,
      frontendEpoch: 2,
      geometry: false,
      history: Set(1),
      nativeRetired: true,
      proof: false,
      proofDurable: false,
      proofSynced: false,
      proofWritten: false,
      reads: false,
      recordSynced: false,
      recordWritten: false,
      releasedRecord: false,
      stage: 0
    }
}

[State 29]
{
  s:
    {
      ack: false,
      actionRead: false,
      committed: false,
      durableFile: true,
      effect: false,
      file: true,
      frontendEpoch: 2,
      geometry: false,
      history: Set(1),
      nativeRetired: true,
      proof: false,
      proofDurable: false,
      proofSynced: false,
      proofWritten: false,
      reads: false,
      recordSynced: false,
      recordWritten: false,
      releasedRecord: false,
      stage: 0
    }
}

[State 30]
{
  s:
    {
      ack: false,
      actionRead: false,
      committed: false,
      durableFile: true,
      effect: false,
      file: true,
      frontendEpoch: 2,
      geometry: false,
      history: Set(1),
      nativeRetired: true,
      proof: false,
      proofDurable: false,
      proofSynced: false,
      proofWritten: false,
      reads: false,
      recordSynced: false,
      recordWritten: false,
      releasedRecord: false,
      stage: 0
    }
}

[State 31]
{
  s:
    {
      ack: false,
      actionRead: false,
      committed: false,
      durableFile: true,
      effect: false,
      file: true,
      frontendEpoch: 2,
      geometry: false,
      history: Set(1),
      nativeRetired: true,
      proof: false,
      proofDurable: false,
      proofSynced: false,
      proofWritten: false,
      reads: false,
      recordSynced: false,
      recordWritten: false,
      releasedRecord: false,
      stage: 0
    }
}

[State 32]
{
  s:
    {
      ack: false,
      actionRead: false,
      committed: false,
      durableFile: true,
      effect: false,
      file: true,
      frontendEpoch: 2,
      geometry: false,
      history: Set(1),
      nativeRetired: true,
      proof: false,
      proofDurable: false,
      proofSynced: false,
      proofWritten: false,
      reads: false,
      recordSynced: false,
      recordWritten: false,
      releasedRecord: false,
      stage: 0
    }
}

[State 33]
{
  s:
    {
      ack: false,
      actionRead: false,
      committed: false,
      durableFile: true,
      effect: false,
      file: true,
      frontendEpoch: 2,
      geometry: false,
      history: Set(1),
      nativeRetired: true,
      proof: false,
      proofDurable: false,
      proofSynced: false,
      proofWritten: false,
      reads: false,
      recordSynced: false,
      recordWritten: false,
      releasedRecord: false,
      stage: 0
    }
}

[State 34]
{
  s:
    {
      ack: false,
      actionRead: false,
      committed: false,
      durableFile: true,
      effect: false,
      file: true,
      frontendEpoch: 2,
      geometry: false,
      history: Set(1),
      nativeRetired: true,
      proof: false,
      proofDurable: false,
      proofSynced: false,
      proofWritten: false,
      reads: false,
      recordSynced: false,
      recordWritten: false,
      releasedRecord: false,
      stage: 0
    }
}

[State 35]
{
  s:
    {
      ack: false,
      actionRead: false,
      committed: false,
      durableFile: true,
      effect: false,
      file: true,
      frontendEpoch: 2,
      geometry: false,
      history: Set(1),
      nativeRetired: true,
      proof: false,
      proofDurable: false,
      proofSynced: false,
      proofWritten: false,
      reads: false,
      recordSynced: false,
      recordWritten: false,
      releasedRecord: false,
      stage: 0
    }
}

[State 36]
{
  s:
    {
      ack: false,
      actionRead: false,
      committed: false,
      durableFile: true,
      effect: false,
      file: true,
      frontendEpoch: 2,
      geometry: false,
      history: Set(1),
      nativeRetired: true,
      proof: false,
      proofDurable: false,
      proofSynced: false,
      proofWritten: false,
      reads: false,
      recordSynced: false,
      recordWritten: false,
      releasedRecord: false,
      stage: 0
    }
}

[State 37]
{
  s:
    {
      ack: false,
      actionRead: false,
      committed: false,
      durableFile: true,
      effect: false,
      file: true,
      frontendEpoch: 2,
      geometry: false,
      history: Set(1),
      nativeRetired: true,
      proof: true,
      proofDurable: false,
      proofSynced: false,
      proofWritten: false,
      reads: false,
      recordSynced: false,
      recordWritten: false,
      releasedRecord: false,
      stage: 0
    }
}

[State 38]
{
  s:
    {
      ack: false,
      actionRead: false,
      committed: false,
      durableFile: true,
      effect: false,
      file: true,
      frontendEpoch: 2,
      geometry: false,
      history: Set(1),
      nativeRetired: true,
      proof: true,
      proofDurable: false,
      proofSynced: false,
      proofWritten: false,
      reads: false,
      recordSynced: false,
      recordWritten: false,
      releasedRecord: false,
      stage: 0
    }
}

[State 39]
{
  s:
    {
      ack: false,
      actionRead: false,
      committed: false,
      durableFile: true,
      effect: false,
      file: true,
      frontendEpoch: 2,
      geometry: false,
      history: Set(1),
      nativeRetired: true,
      proof: true,
      proofDurable: false,
      proofSynced: false,
      proofWritten: false,
      reads: false,
      recordSynced: false,
      recordWritten: false,
      releasedRecord: false,
      stage: 0
    }
}

[State 40]
{
  s:
    {
      ack: false,
      actionRead: false,
      committed: false,
      durableFile: true,
      effect: false,
      file: true,
      frontendEpoch: 2,
      geometry: false,
      history: Set(1),
      nativeRetired: true,
      proof: true,
      proofDurable: false,
      proofSynced: false,
      proofWritten: false,
      reads: false,
      recordSynced: false,
      recordWritten: false,
      releasedRecord: false,
      stage: 0
    }
}

[State 41]
{
  s:
    {
      ack: false,
      actionRead: false,
      committed: false,
      durableFile: true,
      effect: false,
      file: true,
      frontendEpoch: 2,
      geometry: false,
      history: Set(1),
      nativeRetired: true,
      proof: true,
      proofDurable: false,
      proofSynced: false,
      proofWritten: false,
      reads: false,
      recordSynced: false,
      recordWritten: false,
      releasedRecord: false,
      stage: 0
    }
}

[State 42]
{
  s:
    {
      ack: false,
      actionRead: false,
      committed: false,
      durableFile: true,
      effect: false,
      file: true,
      frontendEpoch: 2,
      geometry: false,
      history: Set(1),
      nativeRetired: true,
      proof: true,
      proofDurable: false,
      proofSynced: false,
      proofWritten: false,
      reads: false,
      recordSynced: false,
      recordWritten: false,
      releasedRecord: false,
      stage: 0
    }
}

[State 43]
{
  s:
    {
      ack: false,
      actionRead: false,
      committed: false,
      durableFile: true,
      effect: false,
      file: true,
      frontendEpoch: 2,
      geometry: false,
      history: Set(1),
      nativeRetired: true,
      proof: true,
      proofDurable: false,
      proofSynced: false,
      proofWritten: false,
      reads: false,
      recordSynced: false,
      recordWritten: false,
      releasedRecord: false,
      stage: 0
    }
}

[State 44]
{
  s:
    {
      ack: false,
      actionRead: false,
      committed: false,
      durableFile: true,
      effect: false,
      file: true,
      frontendEpoch: 2,
      geometry: false,
      history: Set(1),
      nativeRetired: true,
      proof: true,
      proofDurable: false,
      proofSynced: false,
      proofWritten: false,
      reads: false,
      recordSynced: false,
      recordWritten: false,
      releasedRecord: false,
      stage: 0
    }
}

[State 45]
{
  s:
    {
      ack: false,
      actionRead: false,
      committed: false,
      durableFile: true,
      effect: false,
      file: true,
      frontendEpoch: 2,
      geometry: false,
      history: Set(1),
      nativeRetired: true,
      proof: true,
      proofDurable: false,
      proofSynced: false,
      proofWritten: false,
      reads: false,
      recordSynced: false,
      recordWritten: false,
      releasedRecord: false,
      stage: 0
    }
}

[State 46]
{
  s:
    {
      ack: false,
      actionRead: false,
      committed: false,
      durableFile: true,
      effect: false,
      file: true,
      frontendEpoch: 2,
      geometry: false,
      history: Set(1),
      nativeRetired: true,
      proof: true,
      proofDurable: false,
      proofSynced: false,
      proofWritten: false,
      reads: false,
      recordSynced: false,
      recordWritten: false,
      releasedRecord: false,
      stage: 0
    }
}

[State 47]
{
  s:
    {
      ack: false,
      actionRead: false,
      committed: false,
      durableFile: true,
      effect: false,
      file: true,
      frontendEpoch: 2,
      geometry: false,
      history: Set(1),
      nativeRetired: true,
      proof: true,
      proofDurable: false,
      proofSynced: false,
      proofWritten: false,
      reads: false,
      recordSynced: false,
      recordWritten: false,
      releasedRecord: false,
      stage: 0
    }
}

[State 48]
{
  s:
    {
      ack: false,
      actionRead: false,
      committed: false,
      durableFile: true,
      effect: false,
      file: true,
      frontendEpoch: 2,
      geometry: false,
      history: Set(1),
      nativeRetired: true,
      proof: true,
      proofDurable: false,
      proofSynced: false,
      proofWritten: false,
      reads: false,
      recordSynced: false,
      recordWritten: false,
      releasedRecord: false,
      stage: 0
    }
}

[State 49]
{
  s:
    {
      ack: false,
      actionRead: false,
      committed: false,
      durableFile: true,
      effect: false,
      file: true,
      frontendEpoch: 2,
      geometry: false,
      history: Set(1),
      nativeRetired: true,
      proof: true,
      proofDurable: false,
      proofSynced: false,
      proofWritten: false,
      reads: false,
      recordSynced: false,
      recordWritten: false,
      releasedRecord: false,
      stage: 0
    }
}

[State 50]
{
  s:
    {
      ack: false,
      actionRead: false,
      committed: false,
      durableFile: true,
      effect: false,
      file: true,
      frontendEpoch: 2,
      geometry: false,
      history: Set(1),
      nativeRetired: true,
      proof: true,
      proofDurable: false,
      proofSynced: false,
      proofWritten: false,
      reads: false,
      recordSynced: false,
      recordWritten: false,
      releasedRecord: false,
      stage: 0
    }
}

[State 51]
{
  s:
    {
      ack: false,
      actionRead: false,
      committed: false,
      durableFile: true,
      effect: false,
      file: true,
      frontendEpoch: 2,
      geometry: false,
      history: Set(1),
      nativeRetired: true,
      proof: true,
      proofDurable: false,
      proofSynced: false,
      proofWritten: false,
      reads: false,
      recordSynced: false,
      recordWritten: false,
      releasedRecord: false,
      stage: 0
    }
}

[State 52]
{
  s:
    {
      ack: false,
      actionRead: false,
      committed: false,
      durableFile: true,
      effect: false,
      file: true,
      frontendEpoch: 2,
      geometry: false,
      history: Set(1),
      nativeRetired: true,
      proof: true,
      proofDurable: false,
      proofSynced: false,
      proofWritten: false,
      reads: false,
      recordSynced: false,
      recordWritten: false,
      releasedRecord: false,
      stage: 0
    }
}

[State 53]
{
  s:
    {
      ack: false,
      actionRead: false,
      committed: false,
      durableFile: true,
      effect: false,
      file: true,
      frontendEpoch: 2,
      geometry: false,
      history: Set(1),
      nativeRetired: true,
      proof: true,
      proofDurable: false,
      proofSynced: false,
      proofWritten: false,
      reads: false,
      recordSynced: false,
      recordWritten: false,
      releasedRecord: false,
      stage: 0
    }
}

[State 54]
{
  s:
    {
      ack: false,
      actionRead: false,
      committed: false,
      durableFile: true,
      effect: false,
      file: true,
      frontendEpoch: 2,
      geometry: false,
      history: Set(1),
      nativeRetired: true,
      proof: true,
      proofDurable: false,
      proofSynced: false,
      proofWritten: false,
      reads: false,
      recordSynced: false,
      recordWritten: false,
      releasedRecord: false,
      stage: 0
    }
}

[State 55]
{
  s:
    {
      ack: false,
      actionRead: false,
      committed: false,
      durableFile: true,
      effect: false,
      file: true,
      frontendEpoch: 2,
      geometry: false,
      history: Set(1),
      nativeRetired: true,
      proof: true,
      proofDurable: false,
      proofSynced: false,
      proofWritten: false,
      reads: false,
      recordSynced: false,
      recordWritten: false,
      releasedRecord: false,
      stage: 0
    }
}

[State 56]
{
  s:
    {
      ack: false,
      actionRead: false,
      committed: false,
      durableFile: true,
      effect: false,
      file: true,
      frontendEpoch: 2,
      geometry: false,
      history: Set(1),
      nativeRetired: true,
      proof: true,
      proofDurable: false,
      proofSynced: false,
      proofWritten: false,
      reads: false,
      recordSynced: false,
      recordWritten: false,
      releasedRecord: false,
      stage: 0
    }
}

[State 57]
{
  s:
    {
      ack: false,
      actionRead: false,
      committed: false,
      durableFile: true,
      effect: false,
      file: true,
      frontendEpoch: 2,
      geometry: false,
      history: Set(1, 2),
      nativeRetired: true,
      proof: true,
      proofDurable: false,
      proofSynced: false,
      proofWritten: false,
      reads: false,
      recordSynced: false,
      recordWritten: false,
      releasedRecord: false,
      stage: 0
    }
}

[State 58]
{
  s:
    {
      ack: false,
      actionRead: false,
      committed: false,
      durableFile: true,
      effect: false,
      file: true,
      frontendEpoch: 2,
      geometry: false,
      history: Set(1, 2),
      nativeRetired: true,
      proof: true,
      proofDurable: false,
      proofSynced: false,
      proofWritten: false,
      reads: false,
      recordSynced: false,
      recordWritten: false,
      releasedRecord: false,
      stage: 0
    }
}

[State 59]
{
  s:
    {
      ack: false,
      actionRead: false,
      committed: false,
      durableFile: true,
      effect: false,
      file: true,
      frontendEpoch: 2,
      geometry: false,
      history: Set(1, 2),
      nativeRetired: true,
      proof: true,
      proofDurable: false,
      proofSynced: false,
      proofWritten: false,
      reads: false,
      recordSynced: false,
      recordWritten: false,
      releasedRecord: false,
      stage: 0
    }
}

[State 60]
{
  s:
    {
      ack: false,
      actionRead: false,
      committed: false,
      durableFile: true,
      effect: false,
      file: true,
      frontendEpoch: 2,
      geometry: false,
      history: Set(1, 2),
      nativeRetired: true,
      proof: true,
      proofDurable: false,
      proofSynced: false,
      proofWritten: false,
      reads: false,
      recordSynced: false,
      recordWritten: false,
      releasedRecord: false,
      stage: 0
    }
}

[State 61]
{
  s:
    {
      ack: false,
      actionRead: false,
      committed: false,
      durableFile: true,
      effect: false,
      file: true,
      frontendEpoch: 2,
      geometry: false,
      history: Set(1, 2),
      nativeRetired: true,
      proof: true,
      proofDurable: false,
      proofSynced: false,
      proofWritten: false,
      reads: false,
      recordSynced: false,
      recordWritten: false,
      releasedRecord: false,
      stage: 0
    }
}

[State 62]
{
  s:
    {
      ack: false,
      actionRead: false,
      committed: false,
      durableFile: true,
      effect: false,
      file: true,
      frontendEpoch: 2,
      geometry: false,
      history: Set(1, 2),
      nativeRetired: true,
      proof: true,
      proofDurable: false,
      proofSynced: false,
      proofWritten: false,
      reads: false,
      recordSynced: false,
      recordWritten: false,
      releasedRecord: false,
      stage: 0
    }
}

[State 63]
{
  s:
    {
      ack: false,
      actionRead: false,
      committed: false,
      durableFile: true,
      effect: false,
      file: true,
      frontendEpoch: 2,
      geometry: false,
      history: Set(1, 2),
      nativeRetired: true,
      proof: true,
      proofDurable: false,
      proofSynced: false,
      proofWritten: false,
      reads: false,
      recordSynced: false,
      recordWritten: false,
      releasedRecord: false,
      stage: 0
    }
}

[State 64]
{
  s:
    {
      ack: false,
      actionRead: false,
      committed: false,
      durableFile: true,
      effect: false,
      file: true,
      frontendEpoch: 2,
      geometry: false,
      history: Set(1, 2),
      nativeRetired: true,
      proof: true,
      proofDurable: false,
      proofSynced: false,
      proofWritten: false,
      reads: false,
      recordSynced: false,
      recordWritten: false,
      releasedRecord: false,
      stage: 0
    }
}

[State 65]
{
  s:
    {
      ack: false,
      actionRead: false,
      committed: false,
      durableFile: true,
      effect: false,
      file: true,
      frontendEpoch: 2,
      geometry: false,
      history: Set(1, 2),
      nativeRetired: true,
      proof: true,
      proofDurable: false,
      proofSynced: false,
      proofWritten: false,
      reads: false,
      recordSynced: false,
      recordWritten: false,
      releasedRecord: false,
      stage: 0
    }
}

[State 66]
{
  s:
    {
      ack: false,
      actionRead: false,
      committed: false,
      durableFile: true,
      effect: false,
      file: true,
      frontendEpoch: 3,
      geometry: false,
      history: Set(1, 2),
      nativeRetired: true,
      proof: false,
      proofDurable: false,
      proofSynced: false,
      proofWritten: false,
      reads: false,
      recordSynced: false,
      recordWritten: false,
      releasedRecord: false,
      stage: 0
    }
}

[State 67]
{
  s:
    {
      ack: false,
      actionRead: false,
      committed: false,
      durableFile: true,
      effect: false,
      file: true,
      frontendEpoch: 3,
      geometry: false,
      history: Set(1, 2),
      nativeRetired: true,
      proof: false,
      proofDurable: false,
      proofSynced: false,
      proofWritten: false,
      reads: false,
      recordSynced: false,
      recordWritten: false,
      releasedRecord: false,
      stage: 0
    }
}

[State 68]
{
  s:
    {
      ack: false,
      actionRead: false,
      committed: false,
      durableFile: true,
      effect: false,
      file: true,
      frontendEpoch: 3,
      geometry: false,
      history: Set(1, 2),
      nativeRetired: true,
      proof: false,
      proofDurable: false,
      proofSynced: false,
      proofWritten: false,
      reads: false,
      recordSynced: false,
      recordWritten: false,
      releasedRecord: false,
      stage: 0
    }
}

[State 69]
{
  s:
    {
      ack: false,
      actionRead: false,
      committed: false,
      durableFile: true,
      effect: false,
      file: true,
      frontendEpoch: 3,
      geometry: false,
      history: Set(1, 2),
      nativeRetired: true,
      proof: false,
      proofDurable: false,
      proofSynced: false,
      proofWritten: false,
      reads: false,
      recordSynced: false,
      recordWritten: false,
      releasedRecord: false,
      stage: 0
    }
}

[State 70]
{
  s:
    {
      ack: false,
      actionRead: false,
      committed: false,
      durableFile: true,
      effect: false,
      file: true,
      frontendEpoch: 3,
      geometry: false,
      history: Set(1, 2),
      nativeRetired: true,
      proof: false,
      proofDurable: false,
      proofSynced: false,
      proofWritten: false,
      reads: false,
      recordSynced: false,
      recordWritten: false,
      releasedRecord: false,
      stage: 0
    }
}

[State 71]
{
  s:
    {
      ack: false,
      actionRead: false,
      committed: false,
      durableFile: true,
      effect: false,
      file: true,
      frontendEpoch: 3,
      geometry: false,
      history: Set(1, 2),
      nativeRetired: true,
      proof: false,
      proofDurable: false,
      proofSynced: false,
      proofWritten: false,
      reads: false,
      recordSynced: false,
      recordWritten: false,
      releasedRecord: false,
      stage: 0
    }
}

[State 72]
{
  s:
    {
      ack: false,
      actionRead: false,
      committed: false,
      durableFile: true,
      effect: false,
      file: true,
      frontendEpoch: 3,
      geometry: false,
      history: Set(1, 2),
      nativeRetired: true,
      proof: false,
      proofDurable: false,
      proofSynced: false,
      proofWritten: false,
      reads: false,
      recordSynced: false,
      recordWritten: false,
      releasedRecord: false,
      stage: 0
    }
}

[State 73]
{
  s:
    {
      ack: false,
      actionRead: false,
      committed: false,
      durableFile: true,
      effect: false,
      file: true,
      frontendEpoch: 3,
      geometry: false,
      history: Set(1, 2),
      nativeRetired: true,
      proof: false,
      proofDurable: false,
      proofSynced: false,
      proofWritten: false,
      reads: false,
      recordSynced: false,
      recordWritten: false,
      releasedRecord: false,
      stage: 0
    }
}

[State 74]
{
  s:
    {
      ack: false,
      actionRead: false,
      committed: false,
      durableFile: true,
      effect: false,
      file: true,
      frontendEpoch: 3,
      geometry: false,
      history: Set(1, 2),
      nativeRetired: true,
      proof: false,
      proofDurable: false,
      proofSynced: false,
      proofWritten: false,
      reads: false,
      recordSynced: false,
      recordWritten: false,
      releasedRecord: false,
      stage: 0
    }
}

[State 75]
{
  s:
    {
      ack: false,
      actionRead: false,
      committed: false,
      durableFile: true,
      effect: false,
      file: true,
      frontendEpoch: 3,
      geometry: false,
      history: Set(1, 2),
      nativeRetired: true,
      proof: false,
      proofDurable: false,
      proofSynced: false,
      proofWritten: false,
      reads: false,
      recordSynced: false,
      recordWritten: false,
      releasedRecord: false,
      stage: 0
    }
}

[State 76]
{
  s:
    {
      ack: false,
      actionRead: false,
      committed: false,
      durableFile: true,
      effect: false,
      file: true,
      frontendEpoch: 3,
      geometry: false,
      history: Set(1, 2),
      nativeRetired: true,
      proof: false,
      proofDurable: false,
      proofSynced: false,
      proofWritten: false,
      reads: false,
      recordSynced: false,
      recordWritten: false,
      releasedRecord: false,
      stage: 0
    }
}

[State 77]
{
  s:
    {
      ack: false,
      actionRead: false,
      committed: false,
      durableFile: true,
      effect: false,
      file: true,
      frontendEpoch: 3,
      geometry: false,
      history: Set(1, 2),
      nativeRetired: true,
      proof: false,
      proofDurable: false,
      proofSynced: false,
      proofWritten: false,
      reads: false,
      recordSynced: false,
      recordWritten: false,
      releasedRecord: false,
      stage: 0
    }
}

[State 78]
{
  s:
    {
      ack: false,
      actionRead: false,
      committed: false,
      durableFile: true,
      effect: false,
      file: true,
      frontendEpoch: 3,
      geometry: false,
      history: Set(1, 2),
      nativeRetired: true,
      proof: false,
      proofDurable: false,
      proofSynced: false,
      proofWritten: false,
      reads: false,
      recordSynced: false,
      recordWritten: false,
      releasedRecord: false,
      stage: 0
    }
}

[State 79]
{
  s:
    {
      ack: false,
      actionRead: false,
      committed: false,
      durableFile: true,
      effect: false,
      file: true,
      frontendEpoch: 3,
      geometry: false,
      history: Set(1, 2),
      nativeRetired: true,
      proof: false,
      proofDurable: false,
      proofSynced: false,
      proofWritten: false,
      reads: false,
      recordSynced: false,
      recordWritten: false,
      releasedRecord: false,
      stage: 0
    }
}

[State 80]
{
  s:
    {
      ack: false,
      actionRead: false,
      committed: false,
      durableFile: true,
      effect: false,
      file: true,
      frontendEpoch: 3,
      geometry: false,
      history: Set(1, 2),
      nativeRetired: true,
      proof: false,
      proofDurable: false,
      proofSynced: false,
      proofWritten: false,
      reads: false,
      recordSynced: false,
      recordWritten: false,
      releasedRecord: false,
      stage: 0
    }
}

[ok] No violation found (1956ms at 1022 traces/second).
Trace length statistics: max=81, min=81, average=81.00
You may increase --max-samples and --max-steps.
Use --verbosity to produce more (or less) output.
Use --seed=0xeb2b --backend=typescript to reproduce.
