[07:25:45.188068] {Default Queue}  -> wl_display#1.get_registry(new id wl_registry#2)
[07:25:45.188102] {Default Queue}  -> wl_display#1.sync(new id wl_callback#3)
[07:25:45.188301] {Display Queue} wl_display#1.delete_id(3)
[07:25:45.188307] {Default Queue} wl_registry#2.global(1, "wl_seat", 9)
[07:25:45.188311] {Default Queue} wl_registry#2.global(2, "wl_data_device_manager", 3)
[07:25:45.188315] {Default Queue}  -> wl_registry#2.bind(2, "wl_data_device_manager", 3, new id [unknown]#4)
[07:25:45.188318] {Default Queue} wl_registry#2.global(3, "wl_compositor", 6)
[07:25:45.188321] {Default Queue}  -> wl_registry#2.bind(3, "wl_compositor", 3, new id [unknown]#5)
[07:25:45.188324] {Default Queue} wl_registry#2.global(4, "wl_subcompositor", 1)
[07:25:45.188327] {Default Queue}  -> wl_registry#2.bind(4, "wl_subcompositor", 1, new id [unknown]#6)
[07:25:45.188329] {Default Queue} wl_registry#2.global(5, "wl_shm", 2)
[07:25:45.188332] {Default Queue}  -> wl_registry#2.bind(5, "wl_shm", 1, new id [unknown]#7)
[07:25:45.188335] {Default Queue} wl_registry#2.global(6, "wp_viewporter", 1)
[07:25:45.188338] {Default Queue} wl_registry#2.global(7, "wp_tearing_control_manager_v1", 1)
[07:25:45.188340] {Default Queue} wl_registry#2.global(8, "wp_fractional_scale_manager_v1", 1)
[07:25:45.188344] {Default Queue} wl_registry#2.global(9, "zxdg_output_manager_v1", 3)
[07:25:45.188347] {Default Queue}  -> wl_registry#2.bind(9, "zxdg_output_manager_v1", 3, new id [unknown]#8)
[07:25:45.188350] {Default Queue}  -> wl_display#1.sync(new id wl_callback#9)
[07:25:45.188352] {Default Queue} wl_registry#2.global(10, "wp_cursor_shape_manager_v1", 2)
[07:25:45.188355] {Default Queue}  -> wl_registry#2.bind(10, "wp_cursor_shape_manager_v1", 1, new id [unknown]#10)
[07:25:45.188358] {Default Queue} wl_registry#2.global(11, "zwp_idle_inhibit_manager_v1", 1)
[07:25:45.188360] {Default Queue} wl_registry#2.global(12, "zwp_relative_pointer_manager_v1", 1)
[07:25:45.188363] {Default Queue} wl_registry#2.global(13, "zxdg_decoration_manager_v1", 2)
[07:25:45.188366] {Default Queue} wl_registry#2.global(14, "wp_alpha_modifier_v1", 1)
[07:25:45.188368] {Default Queue} wl_registry#2.global(15, "zwlr_gamma_control_manager_v1", 1)
[07:25:45.188371] {Default Queue} wl_registry#2.global(16, "ext_foreign_toplevel_list_v1", 1)
[07:25:45.188375] {Default Queue} wl_registry#2.global(17, "zwp_pointer_gestures_v1", 3)
[07:25:45.188378] {Default Queue}  -> wl_registry#2.bind(17, "zwp_pointer_gestures_v1", 1, new id [unknown]#11)
[07:25:45.188381] {Default Queue} wl_registry#2.global(18, "zwlr_foreign_toplevel_manager_v1", 3)
[07:25:45.188384] {Default Queue} wl_registry#2.global(19, "zwp_keyboard_shortcuts_inhibit_manager_v1", 1)
[07:25:45.188386] {Default Queue}  -> wl_registry#2.bind(19, "zwp_keyboard_shortcuts_inhibit_manager_v1", 1, new id [unknown]#12)
[07:25:45.188391] {Default Queue} wl_registry#2.global(20, "zwp_text_input_manager_v1", 1)
[07:25:45.188394] {Default Queue} wl_registry#2.global(21, "zwp_text_input_manager_v3", 1)
[07:25:45.188397] {Default Queue} wl_registry#2.global(22, "zwp_pointer_constraints_v1", 1)
[07:25:45.188399] {Default Queue} wl_registry#2.global(23, "zwlr_output_power_manager_v1", 1)
[07:25:45.188402] {Default Queue} wl_registry#2.global(24, "xdg_activation_v1", 1)
[07:25:45.188405] {Default Queue}  -> wl_registry#2.bind(24, "xdg_activation_v1", 1, new id [unknown]#13)
[07:25:45.188408] {Default Queue} wl_registry#2.global(25, "ext_idle_notifier_v1", 2)
[07:25:45.188410] {Default Queue} wl_registry#2.global(26, "hyprland_lock_notifier_v1", 1)
[07:25:45.188413] {Default Queue} wl_registry#2.global(27, "ext_session_lock_manager_v1", 1)
[07:25:45.188415] {Default Queue} wl_registry#2.global(28, "zwp_input_method_manager_v2", 1)
[07:25:45.188418] {Default Queue} wl_registry#2.global(29, "zwp_virtual_keyboard_manager_v1", 1)
[07:25:45.188420] {Default Queue} wl_registry#2.global(30, "zwlr_virtual_pointer_manager_v1", 2)
[07:25:45.188423] {Default Queue} wl_registry#2.global(31, "zwlr_output_manager_v1", 4)
[07:25:45.188427] {Default Queue} wl_registry#2.global(32, "org_kde_kwin_server_decoration_manager", 1)
[07:25:45.188434] {Default Queue}  -> wl_registry#2.bind(32, "org_kde_kwin_server_decoration_manager", 1, new id [unknown]#14)
[07:25:45.188439] {Default Queue} wl_registry#2.global(33, "hyprland_focus_grab_manager_v1", 1)
[07:25:45.188443] {Default Queue} wl_registry#2.global(34, "zwp_tablet_manager_v2", 1)
[07:25:45.188445] {Default Queue}  -> wl_registry#2.bind(34, "zwp_tablet_manager_v2", 1, new id [unknown]#15)
[07:25:45.188448] {Default Queue} wl_registry#2.global(35, "zwlr_layer_shell_v1", 5)
[07:25:45.188451] {Default Queue} wl_registry#2.global(36, "wp_presentation", 2)
[07:25:45.188453] {Default Queue} wl_registry#2.global(37, "xdg_wm_base", 7)
[07:25:45.188456] {Default Queue} wl_registry#2.global(38, "zwlr_data_control_manager_v1", 2)
[07:25:45.188459] {Default Queue} wl_registry#2.global(39, "zwp_primary_selection_device_manager_v1", 1)
[07:25:45.188462] {Default Queue}  -> wl_registry#2.bind(39, "zwp_primary_selection_device_manager_v1", 1, new id [unknown]#16)
[07:25:45.188465] {Default Queue} wl_registry#2.global(40, "xwayland_shell_v1", 1)
[07:25:45.188467] {Default Queue} wl_registry#2.global(41, "hyprland_toplevel_mapping_manager_v1", 1)
[07:25:45.188471] {Default Queue} wl_registry#2.global(42, "hyprland_global_shortcuts_manager_v1", 1)
[07:25:45.188475] {Default Queue} wl_registry#2.global(43, "xdg_wm_dialog_v1", 1)
[07:25:45.188478] {Default Queue} wl_registry#2.global(44, "wp_single_pixel_buffer_manager_v1", 1)
[07:25:45.188480] {Default Queue} wl_registry#2.global(45, "wp_security_context_manager_v1", 1)
[07:25:45.188483] {Default Queue} wl_registry#2.global(46, "hyprland_ctm_control_manager_v1", 2)
[07:25:45.188486] {Default Queue} wl_registry#2.global(47, "hyprland_input_capture_manager_v1", 1)
[07:25:45.188488] {Default Queue} wl_registry#2.global(48, "hyprland_surface_manager_v1", 2)
[07:25:45.188491] {Default Queue} wl_registry#2.global(49, "wp_content_type_manager_v1", 1)
[07:25:45.188494] {Default Queue} wl_registry#2.global(50, "xdg_toplevel_tag_manager_v1", 1)
[07:25:45.188497] {Default Queue} wl_registry#2.global(51, "xdg_system_bell_v1", 1)
[07:25:45.188499] {Default Queue} wl_registry#2.global(52, "vicinae_hotkey_manager_v1", 1)
[07:25:45.188502] {Default Queue} wl_registry#2.global(53, "ext_workspace_manager_v1", 1)
[07:25:45.188505] {Default Queue} wl_registry#2.global(54, "ext_data_control_manager_v1", 1)
[07:25:45.188512] {Default Queue} wl_registry#2.global(55, "wp_pointer_warp_v1", 1)
[07:25:45.188515] {Default Queue} wl_registry#2.global(56, "wp_fifo_manager_v1", 1)
[07:25:45.188517] {Default Queue} wl_registry#2.global(57, "zxdg_exporter_v2", 1)
[07:25:45.188520] {Default Queue}  -> wl_registry#2.bind(57, "zxdg_exporter_v2", 1, new id [unknown]#17)
[07:25:45.188523] {Default Queue} wl_registry#2.global(58, "zxdg_importer_v2", 1)
[07:25:45.188525] {Default Queue}  -> wl_registry#2.bind(58, "zxdg_importer_v2", 1, new id [unknown]#18)
[07:25:45.188528] {Default Queue} wl_registry#2.global(59, "ext_background_effect_manager_v1", 1)
[07:25:45.188530] {Default Queue} wl_registry#2.global(60, "wp_commit_timing_manager_v1", 1)
[07:25:45.188533] {Default Queue} wl_registry#2.global(61, "zwlr_screencopy_manager_v1", 3)
[07:25:45.188537] {Default Queue} wl_registry#2.global(62, "hyprland_toplevel_export_manager_v1", 2)
[07:25:45.188540] {Default Queue} wl_registry#2.global(63, "ext_output_image_capture_source_manager_v1", 1)
[07:25:45.188543] {Default Queue} wl_registry#2.global(64, "ext_foreign_toplevel_image_capture_source_manager_v1", 1)
[07:25:45.188546] {Default Queue} wl_registry#2.global(65, "ext_image_copy_capture_manager_v1", 1)
[07:25:45.188548] {Default Queue} wl_registry#2.global(66, "wp_color_manager_v1", 3)
[07:25:45.188551] {Default Queue} wl_registry#2.global(67, "wl_drm", 2)
[07:25:45.188554] {Default Queue} wl_registry#2.global(68, "zwp_linux_dmabuf_v1", 5)
[07:25:45.188557] {Default Queue} wl_registry#2.global(69, "wl_output", 4)
[07:25:45.188559] {Default Queue}  -> wl_registry#2.bind(69, "wl_output", 2, new id [unknown]#19)
[07:25:45.188587] {Default Queue}  -> zxdg_output_manager_v1#8.get_xdg_output(new id zxdg_output_v1#20, wl_output#19)
[07:25:45.188593] {Default Queue}  -> wl_display#1.sync(new id wl_callback#21)
[07:25:45.188596] {Default Queue} wl_callback#3.done(81)
[07:25:45.188629] {Default Queue}  -> wl_shm#7.create_pool(new id wl_shm_pool#3, fd 10, 2304)
[07:25:45.188701] {Default Queue}  -> wl_shm_pool#3.resize(6912)
[07:25:45.188746] {Default Queue}  -> wl_shm_pool#3.resize(16128)
[07:25:45.188822] {Default Queue}  -> wl_shm_pool#3.resize(34560)
[07:25:45.188960] {Default Queue}  -> wl_shm_pool#3.resize(71424)
[07:25:45.189210] {Default Queue}  -> wl_shm_pool#3.resize(145152)
[07:25:45.190118] {Default Queue}  -> wl_shm_pool#3.resize(292608)
[07:25:45.191144] {Default Queue}  -> wl_shm_pool#3.resize(587520)
[07:25:45.195189] {Default Queue}  -> wl_registry#2.bind(1, "wl_seat", 5, new id [unknown]#22)
[07:25:45.196777] {Default Queue}  -> wl_compositor#5.create_surface(new id wl_surface#23)
[07:25:45.196792] {Default Queue}  -> zwp_primary_selection_device_manager_v1#16.get_device(new id zwp_primary_selection_device_v1#24, wl_seat#22)
[07:25:45.196800] {Default Queue}  -> wl_data_device_manager#4.get_data_device(new id wl_data_device#25, wl_seat#22)
[07:25:45.196843] {Default Queue}  -> wl_compositor#5.create_surface(new id wl_surface#26)
[07:25:45.196847] {Default Queue}  -> zwp_tablet_manager_v2#15.get_tablet_seat(new id zwp_tablet_seat_v2#27, wl_seat#22)
[07:25:45.196852] {Default Queue}  -> wl_display#1.sync(new id wl_callback#28)
[07:25:45.197245] {Display Queue} wl_display#1.delete_id(9)
[07:25:45.197250] {Display Queue} wl_display#1.delete_id(21)
[07:25:45.197253] {Display Queue} wl_display#1.delete_id(28)
[07:25:45.197255] {Default Queue} wl_shm#7.format(0)
[07:25:45.197258] {Default Queue} wl_shm#7.format(1)
[07:25:45.197260] {Default Queue} wl_shm#7.format(875709016)
[07:25:45.197262] {Default Queue} wl_shm#7.format(875708993)
[07:25:45.197265] {Default Queue} wl_shm#7.format(808669784)
[07:25:45.197267] {Default Queue} wl_shm#7.format(808669761)
[07:25:45.197269] {Default Queue} wl_shm#7.format(808665688)
[07:25:45.197272] {Default Queue} wl_shm#7.format(808665665)
[07:25:45.197274] {Default Queue} wl_callback#9.done(81)
[07:25:45.197277] {Default Queue} org_kde_kwin_server_decoration_manager#14.default_mode(2)
[07:25:45.197281] {Default Queue} wl_output#19.scale(1)
[07:25:45.197283] {Default Queue} wl_output#19.mode(1, 800, 600, 60000)
[07:25:45.197287] {Default Queue} wl_output#19.geometry(0, 0, 0, 0, 1, "", "", 0)
[07:25:45.197292] {Default Queue} wl_output#19.done()
[07:25:45.197300] {Default Queue} zxdg_output_v1#20.name("WAYLAND-1")
[07:25:45.197317] {Default Queue} zxdg_output_v1#20.logical_position(0, 0)
[07:25:45.197320] {Default Queue} zxdg_output_v1#20.logical_size(800, 600)
[07:25:45.197322] {Default Queue} wl_output#19.done()
[07:25:45.197326] {Default Queue} wl_callback#21.done(81)
[07:25:45.197328] {Default Queue} wl_seat#22.name("Hyprland")
[07:25:45.197331] {Default Queue} wl_seat#22.capabilities(3)
[07:25:45.197334] {Default Queue}  -> wl_seat#22.get_pointer(new id wl_pointer#21)
[07:25:45.197340] {Default Queue}  -> zwp_pointer_gestures_v1#11.get_swipe_gesture(new id zwp_pointer_gesture_swipe_v1#9, wl_pointer#21)
[07:25:45.197345] {Default Queue}  -> zwp_pointer_gestures_v1#11.get_pinch_gesture(new id zwp_pointer_gesture_pinch_v1#29, wl_pointer#21)
[07:25:45.197349] {Default Queue}  -> wp_cursor_shape_manager_v1#10.get_pointer(new id wp_cursor_shape_device_v1#30, wl_pointer#21)
[07:25:45.197355] {Default Queue}  -> wl_seat#22.get_keyboard(new id wl_keyboard#31)
[07:25:45.197360] {Default Queue} wl_callback#28.done(81)
[07:25:45.197363] {Default Queue}  -> wl_registry#2.bind(37, "xdg_wm_base", 6, new id [unknown]#28)
[07:25:45.213271] {Default Queue}  -> wl_display#1.get_registry(new id wl_registry#32)
[07:25:45.213290] {Default Queue}  -> wl_display#1.sync(new id wl_callback#33)
[07:25:45.213415] {Display Queue} wl_display#1.delete_id(33)
[07:25:45.213421] {Default Queue} wl_keyboard#31.keymap(1, fd 4, 35572)
[07:25:45.214270] {Default Queue} wl_keyboard#31.repeat_info(25, 600)
[07:25:45.214287] {Default Queue} wl_registry#32.global(1, "wl_seat", 9)
[07:25:45.214296] {Default Queue} wl_registry#32.global(2, "wl_data_device_manager", 3)
[07:25:45.214300] {Default Queue} wl_registry#32.global(3, "wl_compositor", 6)
[07:25:45.214303] {Default Queue} wl_registry#32.global(4, "wl_subcompositor", 1)
[07:25:45.214305] {Default Queue} wl_registry#32.global(5, "wl_shm", 2)
[07:25:45.214308] {Default Queue} wl_registry#32.global(6, "wp_viewporter", 1)
[07:25:45.214311] {Default Queue} wl_registry#32.global(7, "wp_tearing_control_manager_v1", 1)
[07:25:45.214314] {Default Queue} wl_registry#32.global(8, "wp_fractional_scale_manager_v1", 1)
[07:25:45.214316] {Default Queue} wl_registry#32.global(9, "zxdg_output_manager_v1", 3)
[07:25:45.214319] {Default Queue} wl_registry#32.global(10, "wp_cursor_shape_manager_v1", 2)
[07:25:45.214322] {Default Queue} wl_registry#32.global(11, "zwp_idle_inhibit_manager_v1", 1)
[07:25:45.214325] {Default Queue} wl_registry#32.global(12, "zwp_relative_pointer_manager_v1", 1)
[07:25:45.214327] {Default Queue} wl_registry#32.global(13, "zxdg_decoration_manager_v1", 2)
[07:25:45.214330] {Default Queue} wl_registry#32.global(14, "wp_alpha_modifier_v1", 1)
[07:25:45.214332] {Default Queue} wl_registry#32.global(15, "zwlr_gamma_control_manager_v1", 1)
[07:25:45.214335] {Default Queue} wl_registry#32.global(16, "ext_foreign_toplevel_list_v1", 1)
[07:25:45.214337] {Default Queue} wl_registry#32.global(17, "zwp_pointer_gestures_v1", 3)
[07:25:45.214340] {Default Queue} wl_registry#32.global(18, "zwlr_foreign_toplevel_manager_v1", 3)
[07:25:45.214342] {Default Queue} wl_registry#32.global(19, "zwp_keyboard_shortcuts_inhibit_manager_v1", 1)
[07:25:45.214345] {Default Queue} wl_registry#32.global(20, "zwp_text_input_manager_v1", 1)
[07:25:45.214347] {Default Queue} wl_registry#32.global(21, "zwp_text_input_manager_v3", 1)
[07:25:45.214350] {Default Queue} wl_registry#32.global(22, "zwp_pointer_constraints_v1", 1)
[07:25:45.214353] {Default Queue} wl_registry#32.global(23, "zwlr_output_power_manager_v1", 1)
[07:25:45.214356] {Default Queue} wl_registry#32.global(24, "xdg_activation_v1", 1)
[07:25:45.214359] {Default Queue} wl_registry#32.global(25, "ext_idle_notifier_v1", 2)
[07:25:45.214361] {Default Queue} wl_registry#32.global(26, "hyprland_lock_notifier_v1", 1)
[07:25:45.214364] {Default Queue} wl_registry#32.global(27, "ext_session_lock_manager_v1", 1)
[07:25:45.214367] {Default Queue} wl_registry#32.global(28, "zwp_input_method_manager_v2", 1)
[07:25:45.214369] {Default Queue} wl_registry#32.global(29, "zwp_virtual_keyboard_manager_v1", 1)
[07:25:45.214372] {Default Queue} wl_registry#32.global(30, "zwlr_virtual_pointer_manager_v1", 2)
[07:25:45.214374] {Default Queue} wl_registry#32.global(31, "zwlr_output_manager_v1", 4)
[07:25:45.214377] {Default Queue} wl_registry#32.global(32, "org_kde_kwin_server_decoration_manager", 1)
[07:25:45.214380] {Default Queue} wl_registry#32.global(33, "hyprland_focus_grab_manager_v1", 1)
[07:25:45.214382] {Default Queue} wl_registry#32.global(34, "zwp_tablet_manager_v2", 1)
[07:25:45.214384] {Default Queue} wl_registry#32.global(35, "zwlr_layer_shell_v1", 5)
[07:25:45.214387] {Default Queue}  -> wl_registry#32.bind(35, "zwlr_layer_shell_v1", 4, new id [unknown]#34)
[07:25:45.214391] {Default Queue} wl_registry#32.global(36, "wp_presentation", 2)
[07:25:45.214394] {Default Queue} wl_registry#32.global(37, "xdg_wm_base", 7)
[07:25:45.214399] {Default Queue}  -> wl_registry#32.bind(37, "xdg_wm_base", 7, new id [unknown]#35)
[07:25:45.214402] {Default Queue} wl_registry#32.global(38, "zwlr_data_control_manager_v1", 2)
[07:25:45.214405] {Default Queue} wl_registry#32.global(39, "zwp_primary_selection_device_manager_v1", 1)
[07:25:45.214407] {Default Queue} wl_registry#32.global(40, "xwayland_shell_v1", 1)
[07:25:45.214410] {Default Queue} wl_registry#32.global(41, "hyprland_toplevel_mapping_manager_v1", 1)
[07:25:45.214412] {Default Queue} wl_registry#32.global(42, "hyprland_global_shortcuts_manager_v1", 1)
[07:25:45.214418] {Default Queue} wl_registry#32.global(43, "xdg_wm_dialog_v1", 1)
[07:25:45.214423] {Default Queue} wl_registry#32.global(44, "wp_single_pixel_buffer_manager_v1", 1)
[07:25:45.214425] {Default Queue} wl_registry#32.global(45, "wp_security_context_manager_v1", 1)
[07:25:45.214428] {Default Queue} wl_registry#32.global(46, "hyprland_ctm_control_manager_v1", 2)
[07:25:45.214430] {Default Queue} wl_registry#32.global(47, "hyprland_input_capture_manager_v1", 1)
[07:25:45.214432] {Default Queue} wl_registry#32.global(48, "hyprland_surface_manager_v1", 2)
[07:25:45.214435] {Default Queue} wl_registry#32.global(49, "wp_content_type_manager_v1", 1)
[07:25:45.214437] {Default Queue} wl_registry#32.global(50, "xdg_toplevel_tag_manager_v1", 1)
[07:25:45.214439] {Default Queue} wl_registry#32.global(51, "xdg_system_bell_v1", 1)
[07:25:45.214442] {Default Queue} wl_registry#32.global(52, "vicinae_hotkey_manager_v1", 1)
[07:25:45.214445] {Default Queue} wl_registry#32.global(53, "ext_workspace_manager_v1", 1)
[07:25:45.214447] {Default Queue} wl_registry#32.global(54, "ext_data_control_manager_v1", 1)
[07:25:45.214450] {Default Queue} wl_registry#32.global(55, "wp_pointer_warp_v1", 1)
[07:25:45.214452] {Default Queue} wl_registry#32.global(56, "wp_fifo_manager_v1", 1)
[07:25:45.214455] {Default Queue} wl_registry#32.global(57, "zxdg_exporter_v2", 1)
[07:25:45.214457] {Default Queue} wl_registry#32.global(58, "zxdg_importer_v2", 1)
[07:25:45.214460] {Default Queue} wl_registry#32.global(59, "ext_background_effect_manager_v1", 1)
[07:25:45.214462] {Default Queue} wl_registry#32.global(60, "wp_commit_timing_manager_v1", 1)
[07:25:45.214465] {Default Queue} wl_registry#32.global(61, "zwlr_screencopy_manager_v1", 3)
[07:25:45.214467] {Default Queue} wl_registry#32.global(62, "hyprland_toplevel_export_manager_v1", 2)
[07:25:45.214470] {Default Queue} wl_registry#32.global(63, "ext_output_image_capture_source_manager_v1", 1)
[07:25:45.214472] {Default Queue} wl_registry#32.global(64, "ext_foreign_toplevel_image_capture_source_manager_v1", 1)
[07:25:45.214475] {Default Queue} wl_registry#32.global(65, "ext_image_copy_capture_manager_v1", 1)
[07:25:45.214477] {Default Queue} wl_registry#32.global(66, "wp_color_manager_v1", 3)
[07:25:45.214480] {Default Queue} wl_registry#32.global(67, "wl_drm", 2)
[07:25:45.214482] {Default Queue} wl_registry#32.global(68, "zwp_linux_dmabuf_v1", 5)
[07:25:45.214485] {Default Queue} wl_registry#32.global(69, "wl_output", 4)
[07:25:45.214487] {Default Queue} wl_callback#33.done(81)
[07:25:45.242209] {Default Queue}  -> wl_compositor#5.create_surface(new id wl_surface#33)
[07:25:45.242543] {mesa egl display queue}  -> wl_display#1.get_registry(new id wl_registry#36)
[07:25:45.242551] {mesa egl display queue}  -> wl_display#1.sync(new id wl_callback#37)
[07:25:45.242672] {Display Queue} wl_display#1.delete_id(37)
[07:25:45.242687] {mesa egl display queue} wl_registry#36.global(1, "wl_seat", 9)
[07:25:45.242692] {mesa egl display queue} wl_registry#36.global(2, "wl_data_device_manager", 3)
[07:25:45.242694] {mesa egl display queue} wl_registry#36.global(3, "wl_compositor", 6)
[07:25:45.242697] {mesa egl display queue} wl_registry#36.global(4, "wl_subcompositor", 1)
[07:25:45.242700] {mesa egl display queue} wl_registry#36.global(5, "wl_shm", 2)
[07:25:45.242702] {mesa egl display queue} wl_registry#36.global(6, "wp_viewporter", 1)
[07:25:45.242705] {mesa egl display queue} wl_registry#36.global(7, "wp_tearing_control_manager_v1", 1)
[07:25:45.242707] {mesa egl display queue} wl_registry#36.global(8, "wp_fractional_scale_manager_v1", 1)
[07:25:45.242709] {mesa egl display queue} wl_registry#36.global(9, "zxdg_output_manager_v1", 3)
[07:25:45.242712] {mesa egl display queue} wl_registry#36.global(10, "wp_cursor_shape_manager_v1", 2)
[07:25:45.242715] {mesa egl display queue} wl_registry#36.global(11, "zwp_idle_inhibit_manager_v1", 1)
[07:25:45.242717] {mesa egl display queue} wl_registry#36.global(12, "zwp_relative_pointer_manager_v1", 1)
[07:25:45.242720] {mesa egl display queue} wl_registry#36.global(13, "zxdg_decoration_manager_v1", 2)
[07:25:45.242729] {mesa egl display queue} wl_registry#36.global(14, "wp_alpha_modifier_v1", 1)
[07:25:45.242739] {mesa egl display queue} wl_registry#36.global(15, "zwlr_gamma_control_manager_v1", 1)
[07:25:45.242741] {mesa egl display queue} wl_registry#36.global(16, "ext_foreign_toplevel_list_v1", 1)
[07:25:45.242744] {mesa egl display queue} wl_registry#36.global(17, "zwp_pointer_gestures_v1", 3)
[07:25:45.242746] {mesa egl display queue} wl_registry#36.global(18, "zwlr_foreign_toplevel_manager_v1", 3)
[07:25:45.242748] {mesa egl display queue} wl_registry#36.global(19, "zwp_keyboard_shortcuts_inhibit_manager_v1", 1)
[07:25:45.242750] {mesa egl display queue} wl_registry#36.global(20, "zwp_text_input_manager_v1", 1)
[07:25:45.242752] {mesa egl display queue} wl_registry#36.global(21, "zwp_text_input_manager_v3", 1)
[07:25:45.242754] {mesa egl display queue} wl_registry#36.global(22, "zwp_pointer_constraints_v1", 1)
[07:25:45.242756] {mesa egl display queue} wl_registry#36.global(23, "zwlr_output_power_manager_v1", 1)
[07:25:45.242758] {mesa egl display queue} wl_registry#36.global(24, "xdg_activation_v1", 1)
[07:25:45.242760] {mesa egl display queue} wl_registry#36.global(25, "ext_idle_notifier_v1", 2)
[07:25:45.242762] {mesa egl display queue} wl_registry#36.global(26, "hyprland_lock_notifier_v1", 1)
[07:25:45.242764] {mesa egl display queue} wl_registry#36.global(27, "ext_session_lock_manager_v1", 1)
[07:25:45.242766] {mesa egl display queue} wl_registry#36.global(28, "zwp_input_method_manager_v2", 1)
[07:25:45.242768] {mesa egl display queue} wl_registry#36.global(29, "zwp_virtual_keyboard_manager_v1", 1)
[07:25:45.242770] {mesa egl display queue} wl_registry#36.global(30, "zwlr_virtual_pointer_manager_v1", 2)
[07:25:45.242772] {mesa egl display queue} wl_registry#36.global(31, "zwlr_output_manager_v1", 4)
[07:25:45.242774] {mesa egl display queue} wl_registry#36.global(32, "org_kde_kwin_server_decoration_manager", 1)
[07:25:45.242777] {mesa egl display queue} wl_registry#36.global(33, "hyprland_focus_grab_manager_v1", 1)
[07:25:45.242779] {mesa egl display queue} wl_registry#36.global(34, "zwp_tablet_manager_v2", 1)
[07:25:45.242781] {mesa egl display queue} wl_registry#36.global(35, "zwlr_layer_shell_v1", 5)
[07:25:45.242783] {mesa egl display queue} wl_registry#36.global(36, "wp_presentation", 2)
[07:25:45.242785] {mesa egl display queue}  -> wl_registry#36.bind(36, "wp_presentation", 1, new id [unknown]#38)
[07:25:45.242789] {mesa egl display queue} wl_registry#36.global(37, "xdg_wm_base", 7)
[07:25:45.242791] {mesa egl display queue} wl_registry#36.global(38, "zwlr_data_control_manager_v1", 2)
[07:25:45.242793] {mesa egl display queue} wl_registry#36.global(39, "zwp_primary_selection_device_manager_v1", 1)
[07:25:45.242795] {mesa egl display queue} wl_registry#36.global(40, "xwayland_shell_v1", 1)
[07:25:45.242797] {mesa egl display queue} wl_registry#36.global(41, "hyprland_toplevel_mapping_manager_v1", 1)
[07:25:45.242799] {mesa egl display queue} wl_registry#36.global(42, "hyprland_global_shortcuts_manager_v1", 1)
[07:25:45.242801] {mesa egl display queue} wl_registry#36.global(43, "xdg_wm_dialog_v1", 1)
[07:25:45.242803] {mesa egl display queue} wl_registry#36.global(44, "wp_single_pixel_buffer_manager_v1", 1)
[07:25:45.242805] {mesa egl display queue} wl_registry#36.global(45, "wp_security_context_manager_v1", 1)
[07:25:45.242807] {mesa egl display queue} wl_registry#36.global(46, "hyprland_ctm_control_manager_v1", 2)
[07:25:45.242809] {mesa egl display queue} wl_registry#36.global(47, "hyprland_input_capture_manager_v1", 1)
[07:25:45.242811] {mesa egl display queue} wl_registry#36.global(48, "hyprland_surface_manager_v1", 2)
[07:25:45.242813] {mesa egl display queue} wl_registry#36.global(49, "wp_content_type_manager_v1", 1)
[07:25:45.242815] {mesa egl display queue} wl_registry#36.global(50, "xdg_toplevel_tag_manager_v1", 1)
[07:25:45.242817] {mesa egl display queue} wl_registry#36.global(51, "xdg_system_bell_v1", 1)
[07:25:45.242821] {mesa egl display queue} wl_registry#36.global(52, "vicinae_hotkey_manager_v1", 1)
[07:25:45.242824] {mesa egl display queue} wl_registry#36.global(53, "ext_workspace_manager_v1", 1)
[07:25:45.242826] {mesa egl display queue} wl_registry#36.global(54, "ext_data_control_manager_v1", 1)
[07:25:45.242828] {mesa egl display queue} wl_registry#36.global(55, "wp_pointer_warp_v1", 1)
[07:25:45.242830] {mesa egl display queue} wl_registry#36.global(56, "wp_fifo_manager_v1", 1)
[07:25:45.242832] {mesa egl display queue} wl_registry#36.global(57, "zxdg_exporter_v2", 1)
[07:25:45.242834] {mesa egl display queue} wl_registry#36.global(58, "zxdg_importer_v2", 1)
[07:25:45.242836] {mesa egl display queue} wl_registry#36.global(59, "ext_background_effect_manager_v1", 1)
[07:25:45.242838] {mesa egl display queue} wl_registry#36.global(60, "wp_commit_timing_manager_v1", 1)
[07:25:45.242840] {mesa egl display queue} wl_registry#36.global(61, "zwlr_screencopy_manager_v1", 3)
[07:25:45.242842] {mesa egl display queue} wl_registry#36.global(62, "hyprland_toplevel_export_manager_v1", 2)
[07:25:45.242844] {mesa egl display queue} wl_registry#36.global(63, "ext_output_image_capture_source_manager_v1", 1)
[07:25:45.242846] {mesa egl display queue} wl_registry#36.global(64, "ext_foreign_toplevel_image_capture_source_manager_v1", 1)
[07:25:45.242848] {mesa egl display queue} wl_registry#36.global(65, "ext_image_copy_capture_manager_v1", 1)
[07:25:45.242850] {mesa egl display queue} wl_registry#36.global(66, "wp_color_manager_v1", 3)
[07:25:45.242852] {mesa egl display queue} wl_registry#36.global(67, "wl_drm", 2)
[07:25:45.242854] {mesa egl display queue} wl_registry#36.global(68, "zwp_linux_dmabuf_v1", 5)
[07:25:45.242856] {mesa egl display queue}  -> wl_registry#36.bind(68, "zwp_linux_dmabuf_v1", 4, new id [unknown]#39)
[07:25:45.242859] {mesa egl display queue} wl_registry#36.global(69, "wl_output", 4)
[07:25:45.242861] {mesa egl display queue} wl_callback#37.done(81)
[07:25:45.242864] {mesa egl display queue}  -> zwp_linux_dmabuf_v1#39.get_default_feedback(new id zwp_linux_dmabuf_feedback_v1#37)
[07:25:45.242868] {mesa egl display queue}  -> wl_display#1.sync(new id wl_callback#40)
[07:25:45.243173] {Display Queue} wl_display#1.delete_id(40)
[07:25:45.243190] {mesa egl display queue} wp_presentation#38.clock_id(1)
[07:25:45.243194] {mesa egl display queue} zwp_linux_dmabuf_feedback_v1#37.format_table(fd 13, 2960)
[07:25:45.243213] {mesa egl display queue} zwp_linux_dmabuf_feedback_v1#37.main_device(array[8])
[07:25:45.243521] {mesa egl display queue} zwp_linux_dmabuf_feedback_v1#37.tranche_target_device(array[8])
[07:25:45.243525] {mesa egl display queue} zwp_linux_dmabuf_feedback_v1#37.tranche_flags(0)
[07:25:45.243528] {mesa egl display queue} zwp_linux_dmabuf_feedback_v1#37.tranche_formats(array[370])
[07:25:45.243537] {mesa egl display queue} zwp_linux_dmabuf_feedback_v1#37.tranche_done()
[07:25:45.243540] {mesa egl display queue} zwp_linux_dmabuf_feedback_v1#37.done()
[07:25:45.243543] {mesa egl display queue} wl_callback#40.done(81)
[07:25:45.243546] {mesa egl display queue}  -> zwp_linux_dmabuf_feedback_v1#37.destroy()
[07:25:45.256810] {Default Queue}  -> wl_surface#33.destroy()
[07:25:45.256905] {Default Queue}  -> wl_compositor#5.create_surface(new id wl_surface#40)
[07:25:45.260413] {Default Queue}  -> wl_surface#40.destroy()
view-process-policy: related=1 distinct-manager=1
view-process-policy: related=1 distinct-manager=1
[07:25:45.273216] {Default Queue}  -> wl_compositor#5.create_surface(new id wl_surface#41)
[07:25:45.273705] {Default Queue}  -> wl_display#1.get_registry(new id wl_registry#42)
[07:25:45.273765] {Default Queue}  -> wl_surface#41.attach(nil, 0, 0)
[07:25:45.273772] {Default Queue}  -> zwlr_layer_shell_v1#34.get_layer_surface(new id zwlr_layer_surface_v1#43, wl_surface#41, wl_output#19, 2, "elm-shell-recovery-v17")
[07:25:45.273779] {Default Queue}  -> zwlr_layer_surface_v1#43.set_keyboard_interactivity(0)
[07:25:45.273782] {Default Queue}  -> zwlr_layer_surface_v1#43.set_exclusive_zone(48)
[07:25:45.273791] {Default Queue}  -> zwlr_layer_surface_v1#43.set_anchor(13)
[07:25:45.273803] {Default Queue}  -> zwlr_layer_surface_v1#43.set_margin(0, 0, 0, 0)
[07:25:45.273807] {Default Queue}  -> zwlr_layer_surface_v1#43.set_size(0, 48)
[07:25:45.273810] {Default Queue}  -> wl_surface#41.commit()
[07:25:45.273814] {Default Queue}  -> wl_display#1.sync(new id wl_callback#44)
[07:25:45.274011] {Display Queue} wl_display#1.delete_id(37)
[07:25:45.274016] {Display Queue} wl_display#1.delete_id(33)
[07:25:45.274020] {Display Queue} wl_display#1.delete_id(40)
[07:25:45.274022] {Display Queue} wl_display#1.delete_id(44)
[07:25:45.274024] {Default Queue} wl_registry#42.global(1, "wl_seat", 9)
[07:25:45.274027] {Default Queue} wl_registry#42.global(2, "wl_data_device_manager", 3)
[07:25:45.274030] {Default Queue} wl_registry#42.global(3, "wl_compositor", 6)
[07:25:45.274032] {Default Queue} wl_registry#42.global(4, "wl_subcompositor", 1)
[07:25:45.274035] {Default Queue} wl_registry#42.global(5, "wl_shm", 2)
[07:25:45.274037] {Default Queue} wl_registry#42.global(6, "wp_viewporter", 1)
[07:25:45.274040] {Default Queue} wl_registry#42.global(7, "wp_tearing_control_manager_v1", 1)
[07:25:45.274042] {Default Queue} wl_registry#42.global(8, "wp_fractional_scale_manager_v1", 1)
[07:25:45.274044] {Default Queue} wl_registry#42.global(9, "zxdg_output_manager_v1", 3)
[07:25:45.274047] {Default Queue} wl_registry#42.global(10, "wp_cursor_shape_manager_v1", 2)
[07:25:45.274049] {Default Queue} wl_registry#42.global(11, "zwp_idle_inhibit_manager_v1", 1)
[07:25:45.274052] {Default Queue} wl_registry#42.global(12, "zwp_relative_pointer_manager_v1", 1)
[07:25:45.274054] {Default Queue} wl_registry#42.global(13, "zxdg_decoration_manager_v1", 2)
[07:25:45.274056] {Default Queue} wl_registry#42.global(14, "wp_alpha_modifier_v1", 1)
[07:25:45.274059] {Default Queue} wl_registry#42.global(15, "zwlr_gamma_control_manager_v1", 1)
[07:25:45.274061] {Default Queue} wl_registry#42.global(16, "ext_foreign_toplevel_list_v1", 1)
[07:25:45.274064] {Default Queue} wl_registry#42.global(17, "zwp_pointer_gestures_v1", 3)
[07:25:45.274066] {Default Queue} wl_registry#42.global(18, "zwlr_foreign_toplevel_manager_v1", 3)
[07:25:45.274068] {Default Queue} wl_registry#42.global(19, "zwp_keyboard_shortcuts_inhibit_manager_v1", 1)
[07:25:45.274071] {Default Queue} wl_registry#42.global(20, "zwp_text_input_manager_v1", 1)
[07:25:45.274073] {Default Queue} wl_registry#42.global(21, "zwp_text_input_manager_v3", 1)
[07:25:45.274076] {Default Queue}  -> wl_registry#42.bind(21, "zwp_text_input_manager_v3", 1, new id [unknown]#40)
[07:25:45.274080] {Default Queue}  -> zwp_text_input_manager_v3#40.get_text_input(new id zwp_text_input_v3#33, wl_seat#22)
[07:25:45.274083] {Default Queue} wl_registry#42.global(22, "zwp_pointer_constraints_v1", 1)
[07:25:45.274086] {Default Queue} wl_registry#42.global(23, "zwlr_output_power_manager_v1", 1)
[07:25:45.274088] {Default Queue} wl_registry#42.global(24, "xdg_activation_v1", 1)
[07:25:45.274091] {Default Queue} wl_registry#42.global(25, "ext_idle_notifier_v1", 2)
[07:25:45.274093] {Default Queue} wl_registry#42.global(26, "hyprland_lock_notifier_v1", 1)
[07:25:45.274096] {Default Queue} wl_registry#42.global(27, "ext_session_lock_manager_v1", 1)
[07:25:45.274098] {Default Queue} wl_registry#42.global(28, "zwp_input_method_manager_v2", 1)
[07:25:45.274101] {Default Queue} wl_registry#42.global(29, "zwp_virtual_keyboard_manager_v1", 1)
[07:25:45.274103] {Default Queue} wl_registry#42.global(30, "zwlr_virtual_pointer_manager_v1", 2)
[07:25:45.274106] {Default Queue} wl_registry#42.global(31, "zwlr_output_manager_v1", 4)
[07:25:45.274108] {Default Queue} wl_registry#42.global(32, "org_kde_kwin_server_decoration_manager", 1)
[07:25:45.274111] {Default Queue} wl_registry#42.global(33, "hyprland_focus_grab_manager_v1", 1)
[07:25:45.274115] {Default Queue} wl_registry#42.global(34, "zwp_tablet_manager_v2", 1)
[07:25:45.274117] {Default Queue} wl_registry#42.global(35, "zwlr_layer_shell_v1", 5)
[07:25:45.274120] {Default Queue} wl_registry#42.global(36, "wp_presentation", 2)
[07:25:45.274125] {Default Queue} wl_registry#42.global(37, "xdg_wm_base", 7)
[07:25:45.274131] {Default Queue} wl_registry#42.global(38, "zwlr_data_control_manager_v1", 2)
[07:25:45.274133] {Default Queue} wl_registry#42.global(39, "zwp_primary_selection_device_manager_v1", 1)
[07:25:45.274136] {Default Queue} wl_registry#42.global(40, "xwayland_shell_v1", 1)
[07:25:45.274139] {Default Queue} wl_registry#42.global(41, "hyprland_toplevel_mapping_manager_v1", 1)
[07:25:45.274142] {Default Queue} wl_registry#42.global(42, "hyprland_global_shortcuts_manager_v1", 1)
[07:25:45.274145] {Default Queue} wl_registry#42.global(43, "xdg_wm_dialog_v1", 1)
[07:25:45.274147] {Default Queue} wl_registry#42.global(44, "wp_single_pixel_buffer_manager_v1", 1)
[07:25:45.274150] {Default Queue} wl_registry#42.global(45, "wp_security_context_manager_v1", 1)
[07:25:45.274152] {Default Queue} wl_registry#42.global(46, "hyprland_ctm_control_manager_v1", 2)
[07:25:45.274155] {Default Queue} wl_registry#42.global(47, "hyprland_input_capture_manager_v1", 1)
[07:25:45.274157] {Default Queue} wl_registry#42.global(48, "hyprland_surface_manager_v1", 2)
[07:25:45.274160] {Default Queue} wl_registry#42.global(49, "wp_content_type_manager_v1", 1)
[07:25:45.274163] {Default Queue} wl_registry#42.global(50, "xdg_toplevel_tag_manager_v1", 1)
[07:25:45.274166] {Default Queue} wl_registry#42.global(51, "xdg_system_bell_v1", 1)
[07:25:45.274169] {Default Queue} wl_registry#42.global(52, "vicinae_hotkey_manager_v1", 1)
[07:25:45.274171] {Default Queue} wl_registry#42.global(53, "ext_workspace_manager_v1", 1)
[07:25:45.274174] {Default Queue} wl_registry#42.global(54, "ext_data_control_manager_v1", 1)
[07:25:45.274176] {Default Queue} wl_registry#42.global(55, "wp_pointer_warp_v1", 1)
[07:25:45.274179] {Default Queue} wl_registry#42.global(56, "wp_fifo_manager_v1", 1)
[07:25:45.274181] {Default Queue} wl_registry#42.global(57, "zxdg_exporter_v2", 1)
[07:25:45.274184] {Default Queue} wl_registry#42.global(58, "zxdg_importer_v2", 1)
[07:25:45.274187] {Default Queue} wl_registry#42.global(59, "ext_background_effect_manager_v1", 1)
[07:25:45.274189] {Default Queue} wl_registry#42.global(60, "wp_commit_timing_manager_v1", 1)
[07:25:45.274192] {Default Queue} wl_registry#42.global(61, "zwlr_screencopy_manager_v1", 3)
[07:25:45.274194] {Default Queue} wl_registry#42.global(62, "hyprland_toplevel_export_manager_v1", 2)
[07:25:45.274196] {Default Queue} wl_registry#42.global(63, "ext_output_image_capture_source_manager_v1", 1)
[07:25:45.274199] {Default Queue} wl_registry#42.global(64, "ext_foreign_toplevel_image_capture_source_manager_v1", 1)
[07:25:45.274201] {Default Queue} wl_registry#42.global(65, "ext_image_copy_capture_manager_v1", 1)
[07:25:45.274203] {Default Queue} wl_registry#42.global(66, "wp_color_manager_v1", 3)
[07:25:45.274206] {Default Queue} wl_registry#42.global(67, "wl_drm", 2)
[07:25:45.274208] {Default Queue} wl_registry#42.global(68, "zwp_linux_dmabuf_v1", 5)
[07:25:45.274211] {Default Queue} wl_registry#42.global(69, "wl_output", 4)
[07:25:45.274213] {Default Queue} zwlr_layer_surface_v1#43.configure(82, 800, 48)
[07:25:45.274216] {Default Queue}  -> zwlr_layer_surface_v1#43.ack_configure(82)
[07:25:45.274219] {Default Queue} wl_callback#44.done(84)
[07:25:45.274262] {Default Queue}  -> wl_surface#41.commit()
view-added: id=1 geometry=0,0,800,600
shared-host-start: views=1 controllers=1 backend-clients=1 sandbox=1
[07:25:45.274617] {Default Queue} zwlr_layer_surface_v1#43.configure(85, 800, 48)
[07:25:45.274625] {Default Queue}  -> zwlr_layer_surface_v1#43.ack_configure(85)
[07:25:45.278835] {Default Queue}  -> wl_surface#41.set_buffer_scale(1)
[07:25:45.278922] {Default Queue}  -> wl_shm#7.create_pool(new id wl_shm_pool#44, fd 25, 153600)
[07:25:45.278933] {Default Queue}  -> wl_shm_pool#44.create_buffer(new id wl_buffer#37, 0, 800, 48, 3200, 0)
[07:25:45.279048] {Default Queue}  -> wl_surface#41.attach(wl_buffer#37, 0, 0)
[07:25:45.279054] {Default Queue}  -> wl_surface#41.set_buffer_scale(1)
[07:25:45.279057] {Default Queue}  -> wl_surface#41.damage(0, 0, 800, 48)
[07:25:45.279065] {Default Queue}  -> wl_compositor#5.create_region(new id wl_region#45)
[07:25:45.279074] {Default Queue}  -> wl_region#45.add(0, 0, 800, 48)
[07:25:45.279077] {Default Queue}  -> wl_surface#41.set_opaque_region(wl_region#45)
[07:25:45.279080] {Default Queue}  -> wl_region#45.destroy()
[07:25:45.279083] {Default Queue}  -> wl_surface#41.set_input_region(nil)
[07:25:45.279089] {Default Queue}  -> wl_surface#41.frame(new id wl_callback#46)
[07:25:45.279092] {Default Queue}  -> wl_surface#41.commit()
[07:25:45.279377] {Display Queue} wl_display#1.delete_id(45)
[07:25:45.279383] {Display Queue} wl_display#1.delete_id(46)
[07:25:45.279386] {Default Queue} wl_callback#46.done(66849921)
[07:25:45.279389] {Default Queue} wl_surface#41.enter(wl_output#19)
[07:25:45.279394] {Default Queue} wl_buffer#37.release()
[07:25:45.383581] {Default Queue}  -> wl_surface#41.set_buffer_scale(1)
[07:25:45.383607] {mesa egl surface queue}  -> zwp_linux_dmabuf_v1#39.get_surface_feedback(new id zwp_linux_dmabuf_feedback_v1#46, wl_surface#41)
[07:25:45.383617] {mesa egl display queue}  -> wl_display#1.sync(new id wl_callback#45)
[07:25:45.383652] {Display Queue} wl_display#1.delete_id(45)
[07:25:45.383657] {mesa egl display queue} wl_callback#45.done(85)
[07:25:45.383668] {mesa egl surface queue} zwp_linux_dmabuf_feedback_v1#46.format_table(fd 33, 2960)
[07:25:45.383679] {mesa egl surface queue} zwp_linux_dmabuf_feedback_v1#46.main_device(array[8])
[07:25:45.383683] {mesa egl surface queue} zwp_linux_dmabuf_feedback_v1#46.tranche_target_device(array[8])
[07:25:45.383686] {mesa egl surface queue} zwp_linux_dmabuf_feedback_v1#46.tranche_flags(0)
[07:25:45.383688] {mesa egl surface queue} zwp_linux_dmabuf_feedback_v1#46.tranche_formats(array[370])
[07:25:45.383693] {mesa egl surface queue} zwp_linux_dmabuf_feedback_v1#46.tranche_done()
[07:25:45.383698] {mesa egl surface queue} zwp_linux_dmabuf_feedback_v1#46.done()
[07:25:45.386244] {Default Queue}  -> wl_surface#41.attach(wl_buffer#37, 0, 0)
[07:25:45.386259] {Default Queue}  -> wl_surface#41.set_buffer_scale(1)
[07:25:45.386265] {Default Queue}  -> wl_surface#41.damage(0, 0, 800, 48)
[07:25:45.386280] {Default Queue}  -> wl_surface#41.frame(new id wl_callback#45)
[07:25:45.386285] {Default Queue}  -> wl_surface#41.commit()
[07:25:45.387417] {Default Queue} wl_buffer#37.release()
view-topology: {"viewProtocol":1,"kind":"view-topology","revision":"1","views":[{"id":"1","generation":"1"}]}
[07:25:45.397030] {Display Queue} wl_display#1.delete_id(45)
[07:25:45.397044] {Default Queue} wl_callback#45.done(66850039)

** (process:2): WARNING **: 01:25:45.398: Failed to get atspi registered event listeners: GDBus.Error:org.freedesktop.DBus.Error.NameHasNoOwner: Could not activate remote peer 'org.a11y.atspi.Registry': unit failed

surface-report: origin=bar {"kind":"surface-report","body":{"publication":null,"lease":null,"buttons":[],"focus":"","text":""}}
view-report: id=1 x=0 y=0 {"kind":"surface-report","body":{"publication":null,"lease":null,"buttons":[],"focus":"","text":""}}
view-refused: commit-preflight
surface-inspection: {"surfaceProtocol":2,"kind":"surface-inspection","publication":"0","lease":"0","body":{"phase":"Detached","transaction":"Idle","groups":[],"picker":null,"openerId":"applications:detached:0:control:opener","reconnectId":"reconnect"}}
[07:25:45.405734] {Default Queue}  -> wl_buffer#37.destroy()
[07:25:45.405747] {Default Queue}  -> wl_shm_pool#44.destroy()
[07:25:45.410010] {mesa egl display queue}  -> zwp_linux_dmabuf_v1#39.create_params(new id zwp_linux_buffer_params_v1#45)
[07:25:45.410039] {mesa egl surface queue}  -> zwp_linux_buffer_params_v1#45.add(fd 30, 0, 0, 3584, 16777216, 15)
[07:25:45.410049] {mesa egl surface queue}  -> zwp_linux_buffer_params_v1#45.add(fd 32, 1, 229376, 448, 16777216, 15)
[07:25:45.410054] {mesa egl surface queue}  -> zwp_linux_buffer_params_v1#45.add(fd 41, 2, 233472, 64, 16777216, 15)
[07:25:45.410059] {mesa egl surface queue}  -> zwp_linux_buffer_params_v1#45.create_immed(new id wl_buffer#47, 800, 48, 875713089, 0)
[07:25:45.410080] {mesa egl surface queue}  -> zwp_linux_buffer_params_v1#45.destroy()
[07:25:45.410084] {mesa egl surface queue}  -> wl_surface#41.attach(wl_buffer#47, 0, 0)
[07:25:45.410087] {mesa egl surface queue}  -> wl_surface#41.damage(0, 0, 2147483647, 2147483647)
[07:25:45.410091] {mesa egl surface queue}  -> wl_surface#41.commit()
[07:25:45.410094] {mesa egl surface queue}  -> wl_display#1.sync(new id wl_callback#48)
[07:25:45.410300] discarded [unknown]#37.[event 0](0 fd, 8 byte)
[07:25:45.410309] {Display Queue} wl_display#1.delete_id(37)
[07:25:45.410314] {Display Queue} wl_display#1.delete_id(44)
[07:25:45.410316] {Display Queue} wl_display#1.delete_id(45)
[07:25:45.410319] {Display Queue} wl_display#1.delete_id(48)
backend-frame: {"protocolVersion":3,"kind":"attached","binding":{"lifetime":"5315154051043350650","session":"12208801449154441047","frontend":"1"},"compositor":{"pid":415875,"instance":"efb50993780079460b0cbed1363e2166a2de1d9f_1791098737_965058860","coreHash":"efb50993780079460b0cbed1363e2166a2de1d9f_aq_0.15_hu_0.14_hg_0.5_hc_0.1_hlg_0.6"},"capabilities":{"observe":true,"effects":true,"minimizedState":true,"effectProtocol":1,"operations":["minimize","restore","activate"],"canonicalScene":false,"taskbarProjectionProtocol":1,"effectInvalidationProtocol":1}}
backend-frame: {"protocolVersion":3,"kind":"host-uncertain","binding":{"lifetime":"5315154051043350650","session":"12208801449154441047","frontend":"1"},"intent":{"request":"2","generation":"2","incarnation":"1","operation":"activate","context":{"lifetime":"5315154051043350650","epoch":"1","output":"1","revision":"4"}}}
frontend-request: {"protocolVersion":3,"kind":"projection-request","binding":{"lifetime":"5315154051043350650","session":"12208801449154441047","frontend":"1"},"requestId":"1"}
surface-commit: publication=1 lease=0 open=0
view-commit: popup=0 focus=1 publication=1
surface-inspection: {"surfaceProtocol":2,"kind":"surface-inspection","publication":"1","lease":"0","body":{"phase":"Awaiting","transaction":"Idle","groups":[],"picker":null,"openerId":"applications:{\"lifetime\":\"5315154051043350650\",\"session\":\"12208801449154441047\",\"frontend\":\"1\"}:1:control:opener","reconnectId":"reconnect"}}
backend-frame: {"protocolVersion":3,"kind":"action-projection","binding":{"lifetime":"5315154051043350650","session":"12208801449154441047","frontend":"1"},"requestId":"1","context":{"lifetime":"5315154051043350650","epoch":"1","output":"1","revision":"4"},"scene":{"revision":"4","focused":"1","windows":[{"incarnation":"1","application":"GTK Application","label":"ELM-ACTIVATION-PEER","minimized":false,"owner":null,"available":true},{"incarnation":"2","application":"GTK Application","label":"ELM-AUTHORITY-FIXTURE","minimized":false,"owner":null,"available":true}]}}
surface-commit: publication=2 lease=0 open=0
view-commit: popup=0 focus=1 publication=2
surface-inspection: {"surfaceProtocol":2,"kind":"surface-inspection","publication":"2","lease":"0","body":{"phase":"Awaiting","transaction":"Unknown","groups":[],"picker":null,"openerId":"applications:{\"lifetime\":\"5315154051043350650\",\"session\":\"12208801449154441047\",\"frontend\":\"1\"}:1:control:opener","reconnectId":"reconnect"}}
surface-commit: publication=3 lease=0 open=0
view-commit: popup=0 focus=1 publication=3
surface-inspection: {"surfaceProtocol":2,"kind":"surface-inspection","publication":"3","lease":"0","body":{"phase":"Coherent","transaction":"Unknown","groups":[{"key":"application:GTK Application","domId":"group:{\"lifetime\":\"5315154051043350650\",\"session\":\"12208801449154441047\",\"frontend\":\"1\"}:1:4:application:GTK Application","title":"ELM-ACTIVATION-PEER","active":true,"expanded":false}],"picker":null,"openerId":"applications:{\"lifetime\":\"5315154051043350650\",\"session\":\"12208801449154441047\",\"frontend\":\"1\"}:1:control:opener","reconnectId":"reconnect"}}
[07:25:45.482729] {mesa egl surface queue} wl_callback#48.done(85)
[07:25:45.483074] {mesa egl display queue}  -> zwp_linux_dmabuf_v1#39.create_params(new id zwp_linux_buffer_params_v1#48)
[07:25:45.483092] {mesa egl surface queue}  -> zwp_linux_buffer_params_v1#48.add(fd 30, 0, 0, 3584, 16777216, 15)
[07:25:45.483106] {mesa egl surface queue}  -> zwp_linux_buffer_params_v1#48.add(fd 32, 1, 229376, 448, 16777216, 15)
[07:25:45.483111] {mesa egl surface queue}  -> zwp_linux_buffer_params_v1#48.add(fd 41, 2, 233472, 64, 16777216, 15)
[07:25:45.483115] {mesa egl surface queue}  -> zwp_linux_buffer_params_v1#48.create_immed(new id wl_buffer#45, 800, 48, 875713089, 0)
[07:25:45.483120] {mesa egl surface queue}  -> zwp_linux_buffer_params_v1#48.destroy()
[07:25:45.483123] {mesa egl surface queue}  -> wl_surface#41.attach(wl_buffer#45, 0, 0)
[07:25:45.483126] {mesa egl surface queue}  -> wl_surface#41.damage(0, 0, 2147483647, 2147483647)
[07:25:45.483128] {mesa egl surface queue}  -> wl_surface#41.commit()
[07:25:45.483131] {mesa egl surface queue}  -> wl_display#1.sync(new id wl_callback#44)
[07:25:45.483717] {Display Queue} wl_display#1.delete_id(48)
[07:25:45.483734] {Display Queue} wl_display#1.delete_id(44)
surface-report: origin=bar {"kind":"surface-report","body":{"publication":"3","lease":"0","buttons":[{"id":"applications:{\"lifetime\":\"5315154051043350650\",\"session\":\"12208801449154441047\",\"frontend\":\"1\"}:1:control:opener","label":"Applications","accessibleName":"Open applications","disabled":false,"x":3,"y":3,"width":112.28125,"height":36},{"id":"group:{\"lifetime\":\"5315154051043350650\",\"session\":\"12208801449154441047\",\"frontend\":\"1\"}:1:4:application:GTK Application","label":"ELM-ACTIVATION-PEER2","accessibleName":"Choose a window from ELM-ACTIVATION-PEER","disabled":false,"x":121.28125,"y":3,"width":215.65625,"height":36}],"focus":"","text":"ApplicationsELM-ACTIVATION-PEER2Connected The last request could not be confirmed."}}
view-report: id=1 x=0 y=0 {"kind":"surface-report","body":{"publication":"3","lease":"0","buttons":[{"id":"applications:{\"lifetime\":\"5315154051043350650\",\"session\":\"12208801449154441047\",\"frontend\":\"1\"}:1:control:opener","label":"Applications","accessibleName":"Open applications","disabled":false,"x":3,"y":3,"width":112.28125,"height":36},{"id":"group:{\"lifetime\":\"5315154051043350650\",\"session\":\"12208801449154441047\",\"frontend\":\"1\"}:1:4:application:GTK Application","label":"ELM-ACTIVATION-PEER2","accessibleName":"Choose a window from ELM-ACTIVATION-PEER","disabled":false,"x":121.28125,"y":3,"width":215.65625,"height":36}],"focus":"","text":"ApplicationsELM-ACTIVATION-PEER2Connected The last request could not be confirmed."}}
[07:25:46.085781] {Default Queue} wl_pointer#21.enter(86, wl_surface#41, 229.00000000, 21.00000000)
[07:25:46.085806] {Default Queue} wl_pointer#21.frame()
[07:25:46.085866] {Default Queue}  -> wp_cursor_shape_device_v1#30.set_shape(86, 1)
[07:25:46.085873] {Default Queue} wl_pointer#21.motion(66850728, 229.00000000, 21.00000000)
[07:25:46.085876] {Default Queue} wl_pointer#21.frame()
[07:25:46.186120] {Default Queue} wl_pointer#21.button(87, 66850828, 272, 1)
[07:25:46.186140] {Default Queue} wl_pointer#21.frame()
surface-report: origin=bar {"kind":"surface-report","body":{"publication":"3","lease":"0","buttons":[{"id":"applications:{\"lifetime\":\"5315154051043350650\",\"session\":\"12208801449154441047\",\"frontend\":\"1\"}:1:control:opener","label":"Applications","accessibleName":"Open applications","disabled":false,"x":3,"y":3,"width":112.28125,"height":36},{"id":"group:{\"lifetime\":\"5315154051043350650\",\"session\":\"12208801449154441047\",\"frontend\":\"1\"}:1:4:application:GTK Application","label":"ELM-ACTIVATION-PEER2","accessibleName":"Choose a window from ELM-ACTIVATION-PEER","disabled":false,"x":121.28125,"y":3,"width":215.65625,"height":36}],"focus":"group:{\"lifetime\":\"5315154051043350650\",\"session\":\"12208801449154441047\",\"frontend\":\"1\"}:1:4:application:GTK Application","text":"ApplicationsELM-ACTIVATION-PEER2Connected The last request could not be confirmed."}}
view-report: id=1 x=0 y=0 {"kind":"surface-report","body":{"publication":"3","lease":"0","buttons":[{"id":"applications:{\"lifetime\":\"5315154051043350650\",\"session\":\"12208801449154441047\",\"frontend\":\"1\"}:1:control:opener","label":"Applications","accessibleName":"Open applications","disabled":false,"x":3,"y":3,"width":112.28125,"height":36},{"id":"group:{\"lifetime\":\"5315154051043350650\",\"session\":\"12208801449154441047\",\"frontend\":\"1\"}:1:4:application:GTK Application","label":"ELM-ACTIVATION-PEER2","accessibleName":"Choose a window from ELM-ACTIVATION-PEER","disabled":false,"x":121.28125,"y":3,"width":215.65625,"height":36}],"focus":"group:{\"lifetime\":\"5315154051043350650\",\"session\":\"12208801449154441047\",\"frontend\":\"1\"}:1:4:application:GTK Application","text":"ApplicationsELM-ACTIVATION-PEER2Connected The last request could not be confirmed."}}
[07:25:46.236561] {Default Queue} wl_pointer#21.button(88, 66850878, 272, 0)
[07:25:46.236604] {Default Queue} wl_pointer#21.frame()
[07:25:46.241377] {Default Queue}  -> wl_compositor#5.create_surface(new id wl_surface#48)
[07:25:46.241583] {Default Queue}  -> wl_surface#48.attach(nil, 0, 0)
[07:25:46.241592] {Default Queue}  -> xdg_wm_base#35.create_positioner(new id xdg_positioner#37)
[07:25:46.241597] {Default Queue}  -> xdg_positioner#37.set_size(700, 420)
[07:25:46.241601] {Default Queue}  -> xdg_positioner#37.set_anchor_rect(50, 0, 1, 48)
[07:25:46.241604] {Default Queue}  -> xdg_positioner#37.set_offset(0, 0)
[07:25:46.241606] {Default Queue}  -> xdg_positioner#37.set_anchor(6)
[07:25:46.241609] {Default Queue}  -> xdg_positioner#37.set_gravity(8)
[07:25:46.241611] {Default Queue}  -> xdg_positioner#37.set_constraint_adjustment(11)
[07:25:46.241614] {Default Queue}  -> xdg_wm_base#35.get_xdg_surface(new id xdg_surface#49, wl_surface#48)
[07:25:46.241618] {Default Queue}  -> xdg_surface#49.get_popup(new id xdg_popup#50, nil, xdg_positioner#37)
[07:25:46.241621] {Default Queue}  -> zwlr_layer_surface_v1#43.get_popup(xdg_popup#50)
[07:25:46.241623] {Default Queue}  -> xdg_positioner#37.destroy()
[07:25:46.241630] {Default Queue}  -> xdg_popup#50.grab(wl_seat#22, 87)
[07:25:46.241634] {Default Queue}  -> wl_surface#48.commit()
[07:25:46.241637] {Default Queue}  -> wl_display#1.sync(new id wl_callback#51)
[07:25:46.241876] {Display Queue} wl_display#1.delete_id(37)
[07:25:46.241894] {Display Queue} wl_display#1.delete_id(51)
[07:25:46.241897] {Default Queue} xdg_popup#50.configure(50, 48, 700, 420)
surface-configured: lease=1 rectKnown=0 gdkWidth=700 gdkHeight=420
[07:25:46.241921] {Default Queue} wl_keyboard#31.enter(92, wl_surface#48, array[0])
[07:25:46.241927] {Default Queue} wl_keyboard#31.modifiers(93, 0, 0, 0, 0)
[07:25:46.241937] {Default Queue} wl_data_device#25.selection(nil)
[07:25:46.241944] {Default Queue} wl_pointer#21.leave(94, wl_surface#41)
[07:25:46.241949] {Default Queue}  -> wp_cursor_shape_device_v1#30.set_shape(86, 1)
[07:25:46.241953] {Default Queue} wl_pointer#21.enter(95, wl_surface#48, -0.00781250, -0.00781250)
[07:25:46.241962] {Default Queue}  -> wp_cursor_shape_device_v1#30.set_shape(95, 1)
[07:25:46.241965] {Default Queue} wl_pointer#21.frame()
[07:25:46.241968] {Default Queue} wl_callback#51.done(95)
[07:25:46.241970] {Default Queue} xdg_surface#49.configure(89)
[07:25:46.241973] {Default Queue}  -> xdg_surface#49.ack_configure(89)
[07:25:46.242022] {Default Queue}  -> wp_cursor_shape_device_v1#30.set_shape(95, 1)
surface-popup-open: lease=1
surface-commit: publication=4 lease=1 open=1
view-commit: popup=1 focus=1 publication=4
surface-inspection: {"surfaceProtocol":2,"kind":"surface-inspection","publication":"4","lease":"1","body":{"phase":"Coherent","transaction":"Unknown","groups":[{"key":"application:GTK Application","domId":"group:{\"lifetime\":\"5315154051043350650\",\"session\":\"12208801449154441047\",\"frontend\":\"1\"}:1:4:application:GTK Application","title":"ELM-ACTIVATION-PEER","active":true,"expanded":true}],"picker":{"generation":"1","closeId":"picker-close:{\"lifetime\":\"5315154051043350650\",\"session\":\"12208801449154441047\",\"frontend\":\"1\"}:1:4:1","selections":[{"incarnation":"1","title":"ELM-ACTIVATION-PEER","state":"Open","domId":"picker:{\"lifetime\":\"5315154051043350650\",\"session\":\"12208801449154441047\",\"frontend\":\"1\"}:1:4:1:1"},{"incarnation":"2","title":"ELM-AUTHORITY-FIXTURE","state":"Open","domId":"picker:{\"lifetime\":\"5315154051043350650\",\"session\":\"12208801449154441047\",\"frontend\":\"1\"}:1:4:1:2"}]},"openerId":"applications:{\"lifetime\":\"5315154051043350650\",\"session\":\"12208801449154441047\",\"frontend\":\"1\"}:1:control:opener","reconnectId":"reconnect"}}
surface-native-keyboard-focus: lease=1 in=1
[07:25:46.242395] {Default Queue}  -> xdg_surface#49.set_window_geometry(0, 0, 700, 420)
[07:25:46.242436] {Default Queue}  -> wl_shm#7.create_pool(new id wl_shm_pool#51, fd 30, 1176000)
[07:25:46.242444] {Default Queue}  -> wl_shm_pool#51.create_buffer(new id wl_buffer#37, 0, 700, 420, 2800, 0)
[07:25:46.242866] {Default Queue}  -> wl_surface#48.attach(wl_buffer#37, 0, 0)
[07:25:46.242872] {Default Queue}  -> wl_surface#48.set_buffer_scale(1)
[07:25:46.242875] {Default Queue}  -> wl_surface#48.damage(0, 0, 700, 420)
[07:25:46.242878] {Default Queue}  -> wl_compositor#5.create_region(new id wl_region#52)
[07:25:46.242881] {Default Queue}  -> wl_region#52.add(0, 0, 700, 420)
[07:25:46.242883] {Default Queue}  -> wl_surface#48.set_opaque_region(wl_region#52)
[07:25:46.242886] {Default Queue}  -> wl_region#52.destroy()
[07:25:46.242888] {Default Queue}  -> wl_surface#48.set_input_region(nil)
[07:25:46.242894] {Default Queue}  -> wl_surface#48.frame(new id wl_callback#53)
[07:25:46.242898] {Default Queue}  -> wl_surface#48.commit()
[07:25:46.243183] {Display Queue} wl_display#1.delete_id(52)
[07:25:46.243189] {Display Queue} wl_display#1.delete_id(53)
[07:25:46.243192] {Default Queue} wl_callback#53.done(66850885)
[07:25:46.243196] {Default Queue} wl_pointer#21.motion(66850885, 179.00000000, -27.00000000)
[07:25:46.243200] {Default Queue} wl_surface#48.enter(wl_output#19)
[07:25:46.243204] {Default Queue} wl_buffer#37.release()
surface-report: origin=popup {"kind":"surface-report","body":{"publication":null,"lease":null,"buttons":[],"focus":"","text":""}}
[07:25:46.261284] {Default Queue}  -> wl_surface#48.set_buffer_scale(1)
[07:25:46.261311] {mesa egl surface queue}  -> zwp_linux_dmabuf_v1#39.get_surface_feedback(new id zwp_linux_dmabuf_feedback_v1#53, wl_surface#48)
[07:25:46.261320] {mesa egl display queue}  -> wl_display#1.sync(new id wl_callback#52)
[07:25:46.261369] {Display Queue} wl_display#1.delete_id(52)
[07:25:46.261374] {mesa egl display queue} wl_callback#52.done(95)
[07:25:46.261388] {mesa egl surface queue} zwp_linux_dmabuf_feedback_v1#53.format_table(fd 44, 2960)
[07:25:46.261402] {mesa egl surface queue} zwp_linux_dmabuf_feedback_v1#53.main_device(array[8])
[07:25:46.261405] {mesa egl surface queue} zwp_linux_dmabuf_feedback_v1#53.tranche_target_device(array[8])
[07:25:46.261408] {mesa egl surface queue} zwp_linux_dmabuf_feedback_v1#53.tranche_flags(0)
[07:25:46.261410] {mesa egl surface queue} zwp_linux_dmabuf_feedback_v1#53.tranche_formats(array[370])
[07:25:46.261415] {mesa egl surface queue} zwp_linux_dmabuf_feedback_v1#53.tranche_done()
[07:25:46.261419] {mesa egl surface queue} zwp_linux_dmabuf_feedback_v1#53.done()
[07:25:46.265156] {Default Queue}  -> wl_surface#48.attach(wl_buffer#37, 0, 0)
[07:25:46.265172] {Default Queue}  -> wl_surface#48.set_buffer_scale(1)
[07:25:46.265177] {Default Queue}  -> wl_surface#48.damage(0, 0, 700, 420)
[07:25:46.265190] {Default Queue}  -> wl_surface#48.frame(new id wl_callback#52)
[07:25:46.265194] {Default Queue}  -> wl_surface#48.commit()
[07:25:46.265354] {Default Queue} wl_buffer#37.release()
surface-report: origin=bar {"kind":"surface-report","body":{"publication":"4","lease":"1","buttons":[{"id":"applications:{\"lifetime\":\"5315154051043350650\",\"session\":\"12208801449154441047\",\"frontend\":\"1\"}:1:control:opener","label":"Applications","accessibleName":"Open applications","disabled":false,"x":3,"y":3,"width":112.28125,"height":36},{"id":"group:{\"lifetime\":\"5315154051043350650\",\"session\":\"12208801449154441047\",\"frontend\":\"1\"}:1:4:application:GTK Application","label":"ELM-ACTIVATION-PEER2","accessibleName":"Choose a window from ELM-ACTIVATION-PEER","disabled":false,"x":121.28125,"y":3,"width":215.65625,"height":36}],"focus":"group:{\"lifetime\":\"5315154051043350650\",\"session\":\"12208801449154441047\",\"frontend\":\"1\"}:1:4:application:GTK Application","text":"ApplicationsELM-ACTIVATION-PEER2Connected The last request could not be confirmed."}}
view-report: id=1 x=0 y=0 {"kind":"surface-report","body":{"publication":"4","lease":"1","buttons":[{"id":"applications:{\"lifetime\":\"5315154051043350650\",\"session\":\"12208801449154441047\",\"frontend\":\"1\"}:1:control:opener","label":"Applications","accessibleName":"Open applications","disabled":false,"x":3,"y":3,"width":112.28125,"height":36},{"id":"group:{\"lifetime\":\"5315154051043350650\",\"session\":\"12208801449154441047\",\"frontend\":\"1\"}:1:4:application:GTK Application","label":"ELM-ACTIVATION-PEER2","accessibleName":"Choose a window from ELM-ACTIVATION-PEER","disabled":false,"x":121.28125,"y":3,"width":215.65625,"height":36}],"focus":"group:{\"lifetime\":\"5315154051043350650\",\"session\":\"12208801449154441047\",\"frontend\":\"1\"}:1:4:application:GTK Application","text":"ApplicationsELM-ACTIVATION-PEER2Connected The last request could not be confirmed."}}
surface-report: origin=popup {"kind":"surface-report","body":{"publication":"4","lease":"1","buttons":[{"id":"picker-close:{\"lifetime\":\"5315154051043350650\",\"session\":\"12208801449154441047\",\"frontend\":\"1\"}:1:4:1","label":"Close","accessibleName":"Close window picker","disabled":false,"x":3,"y":103.875,"width":694,"height":36},{"id":"picker:{\"lifetime\":\"5315154051043350650\",\"session\":\"12208801449154441047\",\"frontend\":\"1\"}:1:4:1:1","label":"Activate ELM-ACTIVATION-PEEROpen","accessibleName":"Activate ELM-ACTIVATION-PEER","disabled":false,"x":3,"y":142.875,"width":694,"height":36},{"id":"picker:{\"lifetime\":\"5315154051043350650\",\"session\":\"12208801449154441047\",\"frontend\":\"1\"}:1:4:1:2","label":"Activate ELM-AUTHORITY-FIXTUREOpen","accessibleName":"Activate ELM-AUTHORITY-FIXTURE","disabled":false,"x":3,"y":181.875,"width":694,"height":36}],"focus":"","text":"Choose a window\n\nConnected The last request could not be confirmed.\nClose\nActivate ELM-ACTIVATION-PEEROpen\nActivate ELM-AUTHORITY-FIXTUREOpen"}}
surface-presentation-applied: publication=4 lease=1
surface-focus-issued: publication=4 lease=1
[07:25:46.280488] {Display Queue} wl_display#1.delete_id(52)
[07:25:46.280504] {Default Queue} wl_callback#52.done(66850922)
[07:25:46.280538] {Default Queue}  -> wl_buffer#37.destroy()
[07:25:46.280542] {Default Queue}  -> wl_shm_pool#51.destroy()
[07:25:46.282458] {mesa egl display queue}  -> zwp_linux_dmabuf_v1#39.create_params(new id zwp_linux_buffer_params_v1#52)
[07:25:46.282477] {mesa egl surface queue}  -> zwp_linux_buffer_params_v1#52.add(fd 45, 0, 0, 3072, 16777216, 15)
[07:25:46.282483] {mesa egl surface queue}  -> zwp_linux_buffer_params_v1#52.add(fd 46, 1, 1376256, 384, 16777216, 15)
[07:25:46.282487] {mesa egl surface queue}  -> zwp_linux_buffer_params_v1#52.add(fd 47, 2, 1384448, 64, 16777216, 15)
[07:25:46.282491] {mesa egl surface queue}  -> zwp_linux_buffer_params_v1#52.create_immed(new id wl_buffer#54, 700, 420, 875713089, 0)
[07:25:46.282496] {mesa egl surface queue}  -> zwp_linux_buffer_params_v1#52.destroy()
[07:25:46.282499] {mesa egl surface queue}  -> wl_surface#48.attach(wl_buffer#54, 0, 0)
[07:25:46.282502] {mesa egl surface queue}  -> wl_surface#48.damage(0, 0, 2147483647, 2147483647)
[07:25:46.282505] {mesa egl surface queue}  -> wl_surface#48.commit()
[07:25:46.282512] {mesa egl surface queue}  -> wl_display#1.sync(new id wl_callback#55)
surface-focus-applied: publication=4 lease=1
[07:25:46.282731] discarded [unknown]#37.[event 0](0 fd, 8 byte)
[07:25:46.282738] {Display Queue} wl_display#1.delete_id(37)
[07:25:46.282742] {Display Queue} wl_display#1.delete_id(51)
[07:25:46.282744] {Display Queue} wl_display#1.delete_id(52)
[07:25:46.282752] {Display Queue} wl_display#1.delete_id(55)
[07:25:46.293652] {mesa egl surface queue} wl_callback#55.done(95)
[07:25:46.294221] {mesa egl display queue}  -> zwp_linux_dmabuf_v1#39.create_params(new id zwp_linux_buffer_params_v1#55)
[07:25:46.294237] {mesa egl surface queue}  -> zwp_linux_buffer_params_v1#55.add(fd 45, 0, 0, 3072, 16777216, 15)
[07:25:46.294242] {mesa egl surface queue}  -> zwp_linux_buffer_params_v1#55.add(fd 46, 1, 1376256, 384, 16777216, 15)
[07:25:46.294246] {mesa egl surface queue}  -> zwp_linux_buffer_params_v1#55.add(fd 47, 2, 1384448, 64, 16777216, 15)
[07:25:46.294250] {mesa egl surface queue}  -> zwp_linux_buffer_params_v1#55.create_immed(new id wl_buffer#52, 700, 420, 875713089, 0)
[07:25:46.294255] {mesa egl surface queue}  -> zwp_linux_buffer_params_v1#55.destroy()
[07:25:46.294258] {mesa egl surface queue}  -> wl_surface#48.attach(wl_buffer#52, 0, 0)
[07:25:46.294261] {mesa egl surface queue}  -> wl_surface#48.damage(0, 0, 2147483647, 2147483647)
[07:25:46.294264] {mesa egl surface queue}  -> wl_surface#48.commit()
[07:25:46.294266] {mesa egl surface queue}  -> wl_display#1.sync(new id wl_callback#51)
[07:25:46.294358] {Display Queue} wl_display#1.delete_id(55)
[07:25:46.294362] {Display Queue} wl_display#1.delete_id(51)
surface-report: origin=popup {"kind":"surface-report","body":{"publication":"4","lease":"1","buttons":[{"id":"picker-close:{\"lifetime\":\"5315154051043350650\",\"session\":\"12208801449154441047\",\"frontend\":\"1\"}:1:4:1","label":"Close","accessibleName":"Close window picker","disabled":false,"x":3,"y":103.875,"width":694,"height":36},{"id":"picker:{\"lifetime\":\"5315154051043350650\",\"session\":\"12208801449154441047\",\"frontend\":\"1\"}:1:4:1:1","label":"Activate ELM-ACTIVATION-PEEROpen","accessibleName":"Activate ELM-ACTIVATION-PEER","disabled":false,"x":3,"y":142.875,"width":694,"height":36},{"id":"picker:{\"lifetime\":\"5315154051043350650\",\"session\":\"12208801449154441047\",\"frontend\":\"1\"}:1:4:1:2","label":"Activate ELM-AUTHORITY-FIXTUREOpen","accessibleName":"Activate ELM-AUTHORITY-FIXTURE","disabled":false,"x":3,"y":181.875,"width":694,"height":36}],"focus":"picker:{\"lifetime\":\"5315154051043350650\",\"session\":\"12208801449154441047\",\"frontend\":\"1\"}:1:4:1:1","text":"Choose a window\n\nConnected The last request could not be confirmed.\nClose\nActivate ELM-ACTIVATION-PEEROpen\nActivate ELM-AUTHORITY-FIXTUREOpen"}}
[07:25:46.339504] {Default Queue} wl_pointer#21.motion(66850981, 350.00000000, 161.00000000)
[07:25:46.339529] {Default Queue} wl_pointer#21.frame()
[07:25:46.439702] {Default Queue} wl_pointer#21.button(96, 66851081, 272, 1)
[07:25:46.439723] {Default Queue} wl_pointer#21.motion(66851082, 350.00000000, 161.00000000)
[07:25:46.439738] {Default Queue} wl_pointer#21.frame()
[07:25:46.489765] {Default Queue} wl_pointer#21.button(97, 66851132, 272, 0)
[07:25:46.489786] {Default Queue} wl_pointer#21.frame()
[07:25:46.493219] {Default Queue}  -> wp_cursor_shape_device_v1#30.set_shape(95, 1)
[07:25:46.493317] {Default Queue}  -> xdg_popup#50.destroy()
[07:25:46.493323] {Default Queue}  -> xdg_surface#49.destroy()
[07:25:46.493337] {Default Queue}  -> wl_surface#48.destroy()
[07:25:46.493353] {mesa egl surface queue}  -> wl_buffer#52.destroy()
[07:25:46.493357] {mesa egl surface queue}  -> wl_buffer#54.destroy()
[07:25:46.493360] {mesa egl surface queue}  -> zwp_linux_dmabuf_feedback_v1#53.destroy()
[07:25:46.493802] {Default Queue}  -> wl_display#1.sync(new id wl_callback#51)
[07:25:46.494484] discarded [unknown]#50.[event 1](0 fd, 8 byte)
[07:25:46.494495] discarded [unknown]#52.[event 0](0 fd, 8 byte)
[07:25:46.494498] discarded [unknown]#54.[event 0](0 fd, 8 byte)
[07:25:46.494500] discarded [unknown]#54.[event 0](0 fd, 8 byte)
[07:25:46.494504] {Display Queue} wl_display#1.delete_id(50)
[07:25:46.494514] {Display Queue} wl_display#1.delete_id(49)
[07:25:46.494518] {Display Queue} wl_display#1.delete_id(54)
[07:25:46.494520] {Display Queue} wl_display#1.delete_id(53)
[07:25:46.494523] {Display Queue} wl_display#1.delete_id(48)
[07:25:46.494532] {Display Queue} wl_display#1.delete_id(51)
[07:25:46.494545] {Default Queue} wl_keyboard#31.modifiers(98, 0, 0, 0, 0)
[07:25:46.494555] {Default Queue} wl_keyboard#31.leave(99, nil)
[07:25:46.494561] {Default Queue} wl_pointer#21.leave(102, nil)
[07:25:46.494564] {Default Queue} wl_pointer#21.frame()
[07:25:46.494567] {Default Queue} wl_callback#51.done(103)
surface-popup-closed: lease=1
frontend-request: {"protocolVersion":3,"kind":"projection-request","binding":{"lifetime":"5315154051043350650","session":"12208801449154441047","frontend":"1"},"requestId":"2"}
surface-commit: publication=5 lease=1 open=0
view-commit: popup=0 focus=1 publication=5
surface-inspection: {"surfaceProtocol":2,"kind":"surface-inspection","publication":"5","lease":"1","body":{"phase":"Awaiting","transaction":"Unknown","groups":[{"key":"application:GTK Application","domId":"group:{\"lifetime\":\"5315154051043350650\",\"session\":\"12208801449154441047\",\"frontend\":\"1\"}:1:4:application:GTK Application","title":"ELM-ACTIVATION-PEER","active":true,"expanded":false}],"picker":null,"openerId":"applications:{\"lifetime\":\"5315154051043350650\",\"session\":\"12208801449154441047\",\"frontend\":\"1\"}:1:control:opener","reconnectId":"reconnect"}}
backend-frame: {"protocolVersion":3,"kind":"action-projection","binding":{"lifetime":"5315154051043350650","session":"12208801449154441047","frontend":"1"},"requestId":"2","context":{"lifetime":"5315154051043350650","epoch":"1","output":"1","revision":"4"},"scene":{"revision":"4","focused":"1","windows":[{"incarnation":"1","application":"GTK Application","label":"ELM-ACTIVATION-PEER","minimized":false,"owner":null,"available":true},{"incarnation":"2","application":"GTK Application","label":"ELM-AUTHORITY-FIXTURE","minimized":false,"owner":null,"available":true}]}}
host-intent-durable: {"schema":1,"binding":{"lifetime":"5315154051043350650","session":"12208801449154441047","frontend":"1"},"intent":{"request":"3","generation":"3","incarnation":"1","operation":"activate","context":{"lifetime":"5315154051043350650","epoch":"1","output":"1","revision":"4"}},"status":"Pending"}
frontend-request: {"protocolVersion":3,"kind":"window-effect","effectProtocol":1,"binding":{"lifetime":"5315154051043350650","session":"12208801449154441047","frontend":"1"},"intent":{"request":"3","generation":"3","incarnation":"1","operation":"activate","context":{"lifetime":"5315154051043350650","epoch":"1","output":"1","revision":"4"}}}
surface-commit: publication=6 lease=1 open=0
view-commit: popup=0 focus=1 publication=6
surface-inspection: {"surfaceProtocol":2,"kind":"surface-inspection","publication":"6","lease":"1","body":{"phase":"Coherent","transaction":"Pending","groups":[{"key":"application:GTK Application","domId":"group:{\"lifetime\":\"5315154051043350650\",\"session\":\"12208801449154441047\",\"frontend\":\"1\"}:1:4:application:GTK Application","title":"ELM-ACTIVATION-PEER","active":true,"expanded":false}],"picker":null,"openerId":"applications:{\"lifetime\":\"5315154051043350650\",\"session\":\"12208801449154441047\",\"frontend\":\"1\"}:1:control:opener","reconnectId":"reconnect"}}
[07:25:46.497768] discarded [unknown]#52.[event 0](0 fd, 8 byte)
[07:25:46.497772] discarded [unknown]#52.[event 0](0 fd, 8 byte)
[07:25:46.497778] {Display Queue} wl_display#1.delete_id(52)
backend-frame: {"protocolVersion":3,"kind":"effect-outcome","effectProtocol":1,"binding":{"lifetime":"5315154051043350650","session":"12208801449154441047","frontend":"1"},"intent":{"request":"3","generation":"3","incarnation":"1","operation":"activate","context":{"lifetime":"5315154051043350650","epoch":"1","output":"1","revision":"4"}},"status":"Committed","reason":"applied","revision":"5","outputGeneration":"1"}
backend-frame: {"protocolVersion":3,"kind":"host-refresh"}
frontend-request: {"protocolVersion":3,"kind":"projection-request","binding":{"lifetime":"5315154051043350650","session":"12208801449154441047","frontend":"1"},"requestId":"3"}
surface-commit: publication=7 lease=1 open=0
view-commit: popup=0 focus=1 publication=7
surface-inspection: {"surfaceProtocol":2,"kind":"surface-inspection","publication":"7","lease":"1","body":{"phase":"Awaiting","transaction":"Committed","groups":[{"key":"application:GTK Application","domId":"group:{\"lifetime\":\"5315154051043350650\",\"session\":\"12208801449154441047\",\"frontend\":\"1\"}:1:4:application:GTK Application","title":"ELM-ACTIVATION-PEER","active":true,"expanded":false}],"picker":null,"openerId":"applications:{\"lifetime\":\"5315154051043350650\",\"session\":\"12208801449154441047\",\"frontend\":\"1\"}:1:control:opener","reconnectId":"reconnect"}}
frontend-request: {"protocolVersion":3,"kind":"projection-request","binding":{"lifetime":"5315154051043350650","session":"12208801449154441047","frontend":"1"},"requestId":"4"}
surface-commit: publication=8 lease=1 open=0
view-commit: popup=0 focus=1 publication=8
surface-inspection: {"surfaceProtocol":2,"kind":"surface-inspection","publication":"8","lease":"1","body":{"phase":"Awaiting","transaction":"Committed","groups":[{"key":"application:GTK Application","domId":"group:{\"lifetime\":\"5315154051043350650\",\"session\":\"12208801449154441047\",\"frontend\":\"1\"}:1:4:application:GTK Application","title":"ELM-ACTIVATION-PEER","active":true,"expanded":false}],"picker":null,"openerId":"applications:{\"lifetime\":\"5315154051043350650\",\"session\":\"12208801449154441047\",\"frontend\":\"1\"}:1:control:opener","reconnectId":"reconnect"}}
backend-frame: {"protocolVersion":3,"kind":"action-projection","binding":{"lifetime":"5315154051043350650","session":"12208801449154441047","frontend":"1"},"requestId":"3","context":{"lifetime":"5315154051043350650","epoch":"1","output":"1","revision":"5"},"scene":{"revision":"5","focused":"1","windows":[{"incarnation":"2","application":"GTK Application","label":"ELM-AUTHORITY-FIXTURE","minimized":false,"owner":null,"available":true},{"incarnation":"1","application":"GTK Application","label":"ELM-ACTIVATION-PEER","minimized":false,"owner":null,"available":true}]}}
surface-inspection: {"surfaceProtocol":2,"kind":"surface-inspection","publication":"8","lease":"1","body":{"phase":"Awaiting","transaction":"Committed","groups":[{"key":"application:GTK Application","domId":"group:{\"lifetime\":\"5315154051043350650\",\"session\":\"12208801449154441047\",\"frontend\":\"1\"}:1:4:application:GTK Application","title":"ELM-ACTIVATION-PEER","active":true,"expanded":false}],"picker":null,"openerId":"applications:{\"lifetime\":\"5315154051043350650\",\"session\":\"12208801449154441047\",\"frontend\":\"1\"}:1:control:opener","reconnectId":"reconnect"}}
backend-frame: {"protocolVersion":3,"kind":"action-projection","binding":{"lifetime":"5315154051043350650","session":"12208801449154441047","frontend":"1"},"requestId":"4","context":{"lifetime":"5315154051043350650","epoch":"1","output":"1","revision":"5"},"scene":{"revision":"5","focused":"1","windows":[{"incarnation":"2","application":"GTK Application","label":"ELM-AUTHORITY-FIXTURE","minimized":false,"owner":null,"available":true},{"incarnation":"1","application":"GTK Application","label":"ELM-ACTIVATION-PEER","minimized":false,"owner":null,"available":true}]}}
surface-commit: publication=9 lease=1 open=0
view-commit: popup=0 focus=1 publication=9
surface-inspection: {"surfaceProtocol":2,"kind":"surface-inspection","publication":"9","lease":"1","body":{"phase":"Coherent","transaction":"Committed","groups":[{"key":"application:GTK Application","domId":"group:{\"lifetime\":\"5315154051043350650\",\"session\":\"12208801449154441047\",\"frontend\":\"1\"}:1:5:application:GTK Application","title":"ELM-ACTIVATION-PEER","active":true,"expanded":false}],"picker":null,"openerId":"applications:{\"lifetime\":\"5315154051043350650\",\"session\":\"12208801449154441047\",\"frontend\":\"1\"}:1:control:opener","reconnectId":"reconnect"}}
[07:25:46.511921] {mesa egl surface queue} wl_callback#44.done(85)
[07:25:46.511936] {mesa egl surface queue} wl_buffer#47.release()
[07:25:46.511940] {mesa egl surface queue}  -> wl_buffer#47.destroy()
[07:25:46.512301] {mesa egl display queue}  -> zwp_linux_dmabuf_v1#39.create_params(new id zwp_linux_buffer_params_v1#44)
[07:25:46.512320] {mesa egl surface queue}  -> zwp_linux_buffer_params_v1#44.add(fd 45, 0, 0, 3584, 16777216, 15)
[07:25:46.512333] {mesa egl surface queue}  -> zwp_linux_buffer_params_v1#44.add(fd 46, 1, 229376, 448, 16777216, 15)
[07:25:46.512337] {mesa egl surface queue}  -> zwp_linux_buffer_params_v1#44.add(fd 47, 2, 233472, 64, 16777216, 15)
[07:25:46.512339] {mesa egl surface queue}  -> zwp_linux_buffer_params_v1#44.create_immed(new id wl_buffer#52, 800, 48, 875713089, 0)
[07:25:46.512344] {mesa egl surface queue}  -> zwp_linux_buffer_params_v1#44.destroy()
[07:25:46.512347] {mesa egl surface queue}  -> wl_surface#41.attach(wl_buffer#52, 0, 0)
[07:25:46.512350] {mesa egl surface queue}  -> wl_surface#41.damage(0, 0, 2147483647, 2147483647)
[07:25:46.512352] {mesa egl surface queue}  -> wl_surface#41.commit()
[07:25:46.512354] {mesa egl surface queue}  -> wl_display#1.sync(new id wl_callback#51)
[07:25:46.512516] discarded [unknown]#47.[event 0](0 fd, 8 byte)
[07:25:46.512520] discarded [unknown]#47.[event 0](0 fd, 8 byte)
[07:25:46.512526] {Display Queue} wl_display#1.delete_id(47)
[07:25:46.512529] {Display Queue} wl_display#1.delete_id(44)
[07:25:46.512531] {Display Queue} wl_display#1.delete_id(51)
surface-report: origin=bar {"kind":"surface-report","body":{"publication":"9","lease":"1","buttons":[{"id":"applications:{\"lifetime\":\"5315154051043350650\",\"session\":\"12208801449154441047\",\"frontend\":\"1\"}:1:control:opener","label":"Applications","accessibleName":"Open applications","disabled":false,"x":3,"y":3,"width":112.28125,"height":36},{"id":"group:{\"lifetime\":\"5315154051043350650\",\"session\":\"12208801449154441047\",\"frontend\":\"1\"}:1:5:application:GTK Application","label":"ELM-ACTIVATION-PEER2","accessibleName":"Choose a window from ELM-ACTIVATION-PEER","disabled":false,"x":121.28125,"y":3,"width":215.65625,"height":36}],"focus":"group:{\"lifetime\":\"5315154051043350650\",\"session\":\"12208801449154441047\",\"frontend\":\"1\"}:1:5:application:GTK Application","text":"ApplicationsELM-ACTIVATION-PEER2Connected"}}
view-report: id=1 x=0 y=0 {"kind":"surface-report","body":{"publication":"9","lease":"1","buttons":[{"id":"applications:{\"lifetime\":\"5315154051043350650\",\"session\":\"12208801449154441047\",\"frontend\":\"1\"}:1:control:opener","label":"Applications","accessibleName":"Open applications","disabled":false,"x":3,"y":3,"width":112.28125,"height":36},{"id":"group:{\"lifetime\":\"5315154051043350650\",\"session\":\"12208801449154441047\",\"frontend\":\"1\"}:1:5:application:GTK Application","label":"ELM-ACTIVATION-PEER2","accessibleName":"Choose a window from ELM-ACTIVATION-PEER","disabled":false,"x":121.28125,"y":3,"width":215.65625,"height":36}],"focus":"group:{\"lifetime\":\"5315154051043350650\",\"session\":\"12208801449154441047\",\"frontend\":\"1\"}:1:5:application:GTK Application","text":"ApplicationsELM-ACTIVATION-PEER2Connected"}}
Web process terminated: 0
Web process terminated: 0
Web process terminated: 0
[07:25:46.882859] {Default Queue}  -> wl_display#1.sync(new id wl_callback#44)
[07:25:46.882895] {Display Queue} wl_display#1.delete_id(44)
[07:25:46.882910] {Default Queue} wl_callback#44.done(108)
backend-exit: waited=1 normal=1 code=0
native-recovery-ready: views=1 backend-normal=1
recovery-control: id=1 x=195 y=4 w=84 h=40
[07:25:46.892853] {mesa egl surface queue} wl_callback#51.done(104)
[07:25:46.892861] {mesa egl surface queue} wl_buffer#45.release()
[07:25:46.893425] {Default Queue}  -> wl_surface#41.set_input_region(nil)
[07:25:46.894927] {mesa egl surface queue}  -> wl_surface#41.attach(wl_buffer#45, 0, 0)
[07:25:46.894940] {mesa egl surface queue}  -> wl_surface#41.damage(0, 0, 2147483647, 2147483647)
[07:25:46.894945] {mesa egl surface queue}  -> wl_surface#41.commit()
[07:25:46.894948] {mesa egl surface queue}  -> wl_display#1.sync(new id wl_callback#51)
[07:25:46.895008] {Display Queue} wl_display#1.delete_id(51)
[07:25:47.170178] {Default Queue}  -> wl_display#1.sync(new id wl_callback#44)
[07:25:47.170318] {Display Queue} wl_display#1.delete_id(44)
[07:25:47.170332] {Default Queue} wl_callback#44.done(112)
[07:25:47.170355] {Default Queue}  -> zwlr_layer_surface_v1#43.destroy()
[07:25:47.170371] {Default Queue}  -> wl_surface#41.destroy()
[07:25:47.170396] {mesa egl surface queue}  -> wl_buffer#45.destroy()
[07:25:47.170400] {mesa egl surface queue}  -> wl_buffer#52.destroy()
[07:25:47.170416] {mesa egl surface queue}  -> zwp_linux_dmabuf_feedback_v1#46.destroy()
view-retired: id=1
[07:25:47.173280] discarded [unknown]#45.[event 0](0 fd, 8 byte)
[07:25:47.173292] discarded [unknown]#52.[event 0](0 fd, 8 byte)
[07:25:47.173294] discarded [unknown]#52.[event 0](0 fd, 8 byte)
[07:25:47.173302] {Display Queue} wl_display#1.delete_id(43)
[07:25:47.173313] {Display Queue} wl_display#1.delete_id(52)
[07:25:47.173316] {Display Queue} wl_display#1.delete_id(46)
[07:25:47.173319] {Display Queue} wl_display#1.delete_id(41)
[07:25:47.183413] discarded [unknown]#45.[event 0](0 fd, 8 byte)
[07:25:47.183425] discarded [unknown]#45.[event 0](0 fd, 8 byte)
[07:25:47.183430] {Display Queue} wl_display#1.delete_id(45)
shared-host-exit: failure=1 rendered=1
