	linux-vdso.so.1 (0x00007f38ea711000)
	libwebkit2gtk-4.1.so.0 => /usr/lib/libwebkit2gtk-4.1.so.0 (0x00007f38e4c00000)
	libsoup-3.0.so.0 => /usr/lib/libsoup-3.0.so.0 (0x00007f38ea5c0000)
	libjavascriptcoregtk-4.1.so.0 => /usr/lib/libjavascriptcoregtk-4.1.so.0 (0x00007f38e2600000)
	libgtk-layer-shell.so.0 => /usr/lib/libgtk-layer-shell.so.0 (0x00007f38ea582000)
	libgtk-3.so.0 => /usr/lib/libgtk-3.so.0 (0x00007f38e1e00000)
	libgdk-3.so.0 => /usr/lib/libgdk-3.so.0 (0x00007f38e4b13000)
	libpangocairo-1.0.so.0 => /usr/lib/libpangocairo-1.0.so.0 (0x00007f38ea56e000)
	libcairo-gobject.so.2 => /usr/lib/libcairo-gobject.so.2 (0x00007f38ea565000)
	libgdk_pixbuf-2.0.so.0 => /usr/lib/libgdk_pixbuf-2.0.so.0 (0x00007f38e4ad9000)
	libatk-1.0.so.0 => /usr/lib/libatk-1.0.so.0 (0x00007f38e4ab2000)
	libpango-1.0.so.0 => /usr/lib/libpango-1.0.so.0 (0x00007f38e4a43000)
	libcairo.so.2 => /usr/lib/libcairo.so.2 (0x00007f38e1cc3000)
	libharfbuzz.so.0 => /usr/lib/libharfbuzz.so.0 (0x00007f38e1b84000)
	libjson-glib-1.0.so.0 => /usr/lib/libjson-glib-1.0.so.0 (0x00007f38e4a19000)
	libgio-2.0.so.0 => /usr/lib/libgio-2.0.so.0 (0x00007f38e19a5000)
	libgobject-2.0.so.0 => /usr/lib/libgobject-2.0.so.0 (0x00007f38e259d000)
	libgmodule-2.0.so.0 => /usr/lib/libgmodule-2.0.so.0 (0x00007f38ea55a000)
	libglib-2.0.so.0 => /usr/lib/libglib-2.0.so.0 (0x00007f38e1842000)
	libz.so.1 => /usr/lib/libz.so.1 (0x00007f38e2582000)
	libstdc++.so.6 => /usr/lib/libstdc++.so.6 (0x00007f38e1400000)
	libm.so.6 => /usr/lib/libm.so.6 (0x00007f38e170b000)
	libgcc_s.so.1 => /usr/lib/libgcc_s.so.1 (0x00007f38e2555000)
	libc.so.6 => /usr/lib/libc.so.6 (0x00007f38e1000000)
	libepoxy.so.0 => /usr/lib/libepoxy.so.0 (0x00007f38e12f3000)
	libatomic.so.1 => /usr/lib/libatomic.so.1 (0x00007f38ea54d000)
	libfreetype.so.6 => /usr/lib/libfreetype.so.6 (0x00007f38e1223000)
	libfontconfig.so.1 => /usr/lib/libfontconfig.so.1 (0x00007f38e0f85000)
	libwebpmux.so.3 => /usr/lib/libwebpmux.so.3 (0x00007f38e4a0d000)
	libexpat.so.1 => /usr/lib/libexpat.so.1 (0x00007f38e2527000)
	libicui18n.so.78 => /usr/lib/libicui18n.so.78 (0x00007f38e0a00000)
	libsystemd.so.0 => /usr/lib/libsystemd.so.0 (0x00007f38e0e3d000)
	libjpeg.so.8 => /usr/lib/libjpeg.so.8 (0x00007f38e0d95000)
	libpng16.so.16 => /usr/lib/libpng16.so.16 (0x00007f38e09c3000)
	libicuuc.so.78 => /usr/lib/libicuuc.so.78 (0x00007f38e0600000)
	libxml2.so.16 => /usr/lib/libxml2.so.16 (0x00007f38e087e000)
	libsqlite3.so.0 => /usr/lib/libsqlite3.so.0 (0x00007f38e0467000)
	libxslt.so.1 => /usr/lib/libxslt.so.1 (0x00007f38e0841000)
	liblcms2.so.2 => /usr/lib/liblcms2.so.2 (0x00007f38e03fb000)
	libgcrypt.so.20 => /usr/lib/libgcrypt.so.20 (0x00007f38e024a000)
	libgstallocators-1.0.so.0 => /usr/lib/libgstallocators-1.0.so.0 (0x00007f38e251d000)
	libgstapp-1.0.so.0 => /usr/lib/libgstapp-1.0.so.0 (0x00007f38e2504000)
	libgstbase-1.0.so.0 => /usr/lib/libgstbase-1.0.so.0 (0x00007f38e01c2000)
	libgstreamer-1.0.so.0 => /usr/lib/libgstreamer-1.0.so.0 (0x00007f38e004f000)
	libgstpbutils-1.0.so.0 => /usr/lib/libgstpbutils-1.0.so.0 (0x00007f38e000a000)
	libgstaudio-1.0.so.0 => /usr/lib/libgstaudio-1.0.so.0 (0x00007f38dff80000)
	libgsttag-1.0.so.0 => /usr/lib/libgsttag-1.0.so.0 (0x00007f38dff41000)
	libgstvideo-1.0.so.0 => /usr/lib/libgstvideo-1.0.so.0 (0x00007f38dfe62000)
	libgstgl-1.0.so.0 => /usr/lib/libgstgl-1.0.so.0 (0x00007f38dfdcc000)
	libgstfft-1.0.so.0 => /usr/lib/libgstfft-1.0.so.0 (0x00007f38e1700000)
	libwebpdemux.so.2 => /usr/lib/libwebpdemux.so.2 (0x00007f38e16f9000)
	libwebp.so.7 => /usr/lib/libwebp.so.7 (0x00007f38dfd45000)
	libjxl.so.0.12 => /usr/lib/libjxl.so.0.12 (0x00007f38df800000)
	libavif.so.16 => /usr/lib/libavif.so.16 (0x00007f38dfcfd000)
	libharfbuzz-icu.so.0 => /usr/lib/libharfbuzz-icu.so.0 (0x00007f38e16f4000)
	libX11.so.6 => /usr/lib/libX11.so.6 (0x00007f38df6be000)
	libwayland-server.so.0 => /usr/lib/libwayland-server.so.0 (0x00007f38e16df000)
	libwayland-client.so.0 => /usr/lib/libwayland-client.so.0 (0x00007f38e0831000)
	libmanette-0.2.so.0 => /usr/lib/libmanette-0.2.so.0 (0x00007f38dfcab000)
	libseccomp.so.2 => /usr/lib/libseccomp.so.2 (0x00007f38dfc7e000)
	libenchant-2.so.2 => /usr/lib/libenchant-2.so.2 (0x00007f38e081f000)
	libgbm.so.1 => /usr/lib/libgbm.so.1 (0x00007f38e16d9000)
	libdrm.so.2 => /usr/lib/libdrm.so.2 (0x00007f38dfc67000)
	libtasn1.so.6 => /usr/lib/libtasn1.so.6 (0x00007f38dfc51000)
	libhyphen.so.0 => /usr/lib/libhyphen.so.0 (0x00007f38e0817000)
	libsecret-1.so.0 => /usr/lib/libsecret-1.so.0 (0x00007f38df660000)
	/lib64/ld-linux-x86-64.so.2 => /usr/lib64/ld-linux-x86-64.so.2 (0x00007f38ea713000)
	libpsl.so.5 => /usr/lib/libpsl.so.5 (0x00007f38dfc3d000)
	libbrotlidec.so.1 => /usr/lib/libbrotlidec.so.1 (0x00007f38df651000)
	libgssapi_krb5.so.2 => /usr/lib/libgssapi_krb5.so.2 (0x00007f38df5f9000)
	libnghttp2.so.14 => /usr/lib/libnghttp2.so.14 (0x00007f38df5cf000)
	libpangoft2-1.0.so.0 => /usr/lib/libpangoft2-1.0.so.0 (0x00007f38df5b0000)
	libfribidi.so.0 => /usr/lib/libfribidi.so.0 (0x00007f38df590000)
	libXi.so.6 => /usr/lib/libXi.so.6 (0x00007f38df57b000)
	libatk-bridge-2.0.so.0 => /usr/lib/libatk-bridge-2.0.so.0 (0x00007f38df53f000)
	libcloudproviders.so.0 => /usr/lib/libcloudproviders.so.0 (0x00007f38df527000)
	libtinysparql-3.0.so.0 => /usr/lib/libtinysparql-3.0.so.0 (0x00007f38df453000)
	libXfixes.so.3 => /usr/lib/libXfixes.so.3 (0x00007f38e080f000)
	libxkbcommon.so.0 => /usr/lib/libxkbcommon.so.0 (0x00007f38df3f4000)
	libwayland-cursor.so.0 => /usr/lib/libwayland-cursor.so.0 (0x00007f38df3eb000)
	libwayland-egl.so.1 => /usr/lib/libwayland-egl.so.1 (0x00007f38e0d90000)
	libXext.so.6 => /usr/lib/libXext.so.6 (0x00007f38df3d7000)
	libXcursor.so.1 => /usr/lib/libXcursor.so.1 (0x00007f38df3ca000)
	libXdamage.so.1 => /usr/lib/libXdamage.so.1 (0x00007f38dfc38000)
	libXcomposite.so.1 => /usr/lib/libXcomposite.so.1 (0x00007f38df3c5000)
	libXrandr.so.2 => /usr/lib/libXrandr.so.2 (0x00007f38df3b8000)
	libXinerama.so.1 => /usr/lib/libXinerama.so.1 (0x00007f38df3b3000)
	libglycin-2.so.0 => /usr/lib/libglycin-2.so.0 (0x00007f38dee00000)
	libthai.so.0 => /usr/lib/libthai.so.0 (0x00007f38df3a8000)
	libXrender.so.1 => /usr/lib/libXrender.so.1 (0x00007f38df39c000)
	libxcb.so.1 => /usr/lib/libxcb.so.1 (0x00007f38df371000)
	libxcb-render.so.0 => /usr/lib/libxcb-render.so.0 (0x00007f38df362000)
	libxcb-shm.so.0 => /usr/lib/libxcb-shm.so.0 (0x00007f38df35d000)
	libpixman-1.so.0 => /usr/lib/libpixman-1.so.0 (0x00007f38df2ae000)
	libgraphite2.so.3 => /usr/lib/libgraphite2.so.3 (0x00007f38df28b000)
	libmount.so.1 => /usr/lib/libmount.so.1 (0x00007f38df22e000)
	libffi.so.8 => /usr/lib/libffi.so.8 (0x00007f38df220000)
	libpcre2-8.so.0 => /usr/lib/libpcre2-8.so.0 (0x00007f38ded4d000)
	libbz2.so.1.0 => /usr/lib/libbz2.so.1.0 (0x00007f38df20b000)
	libicudata.so.78 => /usr/lib/libicudata.so.78 (0x00007f38dcc00000)
	libgpg-error.so.0 => /usr/lib/libgpg-error.so.0 (0x00007f38ded20000)
	libunwind.so.8 => /usr/lib/libunwind.so.8 (0x00007f38ded04000)
	libdw.so.1 => /usr/lib/libdw.so.1 (0x00007f38dec62000)
	liborc-0.4.so.0 => /usr/lib/liborc-0.4.so.0 (0x00007f38dcaee000)
	libEGL.so.1 => /usr/lib/libEGL.so.1 (0x00007f38dec50000)
	libGLX.so.0 => /usr/lib/libGLX.so.0 (0x00007f38dec1f000)
	libX11-xcb.so.1 => /usr/lib/libX11-xcb.so.1 (0x00007f38df202000)
	libgudev-1.0.so.0 => /usr/lib/libgudev-1.0.so.0 (0x00007f38dec13000)
	libsharpyuv.so.0 => /usr/lib/libsharpyuv.so.0 (0x00007f38dec0a000)
	libjxl_cms.so.0.12 => /usr/lib/libjxl_cms.so.0.12 (0x00007f38debe1000)
	libhwy.so.1 => /usr/lib/libhwy.so.1 (0x00007f38debd2000)
	libbrotlienc.so.1 => /usr/lib/libbrotlienc.so.1 (0x00007f38dca2e000)
	libyuv.so => /usr/lib/libyuv.so (0x00007f38dc987000)
	libdav1d.so.7 => /usr/lib/libdav1d.so.7 (0x00007f38dc7a6000)
	librav1e.so.0.8 => /usr/lib/librav1e.so.0.8 (0x00007f38dc400000)
	libSvtAv1Enc.so.4 => /usr/lib/libSvtAv1Enc.so.4 (0x00007f38d3e00000)
	libaom.so.3 => /usr/lib/libaom.so.3 (0x00007f38d3400000)
	libhidapi-hidraw.so.0 => /usr/lib/libhidapi-hidraw.so.0 (0x00007f38debca000)
	libevdev.so.2 => /usr/lib/libevdev.so.2 (0x00007f38debb4000)
	libtss2-esys.so.0 => /usr/lib/libtss2-esys.so.0 (0x00007f38dc36e000)
	libtss2-mu.so.0 => /usr/lib/libtss2-mu.so.0 (0x00007f38dc75c000)
	libtss2-rc.so.0 => /usr/lib/libtss2-rc.so.0 (0x00007f38debab000)
	libtss2-tctildr.so.0 => /usr/lib/libtss2-tctildr.so.0 (0x00007f38deba1000)
	libunistring.so.5 => /usr/lib/libunistring.so.5 (0x00007f38d3219000)
	libidn2.so.0 => /usr/lib/libidn2.so.0 (0x00007f38dc73a000)
	libbrotlicommon.so.1 => /usr/lib/libbrotlicommon.so.1 (0x00007f38d3ddd000)
	libkrb5.so.3 => /usr/lib/libkrb5.so.3 (0x00007f38d3d0e000)
	libk5crypto.so.3 => /usr/lib/libk5crypto.so.3 (0x00007f38d3ce0000)
	libcom_err.so.2 => /usr/lib/libcom_err.so.2 (0x00007f38deb99000)
	libkrb5support.so.0 => /usr/lib/libkrb5support.so.0 (0x00007f38dc72b000)
	libkeyutils.so.1 => /usr/lib/libkeyutils.so.1 (0x00007f38dc724000)
	libresolv.so.2 => /usr/lib/libresolv.so.2 (0x00007f38d3206000)
	libatspi.so.0 => /usr/lib/libatspi.so.0 (0x00007f38d31ca000)
	libdbus-1.so.3 => /usr/lib/libdbus-1.so.3 (0x00007f38d3177000)
	libdatrie.so.1 => /usr/lib/libdatrie.so.1 (0x00007f38d316e000)
	libXau.so.6 => /usr/lib/libXau.so.6 (0x00007f38d3169000)
	libXdmcp.so.6 => /usr/lib/libXdmcp.so.6 (0x00007f38d3161000)
	libblkid.so.1 => /usr/lib/libblkid.so.1 (0x00007f38d3121000)
	liblzma.so.5 => /usr/lib/liblzma.so.5 (0x00007f38d30ec000)
	libelf.so.1 => /usr/lib/libelf.so.1 (0x00007f38d30ce000)
	libzstd.so.1 => /usr/lib/libzstd.so.1 (0x00007f38d2fe8000)
	libGLdispatch.so.0 => /usr/lib/libGLdispatch.so.0 (0x00007f38d2f6f000)
	libudev.so.1 => /usr/lib/libudev.so.1 (0x00007f38d2f1d000)
	libcrypto.so.3 => /usr/lib/libcrypto.so.3 (0x00007f38d2800000)
	libtss2-sys.so.1 => /usr/lib/libtss2-sys.so.1 (0x00007f38d2efb000)
