  INFO: Launching config: "/home/hoskinson/window-integration-qa/files-keyboard/guard-stage/editable-probe-v5/app/shell.qml"
  INFO: Shell ID: "fff71a7dbfbffc9ae4dcc713348d6660" Path ID "fff71a7dbfbffc9ae4dcc713348d6660"
  INFO: Saving logs to "/run/user/1000/quickshell/by-id/a5832pdz7mt/log.qslog"
  WARN quickshell.qmlscanner: Ignoring unresolvable import "/home/hoskinson/window-integration-qa/files-keyboard/guard-stage/editable-probe-v5/app/file:///home/hoskinson/window-integration-qa/files-keyboard/guard-stage/editable-probe-v5/app/FixtureKeys" from "/home/hoskinson/window-integration-qa/files-keyboard/guard-stage/editable-probe-v5/app/shell.qml"
  WARN quickshell.qmlscanner: Ignoring unresolvable import "/home/hoskinson/window-integration-qa/files-keyboard/guard-stage/editable-probe-v5/app/file:///home/hoskinson/window-integration-qa/files-keyboard/guard-stage/WindowAccessibilityV5" from "/home/hoskinson/window-integration-qa/files-keyboard/guard-stage/editable-probe-v5/app/shell.qml"
  WARN quickshell.qmlscanner: Ignoring unresolvable import "/home/hoskinson/window-integration-qa/files-keyboard/guard-stage/editable-probe-v5/app/explorer/file:///home/hoskinson/window-integration-qa/files-keyboard/guard-stage/WindowAccessibilityV5" from "/home/hoskinson/window-integration-qa/files-keyboard/guard-stage/editable-probe-v5/app/explorer/Cell.qml"
  WARN quickshell.qmlscanner: Ignoring unresolvable import "/home/hoskinson/window-integration-qa/files-keyboard/guard-stage/editable-probe-v5/app/Ui/file:///home/hoskinson/window-integration-qa/files-keyboard/guard-stage/WindowAccessibilityV5" from "/home/hoskinson/window-integration-qa/files-keyboard/guard-stage/editable-probe-v5/app/Ui/Btn.qml"
  WARN quickshell.qmlscanner: Ignoring unresolvable import "/home/hoskinson/window-integration-qa/files-keyboard/guard-stage/editable-probe-v5/app/Ui/file:///home/hoskinson/window-integration-qa/files-keyboard/guard-stage/WindowAccessibilityV5" from "/home/hoskinson/window-integration-qa/files-keyboard/guard-stage/editable-probe-v5/app/Ui/Chip.qml"
  WARN quickshell.qmlscanner: Ignoring unresolvable import "/home/hoskinson/window-integration-qa/files-keyboard/guard-stage/editable-probe-v5/app/Ui/file:///home/hoskinson/window-integration-qa/files-keyboard/guard-stage/WindowAccessibilityV5" from "/home/hoskinson/window-integration-qa/files-keyboard/guard-stage/editable-probe-v5/app/Ui/ContextMenu.qml"
  WARN quickshell.qmlscanner: Ignoring unresolvable import "/home/hoskinson/window-integration-qa/files-keyboard/guard-stage/editable-probe-v5/app/Ui/file:///home/hoskinson/window-integration-qa/files-keyboard/guard-stage/WindowAccessibilityV5" from "/home/hoskinson/window-integration-qa/files-keyboard/guard-stage/editable-probe-v5/app/Ui/Prompt.qml"
  WARN quickshell.qmlscanner: Ignoring unresolvable import "/home/hoskinson/window-integration-qa/files-keyboard/guard-stage/editable-probe-v5/app/explorer/file:///home/hoskinson/window-integration-qa/files-keyboard/guard-stage/WindowAccessibilityV5" from "/home/hoskinson/window-integration-qa/files-keyboard/guard-stage/editable-probe-v5/app/explorer/Dashboard.qml"
  WARN quickshell.qmlscanner: Ignoring unresolvable import "/home/hoskinson/window-integration-qa/files-keyboard/guard-stage/editable-probe-v5/app/explorer/file:///home/hoskinson/window-integration-qa/files-keyboard/guard-stage/WindowAccessibilityV5" from "/home/hoskinson/window-integration-qa/files-keyboard/guard-stage/editable-probe-v5/app/explorer/Explorer.qml"
  WARN quickshell.qmlscanner: Ignoring unresolvable import "/home/hoskinson/window-integration-qa/files-keyboard/guard-stage/editable-probe-v5/app/explorer/file:///home/hoskinson/window-integration-qa/files-keyboard/guard-stage/WindowAccessibilityV5" from "/home/hoskinson/window-integration-qa/files-keyboard/guard-stage/editable-probe-v5/app/explorer/FileArea.qml"
  WARN quickshell.qmlscanner: Ignoring unresolvable import "/home/hoskinson/window-integration-qa/files-keyboard/guard-stage/editable-probe-v5/app/explorer/file:///home/hoskinson/window-integration-qa/files-keyboard/guard-stage/WindowAccessibilityV5" from "/home/hoskinson/window-integration-qa/files-keyboard/guard-stage/editable-probe-v5/app/explorer/PathBar.qml"
  WARN quickshell.qmlscanner: Ignoring unresolvable import "/home/hoskinson/window-integration-qa/files-keyboard/guard-stage/editable-probe-v5/app/explorer/file:///home/hoskinson/window-integration-qa/files-keyboard/guard-stage/WindowAccessibilityV5" from "/home/hoskinson/window-integration-qa/files-keyboard/guard-stage/editable-probe-v5/app/explorer/Tree.qml"
  WARN quickshell.qmlscanner: Ignoring unresolvable import "/home/hoskinson/window-integration-qa/files-keyboard/guard-stage/editable-probe-v5/app/explorer/file:///home/hoskinson/window-integration-qa/files-keyboard/guard-stage/WindowAccessibilityV5" from "/home/hoskinson/window-integration-qa/files-keyboard/guard-stage/editable-probe-v5/app/explorer/Treemap.qml"
  WARN scene: QML IpcHandler at @shell.qml[65:3]: Signal detected: "retainedItemChanged"
  WARN scene: QML IpcHandler at @shell.qml[65:3]: Error parsing property "retainedItem": Type QVariant cannot be used across IPC.
  INFO: Configuration Loaded
  WARN scene: QML FileView at @Commons/Theme.qml[54:25]: Read of /home/hoskinson/window-integration-qa/files-keyboard/guard-stage/editable-probe-v5/home/.local/state/omarchy/current/theme/colors.toml failed: File does not exist.
  WARN: This plugin does not support setting window masks
