[00:13:12.592799] {Default Queue}  -> wl_display#1.get_registry(new id wl_registry#2)
[00:13:12.592856] {Default Queue}  -> wl_display#1.sync(new id wl_callback#3)
[00:13:12.593082] {Display Queue} wl_display#1.delete_id(3)
[00:13:12.593122] {Default Queue} wl_registry#2.global(1, "wl_seat", 9)
[00:13:12.593138] {Default Queue} wl_registry#2.global(2, "wl_data_device_manager", 3)
[00:13:12.593148] {Default Queue}  -> wl_registry#2.bind(2, "wl_data_device_manager", 3, new id [unknown]#4)
[00:13:12.593157] {Default Queue} wl_registry#2.global(3, "wl_compositor", 6)
[00:13:12.593166] {Default Queue}  -> wl_registry#2.bind(3, "wl_compositor", 3, new id [unknown]#5)
[00:13:12.593173] {Default Queue} wl_registry#2.global(4, "wl_subcompositor", 1)
[00:13:12.593181] {Default Queue}  -> wl_registry#2.bind(4, "wl_subcompositor", 1, new id [unknown]#6)
[00:13:12.593188] {Default Queue} wl_registry#2.global(5, "wl_shm", 2)
[00:13:12.593195] {Default Queue}  -> wl_registry#2.bind(5, "wl_shm", 1, new id [unknown]#7)
[00:13:12.593202] {Default Queue} wl_registry#2.global(6, "wp_viewporter", 1)
[00:13:12.593209] {Default Queue} wl_registry#2.global(7, "wp_tearing_control_manager_v1", 1)
[00:13:12.593214] {Default Queue} wl_registry#2.global(8, "wp_fractional_scale_manager_v1", 1)
[00:13:12.593222] {Default Queue} wl_registry#2.global(9, "zxdg_output_manager_v1", 3)
[00:13:12.593229] {Default Queue}  -> wl_registry#2.bind(9, "zxdg_output_manager_v1", 3, new id [unknown]#8)
[00:13:12.593238] {Default Queue}  -> wl_display#1.sync(new id wl_callback#9)
[00:13:12.593244] {Default Queue} wl_registry#2.global(10, "wp_cursor_shape_manager_v1", 2)
[00:13:12.593257] {Default Queue}  -> wl_registry#2.bind(10, "wp_cursor_shape_manager_v1", 1, new id [unknown]#10)
[00:13:12.593266] {Default Queue} wl_registry#2.global(11, "zwp_idle_inhibit_manager_v1", 1)
[00:13:12.593273] {Default Queue} wl_registry#2.global(12, "zwp_relative_pointer_manager_v1", 1)
[00:13:12.593279] {Default Queue} wl_registry#2.global(13, "zxdg_decoration_manager_v1", 2)
[00:13:12.593285] {Default Queue} wl_registry#2.global(14, "wp_alpha_modifier_v1", 1)
[00:13:12.593291] {Default Queue} wl_registry#2.global(15, "zwlr_gamma_control_manager_v1", 1)
[00:13:12.593297] {Default Queue} wl_registry#2.global(16, "ext_foreign_toplevel_list_v1", 1)
[00:13:12.593306] {Default Queue} wl_registry#2.global(17, "zwp_pointer_gestures_v1", 3)
[00:13:12.593312] {Default Queue}  -> wl_registry#2.bind(17, "zwp_pointer_gestures_v1", 1, new id [unknown]#11)
[00:13:12.593318] {Default Queue} wl_registry#2.global(18, "zwlr_foreign_toplevel_manager_v1", 3)
[00:13:12.593324] {Default Queue} wl_registry#2.global(19, "zwp_keyboard_shortcuts_inhibit_manager_v1", 1)
[00:13:12.593330] {Default Queue}  -> wl_registry#2.bind(19, "zwp_keyboard_shortcuts_inhibit_manager_v1", 1, new id [unknown]#12)
[00:13:12.593340] {Default Queue} wl_registry#2.global(20, "zwp_text_input_manager_v1", 1)
[00:13:12.593347] {Default Queue} wl_registry#2.global(21, "zwp_text_input_manager_v3", 1)
[00:13:12.593353] {Default Queue} wl_registry#2.global(22, "zwp_pointer_constraints_v1", 1)
[00:13:12.593359] {Default Queue} wl_registry#2.global(23, "zwlr_output_power_manager_v1", 1)
[00:13:12.593365] {Default Queue} wl_registry#2.global(24, "xdg_activation_v1", 1)
[00:13:12.593371] {Default Queue}  -> wl_registry#2.bind(24, "xdg_activation_v1", 1, new id [unknown]#13)
[00:13:12.593379] {Default Queue} wl_registry#2.global(25, "ext_idle_notifier_v1", 2)
[00:13:12.593385] {Default Queue} wl_registry#2.global(26, "hyprland_lock_notifier_v1", 1)
[00:13:12.593391] {Default Queue} wl_registry#2.global(27, "ext_session_lock_manager_v1", 1)
[00:13:12.593397] {Default Queue} wl_registry#2.global(28, "zwp_input_method_manager_v2", 1)
[00:13:12.593404] {Default Queue} wl_registry#2.global(29, "zwp_virtual_keyboard_manager_v1", 1)
[00:13:12.593410] {Default Queue} wl_registry#2.global(30, "zwlr_virtual_pointer_manager_v1", 2)
[00:13:12.593416] {Default Queue} wl_registry#2.global(31, "zwlr_output_manager_v1", 4)
[00:13:12.593425] {Default Queue} wl_registry#2.global(32, "org_kde_kwin_server_decoration_manager", 1)
[00:13:12.593450] {Default Queue}  -> wl_registry#2.bind(32, "org_kde_kwin_server_decoration_manager", 1, new id [unknown]#14)
[00:13:12.593468] {Default Queue} wl_registry#2.global(33, "hyprland_focus_grab_manager_v1", 1)
[00:13:12.593475] {Default Queue} wl_registry#2.global(34, "zwp_tablet_manager_v2", 1)
[00:13:12.593480] {Default Queue}  -> wl_registry#2.bind(34, "zwp_tablet_manager_v2", 1, new id [unknown]#15)
[00:13:12.593489] {Default Queue} wl_registry#2.global(35, "zwlr_layer_shell_v1", 5)
[00:13:12.593496] {Default Queue} wl_registry#2.global(36, "wp_presentation", 2)
[00:13:12.593524] {Default Queue} wl_registry#2.global(37, "xdg_wm_base", 7)
[00:13:12.593533] {Default Queue} wl_registry#2.global(38, "zwlr_data_control_manager_v1", 2)
[00:13:12.593539] {Default Queue} wl_registry#2.global(39, "zwp_primary_selection_device_manager_v1", 1)
[00:13:12.593545] {Default Queue}  -> wl_registry#2.bind(39, "zwp_primary_selection_device_manager_v1", 1, new id [unknown]#16)
[00:13:12.593551] {Default Queue} wl_registry#2.global(40, "xwayland_shell_v1", 1)
[00:13:12.593557] {Default Queue} wl_registry#2.global(41, "hyprland_toplevel_mapping_manager_v1", 1)
[00:13:12.593563] {Default Queue} wl_registry#2.global(42, "hyprland_global_shortcuts_manager_v1", 1)
[00:13:12.593569] {Default Queue} wl_registry#2.global(43, "xdg_wm_dialog_v1", 1)
[00:13:12.593574] {Default Queue} wl_registry#2.global(44, "wp_single_pixel_buffer_manager_v1", 1)
[00:13:12.593580] {Default Queue} wl_registry#2.global(45, "wp_security_context_manager_v1", 1)
[00:13:12.593585] {Default Queue} wl_registry#2.global(46, "hyprland_ctm_control_manager_v1", 2)
[00:13:12.593590] {Default Queue} wl_registry#2.global(47, "hyprland_input_capture_manager_v1", 1)
[00:13:12.593597] {Default Queue} wl_registry#2.global(48, "hyprland_surface_manager_v1", 2)
[00:13:12.593602] {Default Queue} wl_registry#2.global(49, "wp_content_type_manager_v1", 1)
[00:13:12.593608] {Default Queue} wl_registry#2.global(50, "xdg_toplevel_tag_manager_v1", 1)
[00:13:12.593614] {Default Queue} wl_registry#2.global(51, "xdg_system_bell_v1", 1)
[00:13:12.593620] {Default Queue} wl_registry#2.global(52, "vicinae_hotkey_manager_v1", 1)
[00:13:12.593625] {Default Queue} wl_registry#2.global(53, "ext_workspace_manager_v1", 1)
[00:13:12.593631] {Default Queue} wl_registry#2.global(54, "ext_data_control_manager_v1", 1)
[00:13:12.593636] {Default Queue} wl_registry#2.global(55, "wp_pointer_warp_v1", 1)
[00:13:12.593642] {Default Queue} wl_registry#2.global(56, "wp_fifo_manager_v1", 1)
[00:13:12.593648] {Default Queue} wl_registry#2.global(57, "zxdg_exporter_v2", 1)
[00:13:12.593655] {Default Queue}  -> wl_registry#2.bind(57, "zxdg_exporter_v2", 1, new id [unknown]#17)
[00:13:12.593661] {Default Queue} wl_registry#2.global(58, "zxdg_importer_v2", 1)
[00:13:12.593666] {Default Queue}  -> wl_registry#2.bind(58, "zxdg_importer_v2", 1, new id [unknown]#18)
[00:13:12.593672] {Default Queue} wl_registry#2.global(59, "ext_background_effect_manager_v1", 1)
[00:13:12.593677] {Default Queue} wl_registry#2.global(60, "wp_commit_timing_manager_v1", 1)
[00:13:12.593683] {Default Queue} wl_registry#2.global(61, "zwlr_screencopy_manager_v1", 3)
[00:13:12.593691] {Default Queue} wl_registry#2.global(62, "hyprland_toplevel_export_manager_v1", 2)
[00:13:12.593698] {Default Queue} wl_registry#2.global(63, "ext_output_image_capture_source_manager_v1", 1)
[00:13:12.593704] {Default Queue} wl_registry#2.global(64, "ext_foreign_toplevel_image_capture_source_manager_v1", 1)
[00:13:12.593711] {Default Queue} wl_registry#2.global(65, "ext_image_copy_capture_manager_v1", 1)
[00:13:12.593717] {Default Queue} wl_registry#2.global(66, "wp_color_manager_v1", 3)
[00:13:12.593723] {Default Queue} wl_registry#2.global(67, "wl_drm", 2)
[00:13:12.593729] {Default Queue} wl_registry#2.global(68, "zwp_linux_dmabuf_v1", 5)
[00:13:12.593735] {Default Queue} wl_registry#2.global(69, "wl_output", 4)
[00:13:12.593741] {Default Queue}  -> wl_registry#2.bind(69, "wl_output", 2, new id [unknown]#19)
[00:13:12.593844] {Default Queue}  -> zxdg_output_manager_v1#8.get_xdg_output(new id zxdg_output_v1#20, wl_output#19)
[00:13:12.593859] {Default Queue}  -> wl_display#1.sync(new id wl_callback#21)
[00:13:12.593866] {Default Queue} wl_callback#3.done(35)
[00:13:12.593944] {Default Queue}  -> wl_shm#7.create_pool(new id wl_shm_pool#3, fd 11, 2304)
[00:13:12.594122] {Default Queue}  -> wl_shm_pool#3.resize(6912)
[00:13:12.594233] {Default Queue}  -> wl_shm_pool#3.resize(16128)
[00:13:12.594435] {Default Queue}  -> wl_shm_pool#3.resize(34560)
[00:13:12.594789] {Default Queue}  -> wl_shm_pool#3.resize(71424)
[00:13:12.595455] {Default Queue}  -> wl_shm_pool#3.resize(145152)
[00:13:12.597998] {Default Queue}  -> wl_shm_pool#3.resize(292608)
[00:13:12.600793] {Default Queue}  -> wl_shm_pool#3.resize(587520)
[00:13:12.612011] {Default Queue}  -> wl_registry#2.bind(1, "wl_seat", 5, new id [unknown]#22)
[00:13:12.615833] {Default Queue}  -> wl_compositor#5.create_surface(new id wl_surface#23)
[00:13:12.615877] {Default Queue}  -> zwp_primary_selection_device_manager_v1#16.get_device(new id zwp_primary_selection_device_v1#24, wl_seat#22)
[00:13:12.615892] {Default Queue}  -> wl_data_device_manager#4.get_data_device(new id wl_data_device#25, wl_seat#22)
[00:13:12.616009] {Default Queue}  -> wl_compositor#5.create_surface(new id wl_surface#26)
[00:13:12.616018] {Default Queue}  -> zwp_tablet_manager_v2#15.get_tablet_seat(new id zwp_tablet_seat_v2#27, wl_seat#22)
[00:13:12.616029] {Default Queue}  -> wl_display#1.sync(new id wl_callback#28)
[00:13:12.616450] {Display Queue} wl_display#1.delete_id(9)
[00:13:12.616468] {Display Queue} wl_display#1.delete_id(21)
[00:13:12.616475] {Display Queue} wl_display#1.delete_id(28)
[00:13:12.616480] {Default Queue} wl_shm#7.format(0)
[00:13:12.616487] {Default Queue} wl_shm#7.format(1)
[00:13:12.616493] {Default Queue} wl_shm#7.format(875709016)
[00:13:12.616498] {Default Queue} wl_shm#7.format(875708993)
[00:13:12.616503] {Default Queue} wl_shm#7.format(808669784)
[00:13:12.616508] {Default Queue} wl_shm#7.format(808669761)
[00:13:12.616513] {Default Queue} wl_shm#7.format(808665688)
[00:13:12.616518] {Default Queue} wl_shm#7.format(808665665)
[00:13:12.616523] {Default Queue} wl_callback#9.done(35)
[00:13:12.616528] {Default Queue} org_kde_kwin_server_decoration_manager#14.default_mode(2)
[00:13:12.616537] {Default Queue} wl_output#19.scale(1)
[00:13:12.616544] {Default Queue} wl_output#19.mode(1, 800, 600, 60000)
[00:13:12.616552] {Default Queue} wl_output#19.geometry(0, 0, 0, 0, 1, "", "", 0)
[00:13:12.616563] {Default Queue} wl_output#19.done()
[00:13:12.616584] {Default Queue} zxdg_output_v1#20.name("WAYLAND-1")
[00:13:12.616593] {Default Queue} zxdg_output_v1#20.logical_position(0, 0)
[00:13:12.616599] {Default Queue} zxdg_output_v1#20.logical_size(800, 600)
[00:13:12.616604] {Default Queue} wl_output#19.done()
[00:13:12.616611] {Default Queue} wl_callback#21.done(35)
[00:13:12.616616] {Default Queue} wl_seat#22.name("Hyprland")
[00:13:12.616621] {Default Queue} wl_seat#22.capabilities(3)
[00:13:12.616627] {Default Queue}  -> wl_seat#22.get_pointer(new id wl_pointer#21)
[00:13:12.616642] {Default Queue}  -> zwp_pointer_gestures_v1#11.get_swipe_gesture(new id zwp_pointer_gesture_swipe_v1#9, wl_pointer#21)
[00:13:12.616652] {Default Queue}  -> zwp_pointer_gestures_v1#11.get_pinch_gesture(new id zwp_pointer_gesture_pinch_v1#29, wl_pointer#21)
[00:13:12.616662] {Default Queue}  -> wp_cursor_shape_manager_v1#10.get_pointer(new id wp_cursor_shape_device_v1#30, wl_pointer#21)
[00:13:12.616674] {Default Queue}  -> wl_seat#22.get_keyboard(new id wl_keyboard#31)
[00:13:12.616685] {Default Queue} wl_callback#28.done(35)
[00:13:12.616692] {Default Queue}  -> wl_registry#2.bind(37, "xdg_wm_base", 6, new id [unknown]#28)
[00:13:12.666692] {Default Queue}  -> wl_display#1.get_registry(new id wl_registry#32)
[00:13:12.666745] {Default Queue}  -> wl_display#1.sync(new id wl_callback#33)
[00:13:12.667137] {Display Queue} wl_display#1.delete_id(33)
[00:13:12.667183] {Default Queue} wl_keyboard#31.keymap(1, fd 4, 35572)
[00:13:12.670478] {Default Queue} wl_keyboard#31.repeat_info(25, 600)
[00:13:12.670523] {Default Queue} wl_registry#32.global(1, "wl_seat", 9)
[00:13:12.670550] {Default Queue} wl_registry#32.global(2, "wl_data_device_manager", 3)
[00:13:12.670561] {Default Queue} wl_registry#32.global(3, "wl_compositor", 6)
[00:13:12.670571] {Default Queue} wl_registry#32.global(4, "wl_subcompositor", 1)
[00:13:12.670579] {Default Queue} wl_registry#32.global(5, "wl_shm", 2)
[00:13:12.670588] {Default Queue} wl_registry#32.global(6, "wp_viewporter", 1)
[00:13:12.670597] {Default Queue} wl_registry#32.global(7, "wp_tearing_control_manager_v1", 1)
[00:13:12.670606] {Default Queue} wl_registry#32.global(8, "wp_fractional_scale_manager_v1", 1)
[00:13:12.670615] {Default Queue} wl_registry#32.global(9, "zxdg_output_manager_v1", 3)
[00:13:12.670624] {Default Queue} wl_registry#32.global(10, "wp_cursor_shape_manager_v1", 2)
[00:13:12.670633] {Default Queue} wl_registry#32.global(11, "zwp_idle_inhibit_manager_v1", 1)
[00:13:12.670641] {Default Queue} wl_registry#32.global(12, "zwp_relative_pointer_manager_v1", 1)
[00:13:12.670649] {Default Queue} wl_registry#32.global(13, "zxdg_decoration_manager_v1", 2)
[00:13:12.670658] {Default Queue} wl_registry#32.global(14, "wp_alpha_modifier_v1", 1)
[00:13:12.670666] {Default Queue} wl_registry#32.global(15, "zwlr_gamma_control_manager_v1", 1)
[00:13:12.670675] {Default Queue} wl_registry#32.global(16, "ext_foreign_toplevel_list_v1", 1)
[00:13:12.670684] {Default Queue} wl_registry#32.global(17, "zwp_pointer_gestures_v1", 3)
[00:13:12.670694] {Default Queue} wl_registry#32.global(18, "zwlr_foreign_toplevel_manager_v1", 3)
[00:13:12.670704] {Default Queue} wl_registry#32.global(19, "zwp_keyboard_shortcuts_inhibit_manager_v1", 1)
[00:13:12.670714] {Default Queue} wl_registry#32.global(20, "zwp_text_input_manager_v1", 1)
[00:13:12.670723] {Default Queue} wl_registry#32.global(21, "zwp_text_input_manager_v3", 1)
[00:13:12.670731] {Default Queue} wl_registry#32.global(22, "zwp_pointer_constraints_v1", 1)
[00:13:12.670740] {Default Queue} wl_registry#32.global(23, "zwlr_output_power_manager_v1", 1)
[00:13:12.670748] {Default Queue} wl_registry#32.global(24, "xdg_activation_v1", 1)
[00:13:12.670756] {Default Queue} wl_registry#32.global(25, "ext_idle_notifier_v1", 2)
[00:13:12.670765] {Default Queue} wl_registry#32.global(26, "hyprland_lock_notifier_v1", 1)
[00:13:12.670773] {Default Queue} wl_registry#32.global(27, "ext_session_lock_manager_v1", 1)
[00:13:12.670782] {Default Queue} wl_registry#32.global(28, "zwp_input_method_manager_v2", 1)
[00:13:12.670790] {Default Queue} wl_registry#32.global(29, "zwp_virtual_keyboard_manager_v1", 1)
[00:13:12.670799] {Default Queue} wl_registry#32.global(30, "zwlr_virtual_pointer_manager_v1", 2)
[00:13:12.670807] {Default Queue} wl_registry#32.global(31, "zwlr_output_manager_v1", 4)
[00:13:12.670815] {Default Queue} wl_registry#32.global(32, "org_kde_kwin_server_decoration_manager", 1)
[00:13:12.670823] {Default Queue} wl_registry#32.global(33, "hyprland_focus_grab_manager_v1", 1)
[00:13:12.670832] {Default Queue} wl_registry#32.global(34, "zwp_tablet_manager_v2", 1)
[00:13:12.670840] {Default Queue} wl_registry#32.global(35, "zwlr_layer_shell_v1", 5)
[00:13:12.670851] {Default Queue}  -> wl_registry#32.bind(35, "zwlr_layer_shell_v1", 4, new id [unknown]#34)
[00:13:12.670862] {Default Queue} wl_registry#32.global(36, "wp_presentation", 2)
[00:13:12.670872] {Default Queue} wl_registry#32.global(37, "xdg_wm_base", 7)
[00:13:12.670881] {Default Queue}  -> wl_registry#32.bind(37, "xdg_wm_base", 7, new id [unknown]#35)
[00:13:12.670891] {Default Queue} wl_registry#32.global(38, "zwlr_data_control_manager_v1", 2)
[00:13:12.670901] {Default Queue} wl_registry#32.global(39, "zwp_primary_selection_device_manager_v1", 1)
[00:13:12.670909] {Default Queue} wl_registry#32.global(40, "xwayland_shell_v1", 1)
[00:13:12.670917] {Default Queue} wl_registry#32.global(41, "hyprland_toplevel_mapping_manager_v1", 1)
[00:13:12.670926] {Default Queue} wl_registry#32.global(42, "hyprland_global_shortcuts_manager_v1", 1)
[00:13:12.670947] {Default Queue} wl_registry#32.global(43, "xdg_wm_dialog_v1", 1)
[00:13:12.670963] {Default Queue} wl_registry#32.global(44, "wp_single_pixel_buffer_manager_v1", 1)
[00:13:12.670972] {Default Queue} wl_registry#32.global(45, "wp_security_context_manager_v1", 1)
[00:13:12.670981] {Default Queue} wl_registry#32.global(46, "hyprland_ctm_control_manager_v1", 2)
[00:13:12.670989] {Default Queue} wl_registry#32.global(47, "hyprland_input_capture_manager_v1", 1)
[00:13:12.670997] {Default Queue} wl_registry#32.global(48, "hyprland_surface_manager_v1", 2)
[00:13:12.671005] {Default Queue} wl_registry#32.global(49, "wp_content_type_manager_v1", 1)
[00:13:12.671014] {Default Queue} wl_registry#32.global(50, "xdg_toplevel_tag_manager_v1", 1)
[00:13:12.671022] {Default Queue} wl_registry#32.global(51, "xdg_system_bell_v1", 1)
[00:13:12.671030] {Default Queue} wl_registry#32.global(52, "vicinae_hotkey_manager_v1", 1)
[00:13:12.671040] {Default Queue} wl_registry#32.global(53, "ext_workspace_manager_v1", 1)
[00:13:12.671048] {Default Queue} wl_registry#32.global(54, "ext_data_control_manager_v1", 1)
[00:13:12.671057] {Default Queue} wl_registry#32.global(55, "wp_pointer_warp_v1", 1)
[00:13:12.671065] {Default Queue} wl_registry#32.global(56, "wp_fifo_manager_v1", 1)
[00:13:12.671074] {Default Queue} wl_registry#32.global(57, "zxdg_exporter_v2", 1)
[00:13:12.671083] {Default Queue} wl_registry#32.global(58, "zxdg_importer_v2", 1)
[00:13:12.671091] {Default Queue} wl_registry#32.global(59, "ext_background_effect_manager_v1", 1)
[00:13:12.671099] {Default Queue} wl_registry#32.global(60, "wp_commit_timing_manager_v1", 1)
[00:13:12.671108] {Default Queue} wl_registry#32.global(61, "zwlr_screencopy_manager_v1", 3)
[00:13:12.671116] {Default Queue} wl_registry#32.global(62, "hyprland_toplevel_export_manager_v1", 2)
[00:13:12.671125] {Default Queue} wl_registry#32.global(63, "ext_output_image_capture_source_manager_v1", 1)
[00:13:12.671134] {Default Queue} wl_registry#32.global(64, "ext_foreign_toplevel_image_capture_source_manager_v1", 1)
[00:13:12.671142] {Default Queue} wl_registry#32.global(65, "ext_image_copy_capture_manager_v1", 1)
[00:13:12.671150] {Default Queue} wl_registry#32.global(66, "wp_color_manager_v1", 3)
[00:13:12.671160] {Default Queue} wl_registry#32.global(67, "wl_drm", 2)
[00:13:12.671168] {Default Queue} wl_registry#32.global(68, "zwp_linux_dmabuf_v1", 5)
[00:13:12.671177] {Default Queue} wl_registry#32.global(69, "wl_output", 4)
[00:13:12.671185] {Default Queue} wl_callback#33.done(35)
[00:13:12.751894] {Default Queue}  -> wl_compositor#5.create_surface(new id wl_surface#33)
[00:13:12.752773] {mesa egl display queue}  -> wl_display#1.get_registry(new id wl_registry#36)
[00:13:12.752798] {mesa egl display queue}  -> wl_display#1.sync(new id wl_callback#37)
[00:13:12.753040] {Display Queue} wl_display#1.delete_id(37)
[00:13:12.753056] {mesa egl display queue} wl_registry#36.global(1, "wl_seat", 9)
[00:13:12.753069] {mesa egl display queue} wl_registry#36.global(2, "wl_data_device_manager", 3)
[00:13:12.753078] {mesa egl display queue} wl_registry#36.global(3, "wl_compositor", 6)
[00:13:12.753086] {mesa egl display queue} wl_registry#36.global(4, "wl_subcompositor", 1)
[00:13:12.753094] {mesa egl display queue} wl_registry#36.global(5, "wl_shm", 2)
[00:13:12.753101] {mesa egl display queue} wl_registry#36.global(6, "wp_viewporter", 1)
[00:13:12.753109] {mesa egl display queue} wl_registry#36.global(7, "wp_tearing_control_manager_v1", 1)
[00:13:12.753117] {mesa egl display queue} wl_registry#36.global(8, "wp_fractional_scale_manager_v1", 1)
[00:13:12.753124] {mesa egl display queue} wl_registry#36.global(9, "zxdg_output_manager_v1", 3)
[00:13:12.753132] {mesa egl display queue} wl_registry#36.global(10, "wp_cursor_shape_manager_v1", 2)
[00:13:12.753139] {mesa egl display queue} wl_registry#36.global(11, "zwp_idle_inhibit_manager_v1", 1)
[00:13:12.753147] {mesa egl display queue} wl_registry#36.global(12, "zwp_relative_pointer_manager_v1", 1)
[00:13:12.753155] {mesa egl display queue} wl_registry#36.global(13, "zxdg_decoration_manager_v1", 2)
[00:13:12.753181] {mesa egl display queue} wl_registry#36.global(14, "wp_alpha_modifier_v1", 1)
[00:13:12.753204] {mesa egl display queue} wl_registry#36.global(15, "zwlr_gamma_control_manager_v1", 1)
[00:13:12.753212] {mesa egl display queue} wl_registry#36.global(16, "ext_foreign_toplevel_list_v1", 1)
[00:13:12.753220] {mesa egl display queue} wl_registry#36.global(17, "zwp_pointer_gestures_v1", 3)
[00:13:12.753228] {mesa egl display queue} wl_registry#36.global(18, "zwlr_foreign_toplevel_manager_v1", 3)
[00:13:12.753235] {mesa egl display queue} wl_registry#36.global(19, "zwp_keyboard_shortcuts_inhibit_manager_v1", 1)
[00:13:12.753243] {mesa egl display queue} wl_registry#36.global(20, "zwp_text_input_manager_v1", 1)
[00:13:12.753266] {mesa egl display queue} wl_registry#36.global(21, "zwp_text_input_manager_v3", 1)
[00:13:12.753275] {mesa egl display queue} wl_registry#36.global(22, "zwp_pointer_constraints_v1", 1)
[00:13:12.753282] {mesa egl display queue} wl_registry#36.global(23, "zwlr_output_power_manager_v1", 1)
[00:13:12.753290] {mesa egl display queue} wl_registry#36.global(24, "xdg_activation_v1", 1)
[00:13:12.753297] {mesa egl display queue} wl_registry#36.global(25, "ext_idle_notifier_v1", 2)
[00:13:12.753306] {mesa egl display queue} wl_registry#36.global(26, "hyprland_lock_notifier_v1", 1)
[00:13:12.753313] {mesa egl display queue} wl_registry#36.global(27, "ext_session_lock_manager_v1", 1)
[00:13:12.753320] {mesa egl display queue} wl_registry#36.global(28, "zwp_input_method_manager_v2", 1)
[00:13:12.753328] {mesa egl display queue} wl_registry#36.global(29, "zwp_virtual_keyboard_manager_v1", 1)
[00:13:12.753335] {mesa egl display queue} wl_registry#36.global(30, "zwlr_virtual_pointer_manager_v1", 2)
[00:13:12.753343] {mesa egl display queue} wl_registry#36.global(31, "zwlr_output_manager_v1", 4)
[00:13:12.753351] {mesa egl display queue} wl_registry#36.global(32, "org_kde_kwin_server_decoration_manager", 1)
[00:13:12.753358] {mesa egl display queue} wl_registry#36.global(33, "hyprland_focus_grab_manager_v1", 1)
[00:13:12.753366] {mesa egl display queue} wl_registry#36.global(34, "zwp_tablet_manager_v2", 1)
[00:13:12.753373] {mesa egl display queue} wl_registry#36.global(35, "zwlr_layer_shell_v1", 5)
[00:13:12.753380] {mesa egl display queue} wl_registry#36.global(36, "wp_presentation", 2)
[00:13:12.753389] {mesa egl display queue}  -> wl_registry#36.bind(36, "wp_presentation", 1, new id [unknown]#38)
[00:13:12.753399] {mesa egl display queue} wl_registry#36.global(37, "xdg_wm_base", 7)
[00:13:12.753407] {mesa egl display queue} wl_registry#36.global(38, "zwlr_data_control_manager_v1", 2)
[00:13:12.753415] {mesa egl display queue} wl_registry#36.global(39, "zwp_primary_selection_device_manager_v1", 1)
[00:13:12.753422] {mesa egl display queue} wl_registry#36.global(40, "xwayland_shell_v1", 1)
[00:13:12.753430] {mesa egl display queue} wl_registry#36.global(41, "hyprland_toplevel_mapping_manager_v1", 1)
[00:13:12.753437] {mesa egl display queue} wl_registry#36.global(42, "hyprland_global_shortcuts_manager_v1", 1)
[00:13:12.753445] {mesa egl display queue} wl_registry#36.global(43, "xdg_wm_dialog_v1", 1)
[00:13:12.753452] {mesa egl display queue} wl_registry#36.global(44, "wp_single_pixel_buffer_manager_v1", 1)
[00:13:12.753460] {mesa egl display queue} wl_registry#36.global(45, "wp_security_context_manager_v1", 1)
[00:13:12.753468] {mesa egl display queue} wl_registry#36.global(46, "hyprland_ctm_control_manager_v1", 2)
[00:13:12.753475] {mesa egl display queue} wl_registry#36.global(47, "hyprland_input_capture_manager_v1", 1)
[00:13:12.753482] {mesa egl display queue} wl_registry#36.global(48, "hyprland_surface_manager_v1", 2)
[00:13:12.753490] {mesa egl display queue} wl_registry#36.global(49, "wp_content_type_manager_v1", 1)
[00:13:12.753498] {mesa egl display queue} wl_registry#36.global(50, "xdg_toplevel_tag_manager_v1", 1)
[00:13:12.753506] {mesa egl display queue} wl_registry#36.global(51, "xdg_system_bell_v1", 1)
[00:13:12.753520] {mesa egl display queue} wl_registry#36.global(52, "vicinae_hotkey_manager_v1", 1)
[00:13:12.753532] {mesa egl display queue} wl_registry#36.global(53, "ext_workspace_manager_v1", 1)
[00:13:12.753539] {mesa egl display queue} wl_registry#36.global(54, "ext_data_control_manager_v1", 1)
[00:13:12.753547] {mesa egl display queue} wl_registry#36.global(55, "wp_pointer_warp_v1", 1)
[00:13:12.753554] {mesa egl display queue} wl_registry#36.global(56, "wp_fifo_manager_v1", 1)
[00:13:12.753562] {mesa egl display queue} wl_registry#36.global(57, "zxdg_exporter_v2", 1)
[00:13:12.753569] {mesa egl display queue} wl_registry#36.global(58, "zxdg_importer_v2", 1)
[00:13:12.753576] {mesa egl display queue} wl_registry#36.global(59, "ext_background_effect_manager_v1", 1)
[00:13:12.753583] {mesa egl display queue} wl_registry#36.global(60, "wp_commit_timing_manager_v1", 1)
[00:13:12.753590] {mesa egl display queue} wl_registry#36.global(61, "zwlr_screencopy_manager_v1", 3)
[00:13:12.753598] {mesa egl display queue} wl_registry#36.global(62, "hyprland_toplevel_export_manager_v1", 2)
[00:13:12.753605] {mesa egl display queue} wl_registry#36.global(63, "ext_output_image_capture_source_manager_v1", 1)
[00:13:12.753612] {mesa egl display queue} wl_registry#36.global(64, "ext_foreign_toplevel_image_capture_source_manager_v1", 1)
[00:13:12.753620] {mesa egl display queue} wl_registry#36.global(65, "ext_image_copy_capture_manager_v1", 1)
[00:13:12.753628] {mesa egl display queue} wl_registry#36.global(66, "wp_color_manager_v1", 3)
[00:13:12.753636] {mesa egl display queue} wl_registry#36.global(67, "wl_drm", 2)
[00:13:12.753643] {mesa egl display queue} wl_registry#36.global(68, "zwp_linux_dmabuf_v1", 5)
[00:13:12.753651] {mesa egl display queue}  -> wl_registry#36.bind(68, "zwp_linux_dmabuf_v1", 4, new id [unknown]#39)
[00:13:12.753660] {mesa egl display queue} wl_registry#36.global(69, "wl_output", 4)
[00:13:12.753668] {mesa egl display queue} wl_callback#37.done(35)
[00:13:12.753677] {mesa egl display queue}  -> zwp_linux_dmabuf_v1#39.get_default_feedback(new id zwp_linux_dmabuf_feedback_v1#37)
[00:13:12.753690] {mesa egl display queue}  -> wl_display#1.sync(new id wl_callback#40)
[00:13:12.753774] {Display Queue} wl_display#1.delete_id(40)
[00:13:12.753785] {mesa egl display queue} wp_presentation#38.clock_id(1)
[00:13:12.753794] {mesa egl display queue} zwp_linux_dmabuf_feedback_v1#37.format_table(fd 12, 2960)
[00:13:12.753827] {mesa egl display queue} zwp_linux_dmabuf_feedback_v1#37.main_device(array[8])
[00:13:12.754516] {mesa egl display queue} zwp_linux_dmabuf_feedback_v1#37.tranche_target_device(array[8])
[00:13:12.754532] {mesa egl display queue} zwp_linux_dmabuf_feedback_v1#37.tranche_flags(0)
[00:13:12.754541] {mesa egl display queue} zwp_linux_dmabuf_feedback_v1#37.tranche_formats(array[370])
[00:13:12.754563] {mesa egl display queue} zwp_linux_dmabuf_feedback_v1#37.tranche_done()
[00:13:12.754571] {mesa egl display queue} zwp_linux_dmabuf_feedback_v1#37.done()
[00:13:12.754578] {mesa egl display queue} wl_callback#40.done(35)
[00:13:12.754587] {mesa egl display queue}  -> zwp_linux_dmabuf_feedback_v1#37.destroy()
[00:13:12.788776] {Default Queue}  -> wl_surface#33.destroy()
[00:13:12.789048] {Default Queue}  -> wl_compositor#5.create_surface(new id wl_surface#40)
[00:13:12.798096] {Default Queue}  -> wl_surface#40.destroy()
view-process-policy: related=1 distinct-manager=1
view-process-policy: related=1 distinct-manager=1
[00:13:12.831450] {Default Queue}  -> wl_compositor#5.create_surface(new id wl_surface#41)
[00:13:12.832863] {Default Queue}  -> wl_display#1.get_registry(new id wl_registry#42)
[00:13:12.833090] {Default Queue}  -> wl_surface#41.attach(nil, 0, 0)
[00:13:12.833111] {Default Queue}  -> zwlr_layer_shell_v1#34.get_layer_surface(new id zwlr_layer_surface_v1#43, wl_surface#41, wl_output#19, 2, "elm-shell-recovery-v17")
[00:13:12.833131] {Default Queue}  -> zwlr_layer_surface_v1#43.set_keyboard_interactivity(0)
[00:13:12.833148] {Default Queue}  -> zwlr_layer_surface_v1#43.set_exclusive_zone(48)
[00:13:12.833169] {Default Queue}  -> zwlr_layer_surface_v1#43.set_anchor(13)
[00:13:12.833194] {Default Queue}  -> zwlr_layer_surface_v1#43.set_margin(0, 0, 0, 0)
[00:13:12.833205] {Default Queue}  -> zwlr_layer_surface_v1#43.set_size(0, 48)
[00:13:12.833215] {Default Queue}  -> wl_surface#41.commit()
[00:13:12.833226] {Default Queue}  -> wl_display#1.sync(new id wl_callback#44)
[00:13:12.833706] {Display Queue} wl_display#1.delete_id(37)
[00:13:12.833748] {Display Queue} wl_display#1.delete_id(33)
[00:13:12.833761] {Display Queue} wl_display#1.delete_id(40)
[00:13:12.833770] {Display Queue} wl_display#1.delete_id(44)
[00:13:12.833777] {Default Queue} wl_registry#42.global(1, "wl_seat", 9)
[00:13:12.833789] {Default Queue} wl_registry#42.global(2, "wl_data_device_manager", 3)
[00:13:12.833797] {Default Queue} wl_registry#42.global(3, "wl_compositor", 6)
[00:13:12.833805] {Default Queue} wl_registry#42.global(4, "wl_subcompositor", 1)
[00:13:12.833813] {Default Queue} wl_registry#42.global(5, "wl_shm", 2)
[00:13:12.833820] {Default Queue} wl_registry#42.global(6, "wp_viewporter", 1)
[00:13:12.833827] {Default Queue} wl_registry#42.global(7, "wp_tearing_control_manager_v1", 1)
[00:13:12.833834] {Default Queue} wl_registry#42.global(8, "wp_fractional_scale_manager_v1", 1)
[00:13:12.833842] {Default Queue} wl_registry#42.global(9, "zxdg_output_manager_v1", 3)
[00:13:12.833850] {Default Queue} wl_registry#42.global(10, "wp_cursor_shape_manager_v1", 2)
[00:13:12.833857] {Default Queue} wl_registry#42.global(11, "zwp_idle_inhibit_manager_v1", 1)
[00:13:12.833864] {Default Queue} wl_registry#42.global(12, "zwp_relative_pointer_manager_v1", 1)
[00:13:12.833872] {Default Queue} wl_registry#42.global(13, "zxdg_decoration_manager_v1", 2)
[00:13:12.833880] {Default Queue} wl_registry#42.global(14, "wp_alpha_modifier_v1", 1)
[00:13:12.833887] {Default Queue} wl_registry#42.global(15, "zwlr_gamma_control_manager_v1", 1)
[00:13:12.833895] {Default Queue} wl_registry#42.global(16, "ext_foreign_toplevel_list_v1", 1)
[00:13:12.833902] {Default Queue} wl_registry#42.global(17, "zwp_pointer_gestures_v1", 3)
[00:13:12.833912] {Default Queue} wl_registry#42.global(18, "zwlr_foreign_toplevel_manager_v1", 3)
[00:13:12.833920] {Default Queue} wl_registry#42.global(19, "zwp_keyboard_shortcuts_inhibit_manager_v1", 1)
[00:13:12.833927] {Default Queue} wl_registry#42.global(20, "zwp_text_input_manager_v1", 1)
[00:13:12.833935] {Default Queue} wl_registry#42.global(21, "zwp_text_input_manager_v3", 1)
[00:13:12.833944] {Default Queue}  -> wl_registry#42.bind(21, "zwp_text_input_manager_v3", 1, new id [unknown]#40)
[00:13:12.833957] {Default Queue}  -> zwp_text_input_manager_v3#40.get_text_input(new id zwp_text_input_v3#33, wl_seat#22)
[00:13:12.833966] {Default Queue} wl_registry#42.global(22, "zwp_pointer_constraints_v1", 1)
[00:13:12.833974] {Default Queue} wl_registry#42.global(23, "zwlr_output_power_manager_v1", 1)
[00:13:12.833982] {Default Queue} wl_registry#42.global(24, "xdg_activation_v1", 1)
[00:13:12.833989] {Default Queue} wl_registry#42.global(25, "ext_idle_notifier_v1", 2)
[00:13:12.833997] {Default Queue} wl_registry#42.global(26, "hyprland_lock_notifier_v1", 1)
[00:13:12.834004] {Default Queue} wl_registry#42.global(27, "ext_session_lock_manager_v1", 1)
[00:13:12.834011] {Default Queue} wl_registry#42.global(28, "zwp_input_method_manager_v2", 1)
[00:13:12.834019] {Default Queue} wl_registry#42.global(29, "zwp_virtual_keyboard_manager_v1", 1)
[00:13:12.834027] {Default Queue} wl_registry#42.global(30, "zwlr_virtual_pointer_manager_v1", 2)
[00:13:12.834034] {Default Queue} wl_registry#42.global(31, "zwlr_output_manager_v1", 4)
[00:13:12.834042] {Default Queue} wl_registry#42.global(32, "org_kde_kwin_server_decoration_manager", 1)
[00:13:12.834050] {Default Queue} wl_registry#42.global(33, "hyprland_focus_grab_manager_v1", 1)
[00:13:12.834058] {Default Queue} wl_registry#42.global(34, "zwp_tablet_manager_v2", 1)
[00:13:12.834065] {Default Queue} wl_registry#42.global(35, "zwlr_layer_shell_v1", 5)
[00:13:12.834073] {Default Queue} wl_registry#42.global(36, "wp_presentation", 2)
[00:13:12.834095] {Default Queue} wl_registry#42.global(37, "xdg_wm_base", 7)
[00:13:12.834118] {Default Queue} wl_registry#42.global(38, "zwlr_data_control_manager_v1", 2)
[00:13:12.834127] {Default Queue} wl_registry#42.global(39, "zwp_primary_selection_device_manager_v1", 1)
[00:13:12.834135] {Default Queue} wl_registry#42.global(40, "xwayland_shell_v1", 1)
[00:13:12.834143] {Default Queue} wl_registry#42.global(41, "hyprland_toplevel_mapping_manager_v1", 1)
[00:13:12.834151] {Default Queue} wl_registry#42.global(42, "hyprland_global_shortcuts_manager_v1", 1)
[00:13:12.834159] {Default Queue} wl_registry#42.global(43, "xdg_wm_dialog_v1", 1)
[00:13:12.834166] {Default Queue} wl_registry#42.global(44, "wp_single_pixel_buffer_manager_v1", 1)
[00:13:12.834173] {Default Queue} wl_registry#42.global(45, "wp_security_context_manager_v1", 1)
[00:13:12.834180] {Default Queue} wl_registry#42.global(46, "hyprland_ctm_control_manager_v1", 2)
[00:13:12.834188] {Default Queue} wl_registry#42.global(47, "hyprland_input_capture_manager_v1", 1)
[00:13:12.834195] {Default Queue} wl_registry#42.global(48, "hyprland_surface_manager_v1", 2)
[00:13:12.834202] {Default Queue} wl_registry#42.global(49, "wp_content_type_manager_v1", 1)
[00:13:12.834210] {Default Queue} wl_registry#42.global(50, "xdg_toplevel_tag_manager_v1", 1)
[00:13:12.834217] {Default Queue} wl_registry#42.global(51, "xdg_system_bell_v1", 1)
[00:13:12.834225] {Default Queue} wl_registry#42.global(52, "vicinae_hotkey_manager_v1", 1)
[00:13:12.834233] {Default Queue} wl_registry#42.global(53, "ext_workspace_manager_v1", 1)
[00:13:12.834241] {Default Queue} wl_registry#42.global(54, "ext_data_control_manager_v1", 1)
[00:13:12.834260] {Default Queue} wl_registry#42.global(55, "wp_pointer_warp_v1", 1)
[00:13:12.834270] {Default Queue} wl_registry#42.global(56, "wp_fifo_manager_v1", 1)
[00:13:12.834277] {Default Queue} wl_registry#42.global(57, "zxdg_exporter_v2", 1)
[00:13:12.834285] {Default Queue} wl_registry#42.global(58, "zxdg_importer_v2", 1)
[00:13:12.834292] {Default Queue} wl_registry#42.global(59, "ext_background_effect_manager_v1", 1)
[00:13:12.834300] {Default Queue} wl_registry#42.global(60, "wp_commit_timing_manager_v1", 1)
[00:13:12.834307] {Default Queue} wl_registry#42.global(61, "zwlr_screencopy_manager_v1", 3)
[00:13:12.834314] {Default Queue} wl_registry#42.global(62, "hyprland_toplevel_export_manager_v1", 2)
[00:13:12.834321] {Default Queue} wl_registry#42.global(63, "ext_output_image_capture_source_manager_v1", 1)
[00:13:12.834329] {Default Queue} wl_registry#42.global(64, "ext_foreign_toplevel_image_capture_source_manager_v1", 1)
[00:13:12.834337] {Default Queue} wl_registry#42.global(65, "ext_image_copy_capture_manager_v1", 1)
[00:13:12.834344] {Default Queue} wl_registry#42.global(66, "wp_color_manager_v1", 3)
[00:13:12.834351] {Default Queue} wl_registry#42.global(67, "wl_drm", 2)
[00:13:12.834359] {Default Queue} wl_registry#42.global(68, "zwp_linux_dmabuf_v1", 5)
[00:13:12.834366] {Default Queue} wl_registry#42.global(69, "wl_output", 4)
[00:13:12.834374] {Default Queue} zwlr_layer_surface_v1#43.configure(36, 800, 48)
[00:13:12.834383] {Default Queue}  -> zwlr_layer_surface_v1#43.ack_configure(36)
[00:13:12.834393] {Default Queue} wl_callback#44.done(37)
[00:13:12.834539] {Default Queue}  -> wl_surface#41.commit()
view-added: id=1 geometry=0,0,800,600
shared-host-start: views=1 controllers=1 backend-clients=1 sandbox=1
[00:13:12.837811] {Default Queue} zwlr_layer_surface_v1#43.configure(38, 800, 48)
[00:13:12.837857] {Default Queue}  -> zwlr_layer_surface_v1#43.ack_configure(38)
[00:13:12.846768] {Default Queue}  -> wl_surface#41.set_buffer_scale(1)
[00:13:12.847023] {Default Queue}  -> wl_shm#7.create_pool(new id wl_shm_pool#44, fd 24, 153600)
[00:13:12.847051] {Default Queue}  -> wl_shm_pool#44.create_buffer(new id wl_buffer#37, 0, 800, 48, 3200, 0)
[00:13:12.847373] {Default Queue}  -> wl_surface#41.attach(wl_buffer#37, 0, 0)
[00:13:12.847395] {Default Queue}  -> wl_surface#41.set_buffer_scale(1)
[00:13:12.847405] {Default Queue}  -> wl_surface#41.damage(0, 0, 800, 48)
[00:13:12.847429] {Default Queue}  -> wl_compositor#5.create_region(new id wl_region#45)
[00:13:12.847453] {Default Queue}  -> wl_region#45.add(0, 0, 800, 48)
[00:13:12.847462] {Default Queue}  -> wl_surface#41.set_opaque_region(wl_region#45)
[00:13:12.847469] {Default Queue}  -> wl_region#45.destroy()
[00:13:12.847477] {Default Queue}  -> wl_surface#41.set_input_region(nil)
[00:13:12.847496] {Default Queue}  -> wl_surface#41.frame(new id wl_callback#46)
[00:13:12.847505] {Default Queue}  -> wl_surface#41.commit()
[00:13:12.848416] {Display Queue} wl_display#1.delete_id(45)
[00:13:12.848449] {Display Queue} wl_display#1.delete_id(46)
[00:13:12.848458] {Default Queue} wl_callback#46.done(123458783)
[00:13:12.848469] {Default Queue} wl_surface#41.enter(wl_output#19)
[00:13:12.848477] {Default Queue} wl_buffer#37.release()

** (process:2): WARNING **: 18:13:12.943: Can't connect to a11y bus: Could not connect: No such file or directory
[00:13:13.173473] {Default Queue}  -> wl_surface#41.set_buffer_scale(1)
[00:13:13.173537] {mesa egl surface queue}  -> zwp_linux_dmabuf_v1#39.get_surface_feedback(new id zwp_linux_dmabuf_feedback_v1#46, wl_surface#41)
[00:13:13.173569] {mesa egl display queue}  -> wl_display#1.sync(new id wl_callback#45)
[00:13:13.173707] {Display Queue} wl_display#1.delete_id(45)
[00:13:13.173723] {mesa egl display queue} wl_callback#45.done(38)
[00:13:13.173750] {mesa egl surface queue} zwp_linux_dmabuf_feedback_v1#46.format_table(fd 32, 2960)
[00:13:13.173783] {mesa egl surface queue} zwp_linux_dmabuf_feedback_v1#46.main_device(array[8])
[00:13:13.173794] {mesa egl surface queue} zwp_linux_dmabuf_feedback_v1#46.tranche_target_device(array[8])
[00:13:13.173802] {mesa egl surface queue} zwp_linux_dmabuf_feedback_v1#46.tranche_flags(0)
[00:13:13.173814] {mesa egl surface queue} zwp_linux_dmabuf_feedback_v1#46.tranche_formats(array[370])
[00:13:13.173828] {mesa egl surface queue} zwp_linux_dmabuf_feedback_v1#46.tranche_done()
[00:13:13.173844] {mesa egl surface queue} zwp_linux_dmabuf_feedback_v1#46.done()
[00:13:13.192962] {Default Queue}  -> wl_surface#41.attach(wl_buffer#37, 0, 0)
[00:13:13.193015] {Default Queue}  -> wl_surface#41.set_buffer_scale(1)
[00:13:13.193032] {Default Queue}  -> wl_surface#41.damage(0, 0, 800, 48)
[00:13:13.193079] {Default Queue}  -> wl_surface#41.frame(new id wl_callback#45)
[00:13:13.193102] {Default Queue}  -> wl_surface#41.commit()
view-topology: {"viewProtocol":1,"kind":"view-topology","revision":"1","views":[{"id":"1","generation":"1"}]}
[00:13:13.200504] {Default Queue} wl_buffer#37.release()
[00:13:13.202273] {Display Queue} wl_display#1.delete_id(45)
[00:13:13.202314] {Default Queue} wl_callback#45.done(123459137)
surface-report: origin=bar {"kind":"surface-report","body":{"publication":null,"lease":null,"buttons":[],"focus":"","text":""}}
view-report: id=1 x=0 y=0 {"kind":"surface-report","body":{"publication":null,"lease":null,"buttons":[],"focus":"","text":""}}
surface-commit: publication=3 lease=0 open=0
view-commit: popup=0 focus=1 publication=3
surface-inspection: {"surfaceProtocol":2,"kind":"surface-inspection","publication":"3","lease":"0","body":{"phase":"Detached","transaction":"Idle","groups":[],"menu":null,"mode":"closed","outstanding":0,"registry":0,"picker":null,"openerId":"applications:detached:2:control:opener","reconnectId":"reconnect"}}
[00:13:13.241282] {Default Queue}  -> wl_buffer#37.destroy()
[00:13:13.241323] {Default Queue}  -> wl_shm_pool#44.destroy()
[00:13:13.250200] {mesa egl display queue}  -> zwp_linux_dmabuf_v1#39.create_params(new id zwp_linux_buffer_params_v1#45)
[00:13:13.250278] {mesa egl surface queue}  -> zwp_linux_buffer_params_v1#45.add(fd 29, 0, 0, 3584, 16777216, 15)
[00:13:13.250300] {mesa egl surface queue}  -> zwp_linux_buffer_params_v1#45.add(fd 31, 1, 229376, 448, 16777216, 15)
[00:13:13.250316] {mesa egl surface queue}  -> zwp_linux_buffer_params_v1#45.add(fd 40, 2, 233472, 64, 16777216, 15)
[00:13:13.250327] {mesa egl surface queue}  -> zwp_linux_buffer_params_v1#45.create_immed(new id wl_buffer#47, 800, 48, 875713089, 0)
[00:13:13.250370] {mesa egl surface queue}  -> zwp_linux_buffer_params_v1#45.destroy()
[00:13:13.250382] {mesa egl surface queue}  -> wl_surface#41.attach(wl_buffer#47, 0, 0)
[00:13:13.250394] {mesa egl surface queue}  -> wl_surface#41.damage(0, 0, 2147483647, 2147483647)
[00:13:13.250406] {mesa egl surface queue}  -> wl_surface#41.commit()
[00:13:13.250414] {mesa egl surface queue}  -> wl_display#1.sync(new id wl_callback#48)
[00:13:13.250830] discarded [unknown]#37.[event 0](0 fd, 8 byte)
[00:13:13.250859] {Display Queue} wl_display#1.delete_id(37)
[00:13:13.250873] {Display Queue} wl_display#1.delete_id(44)
[00:13:13.250882] {Display Queue} wl_display#1.delete_id(45)
[00:13:13.250890] {Display Queue} wl_display#1.delete_id(48)
surface-report: origin=bar {"kind":"surface-report","body":{"publication":"3","lease":"0","buttons":[{"id":"reconnect","label":"Reconnect","accessibleName":"Reconnect to the window system","disabled":true,"x":3,"y":6,"width":98.5,"height":36}],"focus":"","text":"\nReconnect\nConnecting…"}}
view-report: id=1 x=0 y=0 {"kind":"surface-report","body":{"publication":"3","lease":"0","buttons":[{"id":"reconnect","label":"Reconnect","accessibleName":"Reconnect to the window system","disabled":true,"x":3,"y":6,"width":98.5,"height":36}],"focus":"","text":"\nReconnect\nConnecting…"}}
[00:13:13.292901] {mesa egl surface queue} wl_callback#48.done(38)
[00:13:13.293744] {mesa egl display queue}  -> zwp_linux_dmabuf_v1#39.create_params(new id zwp_linux_buffer_params_v1#48)
[00:13:13.293799] {mesa egl surface queue}  -> zwp_linux_buffer_params_v1#48.add(fd 29, 0, 0, 3584, 16777216, 15)
[00:13:13.293817] {mesa egl surface queue}  -> zwp_linux_buffer_params_v1#48.add(fd 31, 1, 229376, 448, 16777216, 15)
[00:13:13.293831] {mesa egl surface queue}  -> zwp_linux_buffer_params_v1#48.add(fd 40, 2, 233472, 64, 16777216, 15)
[00:13:13.293841] {mesa egl surface queue}  -> zwp_linux_buffer_params_v1#48.create_immed(new id wl_buffer#45, 800, 48, 875713089, 0)
[00:13:13.293857] {mesa egl surface queue}  -> zwp_linux_buffer_params_v1#48.destroy()
[00:13:13.293868] {mesa egl surface queue}  -> wl_surface#41.attach(wl_buffer#45, 0, 0)
[00:13:13.293879] {mesa egl surface queue}  -> wl_surface#41.damage(0, 0, 2147483647, 2147483647)
[00:13:13.293888] {mesa egl surface queue}  -> wl_surface#41.commit()
[00:13:13.293897] {mesa egl surface queue}  -> wl_display#1.sync(new id wl_callback#44)
[00:13:13.294238] {Display Queue} wl_display#1.delete_id(48)
[00:13:13.294270] {Display Queue} wl_display#1.delete_id(44)
backend-frame: {"protocolVersion":3,"kind":"attached","binding":{"lifetime":"5563530970358634962","session":"3","frontend":"1"},"compositor":{"pid":337132,"instance":"efb50993780079460b0cbed1363e2166a2de1d9f_1791159179_1665625553","coreHash":"efb50993780079460b0cbed1363e2166a2de1d9f_aq_0.15_hu_0.14_hg_0.5_hc_0.1_hlg_0.6"},"capabilities":{"observe":true,"effects":true,"minimizedState":true,"effectProtocol":1,"operations":["minimize","restore","activate"],"canonicalScene":false,"taskbarProjectionProtocol":1,"effectInvalidationProtocol":1}}
backend-frame: {"protocolVersion":3,"kind":"host-recovery-watermarks","binding":{"lifetime":"5563530970358634962","session":"3","frontend":"1"},"request":"1","generation":"1"}
backend-frame: {"protocolVersion":3,"kind":"host-reservation-unknown","binding":{"lifetime":"5563530970358634962","session":"3","frontend":"1"},"record":{"binding":{"frontend":"1","lifetime":"5563530970358634962","session":"2"},"effectProtocol":1,"intent":{"context":{"epoch":"1","lifetime":"5563530970358634962","output":"1","revision":"1"},"generation":"1","incarnation":"2","operation":"minimize","request":"1"},"schema":2,"status":"Unknown"}}
backend-frame: {"protocolVersion":3,"kind":"binding-retirement","retirementProtocol":1,"operation":"retire","binding":{"lifetime":"5563530970358634962","session":"3","frontend":"1"},"queriedBinding":{"lifetime":"5563530970358634962","session":"2","frontend":"1"},"requestId":"1","sequence":"1","grantState":"Retired"}
backend-frame: {"protocolVersion":3,"kind":"host-geometry-negotiate"}
frontend-request: {"protocolVersion":3,"kind":"projection-request","binding":{"lifetime":"5563530970358634962","session":"3","frontend":"1"},"requestId":"1"}
surface-commit: publication=4 lease=0 open=0
view-commit: popup=0 focus=1 publication=4
surface-inspection: {"surfaceProtocol":2,"kind":"surface-inspection","publication":"4","lease":"0","body":{"phase":"Awaiting","transaction":"Idle","groups":[],"menu":null,"mode":"closed","outstanding":0,"registry":0,"picker":null,"openerId":"applications:{\"lifetime\":\"5563530970358634962\",\"session\":\"3\",\"frontend\":\"1\"}:3:control:opener","reconnectId":"reconnect"}}
backend-frame: {"protocolVersion":3,"kind":"action-projection","binding":{"lifetime":"5563530970358634962","session":"3","frontend":"1"},"requestId":"1","context":{"lifetime":"5563530970358634962","epoch":"1","output":"1","revision":"2"},"scene":{"revision":"2","focused":null,"windows":[{"incarnation":"2","application":"GTK Application","label":"ELM-AUTHORITY-FIXTURE","minimized":true,"owner":null,"available":true}]}}
surface-commit: publication=5 lease=0 open=0
view-commit: popup=0 focus=1 publication=5
surface-inspection: {"surfaceProtocol":2,"kind":"surface-inspection","publication":"5","lease":"0","body":{"phase":"Awaiting","transaction":"Idle","groups":[],"menu":null,"mode":"closed","outstanding":0,"registry":0,"picker":null,"openerId":"applications:{\"lifetime\":\"5563530970358634962\",\"session\":\"3\",\"frontend\":\"1\"}:3:control:opener","reconnectId":"reconnect"}}
surface-commit: publication=6 lease=0 open=0
view-commit: popup=0 focus=1 publication=6
surface-inspection: {"surfaceProtocol":2,"kind":"surface-inspection","publication":"6","lease":"0","body":{"phase":"Awaiting","transaction":"Unknown","groups":[],"menu":null,"mode":"closed","outstanding":0,"registry":0,"picker":null,"openerId":"applications:{\"lifetime\":\"5563530970358634962\",\"session\":\"3\",\"frontend\":\"1\"}:3:control:opener","reconnectId":"reconnect"}}
frontend-request: {"protocolVersion":3,"kind":"reconciliation-ready","binding":{"lifetime":"5563530970358634962","session":"3","frontend":"1"},"proofRequestId":"1","queriedBinding":{"lifetime":"5563530970358634962","session":"2","frontend":"1"}}
frontend-request: {"protocolVersion":3,"kind":"projection-request","binding":{"lifetime":"5563530970358634962","session":"3","frontend":"1"},"requestId":"2"}
surface-commit: publication=7 lease=0 open=0
view-commit: popup=0 focus=1 publication=7
surface-inspection: {"surfaceProtocol":2,"kind":"surface-inspection","publication":"7","lease":"0","body":{"phase":"Awaiting","transaction":"Unknown","groups":[],"menu":null,"mode":"closed","outstanding":0,"registry":0,"picker":null,"openerId":"applications:{\"lifetime\":\"5563530970358634962\",\"session\":\"3\",\"frontend\":\"1\"}:3:control:opener","reconnectId":"reconnect"}}
frontend-request: {"protocolVersion":3,"kind":"geometry-attach","geometryProtocol":2,"binding":{"lifetime":"5563530970358634962","session":"3","frontend":"1"},"requestId":"3"}
surface-commit: publication=8 lease=0 open=0
view-commit: popup=0 focus=1 publication=8
surface-inspection: {"surfaceProtocol":2,"kind":"surface-inspection","publication":"8","lease":"0","body":{"phase":"Awaiting","transaction":"Unknown","groups":[],"menu":null,"mode":"closed","outstanding":0,"registry":0,"picker":null,"openerId":"applications:{\"lifetime\":\"5563530970358634962\",\"session\":\"3\",\"frontend\":\"1\"}:3:control:opener","reconnectId":"reconnect"}}
surface-inspection: {"surfaceProtocol":2,"kind":"surface-inspection","publication":"8","lease":"0","body":{"phase":"Awaiting","transaction":"Unknown","groups":[],"menu":null,"mode":"closed","outstanding":0,"registry":0,"picker":null,"openerId":"applications:{\"lifetime\":\"5563530970358634962\",\"session\":\"3\",\"frontend\":\"1\"}:3:control:opener","reconnectId":"reconnect"}}
surface-inspection: {"surfaceProtocol":2,"kind":"surface-inspection","publication":"8","lease":"0","body":{"phase":"Awaiting","transaction":"Unknown","groups":[],"menu":null,"mode":"closed","outstanding":0,"registry":0,"picker":null,"openerId":"applications:{\"lifetime\":\"5563530970358634962\",\"session\":\"3\",\"frontend\":\"1\"}:3:control:opener","reconnectId":"reconnect"}}
backend-frame: {"protocolVersion":3,"kind":"action-projection","binding":{"lifetime":"5563530970358634962","session":"3","frontend":"1"},"requestId":"2","context":{"lifetime":"5563530970358634962","epoch":"1","output":"1","revision":"2"},"scene":{"revision":"2","focused":null,"windows":[{"incarnation":"2","application":"GTK Application","label":"ELM-AUTHORITY-FIXTURE","minimized":true,"owner":null,"available":true}]}}
backend-frame: {"protocolVersion":3,"kind":"geometry-attached","geometryProtocol":2,"binding":{"lifetime":"5563530970358634962","session":"3","frontend":"1"},"requestId":"3","capabilities":{"observe":true,"effects":true,"effectProtocol":2,"operations":["maximize","restore-geometry"],"placementCapacity":256,"canonicalScene":false}}
surface-inspection: {"surfaceProtocol":2,"kind":"surface-inspection","publication":"8","lease":"0","body":{"phase":"Awaiting","transaction":"Unknown","groups":[],"menu":null,"mode":"closed","outstanding":0,"registry":0,"picker":null,"openerId":"applications:{\"lifetime\":\"5563530970358634962\",\"session\":\"3\",\"frontend\":\"1\"}:3:control:opener","reconnectId":"reconnect"}}
surface-inspection: {"surfaceProtocol":2,"kind":"surface-inspection","publication":"8","lease":"0","body":{"phase":"Awaiting","transaction":"Unknown","groups":[],"menu":null,"mode":"closed","outstanding":0,"registry":0,"picker":null,"openerId":"applications:{\"lifetime\":\"5563530970358634962\",\"session\":\"3\",\"frontend\":\"1\"}:3:control:opener","reconnectId":"reconnect"}}
surface-commit: publication=9 lease=0 open=0
view-commit: popup=0 focus=1 publication=9
surface-inspection: {"surfaceProtocol":2,"kind":"surface-inspection","publication":"9","lease":"0","body":{"phase":"Coherent","transaction":"Unknown","groups":[{"key":"application:GTK Application","domId":"group:{\"lifetime\":\"5563530970358634962\",\"session\":\"3\",\"frontend\":\"1\"}:1:2:application:GTK Application","title":"ELM-AUTHORITY-FIXTURE","active":false,"expanded":false}],"menu":null,"mode":"closed","outstanding":0,"registry":0,"picker":null,"openerId":"applications:{\"lifetime\":\"5563530970358634962\",\"session\":\"3\",\"frontend\":\"1\"}:3:control:opener","reconnectId":"reconnect"}}
frontend-request: {"protocolVersion":3,"kind":"reconciliation-ready","binding":{"lifetime":"5563530970358634962","session":"3","frontend":"1"},"proofRequestId":"1","queriedBinding":{"lifetime":"5563530970358634962","session":"2","frontend":"1"}}
frontend-request: {"protocolVersion":3,"kind":"geometry-facts-request","geometryProtocol":2,"binding":{"lifetime":"5563530970358634962","session":"3","frontend":"1"},"requestId":"4","minimumWatermark":"0"}
surface-commit: publication=10 lease=0 open=0
view-commit: popup=0 focus=1 publication=10
surface-inspection: {"surfaceProtocol":2,"kind":"surface-inspection","publication":"10","lease":"0","body":{"phase":"Coherent","transaction":"Unknown","groups":[{"key":"application:GTK Application","domId":"group:{\"lifetime\":\"5563530970358634962\",\"session\":\"3\",\"frontend\":\"1\"}:1:2:application:GTK Application","title":"ELM-AUTHORITY-FIXTURE","active":false,"expanded":false}],"menu":null,"mode":"closed","outstanding":0,"registry":0,"picker":null,"openerId":"applications:{\"lifetime\":\"5563530970358634962\",\"session\":\"3\",\"frontend\":\"1\"}:3:control:opener","reconnectId":"reconnect"}}
backend-frame: {"protocolVersion":3,"kind":"geometry-facts","geometryProtocol":2,"binding":{"lifetime":"5563530970358634962","session":"3","frontend":"1"},"requestId":"4","sequence":"2","revision":"2","outputGeneration":"1","facts":{"focused":null,"inputBlocked":false,"windows":[{"incarnation":"2","owner":null,"workspace":"1","workspaceGeneration":"1","monitor":"0","outputOwnershipGeneration":"1","workAreaRevision":"1","workArea":[0,48,800,552],"logicalGeometry":[20,68,760,512],"visualGeometry":[21,69,758,510],"nativeMode":"ordinary","clientMode":"ordinary","minimized":true,"floating":false,"grouped":false,"fixedSize":false,"constrainedSize":true,"geometryEligible":false,"ordinaryPlacementKnown":false,"sizePolicy":{"inputs":{"profile":"wayland-zero-origin-v1","rawMinimum":[108,42],"rawMaximum":[0,0],"layoutMinimum":[108,42],"layoutMaximum":[1.7976931348623157e+308,1.7976931348623157e+308],"geometryOrigin":[0,0],"reservedTopLeft":[1,1],"reservedBottomRight":[1,1],"monitorScale":1},"maximize":{"logical":[0,48,800,552],"visual":null,"real":[1,49,798,550],"configure":[798,550]},"restoreGeometry":null},"capabilities":{"maximize":false,"restoreGeometry":false}}]}}
surface-inspection: {"surfaceProtocol":2,"kind":"surface-inspection","publication":"10","lease":"0","body":{"phase":"Coherent","transaction":"Unknown","groups":[{"key":"application:GTK Application","domId":"group:{\"lifetime\":\"5563530970358634962\",\"session\":\"3\",\"frontend\":\"1\"}:1:2:application:GTK Application","title":"ELM-AUTHORITY-FIXTURE","active":false,"expanded":false}],"menu":null,"mode":"closed","outstanding":0,"registry":0,"picker":null,"openerId":"applications:{\"lifetime\":\"5563530970358634962\",\"session\":\"3\",\"frontend\":\"1\"}:3:control:opener","reconnectId":"reconnect"}}
[00:13:13.499592] {mesa egl surface queue} wl_callback#44.done(38)
[00:13:13.499653] {mesa egl surface queue} wl_buffer#47.release()
[00:13:13.499669] {mesa egl surface queue}  -> wl_buffer#47.destroy()
[00:13:13.500572] {mesa egl display queue}  -> zwp_linux_dmabuf_v1#39.create_params(new id zwp_linux_buffer_params_v1#44)
[00:13:13.500628] {mesa egl surface queue}  -> zwp_linux_buffer_params_v1#44.add(fd 42, 0, 0, 3584, 16777216, 15)
[00:13:13.500646] {mesa egl surface queue}  -> zwp_linux_buffer_params_v1#44.add(fd 43, 1, 229376, 448, 16777216, 15)
[00:13:13.500659] {mesa egl surface queue}  -> zwp_linux_buffer_params_v1#44.add(fd 44, 2, 233472, 64, 16777216, 15)
[00:13:13.500669] {mesa egl surface queue}  -> zwp_linux_buffer_params_v1#44.create_immed(new id wl_buffer#48, 800, 48, 875713089, 0)
[00:13:13.500684] {mesa egl surface queue}  -> zwp_linux_buffer_params_v1#44.destroy()
[00:13:13.500694] {mesa egl surface queue}  -> wl_surface#41.attach(wl_buffer#48, 0, 0)
[00:13:13.500704] {mesa egl surface queue}  -> wl_surface#41.damage(0, 0, 2147483647, 2147483647)
[00:13:13.500714] {mesa egl surface queue}  -> wl_surface#41.commit()
[00:13:13.500722] {mesa egl surface queue}  -> wl_display#1.sync(new id wl_callback#37)
surface-commit: publication=11 lease=0 open=0
view-commit: popup=0 focus=1 publication=11
surface-inspection: {"surfaceProtocol":2,"kind":"surface-inspection","publication":"11","lease":"0","body":{"phase":"Coherent","transaction":"Unknown","groups":[{"key":"application:GTK Application","domId":"group:{\"lifetime\":\"5563530970358634962\",\"session\":\"3\",\"frontend\":\"1\"}:1:2:application:GTK Application","title":"ELM-AUTHORITY-FIXTURE","active":false,"expanded":false}],"menu":null,"mode":"closed","outstanding":0,"registry":0,"picker":null,"openerId":"applications:{\"lifetime\":\"5563530970358634962\",\"session\":\"3\",\"frontend\":\"1\"}:3:control:opener","reconnectId":"reconnect"}}
surface-report: origin=bar {"kind":"surface-report","body":{"publication":"10","lease":"0","buttons":[{"id":"applications:{\"lifetime\":\"5563530970358634962\",\"session\":\"3\",\"frontend\":\"1\"}:3:control:opener","label":"Applications","accessibleName":"Open applications","disabled":false,"x":3,"y":6,"width":108.28125,"height":36},{"id":"group:{\"lifetime\":\"5563530970358634962\",\"session\":\"3\",\"frontend\":\"1\"}:1:2:application:GTK Application","label":"ELM-AUTHORITY-FIXTUREAwaiting native confirmation","accessibleName":"Restore ELM-AUTHORITY-FIXTURE; awaiting native confirmation","disabled":true,"x":117.28125,"y":5,"width":224.984375,"height":38},{"id":"applications:{\"lifetime\":\"5563530970358634962\",\"session\":\"3\",\"frontend\":\"1\"}:3:bar:recovery-refresh","label":"Refresh window statusObservation only","accessibleName":"Refresh window status; read observations without retrying actions","disabled":false,"x":348.265625,"y":5,"width":182.96875,"height":38}],"focus":"","text":"\nApplications\n\nELM-AUTHORITY-FIXTURE\nAwaiting native confirmation\n\nRefresh window status\nObservation only\nWindow action awaits native confirmation. Refresh status only reads observations; it does not retry the action."}}
view-report: id=1 x=0 y=0 {"kind":"surface-report","body":{"publication":"10","lease":"0","buttons":[{"id":"applications:{\"lifetime\":\"5563530970358634962\",\"session\":\"3\",\"frontend\":\"1\"}:3:control:opener","label":"Applications","accessibleName":"Open applications","disabled":false,"x":3,"y":6,"width":108.28125,"height":36},{"id":"group:{\"lifetime\":\"5563530970358634962\",\"session\":\"3\",\"frontend\":\"1\"}:1:2:application:GTK Application","label":"ELM-AUTHORITY-FIXTUREAwaiting native confirmation","accessibleName":"Restore ELM-AUTHORITY-FIXTURE; awaiting native confirmation","disabled":true,"x":117.28125,"y":5,"width":224.984375,"height":38},{"id":"applications:{\"lifetime\":\"5563530970358634962\",\"session\":\"3\",\"frontend\":\"1\"}:3:bar:recovery-refresh","label":"Refresh window statusObservation only","accessibleName":"Refresh window status; read observations without retrying actions","disabled":false,"x":348.265625,"y":5,"width":182.96875,"height":38}],"focus":"","text":"\nApplications\n\nELM-AUTHORITY-FIXTURE\nAwaiting native confirmation\n\nRefresh window status\nObservation only\nWindow action awaits native confirmation. Refresh status only reads observations; it does not retry the action."}}
backend-frame: {"protocolVersion":3,"kind":"host-reservation-released","binding":{"lifetime":"5563530970358634962","session":"3","frontend":"1"},"record":{"binding":{"frontend":"1","lifetime":"5563530970358634962","session":"2"},"effectProtocol":1,"intent":{"context":{"epoch":"1","lifetime":"5563530970358634962","output":"1","revision":"1"},"generation":"1","incarnation":"2","operation":"minimize","request":"1"},"schema":2,"status":"Unknown"},"release":{"id":"780b0e10890fdb19948ea8829c27c4b4aad7e3b4685aa4bb970a2f3b5a0109d2","proof":{"protocolVersion":3,"kind":"binding-retirement","retirementProtocol":1,"operation":"retire","binding":{"lifetime":"5563530970358634962","session":"3","frontend":"1"},"queriedBinding":{"lifetime":"5563530970358634962","session":"2","frontend":"1"},"requestId":"1","sequence":"1","grantState":"Retired"},"observation":{"actionRequestId":"2","geometryRequestId":"4","actionContext":{"lifetime":"5563530970358634962","epoch":"1","output":"1","revision":"2"},"geometryContext":{"lifetime":"5563530970358634962","epoch":"1","output":"1","revision":"2"}}}}
[00:13:13.502829] discarded [unknown]#47.[event 0](0 fd, 8 byte)
[00:13:13.502843] discarded [unknown]#47.[event 0](0 fd, 8 byte)
[00:13:13.502863] {Display Queue} wl_display#1.delete_id(47)
[00:13:13.502878] {Display Queue} wl_display#1.delete_id(44)
[00:13:13.502886] {Display Queue} wl_display#1.delete_id(37)
surface-commit: publication=12 lease=0 open=0
view-commit: popup=0 focus=1 publication=12
surface-inspection: {"surfaceProtocol":2,"kind":"surface-inspection","publication":"12","lease":"0","body":{"phase":"Coherent","transaction":"Unknown","groups":[{"key":"application:GTK Application","domId":"group:{\"lifetime\":\"5563530970358634962\",\"session\":\"3\",\"frontend\":\"1\"}:1:2:application:GTK Application","title":"ELM-AUTHORITY-FIXTURE","active":false,"expanded":false}],"menu":null,"mode":"closed","outstanding":0,"registry":0,"picker":null,"openerId":"applications:{\"lifetime\":\"5563530970358634962\",\"session\":\"3\",\"frontend\":\"1\"}:3:control:opener","reconnectId":"reconnect"}}
surface-report: origin=bar {"kind":"surface-report","body":{"publication":"12","lease":"0","buttons":[{"id":"applications:{\"lifetime\":\"5563530970358634962\",\"session\":\"3\",\"frontend\":\"1\"}:3:control:opener","label":"Applications","accessibleName":"Open applications","disabled":false,"x":3,"y":6,"width":108.28125,"height":36},{"id":"group:{\"lifetime\":\"5563530970358634962\",\"session\":\"3\",\"frontend\":\"1\"}:1:2:application:GTK Application","label":"ELM-AUTHORITY-FIXTURE1","accessibleName":"Restore ELM-AUTHORITY-FIXTURE","disabled":false,"x":117.28125,"y":5,"width":224.984375,"height":38}],"focus":"","text":"\nApplications\n\nELM-AUTHORITY-FIXTURE\n1\nPrevious request remains unconfirmed. Choose a new window action. The last request could not be confirmed."}}
view-report: id=1 x=0 y=0 {"kind":"surface-report","body":{"publication":"12","lease":"0","buttons":[{"id":"applications:{\"lifetime\":\"5563530970358634962\",\"session\":\"3\",\"frontend\":\"1\"}:3:control:opener","label":"Applications","accessibleName":"Open applications","disabled":false,"x":3,"y":6,"width":108.28125,"height":36},{"id":"group:{\"lifetime\":\"5563530970358634962\",\"session\":\"3\",\"frontend\":\"1\"}:1:2:application:GTK Application","label":"ELM-AUTHORITY-FIXTURE1","accessibleName":"Restore ELM-AUTHORITY-FIXTURE","disabled":false,"x":117.28125,"y":5,"width":224.984375,"height":38}],"focus":"","text":"\nApplications\n\nELM-AUTHORITY-FIXTURE\n1\nPrevious request remains unconfirmed. Choose a new window action. The last request could not be confirmed."}}
[00:13:13.534080] {mesa egl surface queue} wl_buffer#45.release()
[00:13:13.534127] {mesa egl surface queue} wl_callback#37.done(38)
[00:13:13.534564] {mesa egl surface queue}  -> wl_surface#41.attach(wl_buffer#45, 0, 0)
[00:13:13.534591] {mesa egl surface queue}  -> wl_surface#41.damage(0, 0, 2147483647, 2147483647)
[00:13:13.534602] {mesa egl surface queue}  -> wl_surface#41.commit()
[00:13:13.534611] {mesa egl surface queue}  -> wl_display#1.sync(new id wl_callback#37)
[00:13:13.535541] {Display Queue} wl_display#1.delete_id(37)
[00:13:15.457698] {Default Queue} wl_pointer#21.enter(39, wl_surface#41, 230.00000000, 24.00000000)
[00:13:15.457766] {Default Queue} wl_pointer#21.frame()
[00:13:15.457868] {Default Queue}  -> wp_cursor_shape_device_v1#30.set_shape(39, 1)
[00:13:15.457887] {Default Queue} wl_pointer#21.motion(123461392, 230.00000000, 24.00000000)
[00:13:15.457900] {Default Queue} wl_pointer#21.frame()
[00:13:15.558089] {Default Queue} wl_pointer#21.button(40, 123461493, 272, 1)
[00:13:15.558154] {Default Queue} wl_pointer#21.frame()
context-input-report: {"kind":"context-input-report","phase":"press","button":0,"buttons":1,"trusted":true,"id":"bar:group:application:GTK Application"}
surface-report: origin=bar {"kind":"surface-report","body":{"publication":"12","lease":"0","buttons":[{"id":"applications:{\"lifetime\":\"5563530970358634962\",\"session\":\"3\",\"frontend\":\"1\"}:3:control:opener","label":"Applications","accessibleName":"Open applications","disabled":false,"x":3,"y":6,"width":108.28125,"height":36},{"id":"group:{\"lifetime\":\"5563530970358634962\",\"session\":\"3\",\"frontend\":\"1\"}:1:2:application:GTK Application","label":"ELM-AUTHORITY-FIXTURE1","accessibleName":"Restore ELM-AUTHORITY-FIXTURE","disabled":false,"x":117.28125,"y":5,"width":224.984375,"height":38}],"focus":"group:{\"lifetime\":\"5563530970358634962\",\"session\":\"3\",\"frontend\":\"1\"}:1:2:application:GTK Application","text":"\nApplications\n\nELM-AUTHORITY-FIXTURE\n1\nPrevious request remains unconfirmed. Choose a new window action. The last request could not be confirmed."}}
view-report: id=1 x=0 y=0 {"kind":"surface-report","body":{"publication":"12","lease":"0","buttons":[{"id":"applications:{\"lifetime\":\"5563530970358634962\",\"session\":\"3\",\"frontend\":\"1\"}:3:control:opener","label":"Applications","accessibleName":"Open applications","disabled":false,"x":3,"y":6,"width":108.28125,"height":36},{"id":"group:{\"lifetime\":\"5563530970358634962\",\"session\":\"3\",\"frontend\":\"1\"}:1:2:application:GTK Application","label":"ELM-AUTHORITY-FIXTURE1","accessibleName":"Restore ELM-AUTHORITY-FIXTURE","disabled":false,"x":117.28125,"y":5,"width":224.984375,"height":38}],"focus":"group:{\"lifetime\":\"5563530970358634962\",\"session\":\"3\",\"frontend\":\"1\"}:1:2:application:GTK Application","text":"\nApplications\n\nELM-AUTHORITY-FIXTURE\n1\nPrevious request remains unconfirmed. Choose a new window action. The last request could not be confirmed."}}
[00:13:15.609274] {Default Queue} wl_pointer#21.button(41, 123461543, 272, 0)
[00:13:15.609346] {Default Queue} wl_pointer#21.frame()
context-input-report: {"kind":"context-input-report","phase":"release","button":0,"buttons":0,"trusted":true,"id":"bar:group:application:GTK Application"}
host-intent-durable: {"schema":2,"effectProtocol":1,"binding":{"lifetime":"5563530970358634962","session":"3","frontend":"1"},"intent":{"request":"2","generation":"2","incarnation":"2","operation":"restore","context":{"lifetime":"5563530970358634962","epoch":"1","output":"1","revision":"2"}},"status":"Pending"}
frontend-request: {"protocolVersion":3,"kind":"window-effect","effectProtocol":1,"binding":{"lifetime":"5563530970358634962","session":"3","frontend":"1"},"intent":{"request":"2","generation":"2","incarnation":"2","operation":"restore","context":{"lifetime":"5563530970358634962","epoch":"1","output":"1","revision":"2"}}}
surface-commit: publication=13 lease=0 open=0
view-commit: popup=0 focus=1 publication=13
surface-inspection: {"surfaceProtocol":2,"kind":"surface-inspection","publication":"13","lease":"0","body":{"phase":"Coherent","transaction":"Pending","groups":[{"key":"application:GTK Application","domId":"group:{\"lifetime\":\"5563530970358634962\",\"session\":\"3\",\"frontend\":\"1\"}:1:2:application:GTK Application","title":"ELM-AUTHORITY-FIXTURE","active":false,"expanded":false}],"menu":null,"mode":"closed","outstanding":0,"registry":0,"picker":null,"openerId":"applications:{\"lifetime\":\"5563530970358634962\",\"session\":\"3\",\"frontend\":\"1\"}:3:control:opener","reconnectId":"reconnect"}}
surface-inspection: {"surfaceProtocol":2,"kind":"surface-inspection","publication":"13","lease":"0","body":{"phase":"Coherent","transaction":"Pending","groups":[{"key":"application:GTK Application","domId":"group:{\"lifetime\":\"5563530970358634962\",\"session\":\"3\",\"frontend\":\"1\"}:1:2:application:GTK Application","title":"ELM-AUTHORITY-FIXTURE","active":false,"expanded":false}],"menu":null,"mode":"closed","outstanding":0,"registry":0,"picker":null,"openerId":"applications:{\"lifetime\":\"5563530970358634962\",\"session\":\"3\",\"frontend\":\"1\"}:3:control:opener","reconnectId":"reconnect"}}
surface-report: origin=bar {"kind":"surface-report","body":{"publication":"13","lease":"0","buttons":[{"id":"applications:{\"lifetime\":\"5563530970358634962\",\"session\":\"3\",\"frontend\":\"1\"}:3:control:opener","label":"Applications","accessibleName":"Open applications","disabled":false,"x":3,"y":6,"width":108.28125,"height":36},{"id":"group:{\"lifetime\":\"5563530970358634962\",\"session\":\"3\",\"frontend\":\"1\"}:1:2:application:GTK Application","label":"ELM-AUTHORITY-FIXTUREAwaiting native confirmation","accessibleName":"Restore ELM-AUTHORITY-FIXTURE; awaiting native confirmation","disabled":true,"x":117.28125,"y":5,"width":224.984375,"height":38},{"id":"applications:{\"lifetime\":\"5563530970358634962\",\"session\":\"3\",\"frontend\":\"1\"}:3:bar:recovery-refresh","label":"Refresh window statusObservation only","accessibleName":"Refresh window status; read observations without retrying actions","disabled":true,"x":348.265625,"y":5,"width":182.96875,"height":38}],"focus":"","text":"\nApplications\n\nELM-AUTHORITY-FIXTURE\nAwaiting native confirmation\n\nRefresh window status\nObservation only\nWindow action awaits native confirmation. Refresh status only reads observations; it does not retry the action."}}
view-report: id=1 x=0 y=0 {"kind":"surface-report","body":{"publication":"13","lease":"0","buttons":[{"id":"applications:{\"lifetime\":\"5563530970358634962\",\"session\":\"3\",\"frontend\":\"1\"}:3:control:opener","label":"Applications","accessibleName":"Open applications","disabled":false,"x":3,"y":6,"width":108.28125,"height":36},{"id":"group:{\"lifetime\":\"5563530970358634962\",\"session\":\"3\",\"frontend\":\"1\"}:1:2:application:GTK Application","label":"ELM-AUTHORITY-FIXTUREAwaiting native confirmation","accessibleName":"Restore ELM-AUTHORITY-FIXTURE; awaiting native confirmation","disabled":true,"x":117.28125,"y":5,"width":224.984375,"height":38},{"id":"applications:{\"lifetime\":\"5563530970358634962\",\"session\":\"3\",\"frontend\":\"1\"}:3:bar:recovery-refresh","label":"Refresh window statusObservation only","accessibleName":"Refresh window status; read observations without retrying actions","disabled":true,"x":348.265625,"y":5,"width":182.96875,"height":38}],"focus":"","text":"\nApplications\n\nELM-AUTHORITY-FIXTURE\nAwaiting native confirmation\n\nRefresh window status\nObservation only\nWindow action awaits native confirmation. Refresh status only reads observations; it does not retry the action."}}
backend-frame: {"protocolVersion":3,"kind":"effect-outcome","effectProtocol":1,"binding":{"lifetime":"5563530970358634962","session":"3","frontend":"1"},"intent":{"request":"2","generation":"2","incarnation":"2","operation":"restore","context":{"lifetime":"5563530970358634962","epoch":"1","output":"1","revision":"2"}},"status":"Committed","reason":"applied","revision":"3","outputGeneration":"1"}
backend-frame: {"protocolVersion":3,"kind":"host-refresh"}
frontend-request: {"protocolVersion":3,"kind":"projection-request","binding":{"lifetime":"5563530970358634962","session":"3","frontend":"1"},"requestId":"5"}
frontend-request: {"protocolVersion":3,"kind":"geometry-facts-request","geometryProtocol":2,"binding":{"lifetime":"5563530970358634962","session":"3","frontend":"1"},"requestId":"6","minimumWatermark":"2"}
surface-commit: publication=14 lease=0 open=0
view-commit: popup=0 focus=1 publication=14
surface-inspection: {"surfaceProtocol":2,"kind":"surface-inspection","publication":"14","lease":"0","body":{"phase":"Awaiting","transaction":"Committed","groups":[{"key":"application:GTK Application","domId":"group:{\"lifetime\":\"5563530970358634962\",\"session\":\"3\",\"frontend\":\"1\"}:1:2:application:GTK Application","title":"ELM-AUTHORITY-FIXTURE","active":false,"expanded":false}],"menu":null,"mode":"closed","outstanding":0,"registry":0,"picker":null,"openerId":"applications:{\"lifetime\":\"5563530970358634962\",\"session\":\"3\",\"frontend\":\"1\"}:3:control:opener","reconnectId":"reconnect"}}
[00:13:15.651527] {mesa egl surface queue} wl_callback#37.done(38)
[00:13:15.651557] {mesa egl surface queue} wl_buffer#48.release()
[00:13:15.654969] {mesa egl surface queue}  -> wl_surface#41.attach(wl_buffer#48, 0, 0)
[00:13:15.655019] {mesa egl surface queue}  -> wl_surface#41.damage(0, 0, 2147483647, 2147483647)
[00:13:15.655035] {mesa egl surface queue}  -> wl_surface#41.commit()
[00:13:15.655045] {mesa egl surface queue}  -> wl_display#1.sync(new id wl_callback#37)
surface-commit: publication=15 lease=0 open=0
view-commit: popup=0 focus=1 publication=15
surface-inspection: {"surfaceProtocol":2,"kind":"surface-inspection","publication":"15","lease":"0","body":{"phase":"Awaiting","transaction":"Committed","groups":[{"key":"application:GTK Application","domId":"group:{\"lifetime\":\"5563530970358634962\",\"session\":\"3\",\"frontend\":\"1\"}:1:2:application:GTK Application","title":"ELM-AUTHORITY-FIXTURE","active":false,"expanded":false}],"menu":null,"mode":"closed","outstanding":0,"registry":0,"picker":null,"openerId":"applications:{\"lifetime\":\"5563530970358634962\",\"session\":\"3\",\"frontend\":\"1\"}:3:control:opener","reconnectId":"reconnect"}}
[00:13:15.655832] {Display Queue} wl_display#1.delete_id(37)
surface-inspection: {"surfaceProtocol":2,"kind":"surface-inspection","publication":"15","lease":"0","body":{"phase":"Awaiting","transaction":"Committed","groups":[{"key":"application:GTK Application","domId":"group:{\"lifetime\":\"5563530970358634962\",\"session\":\"3\",\"frontend\":\"1\"}:1:2:application:GTK Application","title":"ELM-AUTHORITY-FIXTURE","active":false,"expanded":false}],"menu":null,"mode":"closed","outstanding":0,"registry":0,"picker":null,"openerId":"applications:{\"lifetime\":\"5563530970358634962\",\"session\":\"3\",\"frontend\":\"1\"}:3:control:opener","reconnectId":"reconnect"}}
backend-frame: {"protocolVersion":3,"kind":"action-projection","binding":{"lifetime":"5563530970358634962","session":"3","frontend":"1"},"requestId":"5","context":{"lifetime":"5563530970358634962","epoch":"1","output":"1","revision":"3"},"scene":{"revision":"3","focused":"2","windows":[{"incarnation":"2","application":"GTK Application","label":"ELM-AUTHORITY-FIXTURE","minimized":false,"owner":null,"available":true}]}}
backend-frame: {"protocolVersion":3,"kind":"geometry-facts","geometryProtocol":2,"binding":{"lifetime":"5563530970358634962","session":"3","frontend":"1"},"requestId":"6","sequence":"3","revision":"3","outputGeneration":"1","facts":{"focused":"2","inputBlocked":false,"windows":[{"incarnation":"2","owner":null,"workspace":"1","workspaceGeneration":"1","monitor":"0","outputOwnershipGeneration":"1","workAreaRevision":"1","workArea":[0,48,800,552],"logicalGeometry":[20,68,760,512],"visualGeometry":[21,69,758,510],"nativeMode":"ordinary","clientMode":"ordinary","minimized":false,"floating":false,"grouped":false,"fixedSize":false,"constrainedSize":true,"geometryEligible":false,"ordinaryPlacementKnown":false,"sizePolicy":{"inputs":{"profile":"wayland-zero-origin-v1","rawMinimum":[108,42],"rawMaximum":[0,0],"layoutMinimum":[108,42],"layoutMaximum":[1.7976931348623157e+308,1.7976931348623157e+308],"geometryOrigin":[0,0],"reservedTopLeft":[1,1],"reservedBottomRight":[1,1],"monitorScale":1},"maximize":{"logical":[0,48,800,552],"visual":null,"real":[1,49,798,550],"configure":[798,550]},"restoreGeometry":null},"capabilities":{"maximize":false,"restoreGeometry":false}}]}}
surface-commit: publication=16 lease=0 open=0
view-commit: popup=0 focus=1 publication=16
surface-inspection: {"surfaceProtocol":2,"kind":"surface-inspection","publication":"16","lease":"0","body":{"phase":"Coherent","transaction":"Committed","groups":[{"key":"application:GTK Application","domId":"group:{\"lifetime\":\"5563530970358634962\",\"session\":\"3\",\"frontend\":\"1\"}:1:3:application:GTK Application","title":"ELM-AUTHORITY-FIXTURE","active":true,"expanded":false}],"menu":null,"mode":"closed","outstanding":0,"registry":0,"picker":null,"openerId":"applications:{\"lifetime\":\"5563530970358634962\",\"session\":\"3\",\"frontend\":\"1\"}:3:control:opener","reconnectId":"reconnect"}}
frontend-request: {"protocolVersion":3,"kind":"projection-request","binding":{"lifetime":"5563530970358634962","session":"3","frontend":"1"},"requestId":"7"}
frontend-request: {"protocolVersion":3,"kind":"geometry-facts-request","geometryProtocol":2,"binding":{"lifetime":"5563530970358634962","session":"3","frontend":"1"},"requestId":"8","minimumWatermark":"3"}
surface-commit: publication=17 lease=0 open=0
view-commit: popup=0 focus=1 publication=17
surface-inspection: {"surfaceProtocol":2,"kind":"surface-inspection","publication":"17","lease":"0","body":{"phase":"Awaiting","transaction":"Committed","groups":[{"key":"application:GTK Application","domId":"group:{\"lifetime\":\"5563530970358634962\",\"session\":\"3\",\"frontend\":\"1\"}:1:3:application:GTK Application","title":"ELM-AUTHORITY-FIXTURE","active":true,"expanded":false}],"menu":null,"mode":"closed","outstanding":0,"registry":0,"picker":null,"openerId":"applications:{\"lifetime\":\"5563530970358634962\",\"session\":\"3\",\"frontend\":\"1\"}:3:control:opener","reconnectId":"reconnect"}}
surface-inspection: {"surfaceProtocol":2,"kind":"surface-inspection","publication":"17","lease":"0","body":{"phase":"Awaiting","transaction":"Committed","groups":[{"key":"application:GTK Application","domId":"group:{\"lifetime\":\"5563530970358634962\",\"session\":\"3\",\"frontend\":\"1\"}:1:3:application:GTK Application","title":"ELM-AUTHORITY-FIXTURE","active":true,"expanded":false}],"menu":null,"mode":"closed","outstanding":0,"registry":0,"picker":null,"openerId":"applications:{\"lifetime\":\"5563530970358634962\",\"session\":\"3\",\"frontend\":\"1\"}:3:control:opener","reconnectId":"reconnect"}}
[00:13:15.663425] {mesa egl surface queue} wl_buffer#45.release()
[00:13:15.663455] {mesa egl surface queue} wl_callback#37.done(44)
[00:13:15.664007] {mesa egl surface queue}  -> wl_surface#41.attach(wl_buffer#45, 0, 0)
[00:13:15.664064] {mesa egl surface queue}  -> wl_surface#41.damage(0, 0, 2147483647, 2147483647)
[00:13:15.664094] {mesa egl surface queue}  -> wl_surface#41.commit()
[00:13:15.664106] {mesa egl surface queue}  -> wl_display#1.sync(new id wl_callback#37)
[00:13:15.664494] {Display Queue} wl_display#1.delete_id(37)
backend-frame: {"protocolVersion":3,"kind":"action-projection","binding":{"lifetime":"5563530970358634962","session":"3","frontend":"1"},"requestId":"7","context":{"lifetime":"5563530970358634962","epoch":"1","output":"1","revision":"3"},"scene":{"revision":"3","focused":"2","windows":[{"incarnation":"2","application":"GTK Application","label":"ELM-AUTHORITY-FIXTURE","minimized":false,"owner":null,"available":true}]}}
backend-frame: {"protocolVersion":3,"kind":"geometry-facts","geometryProtocol":2,"binding":{"lifetime":"5563530970358634962","session":"3","frontend":"1"},"requestId":"8","sequence":"4","revision":"3","outputGeneration":"1","facts":{"focused":"2","inputBlocked":false,"windows":[{"incarnation":"2","owner":null,"workspace":"1","workspaceGeneration":"1","monitor":"0","outputOwnershipGeneration":"1","workAreaRevision":"1","workArea":[0,48,800,552],"logicalGeometry":[20,68,760,512],"visualGeometry":[21,69,758,510],"nativeMode":"ordinary","clientMode":"ordinary","minimized":false,"floating":false,"grouped":false,"fixedSize":false,"constrainedSize":true,"geometryEligible":false,"ordinaryPlacementKnown":false,"sizePolicy":{"inputs":{"profile":"wayland-zero-origin-v1","rawMinimum":[108,42],"rawMaximum":[0,0],"layoutMinimum":[108,42],"layoutMaximum":[1.7976931348623157e+308,1.7976931348623157e+308],"geometryOrigin":[0,0],"reservedTopLeft":[1,1],"reservedBottomRight":[1,1],"monitorScale":1},"maximize":{"logical":[0,48,800,552],"visual":null,"real":[1,49,798,550],"configure":[798,550]},"restoreGeometry":null},"capabilities":{"maximize":false,"restoreGeometry":false}}]}}
surface-commit: publication=18 lease=0 open=0
view-commit: popup=0 focus=1 publication=18
surface-inspection: {"surfaceProtocol":2,"kind":"surface-inspection","publication":"18","lease":"0","body":{"phase":"Coherent","transaction":"Committed","groups":[{"key":"application:GTK Application","domId":"group:{\"lifetime\":\"5563530970358634962\",\"session\":\"3\",\"frontend\":\"1\"}:1:3:application:GTK Application","title":"ELM-AUTHORITY-FIXTURE","active":true,"expanded":false}],"menu":null,"mode":"closed","outstanding":0,"registry":0,"picker":null,"openerId":"applications:{\"lifetime\":\"5563530970358634962\",\"session\":\"3\",\"frontend\":\"1\"}:3:control:opener","reconnectId":"reconnect"}}
surface-report: origin=bar {"kind":"surface-report","body":{"publication":"17","lease":"0","buttons":[{"id":"applications:{\"lifetime\":\"5563530970358634962\",\"session\":\"3\",\"frontend\":\"1\"}:3:control:opener","label":"Applications","accessibleName":"Open applications","disabled":false,"x":3,"y":6,"width":108.28125,"height":36},{"id":"group:{\"lifetime\":\"5563530970358634962\",\"session\":\"3\",\"frontend\":\"1\"}:1:3:application:GTK Application","label":"ELM-AUTHORITY-FIXTURE1","accessibleName":"Minimize ELM-AUTHORITY-FIXTURE","disabled":true,"x":117.28125,"y":5,"width":224.984375,"height":38}],"focus":"","text":"\nApplications\n\nELM-AUTHORITY-FIXTURE\n1\nConnected"}}
view-report: id=1 x=0 y=0 {"kind":"surface-report","body":{"publication":"17","lease":"0","buttons":[{"id":"applications:{\"lifetime\":\"5563530970358634962\",\"session\":\"3\",\"frontend\":\"1\"}:3:control:opener","label":"Applications","accessibleName":"Open applications","disabled":false,"x":3,"y":6,"width":108.28125,"height":36},{"id":"group:{\"lifetime\":\"5563530970358634962\",\"session\":\"3\",\"frontend\":\"1\"}:1:3:application:GTK Application","label":"ELM-AUTHORITY-FIXTURE1","accessibleName":"Minimize ELM-AUTHORITY-FIXTURE","disabled":true,"x":117.28125,"y":5,"width":224.984375,"height":38}],"focus":"","text":"\nApplications\n\nELM-AUTHORITY-FIXTURE\n1\nConnected"}}
surface-commit: publication=19 lease=0 open=0
view-commit: popup=0 focus=1 publication=19
surface-inspection: {"surfaceProtocol":2,"kind":"surface-inspection","publication":"19","lease":"0","body":{"phase":"Coherent","transaction":"Committed","groups":[{"key":"application:GTK Application","domId":"group:{\"lifetime\":\"5563530970358634962\",\"session\":\"3\",\"frontend\":\"1\"}:1:3:application:GTK Application","title":"ELM-AUTHORITY-FIXTURE","active":true,"expanded":false}],"menu":null,"mode":"closed","outstanding":0,"registry":0,"picker":null,"openerId":"applications:{\"lifetime\":\"5563530970358634962\",\"session\":\"3\",\"frontend\":\"1\"}:3:control:opener","reconnectId":"reconnect"}}
surface-report: origin=bar {"kind":"surface-report","body":{"publication":"19","lease":"0","buttons":[{"id":"applications:{\"lifetime\":\"5563530970358634962\",\"session\":\"3\",\"frontend\":\"1\"}:3:control:opener","label":"Applications","accessibleName":"Open applications","disabled":false,"x":3,"y":6,"width":108.28125,"height":36},{"id":"group:{\"lifetime\":\"5563530970358634962\",\"session\":\"3\",\"frontend\":\"1\"}:1:3:application:GTK Application","label":"ELM-AUTHORITY-FIXTURE1","accessibleName":"Minimize ELM-AUTHORITY-FIXTURE","disabled":false,"x":117.28125,"y":5,"width":224.984375,"height":38}],"focus":"","text":"\nApplications\n\nELM-AUTHORITY-FIXTURE\n1\nConnected"}}
view-report: id=1 x=0 y=0 {"kind":"surface-report","body":{"publication":"19","lease":"0","buttons":[{"id":"applications:{\"lifetime\":\"5563530970358634962\",\"session\":\"3\",\"frontend\":\"1\"}:3:control:opener","label":"Applications","accessibleName":"Open applications","disabled":false,"x":3,"y":6,"width":108.28125,"height":36},{"id":"group:{\"lifetime\":\"5563530970358634962\",\"session\":\"3\",\"frontend\":\"1\"}:1:3:application:GTK Application","label":"ELM-AUTHORITY-FIXTURE1","accessibleName":"Minimize ELM-AUTHORITY-FIXTURE","disabled":false,"x":117.28125,"y":5,"width":224.984375,"height":38}],"focus":"","text":"\nApplications\n\nELM-AUTHORITY-FIXTURE\n1\nConnected"}}
[00:13:15.697218] {mesa egl surface queue} wl_buffer#48.release()
[00:13:15.697273] {mesa egl surface queue} wl_callback#37.done(44)
[00:13:15.697684] {mesa egl surface queue}  -> wl_surface#41.attach(wl_buffer#48, 0, 0)
[00:13:15.697714] {mesa egl surface queue}  -> wl_surface#41.damage(0, 0, 2147483647, 2147483647)
[00:13:15.697728] {mesa egl surface queue}  -> wl_surface#41.commit()
[00:13:15.697738] {mesa egl surface queue}  -> wl_display#1.sync(new id wl_callback#37)
[00:13:15.697895] {Display Queue} wl_display#1.delete_id(37)
[00:13:15.714022] {mesa egl surface queue} wl_callback#37.done(44)
[00:13:15.714068] {mesa egl surface queue} wl_buffer#45.release()
[00:13:15.714468] {mesa egl surface queue}  -> wl_surface#41.attach(wl_buffer#45, 0, 0)
[00:13:15.714497] {mesa egl surface queue}  -> wl_surface#41.damage(0, 0, 2147483647, 2147483647)
[00:13:15.714508] {mesa egl surface queue}  -> wl_surface#41.commit()
[00:13:15.714519] {mesa egl surface queue}  -> wl_display#1.sync(new id wl_callback#37)
[00:13:15.714743] {Display Queue} wl_display#1.delete_id(37)
Web process terminated: 0
Web process terminated: 0
Web process terminated: 0
[00:13:16.359966] {Default Queue}  -> wl_display#1.sync(new id wl_callback#44)
[00:13:16.360092] {Display Queue} wl_display#1.delete_id(44)
[00:13:16.360132] {Default Queue} wl_callback#44.done(48)
backend-exit: waited=1 normal=1 code=0
native-recovery-ready: views=1 backend-normal=1
recovery-control: id=1 x=195 y=4 w=84 h=40
[00:13:16.388222] {mesa egl surface queue} wl_callback#37.done(44)
[00:13:16.388261] {mesa egl surface queue} wl_buffer#48.release()
[00:13:16.389788] {Default Queue}  -> wl_surface#41.set_input_region(nil)
[00:13:16.393530] {mesa egl surface queue}  -> wl_surface#41.attach(wl_buffer#48, 0, 0)
[00:13:16.393592] {mesa egl surface queue}  -> wl_surface#41.damage(0, 0, 2147483647, 2147483647)
[00:13:16.393610] {mesa egl surface queue}  -> wl_surface#41.commit()
[00:13:16.393621] {mesa egl surface queue}  -> wl_display#1.sync(new id wl_callback#37)
[00:13:16.393904] {Display Queue} wl_display#1.delete_id(37)
[00:13:16.404376] {mesa egl surface queue} wl_callback#37.done(48)
[00:13:16.404429] {mesa egl surface queue} wl_buffer#45.release()
[00:13:16.405954] {mesa egl surface queue}  -> wl_surface#41.attach(wl_buffer#45, 0, 0)
[00:13:16.405991] {mesa egl surface queue}  -> wl_surface#41.damage(0, 0, 2147483647, 2147483647)
[00:13:16.406004] {mesa egl surface queue}  -> wl_surface#41.commit()
[00:13:16.406014] {mesa egl surface queue}  -> wl_display#1.sync(new id wl_callback#37)
[00:13:16.406184] {Display Queue} wl_display#1.delete_id(37)
[00:13:16.421387] {mesa egl surface queue} wl_callback#37.done(48)
[00:13:16.421434] {mesa egl surface queue} wl_buffer#48.release()
[00:13:16.422792] {mesa egl surface queue}  -> wl_surface#41.attach(wl_buffer#48, 0, 0)
[00:13:16.422824] {mesa egl surface queue}  -> wl_surface#41.damage(0, 0, 2147483647, 2147483647)
[00:13:16.422837] {mesa egl surface queue}  -> wl_surface#41.commit()
[00:13:16.422846] {mesa egl surface queue}  -> wl_display#1.sync(new id wl_callback#37)
[00:13:16.422998] {Display Queue} wl_display#1.delete_id(37)
[00:13:16.438215] {mesa egl surface queue} wl_callback#37.done(48)
[00:13:16.439643] {mesa egl display queue}  -> zwp_linux_dmabuf_v1#39.create_params(new id zwp_linux_buffer_params_v1#37)
[00:13:16.439694] {mesa egl surface queue}  -> zwp_linux_buffer_params_v1#37.add(fd 22, 0, 0, 3584, 16777216, 15)
[00:13:16.439717] {mesa egl surface queue}  -> zwp_linux_buffer_params_v1#37.add(fd 24, 1, 229376, 448, 16777216, 15)
[00:13:16.439732] {mesa egl surface queue}  -> zwp_linux_buffer_params_v1#37.add(fd 25, 2, 233472, 64, 16777216, 15)
[00:13:16.439742] {mesa egl surface queue}  -> zwp_linux_buffer_params_v1#37.create_immed(new id wl_buffer#44, 800, 48, 875713089, 0)
[00:13:16.439757] {mesa egl surface queue}  -> zwp_linux_buffer_params_v1#37.destroy()
[00:13:16.439768] {mesa egl surface queue}  -> wl_surface#41.attach(wl_buffer#44, 0, 0)
[00:13:16.439779] {mesa egl surface queue}  -> wl_surface#41.damage(0, 0, 2147483647, 2147483647)
[00:13:16.439788] {mesa egl surface queue}  -> wl_surface#41.commit()
[00:13:16.439797] {mesa egl surface queue}  -> wl_display#1.sync(new id wl_callback#47)
[00:13:16.449001] {Display Queue} wl_display#1.delete_id(37)
[00:13:16.449046] {Display Queue} wl_display#1.delete_id(47)
[00:13:16.455159] {mesa egl surface queue} wl_buffer#48.release()
[00:13:16.455193] {mesa egl surface queue} wl_callback#47.done(48)
[00:13:16.455206] {mesa egl surface queue} wl_buffer#45.release()
[00:13:16.456420] {mesa egl surface queue}  -> wl_surface#41.attach(wl_buffer#48, 0, 0)
[00:13:16.456454] {mesa egl surface queue}  -> wl_surface#41.damage(0, 0, 2147483647, 2147483647)
[00:13:16.456466] {mesa egl surface queue}  -> wl_surface#41.commit()
[00:13:16.456476] {mesa egl surface queue}  -> wl_display#1.sync(new id wl_callback#47)
[00:13:16.456617] {Display Queue} wl_display#1.delete_id(47)
[00:13:16.471818] {mesa egl surface queue} wl_callback#47.done(48)
[00:13:16.471852] {mesa egl surface queue} wl_buffer#44.release()
[00:13:16.473050] {mesa egl surface queue}  -> wl_surface#41.attach(wl_buffer#44, 0, 0)
[00:13:16.473083] {mesa egl surface queue}  -> wl_surface#41.damage(0, 0, 2147483647, 2147483647)
[00:13:16.473095] {mesa egl surface queue}  -> wl_surface#41.commit()
[00:13:16.473107] {mesa egl surface queue}  -> wl_display#1.sync(new id wl_callback#47)
[00:13:16.473236] {Display Queue} wl_display#1.delete_id(47)
[00:13:16.488459] {mesa egl surface queue} wl_callback#47.done(48)
[00:13:16.488498] {mesa egl surface queue} wl_buffer#48.release()
[00:13:16.489856] {mesa egl surface queue}  -> wl_surface#41.attach(wl_buffer#48, 0, 0)
[00:13:16.489890] {mesa egl surface queue}  -> wl_surface#41.damage(0, 0, 2147483647, 2147483647)
[00:13:16.489904] {mesa egl surface queue}  -> wl_surface#41.commit()
[00:13:16.489914] {mesa egl surface queue}  -> wl_display#1.sync(new id wl_callback#47)
[00:13:16.490048] {Display Queue} wl_display#1.delete_id(47)
[00:13:16.505266] {mesa egl surface queue} wl_callback#47.done(48)
[00:13:16.505299] {mesa egl surface queue} wl_buffer#44.release()
[00:13:16.506315] {mesa egl surface queue}  -> wl_surface#41.attach(wl_buffer#44, 0, 0)
[00:13:16.506356] {mesa egl surface queue}  -> wl_surface#41.damage(0, 0, 2147483647, 2147483647)
[00:13:16.506383] {mesa egl surface queue}  -> wl_surface#41.commit()
[00:13:16.506394] {mesa egl surface queue}  -> wl_display#1.sync(new id wl_callback#47)
[00:13:16.506530] {Display Queue} wl_display#1.delete_id(47)
[00:13:16.521687] {mesa egl surface queue} wl_callback#47.done(48)
[00:13:16.523261] {mesa egl surface queue}  -> wl_surface#41.attach(wl_buffer#45, 0, 0)
[00:13:16.523299] {mesa egl surface queue}  -> wl_surface#41.damage(0, 0, 2147483647, 2147483647)
[00:13:16.523311] {mesa egl surface queue}  -> wl_surface#41.commit()
[00:13:16.523320] {mesa egl surface queue}  -> wl_display#1.sync(new id wl_callback#47)
[00:13:16.524051] {Display Queue} wl_display#1.delete_id(47)
[00:13:16.538671] {mesa egl surface queue} wl_buffer#48.release()
[00:13:16.538721] {mesa egl surface queue} wl_callback#47.done(48)
[00:13:16.538736] {mesa egl surface queue} wl_buffer#44.release()
[00:13:16.539868] {mesa egl surface queue}  -> wl_surface#41.attach(wl_buffer#44, 0, 0)
[00:13:16.539901] {mesa egl surface queue}  -> wl_surface#41.damage(0, 0, 2147483647, 2147483647)
[00:13:16.539914] {mesa egl surface queue}  -> wl_surface#41.commit()
[00:13:16.539925] {mesa egl surface queue}  -> wl_display#1.sync(new id wl_callback#47)
[00:13:16.540066] {Display Queue} wl_display#1.delete_id(47)
[00:13:16.555278] {mesa egl surface queue} wl_callback#47.done(48)
[00:13:16.555320] {mesa egl surface queue} wl_buffer#45.release()
[00:13:16.556457] {mesa egl surface queue}  -> wl_surface#41.attach(wl_buffer#45, 0, 0)
[00:13:16.556494] {mesa egl surface queue}  -> wl_surface#41.damage(0, 0, 2147483647, 2147483647)
[00:13:16.556508] {mesa egl surface queue}  -> wl_surface#41.commit()
[00:13:16.556519] {mesa egl surface queue}  -> wl_display#1.sync(new id wl_callback#47)
[00:13:16.556781] {Display Queue} wl_display#1.delete_id(47)
[00:13:16.571850] {mesa egl surface queue} wl_callback#47.done(48)
[00:13:16.571897] {mesa egl surface queue} wl_buffer#44.release()
[00:13:16.573282] {mesa egl surface queue}  -> wl_surface#41.attach(wl_buffer#44, 0, 0)
[00:13:16.573323] {mesa egl surface queue}  -> wl_surface#41.damage(0, 0, 2147483647, 2147483647)
[00:13:16.573338] {mesa egl surface queue}  -> wl_surface#41.commit()
[00:13:16.573349] {mesa egl surface queue}  -> wl_display#1.sync(new id wl_callback#47)
[00:13:16.573483] {Display Queue} wl_display#1.delete_id(47)
[00:13:16.588703] {mesa egl surface queue} wl_callback#47.done(48)
[00:13:16.588744] {mesa egl surface queue} wl_buffer#45.release()
[00:13:16.589857] {mesa egl surface queue}  -> wl_surface#41.attach(wl_buffer#45, 0, 0)
[00:13:16.589892] {mesa egl surface queue}  -> wl_surface#41.damage(0, 0, 2147483647, 2147483647)
[00:13:16.589904] {mesa egl surface queue}  -> wl_surface#41.commit()
[00:13:16.589916] {mesa egl surface queue}  -> wl_display#1.sync(new id wl_callback#47)
[00:13:16.590066] {Display Queue} wl_display#1.delete_id(47)
[00:13:16.605258] {mesa egl surface queue} wl_callback#47.done(48)
[00:13:16.606565] {mesa egl surface queue}  -> wl_surface#41.attach(wl_buffer#48, 0, 0)
[00:13:16.606599] {mesa egl surface queue}  -> wl_surface#41.damage(0, 0, 2147483647, 2147483647)
[00:13:16.606612] {mesa egl surface queue}  -> wl_surface#41.commit()
[00:13:16.606623] {mesa egl surface queue}  -> wl_display#1.sync(new id wl_callback#47)
[00:13:16.606721] {Display Queue} wl_display#1.delete_id(47)
[00:13:17.002857] {Default Queue}  -> wl_display#1.sync(new id wl_callback#37)
[00:13:17.003069] {Display Queue} wl_display#1.delete_id(37)
[00:13:17.003116] {Default Queue} wl_callback#37.done(52)
[00:13:17.003184] {Default Queue}  -> zwlr_layer_surface_v1#43.destroy()
[00:13:17.003230] {Default Queue}  -> wl_surface#41.destroy()
[00:13:17.003288] {mesa egl surface queue}  -> wl_buffer#44.destroy()
[00:13:17.003349] {mesa egl surface queue}  -> wl_buffer#45.destroy()
[00:13:17.003370] {mesa egl surface queue}  -> wl_buffer#48.destroy()
[00:13:17.003398] {mesa egl surface queue}  -> zwp_linux_dmabuf_feedback_v1#46.destroy()
view-retired: id=1
[00:13:17.012082] discarded [unknown]#44.[event 0](0 fd, 8 byte)
[00:13:17.012103] discarded [unknown]#44.[event 0](0 fd, 8 byte)
[00:13:17.012111] discarded [unknown]#45.[event 0](0 fd, 8 byte)
[00:13:17.012117] discarded [unknown]#45.[event 0](0 fd, 8 byte)
[00:13:17.012124] discarded [unknown]#48.[event 0](0 fd, 8 byte)
[00:13:17.012138] {Display Queue} wl_display#1.delete_id(43)
[00:13:17.012158] {Display Queue} wl_display#1.delete_id(44)
[00:13:17.012172] {Display Queue} wl_display#1.delete_id(45)
[00:13:17.012189] {Display Queue} wl_display#1.delete_id(46)
[00:13:17.012199] {Display Queue} wl_display#1.delete_id(41)
[00:13:17.012208] {Default Queue} wl_pointer#21.leave(54, nil)
[00:13:17.012219] {Default Queue} wl_pointer#21.frame()
[00:13:17.027895] discarded [unknown]#48.[event 0](0 fd, 8 byte)
[00:13:17.027938] discarded [unknown]#48.[event 0](0 fd, 8 byte)
[00:13:17.027959] {Display Queue} wl_display#1.delete_id(48)
shared-host-exit: failure=1 rendered=1
