Date: 2026-10-03 MDT
[16:58:41.750] weston 15.0.1
               https://wayland.freedesktop.org
               Bug reports to: https://gitlab.freedesktop.org/wayland/weston/issues/
               Build: 15.0.1
[16:58:41.750] Command line: /home/hoskinson/window-integration-qa/private-weston-host-v2/prefix/usr/bin/weston --backend=headless --renderer=gl --shell=kiosk-shell.so --fake-seat --no-config --socket=weston-host --width=800 --height=600 --scale=1 --idle-time=0 --log=/home/hoskinson/window-integration-qa/elm-native-scene-1791068321344159780/weston-renderer.log
[16:58:41.750] OS: Linux, 7.2.7-1-omarchy, #1 SMP PREEMPT_DYNAMIC Sun, 27 Sep 2026 22:42:08 +0000, x86_64
[16:58:41.750] Flight recorder: enabled, scopes subscribed: log
[16:58:41.750] Starting with no config file.
[16:58:41.750] Output repaint window is 7 ms maximum.
[16:58:41.750] Loading module '/home/hoskinson/window-integration-qa/private-weston-host-v2/prefix/usr/lib/libweston-15/headless-backend.so'
[16:58:41.756] Loading module '/home/hoskinson/window-integration-qa/private-weston-host-v2/prefix/usr/lib/libweston-15/gl-renderer.so'
[16:58:41.776] Using rendering device: /dev/dri/renderD129
[16:58:41.780] EGL version: 1.5
[16:58:41.780] EGL vendor: Mesa Project
[16:58:41.780] EGL client APIs: OpenGL OpenGL_ES 
[16:58:41.780] EGL features:
               EGL Wayland extension: no
               context priority: yes
               buffer age: no
               partial update: yes
               swap buffers with damage: no
               configless context: yes
               surfaceless context: yes
               dmabuf support: modifiers
               fence sync: yes (native, wait)
[16:58:41.782] GL version: OpenGL ES 3.2 Mesa 26.2.2-arch1.1
[16:58:41.782] GLSL version: OpenGL ES GLSL ES 3.20
[16:58:41.782] GL vendor: Intel
[16:58:41.782] GL renderer: Mesa Intel(R) Graphics (ARL)
[16:58:41.789] GL ES 3.2 - renderer features:
               read-back format: ARGB8888
               glReadPixels supports y-flip: yes
               glReadPixels supports PBO: yes
               wl_shm 10 bpc formats: yes
               wl_shm 16 bpc formats: yes
               wl_shm half-float formats: yes
               internal R and RG formats: yes
               OES_EGL_image_external: yes
               GPU timeline: yes
               Texture immutability: yes
               Required precision: yes
[16:58:41.789] Using GL renderer
[16:58:41.789] Registered plugin API 'weston_windowed_output_api_headless_v2' of size 16
[16:58:41.789] Color manager: no-op
                 protocol support: no
[16:58:41.789] Output 'headless' attempts EOTF mode SDR and colorimetry mode default.
[16:58:41.789] Output 'headless' using color profile: stock sRGB color profile
[16:58:41.789] Output 'headless' enabled with head(s) headless
[16:58:41.789] Compositor capabilities:
               arbitrary surface rotation: yes
               screen capture uses y-flip: yes
               cursor planes: no
               arbitrary resolutions: no
               view mask clipping: yes
               explicit sync: yes
               color operations: yes
               color representation: yes
               presentation clock: CLOCK_MONOTONIC_RAW, id 4
               presentation clock resolution: 0.000000001 s
[16:58:41.789] Loading module '/home/hoskinson/window-integration-qa/private-weston-host-v2/prefix/usr/lib/weston/kiosk-shell.so'
[16:58:59.679] caught signal 15
