Date: 2026-10-01 MDT
[23:01:20.477] weston 15.0.1
               https://wayland.freedesktop.org
               Bug reports to: https://gitlab.freedesktop.org/wayland/weston/issues/
               Build: 15.0.1
[23:01:20.478] Command line: /home/hoskinson/window-integration-qa/private-weston-host-v2/prefix/usr/bin/weston --backend=headless --renderer=gl --shell=kiosk-shell.so --fake-seat --no-config --socket=weston-host --width=1600 --height=1000 --scale=1 --idle-time=0 --log=/home/hoskinson/window-integration-qa/toolkit-held-matrix-v13/attempt-1/qt-wayland/host/weston-renderer.log
[23:01:20.478] OS: Linux, 7.2.7-1-omarchy, #1 SMP PREEMPT_DYNAMIC Sun, 27 Sep 2026 22:42:08 +0000, x86_64
[23:01:20.478] Flight recorder: enabled, scopes subscribed: log
[23:01:20.478] Starting with no config file.
[23:01:20.478] Output repaint window is 7 ms maximum.
[23:01:20.478] Loading module '/home/hoskinson/window-integration-qa/private-weston-host-v2/prefix/usr/lib/libweston-15/headless-backend.so'
[23:01:20.498] Loading module '/home/hoskinson/window-integration-qa/private-weston-host-v2/prefix/usr/lib/libweston-15/gl-renderer.so'
[23:01:20.565] Using rendering device: /dev/dri/renderD129
[23:01:20.577] EGL version: 1.5
[23:01:20.578] EGL vendor: Mesa Project
[23:01:20.578] EGL client APIs: OpenGL OpenGL_ES 
[23:01:20.578] EGL features:
               EGL Wayland extension: no
               context priority: yes
               buffer age: no
               partial update: yes
               swap buffers with damage: no
               configless context: yes
               surfaceless context: yes
               dmabuf support: modifiers
               fence sync: yes (native, wait)
[23:01:20.584] GL version: OpenGL ES 3.2 Mesa 26.2.2-arch1.1
[23:01:20.584] GLSL version: OpenGL ES GLSL ES 3.20
[23:01:20.584] GL vendor: Intel
[23:01:20.584] GL renderer: Mesa Intel(R) Graphics (ARL)
[23:01:20.607] GL ES 3.2 - renderer features:
               read-back format: ARGB8888
               glReadPixels supports y-flip: yes
               glReadPixels supports PBO: yes
               wl_shm 10 bpc formats: yes
               wl_shm 16 bpc formats: yes
               wl_shm half-float formats: yes
               internal R and RG formats: yes
               OES_EGL_image_external: yes
               GPU timeline: yes
               Texture immutability: yes
               Required precision: yes
[23:01:20.607] Using GL renderer
[23:01:20.607] Registered plugin API 'weston_windowed_output_api_headless_v2' of size 16
[23:01:20.607] Color manager: no-op
                 protocol support: no
[23:01:20.607] Output 'headless' attempts EOTF mode SDR and colorimetry mode default.
[23:01:20.607] Output 'headless' using color profile: stock sRGB color profile
[23:01:20.611] Output 'headless' enabled with head(s) headless
[23:01:20.611] Compositor capabilities:
               arbitrary surface rotation: yes
               screen capture uses y-flip: yes
               cursor planes: no
               arbitrary resolutions: no
               view mask clipping: yes
               explicit sync: yes
               color operations: yes
               color representation: yes
               presentation clock: CLOCK_MONOTONIC_RAW, id 4
               presentation clock resolution: 0.000000001 s
[23:01:20.611] Loading module '/home/hoskinson/window-integration-qa/private-weston-host-v2/prefix/usr/lib/weston/kiosk-shell.so'
[23:01:38.133] caught signal 15
