[23:24:06.403409] {Default Queue}  -> wl_display#1.get_registry(new id wl_registry#2)
[23:24:06.403472] {Default Queue}  -> wl_display#1.sync(new id wl_callback#3)
[23:24:06.403780] {Display Queue} wl_display#1.delete_id(3)
[23:24:06.403805] {Default Queue} wl_registry#2.global(1, "wl_seat", 9)
[23:24:06.403819] {Default Queue} wl_registry#2.global(2, "wl_data_device_manager", 3)
[23:24:06.403827] {Default Queue} wl_registry#2.global(3, "wl_compositor", 6)
[23:24:06.403836] {Default Queue}  -> wl_registry#2.bind(3, "wl_compositor", 4, new id [unknown]#4)
[23:24:06.403844] {Default Queue} wl_registry#2.global(4, "wl_subcompositor", 1)
[23:24:06.403851] {Default Queue} wl_registry#2.global(5, "wl_shm", 2)
[23:24:06.403858] {Default Queue}  -> wl_registry#2.bind(5, "wl_shm", 1, new id [unknown]#5)
[23:24:06.403865] {Default Queue} wl_registry#2.global(6, "wp_viewporter", 1)
[23:24:06.403871] {Default Queue} wl_registry#2.global(7, "wp_tearing_control_manager_v1", 1)
[23:24:06.403880] {Default Queue} wl_registry#2.global(8, "wp_fractional_scale_manager_v1", 1)
[23:24:06.403886] {Default Queue} wl_registry#2.global(9, "zxdg_output_manager_v1", 3)
[23:24:06.403892] {Default Queue} wl_registry#2.global(10, "wp_cursor_shape_manager_v1", 2)
[23:24:06.403898] {Default Queue} wl_registry#2.global(11, "zwp_idle_inhibit_manager_v1", 1)
[23:24:06.403904] {Default Queue} wl_registry#2.global(12, "zwp_relative_pointer_manager_v1", 1)
[23:24:06.403909] {Default Queue} wl_registry#2.global(13, "zxdg_decoration_manager_v1", 2)
[23:24:06.403915] {Default Queue} wl_registry#2.global(14, "wp_alpha_modifier_v1", 1)
[23:24:06.403921] {Default Queue} wl_registry#2.global(15, "zwlr_gamma_control_manager_v1", 1)
[23:24:06.403927] {Default Queue} wl_registry#2.global(16, "ext_foreign_toplevel_list_v1", 1)
[23:24:06.403933] {Default Queue} wl_registry#2.global(17, "zwp_pointer_gestures_v1", 3)
[23:24:06.403938] {Default Queue} wl_registry#2.global(18, "zwlr_foreign_toplevel_manager_v1", 3)
[23:24:06.403944] {Default Queue} wl_registry#2.global(19, "zwp_keyboard_shortcuts_inhibit_manager_v1", 1)
[23:24:06.403950] {Default Queue} wl_registry#2.global(20, "zwp_text_input_manager_v1", 1)
[23:24:06.403956] {Default Queue} wl_registry#2.global(21, "zwp_text_input_manager_v3", 1)
[23:24:06.403962] {Default Queue} wl_registry#2.global(22, "zwp_pointer_constraints_v1", 1)
[23:24:06.403971] {Default Queue} wl_registry#2.global(23, "zwlr_output_power_manager_v1", 1)
[23:24:06.403978] {Default Queue} wl_registry#2.global(24, "xdg_activation_v1", 1)
[23:24:06.403984] {Default Queue} wl_registry#2.global(25, "ext_idle_notifier_v1", 2)
[23:24:06.403990] {Default Queue} wl_registry#2.global(26, "hyprland_lock_notifier_v1", 1)
[23:24:06.403996] {Default Queue} wl_registry#2.global(27, "ext_session_lock_manager_v1", 1)
[23:24:06.404002] {Default Queue} wl_registry#2.global(28, "zwp_input_method_manager_v2", 1)
[23:24:06.404008] {Default Queue} wl_registry#2.global(29, "zwp_virtual_keyboard_manager_v1", 1)
[23:24:06.404014] {Default Queue} wl_registry#2.global(30, "zwlr_virtual_pointer_manager_v1", 2)
[23:24:06.404020] {Default Queue} wl_registry#2.global(31, "zwlr_output_manager_v1", 4)
[23:24:06.404026] {Default Queue} wl_registry#2.global(32, "org_kde_kwin_server_decoration_manager", 1)
[23:24:06.404032] {Default Queue} wl_registry#2.global(33, "hyprland_focus_grab_manager_v1", 1)
[23:24:06.404038] {Default Queue} wl_registry#2.global(34, "zwp_tablet_manager_v2", 1)
[23:24:06.404044] {Default Queue} wl_registry#2.global(35, "zwlr_layer_shell_v1", 5)
[23:24:06.404050] {Default Queue} wl_registry#2.global(36, "wp_presentation", 2)
[23:24:06.404056] {Default Queue} wl_registry#2.global(37, "xdg_wm_base", 7)
[23:24:06.404062] {Default Queue}  -> wl_registry#2.bind(37, "xdg_wm_base", 6, new id [unknown]#6)
[23:24:06.404068] {Default Queue} wl_registry#2.global(38, "zwlr_data_control_manager_v1", 2)
[23:24:06.404074] {Default Queue} wl_registry#2.global(39, "zwp_primary_selection_device_manager_v1", 1)
[23:24:06.404080] {Default Queue} wl_registry#2.global(40, "xwayland_shell_v1", 1)
[23:24:06.404099] {Default Queue} wl_registry#2.global(41, "hyprland_toplevel_mapping_manager_v1", 1)
[23:24:06.404117] {Default Queue} wl_registry#2.global(42, "hyprland_global_shortcuts_manager_v1", 1)
[23:24:06.404124] {Default Queue} wl_registry#2.global(43, "xdg_wm_dialog_v1", 1)
[23:24:06.404130] {Default Queue} wl_registry#2.global(44, "wp_single_pixel_buffer_manager_v1", 1)
[23:24:06.404136] {Default Queue} wl_registry#2.global(45, "wp_security_context_manager_v1", 1)
[23:24:06.404143] {Default Queue} wl_registry#2.global(46, "hyprland_ctm_control_manager_v1", 2)
[23:24:06.404149] {Default Queue} wl_registry#2.global(47, "hyprland_input_capture_manager_v1", 1)
[23:24:06.404155] {Default Queue} wl_registry#2.global(48, "hyprland_surface_manager_v1", 2)
[23:24:06.404161] {Default Queue} wl_registry#2.global(49, "wp_content_type_manager_v1", 1)
[23:24:06.404167] {Default Queue} wl_registry#2.global(50, "xdg_toplevel_tag_manager_v1", 1)
[23:24:06.404174] {Default Queue} wl_registry#2.global(51, "xdg_system_bell_v1", 1)
[23:24:06.404180] {Default Queue} wl_registry#2.global(52, "vicinae_hotkey_manager_v1", 1)
[23:24:06.404186] {Default Queue} wl_registry#2.global(53, "ext_workspace_manager_v1", 1)
[23:24:06.404192] {Default Queue} wl_registry#2.global(54, "ext_data_control_manager_v1", 1)
[23:24:06.404198] {Default Queue} wl_registry#2.global(55, "wp_pointer_warp_v1", 1)
[23:24:06.404204] {Default Queue} wl_registry#2.global(56, "wp_fifo_manager_v1", 1)
[23:24:06.404210] {Default Queue} wl_registry#2.global(57, "zxdg_exporter_v2", 1)
[23:24:06.404216] {Default Queue} wl_registry#2.global(58, "zxdg_importer_v2", 1)
[23:24:06.404222] {Default Queue} wl_registry#2.global(59, "ext_background_effect_manager_v1", 1)
[23:24:06.404228] {Default Queue} wl_registry#2.global(60, "wp_commit_timing_manager_v1", 1)
[23:24:06.404234] {Default Queue} wl_registry#2.global(61, "zwlr_screencopy_manager_v1", 3)
[23:24:06.404240] {Default Queue} wl_registry#2.global(62, "hyprland_toplevel_export_manager_v1", 2)
[23:24:06.404262] {Default Queue} wl_registry#2.global(63, "ext_output_image_capture_source_manager_v1", 1)
[23:24:06.404270] {Default Queue} wl_registry#2.global(64, "ext_foreign_toplevel_image_capture_source_manager_v1", 1)
[23:24:06.404276] {Default Queue} wl_registry#2.global(65, "ext_image_copy_capture_manager_v1", 1)
[23:24:06.404283] {Default Queue} wl_registry#2.global(66, "wp_color_manager_v1", 3)
[23:24:06.404289] {Default Queue} wl_registry#2.global(67, "wl_drm", 2)
[23:24:06.404295] {Default Queue} wl_registry#2.global(68, "zwp_linux_dmabuf_v1", 5)
[23:24:06.404301] {Default Queue} wl_registry#2.global(69, "wl_output", 4)
[23:24:06.404307] {Default Queue} wl_callback#3.done(158)
[23:24:06.404315] {Default Queue}  -> wl_compositor#4.create_surface(new id wl_surface#3)
[23:24:06.404322] {Default Queue}  -> xdg_wm_base#6.get_xdg_surface(new id xdg_surface#7, wl_surface#3)
[23:24:06.404330] {Default Queue}  -> xdg_surface#7.get_toplevel(new id xdg_toplevel#8)
[23:24:06.404336] {Default Queue}  -> xdg_toplevel#8.set_title("ELM-MAXIMIZE-PROBE")
[23:24:06.404343] {Default Queue}  -> xdg_toplevel#8.set_app_id("elm-maximize-probe")
[23:24:06.404348] {Default Queue}  -> wl_surface#3.commit()
[23:24:06.404752] {Default Queue} discarded wl_shm#5.format(0)
[23:24:06.404776] {Default Queue} discarded wl_shm#5.format(1)
[23:24:06.404784] {Default Queue} discarded wl_shm#5.format(875709016)
[23:24:06.404791] {Default Queue} discarded wl_shm#5.format(875708993)
[23:24:06.404796] {Default Queue} discarded wl_shm#5.format(808669784)
[23:24:06.404801] {Default Queue} discarded wl_shm#5.format(808669761)
[23:24:06.404807] {Default Queue} discarded wl_shm#5.format(808665688)
[23:24:06.404812] {Default Queue} discarded wl_shm#5.format(808665665)
[23:24:06.404817] {Default Queue} xdg_toplevel#8.wm_capabilities(array[8])
[23:24:06.404826] {Default Queue} xdg_toplevel#8.configure(800, 600, array[16])
[23:24:06.404834] {Default Queue} xdg_surface#7.configure(159)
[23:24:06.404842] {Default Queue}  -> xdg_surface#7.ack_configure(159)
{"event":"configure","sequence":1,"monotonicNs":120512340618064,"serial":159,"ackedSerial":159,"width":800,"height":600,"maximized":false,"fullscreen":false,"suspended":false,"configuredWidth":800,"configuredHeight":600}
[23:24:06.406737] {Default Queue}  -> wl_shm#5.create_pool(new id wl_shm_pool#9, fd 5, 1920000)
[23:24:06.406756] {Default Queue}  -> wl_shm_pool#9.create_buffer(new id wl_buffer#10, 0, 800, 600, 3200, 0)
[23:24:06.406765] {Default Queue}  -> wl_shm_pool#9.destroy()
[23:24:06.406779] {Default Queue}  -> xdg_surface#7.set_window_geometry(0, 0, 800, 600)
[23:24:06.406787] {Default Queue}  -> wl_surface#3.attach(wl_buffer#10, 0, 0)
[23:24:06.406795] {Default Queue}  -> wl_surface#3.damage(0, 0, 800, 600)
[23:24:06.406802] {Default Queue}  -> wl_surface#3.commit()
{"event":"buffercommit","sequence":2,"monotonicNs":120512342575272,"serial":159,"ackedSerial":159,"width":800,"height":600,"maximized":false,"fullscreen":false,"suspended":false,"bufferWidth":800,"bufferHeight":600,"inflight":1,"argb":"ff3773c8"}
{"event":"ready","sequence":3,"monotonicNs":120512342581301,"serial":159,"ackedSerial":159,"width":800,"height":600,"maximized":false,"fullscreen":false,"suspended":false,"title":"ELM-MAXIMIZE-PROBE","appId":"elm-maximize-probe"}
[23:24:06.408415] {Display Queue} wl_display#1.delete_id(9)
[23:24:06.408448] {Default Queue} wl_buffer#10.release()
{"event":"buffer-release","sequence":4,"monotonicNs":120512344212511,"serial":159,"ackedSerial":159,"width":800,"height":600,"maximized":false,"fullscreen":false,"suspended":false,"bufferSerial":159,"bufferWidth":800,"bufferHeight":600}
[23:24:06.408468] {Default Queue}  -> wl_buffer#10.destroy()
[23:24:06.408574] {Default Queue} xdg_toplevel#8.configure(758, 510, array[20])
[23:24:06.408585] {Default Queue} xdg_surface#7.configure(160)
[23:24:06.408593] {Default Queue}  -> xdg_surface#7.ack_configure(160)
{"event":"configure","sequence":5,"monotonicNs":120512344352859,"serial":160,"ackedSerial":160,"width":758,"height":510,"maximized":false,"fullscreen":false,"suspended":false,"configuredWidth":758,"configuredHeight":510}
[23:24:06.410016] {Default Queue}  -> wl_shm#5.create_pool(new id wl_shm_pool#9, fd 5, 1546320)
[23:24:06.410033] {Default Queue}  -> wl_shm_pool#9.create_buffer(new id wl_buffer#11, 0, 758, 510, 3032, 0)
[23:24:06.410042] {Default Queue}  -> wl_shm_pool#9.destroy()
[23:24:06.410051] {Default Queue}  -> xdg_surface#7.set_window_geometry(0, 0, 758, 510)
[23:24:06.410059] {Default Queue}  -> wl_surface#3.attach(wl_buffer#11, 0, 0)
[23:24:06.410067] {Default Queue}  -> wl_surface#3.damage(0, 0, 758, 510)
[23:24:06.410073] {Default Queue}  -> wl_surface#3.commit()
{"event":"buffercommit","sequence":6,"monotonicNs":120512345849206,"serial":160,"ackedSerial":160,"width":758,"height":510,"maximized":false,"fullscreen":false,"suspended":false,"bufferWidth":758,"bufferHeight":510,"inflight":1,"argb":"ff0873c8"}
[23:24:06.411118] discarded [unknown]#10.[event 0](0 fd, 8 byte)
[23:24:06.411146] {Display Queue} wl_display#1.delete_id(10)
[23:24:06.411159] {Display Queue} wl_display#1.delete_id(9)
[23:24:06.411166] {Default Queue} wl_buffer#11.release()
{"event":"buffer-release","sequence":7,"monotonicNs":120512346926821,"serial":160,"ackedSerial":160,"width":758,"height":510,"maximized":false,"fullscreen":false,"suspended":false,"bufferSerial":160,"bufferWidth":758,"bufferHeight":510}
[23:24:06.411181] {Default Queue}  -> wl_buffer#11.destroy()
[23:24:06.411908] discarded [unknown]#11.[event 0](0 fd, 8 byte)
[23:24:06.411932] {Display Queue} wl_display#1.delete_id(11)
[23:24:06.560803] {Default Queue} xdg_wm_base#6.ping(1337)
[23:24:06.560843] {Default Queue}  -> xdg_wm_base#6.pong(1337)
{"event":"request","sequence":8,"monotonicNs":120512919440471,"serial":160,"ackedSerial":160,"width":758,"height":510,"maximized":false,"fullscreen":false,"suspended":false,"command":"quit"}
[23:24:06.983722] {Default Queue}  -> xdg_toplevel#8.destroy()
[23:24:06.983736] {Default Queue}  -> xdg_surface#7.destroy()
[23:24:06.983744] {Default Queue}  -> wl_surface#3.destroy()
[23:24:06.983750] {Default Queue}  -> xdg_wm_base#6.destroy()
{"event":"normalexit","sequence":9,"monotonicNs":120512919546266,"serial":160,"ackedSerial":160,"width":758,"height":510,"maximized":false,"fullscreen":false,"suspended":false}
