{"event":"ack-configure","sequence":1,"controlSequence":0,"rootCommits":1,"childCommits":0,"serial":17,"width":320,"height":240,"monotonicNs":268559780695176}
{"event":"buffercommit","sequence":2,"controlSequence":0,"rootCommits":2,"childCommits":0,"serial":17,"width":320,"height":240,"monotonicNs":268559780795644}
{"event":"ready","sequence":3,"controlSequence":0,"rootCommits":2,"childCommits":0,"serial":17,"width":320,"height":240,"monotonicNs":268559780802608}
{"event":"buffer-release","sequence":4,"controlSequence":0,"rootCommits":2,"childCommits":0,"serial":17,"width":320,"height":240,"monotonicNs":268559781230926}
{"event":"ack-configure","sequence":5,"controlSequence":0,"rootCommits":2,"childCommits":0,"serial":18,"width":320,"height":240,"monotonicNs":268559781248355}
{"event":"ack-configure","sequence":6,"controlSequence":0,"rootCommits":2,"childCommits":0,"serial":35,"width":320,"height":240,"monotonicNs":268565508488287}
{"event":"ack-configure","sequence":7,"controlSequence":0,"rootCommits":2,"childCommits":0,"serial":38,"width":320,"height":240,"monotonicNs":268565522173338}
{"event":"ack-configure","sequence":8,"controlSequence":0,"rootCommits":2,"childCommits":0,"serial":52,"width":320,"height":240,"monotonicNs":268567004696669}
{"event":"ack-configure","sequence":9,"controlSequence":0,"rootCommits":2,"childCommits":0,"serial":55,"width":320,"height":240,"monotonicNs":268567016843221}
{"event":"ack-configure","sequence":10,"controlSequence":0,"rootCommits":2,"childCommits":0,"serial":69,"width":320,"height":240,"monotonicNs":268573388116840}
{"event":"ack-configure","sequence":11,"controlSequence":0,"rootCommits":2,"childCommits":0,"serial":72,"width":320,"height":240,"monotonicNs":268573402230399}
{"event":"ack-configure","sequence":12,"controlSequence":0,"rootCommits":2,"childCommits":0,"serial":74,"width":320,"height":240,"monotonicNs":268574034027676}
{"event":"ack-configure","sequence":13,"controlSequence":0,"rootCommits":2,"childCommits":0,"serial":148,"width":320,"height":240,"monotonicNs":268589365403712}
{"event":"ack-configure","sequence":14,"controlSequence":0,"rootCommits":2,"childCommits":0,"serial":149,"width":320,"height":240,"monotonicNs":268589407629355}
{"event":"ack-configure","sequence":15,"controlSequence":0,"rootCommits":2,"childCommits":0,"serial":156,"width":320,"height":240,"monotonicNs":268590170399433}
{"event":"ack-configure","sequence":16,"controlSequence":0,"rootCommits":2,"childCommits":0,"serial":233,"width":320,"height":240,"monotonicNs":268609922977621}
{"event":"ack-configure","sequence":17,"controlSequence":0,"rootCommits":2,"childCommits":0,"serial":236,"width":320,"height":240,"monotonicNs":268609924174528}
{"event":"ack-configure","sequence":18,"controlSequence":0,"rootCommits":2,"childCommits":0,"serial":237,"width":320,"height":240,"monotonicNs":268609949873476}
{"event":"ack-configure","sequence":19,"controlSequence":0,"rootCommits":2,"childCommits":0,"serial":242,"width":320,"height":240,"monotonicNs":268609975630388}
{"event":"ack-configure","sequence":20,"controlSequence":0,"rootCommits":2,"childCommits":0,"serial":243,"width":320,"height":240,"monotonicNs":268610026894213}
{"event":"ack-configure","sequence":21,"controlSequence":0,"rootCommits":2,"childCommits":0,"serial":248,"width":320,"height":240,"monotonicNs":268610077705670}
{"event":"ack-configure","sequence":22,"controlSequence":0,"rootCommits":2,"childCommits":0,"serial":249,"width":320,"height":240,"monotonicNs":268610128882622}
{"event":"ack-configure","sequence":23,"controlSequence":0,"rootCommits":2,"childCommits":0,"serial":254,"width":320,"height":240,"monotonicNs":268610179479147}
{"event":"ack-configure","sequence":24,"controlSequence":0,"rootCommits":2,"childCommits":0,"serial":255,"width":320,"height":240,"monotonicNs":268610312873809}
{"event":"ack-configure","sequence":25,"controlSequence":0,"rootCommits":2,"childCommits":0,"serial":260,"width":320,"height":240,"monotonicNs":268610338649367}
{"event":"ack-configure","sequence":26,"controlSequence":0,"rootCommits":2,"childCommits":0,"serial":261,"width":320,"height":240,"monotonicNs":268610490658434}
{"event":"ack-configure","sequence":27,"controlSequence":0,"rootCommits":2,"childCommits":0,"serial":266,"width":320,"height":240,"monotonicNs":268610516550325}
{"event":"ack-configure","sequence":28,"controlSequence":0,"rootCommits":2,"childCommits":0,"serial":267,"width":320,"height":240,"monotonicNs":268610618668720}
{"event":"ack-configure","sequence":29,"controlSequence":0,"rootCommits":2,"childCommits":0,"serial":272,"width":320,"height":240,"monotonicNs":268610669667957}
{"event":"ack-configure","sequence":30,"controlSequence":0,"rootCommits":2,"childCommits":0,"serial":273,"width":320,"height":240,"monotonicNs":268610695837615}
{"event":"ack-configure","sequence":31,"controlSequence":0,"rootCommits":2,"childCommits":0,"serial":278,"width":320,"height":240,"monotonicNs":268610746949469}
{"event":"ack-configure","sequence":32,"controlSequence":0,"rootCommits":2,"childCommits":0,"serial":279,"width":320,"height":240,"monotonicNs":268610798393478}
{"event":"ack-configure","sequence":33,"controlSequence":0,"rootCommits":2,"childCommits":0,"serial":284,"width":320,"height":240,"monotonicNs":268610899594878}
{"event":"ack-configure","sequence":34,"controlSequence":0,"rootCommits":2,"childCommits":0,"serial":286,"width":320,"height":240,"monotonicNs":268611404809847}
{"event":"ack-configure","sequence":35,"controlSequence":0,"rootCommits":2,"childCommits":0,"serial":291,"width":320,"height":240,"monotonicNs":268611530719862}
{"event":"ack-configure","sequence":36,"controlSequence":0,"rootCommits":2,"childCommits":0,"serial":293,"width":320,"height":240,"monotonicNs":268611762537597}
{"event":"ack-configure","sequence":37,"controlSequence":0,"rootCommits":2,"childCommits":0,"serial":296,"width":320,"height":240,"monotonicNs":268611808714709}
{"event":"ack-configure","sequence":38,"controlSequence":0,"rootCommits":2,"childCommits":0,"serial":320,"width":320,"height":240,"monotonicNs":268612282249670}
{"event":"ack-configure","sequence":39,"controlSequence":0,"rootCommits":2,"childCommits":0,"serial":350,"width":320,"height":240,"monotonicNs":268618911446086}
{"event":"ack-configure","sequence":40,"controlSequence":0,"rootCommits":2,"childCommits":0,"serial":407,"width":320,"height":240,"monotonicNs":268625516377521}
{"event":"ack-configure","sequence":41,"controlSequence":0,"rootCommits":2,"childCommits":0,"serial":515,"width":320,"height":240,"monotonicNs":268643641809380}
{"event":"ack-configure","sequence":42,"controlSequence":0,"rootCommits":2,"childCommits":0,"serial":542,"width":320,"height":240,"monotonicNs":268644866017678}
{"event":"ack-configure","sequence":43,"controlSequence":0,"rootCommits":2,"childCommits":0,"serial":548,"width":320,"height":240,"monotonicNs":268644984917304}
{"event":"ack-configure","sequence":44,"controlSequence":0,"rootCommits":2,"childCommits":0,"serial":560,"width":320,"height":240,"monotonicNs":268645914271003}
{"event":"request","sequence":45,"controlSequence":1,"rootCommits":2,"childCommits":0,"serial":560,"width":320,"height":240,"monotonicNs":268646591437125,"command":"quit"}
{"event":"normalexit","sequence":46,"controlSequence":1,"rootCommits":2,"childCommits":0,"serial":560,"width":320,"height":240,"monotonicNs":268646591460439}
