Date: 2026-10-05 MDT
[21:24:09.769] weston 15.0.1
               https://wayland.freedesktop.org
               Bug reports to: https://gitlab.freedesktop.org/wayland/weston/issues/
               Build: 15.0.1
[21:24:09.769] Command line: /home/hoskinson/window-integration-qa/private-weston-host-v2/prefix/usr/bin/weston --backend=headless --renderer=gl --shell=kiosk-shell.so --fake-seat --no-config --socket=weston-host --width=1600 --height=1000 --scale=1 --idle-time=0 --log=/home/hoskinson/window-integration-qa/warlock-client-child-1791257049560752300/weston-renderer.log --modules=/home/hoskinson/omarchy-windows-parity/implementation/elm-shared-held-context-fixture-v170/build-1791131379281957759/parent-input.so
[21:24:09.769] OS: Linux, 7.2.7-1-omarchy, #1 SMP PREEMPT_DYNAMIC Sun, 27 Sep 2026 22:42:08 +0000, x86_64
[21:24:09.769] Flight recorder: enabled, scopes subscribed: log
[21:24:09.769] Starting with no config file.
[21:24:09.769] Output repaint window is 7 ms maximum.
[21:24:09.769] Loading module '/home/hoskinson/window-integration-qa/private-weston-host-v2/prefix/usr/lib/libweston-15/headless-backend.so'
[21:24:09.773] Loading module '/home/hoskinson/window-integration-qa/private-weston-host-v2/prefix/usr/lib/libweston-15/gl-renderer.so'
[21:24:09.789] Using rendering device: /dev/dri/renderD129
[21:24:09.791] EGL version: 1.5
[21:24:09.791] EGL vendor: Mesa Project
[21:24:09.791] EGL client APIs: OpenGL OpenGL_ES 
[21:24:09.791] EGL features:
               EGL Wayland extension: no
               context priority: yes
               buffer age: no
               partial update: yes
               swap buffers with damage: no
               configless context: yes
               surfaceless context: yes
               dmabuf support: modifiers
               fence sync: yes (native, wait)
[21:24:09.793] GL version: OpenGL ES 3.2 Mesa 26.2.2-arch1.1
[21:24:09.793] GLSL version: OpenGL ES GLSL ES 3.20
[21:24:09.793] GL vendor: Intel
[21:24:09.793] GL renderer: Mesa Intel(R) Graphics (ARL)
[21:24:09.799] GL ES 3.2 - renderer features:
               read-back format: ARGB8888
               glReadPixels supports y-flip: yes
               glReadPixels supports PBO: yes
               wl_shm 10 bpc formats: yes
               wl_shm 16 bpc formats: yes
               wl_shm half-float formats: yes
               internal R and RG formats: yes
               OES_EGL_image_external: yes
               GPU timeline: yes
               Texture immutability: yes
               Required precision: yes
[21:24:09.799] Using GL renderer
[21:24:09.799] Registered plugin API 'weston_windowed_output_api_headless_v2' of size 16
[21:24:09.799] Color manager: no-op
                 protocol support: no
[21:24:09.799] Output 'headless' attempts EOTF mode SDR and colorimetry mode default.
[21:24:09.799] Output 'headless' using color profile: stock sRGB color profile
[21:24:09.800] Output 'headless' enabled with head(s) headless
[21:24:09.800] Compositor capabilities:
               arbitrary surface rotation: yes
               screen capture uses y-flip: yes
               cursor planes: no
               arbitrary resolutions: no
               view mask clipping: yes
               explicit sync: yes
               color operations: yes
               color representation: yes
               presentation clock: CLOCK_MONOTONIC_RAW, id 4
               presentation clock resolution: 0.000000001 s
[21:24:09.800] Loading module '/home/hoskinson/window-integration-qa/private-weston-host-v2/prefix/usr/lib/weston/kiosk-shell.so'
[21:24:09.800] Loading module '/home/hoskinson/omarchy-windows-parity/implementation/elm-shared-held-context-fixture-v170/build-1791131379281957759/parent-input.so'
[21:25:05.485] caught signal 15
