{"event":"ack-configure","sequence":1,"controlSequence":0,"rootCommits":1,"childCommits":0,"serial":17,"width":320,"height":240,"monotonicNs":215647427902911}
{"event":"buffercommit","sequence":2,"controlSequence":0,"rootCommits":2,"childCommits":0,"serial":17,"width":320,"height":240,"monotonicNs":215647428043510}
{"event":"ready","sequence":3,"controlSequence":0,"rootCommits":2,"childCommits":0,"serial":17,"width":320,"height":240,"monotonicNs":215647428050878}
{"event":"buffer-release","sequence":4,"controlSequence":0,"rootCommits":2,"childCommits":0,"serial":17,"width":320,"height":240,"monotonicNs":215647428587159}
{"event":"ack-configure","sequence":5,"controlSequence":0,"rootCommits":2,"childCommits":0,"serial":18,"width":320,"height":240,"monotonicNs":215647428604889}
{"event":"buffercommit","sequence":6,"controlSequence":0,"rootCommits":3,"childCommits":0,"serial":18,"width":320,"height":240,"monotonicNs":215647428718657}
{"event":"buffer-release","sequence":7,"controlSequence":0,"rootCommits":3,"childCommits":0,"serial":18,"width":320,"height":240,"monotonicNs":215647428833715}
{"event":"ack-configure","sequence":8,"controlSequence":0,"rootCommits":3,"childCommits":0,"serial":35,"width":320,"height":240,"monotonicNs":215653115657584}
{"event":"buffercommit","sequence":9,"controlSequence":0,"rootCommits":4,"childCommits":0,"serial":35,"width":320,"height":240,"monotonicNs":215653115799381}
{"event":"buffer-release","sequence":10,"controlSequence":0,"rootCommits":4,"childCommits":0,"serial":35,"width":320,"height":240,"monotonicNs":215653116847660}
{"event":"ack-configure","sequence":11,"controlSequence":0,"rootCommits":4,"childCommits":0,"serial":38,"width":320,"height":240,"monotonicNs":215653129162421}
{"event":"buffercommit","sequence":12,"controlSequence":0,"rootCommits":5,"childCommits":0,"serial":38,"width":320,"height":240,"monotonicNs":215653129295487}
{"event":"buffer-release","sequence":13,"controlSequence":0,"rootCommits":5,"childCommits":0,"serial":38,"width":320,"height":240,"monotonicNs":215653129487086}
{"event":"ack-configure","sequence":14,"controlSequence":0,"rootCommits":5,"childCommits":0,"serial":52,"width":320,"height":240,"monotonicNs":215659421351603}
{"event":"buffercommit","sequence":15,"controlSequence":0,"rootCommits":6,"childCommits":0,"serial":52,"width":320,"height":240,"monotonicNs":215659421506102}
{"event":"buffer-release","sequence":16,"controlSequence":0,"rootCommits":6,"childCommits":0,"serial":52,"width":320,"height":240,"monotonicNs":215659422216265}
{"event":"ack-configure","sequence":17,"controlSequence":0,"rootCommits":6,"childCommits":0,"serial":55,"width":320,"height":240,"monotonicNs":215659434900966}
{"event":"buffercommit","sequence":18,"controlSequence":0,"rootCommits":7,"childCommits":0,"serial":55,"width":320,"height":240,"monotonicNs":215659435043554}
{"event":"buffer-release","sequence":19,"controlSequence":0,"rootCommits":7,"childCommits":0,"serial":55,"width":320,"height":240,"monotonicNs":215659435327241}
{"event":"ack-configure","sequence":20,"controlSequence":0,"rootCommits":7,"childCommits":0,"serial":57,"width":320,"height":240,"monotonicNs":215660066811051}
{"event":"buffercommit","sequence":21,"controlSequence":0,"rootCommits":8,"childCommits":0,"serial":57,"width":320,"height":240,"monotonicNs":215660066940005}
{"event":"buffer-release","sequence":22,"controlSequence":0,"rootCommits":8,"childCommits":0,"serial":57,"width":320,"height":240,"monotonicNs":215660067181178}
{"event":"ack-configure","sequence":23,"controlSequence":0,"rootCommits":8,"childCommits":0,"serial":130,"width":320,"height":240,"monotonicNs":215675070759995}
{"event":"buffercommit","sequence":24,"controlSequence":0,"rootCommits":9,"childCommits":0,"serial":130,"width":320,"height":240,"monotonicNs":215675070985528}
{"event":"buffer-release","sequence":25,"controlSequence":0,"rootCommits":9,"childCommits":0,"serial":130,"width":320,"height":240,"monotonicNs":215675071779636}
{"event":"ack-configure","sequence":26,"controlSequence":0,"rootCommits":9,"childCommits":0,"serial":131,"width":320,"height":240,"monotonicNs":215675113717396}
{"event":"buffercommit","sequence":27,"controlSequence":0,"rootCommits":10,"childCommits":0,"serial":131,"width":320,"height":240,"monotonicNs":215675113859728}
{"event":"buffer-release","sequence":28,"controlSequence":0,"rootCommits":10,"childCommits":0,"serial":131,"width":320,"height":240,"monotonicNs":215675114074695}
{"event":"request","sequence":29,"controlSequence":1,"rootCommits":10,"childCommits":0,"serial":131,"width":320,"height":240,"monotonicNs":215682048929366,"command":"quit"}
{"event":"normalexit","sequence":30,"controlSequence":1,"rootCommits":10,"childCommits":0,"serial":131,"width":320,"height":240,"monotonicNs":215682048957662}
