{"event":"ack-configure","sequence":1,"controlSequence":0,"rootCommits":1,"childCommits":0,"serial":17,"width":320,"height":240,"monotonicNs":213629639142454}
{"event":"buffercommit","sequence":2,"controlSequence":0,"rootCommits":2,"childCommits":0,"serial":17,"width":320,"height":240,"monotonicNs":213629639260670}
{"event":"ready","sequence":3,"controlSequence":0,"rootCommits":2,"childCommits":0,"serial":17,"width":320,"height":240,"monotonicNs":213629639268005}
{"event":"buffer-release","sequence":4,"controlSequence":0,"rootCommits":2,"childCommits":0,"serial":17,"width":320,"height":240,"monotonicNs":213629639921955}
{"event":"ack-configure","sequence":5,"controlSequence":0,"rootCommits":2,"childCommits":0,"serial":18,"width":320,"height":240,"monotonicNs":213629639941119}
{"event":"buffercommit","sequence":6,"controlSequence":0,"rootCommits":3,"childCommits":0,"serial":18,"width":320,"height":240,"monotonicNs":213629640040141}
{"event":"buffer-release","sequence":7,"controlSequence":0,"rootCommits":3,"childCommits":0,"serial":18,"width":320,"height":240,"monotonicNs":213629640352942}
{"event":"ack-configure","sequence":8,"controlSequence":0,"rootCommits":3,"childCommits":0,"serial":35,"width":320,"height":240,"monotonicNs":213635323408159}
{"event":"buffercommit","sequence":9,"controlSequence":0,"rootCommits":4,"childCommits":0,"serial":35,"width":320,"height":240,"monotonicNs":213635323536566}
{"event":"buffer-release","sequence":10,"controlSequence":0,"rootCommits":4,"childCommits":0,"serial":35,"width":320,"height":240,"monotonicNs":213635323831609}
{"event":"ack-configure","sequence":11,"controlSequence":0,"rootCommits":4,"childCommits":0,"serial":38,"width":320,"height":240,"monotonicNs":213635336426232}
{"event":"buffercommit","sequence":12,"controlSequence":0,"rootCommits":5,"childCommits":0,"serial":38,"width":320,"height":240,"monotonicNs":213635336549402}
{"event":"buffer-release","sequence":13,"controlSequence":0,"rootCommits":5,"childCommits":0,"serial":38,"width":320,"height":240,"monotonicNs":213635336903367}
{"event":"ack-configure","sequence":14,"controlSequence":0,"rootCommits":5,"childCommits":0,"serial":52,"width":320,"height":240,"monotonicNs":213641668752781}
{"event":"buffercommit","sequence":15,"controlSequence":0,"rootCommits":6,"childCommits":0,"serial":52,"width":320,"height":240,"monotonicNs":213641668966855}
{"event":"buffer-release","sequence":16,"controlSequence":0,"rootCommits":6,"childCommits":0,"serial":52,"width":320,"height":240,"monotonicNs":213641669311406}
{"event":"ack-configure","sequence":17,"controlSequence":0,"rootCommits":6,"childCommits":0,"serial":55,"width":320,"height":240,"monotonicNs":213641679831112}
{"event":"buffercommit","sequence":18,"controlSequence":0,"rootCommits":7,"childCommits":0,"serial":55,"width":320,"height":240,"monotonicNs":213641679992188}
{"event":"buffer-release","sequence":19,"controlSequence":0,"rootCommits":7,"childCommits":0,"serial":55,"width":320,"height":240,"monotonicNs":213641680433341}
{"event":"ack-configure","sequence":20,"controlSequence":0,"rootCommits":7,"childCommits":0,"serial":57,"width":320,"height":240,"monotonicNs":213642315143280}
{"event":"buffercommit","sequence":21,"controlSequence":0,"rootCommits":8,"childCommits":0,"serial":57,"width":320,"height":240,"monotonicNs":213642315260568}
{"event":"buffer-release","sequence":22,"controlSequence":0,"rootCommits":8,"childCommits":0,"serial":57,"width":320,"height":240,"monotonicNs":213642315451250}
{"event":"ack-configure","sequence":23,"controlSequence":0,"rootCommits":8,"childCommits":0,"serial":131,"width":320,"height":240,"monotonicNs":213657308157236}
{"event":"buffercommit","sequence":24,"controlSequence":0,"rootCommits":9,"childCommits":0,"serial":131,"width":320,"height":240,"monotonicNs":213657308261031}
{"event":"buffer-release","sequence":25,"controlSequence":0,"rootCommits":9,"childCommits":0,"serial":131,"width":320,"height":240,"monotonicNs":213657309096199}
{"event":"ack-configure","sequence":26,"controlSequence":0,"rootCommits":9,"childCommits":0,"serial":132,"width":320,"height":240,"monotonicNs":213657350849207}
{"event":"buffercommit","sequence":27,"controlSequence":0,"rootCommits":10,"childCommits":0,"serial":132,"width":320,"height":240,"monotonicNs":213657350968603}
{"event":"buffer-release","sequence":28,"controlSequence":0,"rootCommits":10,"childCommits":0,"serial":132,"width":320,"height":240,"monotonicNs":213657351231432}
{"event":"ack-configure","sequence":29,"controlSequence":0,"rootCommits":10,"childCommits":0,"serial":139,"width":320,"height":240,"monotonicNs":213657568902886}
{"event":"buffercommit","sequence":30,"controlSequence":0,"rootCommits":11,"childCommits":0,"serial":139,"width":320,"height":240,"monotonicNs":213657569023244}
{"event":"buffer-release","sequence":31,"controlSequence":0,"rootCommits":11,"childCommits":0,"serial":139,"width":320,"height":240,"monotonicNs":213657570007576}
{"event":"ack-configure","sequence":32,"controlSequence":0,"rootCommits":11,"childCommits":0,"serial":150,"width":320,"height":240,"monotonicNs":213658449740417}
{"event":"buffercommit","sequence":33,"controlSequence":0,"rootCommits":12,"childCommits":0,"serial":150,"width":320,"height":240,"monotonicNs":213658449876040}
{"event":"buffer-release","sequence":34,"controlSequence":0,"rootCommits":12,"childCommits":0,"serial":150,"width":320,"height":240,"monotonicNs":213658450384994}
{"event":"ack-configure","sequence":35,"controlSequence":0,"rootCommits":12,"childCommits":0,"serial":154,"width":320,"height":240,"monotonicNs":213658452958279}
{"event":"buffercommit","sequence":36,"controlSequence":0,"rootCommits":13,"childCommits":0,"serial":154,"width":320,"height":240,"monotonicNs":213658453084873}
{"event":"buffer-release","sequence":37,"controlSequence":0,"rootCommits":13,"childCommits":0,"serial":154,"width":320,"height":240,"monotonicNs":213658453385106}
{"event":"ack-configure","sequence":38,"controlSequence":0,"rootCommits":13,"childCommits":0,"serial":157,"width":320,"height":240,"monotonicNs":213658545273188}
{"event":"buffercommit","sequence":39,"controlSequence":0,"rootCommits":14,"childCommits":0,"serial":157,"width":320,"height":240,"monotonicNs":213658545398886}
{"event":"buffer-release","sequence":40,"controlSequence":0,"rootCommits":14,"childCommits":0,"serial":157,"width":320,"height":240,"monotonicNs":213658545827163}
{"event":"request","sequence":41,"controlSequence":1,"rootCommits":14,"childCommits":0,"serial":157,"width":320,"height":240,"monotonicNs":213659118629287,"command":"quit"}
{"event":"normalexit","sequence":42,"controlSequence":1,"rootCommits":14,"childCommits":0,"serial":157,"width":320,"height":240,"monotonicNs":213659118654103}
