[09:55:06.400368] {Default Queue}  -> wl_display#1.get_registry(new id wl_registry#2)
[09:55:06.400393] {Default Queue}  -> wl_display#1.sync(new id wl_callback#3)
[09:55:06.400463] {Display Queue} wl_display#1.delete_id(3)
[09:55:06.400467] {Default Queue} wl_registry#2.global(1, "wl_seat", 9)
[09:55:06.400471] {Default Queue} wl_registry#2.global(2, "wl_data_device_manager", 3)
[09:55:06.400473] {Default Queue} wl_registry#2.global(3, "wl_compositor", 6)
[09:55:06.400476] {Default Queue}  -> wl_registry#2.bind(3, "wl_compositor", 4, new id [unknown]#4)
[09:55:06.400478] {Default Queue} wl_registry#2.global(4, "wl_subcompositor", 1)
[09:55:06.400481] {Default Queue} wl_registry#2.global(5, "wl_shm", 2)
[09:55:06.400483] {Default Queue}  -> wl_registry#2.bind(5, "wl_shm", 1, new id [unknown]#5)
[09:55:06.400485] {Default Queue} wl_registry#2.global(6, "wp_viewporter", 1)
[09:55:06.400487] {Default Queue} wl_registry#2.global(7, "wp_tearing_control_manager_v1", 1)
[09:55:06.400490] {Default Queue} wl_registry#2.global(8, "wp_fractional_scale_manager_v1", 1)
[09:55:06.400492] {Default Queue} wl_registry#2.global(9, "zxdg_output_manager_v1", 3)
[09:55:06.400494] {Default Queue} wl_registry#2.global(10, "wp_cursor_shape_manager_v1", 2)
[09:55:06.400496] {Default Queue} wl_registry#2.global(11, "zwp_idle_inhibit_manager_v1", 1)
[09:55:06.400498] {Default Queue} wl_registry#2.global(12, "zwp_relative_pointer_manager_v1", 1)
[09:55:06.400500] {Default Queue} wl_registry#2.global(13, "zxdg_decoration_manager_v1", 2)
[09:55:06.400502] {Default Queue} wl_registry#2.global(14, "wp_alpha_modifier_v1", 1)
[09:55:06.400504] {Default Queue} wl_registry#2.global(15, "zwlr_gamma_control_manager_v1", 1)
[09:55:06.400506] {Default Queue} wl_registry#2.global(16, "ext_foreign_toplevel_list_v1", 1)
[09:55:06.400512] {Default Queue} wl_registry#2.global(17, "zwp_pointer_gestures_v1", 3)
[09:55:06.400514] {Default Queue} wl_registry#2.global(18, "zwlr_foreign_toplevel_manager_v1", 3)
[09:55:06.400516] {Default Queue} wl_registry#2.global(19, "zwp_keyboard_shortcuts_inhibit_manager_v1", 1)
[09:55:06.400519] {Default Queue} wl_registry#2.global(20, "zwp_text_input_manager_v1", 1)
[09:55:06.400521] {Default Queue} wl_registry#2.global(21, "zwp_text_input_manager_v3", 1)
[09:55:06.400524] {Default Queue} wl_registry#2.global(22, "zwp_pointer_constraints_v1", 1)
[09:55:06.400527] {Default Queue} wl_registry#2.global(23, "zwlr_output_power_manager_v1", 1)
[09:55:06.400529] {Default Queue} wl_registry#2.global(24, "xdg_activation_v1", 1)
[09:55:06.400531] {Default Queue} wl_registry#2.global(25, "ext_idle_notifier_v1", 2)
[09:55:06.400534] {Default Queue} wl_registry#2.global(26, "hyprland_lock_notifier_v1", 1)
[09:55:06.400536] {Default Queue} wl_registry#2.global(27, "ext_session_lock_manager_v1", 1)
[09:55:06.400538] {Default Queue} wl_registry#2.global(28, "zwp_input_method_manager_v2", 1)
[09:55:06.400541] {Default Queue} wl_registry#2.global(29, "zwp_virtual_keyboard_manager_v1", 1)
[09:55:06.400543] {Default Queue} wl_registry#2.global(30, "zwlr_virtual_pointer_manager_v1", 2)
[09:55:06.400546] {Default Queue} wl_registry#2.global(31, "zwlr_output_manager_v1", 4)
[09:55:06.400548] {Default Queue} wl_registry#2.global(32, "org_kde_kwin_server_decoration_manager", 1)
[09:55:06.400551] {Default Queue} wl_registry#2.global(33, "hyprland_focus_grab_manager_v1", 1)
[09:55:06.400553] {Default Queue} wl_registry#2.global(34, "zwp_tablet_manager_v2", 1)
[09:55:06.400555] {Default Queue} wl_registry#2.global(35, "zwlr_layer_shell_v1", 5)
[09:55:06.400557] {Default Queue} wl_registry#2.global(36, "wp_presentation", 2)
[09:55:06.400560] {Default Queue} wl_registry#2.global(37, "xdg_wm_base", 7)
[09:55:06.400563] {Default Queue}  -> wl_registry#2.bind(37, "xdg_wm_base", 6, new id [unknown]#6)
[09:55:06.400565] {Default Queue} wl_registry#2.global(38, "zwlr_data_control_manager_v1", 2)
[09:55:06.400568] {Default Queue} wl_registry#2.global(39, "zwp_primary_selection_device_manager_v1", 1)
[09:55:06.400570] {Default Queue} wl_registry#2.global(40, "xwayland_shell_v1", 1)
[09:55:06.400577] {Default Queue} wl_registry#2.global(41, "hyprland_toplevel_mapping_manager_v1", 1)
[09:55:06.400582] {Default Queue} wl_registry#2.global(42, "hyprland_global_shortcuts_manager_v1", 1)
[09:55:06.400585] {Default Queue} wl_registry#2.global(43, "xdg_wm_dialog_v1", 1)
[09:55:06.400587] {Default Queue} wl_registry#2.global(44, "wp_single_pixel_buffer_manager_v1", 1)
[09:55:06.400590] {Default Queue} wl_registry#2.global(45, "wp_security_context_manager_v1", 1)
[09:55:06.400592] {Default Queue} wl_registry#2.global(46, "hyprland_ctm_control_manager_v1", 2)
[09:55:06.400594] {Default Queue} wl_registry#2.global(47, "hyprland_input_capture_manager_v1", 1)
[09:55:06.400597] {Default Queue} wl_registry#2.global(48, "hyprland_surface_manager_v1", 2)
[09:55:06.400599] {Default Queue} wl_registry#2.global(49, "wp_content_type_manager_v1", 1)
[09:55:06.400601] {Default Queue} wl_registry#2.global(50, "xdg_toplevel_tag_manager_v1", 1)
[09:55:06.400604] {Default Queue} wl_registry#2.global(51, "xdg_system_bell_v1", 1)
[09:55:06.400607] {Default Queue} wl_registry#2.global(52, "vicinae_hotkey_manager_v1", 1)
[09:55:06.400609] {Default Queue} wl_registry#2.global(53, "ext_workspace_manager_v1", 1)
[09:55:06.400612] {Default Queue} wl_registry#2.global(54, "ext_data_control_manager_v1", 1)
[09:55:06.400614] {Default Queue} wl_registry#2.global(55, "wp_pointer_warp_v1", 1)
[09:55:06.400616] {Default Queue} wl_registry#2.global(56, "wp_fifo_manager_v1", 1)
[09:55:06.400619] {Default Queue} wl_registry#2.global(57, "zxdg_exporter_v2", 1)
[09:55:06.400621] {Default Queue} wl_registry#2.global(58, "zxdg_importer_v2", 1)
[09:55:06.400624] {Default Queue} wl_registry#2.global(59, "ext_background_effect_manager_v1", 1)
[09:55:06.400626] {Default Queue} wl_registry#2.global(60, "wp_commit_timing_manager_v1", 1)
[09:55:06.400629] {Default Queue} wl_registry#2.global(61, "zwlr_screencopy_manager_v1", 3)
[09:55:06.400631] {Default Queue} wl_registry#2.global(62, "hyprland_toplevel_export_manager_v1", 2)
[09:55:06.400634] {Default Queue} wl_registry#2.global(63, "ext_output_image_capture_source_manager_v1", 1)
[09:55:06.400636] {Default Queue} wl_registry#2.global(64, "ext_foreign_toplevel_image_capture_source_manager_v1", 1)
[09:55:06.400639] {Default Queue} wl_registry#2.global(65, "ext_image_copy_capture_manager_v1", 1)
[09:55:06.400642] {Default Queue} wl_registry#2.global(66, "wp_color_manager_v1", 3)
[09:55:06.400644] {Default Queue} wl_registry#2.global(67, "wl_drm", 2)
[09:55:06.400646] {Default Queue} wl_registry#2.global(68, "zwp_linux_dmabuf_v1", 5)
[09:55:06.400648] {Default Queue} wl_registry#2.global(69, "wl_output", 4)
[09:55:06.400650] {Default Queue} wl_callback#3.done(0)
[09:55:06.400653] {Default Queue}  -> wl_compositor#4.create_surface(new id wl_surface#3)
[09:55:06.400656] {Default Queue}  -> xdg_wm_base#6.get_xdg_surface(new id xdg_surface#7, wl_surface#3)
[09:55:06.400659] {Default Queue}  -> xdg_surface#7.get_toplevel(new id xdg_toplevel#8)
[09:55:06.400661] {Default Queue}  -> xdg_toplevel#8.set_title("ELM-MAXIMIZE-PROBE")
[09:55:06.400664] {Default Queue}  -> xdg_toplevel#8.set_app_id("elm-maximize-probe")
[09:55:06.400667] {Default Queue}  -> wl_surface#3.commit()
[09:55:06.400921] {Default Queue} discarded wl_shm#5.format(0)
[09:55:06.400931] {Default Queue} discarded wl_shm#5.format(1)
[09:55:06.400934] {Default Queue} discarded wl_shm#5.format(875709016)
[09:55:06.400936] {Default Queue} discarded wl_shm#5.format(875708993)
[09:55:06.400938] {Default Queue} discarded wl_shm#5.format(808669784)
[09:55:06.400940] {Default Queue} discarded wl_shm#5.format(808669761)
[09:55:06.400942] {Default Queue} discarded wl_shm#5.format(808665688)
[09:55:06.400944] {Default Queue} discarded wl_shm#5.format(808665665)
[09:55:06.400945] {Default Queue} xdg_toplevel#8.wm_capabilities(array[8])
[09:55:06.400948] {Default Queue} xdg_toplevel#8.configure(800, 600, array[16])
[09:55:06.400951] {Default Queue} xdg_surface#7.configure(1)
[09:55:06.400954] {Default Queue}  -> xdg_surface#7.ack_configure(1)
{"event":"configure","sequence":1,"monotonicNs":75811043450608,"serial":1,"ackedSerial":1,"width":800,"height":600,"maximized":false,"fullscreen":false,"suspended":false,"configuredWidth":800,"configuredHeight":600}
[09:55:06.401611] {Default Queue}  -> wl_shm#5.create_pool(new id wl_shm_pool#9, fd 5, 1920000)
[09:55:06.401619] {Default Queue}  -> wl_shm_pool#9.create_buffer(new id wl_buffer#10, 0, 800, 600, 3200, 0)
[09:55:06.401623] {Default Queue}  -> wl_shm_pool#9.destroy()
[09:55:06.401627] {Default Queue}  -> xdg_surface#7.set_window_geometry(0, 0, 800, 600)
[09:55:06.401630] {Default Queue}  -> wl_surface#3.attach(wl_buffer#10, 0, 0)
[09:55:06.401632] {Default Queue}  -> wl_surface#3.damage(0, 0, 800, 600)
[09:55:06.401634] {Default Queue}  -> wl_surface#3.commit()
{"event":"buffercommit","sequence":2,"monotonicNs":75811044133990,"serial":1,"ackedSerial":1,"width":800,"height":600,"maximized":false,"fullscreen":false,"suspended":false,"bufferWidth":800,"bufferHeight":600,"inflight":1,"argb":"ff2971c8"}
{"event":"ready","sequence":3,"monotonicNs":75811044136260,"serial":1,"ackedSerial":1,"width":800,"height":600,"maximized":false,"fullscreen":false,"suspended":false,"title":"ELM-MAXIMIZE-PROBE","appId":"elm-maximize-probe"}
[09:55:06.403053] {Display Queue} wl_display#1.delete_id(9)
[09:55:06.403068] {Default Queue} wl_buffer#10.release()
{"event":"buffer-release","sequence":4,"monotonicNs":75811045566674,"serial":1,"ackedSerial":1,"width":800,"height":600,"maximized":false,"fullscreen":false,"suspended":false,"bufferSerial":1,"bufferWidth":800,"bufferHeight":600}
[09:55:06.403076] {Default Queue}  -> wl_buffer#10.destroy()
[09:55:06.403116] {Default Queue} xdg_toplevel#8.configure(758, 558, array[20])
[09:55:06.403120] {Default Queue} xdg_surface#7.configure(2)
[09:55:06.403123] {Default Queue}  -> xdg_surface#7.ack_configure(2)
{"event":"configure","sequence":5,"monotonicNs":75811045619071,"serial":2,"ackedSerial":2,"width":758,"height":558,"maximized":false,"fullscreen":false,"suspended":false,"configuredWidth":758,"configuredHeight":558}
[09:55:06.403707] {Default Queue}  -> wl_shm#5.create_pool(new id wl_shm_pool#9, fd 5, 1691856)
[09:55:06.403713] {Default Queue}  -> wl_shm_pool#9.create_buffer(new id wl_buffer#11, 0, 758, 558, 3032, 0)
[09:55:06.403717] {Default Queue}  -> wl_shm_pool#9.destroy()
[09:55:06.403719] {Default Queue}  -> xdg_surface#7.set_window_geometry(0, 0, 758, 558)
[09:55:06.403722] {Default Queue}  -> wl_surface#3.attach(wl_buffer#11, 0, 0)
[09:55:06.403725] {Default Queue}  -> wl_surface#3.damage(0, 0, 758, 558)
[09:55:06.403727] {Default Queue}  -> wl_surface#3.commit()
{"event":"buffercommit","sequence":6,"monotonicNs":75811046227283,"serial":2,"ackedSerial":2,"width":758,"height":558,"maximized":false,"fullscreen":false,"suspended":false,"bufferWidth":758,"bufferHeight":558,"inflight":1,"argb":"ff2a71c8"}
[09:55:06.404964] discarded [unknown]#10.[event 0](0 fd, 8 byte)
[09:55:06.404970] {Display Queue} wl_display#1.delete_id(10)
[09:55:06.404973] {Display Queue} wl_display#1.delete_id(9)
[09:55:06.404975] {Default Queue} wl_buffer#11.release()
{"event":"buffer-release","sequence":7,"monotonicNs":75811047470998,"serial":2,"ackedSerial":2,"width":758,"height":558,"maximized":false,"fullscreen":false,"suspended":false,"bufferSerial":2,"bufferWidth":758,"bufferHeight":558}
[09:55:06.404979] {Default Queue}  -> wl_buffer#11.destroy()
[09:55:06.536927] discarded [unknown]#11.[event 0](0 fd, 8 byte)
[09:55:06.536941] {Display Queue} wl_display#1.delete_id(11)
[09:55:06.545070] {Default Queue} xdg_toplevel#8.configure(800, 600, array[20])
[09:55:06.545094] {Default Queue} xdg_surface#7.configure(3)
[09:55:06.545099] {Default Queue}  -> xdg_surface#7.ack_configure(3)
{"event":"configure","sequence":8,"monotonicNs":75811187595678,"serial":3,"ackedSerial":3,"width":800,"height":600,"maximized":false,"fullscreen":false,"suspended":false,"configuredWidth":800,"configuredHeight":600}
[09:55:06.546042] {Default Queue}  -> wl_shm#5.create_pool(new id wl_shm_pool#11, fd 5, 1920000)
[09:55:06.546048] {Default Queue}  -> wl_shm_pool#11.create_buffer(new id wl_buffer#9, 0, 800, 600, 3200, 0)
[09:55:06.546056] {Default Queue}  -> wl_shm_pool#11.destroy()
[09:55:06.546068] {Default Queue}  -> xdg_surface#7.set_window_geometry(0, 0, 800, 600)
[09:55:06.546071] {Default Queue}  -> wl_surface#3.attach(wl_buffer#9, 0, 0)
[09:55:06.546074] {Default Queue}  -> wl_surface#3.damage(0, 0, 800, 600)
[09:55:06.546077] {Default Queue}  -> wl_surface#3.commit()
{"event":"buffercommit","sequence":9,"monotonicNs":75811188577056,"serial":3,"ackedSerial":3,"width":800,"height":600,"maximized":false,"fullscreen":false,"suspended":false,"bufferWidth":800,"bufferHeight":600,"inflight":1,"argb":"ff2b71c8"}
[09:55:06.546548] {Display Queue} wl_display#1.delete_id(11)
[09:55:06.546563] {Default Queue} wl_buffer#9.release()
{"event":"buffer-release","sequence":10,"monotonicNs":75811189060123,"serial":3,"ackedSerial":3,"width":800,"height":600,"maximized":false,"fullscreen":false,"suspended":false,"bufferSerial":3,"bufferWidth":800,"bufferHeight":600}
[09:55:06.546570] {Default Queue}  -> wl_buffer#9.destroy()
[09:55:06.547031] discarded [unknown]#9.[event 0](0 fd, 8 byte)
[09:55:06.547047] {Display Queue} wl_display#1.delete_id(9)
[09:55:06.548442] {Default Queue} xdg_toplevel#8.configure(320, 180, array[20])
[09:55:06.548456] {Default Queue} xdg_surface#7.configure(4)
[09:55:06.548461] {Default Queue}  -> xdg_surface#7.ack_configure(4)
{"event":"configure","sequence":11,"monotonicNs":75811190957250,"serial":4,"ackedSerial":4,"width":320,"height":180,"maximized":false,"fullscreen":false,"suspended":false,"configuredWidth":320,"configuredHeight":180}
[09:55:06.548578] {Default Queue}  -> wl_shm#5.create_pool(new id wl_shm_pool#9, fd 5, 230400)
[09:55:06.548584] {Default Queue}  -> wl_shm_pool#9.create_buffer(new id wl_buffer#11, 0, 320, 180, 1280, 0)
[09:55:06.548588] {Default Queue}  -> wl_shm_pool#9.destroy()
[09:55:06.548591] {Default Queue}  -> xdg_surface#7.set_window_geometry(0, 0, 320, 180)
[09:55:06.548593] {Default Queue}  -> wl_surface#3.attach(wl_buffer#11, 0, 0)
[09:55:06.548596] {Default Queue}  -> wl_surface#3.damage(0, 0, 320, 180)
[09:55:06.548598] {Default Queue}  -> wl_surface#3.commit()
{"event":"buffercommit","sequence":12,"monotonicNs":75811191097946,"serial":4,"ackedSerial":4,"width":320,"height":180,"maximized":false,"fullscreen":false,"suspended":false,"bufferWidth":320,"bufferHeight":180,"inflight":1,"argb":"ff2c71c8"}
[09:55:06.548957] {Display Queue} wl_display#1.delete_id(9)
[09:55:06.548970] {Default Queue} wl_buffer#11.release()
{"event":"buffer-release","sequence":13,"monotonicNs":75811191467908,"serial":4,"ackedSerial":4,"width":320,"height":180,"maximized":false,"fullscreen":false,"suspended":false,"bufferSerial":4,"bufferWidth":320,"bufferHeight":180}
[09:55:06.548977] {Default Queue}  -> wl_buffer#11.destroy()
[09:55:06.549063] discarded [unknown]#11.[event 0](0 fd, 8 byte)
[09:55:06.549073] {Display Queue} wl_display#1.delete_id(11)
{"event":"request","sequence":14,"monotonicNs":75811210496102,"serial":4,"ackedSerial":4,"width":320,"height":180,"maximized":false,"fullscreen":false,"suspended":false,"command":"sync"}
[09:55:06.568018] {Default Queue}  -> wl_display#1.sync(new id wl_callback#11)
[09:55:06.568088] {Display Queue} wl_display#1.delete_id(11)
[09:55:06.568099] {Default Queue} wl_callback#11.done(4)
{"event":"server-barrier","sequence":15,"monotonicNs":75811210597481,"serial":4,"ackedSerial":4,"width":320,"height":180,"maximized":false,"fullscreen":false,"suspended":false,"requestSequence":14,"requestSerial":4,"command":"sync","callbackData":4}
[09:55:06.747887] {Default Queue} xdg_toplevel#8.configure(798, 598, array[24])
[09:55:06.747906] {Default Queue} xdg_surface#7.configure(5)
[09:55:06.747910] {Default Queue}  -> xdg_surface#7.ack_configure(5)
{"event":"configure","sequence":16,"monotonicNs":75811390406570,"serial":5,"ackedSerial":5,"width":798,"height":598,"maximized":true,"fullscreen":false,"suspended":false,"configuredWidth":798,"configuredHeight":598}
[09:55:06.748891] {Default Queue}  -> wl_shm#5.create_pool(new id wl_shm_pool#11, fd 5, 1908816)
[09:55:06.748906] {Default Queue}  -> wl_shm_pool#11.create_buffer(new id wl_buffer#9, 0, 798, 598, 3192, 0)
[09:55:06.748920] {Default Queue}  -> wl_shm_pool#11.destroy()
[09:55:06.748923] {Default Queue}  -> xdg_surface#7.set_window_geometry(0, 0, 798, 598)
[09:55:06.748926] {Default Queue}  -> wl_surface#3.attach(wl_buffer#9, 0, 0)
[09:55:06.748929] {Default Queue}  -> wl_surface#3.damage(0, 0, 798, 598)
[09:55:06.748931] {Default Queue}  -> wl_surface#3.commit()
{"event":"buffercommit","sequence":17,"monotonicNs":75811391431719,"serial":5,"ackedSerial":5,"width":798,"height":598,"maximized":true,"fullscreen":false,"suspended":false,"bufferWidth":798,"bufferHeight":598,"inflight":1,"argb":"ff2d71c8"}
[09:55:06.749493] {Display Queue} wl_display#1.delete_id(11)
[09:55:06.749514] {Default Queue} wl_buffer#9.release()
{"event":"buffer-release","sequence":18,"monotonicNs":75811392011996,"serial":5,"ackedSerial":5,"width":798,"height":598,"maximized":true,"fullscreen":false,"suspended":false,"bufferSerial":5,"bufferWidth":798,"bufferHeight":598}
[09:55:06.749522] {Default Queue}  -> wl_buffer#9.destroy()
[09:55:06.750173] discarded [unknown]#9.[event 0](0 fd, 8 byte)
[09:55:06.750184] {Display Queue} wl_display#1.delete_id(9)
[09:55:06.817290] {Default Queue} xdg_wm_base#6.ping(1337)
[09:55:06.817311] {Default Queue}  -> xdg_wm_base#6.pong(1337)
[09:55:06.918010] {Default Queue} xdg_toplevel#8.configure(798, 598, array[24])
[09:55:06.918035] {Default Queue} xdg_surface#7.configure(6)
[09:55:06.918047] {Default Queue}  -> xdg_surface#7.ack_configure(6)
{"event":"configure","sequence":19,"monotonicNs":75811560550252,"serial":6,"ackedSerial":6,"width":798,"height":598,"maximized":true,"fullscreen":false,"suspended":true,"configuredWidth":798,"configuredHeight":598}
[09:55:06.918750] {Default Queue}  -> wl_shm#5.create_pool(new id wl_shm_pool#9, fd 5, 1908816)
[09:55:06.918758] {Default Queue}  -> wl_shm_pool#9.create_buffer(new id wl_buffer#11, 0, 798, 598, 3192, 0)
[09:55:06.918761] {Default Queue}  -> wl_shm_pool#9.destroy()
[09:55:06.918765] {Default Queue}  -> xdg_surface#7.set_window_geometry(0, 0, 798, 598)
[09:55:06.918768] {Default Queue}  -> wl_surface#3.attach(wl_buffer#11, 0, 0)
[09:55:06.918771] {Default Queue}  -> wl_surface#3.damage(0, 0, 798, 598)
[09:55:06.918774] {Default Queue}  -> wl_surface#3.commit()
{"event":"buffercommit","sequence":20,"monotonicNs":75811561274381,"serial":6,"ackedSerial":6,"width":798,"height":598,"maximized":true,"fullscreen":false,"suspended":true,"bufferWidth":798,"bufferHeight":598,"inflight":1,"argb":"ff2e71c8"}
[09:55:06.919092] {Display Queue} wl_display#1.delete_id(9)
[09:55:06.919099] {Default Queue} wl_buffer#11.release()
{"event":"buffer-release","sequence":21,"monotonicNs":75811561595400,"serial":6,"ackedSerial":6,"width":798,"height":598,"maximized":true,"fullscreen":false,"suspended":true,"bufferSerial":6,"bufferWidth":798,"bufferHeight":598}
[09:55:06.919104] {Default Queue}  -> wl_buffer#11.destroy()
[09:55:06.919265] discarded [unknown]#11.[event 0](0 fd, 8 byte)
[09:55:06.919270] {Display Queue} wl_display#1.delete_id(11)
[09:55:06.923915] {Default Queue} xdg_toplevel#8.configure(798, 598, array[24])
[09:55:06.923936] {Default Queue} xdg_surface#7.configure(7)
[09:55:06.923941] {Default Queue}  -> xdg_surface#7.ack_configure(7)
{"event":"configure","sequence":22,"monotonicNs":75811566438502,"serial":7,"ackedSerial":7,"width":798,"height":598,"maximized":true,"fullscreen":false,"suspended":false,"configuredWidth":798,"configuredHeight":598}
[09:55:06.924631] {Default Queue}  -> wl_shm#5.create_pool(new id wl_shm_pool#11, fd 5, 1908816)
[09:55:06.924639] {Default Queue}  -> wl_shm_pool#11.create_buffer(new id wl_buffer#9, 0, 798, 598, 3192, 0)
[09:55:06.924643] {Default Queue}  -> wl_shm_pool#11.destroy()
[09:55:06.924647] {Default Queue}  -> xdg_surface#7.set_window_geometry(0, 0, 798, 598)
[09:55:06.924650] {Default Queue}  -> wl_surface#3.attach(wl_buffer#9, 0, 0)
[09:55:06.924653] {Default Queue}  -> wl_surface#3.damage(0, 0, 798, 598)
[09:55:06.924661] {Default Queue}  -> wl_surface#3.commit()
{"event":"buffercommit","sequence":23,"monotonicNs":75811567171575,"serial":7,"ackedSerial":7,"width":798,"height":598,"maximized":true,"fullscreen":false,"suspended":false,"bufferWidth":798,"bufferHeight":598,"inflight":1,"argb":"ff2f71c8"}
[09:55:06.924991] {Display Queue} wl_display#1.delete_id(11)
[09:55:06.925010] {Default Queue} wl_buffer#9.release()
{"event":"buffer-release","sequence":24,"monotonicNs":75811567508282,"serial":7,"ackedSerial":7,"width":798,"height":598,"maximized":true,"fullscreen":false,"suspended":false,"bufferSerial":7,"bufferWidth":798,"bufferHeight":598}
[09:55:06.925018] {Default Queue}  -> wl_buffer#9.destroy()
[09:55:06.925192] discarded [unknown]#9.[event 0](0 fd, 8 byte)
[09:55:06.925200] {Display Queue} wl_display#1.delete_id(9)
[09:55:06.982401] {Default Queue} xdg_toplevel#8.configure(320, 180, array[20])
[09:55:06.982421] {Default Queue} xdg_surface#7.configure(8)
[09:55:06.982426] {Default Queue}  -> xdg_surface#7.ack_configure(8)
{"event":"configure","sequence":25,"monotonicNs":75811624923011,"serial":8,"ackedSerial":8,"width":320,"height":180,"maximized":false,"fullscreen":false,"suspended":false,"configuredWidth":320,"configuredHeight":180}
[09:55:06.982545] {Default Queue}  -> wl_shm#5.create_pool(new id wl_shm_pool#9, fd 5, 230400)
[09:55:06.982554] {Default Queue}  -> wl_shm_pool#9.create_buffer(new id wl_buffer#11, 0, 320, 180, 1280, 0)
[09:55:06.982558] {Default Queue}  -> wl_shm_pool#9.destroy()
[09:55:06.982561] {Default Queue}  -> xdg_surface#7.set_window_geometry(0, 0, 320, 180)
[09:55:06.982565] {Default Queue}  -> wl_surface#3.attach(wl_buffer#11, 0, 0)
[09:55:06.982568] {Default Queue}  -> wl_surface#3.damage(0, 0, 320, 180)
[09:55:06.982571] {Default Queue}  -> wl_surface#3.commit()
{"event":"buffercommit","sequence":26,"monotonicNs":75811625072288,"serial":8,"ackedSerial":8,"width":320,"height":180,"maximized":false,"fullscreen":false,"suspended":false,"bufferWidth":320,"bufferHeight":180,"inflight":1,"argb":"ff2071c8"}
[09:55:06.982865] {Display Queue} wl_display#1.delete_id(9)
[09:55:06.982877] {Default Queue} wl_buffer#11.release()
{"event":"buffer-release","sequence":27,"monotonicNs":75811625375439,"serial":8,"ackedSerial":8,"width":320,"height":180,"maximized":false,"fullscreen":false,"suspended":false,"bufferSerial":8,"bufferWidth":320,"bufferHeight":180}
[09:55:06.982885] {Default Queue}  -> wl_buffer#11.destroy()
[09:55:06.983129] discarded [unknown]#11.[event 0](0 fd, 8 byte)
[09:55:06.983140] {Display Queue} wl_display#1.delete_id(11)
{"event":"request","sequence":28,"monotonicNs":75812130989448,"serial":8,"ackedSerial":8,"width":320,"height":180,"maximized":false,"fullscreen":false,"suspended":false,"command":"quit"}
[09:55:07.488527] {Default Queue}  -> xdg_toplevel#8.destroy()
[09:55:07.488536] {Default Queue}  -> xdg_surface#7.destroy()
[09:55:07.488540] {Default Queue}  -> wl_surface#3.destroy()
[09:55:07.488543] {Default Queue}  -> xdg_wm_base#6.destroy()
{"event":"normalexit","sequence":29,"monotonicNs":75812131057901,"serial":8,"ackedSerial":8,"width":320,"height":180,"maximized":false,"fullscreen":false,"suspended":false}
