	linux-vdso.so.1 (0x00007f2a88b9d000)
	libwebkit2gtk-4.1.so.0 => /usr/lib/libwebkit2gtk-4.1.so.0 (0x00007f2a83000000)
	libsoup-3.0.so.0 => /usr/lib/libsoup-3.0.so.0 (0x00007f2a88a07000)
	libjavascriptcoregtk-4.1.so.0 => /usr/lib/libjavascriptcoregtk-4.1.so.0 (0x00007f2a80a00000)
	libgtk-layer-shell.so.0 => /usr/lib/libgtk-layer-shell.so.0 (0x00007f2a889c9000)
	libgtk-3.so.0 => /usr/lib/libgtk-3.so.0 (0x00007f2a80200000)
	libgdk-3.so.0 => /usr/lib/libgdk-3.so.0 (0x00007f2a82f13000)
	libpangocairo-1.0.so.0 => /usr/lib/libpangocairo-1.0.so.0 (0x00007f2a889b5000)
	libcairo-gobject.so.2 => /usr/lib/libcairo-gobject.so.2 (0x00007f2a889ac000)
	libgdk_pixbuf-2.0.so.0 => /usr/lib/libgdk_pixbuf-2.0.so.0 (0x00007f2a88972000)
	libatk-1.0.so.0 => /usr/lib/libatk-1.0.so.0 (0x00007f2a8894b000)
	libpango-1.0.so.0 => /usr/lib/libpango-1.0.so.0 (0x00007f2a82ea4000)
	libcairo.so.2 => /usr/lib/libcairo.so.2 (0x00007f2a800c3000)
	libharfbuzz.so.0 => /usr/lib/libharfbuzz.so.0 (0x00007f2a7ff84000)
	libjson-glib-1.0.so.0 => /usr/lib/libjson-glib-1.0.so.0 (0x00007f2a82e7a000)
	libgio-2.0.so.0 => /usr/lib/libgio-2.0.so.0 (0x00007f2a7fda5000)
	libgobject-2.0.so.0 => /usr/lib/libgobject-2.0.so.0 (0x00007f2a82e17000)
	libgmodule-2.0.so.0 => /usr/lib/libgmodule-2.0.so.0 (0x00007f2a82e10000)
	libglib-2.0.so.0 => /usr/lib/libglib-2.0.so.0 (0x00007f2a7fc42000)
	libz.so.1 => /usr/lib/libz.so.1 (0x00007f2a809e5000)
	libstdc++.so.6 => /usr/lib/libstdc++.so.6 (0x00007f2a7f800000)
	libm.so.6 => /usr/lib/libm.so.6 (0x00007f2a7fb0b000)
	libgcc_s.so.1 => /usr/lib/libgcc_s.so.1 (0x00007f2a809b8000)
	libc.so.6 => /usr/lib/libc.so.6 (0x00007f2a7f400000)
	libepoxy.so.0 => /usr/lib/libepoxy.so.0 (0x00007f2a7f6f3000)
	libatomic.so.1 => /usr/lib/libatomic.so.1 (0x00007f2a809ad000)
	libfreetype.so.6 => /usr/lib/libfreetype.so.6 (0x00007f2a7f623000)
	libfontconfig.so.1 => /usr/lib/libfontconfig.so.1 (0x00007f2a80932000)
	libwebpmux.so.3 => /usr/lib/libwebpmux.so.3 (0x00007f2a80926000)
	libexpat.so.1 => /usr/lib/libexpat.so.1 (0x00007f2a7fadd000)
	libicui18n.so.78 => /usr/lib/libicui18n.so.78 (0x00007f2a7f000000)
	libsystemd.so.0 => /usr/lib/libsystemd.so.0 (0x00007f2a7eeb8000)
	libjpeg.so.8 => /usr/lib/libjpeg.so.8 (0x00007f2a7ee10000)
	libpng16.so.16 => /usr/lib/libpng16.so.16 (0x00007f2a7f3c3000)
	libicuuc.so.78 => /usr/lib/libicuuc.so.78 (0x00007f2a7ec00000)
	libxml2.so.16 => /usr/lib/libxml2.so.16 (0x00007f2a7eabb000)
	libsqlite3.so.0 => /usr/lib/libsqlite3.so.0 (0x00007f2a7e922000)
	libxslt.so.1 => /usr/lib/libxslt.so.1 (0x00007f2a7e8e5000)
	liblcms2.so.2 => /usr/lib/liblcms2.so.2 (0x00007f2a7e879000)
	libgcrypt.so.20 => /usr/lib/libgcrypt.so.20 (0x00007f2a7e6c8000)
	libgstallocators-1.0.so.0 => /usr/lib/libgstallocators-1.0.so.0 (0x00007f2a8091a000)
	libgstapp-1.0.so.0 => /usr/lib/libgstapp-1.0.so.0 (0x00007f2a808ff000)
	libgstbase-1.0.so.0 => /usr/lib/libgstbase-1.0.so.0 (0x00007f2a7e640000)
	libgstreamer-1.0.so.0 => /usr/lib/libgstreamer-1.0.so.0 (0x00007f2a7e4cd000)
	libgstpbutils-1.0.so.0 => /usr/lib/libgstpbutils-1.0.so.0 (0x00007f2a7e488000)
	libgstaudio-1.0.so.0 => /usr/lib/libgstaudio-1.0.so.0 (0x00007f2a7e3fe000)
	libgsttag-1.0.so.0 => /usr/lib/libgsttag-1.0.so.0 (0x00007f2a7e3bf000)
	libgstvideo-1.0.so.0 => /usr/lib/libgstvideo-1.0.so.0 (0x00007f2a7e2e0000)
	libgstgl-1.0.so.0 => /usr/lib/libgstgl-1.0.so.0 (0x00007f2a7e24a000)
	libgstfft-1.0.so.0 => /usr/lib/libgstfft-1.0.so.0 (0x00007f2a7f3b8000)
	libwebpdemux.so.2 => /usr/lib/libwebpdemux.so.2 (0x00007f2a7fad4000)
	libwebp.so.7 => /usr/lib/libwebp.so.7 (0x00007f2a7e1c3000)
	libjxl.so.0.12 => /usr/lib/libjxl.so.0.12 (0x00007f2a7dc00000)
	libavif.so.16 => /usr/lib/libavif.so.16 (0x00007f2a7e17b000)
	libharfbuzz-icu.so.0 => /usr/lib/libharfbuzz-icu.so.0 (0x00007f2a7f3b1000)
	libX11.so.6 => /usr/lib/libX11.so.6 (0x00007f2a7e039000)
	libwayland-server.so.0 => /usr/lib/libwayland-server.so.0 (0x00007f2a7f39c000)
	libwayland-client.so.0 => /usr/lib/libwayland-client.so.0 (0x00007f2a7dbf0000)
	libmanette-0.2.so.0 => /usr/lib/libmanette-0.2.so.0 (0x00007f2a7db9e000)
	libseccomp.so.2 => /usr/lib/libseccomp.so.2 (0x00007f2a7db71000)
	libenchant-2.so.2 => /usr/lib/libenchant-2.so.2 (0x00007f2a7db5f000)
	libgbm.so.1 => /usr/lib/libgbm.so.1 (0x00007f2a7f394000)
	libdrm.so.2 => /usr/lib/libdrm.so.2 (0x00007f2a7db48000)
	libtasn1.so.6 => /usr/lib/libtasn1.so.6 (0x00007f2a7db32000)
	libhyphen.so.0 => /usr/lib/libhyphen.so.0 (0x00007f2a7db2a000)
	libsecret-1.so.0 => /usr/lib/libsecret-1.so.0 (0x00007f2a7dacc000)
	/lib64/ld-linux-x86-64.so.2 => /usr/lib64/ld-linux-x86-64.so.2 (0x00007f2a88b9f000)
	libpsl.so.5 => /usr/lib/libpsl.so.5 (0x00007f2a7dab8000)
	libbrotlidec.so.1 => /usr/lib/libbrotlidec.so.1 (0x00007f2a7daa9000)
	libgssapi_krb5.so.2 => /usr/lib/libgssapi_krb5.so.2 (0x00007f2a7da51000)
	libnghttp2.so.14 => /usr/lib/libnghttp2.so.14 (0x00007f2a7da27000)
	libpangoft2-1.0.so.0 => /usr/lib/libpangoft2-1.0.so.0 (0x00007f2a7da08000)
	libfribidi.so.0 => /usr/lib/libfribidi.so.0 (0x00007f2a7d9e8000)
	libXi.so.6 => /usr/lib/libXi.so.6 (0x00007f2a7d9d3000)
	libatk-bridge-2.0.so.0 => /usr/lib/libatk-bridge-2.0.so.0 (0x00007f2a7d997000)
	libcloudproviders.so.0 => /usr/lib/libcloudproviders.so.0 (0x00007f2a7d97f000)
	libtinysparql-3.0.so.0 => /usr/lib/libtinysparql-3.0.so.0 (0x00007f2a7d8ab000)
	libXfixes.so.3 => /usr/lib/libXfixes.so.3 (0x00007f2a7d8a3000)
	libxkbcommon.so.0 => /usr/lib/libxkbcommon.so.0 (0x00007f2a7d844000)
	libwayland-cursor.so.0 => /usr/lib/libwayland-cursor.so.0 (0x00007f2a7d83b000)
	libwayland-egl.so.1 => /usr/lib/libwayland-egl.so.1 (0x00007f2a7d836000)
	libXext.so.6 => /usr/lib/libXext.so.6 (0x00007f2a7d822000)
	libXcursor.so.1 => /usr/lib/libXcursor.so.1 (0x00007f2a7d815000)
	libXdamage.so.1 => /usr/lib/libXdamage.so.1 (0x00007f2a7d810000)
	libXcomposite.so.1 => /usr/lib/libXcomposite.so.1 (0x00007f2a7d80b000)
	libXrandr.so.2 => /usr/lib/libXrandr.so.2 (0x00007f2a7d7fe000)
	libXinerama.so.1 => /usr/lib/libXinerama.so.1 (0x00007f2a7d7f9000)
	libglycin-2.so.0 => /usr/lib/libglycin-2.so.0 (0x00007f2a7d200000)
	libthai.so.0 => /usr/lib/libthai.so.0 (0x00007f2a7d7ee000)
	libXrender.so.1 => /usr/lib/libXrender.so.1 (0x00007f2a7d7e2000)
	libxcb.so.1 => /usr/lib/libxcb.so.1 (0x00007f2a7d7b7000)
	libxcb-render.so.0 => /usr/lib/libxcb-render.so.0 (0x00007f2a7d7a8000)
	libxcb-shm.so.0 => /usr/lib/libxcb-shm.so.0 (0x00007f2a7d7a1000)
	libpixman-1.so.0 => /usr/lib/libpixman-1.so.0 (0x00007f2a7d6f2000)
	libgraphite2.so.3 => /usr/lib/libgraphite2.so.3 (0x00007f2a7d6cf000)
	libmount.so.1 => /usr/lib/libmount.so.1 (0x00007f2a7d672000)
	libffi.so.8 => /usr/lib/libffi.so.8 (0x00007f2a7d664000)
	libpcre2-8.so.0 => /usr/lib/libpcre2-8.so.0 (0x00007f2a7d14d000)
	libbz2.so.1.0 => /usr/lib/libbz2.so.1.0 (0x00007f2a7d64f000)
	libicudata.so.78 => /usr/lib/libicudata.so.78 (0x00007f2a7b000000)
	libgpg-error.so.0 => /usr/lib/libgpg-error.so.0 (0x00007f2a7d622000)
	libunwind.so.8 => /usr/lib/libunwind.so.8 (0x00007f2a7d604000)
	libdw.so.1 => /usr/lib/libdw.so.1 (0x00007f2a7d0ab000)
	liborc-0.4.so.0 => /usr/lib/liborc-0.4.so.0 (0x00007f2a7cf99000)
	libEGL.so.1 => /usr/lib/libEGL.so.1 (0x00007f2a7afee000)
	libGLX.so.0 => /usr/lib/libGLX.so.0 (0x00007f2a7afbd000)
	libX11-xcb.so.1 => /usr/lib/libX11-xcb.so.1 (0x00007f2a7d5fd000)
	libgudev-1.0.so.0 => /usr/lib/libgudev-1.0.so.0 (0x00007f2a7afb1000)
	libsharpyuv.so.0 => /usr/lib/libsharpyuv.so.0 (0x00007f2a7afa8000)
	libjxl_cms.so.0.12 => /usr/lib/libjxl_cms.so.0.12 (0x00007f2a7af7f000)
	libhwy.so.1 => /usr/lib/libhwy.so.1 (0x00007f2a7af70000)
	libbrotlienc.so.1 => /usr/lib/libbrotlienc.so.1 (0x00007f2a7aeb0000)
	libyuv.so => /usr/lib/libyuv.so (0x00007f2a7ae09000)
	libdav1d.so.7 => /usr/lib/libdav1d.so.7 (0x00007f2a7ac28000)
	librav1e.so.0.8 => /usr/lib/librav1e.so.0.8 (0x00007f2a7a800000)
	libSvtAv1Enc.so.4 => /usr/lib/libSvtAv1Enc.so.4 (0x00007f2a72200000)
	libaom.so.3 => /usr/lib/libaom.so.3 (0x00007f2a71800000)
	libhidapi-hidraw.so.0 => /usr/lib/libhidapi-hidraw.so.0 (0x00007f2a7ac20000)
	libevdev.so.2 => /usr/lib/libevdev.so.2 (0x00007f2a7ac0a000)
	libtss2-esys.so.0 => /usr/lib/libtss2-esys.so.0 (0x00007f2a7ab78000)
	libtss2-mu.so.0 => /usr/lib/libtss2-mu.so.0 (0x00007f2a7ab2e000)
	libtss2-rc.so.0 => /usr/lib/libtss2-rc.so.0 (0x00007f2a7ab25000)
	libtss2-tctildr.so.0 => /usr/lib/libtss2-tctildr.so.0 (0x00007f2a7a7f6000)
	libunistring.so.5 => /usr/lib/libunistring.so.5 (0x00007f2a71619000)
	libidn2.so.0 => /usr/lib/libidn2.so.0 (0x00007f2a7a7d4000)
	libbrotlicommon.so.1 => /usr/lib/libbrotlicommon.so.1 (0x00007f2a7a7b1000)
	libkrb5.so.3 => /usr/lib/libkrb5.so.3 (0x00007f2a72131000)
	libk5crypto.so.3 => /usr/lib/libk5crypto.so.3 (0x00007f2a7a781000)
	libcom_err.so.2 => /usr/lib/libcom_err.so.2 (0x00007f2a7a77b000)
	libkrb5support.so.0 => /usr/lib/libkrb5support.so.0 (0x00007f2a72122000)
	libkeyutils.so.1 => /usr/lib/libkeyutils.so.1 (0x00007f2a7a774000)
	libresolv.so.2 => /usr/lib/libresolv.so.2 (0x00007f2a7210f000)
	libatspi.so.0 => /usr/lib/libatspi.so.0 (0x00007f2a715dd000)
	libdbus-1.so.3 => /usr/lib/libdbus-1.so.3 (0x00007f2a7158a000)
	libdatrie.so.1 => /usr/lib/libdatrie.so.1 (0x00007f2a72106000)
	libXau.so.6 => /usr/lib/libXau.so.6 (0x00007f2a72101000)
	libXdmcp.so.6 => /usr/lib/libXdmcp.so.6 (0x00007f2a720f9000)
	libblkid.so.1 => /usr/lib/libblkid.so.1 (0x00007f2a7154a000)
	liblzma.so.5 => /usr/lib/liblzma.so.5 (0x00007f2a71515000)
	libelf.so.1 => /usr/lib/libelf.so.1 (0x00007f2a714f7000)
	libzstd.so.1 => /usr/lib/libzstd.so.1 (0x00007f2a71411000)
	libGLdispatch.so.0 => /usr/lib/libGLdispatch.so.0 (0x00007f2a71398000)
	libudev.so.1 => /usr/lib/libudev.so.1 (0x00007f2a71348000)
	libcrypto.so.3 => /usr/lib/libcrypto.so.3 (0x00007f2a70c00000)
	libtss2-sys.so.1 => /usr/lib/libtss2-sys.so.1 (0x00007f2a71326000)
