{"event":"ack-configure","sequence":1,"controlSequence":0,"rootCommits":1,"childCommits":0,"serial":17,"width":320,"height":240,"monotonicNs":217021564619901}
{"event":"buffercommit","sequence":2,"controlSequence":0,"rootCommits":2,"childCommits":0,"serial":17,"width":320,"height":240,"monotonicNs":217021564720521}
{"event":"ready","sequence":3,"controlSequence":0,"rootCommits":2,"childCommits":0,"serial":17,"width":320,"height":240,"monotonicNs":217021564729313}
{"event":"buffer-release","sequence":4,"controlSequence":0,"rootCommits":2,"childCommits":0,"serial":17,"width":320,"height":240,"monotonicNs":217021565343097}
{"event":"ack-configure","sequence":5,"controlSequence":0,"rootCommits":2,"childCommits":0,"serial":18,"width":320,"height":240,"monotonicNs":217021565360409}
{"event":"buffercommit","sequence":6,"controlSequence":0,"rootCommits":3,"childCommits":0,"serial":18,"width":320,"height":240,"monotonicNs":217021565451392}
{"event":"buffer-release","sequence":7,"controlSequence":0,"rootCommits":3,"childCommits":0,"serial":18,"width":320,"height":240,"monotonicNs":217021565653778}
{"event":"ack-configure","sequence":8,"controlSequence":0,"rootCommits":3,"childCommits":0,"serial":35,"width":320,"height":240,"monotonicNs":217027291816785}
{"event":"buffercommit","sequence":9,"controlSequence":0,"rootCommits":4,"childCommits":0,"serial":35,"width":320,"height":240,"monotonicNs":217027291950686}
{"event":"buffer-release","sequence":10,"controlSequence":0,"rootCommits":4,"childCommits":0,"serial":35,"width":320,"height":240,"monotonicNs":217027292416568}
{"event":"ack-configure","sequence":11,"controlSequence":0,"rootCommits":4,"childCommits":0,"serial":38,"width":320,"height":240,"monotonicNs":217027302920430}
{"event":"buffercommit","sequence":12,"controlSequence":0,"rootCommits":5,"childCommits":0,"serial":38,"width":320,"height":240,"monotonicNs":217027303044017}
{"event":"buffer-release","sequence":13,"controlSequence":0,"rootCommits":5,"childCommits":0,"serial":38,"width":320,"height":240,"monotonicNs":217027303746522}
{"event":"ack-configure","sequence":14,"controlSequence":0,"rootCommits":5,"childCommits":0,"serial":52,"width":320,"height":240,"monotonicNs":217033641403604}
{"event":"buffercommit","sequence":15,"controlSequence":0,"rootCommits":6,"childCommits":0,"serial":52,"width":320,"height":240,"monotonicNs":217033641546707}
{"event":"buffer-release","sequence":16,"controlSequence":0,"rootCommits":6,"childCommits":0,"serial":52,"width":320,"height":240,"monotonicNs":217033642343914}
{"event":"ack-configure","sequence":17,"controlSequence":0,"rootCommits":6,"childCommits":0,"serial":55,"width":320,"height":240,"monotonicNs":217033653978288}
{"event":"buffercommit","sequence":18,"controlSequence":0,"rootCommits":7,"childCommits":0,"serial":55,"width":320,"height":240,"monotonicNs":217033654092834}
{"event":"buffer-release","sequence":19,"controlSequence":0,"rootCommits":7,"childCommits":0,"serial":55,"width":320,"height":240,"monotonicNs":217033654252112}
{"event":"ack-configure","sequence":20,"controlSequence":0,"rootCommits":7,"childCommits":0,"serial":57,"width":320,"height":240,"monotonicNs":217034287580010}
{"event":"buffercommit","sequence":21,"controlSequence":0,"rootCommits":8,"childCommits":0,"serial":57,"width":320,"height":240,"monotonicNs":217034287695019}
{"event":"buffer-release","sequence":22,"controlSequence":0,"rootCommits":8,"childCommits":0,"serial":57,"width":320,"height":240,"monotonicNs":217034287979171}
{"event":"ack-configure","sequence":23,"controlSequence":0,"rootCommits":8,"childCommits":0,"serial":130,"width":320,"height":240,"monotonicNs":217049239250708}
{"event":"buffercommit","sequence":24,"controlSequence":0,"rootCommits":9,"childCommits":0,"serial":130,"width":320,"height":240,"monotonicNs":217049239374724}
{"event":"buffer-release","sequence":25,"controlSequence":0,"rootCommits":9,"childCommits":0,"serial":130,"width":320,"height":240,"monotonicNs":217049239905790}
{"event":"ack-configure","sequence":26,"controlSequence":0,"rootCommits":9,"childCommits":0,"serial":131,"width":320,"height":240,"monotonicNs":217049281376081}
{"event":"buffercommit","sequence":27,"controlSequence":0,"rootCommits":10,"childCommits":0,"serial":131,"width":320,"height":240,"monotonicNs":217049281493218}
{"event":"buffer-release","sequence":28,"controlSequence":0,"rootCommits":10,"childCommits":0,"serial":131,"width":320,"height":240,"monotonicNs":217049281786107}
{"event":"ack-configure","sequence":29,"controlSequence":0,"rootCommits":10,"childCommits":0,"serial":165,"width":320,"height":240,"monotonicNs":217061566345630}
{"event":"buffercommit","sequence":30,"controlSequence":0,"rootCommits":11,"childCommits":0,"serial":165,"width":320,"height":240,"monotonicNs":217061566457960}
{"event":"buffer-release","sequence":31,"controlSequence":0,"rootCommits":11,"childCommits":0,"serial":165,"width":320,"height":240,"monotonicNs":217061567316440}
{"event":"ack-configure","sequence":32,"controlSequence":0,"rootCommits":11,"childCommits":0,"serial":176,"width":320,"height":240,"monotonicNs":217062361574536}
{"event":"buffercommit","sequence":33,"controlSequence":0,"rootCommits":12,"childCommits":0,"serial":176,"width":320,"height":240,"monotonicNs":217062361767319}
{"event":"buffer-release","sequence":34,"controlSequence":0,"rootCommits":12,"childCommits":0,"serial":176,"width":320,"height":240,"monotonicNs":217062362044295}
{"event":"ack-configure","sequence":35,"controlSequence":0,"rootCommits":12,"childCommits":0,"serial":180,"width":320,"height":240,"monotonicNs":217062364504944}
{"event":"buffercommit","sequence":36,"controlSequence":0,"rootCommits":13,"childCommits":0,"serial":180,"width":320,"height":240,"monotonicNs":217062364623190}
{"event":"buffer-release","sequence":37,"controlSequence":0,"rootCommits":13,"childCommits":0,"serial":180,"width":320,"height":240,"monotonicNs":217062364752008}
{"event":"ack-configure","sequence":38,"controlSequence":0,"rootCommits":13,"childCommits":0,"serial":183,"width":320,"height":240,"monotonicNs":217062459106167}
{"event":"buffercommit","sequence":39,"controlSequence":0,"rootCommits":14,"childCommits":0,"serial":183,"width":320,"height":240,"monotonicNs":217062459265463}
{"event":"buffer-release","sequence":40,"controlSequence":0,"rootCommits":14,"childCommits":0,"serial":183,"width":320,"height":240,"monotonicNs":217062459457476}
{"event":"request","sequence":41,"controlSequence":1,"rootCommits":14,"childCommits":0,"serial":183,"width":320,"height":240,"monotonicNs":217063036350087,"command":"quit"}
{"event":"normalexit","sequence":42,"controlSequence":1,"rootCommits":14,"childCommits":0,"serial":183,"width":320,"height":240,"monotonicNs":217063036388100}
