[07:19:59.606685] {Default Queue}  -> wl_display#1.get_registry(new id wl_registry#2)
[07:19:59.606712] {Default Queue}  -> wl_display#1.sync(new id wl_callback#3)
[07:19:59.606830] {Display Queue} wl_display#1.delete_id(3)
[07:19:59.606837] {Default Queue} wl_registry#2.global(1, "wl_seat", 9)
[07:19:59.606841] {Default Queue} wl_registry#2.global(2, "wl_data_device_manager", 3)
[07:19:59.606844] {Default Queue}  -> wl_registry#2.bind(2, "wl_data_device_manager", 3, new id [unknown]#4)
[07:19:59.606846] {Default Queue} wl_registry#2.global(3, "wl_compositor", 6)
[07:19:59.606848] {Default Queue}  -> wl_registry#2.bind(3, "wl_compositor", 3, new id [unknown]#5)
[07:19:59.606851] {Default Queue} wl_registry#2.global(4, "wl_subcompositor", 1)
[07:19:59.606853] {Default Queue}  -> wl_registry#2.bind(4, "wl_subcompositor", 1, new id [unknown]#6)
[07:19:59.606856] {Default Queue} wl_registry#2.global(5, "wl_shm", 2)
[07:19:59.606858] {Default Queue}  -> wl_registry#2.bind(5, "wl_shm", 1, new id [unknown]#7)
[07:19:59.606861] {Default Queue} wl_registry#2.global(6, "wp_viewporter", 1)
[07:19:59.606863] {Default Queue} wl_registry#2.global(7, "wp_tearing_control_manager_v1", 1)
[07:19:59.606866] {Default Queue} wl_registry#2.global(8, "wp_fractional_scale_manager_v1", 1)
[07:19:59.606869] {Default Queue} wl_registry#2.global(9, "zxdg_output_manager_v1", 3)
[07:19:59.606871] {Default Queue}  -> wl_registry#2.bind(9, "zxdg_output_manager_v1", 3, new id [unknown]#8)
[07:19:59.606874] {Default Queue}  -> wl_display#1.sync(new id wl_callback#9)
[07:19:59.606876] {Default Queue} wl_registry#2.global(10, "wp_cursor_shape_manager_v1", 2)
[07:19:59.606878] {Default Queue}  -> wl_registry#2.bind(10, "wp_cursor_shape_manager_v1", 1, new id [unknown]#10)
[07:19:59.606881] {Default Queue} wl_registry#2.global(11, "zwp_idle_inhibit_manager_v1", 1)
[07:19:59.606884] {Default Queue} wl_registry#2.global(12, "zwp_relative_pointer_manager_v1", 1)
[07:19:59.606886] {Default Queue} wl_registry#2.global(13, "zxdg_decoration_manager_v1", 2)
[07:19:59.606888] {Default Queue} wl_registry#2.global(14, "wp_alpha_modifier_v1", 1)
[07:19:59.606891] {Default Queue} wl_registry#2.global(15, "zwlr_gamma_control_manager_v1", 1)
[07:19:59.606893] {Default Queue} wl_registry#2.global(16, "ext_foreign_toplevel_list_v1", 1)
[07:19:59.606896] {Default Queue} wl_registry#2.global(17, "zwp_pointer_gestures_v1", 3)
[07:19:59.606898] {Default Queue}  -> wl_registry#2.bind(17, "zwp_pointer_gestures_v1", 1, new id [unknown]#11)
[07:19:59.606900] {Default Queue} wl_registry#2.global(18, "zwlr_foreign_toplevel_manager_v1", 3)
[07:19:59.606903] {Default Queue} wl_registry#2.global(19, "zwp_keyboard_shortcuts_inhibit_manager_v1", 1)
[07:19:59.606905] {Default Queue}  -> wl_registry#2.bind(19, "zwp_keyboard_shortcuts_inhibit_manager_v1", 1, new id [unknown]#12)
[07:19:59.606909] {Default Queue} wl_registry#2.global(20, "zwp_text_input_manager_v1", 1)
[07:19:59.606911] {Default Queue} wl_registry#2.global(21, "zwp_text_input_manager_v3", 1)
[07:19:59.606913] {Default Queue} wl_registry#2.global(22, "zwp_pointer_constraints_v1", 1)
[07:19:59.606916] {Default Queue} wl_registry#2.global(23, "zwlr_output_power_manager_v1", 1)
[07:19:59.606919] {Default Queue} wl_registry#2.global(24, "xdg_activation_v1", 1)
[07:19:59.606921] {Default Queue}  -> wl_registry#2.bind(24, "xdg_activation_v1", 1, new id [unknown]#13)
[07:19:59.606924] {Default Queue} wl_registry#2.global(25, "ext_idle_notifier_v1", 2)
[07:19:59.606926] {Default Queue} wl_registry#2.global(26, "hyprland_lock_notifier_v1", 1)
[07:19:59.606928] {Default Queue} wl_registry#2.global(27, "ext_session_lock_manager_v1", 1)
[07:19:59.606930] {Default Queue} wl_registry#2.global(28, "zwp_input_method_manager_v2", 1)
[07:19:59.606933] {Default Queue} wl_registry#2.global(29, "zwp_virtual_keyboard_manager_v1", 1)
[07:19:59.606935] {Default Queue} wl_registry#2.global(30, "zwlr_virtual_pointer_manager_v1", 2)
[07:19:59.606938] {Default Queue} wl_registry#2.global(31, "zwlr_output_manager_v1", 4)
[07:19:59.606941] {Default Queue} wl_registry#2.global(32, "org_kde_kwin_server_decoration_manager", 1)
[07:19:59.606947] {Default Queue}  -> wl_registry#2.bind(32, "org_kde_kwin_server_decoration_manager", 1, new id [unknown]#14)
[07:19:59.606951] {Default Queue} wl_registry#2.global(33, "hyprland_focus_grab_manager_v1", 1)
[07:19:59.606954] {Default Queue} wl_registry#2.global(34, "zwp_tablet_manager_v2", 1)
[07:19:59.606956] {Default Queue}  -> wl_registry#2.bind(34, "zwp_tablet_manager_v2", 1, new id [unknown]#15)
[07:19:59.606959] {Default Queue} wl_registry#2.global(35, "zwlr_layer_shell_v1", 5)
[07:19:59.606961] {Default Queue} wl_registry#2.global(36, "wp_presentation", 2)
[07:19:59.606963] {Default Queue} wl_registry#2.global(37, "xdg_wm_base", 7)
[07:19:59.606965] {Default Queue} wl_registry#2.global(38, "zwlr_data_control_manager_v1", 2)
[07:19:59.606967] {Default Queue} wl_registry#2.global(39, "zwp_primary_selection_device_manager_v1", 1)
[07:19:59.606970] {Default Queue}  -> wl_registry#2.bind(39, "zwp_primary_selection_device_manager_v1", 1, new id [unknown]#16)
[07:19:59.606972] {Default Queue} wl_registry#2.global(40, "xwayland_shell_v1", 1)
[07:19:59.606974] {Default Queue} wl_registry#2.global(41, "hyprland_toplevel_mapping_manager_v1", 1)
[07:19:59.606976] {Default Queue} wl_registry#2.global(42, "hyprland_global_shortcuts_manager_v1", 1)
[07:19:59.606979] {Default Queue} wl_registry#2.global(43, "xdg_wm_dialog_v1", 1)
[07:19:59.606981] {Default Queue} wl_registry#2.global(44, "wp_single_pixel_buffer_manager_v1", 1)
[07:19:59.606983] {Default Queue} wl_registry#2.global(45, "wp_security_context_manager_v1", 1)
[07:19:59.606986] {Default Queue} wl_registry#2.global(46, "hyprland_ctm_control_manager_v1", 2)
[07:19:59.606988] {Default Queue} wl_registry#2.global(47, "hyprland_input_capture_manager_v1", 1)
[07:19:59.606990] {Default Queue} wl_registry#2.global(48, "hyprland_surface_manager_v1", 2)
[07:19:59.606992] {Default Queue} wl_registry#2.global(49, "wp_content_type_manager_v1", 1)
[07:19:59.606995] {Default Queue} wl_registry#2.global(50, "xdg_toplevel_tag_manager_v1", 1)
[07:19:59.606997] {Default Queue} wl_registry#2.global(51, "xdg_system_bell_v1", 1)
[07:19:59.606999] {Default Queue} wl_registry#2.global(52, "vicinae_hotkey_manager_v1", 1)
[07:19:59.607002] {Default Queue} wl_registry#2.global(53, "ext_workspace_manager_v1", 1)
[07:19:59.607004] {Default Queue} wl_registry#2.global(54, "ext_data_control_manager_v1", 1)
[07:19:59.607006] {Default Queue} wl_registry#2.global(55, "wp_pointer_warp_v1", 1)
[07:19:59.607008] {Default Queue} wl_registry#2.global(56, "wp_fifo_manager_v1", 1)
[07:19:59.607011] {Default Queue} wl_registry#2.global(57, "zxdg_exporter_v2", 1)
[07:19:59.607013] {Default Queue}  -> wl_registry#2.bind(57, "zxdg_exporter_v2", 1, new id [unknown]#17)
[07:19:59.607015] {Default Queue} wl_registry#2.global(58, "zxdg_importer_v2", 1)
[07:19:59.607018] {Default Queue}  -> wl_registry#2.bind(58, "zxdg_importer_v2", 1, new id [unknown]#18)
[07:19:59.607020] {Default Queue} wl_registry#2.global(59, "ext_background_effect_manager_v1", 1)
[07:19:59.607022] {Default Queue} wl_registry#2.global(60, "wp_commit_timing_manager_v1", 1)
[07:19:59.607025] {Default Queue} wl_registry#2.global(61, "zwlr_screencopy_manager_v1", 3)
[07:19:59.607028] {Default Queue} wl_registry#2.global(62, "hyprland_toplevel_export_manager_v1", 2)
[07:19:59.607031] {Default Queue} wl_registry#2.global(63, "ext_output_image_capture_source_manager_v1", 1)
[07:19:59.607033] {Default Queue} wl_registry#2.global(64, "ext_foreign_toplevel_image_capture_source_manager_v1", 1)
[07:19:59.607035] {Default Queue} wl_registry#2.global(65, "ext_image_copy_capture_manager_v1", 1)
[07:19:59.607037] {Default Queue} wl_registry#2.global(66, "wp_color_manager_v1", 3)
[07:19:59.607040] {Default Queue} wl_registry#2.global(67, "wl_drm", 2)
[07:19:59.607042] {Default Queue} wl_registry#2.global(68, "zwp_linux_dmabuf_v1", 5)
[07:19:59.607044] {Default Queue} wl_registry#2.global(69, "wl_output", 4)
[07:19:59.607047] {Default Queue}  -> wl_registry#2.bind(69, "wl_output", 2, new id [unknown]#19)
[07:19:59.607066] {Default Queue}  -> zxdg_output_manager_v1#8.get_xdg_output(new id zxdg_output_v1#20, wl_output#19)
[07:19:59.607072] {Default Queue}  -> wl_display#1.sync(new id wl_callback#21)
[07:19:59.607074] {Default Queue} wl_callback#3.done(0)
[07:19:59.607097] {Default Queue}  -> wl_shm#7.create_pool(new id wl_shm_pool#3, fd 10, 2304)
[07:19:59.607171] {Default Queue}  -> wl_shm_pool#3.resize(6912)
[07:19:59.607214] {Default Queue}  -> wl_shm_pool#3.resize(16128)
[07:19:59.607286] {Default Queue}  -> wl_shm_pool#3.resize(34560)
[07:19:59.607418] {Default Queue}  -> wl_shm_pool#3.resize(71424)
[07:19:59.607679] {Default Queue}  -> wl_shm_pool#3.resize(145152)
[07:19:59.608619] {Default Queue}  -> wl_shm_pool#3.resize(292608)
[07:19:59.609675] {Default Queue}  -> wl_shm_pool#3.resize(587520)
[07:19:59.613844] {Default Queue}  -> wl_registry#2.bind(1, "wl_seat", 5, new id [unknown]#22)
[07:19:59.615283] {Default Queue}  -> wl_compositor#5.create_surface(new id wl_surface#23)
[07:19:59.615299] {Default Queue}  -> zwp_primary_selection_device_manager_v1#16.get_device(new id zwp_primary_selection_device_v1#24, wl_seat#22)
[07:19:59.615305] {Default Queue}  -> wl_data_device_manager#4.get_data_device(new id wl_data_device#25, wl_seat#22)
[07:19:59.615352] {Default Queue}  -> wl_compositor#5.create_surface(new id wl_surface#26)
[07:19:59.615354] {Default Queue}  -> zwp_tablet_manager_v2#15.get_tablet_seat(new id zwp_tablet_seat_v2#27, wl_seat#22)
[07:19:59.615358] {Default Queue}  -> wl_display#1.sync(new id wl_callback#28)
[07:19:59.615740] {Display Queue} wl_display#1.delete_id(9)
[07:19:59.615746] {Display Queue} wl_display#1.delete_id(21)
[07:19:59.615748] {Display Queue} wl_display#1.delete_id(28)
[07:19:59.615750] {Default Queue} wl_shm#7.format(0)
[07:19:59.615752] {Default Queue} wl_shm#7.format(1)
[07:19:59.615754] {Default Queue} wl_shm#7.format(875709016)
[07:19:59.615756] {Default Queue} wl_shm#7.format(875708993)
[07:19:59.615757] {Default Queue} wl_shm#7.format(808669784)
[07:19:59.615759] {Default Queue} wl_shm#7.format(808669761)
[07:19:59.615761] {Default Queue} wl_shm#7.format(808665688)
[07:19:59.615763] {Default Queue} wl_shm#7.format(808665665)
[07:19:59.615765] {Default Queue} wl_callback#9.done(0)
[07:19:59.615767] {Default Queue} org_kde_kwin_server_decoration_manager#14.default_mode(2)
[07:19:59.615771] {Default Queue} wl_output#19.scale(1)
[07:19:59.615774] {Default Queue} wl_output#19.mode(1, 800, 600, 60000)
[07:19:59.615777] {Default Queue} wl_output#19.geometry(0, 0, 0, 0, 1, "", "", 0)
[07:19:59.615782] {Default Queue} wl_output#19.done()
[07:19:59.615789] {Default Queue} zxdg_output_v1#20.name("WAYLAND-1")
[07:19:59.615793] {Default Queue} zxdg_output_v1#20.logical_position(0, 0)
[07:19:59.615795] {Default Queue} zxdg_output_v1#20.logical_size(800, 600)
[07:19:59.615797] {Default Queue} wl_output#19.done()
[07:19:59.615800] {Default Queue} wl_callback#21.done(0)
[07:19:59.615802] {Default Queue} wl_seat#22.name("Hyprland")
[07:19:59.615804] {Default Queue} wl_seat#22.capabilities(3)
[07:19:59.615807] {Default Queue}  -> wl_seat#22.get_pointer(new id wl_pointer#21)
[07:19:59.615812] {Default Queue}  -> zwp_pointer_gestures_v1#11.get_swipe_gesture(new id zwp_pointer_gesture_swipe_v1#9, wl_pointer#21)
[07:19:59.615816] {Default Queue}  -> zwp_pointer_gestures_v1#11.get_pinch_gesture(new id zwp_pointer_gesture_pinch_v1#29, wl_pointer#21)
[07:19:59.615820] {Default Queue}  -> wp_cursor_shape_manager_v1#10.get_pointer(new id wp_cursor_shape_device_v1#30, wl_pointer#21)
[07:19:59.615824] {Default Queue}  -> wl_seat#22.get_keyboard(new id wl_keyboard#31)
[07:19:59.615828] {Default Queue} wl_callback#28.done(0)
[07:19:59.615831] {Default Queue}  -> wl_registry#2.bind(37, "xdg_wm_base", 6, new id [unknown]#28)
[07:19:59.662246] {Default Queue}  -> wl_compositor#5.create_surface(new id wl_surface#32)
[07:19:59.662322] {Default Queue}  -> xdg_wm_base#28.get_xdg_surface(new id xdg_surface#33, wl_surface#32)
[07:19:59.662327] {Default Queue}  -> xdg_surface#33.get_toplevel(new id xdg_toplevel#34)
[07:19:59.662335] {Default Queue}  -> xdg_toplevel#34.set_parent(nil)
[07:19:59.662341] {Default Queue}  -> xdg_toplevel#34.set_title("ELM-PARENT-INPUT-PROBE")
[07:19:59.662344] {Default Queue}  -> xdg_toplevel#34.set_app_id("fixture.py")
[07:19:59.662347] {Default Queue}  -> wl_surface#32.commit()
[07:19:59.662350] {Default Queue}  -> org_kde_kwin_server_decoration_manager#14.create(new id org_kde_kwin_server_decoration#35, wl_surface#32)
[07:19:59.662355] {Default Queue}  -> org_kde_kwin_server_decoration#35.request_mode(2)
/home/hoskinson/omarchy-windows-parity/implementation/elm-parent-stationary-click-v33/fixture.py:171: PyGIDeprecationWarning: GLib.unix_signal_add is deprecated; use GLibUnix.signal_add instead
  GLib.unix_signal_add(GLib.PRIORITY_DEFAULT, signal.SIGTERM, quit_)
[07:19:59.664304] {Default Queue}  -> wl_shm#7.create_pool(new id wl_shm_pool#36, fd 12, 1920)
[07:19:59.664322] {Default Queue}  -> wl_shm_pool#36.create_buffer(new id wl_buffer#37, 0, 24, 20, 96, 0)
[07:19:59.664696] {Default Queue} wl_keyboard#31.keymap(1, fd 11, 35572)
[07:19:59.665564] {Default Queue} wl_keyboard#31.repeat_info(25, 600)
[07:19:59.665572] {Default Queue} xdg_toplevel#34.wm_capabilities(array[8])
[07:19:59.665576] {Default Queue} org_kde_kwin_server_decoration#35.mode(2)
[07:19:59.665579] {Default Queue} org_kde_kwin_server_decoration#35.mode(2)
[07:19:59.665581] {Default Queue} xdg_toplevel#34.configure(800, 600, array[16])
[07:19:59.665584] {Default Queue} xdg_surface#33.configure(1)
[07:19:59.665591] {Default Queue}  -> wl_surface#32.set_buffer_scale(1)
[07:19:59.665598] {Default Queue}  -> xdg_surface#33.ack_configure(1)
[07:19:59.681138] {Default Queue}  -> wl_shm#7.create_pool(new id wl_shm_pool#38, fd 12, 1920000)
[07:19:59.681153] {Default Queue}  -> wl_shm_pool#38.create_buffer(new id wl_buffer#39, 0, 800, 600, 3200, 0)
[07:19:59.682752] {Default Queue}  -> wl_surface#32.attach(wl_buffer#39, 0, 0)
[07:19:59.682765] {Default Queue}  -> wl_surface#32.set_buffer_scale(1)
[07:19:59.682769] {Default Queue}  -> wl_surface#32.damage(0, 0, 800, 600)
[07:19:59.682773] {Default Queue}  -> xdg_toplevel#34.set_min_size(192, 38)
[07:19:59.682776] {Default Queue}  -> xdg_toplevel#34.set_max_size(0, 0)
[07:19:59.682779] {Default Queue}  -> xdg_surface#33.set_window_geometry(0, 0, 800, 600)
[07:19:59.682783] {Default Queue}  -> wl_compositor#5.create_region(new id wl_region#40)
[07:19:59.682786] {Default Queue}  -> wl_region#40.add(0, 0, 800, 600)
[07:19:59.682789] {Default Queue}  -> wl_surface#32.set_opaque_region(wl_region#40)
[07:19:59.682792] {Default Queue}  -> wl_region#40.destroy()
[07:19:59.682794] {Default Queue}  -> wl_surface#32.set_input_region(nil)
[07:19:59.682804] {Default Queue}  -> wl_surface#32.frame(new id wl_callback#41)
[07:19:59.682807] {Default Queue}  -> wl_surface#32.commit()
[07:19:59.684318] {Display Queue} wl_display#1.delete_id(40)
[07:19:59.684350] {Display Queue} wl_display#1.delete_id(41)
[07:19:59.684356] {Default Queue} wl_callback#41.done(66504326)
[07:19:59.684370] {Default Queue} wl_surface#32.enter(wl_output#19)
[07:19:59.684375] {Default Queue} wl_keyboard#31.enter(3, wl_surface#32, array[0])
[07:19:59.684383] {Default Queue} wl_keyboard#31.modifiers(4, 0, 0, 0, 0)
[07:19:59.684395] {Default Queue} wl_data_device#25.selection(nil)
[07:19:59.684402] {Default Queue} wl_buffer#39.release()
[07:19:59.684405] {Default Queue} xdg_toplevel#34.configure(758, 558, array[24])
[07:19:59.684409] {Default Queue} xdg_surface#33.configure(2)
[07:19:59.684413] {Default Queue}  -> wl_buffer#39.destroy()
[07:19:59.684416] {Default Queue}  -> wl_shm_pool#38.destroy()
[07:19:59.684610] {Default Queue}  -> wl_surface#32.set_buffer_scale(1)
[07:19:59.684620] {Default Queue}  -> xdg_surface#33.ack_configure(2)
[07:19:59.685065] {Default Queue}  -> wl_shm#7.create_pool(new id wl_shm_pool#41, fd 12, 1691856)
[07:19:59.685071] {Default Queue}  -> wl_shm_pool#41.create_buffer(new id wl_buffer#40, 0, 758, 558, 3032, 0)
[07:19:59.686100] {Default Queue}  -> wl_surface#32.attach(wl_buffer#40, 0, 0)
[07:19:59.686113] {Default Queue}  -> wl_surface#32.set_buffer_scale(1)
[07:19:59.686125] {Default Queue}  -> wl_surface#32.damage(0, 0, 758, 558)
[07:19:59.686128] {Default Queue}  -> xdg_toplevel#34.set_min_size(192, 38)
[07:19:59.686131] {Default Queue}  -> xdg_toplevel#34.set_max_size(0, 0)
[07:19:59.686133] {Default Queue}  -> xdg_surface#33.set_window_geometry(0, 0, 758, 558)
[07:19:59.686137] {Default Queue}  -> wl_compositor#5.create_region(new id wl_region#42)
[07:19:59.686140] {Default Queue}  -> wl_region#42.add(0, 0, 758, 558)
[07:19:59.686143] {Default Queue}  -> wl_surface#32.set_opaque_region(wl_region#42)
[07:19:59.686145] {Default Queue}  -> wl_region#42.destroy()
[07:19:59.686152] {Default Queue}  -> wl_surface#32.frame(new id wl_callback#43)
[07:19:59.686155] {Default Queue}  -> wl_surface#32.commit()
[07:19:59.686172] discarded [unknown]#39.[event 0](0 fd, 8 byte)
[07:19:59.686178] {Display Queue} wl_display#1.delete_id(39)
[07:19:59.686181] {Display Queue} wl_display#1.delete_id(38)
[07:19:59.687526] {Display Queue} wl_display#1.delete_id(42)
[07:19:59.687533] {Default Queue} wl_buffer#40.release()
[07:19:59.828656] {Display Queue} wl_display#1.delete_id(43)
[07:19:59.828686] {Default Queue} wl_callback#43.done(66504337)
[07:20:00.072555] {Default Queue} xdg_wm_base#28.ping(1337)
[07:20:00.072572] {Default Queue}  -> xdg_wm_base#28.pong(1337)
[07:20:00.102951] {Default Queue} wl_pointer#21.enter(5, wl_surface#32, 253.00000000, 186.00000000)
[07:20:00.102970] {Default Queue} wl_pointer#21.frame()
[07:20:00.102988] {Default Queue}  -> wl_pointer#21.set_cursor(5, wl_surface#26, 7, 5)
[07:20:00.102993] {Default Queue}  -> wl_surface#26.attach(wl_buffer#37, 0, 0)
[07:20:00.102997] {Default Queue}  -> wl_surface#26.set_buffer_scale(1)
[07:20:00.102999] {Default Queue}  -> wl_surface#26.damage(0, 0, 24, 20)
[07:20:00.103002] {Default Queue}  -> wl_surface#26.commit()
[07:20:00.103007] {Default Queue} wl_pointer#21.motion(66504744, 253.00000000, 186.00000000)
[07:20:00.103011] {Default Queue} wl_pointer#21.frame()
[07:20:00.103016] {Default Queue} wl_pointer#21.button(6, 66504745, 272, 1)
[07:20:00.103020] {Default Queue} wl_pointer#21.frame()
[07:20:00.103028] {Default Queue} wl_pointer#21.button(7, 66504745, 272, 0)
[07:20:00.103032] {Default Queue} wl_pointer#21.frame()
[07:20:00.104592] {Default Queue} wl_surface#26.enter(wl_output#19)
[07:20:00.104606] {Default Queue} wl_buffer#37.release()
[07:20:00.315168] {Default Queue}  -> wl_shm#7.create_pool(new id wl_shm_pool#43, fd 12, 1920)
[07:20:00.315186] {Default Queue}  -> wl_shm_pool#43.create_buffer(new id wl_buffer#42, 0, 24, 20, 96, 0)
[07:20:00.315235] {Default Queue}  -> wl_buffer#37.destroy()
[07:20:00.315239] {Default Queue}  -> wl_shm_pool#36.destroy()
[07:20:00.315251] {Default Queue}  -> wl_pointer#21.set_cursor(5, wl_surface#26, 7, 5)
[07:20:00.315255] {Default Queue}  -> wl_surface#26.attach(wl_buffer#42, 0, 0)
[07:20:00.315259] {Default Queue}  -> wl_surface#26.set_buffer_scale(1)
[07:20:00.315262] {Default Queue}  -> wl_surface#26.damage(0, 0, 24, 20)
[07:20:00.315265] {Default Queue}  -> wl_surface#26.commit()
[07:20:00.315891] discarded [unknown]#37.[event 0](0 fd, 8 byte)
[07:20:00.315911] {Display Queue} wl_display#1.delete_id(37)
[07:20:00.315917] {Display Queue} wl_display#1.delete_id(36)
[07:20:00.315920] {Default Queue} wl_buffer#42.release()
[07:20:00.842101] {Default Queue}  -> wl_shm#7.create_pool(new id wl_shm_pool#36, fd 12, 1920)
[07:20:00.842115] {Default Queue}  -> wl_shm_pool#36.create_buffer(new id wl_buffer#37, 0, 24, 20, 96, 0)
[07:20:00.842157] {Default Queue}  -> wl_buffer#42.destroy()
[07:20:00.842162] {Default Queue}  -> wl_shm_pool#43.destroy()
[07:20:00.842282] {Default Queue}  -> wl_pointer#21.set_cursor(5, wl_surface#26, 7, 5)
[07:20:00.842287] {Default Queue}  -> wl_surface#26.attach(wl_buffer#37, 0, 0)
[07:20:00.842290] {Default Queue}  -> wl_surface#26.set_buffer_scale(1)
[07:20:00.842293] {Default Queue}  -> wl_surface#26.damage(0, 0, 24, 20)
[07:20:00.842296] {Default Queue}  -> wl_surface#26.commit()
[07:20:00.842996] discarded [unknown]#42.[event 0](0 fd, 8 byte)
[07:20:00.843010] {Display Queue} wl_display#1.delete_id(42)
[07:20:00.843016] {Display Queue} wl_display#1.delete_id(43)
[07:20:00.843019] {Default Queue} wl_buffer#37.release()
[07:20:01.168039] {Default Queue}  -> wl_shm#7.create_pool(new id wl_shm_pool#43, fd 12, 1920)
[07:20:01.168059] {Default Queue}  -> wl_shm_pool#43.create_buffer(new id wl_buffer#42, 0, 24, 20, 96, 0)
[07:20:01.168117] {Default Queue}  -> wl_buffer#37.destroy()
[07:20:01.168121] {Default Queue}  -> wl_shm_pool#36.destroy()
[07:20:01.168135] {Default Queue}  -> wl_pointer#21.set_cursor(5, wl_surface#26, 7, 5)
[07:20:01.168139] {Default Queue}  -> wl_surface#26.attach(wl_buffer#42, 0, 0)
[07:20:01.168142] {Default Queue}  -> wl_surface#26.set_buffer_scale(1)
[07:20:01.168145] {Default Queue}  -> wl_surface#26.damage(0, 0, 24, 20)
[07:20:01.168148] {Default Queue}  -> wl_surface#26.commit()
[07:20:01.168710] discarded [unknown]#37.[event 0](0 fd, 8 byte)
[07:20:01.168718] {Display Queue} wl_display#1.delete_id(37)
[07:20:01.168722] {Display Queue} wl_display#1.delete_id(36)
[07:20:01.168725] {Default Queue} wl_buffer#42.release()
[07:20:01.343344] {Default Queue} wl_pointer#21.motion(66505985, 296.00000000, 217.00000000)
[07:20:01.343359] {Default Queue} wl_pointer#21.frame()
[07:20:01.572694] {Default Queue} xdg_wm_base#28.ping(1337)
[07:20:01.572710] {Default Queue}  -> xdg_wm_base#28.pong(1337)
[07:20:01.676867] {Default Queue} wl_output#19.scale(1)
[07:20:01.676886] {Default Queue} wl_output#19.mode(1, 640, 480, 60000)
[07:20:01.676891] {Default Queue} wl_output#19.geometry(0, 0, 0, 0, 1, "", "", 0)
[07:20:01.676901] {Default Queue} wl_output#19.done()
[07:20:01.676919] {Default Queue} zxdg_output_v1#20.logical_position(0, 0)
[07:20:01.676922] {Default Queue} zxdg_output_v1#20.logical_size(640, 480)
[07:20:01.676925] {Default Queue} wl_pointer#21.motion(66506315, 232.60156250, 169.39843750)
[07:20:01.676931] {Default Queue} wl_pointer#21.frame()
[07:20:01.676947] {Default Queue} zxdg_output_v1#20.logical_position(0, 0)
[07:20:01.676951] {Default Queue} zxdg_output_v1#20.logical_size(640, 480)
[07:20:01.676953] {Default Queue} zxdg_output_v1#20.logical_position(0, 0)
[07:20:01.676956] {Default Queue} zxdg_output_v1#20.logical_size(640, 480)
[07:20:01.676958] {Default Queue} wl_output#19.done()
[07:20:01.676963] {Default Queue} xdg_toplevel#34.configure(598, 438, array[24])
[07:20:01.676967] {Default Queue} xdg_surface#33.configure(8)
[07:20:01.676974] {Default Queue}  -> wl_buffer#40.destroy()
[07:20:01.676977] {Default Queue}  -> wl_shm_pool#41.destroy()
[07:20:01.677174] {Default Queue}  -> wl_surface#32.set_buffer_scale(1)
[07:20:01.677184] {Default Queue}  -> xdg_surface#33.ack_configure(8)
[07:20:01.677187] {Default Queue} wl_pointer#21.frame()
[07:20:01.677687] {Default Queue}  -> wl_shm#7.create_pool(new id wl_shm_pool#36, fd 12, 1047696)
[07:20:01.677695] {Default Queue}  -> wl_shm_pool#36.create_buffer(new id wl_buffer#37, 0, 598, 438, 2392, 0)
[07:20:01.678174] {Default Queue}  -> wl_surface#32.attach(wl_buffer#37, 0, 0)
[07:20:01.678181] {Default Queue}  -> wl_surface#32.set_buffer_scale(1)
[07:20:01.678185] {Default Queue}  -> wl_surface#32.damage(0, 0, 598, 438)
[07:20:01.678188] {Default Queue}  -> xdg_toplevel#34.set_min_size(192, 38)
[07:20:01.678191] {Default Queue}  -> xdg_toplevel#34.set_max_size(0, 0)
[07:20:01.678194] {Default Queue}  -> xdg_surface#33.set_window_geometry(0, 0, 598, 438)
[07:20:01.678197] {Default Queue}  -> wl_compositor#5.create_region(new id wl_region#38)
[07:20:01.678200] {Default Queue}  -> wl_region#38.add(0, 0, 598, 438)
[07:20:01.678203] {Default Queue}  -> wl_surface#32.set_opaque_region(wl_region#38)
[07:20:01.678205] {Default Queue}  -> wl_region#38.destroy()
[07:20:01.678212] {Default Queue}  -> wl_surface#32.frame(new id wl_callback#39)
[07:20:01.678216] {Default Queue}  -> wl_surface#32.commit()
[07:20:01.678234] discarded [unknown]#40.[event 0](0 fd, 8 byte)
[07:20:01.678240] {Display Queue} wl_display#1.delete_id(40)
[07:20:01.678243] {Display Queue} wl_display#1.delete_id(41)
[07:20:01.679124] {Display Queue} wl_display#1.delete_id(38)
[07:20:01.679147] {Default Queue} wl_buffer#37.release()
[07:20:01.689547] {Display Queue} wl_display#1.delete_id(39)
[07:20:01.689563] {Default Queue} wl_callback#39.done(66506331)
[07:20:02.124056] {Default Queue} wl_pointer#21.button(9, 66506766, 272, 1)
[07:20:02.124078] {Default Queue} wl_pointer#21.frame()
[07:20:02.124475] {Default Queue} wl_pointer#21.button(10, 66506766, 272, 0)
[07:20:02.124484] {Default Queue} wl_pointer#21.frame()
[07:20:02.146777] {Default Queue} wl_pointer#21.motion(66506788, 199.00000000, 146.19921875)
[07:20:02.146799] {Default Queue} wl_pointer#21.frame()
[07:20:02.146827] {Default Queue} wl_pointer#21.button(11, 66506789, 272, 1)
[07:20:02.146833] {Default Queue} wl_pointer#21.frame()
[07:20:02.146841] {Default Queue} wl_pointer#21.button(12, 66506789, 272, 0)
[07:20:02.146845] {Default Queue} wl_pointer#21.frame()
[07:20:02.296407] {Default Queue}  -> wl_shm#7.create_pool(new id wl_shm_pool#39, fd 12, 1920)
[07:20:02.296428] {Default Queue}  -> wl_shm_pool#39.create_buffer(new id wl_buffer#38, 0, 24, 20, 96, 0)
[07:20:02.296483] {Default Queue}  -> wl_buffer#42.destroy()
[07:20:02.296488] {Default Queue}  -> wl_shm_pool#43.destroy()
[07:20:02.296504] {Default Queue}  -> wl_pointer#21.set_cursor(5, wl_surface#26, 7, 5)
[07:20:02.296514] {Default Queue}  -> wl_surface#26.attach(wl_buffer#38, 0, 0)
[07:20:02.296518] {Default Queue}  -> wl_surface#26.set_buffer_scale(1)
[07:20:02.296521] {Default Queue}  -> wl_surface#26.damage(0, 0, 24, 20)
[07:20:02.296524] {Default Queue}  -> wl_surface#26.commit()
[07:20:02.297120] discarded [unknown]#42.[event 0](0 fd, 8 byte)
[07:20:02.297136] {Display Queue} wl_display#1.delete_id(42)
[07:20:02.297142] {Display Queue} wl_display#1.delete_id(43)
[07:20:02.297145] {Default Queue} wl_buffer#38.release()
[07:20:02.824175] {Default Queue}  -> wl_shm#7.create_pool(new id wl_shm_pool#43, fd 12, 1920)
[07:20:02.824190] {Default Queue}  -> wl_shm_pool#43.create_buffer(new id wl_buffer#42, 0, 24, 20, 96, 0)
[07:20:02.824226] {Default Queue}  -> wl_buffer#38.destroy()
[07:20:02.824229] {Default Queue}  -> wl_shm_pool#39.destroy()
[07:20:02.824239] {Default Queue}  -> wl_pointer#21.set_cursor(5, wl_surface#26, 7, 5)
[07:20:02.824242] {Default Queue}  -> wl_surface#26.attach(wl_buffer#42, 0, 0)
[07:20:02.824245] {Default Queue}  -> wl_surface#26.set_buffer_scale(1)
[07:20:02.824247] {Default Queue}  -> wl_surface#26.damage(0, 0, 24, 20)
[07:20:02.824249] {Default Queue}  -> wl_surface#26.commit()
[07:20:02.824758] discarded [unknown]#38.[event 0](0 fd, 8 byte)
[07:20:02.824764] {Display Queue} wl_display#1.delete_id(38)
[07:20:02.824767] {Display Queue} wl_display#1.delete_id(39)
[07:20:02.824769] {Default Queue} wl_buffer#42.release()
[07:20:03.072809] {Default Queue} xdg_wm_base#28.ping(1337)
[07:20:03.072839] {Default Queue}  -> xdg_wm_base#28.pong(1337)
[07:20:03.125989] {Default Queue}  -> wl_shm#7.create_pool(new id wl_shm_pool#39, fd 12, 1920)
[07:20:03.126008] {Default Queue}  -> wl_shm_pool#39.create_buffer(new id wl_buffer#38, 0, 24, 20, 96, 0)
[07:20:03.126058] {Default Queue}  -> wl_buffer#42.destroy()
[07:20:03.126063] {Default Queue}  -> wl_shm_pool#43.destroy()
[07:20:03.126077] {Default Queue}  -> wl_pointer#21.set_cursor(5, wl_surface#26, 7, 5)
[07:20:03.126082] {Default Queue}  -> wl_surface#26.attach(wl_buffer#38, 0, 0)
[07:20:03.126086] {Default Queue}  -> wl_surface#26.set_buffer_scale(1)
[07:20:03.126088] {Default Queue}  -> wl_surface#26.damage(0, 0, 24, 20)
[07:20:03.126092] {Default Queue}  -> wl_surface#26.commit()
[07:20:03.126734] discarded [unknown]#42.[event 0](0 fd, 8 byte)
[07:20:03.126749] {Display Queue} wl_display#1.delete_id(42)
[07:20:03.126756] {Display Queue} wl_display#1.delete_id(43)
[07:20:03.126759] {Default Queue} wl_buffer#38.release()
[07:20:03.318857] {Default Queue} wl_pointer#21.motion(66507960, 233.39843750, 171.00000000)
[07:20:03.318882] {Default Queue} wl_pointer#21.frame()
[07:20:03.675528] {Default Queue} wl_output#19.scale(2)
[07:20:03.675556] {Default Queue} wl_output#19.mode(1, 960, 640, 60000)
[07:20:03.675570] {Default Queue} wl_output#19.geometry(0, 0, 0, 0, 1, "", "", 0)
[07:20:03.675578] {Default Queue} wl_output#19.done()
[07:20:03.675598] {Default Queue}  -> wl_pointer#21.set_cursor(5, wl_surface#26, 7, 5)
[07:20:03.675603] {Default Queue}  -> wl_surface#26.attach(wl_buffer#38, 0, 0)
[07:20:03.675607] {Default Queue}  -> wl_surface#26.set_buffer_scale(1)
[07:20:03.675610] {Default Queue}  -> wl_surface#26.damage(0, 0, 24, 20)
[07:20:03.675614] {Default Queue}  -> wl_surface#26.commit()
[07:20:03.675621] {Default Queue}  -> wl_buffer#37.destroy()
[07:20:03.675624] {Default Queue}  -> wl_shm_pool#36.destroy()
[07:20:03.675668] {Default Queue}  -> wl_surface#32.set_buffer_scale(2)
[07:20:03.675684] {Default Queue} zxdg_output_v1#20.logical_position(0, 0)
[07:20:03.675688] {Default Queue} zxdg_output_v1#20.logical_size(480, 320)
[07:20:03.675691] {Default Queue} wl_pointer#21.motion(66508308, 169.80078125, 107.00000000)
[07:20:03.675697] {Default Queue} wl_pointer#21.frame()
[07:20:03.675708] {Default Queue} zxdg_output_v1#20.logical_position(0, 0)
[07:20:03.675711] {Default Queue} zxdg_output_v1#20.logical_size(480, 320)
[07:20:03.675714] {Default Queue} zxdg_output_v1#20.logical_position(0, 0)
[07:20:03.675716] {Default Queue} zxdg_output_v1#20.logical_size(480, 320)
[07:20:03.675719] {Default Queue} wl_output#19.done()
[07:20:03.675725] {Default Queue} xdg_toplevel#34.configure(438, 278, array[24])
[07:20:03.675729] {Default Queue} xdg_surface#33.configure(13)
[07:20:03.675733] {Default Queue}  -> wl_surface#32.set_buffer_scale(2)
[07:20:03.675738] {Default Queue}  -> xdg_surface#33.ack_configure(13)
[07:20:03.676274] {Default Queue} wl_pointer#21.frame()
[07:20:03.676563] {Default Queue}  -> wl_shm#7.create_pool(new id wl_shm_pool#43, fd 12, 1948224)
[07:20:03.676573] {Default Queue}  -> wl_shm_pool#43.create_buffer(new id wl_buffer#42, 0, 876, 556, 3504, 0)
[07:20:03.677779] {Default Queue}  -> wl_surface#32.attach(wl_buffer#42, 0, 0)
[07:20:03.677795] {Default Queue}  -> wl_surface#32.set_buffer_scale(2)
[07:20:03.677799] {Default Queue}  -> wl_surface#32.damage(0, 0, 438, 278)
[07:20:03.677804] {Default Queue}  -> xdg_toplevel#34.set_min_size(192, 38)
[07:20:03.677807] {Default Queue}  -> xdg_toplevel#34.set_max_size(0, 0)
[07:20:03.677810] {Default Queue}  -> xdg_surface#33.set_window_geometry(0, 0, 438, 278)
[07:20:03.677814] {Default Queue}  -> wl_compositor#5.create_region(new id wl_region#41)
[07:20:03.677817] {Default Queue}  -> wl_region#41.add(0, 0, 438, 278)
[07:20:03.677820] {Default Queue}  -> wl_surface#32.set_opaque_region(wl_region#41)
[07:20:03.677823] {Default Queue}  -> wl_region#41.destroy()
[07:20:03.677833] {Default Queue}  -> wl_surface#32.frame(new id wl_callback#40)
[07:20:03.677837] {Default Queue}  -> wl_surface#32.commit()
[07:20:03.677868] discarded [unknown]#37.[event 0](0 fd, 8 byte)
[07:20:03.677875] {Display Queue} wl_display#1.delete_id(37)
[07:20:03.677879] {Display Queue} wl_display#1.delete_id(36)
[07:20:03.677882] {Default Queue} wl_buffer#38.release()
[07:20:03.678812] {Display Queue} wl_display#1.delete_id(41)
[07:20:03.678838] {Default Queue} wl_buffer#42.release()
[07:20:03.685066] {Display Queue} wl_display#1.delete_id(40)
[07:20:03.685081] {Default Queue} wl_callback#40.done(66508323)
[07:20:04.151423] {Default Queue} wl_pointer#21.button(14, 66508793, 272, 1)
[07:20:04.151456] {Default Queue} wl_pointer#21.frame()
[07:20:04.152000] {Default Queue} wl_pointer#21.button(15, 66508793, 272, 0)
[07:20:04.152013] {Default Queue} wl_pointer#21.frame()
[07:20:04.239226] {Default Queue} wl_pointer#21.motion(66508881, 145.80078125, 92.60156250)
[07:20:04.239249] {Default Queue} wl_pointer#21.frame()
[07:20:04.239272] {Default Queue} wl_pointer#21.button(16, 66508881, 272, 1)
[07:20:04.239277] {Default Queue} wl_pointer#21.frame()
[07:20:04.239286] {Default Queue} wl_pointer#21.button(17, 66508881, 272, 0)
[07:20:04.239290] {Default Queue} wl_pointer#21.frame()
[07:20:04.406261] {Default Queue}  -> wl_shm#7.create_pool(new id wl_shm_pool#40, fd 12, 7680)
[07:20:04.406283] {Default Queue}  -> wl_shm_pool#40.create_buffer(new id wl_buffer#41, 0, 48, 40, 192, 0)
[07:20:04.406334] {Default Queue}  -> wl_buffer#38.destroy()
[07:20:04.406337] {Default Queue}  -> wl_shm_pool#39.destroy()
[07:20:04.406348] {Default Queue}  -> wl_pointer#21.set_cursor(5, wl_surface#26, 7, 5)
[07:20:04.406352] {Default Queue}  -> wl_surface#26.attach(wl_buffer#41, 0, 0)
[07:20:04.406355] {Default Queue}  -> wl_surface#26.set_buffer_scale(2)
[07:20:04.406357] {Default Queue}  -> wl_surface#26.damage(0, 0, 24, 20)
[07:20:04.406359] {Default Queue}  -> wl_surface#26.commit()
[07:20:04.406826] discarded [unknown]#38.[event 0](0 fd, 8 byte)
[07:20:04.406851] {Display Queue} wl_display#1.delete_id(38)
[07:20:04.406857] {Display Queue} wl_display#1.delete_id(39)
[07:20:04.406861] {Default Queue} wl_buffer#41.release()
[07:20:04.573013] {Default Queue} xdg_wm_base#28.ping(1337)
[07:20:04.573038] {Default Queue}  -> xdg_wm_base#28.pong(1337)
[07:20:04.934106] {Default Queue}  -> wl_shm#7.create_pool(new id wl_shm_pool#39, fd 12, 7680)
[07:20:04.934126] {Default Queue}  -> wl_shm_pool#39.create_buffer(new id wl_buffer#38, 0, 48, 40, 192, 0)
[07:20:04.934166] {Default Queue}  -> wl_buffer#41.destroy()
[07:20:04.934170] {Default Queue}  -> wl_shm_pool#40.destroy()
[07:20:04.934303] {Default Queue}  -> wl_pointer#21.set_cursor(5, wl_surface#26, 7, 5)
[07:20:04.934308] {Default Queue}  -> wl_surface#26.attach(wl_buffer#38, 0, 0)
[07:20:04.934311] {Default Queue}  -> wl_surface#26.set_buffer_scale(2)
[07:20:04.934314] {Default Queue}  -> wl_surface#26.damage(0, 0, 24, 20)
[07:20:04.934317] {Default Queue}  -> wl_surface#26.commit()
[07:20:04.934824] discarded [unknown]#41.[event 0](0 fd, 8 byte)
[07:20:04.934838] {Display Queue} wl_display#1.delete_id(41)
[07:20:04.934844] {Display Queue} wl_display#1.delete_id(40)
[07:20:04.934847] {Default Queue} wl_buffer#38.release()
[07:20:05.260751] {Default Queue}  -> wl_shm#7.create_pool(new id wl_shm_pool#40, fd 12, 7680)
[07:20:05.260770] {Default Queue}  -> wl_shm_pool#40.create_buffer(new id wl_buffer#41, 0, 48, 40, 192, 0)
[07:20:05.260824] {Default Queue}  -> wl_buffer#38.destroy()
[07:20:05.260829] {Default Queue}  -> wl_shm_pool#39.destroy()
[07:20:05.260840] {Default Queue}  -> wl_pointer#21.set_cursor(5, wl_surface#26, 7, 5)
[07:20:05.260844] {Default Queue}  -> wl_surface#26.attach(wl_buffer#41, 0, 0)
[07:20:05.260847] {Default Queue}  -> wl_surface#26.set_buffer_scale(2)
[07:20:05.260850] {Default Queue}  -> wl_surface#26.damage(0, 0, 24, 20)
[07:20:05.260853] {Default Queue}  -> wl_surface#26.commit()
[07:20:05.261574] discarded [unknown]#38.[event 0](0 fd, 8 byte)
[07:20:05.261587] {Display Queue} wl_display#1.delete_id(38)
[07:20:05.261592] {Display Queue} wl_display#1.delete_id(39)
[07:20:05.261595] {Default Queue} wl_buffer#41.release()
[07:20:05.439738] {Default Queue} wl_pointer#21.motion(66510081, 171.60156250, 109.13281250)
[07:20:05.439775] {Default Queue} wl_pointer#21.frame()
[07:20:05.802372] {Default Queue} wl_output#19.scale(1)
[07:20:05.802401] {Default Queue} wl_output#19.mode(1, 800, 600, 60000)
[07:20:05.802406] {Default Queue} wl_output#19.geometry(0, 0, 0, 0, 1, "", "", 0)
[07:20:05.802415] {Default Queue} wl_output#19.done()
[07:20:05.802432] {Default Queue}  -> wl_pointer#21.set_cursor(5, wl_surface#26, 7, 5)
[07:20:05.802437] {Default Queue}  -> wl_surface#26.attach(wl_buffer#41, 0, 0)
[07:20:05.802440] {Default Queue}  -> wl_surface#26.set_buffer_scale(2)
[07:20:05.802443] {Default Queue}  -> wl_surface#26.damage(0, 0, 24, 20)
[07:20:05.802446] {Default Queue}  -> wl_surface#26.commit()
[07:20:05.802454] {Default Queue}  -> wl_buffer#42.destroy()
[07:20:05.802456] {Default Queue}  -> wl_shm_pool#43.destroy()
[07:20:05.802666] {Default Queue}  -> wl_surface#32.set_buffer_scale(1)
[07:20:05.802683] {Default Queue} zxdg_output_v1#20.logical_position(0, 0)
[07:20:05.802687] {Default Queue} zxdg_output_v1#20.logical_size(800, 600)
[07:20:05.802690] {Default Queue} wl_pointer#21.motion(66510440, 300.00000000, 223.00000000)
[07:20:05.802704] {Default Queue} wl_pointer#21.frame()
[07:20:05.802721] {Default Queue} zxdg_output_v1#20.logical_position(0, 0)
[07:20:05.802725] {Default Queue} zxdg_output_v1#20.logical_size(800, 600)
[07:20:05.802727] {Default Queue} zxdg_output_v1#20.logical_position(0, 0)
[07:20:05.802730] {Default Queue} zxdg_output_v1#20.logical_size(800, 600)
[07:20:05.802732] {Default Queue} wl_output#19.done()
[07:20:05.802738] {Default Queue} xdg_toplevel#34.configure(758, 558, array[24])
[07:20:05.802742] {Default Queue} xdg_surface#33.configure(18)
[07:20:05.802746] {Default Queue}  -> wl_surface#32.set_buffer_scale(1)
[07:20:05.802750] {Default Queue}  -> xdg_surface#33.ack_configure(18)
[07:20:05.802753] {Default Queue} wl_pointer#21.frame()
[07:20:05.803465] {Default Queue}  -> wl_shm#7.create_pool(new id wl_shm_pool#39, fd 12, 1691856)
[07:20:05.803475] {Default Queue}  -> wl_shm_pool#39.create_buffer(new id wl_buffer#38, 0, 758, 558, 3032, 0)
[07:20:05.804204] {Default Queue}  -> wl_surface#32.attach(wl_buffer#38, 0, 0)
[07:20:05.804213] {Default Queue}  -> wl_surface#32.set_buffer_scale(1)
[07:20:05.804216] {Default Queue}  -> wl_surface#32.damage(0, 0, 758, 558)
[07:20:05.804220] {Default Queue}  -> xdg_toplevel#34.set_min_size(192, 38)
[07:20:05.804223] {Default Queue}  -> xdg_toplevel#34.set_max_size(0, 0)
[07:20:05.804227] {Default Queue}  -> xdg_surface#33.set_window_geometry(0, 0, 758, 558)
[07:20:05.804230] {Default Queue}  -> wl_compositor#5.create_region(new id wl_region#36)
[07:20:05.804233] {Default Queue}  -> wl_region#36.add(0, 0, 758, 558)
[07:20:05.804236] {Default Queue}  -> wl_surface#32.set_opaque_region(wl_region#36)
[07:20:05.804238] {Default Queue}  -> wl_region#36.destroy()
[07:20:05.804246] {Default Queue}  -> wl_surface#32.frame(new id wl_callback#37)
[07:20:05.804250] {Default Queue}  -> wl_surface#32.commit()
[07:20:05.804271] discarded [unknown]#42.[event 0](0 fd, 8 byte)
[07:20:05.804277] {Display Queue} wl_display#1.delete_id(42)
[07:20:05.804280] {Display Queue} wl_display#1.delete_id(43)
[07:20:05.804283] {Default Queue} wl_buffer#41.release()
[07:20:05.805673] {Display Queue} wl_display#1.delete_id(36)
[07:20:05.805691] {Default Queue} wl_buffer#38.release()
[07:20:05.813040] {Display Queue} wl_display#1.delete_id(37)
[07:20:05.813058] {Default Queue} wl_callback#37.done(66510454)
[07:20:06.073170] {Default Queue} xdg_wm_base#28.ping(1337)
[07:20:06.073194] {Default Queue}  -> xdg_wm_base#28.pong(1337)
[07:20:06.236644] {Default Queue} wl_pointer#21.button(19, 66510878, 272, 1)
[07:20:06.236679] {Default Queue} wl_pointer#21.frame()
[07:20:06.236704] {Default Queue} wl_pointer#21.button(20, 66510878, 272, 0)
[07:20:06.236710] {Default Queue} wl_pointer#21.frame()
[07:20:06.257682] {Default Queue} wl_pointer#21.motion(66510899, 253.00000000, 186.00000000)
[07:20:06.257702] {Default Queue} wl_pointer#21.frame()
[07:20:06.257721] {Default Queue} wl_pointer#21.button(21, 66510899, 272, 1)
[07:20:06.257726] {Default Queue} wl_pointer#21.frame()
[07:20:06.257733] {Default Queue} wl_pointer#21.button(22, 66510899, 272, 0)
[07:20:06.257736] {Default Queue} wl_pointer#21.frame()
[07:20:06.415948] {Default Queue}  -> wl_shm#7.create_pool(new id wl_shm_pool#37, fd 12, 1920)
[07:20:06.415966] {Default Queue}  -> wl_shm_pool#37.create_buffer(new id wl_buffer#36, 0, 24, 20, 96, 0)
[07:20:06.416018] {Default Queue}  -> wl_buffer#41.destroy()
[07:20:06.416022] {Default Queue}  -> wl_shm_pool#40.destroy()
[07:20:06.416164] {Default Queue}  -> wl_pointer#21.set_cursor(5, wl_surface#26, 7, 5)
[07:20:06.416168] {Default Queue}  -> wl_surface#26.attach(wl_buffer#36, 0, 0)
[07:20:06.416172] {Default Queue}  -> wl_surface#26.set_buffer_scale(1)
[07:20:06.416175] {Default Queue}  -> wl_surface#26.damage(0, 0, 24, 20)
[07:20:06.416178] {Default Queue}  -> wl_surface#26.commit()
[07:20:06.416904] discarded [unknown]#41.[event 0](0 fd, 8 byte)
[07:20:06.416919] {Display Queue} wl_display#1.delete_id(41)
[07:20:06.416925] {Display Queue} wl_display#1.delete_id(40)
[07:20:06.416935] {Default Queue} wl_buffer#36.release()
[07:20:06.917819] {Default Queue}  -> wl_shm#7.create_pool(new id wl_shm_pool#40, fd 12, 1920)
[07:20:06.917839] {Default Queue}  -> wl_shm_pool#40.create_buffer(new id wl_buffer#41, 0, 24, 20, 96, 0)
[07:20:06.917879] {Default Queue}  -> wl_buffer#36.destroy()
[07:20:06.917884] {Default Queue}  -> wl_shm_pool#37.destroy()
[07:20:06.917896] {Default Queue}  -> wl_pointer#21.set_cursor(5, wl_surface#26, 7, 5)
[07:20:06.917901] {Default Queue}  -> wl_surface#26.attach(wl_buffer#41, 0, 0)
[07:20:06.917903] {Default Queue}  -> wl_surface#26.set_buffer_scale(1)
[07:20:06.917906] {Default Queue}  -> wl_surface#26.damage(0, 0, 24, 20)
[07:20:06.917909] {Default Queue}  -> wl_surface#26.commit()
[07:20:06.918467] discarded [unknown]#36.[event 0](0 fd, 8 byte)
[07:20:06.918480] {Display Queue} wl_display#1.delete_id(36)
[07:20:06.918486] {Display Queue} wl_display#1.delete_id(37)
[07:20:06.918488] {Default Queue} wl_buffer#41.release()
[07:20:07.218702] {Default Queue}  -> wl_shm#7.create_pool(new id wl_shm_pool#37, fd 12, 1920)
[07:20:07.218720] {Default Queue}  -> wl_shm_pool#37.create_buffer(new id wl_buffer#36, 0, 24, 20, 96, 0)
[07:20:07.218774] {Default Queue}  -> wl_buffer#41.destroy()
[07:20:07.218778] {Default Queue}  -> wl_shm_pool#40.destroy()
[07:20:07.218790] {Default Queue}  -> wl_pointer#21.set_cursor(5, wl_surface#26, 7, 5)
[07:20:07.218795] {Default Queue}  -> wl_surface#26.attach(wl_buffer#36, 0, 0)
[07:20:07.218798] {Default Queue}  -> wl_surface#26.set_buffer_scale(1)
[07:20:07.218801] {Default Queue}  -> wl_surface#26.damage(0, 0, 24, 20)
[07:20:07.218804] {Default Queue}  -> wl_surface#26.commit()
[07:20:07.219209] discarded [unknown]#41.[event 0](0 fd, 8 byte)
[07:20:07.219217] {Display Queue} wl_display#1.delete_id(41)
[07:20:07.219222] {Display Queue} wl_display#1.delete_id(40)
[07:20:07.219224] {Default Queue} wl_buffer#36.release()
[07:20:07.395731] {Default Queue} wl_pointer#21.motion(66512037, 296.00000000, 217.00000000)
[07:20:07.395760] {Default Queue} wl_pointer#21.frame()
[07:20:07.573243] {Default Queue} xdg_wm_base#28.ping(1337)
[07:20:07.573274] {Default Queue}  -> xdg_wm_base#28.pong(1337)
[07:20:07.717146] {Default Queue} wl_output#19.scale(2)
[07:20:07.717168] {Default Queue} wl_output#19.mode(1, 800, 600, 60000)
[07:20:07.717172] {Default Queue} wl_output#19.geometry(0, 0, 0, 0, 1, "", "", 0)
[07:20:07.717179] {Default Queue} wl_output#19.done()
[07:20:07.717194] {Default Queue}  -> wl_pointer#21.set_cursor(5, wl_surface#26, 7, 5)
[07:20:07.717198] {Default Queue}  -> wl_surface#26.attach(wl_buffer#36, 0, 0)
[07:20:07.717201] {Default Queue}  -> wl_surface#26.set_buffer_scale(1)
[07:20:07.717203] {Default Queue}  -> wl_surface#26.damage(0, 0, 24, 20)
[07:20:07.717206] {Default Queue}  -> wl_surface#26.commit()
[07:20:07.717213] {Default Queue}  -> wl_buffer#38.destroy()
[07:20:07.717215] {Default Queue}  -> wl_shm_pool#39.destroy()
[07:20:07.717618] {Default Queue}  -> wl_surface#32.set_buffer_scale(2)
[07:20:07.717633] {Default Queue} zxdg_output_v1#20.logical_position(0, 0)
[07:20:07.717636] {Default Queue} zxdg_output_v1#20.logical_size(400, 300)
[07:20:07.717638] {Default Queue} wl_pointer#21.motion(66512352, 137.50000000, 98.00000000)
[07:20:07.717642] {Default Queue} wl_pointer#21.frame()
[07:20:07.717651] {Default Queue} zxdg_output_v1#20.logical_position(0, 0)
[07:20:07.717653] {Default Queue} zxdg_output_v1#20.logical_size(400, 300)
[07:20:07.717655] {Default Queue} zxdg_output_v1#20.logical_position(0, 0)
[07:20:07.717657] {Default Queue} zxdg_output_v1#20.logical_size(400, 300)
[07:20:07.717658] {Default Queue} wl_output#19.done()
[07:20:07.717661] {Default Queue} xdg_toplevel#34.configure(358, 258, array[24])
[07:20:07.717664] {Default Queue} xdg_surface#33.configure(23)
[07:20:07.717667] {Default Queue}  -> wl_surface#32.set_buffer_scale(2)
[07:20:07.717671] {Default Queue}  -> xdg_surface#33.ack_configure(23)
[07:20:07.718257] {Default Queue}  -> wl_shm#7.create_pool(new id wl_shm_pool#40, fd 12, 1477824)
[07:20:07.718269] {Default Queue}  -> wl_shm_pool#40.create_buffer(new id wl_buffer#41, 0, 716, 516, 2864, 0)
[07:20:07.719119] {Default Queue}  -> wl_surface#32.attach(wl_buffer#41, 0, 0)
[07:20:07.719124] {Default Queue}  -> wl_surface#32.set_buffer_scale(2)
[07:20:07.719126] {Default Queue}  -> wl_surface#32.damage(0, 0, 358, 258)
[07:20:07.719130] {Default Queue}  -> xdg_toplevel#34.set_min_size(192, 38)
[07:20:07.719132] {Default Queue}  -> xdg_toplevel#34.set_max_size(0, 0)
[07:20:07.719134] {Default Queue}  -> xdg_surface#33.set_window_geometry(0, 0, 358, 258)
[07:20:07.719136] {Default Queue}  -> wl_compositor#5.create_region(new id wl_region#43)
[07:20:07.719139] {Default Queue}  -> wl_region#43.add(0, 0, 358, 258)
[07:20:07.719141] {Default Queue}  -> wl_surface#32.set_opaque_region(wl_region#43)
[07:20:07.719143] {Default Queue}  -> wl_region#43.destroy()
[07:20:07.719149] {Default Queue}  -> wl_surface#32.frame(new id wl_callback#42)
[07:20:07.719151] {Default Queue}  -> wl_surface#32.commit()
[07:20:07.719168] discarded [unknown]#38.[event 0](0 fd, 8 byte)
[07:20:07.719172] {Display Queue} wl_display#1.delete_id(38)
[07:20:07.719175] {Display Queue} wl_display#1.delete_id(39)
[07:20:07.719177] {Default Queue} wl_buffer#36.release()
[07:20:07.720575] {Display Queue} wl_display#1.delete_id(43)
[07:20:07.720579] {Default Queue} wl_buffer#41.release()
[07:20:07.727323] {Display Queue} wl_display#1.delete_id(42)
[07:20:07.727328] {Default Queue} wl_callback#42.done(66512369)
[07:20:08.129257] {Default Queue} wl_pointer#21.button(24, 66512771, 272, 1)
[07:20:08.129287] {Default Queue} wl_pointer#21.frame()
[07:20:08.129307] {Default Queue} wl_pointer#21.button(25, 66512771, 272, 0)
[07:20:08.129312] {Default Queue} wl_pointer#21.frame()
[07:20:08.151114] {Default Queue} wl_pointer#21.motion(66512793, 119.50000000, 86.00000000)
[07:20:08.151140] {Default Queue} wl_pointer#21.frame()
[07:20:08.151170] {Default Queue} wl_pointer#21.button(26, 66512793, 272, 1)
[07:20:08.151177] {Default Queue} wl_pointer#21.frame()
[07:20:08.151186] {Default Queue} wl_pointer#21.button(27, 66512793, 272, 0)
[07:20:08.151190] {Default Queue} wl_pointer#21.frame()
[07:20:08.350819] {Default Queue}  -> wl_shm#7.create_pool(new id wl_shm_pool#42, fd 12, 7680)
[07:20:08.350837] {Default Queue}  -> wl_shm_pool#42.create_buffer(new id wl_buffer#43, 0, 48, 40, 192, 0)
[07:20:08.350897] {Default Queue}  -> wl_buffer#36.destroy()
[07:20:08.350903] {Default Queue}  -> wl_shm_pool#37.destroy()
[07:20:08.350919] {Default Queue}  -> wl_pointer#21.set_cursor(5, wl_surface#26, 7, 5)
[07:20:08.350924] {Default Queue}  -> wl_surface#26.attach(wl_buffer#43, 0, 0)
[07:20:08.350928] {Default Queue}  -> wl_surface#26.set_buffer_scale(2)
[07:20:08.350931] {Default Queue}  -> wl_surface#26.damage(0, 0, 24, 20)
[07:20:08.350934] {Default Queue}  -> wl_surface#26.commit()
[07:20:08.351460] discarded [unknown]#36.[event 0](0 fd, 8 byte)
[07:20:08.351469] {Display Queue} wl_display#1.delete_id(36)
[07:20:08.351474] {Display Queue} wl_display#1.delete_id(37)
[07:20:08.351477] {Default Queue} wl_buffer#43.release()
[07:20:08.877540] {Default Queue}  -> wl_shm#7.create_pool(new id wl_shm_pool#37, fd 12, 7680)
[07:20:08.877558] {Default Queue}  -> wl_shm_pool#37.create_buffer(new id wl_buffer#36, 0, 48, 40, 192, 0)
[07:20:08.877599] {Default Queue}  -> wl_buffer#43.destroy()
[07:20:08.877604] {Default Queue}  -> wl_shm_pool#42.destroy()
[07:20:08.877743] {Default Queue}  -> wl_pointer#21.set_cursor(5, wl_surface#26, 7, 5)
[07:20:08.877748] {Default Queue}  -> wl_surface#26.attach(wl_buffer#36, 0, 0)
[07:20:08.877752] {Default Queue}  -> wl_surface#26.set_buffer_scale(2)
[07:20:08.877755] {Default Queue}  -> wl_surface#26.damage(0, 0, 24, 20)
[07:20:08.877758] {Default Queue}  -> wl_surface#26.commit()
[07:20:08.878540] discarded [unknown]#43.[event 0](0 fd, 8 byte)
[07:20:08.878558] {Display Queue} wl_display#1.delete_id(43)
[07:20:08.878564] {Display Queue} wl_display#1.delete_id(42)
[07:20:08.878568] {Default Queue} wl_buffer#36.release()
[07:20:09.073215] {Default Queue} xdg_wm_base#28.ping(1337)
[07:20:09.073257] {Default Queue}  -> xdg_wm_base#28.pong(1337)
[07:20:09.254093] {Default Queue}  -> wl_shm#7.create_pool(new id wl_shm_pool#42, fd 12, 7680)
[07:20:09.254121] {Default Queue}  -> wl_shm_pool#42.create_buffer(new id wl_buffer#43, 0, 48, 40, 192, 0)
[07:20:09.254189] {Default Queue}  -> wl_buffer#36.destroy()
[07:20:09.254196] {Default Queue}  -> wl_shm_pool#37.destroy()
[07:20:09.254212] {Default Queue}  -> wl_pointer#21.set_cursor(5, wl_surface#26, 7, 5)
[07:20:09.254219] {Default Queue}  -> wl_surface#26.attach(wl_buffer#43, 0, 0)
[07:20:09.254223] {Default Queue}  -> wl_surface#26.set_buffer_scale(2)
[07:20:09.254227] {Default Queue}  -> wl_surface#26.damage(0, 0, 24, 20)
[07:20:09.254232] {Default Queue}  -> wl_surface#26.commit()
[07:20:09.254884] discarded [unknown]#36.[event 0](0 fd, 8 byte)
[07:20:09.254910] {Display Queue} wl_display#1.delete_id(36)
[07:20:09.254919] {Display Queue} wl_display#1.delete_id(37)
[07:20:09.254923] {Default Queue} wl_buffer#43.release()
[07:20:09.433478] {Default Queue} wl_pointer#21.motion(66514075, 141.00000000, 101.50000000)
[07:20:09.433505] {Default Queue} wl_pointer#21.frame()
[07:20:09.830830] {Default Queue} wl_output#19.scale(1)
[07:20:09.830852] {Default Queue} wl_output#19.mode(1, 800, 600, 60000)
[07:20:09.830858] {Default Queue} wl_output#19.geometry(0, 0, 0, 0, 1, "", "", 0)
[07:20:09.830865] {Default Queue} wl_output#19.done()
[07:20:09.830884] {Default Queue}  -> wl_pointer#21.set_cursor(5, wl_surface#26, 7, 5)
[07:20:09.830889] {Default Queue}  -> wl_surface#26.attach(wl_buffer#43, 0, 0)
[07:20:09.830892] {Default Queue}  -> wl_surface#26.set_buffer_scale(2)
[07:20:09.830895] {Default Queue}  -> wl_surface#26.damage(0, 0, 24, 20)
[07:20:09.830898] {Default Queue}  -> wl_surface#26.commit()
[07:20:09.830906] {Default Queue}  -> wl_buffer#41.destroy()
[07:20:09.830909] {Default Queue}  -> wl_shm_pool#40.destroy()
[07:20:09.831124] {Default Queue}  -> wl_surface#32.set_buffer_scale(1)
[07:20:09.831143] {Default Queue} zxdg_output_v1#20.logical_position(0, 0)
[07:20:09.831148] {Default Queue} zxdg_output_v1#20.logical_size(800, 600)
[07:20:09.831151] {Default Queue} wl_pointer#21.motion(66514471, 303.00000000, 224.00000000)
[07:20:09.831157] {Default Queue} wl_pointer#21.frame()
[07:20:09.831168] {Default Queue} zxdg_output_v1#20.logical_position(0, 0)
[07:20:09.831171] {Default Queue} zxdg_output_v1#20.logical_size(800, 600)
[07:20:09.831173] {Default Queue} zxdg_output_v1#20.logical_position(0, 0)
[07:20:09.831176] {Default Queue} zxdg_output_v1#20.logical_size(800, 600)
[07:20:09.831179] {Default Queue} wl_output#19.done()
[07:20:09.831187] {Default Queue} xdg_toplevel#34.configure(758, 558, array[24])
[07:20:09.831191] {Default Queue} xdg_surface#33.configure(28)
[07:20:09.831195] {Default Queue}  -> wl_surface#32.set_buffer_scale(1)
[07:20:09.831200] {Default Queue}  -> xdg_surface#33.ack_configure(28)
[07:20:09.831975] {Default Queue}  -> wl_shm#7.create_pool(new id wl_shm_pool#37, fd 12, 1691856)
[07:20:09.831987] {Default Queue}  -> wl_shm_pool#37.create_buffer(new id wl_buffer#36, 0, 758, 558, 3032, 0)
[07:20:09.832743] {Default Queue}  -> wl_surface#32.attach(wl_buffer#36, 0, 0)
[07:20:09.832755] {Default Queue}  -> wl_surface#32.set_buffer_scale(1)
[07:20:09.832759] {Default Queue}  -> wl_surface#32.damage(0, 0, 758, 558)
[07:20:09.832763] {Default Queue}  -> xdg_toplevel#34.set_min_size(192, 38)
[07:20:09.832766] {Default Queue}  -> xdg_toplevel#34.set_max_size(0, 0)
[07:20:09.832769] {Default Queue}  -> xdg_surface#33.set_window_geometry(0, 0, 758, 558)
[07:20:09.832773] {Default Queue}  -> wl_compositor#5.create_region(new id wl_region#39)
[07:20:09.832776] {Default Queue}  -> wl_region#39.add(0, 0, 758, 558)
[07:20:09.832779] {Default Queue}  -> wl_surface#32.set_opaque_region(wl_region#39)
[07:20:09.832782] {Default Queue}  -> wl_region#39.destroy()
[07:20:09.832791] {Default Queue}  -> wl_surface#32.frame(new id wl_callback#38)
[07:20:09.832794] {Default Queue}  -> wl_surface#32.commit()
[07:20:09.832816] discarded [unknown]#41.[event 0](0 fd, 8 byte)
[07:20:09.832828] {Display Queue} wl_display#1.delete_id(41)
[07:20:09.832839] {Display Queue} wl_display#1.delete_id(40)
[07:20:09.832842] {Default Queue} wl_buffer#43.release()
[07:20:09.834153] {Display Queue} wl_display#1.delete_id(39)
[07:20:09.834161] {Default Queue} wl_buffer#36.release()
[07:20:09.845816] {Display Queue} wl_display#1.delete_id(38)
[07:20:09.845834] {Default Queue} wl_callback#38.done(66514487)
[07:20:10.247341] {Default Queue} wl_pointer#21.button(29, 66514889, 272, 1)
[07:20:10.247371] {Default Queue} wl_pointer#21.frame()
[07:20:10.247855] {Default Queue} wl_pointer#21.button(30, 66514889, 272, 0)
[07:20:10.247867] {Default Queue} wl_pointer#21.frame()
[07:20:10.273116] {Default Queue} wl_pointer#21.motion(66514915, 253.00000000, 186.00000000)
[07:20:10.273144] {Default Queue} wl_pointer#21.frame()
[07:20:10.273476] {Default Queue} wl_pointer#21.button(31, 66514915, 272, 1)
[07:20:10.273482] {Default Queue} wl_pointer#21.frame()
[07:20:10.273489] {Default Queue} wl_pointer#21.button(32, 66514915, 272, 0)
[07:20:10.273493] {Default Queue} wl_pointer#21.frame()
[07:20:10.432505] {Default Queue}  -> wl_shm#7.create_pool(new id wl_shm_pool#38, fd 12, 1920)
[07:20:10.432524] {Default Queue}  -> wl_shm_pool#38.create_buffer(new id wl_buffer#39, 0, 24, 20, 96, 0)
[07:20:10.432570] {Default Queue}  -> wl_buffer#43.destroy()
[07:20:10.432573] {Default Queue}  -> wl_shm_pool#42.destroy()
[07:20:10.432759] {Default Queue}  -> wl_pointer#21.set_cursor(5, wl_surface#26, 7, 5)
[07:20:10.432762] {Default Queue}  -> wl_surface#26.attach(wl_buffer#39, 0, 0)
[07:20:10.432764] {Default Queue}  -> wl_surface#26.set_buffer_scale(1)
[07:20:10.432767] {Default Queue}  -> wl_surface#26.damage(0, 0, 24, 20)
[07:20:10.432769] {Default Queue}  -> wl_surface#26.commit()
[07:20:10.433571] discarded [unknown]#43.[event 0](0 fd, 8 byte)
[07:20:10.433589] {Display Queue} wl_display#1.delete_id(43)
[07:20:10.433595] {Display Queue} wl_display#1.delete_id(42)
[07:20:10.433597] {Default Queue} wl_buffer#39.release()
[07:20:10.573411] {Default Queue} xdg_wm_base#28.ping(1337)
[07:20:10.573443] {Default Queue}  -> xdg_wm_base#28.pong(1337)
[07:20:10.934538] {Default Queue}  -> wl_shm#7.create_pool(new id wl_shm_pool#42, fd 12, 1920)
[07:20:10.934559] {Default Queue}  -> wl_shm_pool#42.create_buffer(new id wl_buffer#43, 0, 24, 20, 96, 0)
[07:20:10.934603] {Default Queue}  -> wl_buffer#39.destroy()
[07:20:10.934607] {Default Queue}  -> wl_shm_pool#38.destroy()
[07:20:10.934623] {Default Queue}  -> wl_pointer#21.set_cursor(5, wl_surface#26, 7, 5)
[07:20:10.934627] {Default Queue}  -> wl_surface#26.attach(wl_buffer#43, 0, 0)
[07:20:10.934631] {Default Queue}  -> wl_surface#26.set_buffer_scale(1)
[07:20:10.934634] {Default Queue}  -> wl_surface#26.damage(0, 0, 24, 20)
[07:20:10.934637] {Default Queue}  -> wl_surface#26.commit()
[07:20:10.935090] discarded [unknown]#39.[event 0](0 fd, 8 byte)
[07:20:10.935099] {Display Queue} wl_display#1.delete_id(39)
[07:20:10.935103] {Display Queue} wl_display#1.delete_id(38)
[07:20:10.935106] {Default Queue} wl_buffer#43.release()
[07:20:11.260497] {Default Queue}  -> wl_shm#7.create_pool(new id wl_shm_pool#38, fd 12, 1920)
[07:20:11.260523] {Default Queue}  -> wl_shm_pool#38.create_buffer(new id wl_buffer#39, 0, 24, 20, 96, 0)
[07:20:11.260578] {Default Queue}  -> wl_buffer#43.destroy()
[07:20:11.260583] {Default Queue}  -> wl_shm_pool#42.destroy()
[07:20:11.260594] {Default Queue}  -> wl_pointer#21.set_cursor(5, wl_surface#26, 7, 5)
[07:20:11.260599] {Default Queue}  -> wl_surface#26.attach(wl_buffer#39, 0, 0)
[07:20:11.260602] {Default Queue}  -> wl_surface#26.set_buffer_scale(1)
[07:20:11.260604] {Default Queue}  -> wl_surface#26.damage(0, 0, 24, 20)
[07:20:11.260607] {Default Queue}  -> wl_surface#26.commit()
[07:20:11.261046] discarded [unknown]#43.[event 0](0 fd, 8 byte)
[07:20:11.261054] {Display Queue} wl_display#1.delete_id(43)
[07:20:11.261059] {Display Queue} wl_display#1.delete_id(42)
[07:20:11.261061] {Default Queue} wl_buffer#39.release()
[07:20:11.437116] {Default Queue} wl_pointer#21.motion(66516079, 296.00000000, 217.00000000)
[07:20:11.437145] {Default Queue} wl_pointer#21.frame()
[07:20:11.787412] {Default Queue}  -> xdg_toplevel#34.destroy()
[07:20:11.787421] {Default Queue}  -> xdg_surface#33.destroy()
[07:20:11.787424] {Default Queue}  -> org_kde_kwin_server_decoration#35.release()
[07:20:11.787427] {Default Queue}  -> wl_surface#32.destroy()
[07:20:11.787433] {Default Queue}  -> wl_buffer#36.destroy()
[07:20:11.787435] {Default Queue}  -> wl_shm_pool#37.destroy()
