[03:29:23.087826] {Default Queue}  -> wl_display#1.get_registry(new id wl_registry#2)
[03:29:23.087857] {Default Queue}  -> wl_display#1.sync(new id wl_callback#3)
[03:29:23.088056] {Display Queue} wl_display#1.delete_id(3)
[03:29:23.088060] {Default Queue} wl_registry#2.global(1, "wl_seat", 9)
[03:29:23.088063] {Default Queue} wl_registry#2.global(2, "wl_data_device_manager", 3)
[03:29:23.088066] {Default Queue}  -> wl_registry#2.bind(2, "wl_data_device_manager", 3, new id [unknown]#4)
[03:29:23.088070] {Default Queue} wl_registry#2.global(3, "wl_compositor", 6)
[03:29:23.088072] {Default Queue}  -> wl_registry#2.bind(3, "wl_compositor", 3, new id [unknown]#5)
[03:29:23.088075] {Default Queue} wl_registry#2.global(4, "wl_subcompositor", 1)
[03:29:23.088077] {Default Queue}  -> wl_registry#2.bind(4, "wl_subcompositor", 1, new id [unknown]#6)
[03:29:23.088079] {Default Queue} wl_registry#2.global(5, "wl_shm", 2)
[03:29:23.088081] {Default Queue}  -> wl_registry#2.bind(5, "wl_shm", 1, new id [unknown]#7)
[03:29:23.088083] {Default Queue} wl_registry#2.global(6, "wp_viewporter", 1)
[03:29:23.088086] {Default Queue} wl_registry#2.global(7, "wp_tearing_control_manager_v1", 1)
[03:29:23.088088] {Default Queue} wl_registry#2.global(8, "wp_fractional_scale_manager_v1", 1)
[03:29:23.088091] {Default Queue} wl_registry#2.global(9, "zxdg_output_manager_v1", 3)
[03:29:23.088093] {Default Queue}  -> wl_registry#2.bind(9, "zxdg_output_manager_v1", 3, new id [unknown]#8)
[03:29:23.088095] {Default Queue}  -> wl_display#1.sync(new id wl_callback#9)
[03:29:23.088097] {Default Queue} wl_registry#2.global(10, "wp_cursor_shape_manager_v1", 2)
[03:29:23.088099] {Default Queue}  -> wl_registry#2.bind(10, "wp_cursor_shape_manager_v1", 1, new id [unknown]#10)
[03:29:23.088102] {Default Queue} wl_registry#2.global(11, "zwp_idle_inhibit_manager_v1", 1)
[03:29:23.088104] {Default Queue} wl_registry#2.global(12, "zwp_relative_pointer_manager_v1", 1)
[03:29:23.088106] {Default Queue} wl_registry#2.global(13, "zxdg_decoration_manager_v1", 2)
[03:29:23.088109] {Default Queue} wl_registry#2.global(14, "wp_alpha_modifier_v1", 1)
[03:29:23.088111] {Default Queue} wl_registry#2.global(15, "zwlr_gamma_control_manager_v1", 1)
[03:29:23.088113] {Default Queue} wl_registry#2.global(16, "ext_foreign_toplevel_list_v1", 1)
[03:29:23.088117] {Default Queue} wl_registry#2.global(17, "zwp_pointer_gestures_v1", 3)
[03:29:23.088120] {Default Queue}  -> wl_registry#2.bind(17, "zwp_pointer_gestures_v1", 1, new id [unknown]#11)
[03:29:23.088122] {Default Queue} wl_registry#2.global(18, "zwlr_foreign_toplevel_manager_v1", 3)
[03:29:23.088124] {Default Queue} wl_registry#2.global(19, "zwp_keyboard_shortcuts_inhibit_manager_v1", 1)
[03:29:23.088126] {Default Queue}  -> wl_registry#2.bind(19, "zwp_keyboard_shortcuts_inhibit_manager_v1", 1, new id [unknown]#12)
[03:29:23.088129] {Default Queue} wl_registry#2.global(20, "zwp_text_input_manager_v1", 1)
[03:29:23.088131] {Default Queue} wl_registry#2.global(21, "zwp_text_input_manager_v3", 1)
[03:29:23.088134] {Default Queue} wl_registry#2.global(22, "zwp_pointer_constraints_v1", 1)
[03:29:23.088136] {Default Queue} wl_registry#2.global(23, "zwlr_output_power_manager_v1", 1)
[03:29:23.088138] {Default Queue} wl_registry#2.global(24, "xdg_activation_v1", 1)
[03:29:23.088140] {Default Queue}  -> wl_registry#2.bind(24, "xdg_activation_v1", 1, new id [unknown]#13)
[03:29:23.088143] {Default Queue} wl_registry#2.global(25, "ext_idle_notifier_v1", 2)
[03:29:23.088145] {Default Queue} wl_registry#2.global(26, "hyprland_lock_notifier_v1", 1)
[03:29:23.088148] {Default Queue} wl_registry#2.global(27, "ext_session_lock_manager_v1", 1)
[03:29:23.088150] {Default Queue} wl_registry#2.global(28, "zwp_input_method_manager_v2", 1)
[03:29:23.088152] {Default Queue} wl_registry#2.global(29, "zwp_virtual_keyboard_manager_v1", 1)
[03:29:23.088154] {Default Queue} wl_registry#2.global(30, "zwlr_virtual_pointer_manager_v1", 2)
[03:29:23.088156] {Default Queue} wl_registry#2.global(31, "zwlr_output_manager_v1", 4)
[03:29:23.088159] {Default Queue} wl_registry#2.global(32, "org_kde_kwin_server_decoration_manager", 1)
[03:29:23.088165] {Default Queue}  -> wl_registry#2.bind(32, "org_kde_kwin_server_decoration_manager", 1, new id [unknown]#14)
[03:29:23.088170] {Default Queue} wl_registry#2.global(33, "hyprland_focus_grab_manager_v1", 1)
[03:29:23.088172] {Default Queue} wl_registry#2.global(34, "zwp_tablet_manager_v2", 1)
[03:29:23.088174] {Default Queue}  -> wl_registry#2.bind(34, "zwp_tablet_manager_v2", 1, new id [unknown]#15)
[03:29:23.088176] {Default Queue} wl_registry#2.global(35, "zwlr_layer_shell_v1", 5)
[03:29:23.088179] {Default Queue} wl_registry#2.global(36, "wp_presentation", 2)
[03:29:23.088182] {Default Queue} wl_registry#2.global(37, "xdg_wm_base", 7)
[03:29:23.088184] {Default Queue} wl_registry#2.global(38, "zwlr_data_control_manager_v1", 2)
[03:29:23.088186] {Default Queue} wl_registry#2.global(39, "zwp_primary_selection_device_manager_v1", 1)
[03:29:23.088188] {Default Queue}  -> wl_registry#2.bind(39, "zwp_primary_selection_device_manager_v1", 1, new id [unknown]#16)
[03:29:23.088190] {Default Queue} wl_registry#2.global(40, "xwayland_shell_v1", 1)
[03:29:23.088192] {Default Queue} wl_registry#2.global(41, "hyprland_toplevel_mapping_manager_v1", 1)
[03:29:23.088194] {Default Queue} wl_registry#2.global(42, "hyprland_global_shortcuts_manager_v1", 1)
[03:29:23.088196] {Default Queue} wl_registry#2.global(43, "xdg_wm_dialog_v1", 1)
[03:29:23.088199] {Default Queue} wl_registry#2.global(44, "wp_single_pixel_buffer_manager_v1", 1)
[03:29:23.088201] {Default Queue} wl_registry#2.global(45, "wp_security_context_manager_v1", 1)
[03:29:23.088203] {Default Queue} wl_registry#2.global(46, "hyprland_ctm_control_manager_v1", 2)
[03:29:23.088205] {Default Queue} wl_registry#2.global(47, "hyprland_input_capture_manager_v1", 1)
[03:29:23.088207] {Default Queue} wl_registry#2.global(48, "hyprland_surface_manager_v1", 2)
[03:29:23.088210] {Default Queue} wl_registry#2.global(49, "wp_content_type_manager_v1", 1)
[03:29:23.088211] {Default Queue} wl_registry#2.global(50, "xdg_toplevel_tag_manager_v1", 1)
[03:29:23.088214] {Default Queue} wl_registry#2.global(51, "xdg_system_bell_v1", 1)
[03:29:23.088216] {Default Queue} wl_registry#2.global(52, "vicinae_hotkey_manager_v1", 1)
[03:29:23.088218] {Default Queue} wl_registry#2.global(53, "ext_workspace_manager_v1", 1)
[03:29:23.088220] {Default Queue} wl_registry#2.global(54, "ext_data_control_manager_v1", 1)
[03:29:23.088222] {Default Queue} wl_registry#2.global(55, "wp_pointer_warp_v1", 1)
[03:29:23.088224] {Default Queue} wl_registry#2.global(56, "wp_fifo_manager_v1", 1)
[03:29:23.088226] {Default Queue} wl_registry#2.global(57, "zxdg_exporter_v2", 1)
[03:29:23.088228] {Default Queue}  -> wl_registry#2.bind(57, "zxdg_exporter_v2", 1, new id [unknown]#17)
[03:29:23.088231] {Default Queue} wl_registry#2.global(58, "zxdg_importer_v2", 1)
[03:29:23.088234] {Default Queue}  -> wl_registry#2.bind(58, "zxdg_importer_v2", 1, new id [unknown]#18)
[03:29:23.088236] {Default Queue} wl_registry#2.global(59, "ext_background_effect_manager_v1", 1)
[03:29:23.088238] {Default Queue} wl_registry#2.global(60, "wp_commit_timing_manager_v1", 1)
[03:29:23.088240] {Default Queue} wl_registry#2.global(61, "zwlr_screencopy_manager_v1", 3)
[03:29:23.088243] {Default Queue} wl_registry#2.global(62, "hyprland_toplevel_export_manager_v1", 2)
[03:29:23.088245] {Default Queue} wl_registry#2.global(63, "ext_output_image_capture_source_manager_v1", 1)
[03:29:23.088248] {Default Queue} wl_registry#2.global(64, "ext_foreign_toplevel_image_capture_source_manager_v1", 1)
[03:29:23.088250] {Default Queue} wl_registry#2.global(65, "ext_image_copy_capture_manager_v1", 1)
[03:29:23.088252] {Default Queue} wl_registry#2.global(66, "wp_color_manager_v1", 3)
[03:29:23.088255] {Default Queue} wl_registry#2.global(67, "wl_drm", 2)
[03:29:23.088257] {Default Queue} wl_registry#2.global(68, "zwp_linux_dmabuf_v1", 5)
[03:29:23.088259] {Default Queue} wl_registry#2.global(69, "wl_output", 4)
[03:29:23.088261] {Default Queue}  -> wl_registry#2.bind(69, "wl_output", 2, new id [unknown]#19)
[03:29:23.088287] {Default Queue}  -> zxdg_output_manager_v1#8.get_xdg_output(new id zxdg_output_v1#20, wl_output#19)
[03:29:23.088292] {Default Queue}  -> wl_display#1.sync(new id wl_callback#21)
[03:29:23.088294] {Default Queue} wl_callback#3.done(11)
[03:29:23.088318] {Default Queue}  -> wl_shm#7.create_pool(new id wl_shm_pool#3, fd 10, 2304)
[03:29:23.088379] {Default Queue}  -> wl_shm_pool#3.resize(6912)
[03:29:23.088415] {Default Queue}  -> wl_shm_pool#3.resize(16128)
[03:29:23.088474] {Default Queue}  -> wl_shm_pool#3.resize(34560)
[03:29:23.088583] {Default Queue}  -> wl_shm_pool#3.resize(71424)
[03:29:23.088786] {Default Queue}  -> wl_shm_pool#3.resize(145152)
[03:29:23.089523] {Default Queue}  -> wl_shm_pool#3.resize(292608)
[03:29:23.090315] {Default Queue}  -> wl_shm_pool#3.resize(587520)
[03:29:23.093445] {Default Queue}  -> wl_registry#2.bind(1, "wl_seat", 5, new id [unknown]#22)
[03:29:23.094700] {Default Queue}  -> wl_compositor#5.create_surface(new id wl_surface#23)
[03:29:23.094711] {Default Queue}  -> zwp_primary_selection_device_manager_v1#16.get_device(new id zwp_primary_selection_device_v1#24, wl_seat#22)
[03:29:23.094716] {Default Queue}  -> wl_data_device_manager#4.get_data_device(new id wl_data_device#25, wl_seat#22)
[03:29:23.094750] {Default Queue}  -> wl_compositor#5.create_surface(new id wl_surface#26)
[03:29:23.094753] {Default Queue}  -> zwp_tablet_manager_v2#15.get_tablet_seat(new id zwp_tablet_seat_v2#27, wl_seat#22)
[03:29:23.094757] {Default Queue}  -> wl_display#1.sync(new id wl_callback#28)
[03:29:23.094887] {Display Queue} wl_display#1.delete_id(9)
[03:29:23.094891] {Display Queue} wl_display#1.delete_id(21)
[03:29:23.094893] {Display Queue} wl_display#1.delete_id(28)
[03:29:23.094895] {Default Queue} wl_shm#7.format(0)
[03:29:23.094897] {Default Queue} wl_shm#7.format(1)
[03:29:23.094898] {Default Queue} wl_shm#7.format(875709016)
[03:29:23.094900] {Default Queue} wl_shm#7.format(875708993)
[03:29:23.094902] {Default Queue} wl_shm#7.format(808669784)
[03:29:23.094903] {Default Queue} wl_shm#7.format(808669761)
[03:29:23.094905] {Default Queue} wl_shm#7.format(808665688)
[03:29:23.094907] {Default Queue} wl_shm#7.format(808665665)
[03:29:23.094908] {Default Queue} wl_callback#9.done(11)
[03:29:23.094910] {Default Queue} org_kde_kwin_server_decoration_manager#14.default_mode(2)
[03:29:23.094913] {Default Queue} wl_output#19.scale(1)
[03:29:23.094915] {Default Queue} wl_output#19.mode(1, 800, 600, 60000)
[03:29:23.094918] {Default Queue} wl_output#19.geometry(0, 0, 0, 0, 1, "", "", 0)
[03:29:23.094921] {Default Queue} wl_output#19.done()
[03:29:23.094927] {Default Queue} zxdg_output_v1#20.name("WAYLAND-1")
[03:29:23.094929] {Default Queue} zxdg_output_v1#20.logical_position(0, 0)
[03:29:23.094931] {Default Queue} zxdg_output_v1#20.logical_size(800, 600)
[03:29:23.094933] {Default Queue} wl_output#19.done()
[03:29:23.094935] {Default Queue} wl_callback#21.done(11)
[03:29:23.094937] {Default Queue} wl_seat#22.name("Hyprland")
[03:29:23.094939] {Default Queue} wl_seat#22.capabilities(3)
[03:29:23.094942] {Default Queue}  -> wl_seat#22.get_pointer(new id wl_pointer#21)
[03:29:23.094946] {Default Queue}  -> zwp_pointer_gestures_v1#11.get_swipe_gesture(new id zwp_pointer_gesture_swipe_v1#9, wl_pointer#21)
[03:29:23.094950] {Default Queue}  -> zwp_pointer_gestures_v1#11.get_pinch_gesture(new id zwp_pointer_gesture_pinch_v1#29, wl_pointer#21)
[03:29:23.094953] {Default Queue}  -> wp_cursor_shape_manager_v1#10.get_pointer(new id wp_cursor_shape_device_v1#30, wl_pointer#21)
[03:29:23.094956] {Default Queue}  -> wl_seat#22.get_keyboard(new id wl_keyboard#31)
[03:29:23.094960] {Default Queue} wl_callback#28.done(11)
[03:29:23.094963] {Default Queue}  -> wl_registry#2.bind(37, "xdg_wm_base", 6, new id [unknown]#28)
[03:29:23.108604] {Default Queue}  -> wl_display#1.get_registry(new id wl_registry#32)
[03:29:23.108631] {Default Queue}  -> wl_display#1.sync(new id wl_callback#33)
[03:29:23.108737] {Display Queue} wl_display#1.delete_id(33)
[03:29:23.108741] {Default Queue} wl_keyboard#31.keymap(1, fd 4, 35572)
[03:29:23.109398] {Default Queue} wl_keyboard#31.repeat_info(25, 600)
[03:29:23.109413] {Default Queue} wl_registry#32.global(1, "wl_seat", 9)
[03:29:23.109421] {Default Queue} wl_registry#32.global(2, "wl_data_device_manager", 3)
[03:29:23.109424] {Default Queue} wl_registry#32.global(3, "wl_compositor", 6)
[03:29:23.109426] {Default Queue} wl_registry#32.global(4, "wl_subcompositor", 1)
[03:29:23.109428] {Default Queue} wl_registry#32.global(5, "wl_shm", 2)
[03:29:23.109430] {Default Queue} wl_registry#32.global(6, "wp_viewporter", 1)
[03:29:23.109432] {Default Queue} wl_registry#32.global(7, "wp_tearing_control_manager_v1", 1)
[03:29:23.109434] {Default Queue} wl_registry#32.global(8, "wp_fractional_scale_manager_v1", 1)
[03:29:23.109436] {Default Queue} wl_registry#32.global(9, "zxdg_output_manager_v1", 3)
[03:29:23.109438] {Default Queue} wl_registry#32.global(10, "wp_cursor_shape_manager_v1", 2)
[03:29:23.109440] {Default Queue} wl_registry#32.global(11, "zwp_idle_inhibit_manager_v1", 1)
[03:29:23.109442] {Default Queue} wl_registry#32.global(12, "zwp_relative_pointer_manager_v1", 1)
[03:29:23.109444] {Default Queue} wl_registry#32.global(13, "zxdg_decoration_manager_v1", 2)
[03:29:23.109446] {Default Queue} wl_registry#32.global(14, "wp_alpha_modifier_v1", 1)
[03:29:23.109448] {Default Queue} wl_registry#32.global(15, "zwlr_gamma_control_manager_v1", 1)
[03:29:23.109449] {Default Queue} wl_registry#32.global(16, "ext_foreign_toplevel_list_v1", 1)
[03:29:23.109451] {Default Queue} wl_registry#32.global(17, "zwp_pointer_gestures_v1", 3)
[03:29:23.109453] {Default Queue} wl_registry#32.global(18, "zwlr_foreign_toplevel_manager_v1", 3)
[03:29:23.109455] {Default Queue} wl_registry#32.global(19, "zwp_keyboard_shortcuts_inhibit_manager_v1", 1)
[03:29:23.109457] {Default Queue} wl_registry#32.global(20, "zwp_text_input_manager_v1", 1)
[03:29:23.109459] {Default Queue} wl_registry#32.global(21, "zwp_text_input_manager_v3", 1)
[03:29:23.109461] {Default Queue} wl_registry#32.global(22, "zwp_pointer_constraints_v1", 1)
[03:29:23.109463] {Default Queue} wl_registry#32.global(23, "zwlr_output_power_manager_v1", 1)
[03:29:23.109465] {Default Queue} wl_registry#32.global(24, "xdg_activation_v1", 1)
[03:29:23.109467] {Default Queue} wl_registry#32.global(25, "ext_idle_notifier_v1", 2)
[03:29:23.109469] {Default Queue} wl_registry#32.global(26, "hyprland_lock_notifier_v1", 1)
[03:29:23.109470] {Default Queue} wl_registry#32.global(27, "ext_session_lock_manager_v1", 1)
[03:29:23.109472] {Default Queue} wl_registry#32.global(28, "zwp_input_method_manager_v2", 1)
[03:29:23.109474] {Default Queue} wl_registry#32.global(29, "zwp_virtual_keyboard_manager_v1", 1)
[03:29:23.109476] {Default Queue} wl_registry#32.global(30, "zwlr_virtual_pointer_manager_v1", 2)
[03:29:23.109478] {Default Queue} wl_registry#32.global(31, "zwlr_output_manager_v1", 4)
[03:29:23.109480] {Default Queue} wl_registry#32.global(32, "org_kde_kwin_server_decoration_manager", 1)
[03:29:23.109482] {Default Queue} wl_registry#32.global(33, "hyprland_focus_grab_manager_v1", 1)
[03:29:23.109484] {Default Queue} wl_registry#32.global(34, "zwp_tablet_manager_v2", 1)
[03:29:23.109486] {Default Queue} wl_registry#32.global(35, "zwlr_layer_shell_v1", 5)
[03:29:23.109488] {Default Queue}  -> wl_registry#32.bind(35, "zwlr_layer_shell_v1", 4, new id [unknown]#34)
[03:29:23.109490] {Default Queue} wl_registry#32.global(36, "wp_presentation", 2)
[03:29:23.109492] {Default Queue} wl_registry#32.global(37, "xdg_wm_base", 7)
[03:29:23.109494] {Default Queue}  -> wl_registry#32.bind(37, "xdg_wm_base", 7, new id [unknown]#35)
[03:29:23.109497] {Default Queue} wl_registry#32.global(38, "zwlr_data_control_manager_v1", 2)
[03:29:23.109499] {Default Queue} wl_registry#32.global(39, "zwp_primary_selection_device_manager_v1", 1)
[03:29:23.109500] {Default Queue} wl_registry#32.global(40, "xwayland_shell_v1", 1)
[03:29:23.109502] {Default Queue} wl_registry#32.global(41, "hyprland_toplevel_mapping_manager_v1", 1)
[03:29:23.109504] {Default Queue} wl_registry#32.global(42, "hyprland_global_shortcuts_manager_v1", 1)
[03:29:23.109513] {Default Queue} wl_registry#32.global(43, "xdg_wm_dialog_v1", 1)
[03:29:23.109517] {Default Queue} wl_registry#32.global(44, "wp_single_pixel_buffer_manager_v1", 1)
[03:29:23.109519] {Default Queue} wl_registry#32.global(45, "wp_security_context_manager_v1", 1)
[03:29:23.109521] {Default Queue} wl_registry#32.global(46, "hyprland_ctm_control_manager_v1", 2)
[03:29:23.109523] {Default Queue} wl_registry#32.global(47, "hyprland_input_capture_manager_v1", 1)
[03:29:23.109525] {Default Queue} wl_registry#32.global(48, "hyprland_surface_manager_v1", 2)
[03:29:23.109527] {Default Queue} wl_registry#32.global(49, "wp_content_type_manager_v1", 1)
[03:29:23.109529] {Default Queue} wl_registry#32.global(50, "xdg_toplevel_tag_manager_v1", 1)
[03:29:23.109531] {Default Queue} wl_registry#32.global(51, "xdg_system_bell_v1", 1)
[03:29:23.109533] {Default Queue} wl_registry#32.global(52, "vicinae_hotkey_manager_v1", 1)
[03:29:23.109535] {Default Queue} wl_registry#32.global(53, "ext_workspace_manager_v1", 1)
[03:29:23.109537] {Default Queue} wl_registry#32.global(54, "ext_data_control_manager_v1", 1)
[03:29:23.109539] {Default Queue} wl_registry#32.global(55, "wp_pointer_warp_v1", 1)
[03:29:23.109540] {Default Queue} wl_registry#32.global(56, "wp_fifo_manager_v1", 1)
[03:29:23.109542] {Default Queue} wl_registry#32.global(57, "zxdg_exporter_v2", 1)
[03:29:23.109544] {Default Queue} wl_registry#32.global(58, "zxdg_importer_v2", 1)
[03:29:23.109546] {Default Queue} wl_registry#32.global(59, "ext_background_effect_manager_v1", 1)
[03:29:23.109548] {Default Queue} wl_registry#32.global(60, "wp_commit_timing_manager_v1", 1)
[03:29:23.109550] {Default Queue} wl_registry#32.global(61, "zwlr_screencopy_manager_v1", 3)
[03:29:23.109552] {Default Queue} wl_registry#32.global(62, "hyprland_toplevel_export_manager_v1", 2)
[03:29:23.109553] {Default Queue} wl_registry#32.global(63, "ext_output_image_capture_source_manager_v1", 1)
[03:29:23.109555] {Default Queue} wl_registry#32.global(64, "ext_foreign_toplevel_image_capture_source_manager_v1", 1)
[03:29:23.109557] {Default Queue} wl_registry#32.global(65, "ext_image_copy_capture_manager_v1", 1)
[03:29:23.109559] {Default Queue} wl_registry#32.global(66, "wp_color_manager_v1", 3)
[03:29:23.109561] {Default Queue} wl_registry#32.global(67, "wl_drm", 2)
[03:29:23.109563] {Default Queue} wl_registry#32.global(68, "zwp_linux_dmabuf_v1", 5)
[03:29:23.109565] {Default Queue} wl_registry#32.global(69, "wl_output", 4)
[03:29:23.109567] {Default Queue} wl_callback#33.done(11)
[03:29:23.132209] {Default Queue}  -> wl_compositor#5.create_surface(new id wl_surface#33)
[03:29:23.132500] {mesa egl display queue}  -> wl_display#1.get_registry(new id wl_registry#36)
[03:29:23.132511] {mesa egl display queue}  -> wl_display#1.sync(new id wl_callback#37)
[03:29:23.132919] {Display Queue} wl_display#1.delete_id(37)
[03:29:23.132934] {mesa egl display queue} wl_registry#36.global(1, "wl_seat", 9)
[03:29:23.132939] {mesa egl display queue} wl_registry#36.global(2, "wl_data_device_manager", 3)
[03:29:23.132941] {mesa egl display queue} wl_registry#36.global(3, "wl_compositor", 6)
[03:29:23.132943] {mesa egl display queue} wl_registry#36.global(4, "wl_subcompositor", 1)
[03:29:23.132945] {mesa egl display queue} wl_registry#36.global(5, "wl_shm", 2)
[03:29:23.132947] {mesa egl display queue} wl_registry#36.global(6, "wp_viewporter", 1)
[03:29:23.132949] {mesa egl display queue} wl_registry#36.global(7, "wp_tearing_control_manager_v1", 1)
[03:29:23.132951] {mesa egl display queue} wl_registry#36.global(8, "wp_fractional_scale_manager_v1", 1)
[03:29:23.132953] {mesa egl display queue} wl_registry#36.global(9, "zxdg_output_manager_v1", 3)
[03:29:23.132955] {mesa egl display queue} wl_registry#36.global(10, "wp_cursor_shape_manager_v1", 2)
[03:29:23.132957] {mesa egl display queue} wl_registry#36.global(11, "zwp_idle_inhibit_manager_v1", 1)
[03:29:23.132958] {mesa egl display queue} wl_registry#36.global(12, "zwp_relative_pointer_manager_v1", 1)
[03:29:23.132960] {mesa egl display queue} wl_registry#36.global(13, "zxdg_decoration_manager_v1", 2)
[03:29:23.132966] {mesa egl display queue} wl_registry#36.global(14, "wp_alpha_modifier_v1", 1)
[03:29:23.132974] {mesa egl display queue} wl_registry#36.global(15, "zwlr_gamma_control_manager_v1", 1)
[03:29:23.132976] {mesa egl display queue} wl_registry#36.global(16, "ext_foreign_toplevel_list_v1", 1)
[03:29:23.132978] {mesa egl display queue} wl_registry#36.global(17, "zwp_pointer_gestures_v1", 3)
[03:29:23.132979] {mesa egl display queue} wl_registry#36.global(18, "zwlr_foreign_toplevel_manager_v1", 3)
[03:29:23.132981] {mesa egl display queue} wl_registry#36.global(19, "zwp_keyboard_shortcuts_inhibit_manager_v1", 1)
[03:29:23.132983] {mesa egl display queue} wl_registry#36.global(20, "zwp_text_input_manager_v1", 1)
[03:29:23.132985] {mesa egl display queue} wl_registry#36.global(21, "zwp_text_input_manager_v3", 1)
[03:29:23.132987] {mesa egl display queue} wl_registry#36.global(22, "zwp_pointer_constraints_v1", 1)
[03:29:23.132989] {mesa egl display queue} wl_registry#36.global(23, "zwlr_output_power_manager_v1", 1)
[03:29:23.132991] {mesa egl display queue} wl_registry#36.global(24, "xdg_activation_v1", 1)
[03:29:23.132993] {mesa egl display queue} wl_registry#36.global(25, "ext_idle_notifier_v1", 2)
[03:29:23.132995] {mesa egl display queue} wl_registry#36.global(26, "hyprland_lock_notifier_v1", 1)
[03:29:23.132997] {mesa egl display queue} wl_registry#36.global(27, "ext_session_lock_manager_v1", 1)
[03:29:23.132998] {mesa egl display queue} wl_registry#36.global(28, "zwp_input_method_manager_v2", 1)
[03:29:23.133001] {mesa egl display queue} wl_registry#36.global(29, "zwp_virtual_keyboard_manager_v1", 1)
[03:29:23.133002] {mesa egl display queue} wl_registry#36.global(30, "zwlr_virtual_pointer_manager_v1", 2)
[03:29:23.133004] {mesa egl display queue} wl_registry#36.global(31, "zwlr_output_manager_v1", 4)
[03:29:23.133006] {mesa egl display queue} wl_registry#36.global(32, "org_kde_kwin_server_decoration_manager", 1)
[03:29:23.133008] {mesa egl display queue} wl_registry#36.global(33, "hyprland_focus_grab_manager_v1", 1)
[03:29:23.133010] {mesa egl display queue} wl_registry#36.global(34, "zwp_tablet_manager_v2", 1)
[03:29:23.133012] {mesa egl display queue} wl_registry#36.global(35, "zwlr_layer_shell_v1", 5)
[03:29:23.133014] {mesa egl display queue} wl_registry#36.global(36, "wp_presentation", 2)
[03:29:23.133017] {mesa egl display queue}  -> wl_registry#36.bind(36, "wp_presentation", 1, new id [unknown]#38)
[03:29:23.133020] {mesa egl display queue} wl_registry#36.global(37, "xdg_wm_base", 7)
[03:29:23.133022] {mesa egl display queue} wl_registry#36.global(38, "zwlr_data_control_manager_v1", 2)
[03:29:23.133024] {mesa egl display queue} wl_registry#36.global(39, "zwp_primary_selection_device_manager_v1", 1)
[03:29:23.133026] {mesa egl display queue} wl_registry#36.global(40, "xwayland_shell_v1", 1)
[03:29:23.133028] {mesa egl display queue} wl_registry#36.global(41, "hyprland_toplevel_mapping_manager_v1", 1)
[03:29:23.133029] {mesa egl display queue} wl_registry#36.global(42, "hyprland_global_shortcuts_manager_v1", 1)
[03:29:23.133031] {mesa egl display queue} wl_registry#36.global(43, "xdg_wm_dialog_v1", 1)
[03:29:23.133033] {mesa egl display queue} wl_registry#36.global(44, "wp_single_pixel_buffer_manager_v1", 1)
[03:29:23.133035] {mesa egl display queue} wl_registry#36.global(45, "wp_security_context_manager_v1", 1)
[03:29:23.133037] {mesa egl display queue} wl_registry#36.global(46, "hyprland_ctm_control_manager_v1", 2)
[03:29:23.133039] {mesa egl display queue} wl_registry#36.global(47, "hyprland_input_capture_manager_v1", 1)
[03:29:23.133041] {mesa egl display queue} wl_registry#36.global(48, "hyprland_surface_manager_v1", 2)
[03:29:23.133043] {mesa egl display queue} wl_registry#36.global(49, "wp_content_type_manager_v1", 1)
[03:29:23.133044] {mesa egl display queue} wl_registry#36.global(50, "xdg_toplevel_tag_manager_v1", 1)
[03:29:23.133046] {mesa egl display queue} wl_registry#36.global(51, "xdg_system_bell_v1", 1)
[03:29:23.133050] {mesa egl display queue} wl_registry#36.global(52, "vicinae_hotkey_manager_v1", 1)
[03:29:23.133053] {mesa egl display queue} wl_registry#36.global(53, "ext_workspace_manager_v1", 1)
[03:29:23.133055] {mesa egl display queue} wl_registry#36.global(54, "ext_data_control_manager_v1", 1)
[03:29:23.133056] {mesa egl display queue} wl_registry#36.global(55, "wp_pointer_warp_v1", 1)
[03:29:23.133058] {mesa egl display queue} wl_registry#36.global(56, "wp_fifo_manager_v1", 1)
[03:29:23.133060] {mesa egl display queue} wl_registry#36.global(57, "zxdg_exporter_v2", 1)
[03:29:23.133062] {mesa egl display queue} wl_registry#36.global(58, "zxdg_importer_v2", 1)
[03:29:23.133064] {mesa egl display queue} wl_registry#36.global(59, "ext_background_effect_manager_v1", 1)
[03:29:23.133065] {mesa egl display queue} wl_registry#36.global(60, "wp_commit_timing_manager_v1", 1)
[03:29:23.133067] {mesa egl display queue} wl_registry#36.global(61, "zwlr_screencopy_manager_v1", 3)
[03:29:23.133068] {mesa egl display queue} wl_registry#36.global(62, "hyprland_toplevel_export_manager_v1", 2)
[03:29:23.133070] {mesa egl display queue} wl_registry#36.global(63, "ext_output_image_capture_source_manager_v1", 1)
[03:29:23.133072] {mesa egl display queue} wl_registry#36.global(64, "ext_foreign_toplevel_image_capture_source_manager_v1", 1)
[03:29:23.133073] {mesa egl display queue} wl_registry#36.global(65, "ext_image_copy_capture_manager_v1", 1)
[03:29:23.133075] {mesa egl display queue} wl_registry#36.global(66, "wp_color_manager_v1", 3)
[03:29:23.133077] {mesa egl display queue} wl_registry#36.global(67, "wl_drm", 2)
[03:29:23.133078] {mesa egl display queue} wl_registry#36.global(68, "zwp_linux_dmabuf_v1", 5)
[03:29:23.133080] {mesa egl display queue}  -> wl_registry#36.bind(68, "zwp_linux_dmabuf_v1", 4, new id [unknown]#39)
[03:29:23.133082] {mesa egl display queue} wl_registry#36.global(69, "wl_output", 4)
[03:29:23.133084] {mesa egl display queue} wl_callback#37.done(11)
[03:29:23.133087] {mesa egl display queue}  -> zwp_linux_dmabuf_v1#39.get_default_feedback(new id zwp_linux_dmabuf_feedback_v1#37)
[03:29:23.133090] {mesa egl display queue}  -> wl_display#1.sync(new id wl_callback#40)
[03:29:23.133248] {Display Queue} wl_display#1.delete_id(40)
[03:29:23.133251] {mesa egl display queue} wp_presentation#38.clock_id(1)
[03:29:23.133253] {mesa egl display queue} zwp_linux_dmabuf_feedback_v1#37.format_table(fd 11, 2960)
[03:29:23.133267] {mesa egl display queue} zwp_linux_dmabuf_feedback_v1#37.main_device(array[8])
[03:29:23.133512] {mesa egl display queue} zwp_linux_dmabuf_feedback_v1#37.tranche_target_device(array[8])
[03:29:23.133515] {mesa egl display queue} zwp_linux_dmabuf_feedback_v1#37.tranche_flags(0)
[03:29:23.133517] {mesa egl display queue} zwp_linux_dmabuf_feedback_v1#37.tranche_formats(array[370])
[03:29:23.133525] {mesa egl display queue} zwp_linux_dmabuf_feedback_v1#37.tranche_done()
[03:29:23.133526] {mesa egl display queue} zwp_linux_dmabuf_feedback_v1#37.done()
[03:29:23.133528] {mesa egl display queue} wl_callback#40.done(11)
[03:29:23.133530] {mesa egl display queue}  -> zwp_linux_dmabuf_feedback_v1#37.destroy()
[03:29:23.144421] {Default Queue}  -> wl_surface#33.destroy()
[03:29:23.144516] {Default Queue}  -> wl_compositor#5.create_surface(new id wl_surface#40)
[03:29:23.147820] {Default Queue}  -> wl_surface#40.destroy()
[03:29:23.149818] {Default Queue}  -> wl_compositor#5.create_surface(new id wl_surface#41)
[03:29:23.150190] {Default Queue}  -> wl_display#1.get_registry(new id wl_registry#42)
[03:29:23.150237] {Default Queue}  -> wl_surface#41.attach(nil, 0, 0)
[03:29:23.150243] {Default Queue}  -> zwlr_layer_shell_v1#34.get_layer_surface(new id zwlr_layer_surface_v1#43, wl_surface#41, nil, 2, "elm-shell-recovery-v17")
[03:29:23.150248] {Default Queue}  -> zwlr_layer_surface_v1#43.set_keyboard_interactivity(0)
[03:29:23.150250] {Default Queue}  -> zwlr_layer_surface_v1#43.set_exclusive_zone(48)
[03:29:23.150252] {Default Queue}  -> zwlr_layer_surface_v1#43.set_anchor(13)
[03:29:23.150254] {Default Queue}  -> zwlr_layer_surface_v1#43.set_margin(0, 0, 0, 0)
[03:29:23.150260] {Default Queue}  -> zwlr_layer_surface_v1#43.set_size(0, 48)
[03:29:23.150267] {Default Queue}  -> wl_surface#41.commit()
[03:29:23.150269] {Default Queue}  -> wl_display#1.sync(new id wl_callback#44)
[03:29:23.150608] {Display Queue} wl_display#1.delete_id(37)
[03:29:23.150612] {Display Queue} wl_display#1.delete_id(33)
[03:29:23.150614] {Display Queue} wl_display#1.delete_id(40)
[03:29:23.150616] {Display Queue} wl_display#1.delete_id(44)
[03:29:23.150617] {Default Queue} wl_registry#42.global(1, "wl_seat", 9)
[03:29:23.150620] {Default Queue} wl_registry#42.global(2, "wl_data_device_manager", 3)
[03:29:23.150622] {Default Queue} wl_registry#42.global(3, "wl_compositor", 6)
[03:29:23.150623] {Default Queue} wl_registry#42.global(4, "wl_subcompositor", 1)
[03:29:23.150625] {Default Queue} wl_registry#42.global(5, "wl_shm", 2)
[03:29:23.150627] {Default Queue} wl_registry#42.global(6, "wp_viewporter", 1)
[03:29:23.150629] {Default Queue} wl_registry#42.global(7, "wp_tearing_control_manager_v1", 1)
[03:29:23.150631] {Default Queue} wl_registry#42.global(8, "wp_fractional_scale_manager_v1", 1)
[03:29:23.150632] {Default Queue} wl_registry#42.global(9, "zxdg_output_manager_v1", 3)
[03:29:23.150634] {Default Queue} wl_registry#42.global(10, "wp_cursor_shape_manager_v1", 2)
[03:29:23.150636] {Default Queue} wl_registry#42.global(11, "zwp_idle_inhibit_manager_v1", 1)
[03:29:23.150637] {Default Queue} wl_registry#42.global(12, "zwp_relative_pointer_manager_v1", 1)
[03:29:23.150639] {Default Queue} wl_registry#42.global(13, "zxdg_decoration_manager_v1", 2)
[03:29:23.150640] {Default Queue} wl_registry#42.global(14, "wp_alpha_modifier_v1", 1)
[03:29:23.150642] {Default Queue} wl_registry#42.global(15, "zwlr_gamma_control_manager_v1", 1)
[03:29:23.150644] {Default Queue} wl_registry#42.global(16, "ext_foreign_toplevel_list_v1", 1)
[03:29:23.150645] {Default Queue} wl_registry#42.global(17, "zwp_pointer_gestures_v1", 3)
[03:29:23.150647] {Default Queue} wl_registry#42.global(18, "zwlr_foreign_toplevel_manager_v1", 3)
[03:29:23.150649] {Default Queue} wl_registry#42.global(19, "zwp_keyboard_shortcuts_inhibit_manager_v1", 1)
[03:29:23.150650] {Default Queue} wl_registry#42.global(20, "zwp_text_input_manager_v1", 1)
[03:29:23.150652] {Default Queue} wl_registry#42.global(21, "zwp_text_input_manager_v3", 1)
[03:29:23.150654] {Default Queue}  -> wl_registry#42.bind(21, "zwp_text_input_manager_v3", 1, new id [unknown]#40)
[03:29:23.150657] {Default Queue}  -> zwp_text_input_manager_v3#40.get_text_input(new id zwp_text_input_v3#33, wl_seat#22)
[03:29:23.150659] {Default Queue} wl_registry#42.global(22, "zwp_pointer_constraints_v1", 1)
[03:29:23.150660] {Default Queue} wl_registry#42.global(23, "zwlr_output_power_manager_v1", 1)
[03:29:23.150662] {Default Queue} wl_registry#42.global(24, "xdg_activation_v1", 1)
[03:29:23.150664] {Default Queue} wl_registry#42.global(25, "ext_idle_notifier_v1", 2)
[03:29:23.150666] {Default Queue} wl_registry#42.global(26, "hyprland_lock_notifier_v1", 1)
[03:29:23.150667] {Default Queue} wl_registry#42.global(27, "ext_session_lock_manager_v1", 1)
[03:29:23.150669] {Default Queue} wl_registry#42.global(28, "zwp_input_method_manager_v2", 1)
[03:29:23.150671] {Default Queue} wl_registry#42.global(29, "zwp_virtual_keyboard_manager_v1", 1)
[03:29:23.150673] {Default Queue} wl_registry#42.global(30, "zwlr_virtual_pointer_manager_v1", 2)
[03:29:23.150674] {Default Queue} wl_registry#42.global(31, "zwlr_output_manager_v1", 4)
[03:29:23.150676] {Default Queue} wl_registry#42.global(32, "org_kde_kwin_server_decoration_manager", 1)
[03:29:23.150678] {Default Queue} wl_registry#42.global(33, "hyprland_focus_grab_manager_v1", 1)
[03:29:23.150679] {Default Queue} wl_registry#42.global(34, "zwp_tablet_manager_v2", 1)
[03:29:23.150681] {Default Queue} wl_registry#42.global(35, "zwlr_layer_shell_v1", 5)
[03:29:23.150683] {Default Queue} wl_registry#42.global(36, "wp_presentation", 2)
[03:29:23.150685] {Default Queue} wl_registry#42.global(37, "xdg_wm_base", 7)
[03:29:23.150688] {Default Queue} wl_registry#42.global(38, "zwlr_data_control_manager_v1", 2)
[03:29:23.150691] {Default Queue} wl_registry#42.global(39, "zwp_primary_selection_device_manager_v1", 1)
[03:29:23.150693] {Default Queue} wl_registry#42.global(40, "xwayland_shell_v1", 1)
[03:29:23.150694] {Default Queue} wl_registry#42.global(41, "hyprland_toplevel_mapping_manager_v1", 1)
[03:29:23.150696] {Default Queue} wl_registry#42.global(42, "hyprland_global_shortcuts_manager_v1", 1)
[03:29:23.150698] {Default Queue} wl_registry#42.global(43, "xdg_wm_dialog_v1", 1)
[03:29:23.150699] {Default Queue} wl_registry#42.global(44, "wp_single_pixel_buffer_manager_v1", 1)
[03:29:23.150701] {Default Queue} wl_registry#42.global(45, "wp_security_context_manager_v1", 1)
[03:29:23.150703] {Default Queue} wl_registry#42.global(46, "hyprland_ctm_control_manager_v1", 2)
[03:29:23.150704] {Default Queue} wl_registry#42.global(47, "hyprland_input_capture_manager_v1", 1)
[03:29:23.150706] {Default Queue} wl_registry#42.global(48, "hyprland_surface_manager_v1", 2)
[03:29:23.150708] {Default Queue} wl_registry#42.global(49, "wp_content_type_manager_v1", 1)
[03:29:23.150709] {Default Queue} wl_registry#42.global(50, "xdg_toplevel_tag_manager_v1", 1)
[03:29:23.150711] {Default Queue} wl_registry#42.global(51, "xdg_system_bell_v1", 1)
[03:29:23.150713] {Default Queue} wl_registry#42.global(52, "vicinae_hotkey_manager_v1", 1)
[03:29:23.150714] {Default Queue} wl_registry#42.global(53, "ext_workspace_manager_v1", 1)
[03:29:23.150716] {Default Queue} wl_registry#42.global(54, "ext_data_control_manager_v1", 1)
[03:29:23.150717] {Default Queue} wl_registry#42.global(55, "wp_pointer_warp_v1", 1)
[03:29:23.150719] {Default Queue} wl_registry#42.global(56, "wp_fifo_manager_v1", 1)
[03:29:23.150721] {Default Queue} wl_registry#42.global(57, "zxdg_exporter_v2", 1)
[03:29:23.150722] {Default Queue} wl_registry#42.global(58, "zxdg_importer_v2", 1)
[03:29:23.150724] {Default Queue} wl_registry#42.global(59, "ext_background_effect_manager_v1", 1)
[03:29:23.150726] {Default Queue} wl_registry#42.global(60, "wp_commit_timing_manager_v1", 1)
[03:29:23.150727] {Default Queue} wl_registry#42.global(61, "zwlr_screencopy_manager_v1", 3)
[03:29:23.150729] {Default Queue} wl_registry#42.global(62, "hyprland_toplevel_export_manager_v1", 2)
[03:29:23.150731] {Default Queue} wl_registry#42.global(63, "ext_output_image_capture_source_manager_v1", 1)
[03:29:23.150733] {Default Queue} wl_registry#42.global(64, "ext_foreign_toplevel_image_capture_source_manager_v1", 1)
[03:29:23.150734] {Default Queue} wl_registry#42.global(65, "ext_image_copy_capture_manager_v1", 1)
[03:29:23.150736] {Default Queue} wl_registry#42.global(66, "wp_color_manager_v1", 3)
[03:29:23.150738] {Default Queue} wl_registry#42.global(67, "wl_drm", 2)
[03:29:23.150740] {Default Queue} wl_registry#42.global(68, "zwp_linux_dmabuf_v1", 5)
[03:29:23.150742] {Default Queue} wl_registry#42.global(69, "wl_output", 4)
[03:29:23.150744] {Default Queue} zwlr_layer_surface_v1#43.configure(12, 800, 48)
[03:29:23.150746] {Default Queue}  -> zwlr_layer_surface_v1#43.ack_configure(12)
[03:29:23.150748] {Default Queue} wl_callback#44.done(14)
surface-policy: bar-exclusive=48 bar-keyboard=none popup-modal=1 single-controller=1
[03:29:23.160834] {Default Queue}  -> wl_surface#41.commit()
host-start: layer=1 sandbox=1 acceleration-policy=always experimental-effects=1
[03:29:23.169151] {Default Queue} zwlr_layer_surface_v1#43.configure(15, 800, 48)
[03:29:23.169165] {Default Queue}  -> zwlr_layer_surface_v1#43.ack_configure(15)
[03:29:23.172907] {Default Queue}  -> wl_surface#41.set_buffer_scale(1)
[03:29:23.173003] {Default Queue}  -> wl_shm#7.create_pool(new id wl_shm_pool#44, fd 26, 153600)
[03:29:23.173013] {Default Queue}  -> wl_shm_pool#44.create_buffer(new id wl_buffer#37, 0, 800, 48, 3200, 0)
[03:29:23.173136] {Default Queue}  -> wl_surface#41.attach(wl_buffer#37, 0, 0)
[03:29:23.173141] {Default Queue}  -> wl_surface#41.set_buffer_scale(1)
[03:29:23.173144] {Default Queue}  -> wl_surface#41.damage(0, 0, 800, 48)
[03:29:23.173152] {Default Queue}  -> wl_compositor#5.create_region(new id wl_region#45)
[03:29:23.173159] {Default Queue}  -> wl_region#45.add(0, 0, 800, 48)
[03:29:23.173162] {Default Queue}  -> wl_surface#41.set_opaque_region(wl_region#45)
[03:29:23.173164] {Default Queue}  -> wl_region#45.destroy()
[03:29:23.173167] {Default Queue}  -> wl_surface#41.set_input_region(nil)
[03:29:23.173172] {Default Queue}  -> wl_surface#41.frame(new id wl_callback#46)
[03:29:23.173175] {Default Queue}  -> wl_surface#41.commit()
[03:29:23.173761] {Display Queue} wl_display#1.delete_id(45)
[03:29:23.173778] {Display Queue} wl_display#1.delete_id(46)
[03:29:23.173782] {Default Queue} wl_callback#46.done(52667815)
[03:29:23.173786] {Default Queue} wl_surface#41.enter(wl_output#19)
[03:29:23.173790] {Default Queue} wl_buffer#37.release()

** (process:2): WARNING **: 21:29:23.258: Failed to get atspi registered event listeners: GDBus.Error:org.freedesktop.DBus.Error.NameHasNoOwner: Could not activate remote peer 'org.a11y.atspi.Registry': unit failed

[03:29:23.266001] {Default Queue}  -> wl_surface#41.set_buffer_scale(1)
[03:29:23.266023] {mesa egl surface queue}  -> zwp_linux_dmabuf_v1#39.get_surface_feedback(new id zwp_linux_dmabuf_feedback_v1#46, wl_surface#41)
[03:29:23.266032] {mesa egl display queue}  -> wl_display#1.sync(new id wl_callback#45)
[03:29:23.266209] {Display Queue} wl_display#1.delete_id(45)
[03:29:23.266212] {mesa egl display queue} wl_callback#45.done(15)
[03:29:23.266220] {mesa egl surface queue} zwp_linux_dmabuf_feedback_v1#46.format_table(fd 38, 2960)
[03:29:23.266227] {mesa egl surface queue} zwp_linux_dmabuf_feedback_v1#46.main_device(array[8])
[03:29:23.266229] {mesa egl surface queue} zwp_linux_dmabuf_feedback_v1#46.tranche_target_device(array[8])
[03:29:23.266231] {mesa egl surface queue} zwp_linux_dmabuf_feedback_v1#46.tranche_flags(0)
[03:29:23.266233] {mesa egl surface queue} zwp_linux_dmabuf_feedback_v1#46.tranche_formats(array[370])
[03:29:23.266237] {mesa egl surface queue} zwp_linux_dmabuf_feedback_v1#46.tranche_done()
[03:29:23.266239] {mesa egl surface queue} zwp_linux_dmabuf_feedback_v1#46.done()

** (process:2): WARNING **: 21:29:23.267: Failed to get atspi registered event listeners: GDBus.Error:org.freedesktop.DBus.Error.NameHasNoOwner: Could not activate remote peer 'org.a11y.atspi.Registry': unit failed

[03:29:23.268451] {Default Queue}  -> wl_surface#41.attach(wl_buffer#37, 0, 0)
[03:29:23.268463] {Default Queue}  -> wl_surface#41.set_buffer_scale(1)
[03:29:23.268467] {Default Queue}  -> wl_surface#41.damage(0, 0, 800, 48)
[03:29:23.268479] {Default Queue}  -> wl_surface#41.frame(new id wl_callback#45)
[03:29:23.268482] {Default Queue}  -> wl_surface#41.commit()
surface-report: origin=bar {"kind":"surface-report","body":{"publication":null,"lease":null,"buttons":[],"focus":"","text":""}}
[03:29:23.271190] {Default Queue} wl_buffer#37.release()
[03:29:23.272035] {Display Queue} wl_display#1.delete_id(45)
[03:29:23.272039] {Default Queue} wl_callback#45.done(52667914)
[03:29:23.280460] {Default Queue}  -> wl_buffer#37.destroy()
[03:29:23.280477] {Default Queue}  -> wl_shm_pool#44.destroy()
[03:29:23.286219] {mesa egl display queue}  -> zwp_linux_dmabuf_v1#39.create_params(new id zwp_linux_buffer_params_v1#45)
[03:29:23.286242] {mesa egl surface queue}  -> zwp_linux_buffer_params_v1#45.add(fd 42, 0, 0, 3584, 16777216, 15)
[03:29:23.286248] {mesa egl surface queue}  -> zwp_linux_buffer_params_v1#45.add(fd 43, 1, 229376, 448, 16777216, 15)
[03:29:23.286252] {mesa egl surface queue}  -> zwp_linux_buffer_params_v1#45.add(fd 44, 2, 233472, 64, 16777216, 15)
[03:29:23.286255] {mesa egl surface queue}  -> zwp_linux_buffer_params_v1#45.create_immed(new id wl_buffer#47, 800, 48, 875713089, 0)
[03:29:23.286258] {mesa egl surface queue}  -> zwp_linux_buffer_params_v1#45.destroy()
[03:29:23.286261] {mesa egl surface queue}  -> wl_surface#41.attach(wl_buffer#47, 0, 0)
[03:29:23.286264] {mesa egl surface queue}  -> wl_surface#41.damage(0, 0, 2147483647, 2147483647)
[03:29:23.286266] {mesa egl surface queue}  -> wl_surface#41.commit()
[03:29:23.286273] {mesa egl surface queue}  -> wl_display#1.sync(new id wl_callback#48)
[03:29:23.286754] discarded [unknown]#37.[event 0](0 fd, 8 byte)
[03:29:23.286773] {Display Queue} wl_display#1.delete_id(37)
[03:29:23.286779] {Display Queue} wl_display#1.delete_id(44)
[03:29:23.286781] {Display Queue} wl_display#1.delete_id(45)
[03:29:23.286783] {Display Queue} wl_display#1.delete_id(48)
backend-frame: {"protocolVersion":3,"kind":"attached","binding":{"lifetime":"18263270106045511416","session":"4788292442584146833","frontend":"1"},"compositor":{"pid":3520351,"instance":"efb50993780079460b0cbed1363e2166a2de1d9f_1791084561_892818150","coreHash":"efb50993780079460b0cbed1363e2166a2de1d9f_aq_0.15_hu_0.14_hg_0.5_hc_0.1_hlg_0.6"},"capabilities":{"observe":true,"effects":true,"minimizedState":true,"effectProtocol":1,"operations":["minimize","restore","activate"],"canonicalScene":false,"taskbarProjectionProtocol":1,"effectInvalidationProtocol":1}}
frontend-request: {"protocolVersion":3,"kind":"projection-request","binding":{"lifetime":"18263270106045511416","session":"4788292442584146833","frontend":"1"},"requestId":"1"}
surface-commit: publication=1 lease=0 open=0
surface-inspection: {"surfaceProtocol":2,"kind":"surface-inspection","publication":"1","lease":"0","body":{"phase":"Awaiting","transaction":"Idle","groups":[],"picker":null,"openerId":"applications:{\"lifetime\":\"18263270106045511416\",\"session\":\"4788292442584146833\",\"frontend\":\"1\"}:1:control:opener","reconnectId":"reconnect"}}
backend-frame: {"protocolVersion":3,"kind":"action-projection","binding":{"lifetime":"18263270106045511416","session":"4788292442584146833","frontend":"1"},"requestId":"1","context":{"lifetime":"18263270106045511416","epoch":"1","output":"1","revision":"1"},"scene":{"revision":"1","focused":"2","windows":[{"incarnation":"2","application":"GTK Application","label":"ELM-AUTHORITY-FIXTURE","minimized":false,"owner":null,"available":true},{"incarnation":"1","application":"GTK Application","label":"ELM-ACTIVATION-PEER","minimized":false,"owner":null,"available":true}]}}
surface-commit: publication=2 lease=0 open=0
surface-inspection: {"surfaceProtocol":2,"kind":"surface-inspection","publication":"2","lease":"0","body":{"phase":"Coherent","transaction":"Idle","groups":[{"key":"application:GTK Application","domId":"group:{\"lifetime\":\"18263270106045511416\",\"session\":\"4788292442584146833\",\"frontend\":\"1\"}:1:1:application:GTK Application","title":"ELM-ACTIVATION-PEER","active":true,"expanded":false}],"picker":null,"openerId":"applications:{\"lifetime\":\"18263270106045511416\",\"session\":\"4788292442584146833\",\"frontend\":\"1\"}:1:control:opener","reconnectId":"reconnect"}}
surface-report: origin=bar {"kind":"surface-report","body":{"publication":"2","lease":"0","buttons":[{"id":"applications:{\"lifetime\":\"18263270106045511416\",\"session\":\"4788292442584146833\",\"frontend\":\"1\"}:1:control:opener","label":"Applications","accessibleName":"Open applications","disabled":false,"x":3,"y":3,"width":112.28125,"height":36},{"id":"group:{\"lifetime\":\"18263270106045511416\",\"session\":\"4788292442584146833\",\"frontend\":\"1\"}:1:1:application:GTK Application","label":"ELM-ACTIVATION-PEER2","accessibleName":"Choose a window from ELM-ACTIVATION-PEER","disabled":false,"x":121.28125,"y":3,"width":215.65625,"height":36}],"focus":"","text":"ApplicationsELM-ACTIVATION-PEER2Connected"}}
[03:29:23.357961] {mesa egl surface queue} wl_callback#48.done(15)
[03:29:23.358243] {mesa egl display queue}  -> zwp_linux_dmabuf_v1#39.create_params(new id zwp_linux_buffer_params_v1#48)
[03:29:23.358258] {mesa egl surface queue}  -> zwp_linux_buffer_params_v1#48.add(fd 42, 0, 0, 3584, 16777216, 15)
[03:29:23.358264] {mesa egl surface queue}  -> zwp_linux_buffer_params_v1#48.add(fd 43, 1, 229376, 448, 16777216, 15)
[03:29:23.358268] {mesa egl surface queue}  -> zwp_linux_buffer_params_v1#48.add(fd 44, 2, 233472, 64, 16777216, 15)
[03:29:23.358270] {mesa egl surface queue}  -> zwp_linux_buffer_params_v1#48.create_immed(new id wl_buffer#45, 800, 48, 875713089, 0)
[03:29:23.358290] {mesa egl surface queue}  -> zwp_linux_buffer_params_v1#48.destroy()
[03:29:23.358293] {mesa egl surface queue}  -> wl_surface#41.attach(wl_buffer#45, 0, 0)
[03:29:23.358296] {mesa egl surface queue}  -> wl_surface#41.damage(0, 0, 2147483647, 2147483647)
[03:29:23.358298] {mesa egl surface queue}  -> wl_surface#41.commit()
[03:29:23.358301] {mesa egl surface queue}  -> wl_display#1.sync(new id wl_callback#44)
[03:29:23.358415] {Display Queue} wl_display#1.delete_id(48)
[03:29:23.358420] {Display Queue} wl_display#1.delete_id(44)
[03:29:23.391141] {Default Queue} wl_pointer#21.enter(16, wl_surface#41, 229.00000000, 21.00000000)
[03:29:23.391166] {Default Queue} wl_pointer#21.frame()
[03:29:23.391216] {Default Queue}  -> wp_cursor_shape_device_v1#30.set_shape(16, 1)
[03:29:23.391221] {Default Queue} wl_pointer#21.motion(52668033, 229.00000000, 21.00000000)
[03:29:23.391224] {Default Queue} wl_pointer#21.frame()
[03:29:23.491446] {Default Queue} wl_pointer#21.button(17, 52668133, 272, 1)
[03:29:23.491482] {Default Queue} wl_pointer#21.frame()
surface-report: origin=bar {"kind":"surface-report","body":{"publication":"2","lease":"0","buttons":[{"id":"applications:{\"lifetime\":\"18263270106045511416\",\"session\":\"4788292442584146833\",\"frontend\":\"1\"}:1:control:opener","label":"Applications","accessibleName":"Open applications","disabled":false,"x":3,"y":3,"width":112.28125,"height":36},{"id":"group:{\"lifetime\":\"18263270106045511416\",\"session\":\"4788292442584146833\",\"frontend\":\"1\"}:1:1:application:GTK Application","label":"ELM-ACTIVATION-PEER2","accessibleName":"Choose a window from ELM-ACTIVATION-PEER","disabled":false,"x":121.28125,"y":3,"width":215.65625,"height":36}],"focus":"group:{\"lifetime\":\"18263270106045511416\",\"session\":\"4788292442584146833\",\"frontend\":\"1\"}:1:1:application:GTK Application","text":"ApplicationsELM-ACTIVATION-PEER2Connected"}}
[03:29:23.541864] {Default Queue} wl_pointer#21.button(18, 52668184, 272, 0)
[03:29:23.541919] {Default Queue} wl_pointer#21.frame()
[03:29:23.544123] {Default Queue}  -> wl_compositor#5.create_surface(new id wl_surface#48)
[03:29:23.544319] {Default Queue}  -> wl_surface#48.attach(nil, 0, 0)
[03:29:23.544327] {Default Queue}  -> xdg_wm_base#35.create_positioner(new id xdg_positioner#37)
[03:29:23.544331] {Default Queue}  -> xdg_positioner#37.set_size(700, 420)
[03:29:23.544334] {Default Queue}  -> xdg_positioner#37.set_anchor_rect(50, 0, 1, 48)
[03:29:23.544337] {Default Queue}  -> xdg_positioner#37.set_offset(0, 0)
[03:29:23.544340] {Default Queue}  -> xdg_positioner#37.set_anchor(6)
[03:29:23.544342] {Default Queue}  -> xdg_positioner#37.set_gravity(8)
[03:29:23.544345] {Default Queue}  -> xdg_positioner#37.set_constraint_adjustment(11)
[03:29:23.544347] {Default Queue}  -> xdg_wm_base#35.get_xdg_surface(new id xdg_surface#49, wl_surface#48)
[03:29:23.544351] {Default Queue}  -> xdg_surface#49.get_popup(new id xdg_popup#50, nil, xdg_positioner#37)
[03:29:23.544354] {Default Queue}  -> zwlr_layer_surface_v1#43.get_popup(xdg_popup#50)
[03:29:23.544356] {Default Queue}  -> xdg_positioner#37.destroy()
[03:29:23.544364] {Default Queue}  -> xdg_popup#50.grab(wl_seat#22, 17)
[03:29:23.544367] {Default Queue}  -> wl_surface#48.commit()
[03:29:23.544371] {Default Queue}  -> wl_display#1.sync(new id wl_callback#51)
[03:29:23.544497] {Display Queue} wl_display#1.delete_id(37)
[03:29:23.544502] {Display Queue} wl_display#1.delete_id(51)
[03:29:23.544505] {Default Queue} xdg_popup#50.configure(50, 48, 700, 420)
surface-configured: lease=1 rectKnown=0 gdkWidth=700 gdkHeight=420
[03:29:23.544523] {Default Queue} wl_keyboard#31.enter(22, wl_surface#48, array[0])
[03:29:23.544529] {Default Queue} wl_keyboard#31.modifiers(23, 0, 0, 0, 0)
[03:29:23.544541] {Default Queue} wl_data_device#25.selection(nil)
[03:29:23.544548] {Default Queue} wl_pointer#21.leave(24, wl_surface#41)
[03:29:23.544553] {Default Queue}  -> wp_cursor_shape_device_v1#30.set_shape(16, 1)
[03:29:23.544557] {Default Queue} wl_pointer#21.enter(25, wl_surface#48, -0.00781250, -0.00781250)
[03:29:23.544570] {Default Queue}  -> wp_cursor_shape_device_v1#30.set_shape(25, 1)
[03:29:23.544581] {Default Queue} wl_pointer#21.frame()
[03:29:23.544585] {Default Queue} wl_callback#51.done(25)
[03:29:23.544587] {Default Queue} xdg_surface#49.configure(19)
[03:29:23.544589] {Default Queue}  -> xdg_surface#49.ack_configure(19)
[03:29:23.544631] {Default Queue}  -> wp_cursor_shape_device_v1#30.set_shape(25, 1)
surface-popup-open: lease=1
surface-commit: publication=3 lease=1 open=1
surface-inspection: {"surfaceProtocol":2,"kind":"surface-inspection","publication":"3","lease":"1","body":{"phase":"Coherent","transaction":"Idle","groups":[{"key":"application:GTK Application","domId":"group:{\"lifetime\":\"18263270106045511416\",\"session\":\"4788292442584146833\",\"frontend\":\"1\"}:1:1:application:GTK Application","title":"ELM-ACTIVATION-PEER","active":true,"expanded":true}],"picker":{"generation":"1","closeId":"picker-close:{\"lifetime\":\"18263270106045511416\",\"session\":\"4788292442584146833\",\"frontend\":\"1\"}:1:1:1","selections":[{"incarnation":"1","title":"ELM-ACTIVATION-PEER","state":"Open","domId":"picker:{\"lifetime\":\"18263270106045511416\",\"session\":\"4788292442584146833\",\"frontend\":\"1\"}:1:1:1:1"},{"incarnation":"2","title":"ELM-AUTHORITY-FIXTURE","state":"Open","domId":"picker:{\"lifetime\":\"18263270106045511416\",\"session\":\"4788292442584146833\",\"frontend\":\"1\"}:1:1:1:2"}]},"openerId":"applications:{\"lifetime\":\"18263270106045511416\",\"session\":\"4788292442584146833\",\"frontend\":\"1\"}:1:control:opener","reconnectId":"reconnect"}}
[03:29:23.544918] {Default Queue}  -> xdg_surface#49.set_window_geometry(0, 0, 700, 420)
[03:29:23.544948] {Default Queue}  -> wl_shm#7.create_pool(new id wl_shm_pool#51, fd 42, 1176000)
[03:29:23.544955] {Default Queue}  -> wl_shm_pool#51.create_buffer(new id wl_buffer#37, 0, 700, 420, 2800, 0)
[03:29:23.545442] {Default Queue}  -> wl_surface#48.attach(wl_buffer#37, 0, 0)
[03:29:23.545449] {Default Queue}  -> wl_surface#48.set_buffer_scale(1)
[03:29:23.545452] {Default Queue}  -> wl_surface#48.damage(0, 0, 700, 420)
[03:29:23.545456] {Default Queue}  -> wl_compositor#5.create_region(new id wl_region#52)
[03:29:23.545459] {Default Queue}  -> wl_region#52.add(0, 0, 700, 420)
[03:29:23.545461] {Default Queue}  -> wl_surface#48.set_opaque_region(wl_region#52)
[03:29:23.545464] {Default Queue}  -> wl_region#52.destroy()
[03:29:23.545466] {Default Queue}  -> wl_surface#48.set_input_region(nil)
[03:29:23.545473] {Default Queue}  -> wl_surface#48.frame(new id wl_callback#53)
[03:29:23.545476] {Default Queue}  -> wl_surface#48.commit()
[03:29:23.546398] {Display Queue} wl_display#1.delete_id(52)
[03:29:23.546407] {Display Queue} wl_display#1.delete_id(53)
[03:29:23.546410] {Default Queue} wl_callback#53.done(52668188)
[03:29:23.546415] {Default Queue} wl_pointer#21.motion(52668188, 179.00000000, -27.00000000)
[03:29:23.546420] {Default Queue} wl_surface#48.enter(wl_output#19)
[03:29:23.546423] {Default Queue} wl_buffer#37.release()
surface-report: origin=bar {"kind":"surface-report","body":{"publication":"3","lease":"1","buttons":[{"id":"applications:{\"lifetime\":\"18263270106045511416\",\"session\":\"4788292442584146833\",\"frontend\":\"1\"}:1:control:opener","label":"Applications","accessibleName":"Open applications","disabled":false,"x":3,"y":3,"width":112.28125,"height":36},{"id":"group:{\"lifetime\":\"18263270106045511416\",\"session\":\"4788292442584146833\",\"frontend\":\"1\"}:1:1:application:GTK Application","label":"ELM-ACTIVATION-PEER2","accessibleName":"Choose a window from ELM-ACTIVATION-PEER","disabled":false,"x":121.28125,"y":3,"width":215.65625,"height":36}],"focus":"group:{\"lifetime\":\"18263270106045511416\",\"session\":\"4788292442584146833\",\"frontend\":\"1\"}:1:1:application:GTK Application","text":"ApplicationsELM-ACTIVATION-PEER2Connected"}}
surface-report: origin=popup {"kind":"surface-report","body":{"publication":null,"lease":null,"buttons":[],"focus":"","text":""}}
[03:29:23.572827] {Default Queue}  -> wl_surface#48.set_buffer_scale(1)
[03:29:23.572879] {mesa egl surface queue}  -> zwp_linux_dmabuf_v1#39.get_surface_feedback(new id zwp_linux_dmabuf_feedback_v1#53, wl_surface#48)
[03:29:23.572902] {mesa egl display queue}  -> wl_display#1.sync(new id wl_callback#52)
[03:29:23.573137] {Display Queue} wl_display#1.delete_id(52)
[03:29:23.573152] {mesa egl display queue} wl_callback#52.done(25)
[03:29:23.573169] {mesa egl surface queue} zwp_linux_dmabuf_feedback_v1#53.format_table(fd 47, 2960)
[03:29:23.573182] {mesa egl surface queue} zwp_linux_dmabuf_feedback_v1#53.main_device(array[8])
[03:29:23.573186] {mesa egl surface queue} zwp_linux_dmabuf_feedback_v1#53.tranche_target_device(array[8])
[03:29:23.573189] {mesa egl surface queue} zwp_linux_dmabuf_feedback_v1#53.tranche_flags(0)
[03:29:23.573193] {mesa egl surface queue} zwp_linux_dmabuf_feedback_v1#53.tranche_formats(array[370])
[03:29:23.573199] {mesa egl surface queue} zwp_linux_dmabuf_feedback_v1#53.tranche_done()
[03:29:23.573205] {mesa egl surface queue} zwp_linux_dmabuf_feedback_v1#53.done()
[03:29:23.577257] {Default Queue}  -> wl_surface#48.attach(wl_buffer#37, 0, 0)
[03:29:23.577277] {Default Queue}  -> wl_surface#48.set_buffer_scale(1)
[03:29:23.577282] {Default Queue}  -> wl_surface#48.damage(0, 0, 700, 420)
[03:29:23.577303] {Default Queue}  -> wl_surface#48.frame(new id wl_callback#52)
[03:29:23.577308] {Default Queue}  -> wl_surface#48.commit()
[03:29:23.577514] {Default Queue} wl_buffer#37.release()
surface-report: origin=popup {"kind":"surface-report","body":{"publication":"3","lease":"1","buttons":[{"id":"picker-close:{\"lifetime\":\"18263270106045511416\",\"session\":\"4788292442584146833\",\"frontend\":\"1\"}:1:1:1","label":"Close","accessibleName":"Close window picker","disabled":false,"x":3,"y":103.875,"width":694,"height":36},{"id":"picker:{\"lifetime\":\"18263270106045511416\",\"session\":\"4788292442584146833\",\"frontend\":\"1\"}:1:1:1:1","label":"Activate ELM-ACTIVATION-PEEROpen","accessibleName":"Activate ELM-ACTIVATION-PEER","disabled":false,"x":3,"y":142.875,"width":694,"height":36},{"id":"picker:{\"lifetime\":\"18263270106045511416\",\"session\":\"4788292442584146833\",\"frontend\":\"1\"}:1:1:1:2","label":"Activate ELM-AUTHORITY-FIXTUREOpen","accessibleName":"Activate ELM-AUTHORITY-FIXTURE","disabled":false,"x":3,"y":181.875,"width":694,"height":36}],"focus":"","text":"Choose a window\n\nConnected\nClose\nActivate ELM-ACTIVATION-PEEROpen\nActivate ELM-AUTHORITY-FIXTUREOpen"}}
surface-presentation-applied: publication=3 lease=1
surface-focus-issued: publication=3 lease=1
[03:29:23.589188] {Display Queue} wl_display#1.delete_id(52)
[03:29:23.589205] {Default Queue} wl_callback#52.done(52668231)
[03:29:23.589245] {Default Queue}  -> wl_buffer#37.destroy()
[03:29:23.589250] {Default Queue}  -> wl_shm_pool#51.destroy()
[03:29:23.591614] {mesa egl display queue}  -> zwp_linux_dmabuf_v1#39.create_params(new id zwp_linux_buffer_params_v1#52)
[03:29:23.591639] {mesa egl surface queue}  -> zwp_linux_buffer_params_v1#52.add(fd 48, 0, 0, 3072, 16777216, 15)
[03:29:23.591647] {mesa egl surface queue}  -> zwp_linux_buffer_params_v1#52.add(fd 49, 1, 1376256, 384, 16777216, 15)
[03:29:23.591653] {mesa egl surface queue}  -> zwp_linux_buffer_params_v1#52.add(fd 50, 2, 1384448, 64, 16777216, 15)
[03:29:23.591657] {mesa egl surface queue}  -> zwp_linux_buffer_params_v1#52.create_immed(new id wl_buffer#54, 700, 420, 875713089, 0)
[03:29:23.591663] {mesa egl surface queue}  -> zwp_linux_buffer_params_v1#52.destroy()
[03:29:23.591667] {mesa egl surface queue}  -> wl_surface#48.attach(wl_buffer#54, 0, 0)
[03:29:23.591672] {mesa egl surface queue}  -> wl_surface#48.damage(0, 0, 2147483647, 2147483647)
[03:29:23.591675] {mesa egl surface queue}  -> wl_surface#48.commit()
[03:29:23.591678] {mesa egl surface queue}  -> wl_display#1.sync(new id wl_callback#55)
[03:29:23.592060] discarded [unknown]#37.[event 0](0 fd, 8 byte)
[03:29:23.592070] {Display Queue} wl_display#1.delete_id(37)
[03:29:23.592075] {Display Queue} wl_display#1.delete_id(51)
[03:29:23.592084] {Display Queue} wl_display#1.delete_id(52)
[03:29:23.592095] {Display Queue} wl_display#1.delete_id(55)
surface-focus-applied: publication=3 lease=1
surface-report: origin=popup {"kind":"surface-report","body":{"publication":"3","lease":"1","buttons":[{"id":"picker-close:{\"lifetime\":\"18263270106045511416\",\"session\":\"4788292442584146833\",\"frontend\":\"1\"}:1:1:1","label":"Close","accessibleName":"Close window picker","disabled":false,"x":3,"y":103.875,"width":694,"height":36},{"id":"picker:{\"lifetime\":\"18263270106045511416\",\"session\":\"4788292442584146833\",\"frontend\":\"1\"}:1:1:1:1","label":"Activate ELM-ACTIVATION-PEEROpen","accessibleName":"Activate ELM-ACTIVATION-PEER","disabled":false,"x":3,"y":142.875,"width":694,"height":36},{"id":"picker:{\"lifetime\":\"18263270106045511416\",\"session\":\"4788292442584146833\",\"frontend\":\"1\"}:1:1:1:2","label":"Activate ELM-AUTHORITY-FIXTUREOpen","accessibleName":"Activate ELM-AUTHORITY-FIXTURE","disabled":false,"x":3,"y":181.875,"width":694,"height":36}],"focus":"picker:{\"lifetime\":\"18263270106045511416\",\"session\":\"4788292442584146833\",\"frontend\":\"1\"}:1:1:1:1","text":"Choose a window\n\nConnected\nClose\nActivate ELM-ACTIVATION-PEEROpen\nActivate ELM-AUTHORITY-FIXTUREOpen"}}
[03:29:23.609527] {mesa egl surface queue} wl_callback#55.done(25)
[03:29:23.610417] {mesa egl display queue}  -> zwp_linux_dmabuf_v1#39.create_params(new id zwp_linux_buffer_params_v1#55)
[03:29:23.610439] {mesa egl surface queue}  -> zwp_linux_buffer_params_v1#55.add(fd 48, 0, 0, 3072, 16777216, 15)
[03:29:23.610445] {mesa egl surface queue}  -> zwp_linux_buffer_params_v1#55.add(fd 49, 1, 1376256, 384, 16777216, 15)
[03:29:23.610450] {mesa egl surface queue}  -> zwp_linux_buffer_params_v1#55.add(fd 50, 2, 1384448, 64, 16777216, 15)
[03:29:23.610454] {mesa egl surface queue}  -> zwp_linux_buffer_params_v1#55.create_immed(new id wl_buffer#52, 700, 420, 875713089, 0)
[03:29:23.610460] {mesa egl surface queue}  -> zwp_linux_buffer_params_v1#55.destroy()
[03:29:23.610464] {mesa egl surface queue}  -> wl_surface#48.attach(wl_buffer#52, 0, 0)
[03:29:23.610468] {mesa egl surface queue}  -> wl_surface#48.damage(0, 0, 2147483647, 2147483647)
[03:29:23.610471] {mesa egl surface queue}  -> wl_surface#48.commit()
[03:29:23.610474] {mesa egl surface queue}  -> wl_display#1.sync(new id wl_callback#51)
[03:29:23.610741] {Display Queue} wl_display#1.delete_id(55)
[03:29:23.610753] {Display Queue} wl_display#1.delete_id(51)
[03:29:23.668102] {Default Queue} wl_pointer#21.motion(52668310, 350.00000000, 161.00000000)
[03:29:23.668135] {Default Queue} wl_pointer#21.frame()
[03:29:23.768288] {Default Queue} wl_pointer#21.motion(0, 350.00000000, 161.00000000)
[03:29:23.768323] {Default Queue} wl_pointer#21.button(26, 52668410, 272, 1)
[03:29:23.768342] {Default Queue} wl_pointer#21.motion(52668410, 350.00000000, 161.00000000)
[03:29:23.768349] {Default Queue} wl_pointer#21.frame()
[03:29:23.818623] {Default Queue} wl_pointer#21.button(27, 52668460, 272, 0)
[03:29:23.818655] {Default Queue} wl_pointer#21.frame()
[03:29:23.821493] {Default Queue}  -> wp_cursor_shape_device_v1#30.set_shape(25, 1)
[03:29:23.821604] {Default Queue}  -> xdg_popup#50.destroy()
[03:29:23.821611] {Default Queue}  -> xdg_surface#49.destroy()
[03:29:23.821625] {Default Queue}  -> wl_surface#48.destroy()
[03:29:23.821641] {mesa egl surface queue}  -> wl_buffer#52.destroy()
[03:29:23.821645] {mesa egl surface queue}  -> wl_buffer#54.destroy()
[03:29:23.821649] {mesa egl surface queue}  -> zwp_linux_dmabuf_feedback_v1#53.destroy()
[03:29:23.822177] {Default Queue}  -> wl_display#1.sync(new id wl_callback#51)
[03:29:23.822622] discarded [unknown]#50.[event 1](0 fd, 8 byte)
[03:29:23.822640] discarded [unknown]#52.[event 0](0 fd, 8 byte)
[03:29:23.822643] discarded [unknown]#54.[event 0](0 fd, 8 byte)
[03:29:23.822645] discarded [unknown]#54.[event 0](0 fd, 8 byte)
[03:29:23.822649] {Display Queue} wl_display#1.delete_id(50)
[03:29:23.822654] {Display Queue} wl_display#1.delete_id(49)
[03:29:23.822657] {Display Queue} wl_display#1.delete_id(54)
[03:29:23.822666] {Display Queue} wl_display#1.delete_id(53)
[03:29:23.822677] {Display Queue} wl_display#1.delete_id(48)
[03:29:23.822679] {Display Queue} wl_display#1.delete_id(51)
[03:29:23.822682] {Default Queue} wl_keyboard#31.modifiers(29, 0, 0, 0, 0)
[03:29:23.822693] {Default Queue} wl_keyboard#31.leave(30, nil)
[03:29:23.822699] {Default Queue} wl_pointer#21.leave(34, nil)
[03:29:23.822702] {Default Queue} wl_pointer#21.frame()
[03:29:23.822704] {Default Queue} wl_callback#51.done(35)
surface-popup-closed: lease=1
frontend-request: {"protocolVersion":3,"kind":"projection-request","binding":{"lifetime":"18263270106045511416","session":"4788292442584146833","frontend":"1"},"requestId":"2"}
surface-commit: publication=4 lease=1 open=0
surface-inspection: {"surfaceProtocol":2,"kind":"surface-inspection","publication":"4","lease":"1","body":{"phase":"Awaiting","transaction":"Idle","groups":[{"key":"application:GTK Application","domId":"group:{\"lifetime\":\"18263270106045511416\",\"session\":\"4788292442584146833\",\"frontend\":\"1\"}:1:1:application:GTK Application","title":"ELM-ACTIVATION-PEER","active":true,"expanded":false}],"picker":null,"openerId":"applications:{\"lifetime\":\"18263270106045511416\",\"session\":\"4788292442584146833\",\"frontend\":\"1\"}:1:control:opener","reconnectId":"reconnect"}}
[03:29:23.839394] discarded [unknown]#52.[event 0](0 fd, 8 byte)
[03:29:23.839418] discarded [unknown]#52.[event 0](0 fd, 8 byte)
[03:29:23.839430] {Display Queue} wl_display#1.delete_id(52)
[03:29:23.839772] {mesa egl surface queue} wl_buffer#47.release()
[03:29:23.839777] {mesa egl surface queue}  -> wl_buffer#47.destroy()
[03:29:23.839780] {mesa egl surface queue} wl_callback#44.done(15)
[03:29:23.840133] {mesa egl display queue}  -> zwp_linux_dmabuf_v1#39.create_params(new id zwp_linux_buffer_params_v1#44)
[03:29:23.840150] {mesa egl surface queue}  -> zwp_linux_buffer_params_v1#44.add(fd 48, 0, 0, 3584, 16777216, 15)
[03:29:23.840156] {mesa egl surface queue}  -> zwp_linux_buffer_params_v1#44.add(fd 49, 1, 229376, 448, 16777216, 15)
[03:29:23.840160] {mesa egl surface queue}  -> zwp_linux_buffer_params_v1#44.add(fd 50, 2, 233472, 64, 16777216, 15)
[03:29:23.840165] {mesa egl surface queue}  -> zwp_linux_buffer_params_v1#44.create_immed(new id wl_buffer#52, 800, 48, 875713089, 0)
[03:29:23.840170] {mesa egl surface queue}  -> zwp_linux_buffer_params_v1#44.destroy()
[03:29:23.840173] {mesa egl surface queue}  -> wl_surface#41.attach(wl_buffer#52, 0, 0)
[03:29:23.840177] {mesa egl surface queue}  -> wl_surface#41.damage(0, 0, 2147483647, 2147483647)
[03:29:23.840180] {mesa egl surface queue}  -> wl_surface#41.commit()
[03:29:23.840182] {mesa egl surface queue}  -> wl_display#1.sync(new id wl_callback#51)
[03:29:23.840282] discarded [unknown]#47.[event 0](0 fd, 8 byte)
[03:29:23.840285] discarded [unknown]#47.[event 0](0 fd, 8 byte)
[03:29:23.840290] {Display Queue} wl_display#1.delete_id(47)
[03:29:23.840294] {Display Queue} wl_display#1.delete_id(44)
[03:29:23.840296] {Display Queue} wl_display#1.delete_id(51)
surface-report: origin=bar {"kind":"surface-report","body":{"publication":"4","lease":"1","buttons":[{"id":"applications:{\"lifetime\":\"18263270106045511416\",\"session\":\"4788292442584146833\",\"frontend\":\"1\"}:1:control:opener","label":"Applications","accessibleName":"Open applications","disabled":false,"x":3,"y":3,"width":112.28125,"height":36},{"id":"group:{\"lifetime\":\"18263270106045511416\",\"session\":\"4788292442584146833\",\"frontend\":\"1\"}:1:1:application:GTK Application","label":"ELM-ACTIVATION-PEER2","accessibleName":"Choose a window from ELM-ACTIVATION-PEER","disabled":true,"x":121.28125,"y":3,"width":215.65625,"height":36}],"focus":"","text":"ApplicationsELM-ACTIVATION-PEER2Updating your window choice…"}}
surface-commit: publication=5 lease=1 open=0
surface-inspection: {"surfaceProtocol":2,"kind":"surface-inspection","publication":"5","lease":"1","body":{"phase":"Awaiting","transaction":"Idle","groups":[{"key":"application:GTK Application","domId":"group:{\"lifetime\":\"18263270106045511416\",\"session\":\"4788292442584146833\",\"frontend\":\"1\"}:1:1:application:GTK Application","title":"ELM-ACTIVATION-PEER","active":true,"expanded":false}],"picker":null,"openerId":"applications:{\"lifetime\":\"18263270106045511416\",\"session\":\"4788292442584146833\",\"frontend\":\"1\"}:1:control:opener","reconnectId":"reconnect"}}
[03:29:25.841690] {mesa egl surface queue} wl_callback#51.done(35)
[03:29:25.841721] {mesa egl surface queue} wl_buffer#45.release()
[03:29:25.842110] {mesa egl surface queue}  -> wl_surface#41.attach(wl_buffer#45, 0, 0)
[03:29:25.842118] {mesa egl surface queue}  -> wl_surface#41.damage(0, 0, 2147483647, 2147483647)
[03:29:25.842122] {mesa egl surface queue}  -> wl_surface#41.commit()
[03:29:25.842124] {mesa egl surface queue}  -> wl_display#1.sync(new id wl_callback#51)
[03:29:25.842174] {Display Queue} wl_display#1.delete_id(51)
surface-report: origin=bar {"kind":"surface-report","body":{"publication":"5","lease":"1","buttons":[{"id":"applications:{\"lifetime\":\"18263270106045511416\",\"session\":\"4788292442584146833\",\"frontend\":\"1\"}:1:control:opener","label":"Applications","accessibleName":"Open applications","disabled":false,"x":3,"y":3,"width":112.28125,"height":36},{"id":"group:{\"lifetime\":\"18263270106045511416\",\"session\":\"4788292442584146833\",\"frontend\":\"1\"}:1:1:application:GTK Application","label":"ELM-ACTIVATION-PEER2","accessibleName":"Choose a window from ELM-ACTIVATION-PEER","disabled":true,"x":121.28125,"y":3,"width":215.65625,"height":36},{"id":"applications:{\"lifetime\":\"18263270106045511416\",\"session\":\"4788292442584146833\",\"frontend\":\"1\"}:1:refresh-windows","label":"Refresh windows","accessibleName":"Refresh windows","disabled":false,"x":342.9375,"y":3,"width":147.828125,"height":36}],"focus":"","text":"ApplicationsELM-ACTIVATION-PEER2Refresh windowsWindow information took too long. Refresh windows, then choose again."}}
backend-frame: {"protocolVersion":3,"kind":"action-projection","binding":{"lifetime":"18263270106045511416","session":"4788292442584146833","frontend":"1"},"requestId":"2","context":{"lifetime":"18263270106045511416","epoch":"1","output":"1","revision":"2"},"scene":{"revision":"2","focused":"1","windows":[{"incarnation":"2","application":"GTK Application","label":"ELM-AUTHORITY-FIXTURE","minimized":false,"owner":null,"available":true},{"incarnation":"1","application":"GTK Application","label":"ELM-ACTIVATION-PEER","minimized":false,"owner":null,"available":true}]}}
surface-commit: publication=6 lease=1 open=0
surface-inspection: {"surfaceProtocol":2,"kind":"surface-inspection","publication":"6","lease":"1","body":{"phase":"Coherent","transaction":"Idle","groups":[{"key":"application:GTK Application","domId":"group:{\"lifetime\":\"18263270106045511416\",\"session\":\"4788292442584146833\",\"frontend\":\"1\"}:1:2:application:GTK Application","title":"ELM-ACTIVATION-PEER","active":true,"expanded":false}],"picker":null,"openerId":"applications:{\"lifetime\":\"18263270106045511416\",\"session\":\"4788292442584146833\",\"frontend\":\"1\"}:1:control:opener","reconnectId":"reconnect"}}
[03:29:25.889430] {mesa egl surface queue} wl_buffer#52.release()
[03:29:25.889451] {mesa egl surface queue} wl_callback#51.done(35)
[03:29:25.889829] {mesa egl surface queue}  -> wl_surface#41.attach(wl_buffer#52, 0, 0)
[03:29:25.889836] {mesa egl surface queue}  -> wl_surface#41.damage(0, 0, 2147483647, 2147483647)
[03:29:25.889839] {mesa egl surface queue}  -> wl_surface#41.commit()
[03:29:25.889842] {mesa egl surface queue}  -> wl_display#1.sync(new id wl_callback#51)
[03:29:25.889929] {Display Queue} wl_display#1.delete_id(51)
surface-report: origin=bar {"kind":"surface-report","body":{"publication":"6","lease":"1","buttons":[{"id":"applications:{\"lifetime\":\"18263270106045511416\",\"session\":\"4788292442584146833\",\"frontend\":\"1\"}:1:control:opener","label":"Applications","accessibleName":"Open applications","disabled":false,"x":3,"y":3,"width":112.28125,"height":36},{"id":"group:{\"lifetime\":\"18263270106045511416\",\"session\":\"4788292442584146833\",\"frontend\":\"1\"}:1:2:application:GTK Application","label":"ELM-ACTIVATION-PEER2","accessibleName":"Choose a window from ELM-ACTIVATION-PEER","disabled":false,"x":121.28125,"y":3,"width":215.65625,"height":36},{"id":"applications:{\"lifetime\":\"18263270106045511416\",\"session\":\"4788292442584146833\",\"frontend\":\"1\"}:1:refresh-windows","label":"Refresh windows","accessibleName":"Refresh windows","disabled":false,"x":342.9375,"y":3,"width":147.828125,"height":36}],"focus":"","text":"ApplicationsELM-ACTIVATION-PEER2Refresh windowsWindow information took too long. Refresh windows, then choose again."}}
[03:29:25.914912] {Default Queue} wl_pointer#21.enter(37, wl_surface#41, 417.00000000, 21.00000000)
[03:29:25.914958] {Default Queue}  -> wp_cursor_shape_device_v1#30.set_shape(37, 1)
[03:29:25.914965] {Default Queue} wl_pointer#21.frame()
[03:29:25.914984] {Default Queue} wl_pointer#21.motion(52670557, 417.00000000, 21.00000000)
[03:29:25.914987] {Default Queue} wl_pointer#21.frame()
[03:29:26.015171] {Default Queue} wl_pointer#21.button(38, 52670657, 272, 1)
[03:29:26.015206] {Default Queue} wl_pointer#21.frame()
surface-report: origin=bar {"kind":"surface-report","body":{"publication":"6","lease":"1","buttons":[{"id":"applications:{\"lifetime\":\"18263270106045511416\",\"session\":\"4788292442584146833\",\"frontend\":\"1\"}:1:control:opener","label":"Applications","accessibleName":"Open applications","disabled":false,"x":3,"y":3,"width":112.28125,"height":36},{"id":"group:{\"lifetime\":\"18263270106045511416\",\"session\":\"4788292442584146833\",\"frontend\":\"1\"}:1:2:application:GTK Application","label":"ELM-ACTIVATION-PEER2","accessibleName":"Choose a window from ELM-ACTIVATION-PEER","disabled":false,"x":121.28125,"y":3,"width":215.65625,"height":36},{"id":"applications:{\"lifetime\":\"18263270106045511416\",\"session\":\"4788292442584146833\",\"frontend\":\"1\"}:1:refresh-windows","label":"Refresh windows","accessibleName":"Refresh windows","disabled":false,"x":342.9375,"y":3,"width":147.828125,"height":36}],"focus":"applications:{\"lifetime\":\"18263270106045511416\",\"session\":\"4788292442584146833\",\"frontend\":\"1\"}:1:refresh-windows","text":"ApplicationsELM-ACTIVATION-PEER2Refresh windowsWindow information took too long. Refresh windows, then choose again."}}
[03:29:26.065543] {Default Queue} wl_pointer#21.button(39, 52670707, 272, 0)
[03:29:26.065573] {Default Queue} wl_pointer#21.frame()
frontend-request: {"protocolVersion":3,"kind":"projection-request","binding":{"lifetime":"18263270106045511416","session":"4788292442584146833","frontend":"1"},"requestId":"3"}
surface-commit: publication=7 lease=1 open=0
surface-inspection: {"surfaceProtocol":2,"kind":"surface-inspection","publication":"7","lease":"1","body":{"phase":"Awaiting","transaction":"Idle","groups":[{"key":"application:GTK Application","domId":"group:{\"lifetime\":\"18263270106045511416\",\"session\":\"4788292442584146833\",\"frontend\":\"1\"}:1:2:application:GTK Application","title":"ELM-ACTIVATION-PEER","active":true,"expanded":false}],"picker":null,"openerId":"applications:{\"lifetime\":\"18263270106045511416\",\"session\":\"4788292442584146833\",\"frontend\":\"1\"}:1:control:opener","reconnectId":"reconnect"}}
backend-frame: {"protocolVersion":3,"kind":"action-projection","binding":{"lifetime":"18263270106045511416","session":"4788292442584146833","frontend":"1"},"requestId":"3","context":{"lifetime":"18263270106045511416","epoch":"1","output":"1","revision":"2"},"scene":{"revision":"2","focused":"1","windows":[{"incarnation":"2","application":"GTK Application","label":"ELM-AUTHORITY-FIXTURE","minimized":false,"owner":null,"available":true},{"incarnation":"1","application":"GTK Application","label":"ELM-ACTIVATION-PEER","minimized":false,"owner":null,"available":true}]}}
surface-commit: publication=8 lease=1 open=0
surface-inspection: {"surfaceProtocol":2,"kind":"surface-inspection","publication":"8","lease":"1","body":{"phase":"Coherent","transaction":"Idle","groups":[{"key":"application:GTK Application","domId":"group:{\"lifetime\":\"18263270106045511416\",\"session\":\"4788292442584146833\",\"frontend\":\"1\"}:1:2:application:GTK Application","title":"ELM-ACTIVATION-PEER","active":true,"expanded":false}],"picker":null,"openerId":"applications:{\"lifetime\":\"18263270106045511416\",\"session\":\"4788292442584146833\",\"frontend\":\"1\"}:1:control:opener","reconnectId":"reconnect"}}
[03:29:26.082244] {mesa egl surface queue} wl_callback#51.done(35)
[03:29:26.082272] {mesa egl surface queue} wl_buffer#45.release()
[03:29:26.082477] {mesa egl surface queue}  -> wl_surface#41.attach(wl_buffer#45, 0, 0)
[03:29:26.082484] {mesa egl surface queue}  -> wl_surface#41.damage(0, 0, 2147483647, 2147483647)
[03:29:26.082487] {mesa egl surface queue}  -> wl_surface#41.commit()
[03:29:26.082490] {mesa egl surface queue}  -> wl_display#1.sync(new id wl_callback#51)
[03:29:26.082585] {Display Queue} wl_display#1.delete_id(51)
surface-report: origin=bar {"kind":"surface-report","body":{"publication":"8","lease":"1","buttons":[{"id":"applications:{\"lifetime\":\"18263270106045511416\",\"session\":\"4788292442584146833\",\"frontend\":\"1\"}:1:control:opener","label":"Applications","accessibleName":"Open applications","disabled":false,"x":3,"y":3,"width":112.28125,"height":36},{"id":"group:{\"lifetime\":\"18263270106045511416\",\"session\":\"4788292442584146833\",\"frontend\":\"1\"}:1:2:application:GTK Application","label":"ELM-ACTIVATION-PEER2","accessibleName":"Choose a window from ELM-ACTIVATION-PEER","disabled":false,"x":121.28125,"y":3,"width":215.65625,"height":36}],"focus":"","text":"ApplicationsELM-ACTIVATION-PEER2Connected"}}
[03:29:26.169188] {Default Queue} wl_pointer#21.motion(52670811, 229.00000000, 21.00000000)
[03:29:26.169220] {Default Queue} wl_pointer#21.frame()
[03:29:26.269671] {Default Queue} wl_pointer#21.button(40, 52670911, 272, 1)
[03:29:26.269706] {Default Queue} wl_pointer#21.frame()
surface-report: origin=bar {"kind":"surface-report","body":{"publication":"8","lease":"1","buttons":[{"id":"applications:{\"lifetime\":\"18263270106045511416\",\"session\":\"4788292442584146833\",\"frontend\":\"1\"}:1:control:opener","label":"Applications","accessibleName":"Open applications","disabled":false,"x":3,"y":3,"width":112.28125,"height":36},{"id":"group:{\"lifetime\":\"18263270106045511416\",\"session\":\"4788292442584146833\",\"frontend\":\"1\"}:1:2:application:GTK Application","label":"ELM-ACTIVATION-PEER2","accessibleName":"Choose a window from ELM-ACTIVATION-PEER","disabled":false,"x":121.28125,"y":3,"width":215.65625,"height":36}],"focus":"group:{\"lifetime\":\"18263270106045511416\",\"session\":\"4788292442584146833\",\"frontend\":\"1\"}:1:2:application:GTK Application","text":"ApplicationsELM-ACTIVATION-PEER2Connected"}}
[03:29:26.320000] {Default Queue} wl_pointer#21.button(41, 52670962, 272, 0)
[03:29:26.320041] {Default Queue} wl_pointer#21.frame()
[03:29:26.321482] {Default Queue}  -> wl_compositor#5.create_surface(new id wl_surface#44)
[03:29:26.321633] {Default Queue}  -> wl_surface#44.attach(nil, 0, 0)
[03:29:26.321654] {Default Queue}  -> xdg_wm_base#35.create_positioner(new id xdg_positioner#47)
[03:29:26.321658] {Default Queue}  -> xdg_positioner#47.set_size(700, 420)
[03:29:26.321660] {Default Queue}  -> xdg_positioner#47.set_anchor_rect(50, 0, 1, 48)
[03:29:26.321663] {Default Queue}  -> xdg_positioner#47.set_offset(0, 0)
[03:29:26.321665] {Default Queue}  -> xdg_positioner#47.set_anchor(6)
[03:29:26.321666] {Default Queue}  -> xdg_positioner#47.set_gravity(8)
[03:29:26.321668] {Default Queue}  -> xdg_positioner#47.set_constraint_adjustment(11)
[03:29:26.321670] {Default Queue}  -> xdg_wm_base#35.get_xdg_surface(new id xdg_surface#48, wl_surface#44)
[03:29:26.321673] {Default Queue}  -> xdg_surface#48.get_popup(new id xdg_popup#53, nil, xdg_positioner#47)
[03:29:26.321675] {Default Queue}  -> zwlr_layer_surface_v1#43.get_popup(xdg_popup#53)
[03:29:26.321677] {Default Queue}  -> xdg_positioner#47.destroy()
[03:29:26.321681] {Default Queue}  -> xdg_popup#53.grab(wl_seat#22, 40)
[03:29:26.321684] {Default Queue}  -> wl_surface#44.commit()
[03:29:26.321693] {Default Queue}  -> wl_display#1.sync(new id wl_callback#54)
[03:29:26.321862] {Display Queue} wl_display#1.delete_id(47)
[03:29:26.321871] {Display Queue} wl_display#1.delete_id(54)
[03:29:26.321874] {Default Queue} xdg_popup#53.configure(50, 48, 700, 420)
surface-configured: lease=2 rectKnown=0 gdkWidth=700 gdkHeight=420
[03:29:26.321889] {Default Queue} wl_keyboard#31.enter(45, wl_surface#44, array[0])
[03:29:26.321893] {Default Queue} wl_keyboard#31.modifiers(46, 0, 0, 0, 0)
[03:29:26.321902] {Default Queue} wl_data_device#25.selection(nil)
[03:29:26.321907] {Default Queue} wl_pointer#21.leave(47, wl_surface#41)
[03:29:26.321912] {Default Queue}  -> wp_cursor_shape_device_v1#30.set_shape(37, 1)
[03:29:26.321914] {Default Queue} wl_pointer#21.enter(48, wl_surface#44, -0.00781250, -0.00781250)
[03:29:26.321921] {Default Queue}  -> wp_cursor_shape_device_v1#30.set_shape(48, 1)
[03:29:26.321923] {Default Queue} wl_pointer#21.frame()
[03:29:26.321926] {Default Queue} wl_callback#54.done(48)
[03:29:26.321928] {Default Queue} xdg_surface#48.configure(42)
[03:29:26.321931] {Default Queue}  -> xdg_surface#48.ack_configure(42)
[03:29:26.321971] {Default Queue}  -> wp_cursor_shape_device_v1#30.set_shape(48, 1)
surface-popup-open: lease=2
surface-commit: publication=9 lease=2 open=1
surface-inspection: {"surfaceProtocol":2,"kind":"surface-inspection","publication":"9","lease":"2","body":{"phase":"Coherent","transaction":"Idle","groups":[{"key":"application:GTK Application","domId":"group:{\"lifetime\":\"18263270106045511416\",\"session\":\"4788292442584146833\",\"frontend\":\"1\"}:1:2:application:GTK Application","title":"ELM-ACTIVATION-PEER","active":true,"expanded":true}],"picker":{"generation":"2","closeId":"picker-close:{\"lifetime\":\"18263270106045511416\",\"session\":\"4788292442584146833\",\"frontend\":\"1\"}:1:2:2","selections":[{"incarnation":"1","title":"ELM-ACTIVATION-PEER","state":"Open","domId":"picker:{\"lifetime\":\"18263270106045511416\",\"session\":\"4788292442584146833\",\"frontend\":\"1\"}:1:2:2:1"},{"incarnation":"2","title":"ELM-AUTHORITY-FIXTURE","state":"Open","domId":"picker:{\"lifetime\":\"18263270106045511416\",\"session\":\"4788292442584146833\",\"frontend\":\"1\"}:1:2:2:2"}]},"openerId":"applications:{\"lifetime\":\"18263270106045511416\",\"session\":\"4788292442584146833\",\"frontend\":\"1\"}:1:control:opener","reconnectId":"reconnect"}}
[03:29:26.322236] {Default Queue}  -> xdg_surface#48.set_window_geometry(0, 0, 700, 420)
[03:29:26.322273] {Default Queue}  -> wl_shm#7.create_pool(new id wl_shm_pool#54, fd 48, 1176000)
[03:29:26.322279] {Default Queue}  -> wl_shm_pool#54.create_buffer(new id wl_buffer#47, 0, 700, 420, 2800, 0)
[03:29:26.322703] {Default Queue}  -> wl_surface#44.attach(wl_buffer#47, 0, 0)
[03:29:26.322709] {Default Queue}  -> wl_surface#44.set_buffer_scale(1)
[03:29:26.322712] {Default Queue}  -> wl_surface#44.damage(0, 0, 700, 420)
[03:29:26.322714] {Default Queue}  -> wl_compositor#5.create_region(new id wl_region#49)
[03:29:26.322717] {Default Queue}  -> wl_region#49.add(0, 0, 700, 420)
[03:29:26.322719] {Default Queue}  -> wl_surface#44.set_opaque_region(wl_region#49)
[03:29:26.322721] {Default Queue}  -> wl_region#49.destroy()
[03:29:26.322723] {Default Queue}  -> wl_surface#44.set_input_region(nil)
[03:29:26.322728] {Default Queue}  -> wl_surface#44.frame(new id wl_callback#50)
[03:29:26.322731] {Default Queue}  -> wl_surface#44.commit()
[03:29:26.323667] {Display Queue} wl_display#1.delete_id(49)
[03:29:26.323679] {Display Queue} wl_display#1.delete_id(50)
[03:29:26.323684] {Default Queue} wl_callback#50.done(52670966)
[03:29:26.323688] {Default Queue} wl_pointer#21.motion(52670966, 179.00000000, -27.00000000)
[03:29:26.323693] {Default Queue} wl_surface#44.enter(wl_output#19)
[03:29:26.323696] {Default Queue} wl_buffer#47.release()
[03:29:26.326658] {Default Queue}  -> wl_surface#44.set_buffer_scale(1)
[03:29:26.326677] {mesa egl surface queue}  -> zwp_linux_dmabuf_v1#39.get_surface_feedback(new id zwp_linux_dmabuf_feedback_v1#50, wl_surface#44)
[03:29:26.326696] {mesa egl display queue}  -> wl_display#1.sync(new id wl_callback#49)
[03:29:26.326871] {Display Queue} wl_display#1.delete_id(49)
[03:29:26.326879] {mesa egl display queue} wl_callback#49.done(48)
[03:29:26.326889] {mesa egl surface queue} zwp_linux_dmabuf_feedback_v1#50.format_table(fd 47, 2960)
[03:29:26.326898] {mesa egl surface queue} zwp_linux_dmabuf_feedback_v1#50.main_device(array[8])
[03:29:26.326900] {mesa egl surface queue} zwp_linux_dmabuf_feedback_v1#50.tranche_target_device(array[8])
[03:29:26.326902] {mesa egl surface queue} zwp_linux_dmabuf_feedback_v1#50.tranche_flags(0)
[03:29:26.326904] {mesa egl surface queue} zwp_linux_dmabuf_feedback_v1#50.tranche_formats(array[370])
[03:29:26.326909] {mesa egl surface queue} zwp_linux_dmabuf_feedback_v1#50.tranche_done()
[03:29:26.326911] {mesa egl surface queue} zwp_linux_dmabuf_feedback_v1#50.done()
[03:29:26.327700] {Default Queue}  -> wl_surface#44.attach(wl_buffer#47, 0, 0)
[03:29:26.327709] {Default Queue}  -> wl_surface#44.set_buffer_scale(1)
[03:29:26.327712] {Default Queue}  -> wl_surface#44.damage(0, 0, 700, 420)
[03:29:26.327721] {Default Queue}  -> wl_surface#44.frame(new id wl_callback#49)
[03:29:26.327724] {Default Queue}  -> wl_surface#44.commit()
[03:29:26.328256] {Default Queue} wl_buffer#47.release()
surface-report: origin=popup {"kind":"surface-report","body":{"publication":"9","lease":"2","buttons":[{"id":"picker-close:{\"lifetime\":\"18263270106045511416\",\"session\":\"4788292442584146833\",\"frontend\":\"1\"}:1:2:2","label":"Close","accessibleName":"Close window picker","disabled":false,"x":3,"y":103.875,"width":694,"height":36},{"id":"picker:{\"lifetime\":\"18263270106045511416\",\"session\":\"4788292442584146833\",\"frontend\":\"1\"}:1:2:2:1","label":"Activate ELM-ACTIVATION-PEEROpen","accessibleName":"Activate ELM-ACTIVATION-PEER","disabled":false,"x":3,"y":142.875,"width":694,"height":36},{"id":"picker:{\"lifetime\":\"18263270106045511416\",\"session\":\"4788292442584146833\",\"frontend\":\"1\"}:1:2:2:2","label":"Activate ELM-AUTHORITY-FIXTUREOpen","accessibleName":"Activate ELM-AUTHORITY-FIXTURE","disabled":false,"x":3,"y":181.875,"width":694,"height":36}],"focus":"picker:{\"lifetime\":\"18263270106045511416\",\"session\":\"4788292442584146833\",\"frontend\":\"1\"}:1:2:2:1","text":"Choose a window\n\nConnected\nClose\nActivate ELM-ACTIVATION-PEEROpen\nActivate ELM-AUTHORITY-FIXTUREOpen"}}
surface-presentation-applied: publication=9 lease=2
surface-focus-issued: publication=9 lease=2
surface-report: origin=bar {"kind":"surface-report","body":{"publication":"9","lease":"2","buttons":[{"id":"applications:{\"lifetime\":\"18263270106045511416\",\"session\":\"4788292442584146833\",\"frontend\":\"1\"}:1:control:opener","label":"Applications","accessibleName":"Open applications","disabled":false,"x":3,"y":3,"width":112.28125,"height":36},{"id":"group:{\"lifetime\":\"18263270106045511416\",\"session\":\"4788292442584146833\",\"frontend\":\"1\"}:1:2:application:GTK Application","label":"ELM-ACTIVATION-PEER2","accessibleName":"Choose a window from ELM-ACTIVATION-PEER","disabled":false,"x":121.28125,"y":3,"width":215.65625,"height":36}],"focus":"group:{\"lifetime\":\"18263270106045511416\",\"session\":\"4788292442584146833\",\"frontend\":\"1\"}:1:2:application:GTK Application","text":"ApplicationsELM-ACTIVATION-PEER2Connected"}}
[03:29:26.338765] {Display Queue} wl_display#1.delete_id(49)
[03:29:26.338777] {Default Queue} wl_callback#49.done(52670980)
[03:29:26.339597] {Default Queue}  -> wl_buffer#47.destroy()
[03:29:26.339606] {Default Queue}  -> wl_shm_pool#54.destroy()
[03:29:26.343240] {mesa egl display queue}  -> zwp_linux_dmabuf_v1#39.create_params(new id zwp_linux_buffer_params_v1#49)
[03:29:26.343256] {mesa egl surface queue}  -> zwp_linux_buffer_params_v1#49.add(fd 51, 0, 0, 3072, 16777216, 15)
[03:29:26.343262] {mesa egl surface queue}  -> zwp_linux_buffer_params_v1#49.add(fd 52, 1, 1376256, 384, 16777216, 15)
[03:29:26.343266] {mesa egl surface queue}  -> zwp_linux_buffer_params_v1#49.add(fd 53, 2, 1384448, 64, 16777216, 15)
[03:29:26.343272] {mesa egl surface queue}  -> zwp_linux_buffer_params_v1#49.create_immed(new id wl_buffer#55, 700, 420, 875713089, 0)
[03:29:26.343283] {mesa egl surface queue}  -> zwp_linux_buffer_params_v1#49.destroy()
[03:29:26.343286] {mesa egl surface queue}  -> wl_surface#44.attach(wl_buffer#55, 0, 0)
[03:29:26.343288] {mesa egl surface queue}  -> wl_surface#44.damage(0, 0, 2147483647, 2147483647)
[03:29:26.343291] {mesa egl surface queue}  -> wl_surface#44.commit()
[03:29:26.343292] {mesa egl surface queue}  -> wl_display#1.sync(new id wl_callback#37)
[03:29:26.343456] discarded [unknown]#47.[event 0](0 fd, 8 byte)
[03:29:26.343463] {Display Queue} wl_display#1.delete_id(47)
[03:29:26.343466] {Display Queue} wl_display#1.delete_id(54)
[03:29:26.343468] {Display Queue} wl_display#1.delete_id(49)
[03:29:26.343469] {Display Queue} wl_display#1.delete_id(37)
surface-focus-applied: publication=9 lease=2
[03:29:26.355754] {mesa egl surface queue} wl_callback#37.done(48)
[03:29:26.356265] {mesa egl display queue}  -> zwp_linux_dmabuf_v1#39.create_params(new id zwp_linux_buffer_params_v1#37)
[03:29:26.356277] {mesa egl surface queue}  -> zwp_linux_buffer_params_v1#37.add(fd 51, 0, 0, 3072, 16777216, 15)
[03:29:26.356282] {mesa egl surface queue}  -> zwp_linux_buffer_params_v1#37.add(fd 52, 1, 1376256, 384, 16777216, 15)
[03:29:26.356285] {mesa egl surface queue}  -> zwp_linux_buffer_params_v1#37.add(fd 53, 2, 1384448, 64, 16777216, 15)
[03:29:26.356288] {mesa egl surface queue}  -> zwp_linux_buffer_params_v1#37.create_immed(new id wl_buffer#49, 700, 420, 875713089, 0)
[03:29:26.356292] {mesa egl surface queue}  -> zwp_linux_buffer_params_v1#37.destroy()
[03:29:26.356294] {mesa egl surface queue}  -> wl_surface#44.attach(wl_buffer#49, 0, 0)
[03:29:26.356296] {mesa egl surface queue}  -> wl_surface#44.damage(0, 0, 2147483647, 2147483647)
[03:29:26.356299] {mesa egl surface queue}  -> wl_surface#44.commit()
[03:29:26.356300] {mesa egl surface queue}  -> wl_display#1.sync(new id wl_callback#54)
[03:29:26.356369] {Display Queue} wl_display#1.delete_id(37)
[03:29:26.356374] {Display Queue} wl_display#1.delete_id(54)
[03:29:26.372881] {mesa egl surface queue} wl_callback#54.done(48)
[03:29:26.372896] {mesa egl surface queue} wl_buffer#55.release()
[03:29:26.372900] {mesa egl surface queue}  -> wl_buffer#55.destroy()
[03:29:26.373425] {mesa egl display queue}  -> zwp_linux_dmabuf_v1#39.create_params(new id zwp_linux_buffer_params_v1#54)
[03:29:26.373438] {mesa egl surface queue}  -> zwp_linux_buffer_params_v1#54.add(fd 51, 0, 0, 3072, 16777216, 15)
[03:29:26.373442] {mesa egl surface queue}  -> zwp_linux_buffer_params_v1#54.add(fd 52, 1, 1376256, 384, 16777216, 15)
[03:29:26.373446] {mesa egl surface queue}  -> zwp_linux_buffer_params_v1#54.add(fd 53, 2, 1384448, 64, 16777216, 15)
[03:29:26.373448] {mesa egl surface queue}  -> zwp_linux_buffer_params_v1#54.create_immed(new id wl_buffer#37, 700, 420, 875713089, 0)
[03:29:26.373451] {mesa egl surface queue}  -> zwp_linux_buffer_params_v1#54.destroy()
[03:29:26.373454] {mesa egl surface queue}  -> wl_surface#44.attach(wl_buffer#37, 0, 0)
[03:29:26.373456] {mesa egl surface queue}  -> wl_surface#44.damage(0, 0, 2147483647, 2147483647)
[03:29:26.373458] {mesa egl surface queue}  -> wl_surface#44.commit()
[03:29:26.373460] {mesa egl surface queue}  -> wl_display#1.sync(new id wl_callback#47)
[03:29:26.373688] discarded [unknown]#55.[event 0](0 fd, 8 byte)
[03:29:26.373695] discarded [unknown]#55.[event 0](0 fd, 8 byte)
[03:29:26.373701] {Display Queue} wl_display#1.delete_id(55)
[03:29:26.373704] {Display Queue} wl_display#1.delete_id(54)
[03:29:26.373706] {Display Queue} wl_display#1.delete_id(47)
[03:29:26.389792] {mesa egl surface queue} wl_callback#47.done(48)
[03:29:26.389804] {mesa egl surface queue} wl_buffer#49.release()
[03:29:26.389988] {mesa egl surface queue}  -> wl_surface#44.attach(wl_buffer#49, 0, 0)
[03:29:26.389994] {mesa egl surface queue}  -> wl_surface#44.damage(0, 0, 2147483647, 2147483647)
[03:29:26.389997] {mesa egl surface queue}  -> wl_surface#44.commit()
[03:29:26.390005] {mesa egl surface queue}  -> wl_display#1.sync(new id wl_callback#47)
[03:29:26.390035] {Display Queue} wl_display#1.delete_id(47)
[03:29:26.405804] {mesa egl surface queue} wl_callback#47.done(48)
[03:29:26.405819] {mesa egl surface queue} wl_buffer#37.release()
[03:29:26.406001] {mesa egl surface queue}  -> wl_surface#44.attach(wl_buffer#37, 0, 0)
[03:29:26.406007] {mesa egl surface queue}  -> wl_surface#44.damage(0, 0, 2147483647, 2147483647)
[03:29:26.406010] {mesa egl surface queue}  -> wl_surface#44.commit()
[03:29:26.406012] {mesa egl surface queue}  -> wl_display#1.sync(new id wl_callback#47)
[03:29:26.406030] {Display Queue} wl_display#1.delete_id(47)
[03:29:26.421909] {mesa egl surface queue} wl_callback#47.done(48)
[03:29:26.421920] {mesa egl surface queue} wl_buffer#49.release()
[03:29:26.422094] {mesa egl surface queue}  -> wl_surface#44.attach(wl_buffer#49, 0, 0)
[03:29:26.422100] {mesa egl surface queue}  -> wl_surface#44.damage(0, 0, 2147483647, 2147483647)
[03:29:26.422102] {mesa egl surface queue}  -> wl_surface#44.commit()
[03:29:26.422104] {mesa egl surface queue}  -> wl_display#1.sync(new id wl_callback#47)
[03:29:26.422123] {Display Queue} wl_display#1.delete_id(47)
[03:29:26.427547] {Default Queue} wl_keyboard#31.key(49, 52671069, 1, 1)
[03:29:26.427581] {Default Queue} wl_keyboard#31.modifiers(50, 0, 0, 0, 0)
[03:29:26.431014] {Default Queue}  -> wp_cursor_shape_device_v1#30.set_shape(48, 1)
[03:29:26.431079] {Default Queue}  -> xdg_popup#53.destroy()
[03:29:26.431085] {Default Queue}  -> xdg_surface#48.destroy()
[03:29:26.431091] {Default Queue}  -> wl_surface#44.destroy()
[03:29:26.431102] {mesa egl surface queue}  -> wl_buffer#49.destroy()
[03:29:26.431104] {mesa egl surface queue}  -> wl_buffer#37.destroy()
[03:29:26.431118] {mesa egl surface queue}  -> zwp_linux_dmabuf_feedback_v1#50.destroy()
[03:29:26.432243] {Default Queue}  -> wl_display#1.sync(new id wl_callback#47)
[03:29:26.432706] discarded [unknown]#53.[event 1](0 fd, 8 byte)
[03:29:26.432714] discarded [unknown]#49.[event 0](0 fd, 8 byte)
[03:29:26.432717] discarded [unknown]#37.[event 0](0 fd, 8 byte)
[03:29:26.432718] discarded [unknown]#37.[event 0](0 fd, 8 byte)
[03:29:26.432722] {Display Queue} wl_display#1.delete_id(53)
[03:29:26.432725] {Display Queue} wl_display#1.delete_id(48)
[03:29:26.432727] {Display Queue} wl_display#1.delete_id(37)
[03:29:26.432729] {Display Queue} wl_display#1.delete_id(50)
[03:29:26.432731] {Display Queue} wl_display#1.delete_id(47)
[03:29:26.432733] {Default Queue} wl_pointer#21.leave(51, nil)
[03:29:26.432735] {Default Queue} wl_pointer#21.enter(52, wl_surface#41, 229.00000000, 21.00000000)
[03:29:26.432751] {Default Queue}  -> wp_cursor_shape_device_v1#30.set_shape(52, 1)
[03:29:26.432754] {Default Queue} wl_pointer#21.frame()
[03:29:26.432758] {Default Queue} wl_pointer#21.motion(0, 229.00000000, 21.00000000)
[03:29:26.432761] {Default Queue} wl_keyboard#31.modifiers(54, 0, 0, 0, 0)
[03:29:26.432766] {Default Queue} wl_keyboard#31.leave(55, nil)
[03:29:26.432770] {Default Queue} wl_callback#47.done(57)
surface-popup-closed: lease=2
surface-commit: publication=10 lease=2 open=0
surface-inspection: {"surfaceProtocol":2,"kind":"surface-inspection","publication":"10","lease":"2","body":{"phase":"Coherent","transaction":"Idle","groups":[{"key":"application:GTK Application","domId":"group:{\"lifetime\":\"18263270106045511416\",\"session\":\"4788292442584146833\",\"frontend\":\"1\"}:1:2:application:GTK Application","title":"ELM-ACTIVATION-PEER","active":true,"expanded":false}],"picker":null,"openerId":"applications:{\"lifetime\":\"18263270106045511416\",\"session\":\"4788292442584146833\",\"frontend\":\"1\"}:1:control:opener","reconnectId":"reconnect"}}
backend-frame: {"protocolVersion":3,"kind":"host-refresh"}
frontend-request: {"protocolVersion":3,"kind":"projection-request","binding":{"lifetime":"18263270106045511416","session":"4788292442584146833","frontend":"1"},"requestId":"4"}
surface-commit: publication=11 lease=2 open=0
surface-inspection: {"surfaceProtocol":2,"kind":"surface-inspection","publication":"11","lease":"2","body":{"phase":"Awaiting","transaction":"Idle","groups":[{"key":"application:GTK Application","domId":"group:{\"lifetime\":\"18263270106045511416\",\"session\":\"4788292442584146833\",\"frontend\":\"1\"}:1:2:application:GTK Application","title":"ELM-ACTIVATION-PEER","active":true,"expanded":false}],"picker":null,"openerId":"applications:{\"lifetime\":\"18263270106045511416\",\"session\":\"4788292442584146833\",\"frontend\":\"1\"}:1:control:opener","reconnectId":"reconnect"}}
backend-frame: {"protocolVersion":3,"kind":"action-projection","binding":{"lifetime":"18263270106045511416","session":"4788292442584146833","frontend":"1"},"requestId":"4","context":{"lifetime":"18263270106045511416","epoch":"1","output":"1","revision":"2"},"scene":{"revision":"2","focused":"1","windows":[{"incarnation":"2","application":"GTK Application","label":"ELM-AUTHORITY-FIXTURE","minimized":false,"owner":null,"available":true},{"incarnation":"1","application":"GTK Application","label":"ELM-ACTIVATION-PEER","minimized":false,"owner":null,"available":true}]}}
surface-commit: publication=12 lease=2 open=0
surface-inspection: {"surfaceProtocol":2,"kind":"surface-inspection","publication":"12","lease":"2","body":{"phase":"Coherent","transaction":"Idle","groups":[{"key":"application:GTK Application","domId":"group:{\"lifetime\":\"18263270106045511416\",\"session\":\"4788292442584146833\",\"frontend\":\"1\"}:1:2:application:GTK Application","title":"ELM-ACTIVATION-PEER","active":true,"expanded":false}],"picker":null,"openerId":"applications:{\"lifetime\":\"18263270106045511416\",\"session\":\"4788292442584146833\",\"frontend\":\"1\"}:1:control:opener","reconnectId":"reconnect"}}
[03:29:26.439381] discarded [unknown]#49.[event 0](0 fd, 8 byte)
[03:29:26.439402] discarded [unknown]#49.[event 0](0 fd, 8 byte)
[03:29:26.439414] {Display Queue} wl_display#1.delete_id(44)
[03:29:26.439422] {Display Queue} wl_display#1.delete_id(49)
[03:29:26.449786] {mesa egl surface queue} wl_callback#51.done(39)
[03:29:26.449798] {mesa egl surface queue} wl_buffer#52.release()
[03:29:26.449956] {mesa egl surface queue}  -> wl_surface#41.attach(wl_buffer#52, 0, 0)
[03:29:26.449959] {mesa egl surface queue}  -> wl_surface#41.damage(0, 0, 2147483647, 2147483647)
[03:29:26.449962] {mesa egl surface queue}  -> wl_surface#41.commit()
[03:29:26.449964] {mesa egl surface queue}  -> wl_display#1.sync(new id wl_callback#51)
[03:29:26.450285] {Display Queue} wl_display#1.delete_id(51)
surface-report: origin=bar {"kind":"surface-report","body":{"publication":"12","lease":"2","buttons":[{"id":"applications:{\"lifetime\":\"18263270106045511416\",\"session\":\"4788292442584146833\",\"frontend\":\"1\"}:1:control:opener","label":"Applications","accessibleName":"Open applications","disabled":false,"x":3,"y":3,"width":112.28125,"height":36},{"id":"group:{\"lifetime\":\"18263270106045511416\",\"session\":\"4788292442584146833\",\"frontend\":\"1\"}:1:2:application:GTK Application","label":"ELM-ACTIVATION-PEER2","accessibleName":"Choose a window from ELM-ACTIVATION-PEER","disabled":false,"x":121.28125,"y":3,"width":215.65625,"height":36}],"focus":"","text":"ApplicationsELM-ACTIVATION-PEER2Connected"}}
[03:29:26.466311] {mesa egl surface queue} wl_buffer#45.release()
[03:29:26.466341] {mesa egl surface queue} wl_callback#51.done(57)
[03:29:26.466500] {mesa egl surface queue}  -> wl_surface#41.attach(wl_buffer#45, 0, 0)
[03:29:26.466504] {mesa egl surface queue}  -> wl_surface#41.damage(0, 0, 2147483647, 2147483647)
[03:29:26.466510] {mesa egl surface queue}  -> wl_surface#41.commit()
[03:29:26.466513] {mesa egl surface queue}  -> wl_display#1.sync(new id wl_callback#51)
[03:29:26.466817] {Display Queue} wl_display#1.delete_id(51)
view-diagnostics: {"visibility":"visible","entries":0,"root":false,"receiver":"function","width":800,"height":48}
[03:29:32.597217] {Default Queue}  -> wl_display#1.sync(new id wl_callback#49)
[03:29:32.597450] {Display Queue} wl_display#1.delete_id(49)
[03:29:32.597454] {Default Queue} wl_callback#49.done(59)
backend-exit: waited=1 normal=1 code=0
[03:29:32.607571] {Default Queue}  -> zwlr_layer_surface_v1#43.destroy()
[03:29:32.607590] {mesa egl surface queue}  -> wl_buffer#45.destroy()
[03:29:32.607594] {mesa egl surface queue}  -> wl_buffer#52.destroy()
[03:29:32.607602] {mesa egl surface queue}  -> zwp_linux_dmabuf_feedback_v1#46.destroy()
[03:29:32.607616] {Default Queue}  -> wl_surface#41.destroy()
[03:29:32.613970] discarded [unknown]#45.[event 0](0 fd, 8 byte)
[03:29:32.613985] discarded [unknown]#52.[event 0](0 fd, 8 byte)
[03:29:32.613989] discarded [unknown]#52.[event 0](0 fd, 8 byte)
[03:29:32.613996] {Display Queue} wl_display#1.delete_id(43)
[03:29:32.614010] {Display Queue} wl_display#1.delete_id(52)
[03:29:32.614016] {Display Queue} wl_display#1.delete_id(46)
[03:29:32.614020] {Display Queue} wl_display#1.delete_id(41)
[03:29:32.614024] {Default Queue} wl_pointer#21.leave(61, nil)
[03:29:32.614028] {Default Queue} wl_pointer#21.frame()
[03:29:32.630768] discarded [unknown]#45.[event 0](0 fd, 8 byte)
[03:29:32.630786] discarded [unknown]#45.[event 0](0 fd, 8 byte)
[03:29:32.630793] {Display Queue} wl_display#1.delete_id(45)
host-exit: failure=0 rendered=1
