	linux-vdso.so.1 (0x00007f20edb3b000)
	libxcb-icccm.so.4 => /usr/lib/libxcb-icccm.so.4 (0x00007f20edb06000)
	libxcb-composite.so.0 => /usr/lib/libxcb-composite.so.0 (0x00007f20edb01000)
	libxcb-xfixes.so.0 => /usr/lib/libxcb-xfixes.so.0 (0x00007f20edaf8000)
	libxcb-render.so.0 => /usr/lib/libxcb-render.so.0 (0x00007f20edae9000)
	libxcb-res.so.0 => /usr/lib/libxcb-res.so.0 (0x00007f20edae1000)
	libxcb-errors.so.0 => /usr/lib/libxcb-errors.so.0 (0x00007f20edad7000)
	libxcb.so.1 => /usr/lib/libxcb.so.1 (0x00007f20edaac000)
	libaquamarine.so.14 => /usr/lib/libaquamarine.so.14 (0x00007f20ec8a9000)
	libhyprlang.so.2 => /usr/lib/libhyprlang.so.2 (0x00007f20eda67000)
	libhyprutils.so.13 => /usr/lib/libhyprutils.so.13 (0x00007f20ed9ee000)
	libhyprcursor.so.0 => /usr/lib/libhyprcursor.so.0 (0x00007f20ec848000)
	libhyprgraphics.so.4 => /usr/lib/libhyprgraphics.so.4 (0x00007f20ed9b6000)
	libxkbcommon.so.0 => /usr/lib/libxkbcommon.so.0 (0x00007f20ec7e9000)
	libuuid.so.1 => /usr/lib/libuuid.so.1 (0x00007f20ed9ac000)
	libwayland-server.so.0 => /usr/lib/libwayland-server.so.0 (0x00007f20ec7d4000)
	libpangocairo-1.0.so.0 => /usr/lib/libpangocairo-1.0.so.0 (0x00007f20ec7c2000)
	libpango-1.0.so.0 => /usr/lib/libpango-1.0.so.0 (0x00007f20ec753000)
	libcairo.so.2 => /usr/lib/libcairo.so.2 (0x00007f20ec616000)
	libharfbuzz.so.0 => /usr/lib/libharfbuzz.so.0 (0x00007f20ec4d7000)
	libpixman-1.so.0 => /usr/lib/libpixman-1.so.0 (0x00007f20ec428000)
	libXcursor.so.1 => /usr/lib/libXcursor.so.1 (0x00007f20ed99d000)
	libdrm.so.2 => /usr/lib/libdrm.so.2 (0x00007f20ec411000)
	libinput.so.10 => /usr/lib/libinput.so.10 (0x00007f20ec3a0000)
	libeis.so.1 => /usr/lib/libeis.so.1 (0x00007f20ec37f000)
	libgbm.so.1 => /usr/lib/libgbm.so.1 (0x00007f20ec379000)
	libgio-2.0.so.0 => /usr/lib/libgio-2.0.so.0 (0x00007f20ec19a000)
	libgobject-2.0.so.0 => /usr/lib/libgobject-2.0.so.0 (0x00007f20ec137000)
	libglib-2.0.so.0 => /usr/lib/libglib-2.0.so.0 (0x00007f20ebfd4000)
	libre2.so.11 => /usr/lib/libre2.so.11 (0x00007f20ebf45000)
	libabsl_log_internal_check_op.so.2608.0.0 => /usr/lib/libabsl_log_internal_check_op.so.2608.0.0 (0x00007f20ebf3c000)
	libabsl_leak_check.so.2608.0.0 => /usr/lib/libabsl_leak_check.so.2608.0.0 (0x00007f20ebf37000)
	libabsl_log_internal_conditions.so.2608.0.0 => /usr/lib/libabsl_log_internal_conditions.so.2608.0.0 (0x00007f20ebf32000)
	libabsl_log_internal_message.so.2608.0.0 => /usr/lib/libabsl_log_internal_message.so.2608.0.0 (0x00007f20ebf23000)
	libabsl_examine_stack.so.2608.0.0 => /usr/lib/libabsl_examine_stack.so.2608.0.0 (0x00007f20ebf1c000)
	libabsl_log_internal_format.so.2608.0.0 => /usr/lib/libabsl_log_internal_format.so.2608.0.0 (0x00007f20ebf17000)
	libabsl_log_internal_nullguard.so.2608.0.0 => /usr/lib/libabsl_log_internal_nullguard.so.2608.0.0 (0x00007f20ebf12000)
	libabsl_log_internal_structured_proto.so.2608.0.0 => /usr/lib/libabsl_log_internal_structured_proto.so.2608.0.0 (0x00007f20ebf0d000)
	libabsl_log_internal_log_sink_set.so.2608.0.0 => /usr/lib/libabsl_log_internal_log_sink_set.so.2608.0.0 (0x00007f20ebf07000)
	libabsl_log_internal_globals.so.2608.0.0 => /usr/lib/libabsl_log_internal_globals.so.2608.0.0 (0x00007f20ebf00000)
	libabsl_log_globals.so.2608.0.0 => /usr/lib/libabsl_log_globals.so.2608.0.0 (0x00007f20ebefa000)
	libabsl_log_sink.so.2608.0.0 => /usr/lib/libabsl_log_sink.so.2608.0.0 (0x00007f20ebef5000)
	libabsl_log_entry.so.2608.0.0 => /usr/lib/libabsl_log_entry.so.2608.0.0 (0x00007f20ebeef000)
	libabsl_log_internal_proto.so.2608.0.0 => /usr/lib/libabsl_log_internal_proto.so.2608.0.0 (0x00007f20ebeea000)
	libabsl_strerror.so.2608.0.0 => /usr/lib/libabsl_strerror.so.2608.0.0 (0x00007f20ebee3000)
	libabsl_vlog_config_internal.so.2608.0.0 => /usr/lib/libabsl_vlog_config_internal.so.2608.0.0 (0x00007f20ebeda000)
	libabsl_log_internal_fnmatch.so.2608.0.0 => /usr/lib/libabsl_log_internal_fnmatch.so.2608.0.0 (0x00007f20ebed5000)
	libabsl_flags_internal.so.2608.0.0 => /usr/lib/libabsl_flags_internal.so.2608.0.0 (0x00007f20ebeca000)
	libabsl_flags_marshalling.so.2608.0.0 => /usr/lib/libabsl_flags_marshalling.so.2608.0.0 (0x00007f20ebebe000)
	libabsl_flags_reflection.so.2608.0.0 => /usr/lib/libabsl_flags_reflection.so.2608.0.0 (0x00007f20ebeb2000)
	libabsl_flags_private_handle_accessor.so.2608.0.0 => /usr/lib/libabsl_flags_private_handle_accessor.so.2608.0.0 (0x00007f20ebeab000)
	libabsl_flags_commandlineflag.so.2608.0.0 => /usr/lib/libabsl_flags_commandlineflag.so.2608.0.0 (0x00007f20ebea6000)
	libabsl_flags_commandlineflag_internal.so.2608.0.0 => /usr/lib/libabsl_flags_commandlineflag_internal.so.2608.0.0 (0x00007f20ebea1000)
	libabsl_flags_config.so.2608.0.0 => /usr/lib/libabsl_flags_config.so.2608.0.0 (0x00007f20ebe9a000)
	libabsl_flags_program_name.so.2608.0.0 => /usr/lib/libabsl_flags_program_name.so.2608.0.0 (0x00007f20ebe95000)
	libabsl_raw_hash_set.so.2608.0.0 => /usr/lib/libabsl_raw_hash_set.so.2608.0.0 (0x00007f20ebe88000)
	libabsl_cord.so.2608.0.0 => /usr/lib/libabsl_cord.so.2608.0.0 (0x00007f20ebe6f000)
	libabsl_cordz_info.so.2608.0.0 => /usr/lib/libabsl_cordz_info.so.2608.0.0 (0x00007f20ebe68000)
	libabsl_cord_internal.so.2608.0.0 => /usr/lib/libabsl_cord_internal.so.2608.0.0 (0x00007f20ebe59000)
	libabsl_cordz_functions.so.2608.0.0 => /usr/lib/libabsl_cordz_functions.so.2608.0.0 (0x00007f20ebe54000)
	libabsl_cordz_handle.so.2608.0.0 => /usr/lib/libabsl_cordz_handle.so.2608.0.0 (0x00007f20ebe4d000)
	libabsl_crc_cord_state.so.2608.0.0 => /usr/lib/libabsl_crc_cord_state.so.2608.0.0 (0x00007f20ebe46000)
	libabsl_crc32c.so.2608.0.0 => /usr/lib/libabsl_crc32c.so.2608.0.0 (0x00007f20ebe40000)
	libabsl_crc_internal.so.2608.0.0 => /usr/lib/libabsl_crc_internal.so.2608.0.0 (0x00007f20ebe3a000)
	libabsl_base_cpu_detect.so.2608.0.0 => /usr/lib/libabsl_base_cpu_detect.so.2608.0.0 (0x00007f20ebe35000)
	libabsl_hashtablez_sampler.so.2608.0.0 => /usr/lib/libabsl_hashtablez_sampler.so.2608.0.0 (0x00007f20ebe2f000)
	libabsl_exponential_biased.so.2608.0.0 => /usr/lib/libabsl_exponential_biased.so.2608.0.0 (0x00007f20ebe28000)
	libabsl_hash.so.2608.0.0 => /usr/lib/libabsl_hash.so.2608.0.0 (0x00007f20ebe23000)
	libabsl_city.so.2608.0.0 => /usr/lib/libabsl_city.so.2608.0.0 (0x00007f20ebe1e000)
	libabsl_str_format_internal.so.2608.0.0 => /usr/lib/libabsl_str_format_internal.so.2608.0.0 (0x00007f20ebdff000)
	libabsl_synchronization.so.2608.0.0 => /usr/lib/libabsl_synchronization.so.2608.0.0 (0x00007f20ebded000)
	libabsl_graphcycles_internal.so.2608.0.0 => /usr/lib/libabsl_graphcycles_internal.so.2608.0.0 (0x00007f20ebde2000)
	libabsl_kernel_timeout_internal.so.2608.0.0 => /usr/lib/libabsl_kernel_timeout_internal.so.2608.0.0 (0x00007f20ebddd000)
	libabsl_stacktrace.so.2608.0.0 => /usr/lib/libabsl_stacktrace.so.2608.0.0 (0x00007f20ebdd8000)
	libabsl_symbolize.so.2608.0.0 => /usr/lib/libabsl_symbolize.so.2608.0.0 (0x00007f20ebdd0000)
	libabsl_debugging_internal.so.2608.0.0 => /usr/lib/libabsl_debugging_internal.so.2608.0.0 (0x00007f20ebdc9000)
	libabsl_demangle_internal.so.2608.0.0 => /usr/lib/libabsl_demangle_internal.so.2608.0.0 (0x00007f20ebdba000)
	libabsl_demangle_rust.so.2608.0.0 => /usr/lib/libabsl_demangle_rust.so.2608.0.0 (0x00007f20ebdb3000)
	libabsl_decode_rust_punycode.so.2608.0.0 => /usr/lib/libabsl_decode_rust_punycode.so.2608.0.0 (0x00007f20ebdae000)
	libabsl_utf8_for_code_point.so.2608.0.0 => /usr/lib/libabsl_utf8_for_code_point.so.2608.0.0 (0x00007f20ebda9000)
	libabsl_malloc_internal.so.2608.0.0 => /usr/lib/libabsl_malloc_internal.so.2608.0.0 (0x00007f20ebda2000)
	libabsl_time.so.2608.0.0 => /usr/lib/libabsl_time.so.2608.0.0 (0x00007f20ebd8c000)
	libabsl_civil_time.so.2608.0.0 => /usr/lib/libabsl_civil_time.so.2608.0.0 (0x00007f20ebd84000)
	libabsl_strings.so.2608.0.0 => /usr/lib/libabsl_strings.so.2608.0.0 (0x00007f20ebd5e000)
	libabsl_strings_internal.so.2608.0.0 => /usr/lib/libabsl_strings_internal.so.2608.0.0 (0x00007f20ebd58000)
	libabsl_hardening.so.2608.0.0 => /usr/lib/libabsl_hardening.so.2608.0.0 (0x00007f20ebd53000)
	libabsl_int128.so.2608.0.0 => /usr/lib/libabsl_int128.so.2608.0.0 (0x00007f20ebd4a000)
	libabsl_source_location.so.2608.0.0 => /usr/lib/libabsl_source_location.so.2608.0.0 (0x00007f20ebd45000)
	libabsl_throw_delegate.so.2608.0.0 => /usr/lib/libabsl_throw_delegate.so.2608.0.0 (0x00007f20ebd3f000)
	libabsl_time_zone.so.2608.0.0 => /usr/lib/libabsl_time_zone.so.2608.0.0 (0x00007f20ebd24000)
	libabsl_tracing_internal.so.2608.0.0 => /usr/lib/libabsl_tracing_internal.so.2608.0.0 (0x00007f20ebd1f000)
	libabsl_base.so.2608.0.0 => /usr/lib/libabsl_base.so.2608.0.0 (0x00007f20ebd19000)
	libabsl_raw_logging_internal.so.2608.0.0 => /usr/lib/libabsl_raw_logging_internal.so.2608.0.0 (0x00007f20ebd12000)
	libabsl_log_severity.so.2608.0.0 => /usr/lib/libabsl_log_severity.so.2608.0.0 (0x00007f20ebd0d000)
	libabsl_spinlock_wait.so.2608.0.0 => /usr/lib/libabsl_spinlock_wait.so.2608.0.0 (0x00007f20ebd08000)
	libmuparser.so.2 => /usr/lib/libmuparser.so.2 (0x00007f20ebc83000)
	liblcms2.so.2 => /usr/lib/liblcms2.so.2 (0x00007f20ebc17000)
	liblua.so.5.5 => /usr/lib/liblua.so.5.5 (0x00007f20ebbcd000)
	libEGL.so.1 => /usr/lib/libEGL.so.1 (0x00007f20ebbb9000)
	libGLESv2.so.2 => /usr/lib/libGLESv2.so.2 (0x00007f20ebba9000)
	libGLX.so.0 => /usr/lib/libGLX.so.0 (0x00007f20ebb78000)
	libOpenGL.so.0 => /usr/lib/libOpenGL.so.0 (0x00007f20ebb54000)
	libglslang-default-resource-limits.so.16 => /usr/lib/libglslang-default-resource-limits.so.16 (0x00007f20ebb4a000)
	libSPIRV.so.16 => /usr/lib/libSPIRV.so.16 (0x00007f20ebb45000)
	libglslang.so.16 => /usr/lib/libglslang.so.16 (0x00007f20eb000000)
	libSPIRV-Tools-opt.so => /usr/lib/libSPIRV-Tools-opt.so (0x00007f20eac00000)
	libSPIRV-Tools.so => /usr/lib/libSPIRV-Tools.so (0x00007f20eaa24000)
	libstdc++.so.6 => /usr/lib/libstdc++.so.6 (0x00007f20ea600000)
	libm.so.6 => /usr/lib/libm.so.6 (0x00007f20eaec9000)
	libgcc_s.so.1 => /usr/lib/libgcc_s.so.1 (0x00007f20ebb16000)
	libc.so.6 => /usr/lib/libc.so.6 (0x00007f20ea200000)
	libXau.so.6 => /usr/lib/libXau.so.6 (0x00007f20ebb0f000)
	libXdmcp.so.6 => /usr/lib/libXdmcp.so.6 (0x00007f20ebb07000)
	libseat.so.1 => /usr/lib/libseat.so.1 (0x00007f20ebafc000)
	libwayland-client.so.0 => /usr/lib/libwayland-client.so.0 (0x00007f20ebaec000)
	libudev.so.1 => /usr/lib/libudev.so.1 (0x00007f20ea9d4000)
	libdisplay-info.so.3 => /usr/lib/libdisplay-info.so.3 (0x00007f20eae90000)
	libzip.so.5 => /usr/lib/libzip.so.5 (0x00007f20ebaca000)
	librsvg-2.so.2 => /usr/lib/librsvg-2.so.2 (0x00007f20e9c00000)
	libtomlplusplus.so.3 => /usr/lib/libtomlplusplus.so.3 (0x00007f20ea99a000)
	libjpeg.so.8 => /usr/lib/libjpeg.so.8 (0x00007f20ea8f2000)
	libwebp.so.7 => /usr/lib/libwebp.so.7 (0x00007f20ea579000)
	libmagic.so.1 => /usr/lib/libmagic.so.1 (0x00007f20ea54a000)
	libpng16.so.16 => /usr/lib/libpng16.so.16 (0x00007f20ea50d000)
	libjxl.so.0.12 => /usr/lib/libjxl.so.0.12 (0x00007f20e9600000)
	libjxl_threads.so.0.12 => /usr/lib/libjxl_threads.so.0.12 (0x00007f20ebac2000)
	/lib64/ld-linux-x86-64.so.2 => /usr/lib64/ld-linux-x86-64.so.2 (0x00007f20edb3d000)
	libffi.so.8 => /usr/lib/libffi.so.8 (0x00007f20eae82000)
	libpangoft2-1.0.so.0 => /usr/lib/libpangoft2-1.0.so.0 (0x00007f20ea8d3000)
	libfontconfig.so.1 => /usr/lib/libfontconfig.so.1 (0x00007f20ea492000)
	libfribidi.so.0 => /usr/lib/libfribidi.so.0 (0x00007f20ea472000)
	libthai.so.0 => /usr/lib/libthai.so.0 (0x00007f20ea467000)
	libz.so.1 => /usr/lib/libz.so.1 (0x00007f20ea44c000)
	libfreetype.so.6 => /usr/lib/libfreetype.so.6 (0x00007f20ea130000)
	libX11.so.6 => /usr/lib/libX11.so.6 (0x00007f20e9abe000)
	libXext.so.6 => /usr/lib/libXext.so.6 (0x00007f20ea438000)
	libXrender.so.1 => /usr/lib/libXrender.so.1 (0x00007f20ea42c000)
	libxcb-shm.so.0 => /usr/lib/libxcb-shm.so.0 (0x00007f20eae7d000)
	libgraphite2.so.3 => /usr/lib/libgraphite2.so.3 (0x00007f20ea10d000)
	libXfixes.so.3 => /usr/lib/libXfixes.so.3 (0x00007f20ea105000)
	libmtdev.so.1 => /usr/lib/libmtdev.so.1 (0x00007f20ea423000)
	libevdev.so.2 => /usr/lib/libevdev.so.2 (0x00007f20ea0ef000)
	libwacom.so.9 => /usr/lib/libwacom.so.9 (0x00007f20ea0dc000)
	liblua5.4.so.5.4 => /usr/lib/liblua5.4.so.5.4 (0x00007f20ea094000)
	libexpat.so.1 => /usr/lib/libexpat.so.1 (0x00007f20e9a90000)
	libgmodule-2.0.so.0 => /usr/lib/libgmodule-2.0.so.0 (0x00007f20e9a89000)
	libmount.so.1 => /usr/lib/libmount.so.1 (0x00007f20e95a3000)
	libpcre2-8.so.0 => /usr/lib/libpcre2-8.so.0 (0x00007f20e94f0000)
	libgomp.so.1 => /usr/lib/libgomp.so.1 (0x00007f20e9496000)
	libGLdispatch.so.0 => /usr/lib/libGLdispatch.so.0 (0x00007f20e941d000)
	libsystemd.so.0 => /usr/lib/libsystemd.so.0 (0x00007f20e92d5000)
	libbz2.so.1.0 => /usr/lib/libbz2.so.1.0 (0x00007f20e9a76000)
	liblzma.so.5 => /usr/lib/liblzma.so.5 (0x00007f20e9a41000)
	libzstd.so.1 => /usr/lib/libzstd.so.1 (0x00007f20e91ef000)
	libcrypto.so.3 => /usr/lib/libcrypto.so.3 (0x00007f20e8c00000)
	libgdk_pixbuf-2.0.so.0 => /usr/lib/libgdk_pixbuf-2.0.so.0 (0x00007f20e91b5000)
	libdav1d.so.7 => /usr/lib/libdav1d.so.7 (0x00007f20e8a1f000)
	libxml2.so.16 => /usr/lib/libxml2.so.16 (0x00007f20e88da000)
	libsharpyuv.so.0 => /usr/lib/libsharpyuv.so.0 (0x00007f20e9a36000)
	libjxl_cms.so.0.12 => /usr/lib/libjxl_cms.so.0.12 (0x00007f20e88b1000)
	libhwy.so.1 => /usr/lib/libhwy.so.1 (0x00007f20e88a2000)
	libbrotlidec.so.1 => /usr/lib/libbrotlidec.so.1 (0x00007f20e8893000)
	libbrotlienc.so.1 => /usr/lib/libbrotlienc.so.1 (0x00007f20e87d3000)
	libdatrie.so.1 => /usr/lib/libdatrie.so.1 (0x00007f20e91aa000)
	libgudev-1.0.so.0 => /usr/lib/libgudev-1.0.so.0 (0x00007f20e87c5000)
	libblkid.so.1 => /usr/lib/libblkid.so.1 (0x00007f20e8785000)
	libglycin-2.so.0 => /usr/lib/libglycin-2.so.0 (0x00007f20e8200000)
	libicuuc.so.78 => /usr/lib/libicuuc.so.78 (0x00007f20e7e00000)
	libbrotlicommon.so.1 => /usr/lib/libbrotlicommon.so.1 (0x00007f20e8762000)
	libseccomp.so.2 => /usr/lib/libseccomp.so.2 (0x00007f20e8733000)
	libicudata.so.78 => /usr/lib/libicudata.so.78 (0x00007f20e5e00000)
