{"event":"ack-configure","sequence":1,"controlSequence":0,"rootCommits":1,"childCommits":0,"serial":17,"width":320,"height":240,"monotonicNs":281552485340615}
{"event":"buffercommit","sequence":2,"controlSequence":0,"rootCommits":2,"childCommits":0,"serial":17,"width":320,"height":240,"monotonicNs":281552485452302}
{"event":"ready","sequence":3,"controlSequence":0,"rootCommits":2,"childCommits":0,"serial":17,"width":320,"height":240,"monotonicNs":281552485459720}
{"event":"buffer-release","sequence":4,"controlSequence":0,"rootCommits":2,"childCommits":0,"serial":17,"width":320,"height":240,"monotonicNs":281552485981717}
{"event":"ack-configure","sequence":5,"controlSequence":0,"rootCommits":2,"childCommits":0,"serial":18,"width":320,"height":240,"monotonicNs":281552485993682}
{"event":"ack-configure","sequence":6,"controlSequence":0,"rootCommits":2,"childCommits":0,"serial":35,"width":320,"height":240,"monotonicNs":281558217834367}
{"event":"ack-configure","sequence":7,"controlSequence":0,"rootCommits":2,"childCommits":0,"serial":38,"width":320,"height":240,"monotonicNs":281558229848114}
{"event":"ack-configure","sequence":8,"controlSequence":0,"rootCommits":2,"childCommits":0,"serial":52,"width":320,"height":240,"monotonicNs":281559715991929}
{"event":"ack-configure","sequence":9,"controlSequence":0,"rootCommits":2,"childCommits":0,"serial":55,"width":320,"height":240,"monotonicNs":281559727794650}
{"event":"ack-configure","sequence":10,"controlSequence":0,"rootCommits":2,"childCommits":0,"serial":69,"width":320,"height":240,"monotonicNs":281566098518117}
{"event":"ack-configure","sequence":11,"controlSequence":0,"rootCommits":2,"childCommits":0,"serial":72,"width":320,"height":240,"monotonicNs":281566111036448}
{"event":"ack-configure","sequence":12,"controlSequence":0,"rootCommits":2,"childCommits":0,"serial":74,"width":320,"height":240,"monotonicNs":281566744446836}
{"event":"ack-configure","sequence":13,"controlSequence":0,"rootCommits":2,"childCommits":0,"serial":148,"width":320,"height":240,"monotonicNs":281582071058831}
{"event":"ack-configure","sequence":14,"controlSequence":0,"rootCommits":2,"childCommits":0,"serial":149,"width":320,"height":240,"monotonicNs":281582113900981}
{"event":"ack-configure","sequence":15,"controlSequence":0,"rootCommits":2,"childCommits":0,"serial":201,"width":320,"height":240,"monotonicNs":281600179273458}
{"event":"ack-configure","sequence":16,"controlSequence":0,"rootCommits":2,"childCommits":0,"serial":278,"width":320,"height":240,"monotonicNs":281619941200731}
{"event":"ack-configure","sequence":17,"controlSequence":0,"rootCommits":2,"childCommits":0,"serial":281,"width":320,"height":240,"monotonicNs":281619942663981}
{"event":"ack-configure","sequence":18,"controlSequence":0,"rootCommits":2,"childCommits":0,"serial":282,"width":320,"height":240,"monotonicNs":281619968179397}
{"event":"ack-configure","sequence":19,"controlSequence":0,"rootCommits":2,"childCommits":0,"serial":287,"width":320,"height":240,"monotonicNs":281619994061712}
{"event":"ack-configure","sequence":20,"controlSequence":0,"rootCommits":2,"childCommits":0,"serial":288,"width":320,"height":240,"monotonicNs":281620045199118}
{"event":"ack-configure","sequence":21,"controlSequence":0,"rootCommits":2,"childCommits":0,"serial":293,"width":320,"height":240,"monotonicNs":281620096200680}
{"event":"ack-configure","sequence":22,"controlSequence":0,"rootCommits":2,"childCommits":0,"serial":294,"width":320,"height":240,"monotonicNs":281620147616539}
{"event":"ack-configure","sequence":23,"controlSequence":0,"rootCommits":2,"childCommits":0,"serial":299,"width":320,"height":240,"monotonicNs":281620198626047}
{"event":"ack-configure","sequence":24,"controlSequence":0,"rootCommits":2,"childCommits":0,"serial":300,"width":320,"height":240,"monotonicNs":281620325789051}
{"event":"ack-configure","sequence":25,"controlSequence":0,"rootCommits":2,"childCommits":0,"serial":305,"width":320,"height":240,"monotonicNs":281620376950923}
{"event":"ack-configure","sequence":26,"controlSequence":0,"rootCommits":2,"childCommits":0,"serial":306,"width":320,"height":240,"monotonicNs":281620503948775}
{"event":"ack-configure","sequence":27,"controlSequence":0,"rootCommits":2,"childCommits":0,"serial":311,"width":320,"height":240,"monotonicNs":281620555024578}
{"event":"ack-configure","sequence":28,"controlSequence":0,"rootCommits":2,"childCommits":0,"serial":312,"width":320,"height":240,"monotonicNs":281620632490964}
{"event":"ack-configure","sequence":29,"controlSequence":0,"rootCommits":2,"childCommits":0,"serial":317,"width":320,"height":240,"monotonicNs":281620683405496}
{"event":"ack-configure","sequence":30,"controlSequence":0,"rootCommits":2,"childCommits":0,"serial":318,"width":320,"height":240,"monotonicNs":281620734727843}
{"event":"ack-configure","sequence":31,"controlSequence":0,"rootCommits":2,"childCommits":0,"serial":323,"width":320,"height":240,"monotonicNs":281620760487391}
{"event":"ack-configure","sequence":32,"controlSequence":0,"rootCommits":2,"childCommits":0,"serial":324,"width":320,"height":240,"monotonicNs":281620811593468}
{"event":"ack-configure","sequence":33,"controlSequence":0,"rootCommits":2,"childCommits":0,"serial":329,"width":320,"height":240,"monotonicNs":281620912733562}
{"event":"ack-configure","sequence":34,"controlSequence":0,"rootCommits":2,"childCommits":0,"serial":331,"width":320,"height":240,"monotonicNs":281621460204506}
{"event":"ack-configure","sequence":35,"controlSequence":0,"rootCommits":2,"childCommits":0,"serial":336,"width":320,"height":240,"monotonicNs":281621587167542}
{"event":"ack-configure","sequence":36,"controlSequence":0,"rootCommits":2,"childCommits":0,"serial":338,"width":320,"height":240,"monotonicNs":281621842046226}
{"event":"ack-configure","sequence":37,"controlSequence":0,"rootCommits":2,"childCommits":0,"serial":341,"width":320,"height":240,"monotonicNs":281621868382748}
{"event":"ack-configure","sequence":38,"controlSequence":0,"rootCommits":2,"childCommits":0,"serial":365,"width":320,"height":240,"monotonicNs":281622362588656}
{"event":"ack-configure","sequence":39,"controlSequence":0,"rootCommits":2,"childCommits":0,"serial":395,"width":320,"height":240,"monotonicNs":281628983032915}
{"event":"ack-configure","sequence":40,"controlSequence":0,"rootCommits":2,"childCommits":0,"serial":452,"width":320,"height":240,"monotonicNs":281635606306625}
{"event":"ack-configure","sequence":41,"controlSequence":0,"rootCommits":2,"childCommits":0,"serial":560,"width":320,"height":240,"monotonicNs":281654183068452}
{"event":"ack-configure","sequence":42,"controlSequence":0,"rootCommits":2,"childCommits":0,"serial":587,"width":320,"height":240,"monotonicNs":281655365963002}
{"event":"ack-configure","sequence":43,"controlSequence":0,"rootCommits":2,"childCommits":0,"serial":593,"width":320,"height":240,"monotonicNs":281655474142118}
{"event":"ack-configure","sequence":44,"controlSequence":0,"rootCommits":2,"childCommits":0,"serial":605,"width":320,"height":240,"monotonicNs":281656453611194}
{"event":"request","sequence":45,"controlSequence":1,"rootCommits":2,"childCommits":0,"serial":605,"width":320,"height":240,"monotonicNs":281657107430836,"command":"quit"}
{"event":"normalexit","sequence":46,"controlSequence":1,"rootCommits":2,"childCommits":0,"serial":605,"width":320,"height":240,"monotonicNs":281657107458547}
