00000000000435e0 T _Z10spvFixWordj16spv_endianness_t
0000000000041570 T _Z11spvIsIdType18spv_operand_type_t
000000000004bb20 T _Z12spvIsValidIDPKc
00000000000415f0 T _Z13spvIsInIdType18spv_operand_type_t
0000000000048c50 T _Z13spvIsValidEnv14spv_target_env
0000000000040040 T _Z13spvOpcodeMaketN3spv2OpE
0000000000031a90 T _Z13spv_strnlen_sPKcm
0000000000048c20 T _Z14spvIsOpenCLEnv14spv_target_env
0000000000048c40 T _Z14spvIsOpenGLEnv14spv_target_env
0000000000048c00 T _Z14spvIsVulkanEnv14spv_target_env
0000000000040a50 T _Z14spvOpcodeIsBitN3spv2OpE
0000000000040050 T _Z14spvOpcodeSplitjPtS_
000000000003ffd0 T _Z15spvGeneratorStrj
0000000000043900 T _Z15spvIsHostEndian16spv_endianness_t
00000000000404b0 T _Z15spvOpcodeIsLoadN3spv2OpE
0000000000046f30 T _Z15spvOpcodeStringN3spv2OpE
0000000000043830 T _Z16spvFixDoubleWordjj16spv_endianness_t
00000000000405f0 T _Z16spvOpcodeIsAbortN3spv2OpE
00000000000407b0 T _Z16spvOpcodeIsDebugN3spv2OpE
0000000000048da0 T _Z16spvTargetEnvListB5cxx11ii
000000000004bb90 T _Z16spvTextToLiteralPKcP13spv_literal_t
0000000000040510 T _Z17spvOpcodeIsBranchN3spv2OpE
00000000000405d0 T _Z17spvOpcodeIsReturnN3spv2OpE
0000000000040ab0 T _Z17spvOperandTypeStr18spv_operand_type_t
0000000000033b00 T _Z18spvBinaryHeaderGetP18spv_const_binary_t16spv_endianness_tP12spv_header_t
00000000000435f0 T _Z18spvInstructionCopyPKjN3spv2OpEt16spv_endianness_tP17spv_instruction_t
0000000000048c70 T _Z18spvLogStringForEnvB5cxx1114spv_target_env
0000000000043880 T _Z19spvBinaryEndiannessP18spv_const_binary_tP16spv_endianness_t
0000000000040590 T _Z19spvOpcodeIsAtomicOpN3spv2OpE
00000000000400d0 T _Z19spvOpcodeIsConstantN3spv2OpE
0000000000040e00 T _Z19spvPushOperandTypesPK18spv_operand_type_tPSt6vectorIS_SaIS_EE
0000000000040ea0 T _Z19spvPushOperandTypesRKN8spvtools5utils4SpanIK18spv_operand_type_tEEPSt6vectorIS2_SaIS2_EE
00000000000401d0 T _Z20spvOpcodeIsCompositeN3spv2OpE
0000000000040f90 T _Z20spvOperandIsOptional18spv_operand_type_t
0000000000040f70 T _Z20spvOperandIsVariable18spv_operand_type_t
000000000004f500 T _Z20spvTextEncodeOperandRKN8spvtools15AssemblyGrammarEPNS_15AssemblyContextE18spv_operand_type_tPKcP17spv_instruction_tPSt6vectorIS5_SaIS5_EE
000000000003ee90 T _Z21spvExtInstIsDebugInfo19spv_ext_inst_type_t
000000000004baf0 T _Z21spvIsValidIDCharacterc
0000000000040460 T _Z21spvOpcodeIsDecorationN3spv2OpE
0000000000040070 T _Z21spvOpcodeIsScalarTypeN3spv2OpE
0000000000040360 T _Z22spvOpcodeGeneratesTypeN3spv2OpE
0000000000040a20 T _Z22spvOpcodeIsAccessChainN3spv2OpE
0000000000040870 T _Z22spvOpcodeIsImageSampleN3spv2OpE
0000000000048810 T _Z22spvVersionForTargetEnv14spv_target_env
000000000003ec60 T _Z23spvExtInstImportTypeGetPKc
000000000003ee60 T _Z23spvExtInstIsNonSemantic19spv_ext_inst_type_t
0000000000040730 T _Z23spvOpcodeIsScalarizableN3spv2OpE
0000000000040080 T _Z23spvOpcodeIsSpecConstantN3spv2OpE
00000000000408b0 T _Z24spvIsExtendedInstructionN3spv2OpE
0000000000040850 T _Z24spvOpcodeIsLinearAlgebraN3spv2OpE
0000000000040650 T _Z24spvOpcodeIsReturnOrAbortN3spv2OpE
00000000000341a0 T _Z25spvBinaryParseWithOptionsPK13spv_context_tPvPKjmPF12spv_result_tS2_16spv_endianness_tjjjjjEPFS5_S2_PK24spv_parsed_instruction_tEPP16spv_diagnostic_tj
0000000000040530 T _Z25spvOpcodeIsAtomicWithLoadN3spv2OpE
00000000000406b0 T _Z25spvOpcodeIsBaseOpaqueTypeN3spv2OpE
0000000000040680 T _Z26spvOpcodeIsBlockTerminatorN3spv2OpE
0000000000040190 T _Z26spvOpcodeIsConstantOrUndefN3spv2OpE
0000000000046f40 T _Z26spvPushOperandTypesForMask18spv_operand_type_tjPSt6vectorIS_SaIS_EE
00000000000488f0 T _Z26spvReadEnvironmentFromTextRKSt6vectorIcSaIcEEP14spv_target_env
0000000000040fc0 T _Z28spvExpandOperandSequenceOnce18spv_operand_type_tPSt6vectorIS_SaIS_EE
0000000000041330 T _Z28spvTakeFirstMatchableOperandPSt6vectorI18spv_operand_type_tSaIS0_EE
0000000000031300 T _Z29spvDecodeLiteralStringOperandB5cxx11RK24spv_parsed_instruction_tt
00000000000402d0 T _Z30spvOpcodeReturnsLogicalPointerN3spv2OpE
0000000000049700 T _Z30spvParseUniversalLimitsOptionsPKcP19spv_validator_limit
0000000000040a80 T _Z32spvOpcodeGeneratesUntypedPointerN3spv2OpE
0000000000041b80 T _Z34spvFPEncodingFromOperandFPEncodingN3spv10FPEncodingE
00000000000406f0 T _Z35spvOpcodeIsNonUniformGroupOperationN3spv2OpE
00000000000407f0 T _Z36spvOpcodeIsCommutativeBinaryOperatorN3spv2OpE
0000000000041390 T _Z37spvAlternatePatternFollowingImmediateRKSt6vectorI18spv_operand_type_tSaIS0_EE
00000000000408d0 T _Z38spvOpcodeMemorySemanticsOperandIndicesN3spv2OpE
0000000000040220 T _Z38spvOpcodeReturnsLogicalVariablePointerN3spv2OpE
0000000000041620 T _Z38spvOperandCanBeForwardDeclaredFunctionN3spv2OpE
0000000000041a50 T _Z48spvDbgInfoExtOperandCanBeForwardDeclaredFunctionN3spv2OpE19spv_ext_inst_type_tj
00000000001db3f0 B _ZGVZN8spvtools5utils8HexFloatINS0_10FloatProxyIdEENS0_14HexFloatTraitsIS3_EEE31getRoundedNormalizedSignificandINS1_INS2_INS0_11Float8_E8M0EEENS4_IS9_EEEEEENS0_10CastResultENS0_15round_directionEPNT_9uint_typeEPbE17first_rounded_bit
00000000001db400 B _ZGVZN8spvtools5utils8HexFloatINS0_10FloatProxyIdEENS0_14HexFloatTraitsIS3_EEE31getRoundedNormalizedSignificandINS1_INS2_INS0_11Float8_E8M0EEENS4_IS9_EEEEEENS0_10CastResultENS0_15round_directionEPNT_9uint_typeEPbE20last_significant_bit
00000000001db440 B _ZGVZN8spvtools5utils8HexFloatINS0_10FloatProxyIdEENS0_14HexFloatTraitsIS3_EEE31getRoundedNormalizedSignificandINS1_INS2_IfEENS4_IS8_EEEEEENS0_10CastResultENS0_15round_directionEPNT_9uint_typeEPbE17first_rounded_bit
00000000001db450 B _ZGVZN8spvtools5utils8HexFloatINS0_10FloatProxyIdEENS0_14HexFloatTraitsIS3_EEE31getRoundedNormalizedSignificandINS1_INS2_IfEENS4_IS8_EEEEEENS0_10CastResultENS0_15round_directionEPNT_9uint_typeEPbE20last_significant_bit
00000000001db410 B _ZGVZN8spvtools5utils8HexFloatINS0_10FloatProxyIdEENS0_14HexFloatTraitsIS3_EEE31getRoundedNormalizedSignificandIS6_EENS0_10CastResultENS0_15round_directionEPNT_9uint_typeEPbE20last_significant_bit
00000000001db3d0 B _ZGVZN8spvtools5utils8HexFloatINS0_10FloatProxyIfEENS0_14HexFloatTraitsIS3_EEE31getRoundedNormalizedSignificandINS1_INS2_INS0_11Float4_E2M1EEENS4_IS9_EEEEEENS0_10CastResultENS0_15round_directionEPNT_9uint_typeEPbE17first_rounded_bit
00000000001db3e0 B _ZGVZN8spvtools5utils8HexFloatINS0_10FloatProxyIfEENS0_14HexFloatTraitsIS3_EEE31getRoundedNormalizedSignificandINS1_INS2_INS0_11Float4_E2M1EEENS4_IS9_EEEEEENS0_10CastResultENS0_15round_directionEPNT_9uint_typeEPbE20last_significant_bit
00000000001db3b0 B _ZGVZN8spvtools5utils8HexFloatINS0_10FloatProxyIfEENS0_14HexFloatTraitsIS3_EEE31getRoundedNormalizedSignificandINS1_INS2_INS0_11Float6_E2M3EEENS4_IS9_EEEEEENS0_10CastResultENS0_15round_directionEPNT_9uint_typeEPbE17first_rounded_bit
00000000001db3c0 B _ZGVZN8spvtools5utils8HexFloatINS0_10FloatProxyIfEENS0_14HexFloatTraitsIS3_EEE31getRoundedNormalizedSignificandINS1_INS2_INS0_11Float6_E2M3EEENS4_IS9_EEEEEENS0_10CastResultENS0_15round_directionEPNT_9uint_typeEPbE20last_significant_bit
00000000001db390 B _ZGVZN8spvtools5utils8HexFloatINS0_10FloatProxyIfEENS0_14HexFloatTraitsIS3_EEE31getRoundedNormalizedSignificandINS1_INS2_INS0_11Float6_E3M2EEENS4_IS9_EEEEEENS0_10CastResultENS0_15round_directionEPNT_9uint_typeEPbE17first_rounded_bit
00000000001db3a0 B _ZGVZN8spvtools5utils8HexFloatINS0_10FloatProxyIfEENS0_14HexFloatTraitsIS3_EEE31getRoundedNormalizedSignificandINS1_INS2_INS0_11Float6_E3M2EEENS4_IS9_EEEEEENS0_10CastResultENS0_15round_directionEPNT_9uint_typeEPbE20last_significant_bit
00000000001db420 B _ZGVZN8spvtools5utils8HexFloatINS0_10FloatProxyIfEENS0_14HexFloatTraitsIS3_EEE31getRoundedNormalizedSignificandINS1_INS2_INS0_11Float8_E4M3EEENS4_IS9_EEEEEENS0_10CastResultENS0_15round_directionEPNT_9uint_typeEPbE17first_rounded_bit
00000000001db430 B _ZGVZN8spvtools5utils8HexFloatINS0_10FloatProxyIfEENS0_14HexFloatTraitsIS3_EEE31getRoundedNormalizedSignificandINS1_INS2_INS0_11Float8_E4M3EEENS4_IS9_EEEEEENS0_10CastResultENS0_15round_directionEPNT_9uint_typeEPbE20last_significant_bit
00000000001db370 B _ZGVZN8spvtools5utils8HexFloatINS0_10FloatProxyIfEENS0_14HexFloatTraitsIS3_EEE31getRoundedNormalizedSignificandINS1_INS2_INS0_11Float8_E5M2EEENS4_IS9_EEEEEENS0_10CastResultENS0_15round_directionEPNT_9uint_typeEPbE17first_rounded_bit
00000000001db380 B _ZGVZN8spvtools5utils8HexFloatINS0_10FloatProxyIfEENS0_14HexFloatTraitsIS3_EEE31getRoundedNormalizedSignificandINS1_INS2_INS0_11Float8_E5M2EEENS4_IS9_EEEEEENS0_10CastResultENS0_15round_directionEPNT_9uint_typeEPbE20last_significant_bit
00000000001db330 B _ZGVZN8spvtools5utils8HexFloatINS0_10FloatProxyIfEENS0_14HexFloatTraitsIS3_EEE31getRoundedNormalizedSignificandINS1_INS2_INS0_7Float16EEENS4_IS9_EEEEEENS0_10CastResultENS0_15round_directionEPNT_9uint_typeEPbE17first_rounded_bit
00000000001db340 B _ZGVZN8spvtools5utils8HexFloatINS0_10FloatProxyIfEENS0_14HexFloatTraitsIS3_EEE31getRoundedNormalizedSignificandINS1_INS2_INS0_7Float16EEENS4_IS9_EEEEEENS0_10CastResultENS0_15round_directionEPNT_9uint_typeEPbE20last_significant_bit
00000000001db350 B _ZGVZN8spvtools5utils8HexFloatINS0_10FloatProxyIfEENS0_14HexFloatTraitsIS3_EEE31getRoundedNormalizedSignificandINS1_INS2_INS0_8BFloat16EEENS4_IS9_EEEEEENS0_10CastResultENS0_15round_directionEPNT_9uint_typeEPbE17first_rounded_bit
00000000001db360 B _ZGVZN8spvtools5utils8HexFloatINS0_10FloatProxyIfEENS0_14HexFloatTraitsIS3_EEE31getRoundedNormalizedSignificandINS1_INS2_INS0_8BFloat16EEENS4_IS9_EEEEEENS0_10CastResultENS0_15round_directionEPNT_9uint_typeEPbE20last_significant_bit
0000000000043910 T _ZN20spv_fuzzer_options_tC1Ev
0000000000043910 T _ZN20spv_fuzzer_options_tC2Ev
0000000000043ad0 T _ZN21spv_reducer_options_tC1Ev
0000000000043ad0 T _ZN21spv_reducer_options_tC2Ev
0000000000044270 T _ZN8spvtools10SpirvTools18SetMessageConsumerESt8functionIFv19spv_message_level_tPKcRK14spv_position_tS4_EE
0000000000044600 T _ZN8spvtools10SpirvTools5ParseERKSt6vectorIjSaIjEERKSt8functionIF12spv_result_t16spv_endianness_tRK19spv_parsed_header_tEERKS6_IFS7_RK24spv_parsed_instruction_tEEPP16spv_diagnostic_t
0000000000044110 T _ZN8spvtools10SpirvToolsC1E14spv_target_env
0000000000044110 T _ZN8spvtools10SpirvToolsC2E14spv_target_env
00000000000441a0 T _ZN8spvtools10SpirvToolsD1Ev
00000000000441a0 T _ZN8spvtools10SpirvToolsD2Ev
0000000000037f00 T _ZN8spvtools11disassemble23InstructionDisassembler10ResetColorEv
0000000000033250 T _ZN8spvtools11disassemble23InstructionDisassembler15EmitHeaderSpirvEv
0000000000039f70 T _ZN8spvtools11disassemble23InstructionDisassembler15EmitInstructionERK24spv_parsed_instruction_tm
0000000000033340 T _ZN8spvtools11disassemble23InstructionDisassembler16EmitHeaderSchemaEj
00000000000332f0 T _ZN8spvtools11disassemble23InstructionDisassembler17EmitHeaderIdBoundEj
0000000000033270 T _ZN8spvtools11disassemble23InstructionDisassembler17EmitHeaderVersionEj
0000000000037740 T _ZN8spvtools11disassemble23InstructionDisassembler18EmitSectionCommentERK24spv_parsed_instruction_tRbS5_S5_
00000000000374e0 T _ZN8spvtools11disassemble23InstructionDisassembler19EmitHeaderGeneratorEj
0000000000038c20 T _ZN8spvtools11disassemble23InstructionDisassembler19EmitInstructionImplERK24spv_parsed_instruction_tmjb
0000000000039f80 T _ZN8spvtools11disassemble23InstructionDisassembler22EmitInstructionInBlockERK24spv_parsed_instruction_tmj
0000000000038720 T _ZN8spvtools11disassemble23InstructionDisassembler29GenerateCommentForDecoratedIdERK24spv_parsed_instruction_t
0000000000038180 T _ZN8spvtools11disassemble23InstructionDisassembler6SetRedEv
0000000000038040 T _ZN8spvtools11disassemble23InstructionDisassembler7SetBlueEv
0000000000037fa0 T _ZN8spvtools11disassemble23InstructionDisassembler7SetGreyEv
000000000003bdf0 T _ZN8spvtools11disassemble23InstructionDisassembler8SetGreenEv
00000000000380e0 T _ZN8spvtools11disassemble23InstructionDisassembler9SetYellowEv
0000000000033180 T _ZN8spvtools11disassemble23InstructionDisassemblerC1ERSojSt8functionIFNSt7__cxx1112basic_stringIcSt11char_traitsIcESaIcEEEjEE
0000000000033180 T _ZN8spvtools11disassemble23InstructionDisassemblerC2ERSojSt8functionIFNSt7__cxx1112basic_stringIcSt11char_traitsIcESaIcEEEjEE
0000000000049d40 T _ZN8spvtools12LookupOpcodeEN3spv2OpEPPKNS_15InstructionDescE
0000000000049dd0 T _ZN8spvtools12LookupOpcodeEPKcPPKNS_15InstructionDescE
000000000017f740 R _ZN8spvtools12kUnknownTypeE
000000000004af50 T _ZN8spvtools13LookupExtInstE19spv_ext_inst_type_tPKcPPKNS_11ExtInstDescE
000000000004b0a0 T _ZN8spvtools13LookupExtInstE19spv_ext_inst_type_tjPPKNS_11ExtInstDescE
000000000004a750 T _ZN8spvtools13LookupOperandE18spv_operand_type_tPKcmPPKNS_11OperandDescE
000000000004a000 T _ZN8spvtools13LookupOperandE18spv_operand_type_tjPPKNS_11OperandDescE
000000000004cd50 T _ZN8spvtools15AssemblyContext11seekForwardEj
000000000004ca80 T _ZN8spvtools15AssemblyContext12startsWithOpEv
000000000004cd70 T _ZN8spvtools15AssemblyContext15binaryEncodeU32EjP17spv_instruction_t
000000000004cad0 T _ZN8spvtools15AssemblyContext16isStartOfNewInstEv
000000000004e4f0 T _ZN8spvtools15AssemblyContext18binaryEncodeStringEPKcP17spv_instruction_t
000000000004dbf0 T _ZN8spvtools15AssemblyContext20recordTypeDefinitionEPK17spv_instruction_t
000000000004d040 T _ZN8spvtools15AssemblyContext20recordTypeIdForValueEjj
000000000004bf70 T _ZN8spvtools15AssemblyContext21spvNamedIdAssignOrGetEPKc
000000000004d160 T _ZN8spvtools15AssemblyContext23recordIdAsExtInstImportEj19spv_ext_inst_type_t
000000000004d860 T _ZN8spvtools15AssemblyContext26binaryEncodeNumericLiteralEPKc12spv_result_tRKNS_6IdTypeEP17spv_instruction_t
000000000004c840 T _ZN8spvtools15AssemblyContext7advanceEv
000000000004c940 T _ZN8spvtools15AssemblyContext7getWordEPNSt7__cxx1112basic_stringIcSt11char_traitsIcESaIcEEEP14spv_position_t
0000000000032580 T _ZN8spvtools16DiagnosticStreamC1EOS0_
0000000000032580 T _ZN8spvtools16DiagnosticStreamC2EOS0_
0000000000032a20 T _ZN8spvtools16DiagnosticStreamD1Ev
0000000000032a20 T _ZN8spvtools16DiagnosticStreamD2Ev
000000000004b150 T _ZN8spvtools17ExtensionToStringENS_9ExtensionE
0000000000032f90 T _ZN8spvtools17spvResultToStringB5cxx11E12spv_result_t
0000000000041c30 T _ZN8spvtools18EmitNumericLiteralEPSoRK24spv_parsed_instruction_tRK20spv_parsed_operand_t
0000000000045490 T _ZN8spvtools18FriendlyNameMapper15SaveBuiltInNameEjj
0000000000045ee0 T _ZN8spvtools18FriendlyNameMapper16ParseInstructionERK24spv_parsed_instruction_t
0000000000045920 T _ZN8spvtools18FriendlyNameMapper18NameForEnumOperandB5cxx11E18spv_operand_type_tj
0000000000046eb0 T _ZN8spvtools18FriendlyNameMapper25ParseInstructionForwarderEPvPK24spv_parsed_instruction_t
000000000003ef30 T _ZN8spvtools18FriendlyNameMapper8SanitizeERKNSt7__cxx1112basic_stringIcSt11char_traitsIcESaIcEEE
0000000000044990 T _ZN8spvtools18FriendlyNameMapper8SaveNameEjRKNSt7__cxx1112basic_stringIcSt11char_traitsIcESaIcEEE
00000000000447c0 T _ZN8spvtools18FriendlyNameMapper9NameForIdB5cxx11Ej
0000000000045840 T _ZN8spvtools18FriendlyNameMapperC1EPK13spv_context_tPKjmj
0000000000045840 T _ZN8spvtools18FriendlyNameMapperC2EPK13spv_context_tPKjmj
0000000000043b20 T _ZN8spvtools18GetExtensionStringB5cxx11EPK24spv_parsed_instruction_t
0000000000049f60 T _ZN8spvtools18LookupOpcodeForEnvE14spv_target_envN3spv2OpEPPKNS_15InstructionDescE
0000000000049ec0 T _ZN8spvtools18LookupOpcodeForEnvE14spv_target_envPKcPPKNS_15InstructionDescE
0000000000043bd0 T _ZN8spvtools20ExtensionSetToStringB5cxx11ERKNS_7EnumSetINS_9ExtensionEEE
000000000003ef00 T _ZN8spvtools20GetTrivialNameMapperB5cxx11Ev
000000000004b8b0 T _ZN8spvtools20StorageClassToStringEN3spv12StorageClassE
000000000004b7c0 T _ZN8spvtools22GetExtensionFromStringEPKcPNS_9ExtensionE
0000000000049b10 T _ZN8spvtools25SetContextMessageConsumerEP13spv_context_tSt8functionIFv19spv_message_level_tPKcRK14spv_position_tS5_EE
000000000003be00 T _ZN8spvtools26spvInstructionBinaryToTextB5cxx11E14spv_target_envPKjmS2_mj
0000000000034120 T _ZN8spvtools30UseDiagnosticAsMessageConsumerEP13spv_context_tPP16spv_diagnostic_t
0000000000043580 T _ZN8spvtools3clr3redcvPKcEv
00000000000435b0 T _ZN8spvtools3clr4bluecvPKcEv
0000000000043570 T _ZN8spvtools3clr4greycvPKcEv
0000000000043590 T _ZN8spvtools3clr5greencvPKcEv
0000000000043560 T _ZN8spvtools3clr5resetcvPKcEv
00000000000435a0 T _ZN8spvtools3clr6yellowcvPKcEv
000000000012f600 T _ZN8spvtools3val10BasicBlock17DominatorIteratorC1EPKS1_St8functionIFS4_S4_EE
000000000012f5d0 T _ZN8spvtools3val10BasicBlock17DominatorIteratorC1Ev
000000000012f600 T _ZN8spvtools3val10BasicBlock17DominatorIteratorC2EPKS1_St8functionIFS4_S4_EE
000000000012f5d0 T _ZN8spvtools3val10BasicBlock17DominatorIteratorC2Ev
000000000012faf0 T _ZN8spvtools3val10BasicBlock17DominatorIteratordeEv
000000000012f660 T _ZN8spvtools3val10BasicBlock17DominatorIteratorppEv
000000000012f480 T _ZN8spvtools3val10BasicBlock18RegisterSuccessorsERKSt6vectorIPS1_SaIS3_EE
000000000012f960 T _ZN8spvtools3val10BasicBlock18structural_dom_endEv
000000000012f450 T _ZN8spvtools3val10BasicBlock19immediate_dominatorEv
000000000012faa0 T _ZN8spvtools3val10BasicBlock19structural_pdom_endEv
000000000012f8c0 T _ZN8spvtools3val10BasicBlock20structural_dom_beginEv
000000000012f390 T _ZN8spvtools3val10BasicBlock21SetImmediateDominatorEPS1_
000000000012fa00 T _ZN8spvtools3val10BasicBlock21structural_pdom_beginEv
000000000012f460 T _ZN8spvtools3val10BasicBlock30immediate_structural_dominatorEv
000000000012f3a0 T _ZN8spvtools3val10BasicBlock31SetImmediateStructuralDominatorEPS1_
000000000012f3b0 T _ZN8spvtools3val10BasicBlock35SetImmediateStructuralPostDominatorEPS1_
000000000012f470 T _ZN8spvtools3val10BasicBlock35immediate_structural_post_dominatorEv
000000000012f820 T _ZN8spvtools3val10BasicBlock7dom_endEv
000000000012f780 T _ZN8spvtools3val10BasicBlock9dom_beginEv
000000000012f330 T _ZN8spvtools3val10BasicBlockC1Ej
000000000012f330 T _ZN8spvtools3val10BasicBlockC2Ej
00000000001178b0 T _ZN8spvtools3val10MemoryPassERNS0_17ValidationState_tEPKNS0_11InstructionE
000000000012e340 T _ZN8spvtools3val10TensorPassERNS0_17ValidationState_tEPKNS0_11InstructionE
00000000000621c0 T _ZN8spvtools3val11AtomicsPassERNS0_17ValidationState_tEPKNS0_11InstructionE
0000000000067a30 T _ZN8spvtools3val11BitwisePassERNS0_17ValidationState_tEPKNS0_11InstructionE
000000000013b910 T _ZN8spvtools3val11Instruction11RegisterUseEPKS1_j
000000000013b7a0 T _ZN8spvtools3val11InstructionC1EPK24spv_parsed_instruction_t
000000000013b7a0 T _ZN8spvtools3val11InstructionC2EPK24spv_parsed_instruction_t
00000000000e50d0 T _ZN8spvtools3val11UpdateIdUseERNS0_17ValidationState_tEPKNS0_11InstructionE
000000000005ee10 T _ZN8spvtools3val11ValidateDotERNS0_17ValidationState_tEPKNS0_11InstructionE
0000000000063210 T _ZN8spvtools3val12BarriersPassERNS0_17ValidationState_tEPKNS0_11InstructionE
00000000000b83d0 T _ZN8spvtools3val12ConstantPassERNS0_17ValidationState_tEPKNS0_11InstructionE
00000000000e8040 T _ZN8spvtools3val12FunctionPassERNS0_17ValidationState_tEPKNS0_11InstructionE
0000000000129b60 T _ZN8spvtools3val12IsValidScopeEj
0000000000100060 T _ZN8spvtools3val12LiteralsPassERNS0_17ValidationState_tEPKNS0_11InstructionE
00000000001037a0 T _ZN8spvtools3val12LogicalsPassERNS0_17ValidationState_tEPKNS0_11InstructionE
0000000000123d50 T _ZN8spvtools3val12RayQueryPassERNS0_17ValidationState_tEPKNS0_11InstructionE
00000000000e4330 T _ZN8spvtools3val13ExtensionPassERNS0_17ValidationState_tEPKNS0_11InstructionE
000000000005dd10 T _ZN8spvtools3val13ValidateFloatERNS0_17ValidationState_tEPKNS0_11InstructionEj
000000000012b4b0 T _ZN8spvtools3val13ValidateScopeERNS0_17ValidationState_tEPKNS0_11InstructionEj
0000000000063ab0 T _ZN8spvtools3val13ValidateShiftERNS0_17ValidationState_tEPKNS0_11InstructionEj
000000000005ce90 T _ZN8spvtools3val14AnnotationPassERNS0_17ValidationState_tEPKNS0_11InstructionE
000000000009ebc0 T _ZN8spvtools3val14CapabilityPassERNS0_17ValidationState_tEPKNS0_11InstructionE
00000000000b48f0 T _ZN8spvtools3val14CompositesPassERNS0_17ValidationState_tEPKNS0_11InstructionE
00000000000a64a0 T _ZN8spvtools3val14ConstructNamesB5cxx11ENS0_13ConstructTypeE
00000000000be1d0 T _ZN8spvtools3val14ConversionPassERNS0_17ValidationState_tEPKNS0_11InstructionE
00000000000cf5f0 T _ZN8spvtools3val14DotProductPassERNS0_17ValidationState_tEPKNS0_11InstructionE
0000000000120fe0 T _ZN8spvtools3val14GetArrayLengthERNS0_17ValidationState_tEPKNS0_11InstructionE
0000000000122400 T _ZN8spvtools3val14NonUniformPassERNS0_17ValidationState_tEPKNS0_11InstructionE
00000000001235f0 T _ZN8spvtools3val14PrimitivesPassERNS0_17ValidationState_tEPKNS0_11InstructionE
0000000000125540 T _ZN8spvtools3val14RayTracingPassERNS0_17ValidationState_tEPKNS0_11InstructionE
0000000000100240 T _ZN8spvtools3val14ValidateAnyAllERNS0_17ValidationState_tEPKNS0_11InstructionE
0000000000102ed0 T _ZN8spvtools3val14ValidateSelectERNS0_17ValidationState_tEPKNS0_11InstructionEj
0000000000061fc0 T _ZN8spvtools3val15ArithmeticsPassERNS0_17ValidationState_tEPKNS0_11InstructionE
00000000000a9fc0 T _ZN8spvtools3val15ControlFlowPassERNS0_17ValidationState_tEPKNS0_11InstructionE
00000000000cdf20 T _ZN8spvtools3val15DerivativesPassERNS0_17ValidationState_tEPKNS0_11InstructionE
00000000000fd300 T _ZN8spvtools3val15InstructionPassERNS0_17ValidationState_tEPKNS0_11InstructionE
0000000000135800 T _ZN8spvtools3val15InvalidTypePassERNS0_17ValidationState_tEPKNS0_11InstructionE
000000000011ba40 T _ZN8spvtools3val15MeshShadingPassERNS0_17ValidationState_tEPKNS0_11InstructionE
000000000011f330 T _ZN8spvtools3val15ModeSettingPassERNS0_17ValidationState_tEPKNS0_11InstructionE
00000000000bcda0 T _ZN8spvtools3val15ValidateBitcastERNS0_17ValidationState_tEPKNS0_11InstructionEj
0000000000063ef0 T _ZN8spvtools3val15ValidateBitwiseERNS0_17ValidationState_tEPKNS0_11InstructionEj
00000000000e42c0 T _ZN8spvtools3val15ValidateExtInstERNS0_17ValidationState_tEPKNS0_11InstructionE
00000000000a7700 T _ZN8spvtools3val16FirstBlockAssertERNS0_17ValidationState_tEj
00000000000a7740 T _ZN8spvtools3val16MergeBlockAssertERNS0_17ValidationState_tEj
00000000000ff3b0 T _ZN8spvtools3val16ModuleLayoutPassERNS0_17ValidationState_tEPKNS0_11InstructionE
00000000000ae510 T _ZN8spvtools3val16PerformCfgChecksERNS0_17ValidationState_tE
0000000000126280 T _ZN8spvtools3val16RayReorderNVPassERNS0_17ValidationState_tEPKNS0_11InstructionE
00000000000a8e00 T _ZN8spvtools3val16ReachabilityPassERNS0_17ValidationState_tE
000000000012d800 T _ZN8spvtools3val16TensorLayoutPassERNS0_17ValidationState_tEPKNS0_11InstructionE
0000000000063750 T _ZN8spvtools3val16ValidateBaseTypeERNS0_17ValidationState_tEPKNS0_11InstructionEj
0000000000067810 T _ZN8spvtools3val16ValidateBitCountERNS0_17ValidationState_tEPKNS0_11InstructionE
000000000009fbb0 T _ZN8spvtools3val16ValidateBuiltInsERNS0_17ValidationState_tE
00000000000b9f10 T _ZN8spvtools3val16ValidateFConvertERNS0_17ValidationState_tEPKNS0_11InstructionEj
00000000000b9ba0 T _ZN8spvtools3val16ValidateSConvertERNS0_17ValidationState_tEPKNS0_11InstructionEj
0000000000124b90 T _ZN8spvtools3val16ValidateTraceRayERNS0_17ValidationState_tEPKNS0_11InstructionE
00000000000b9830 T _ZN8spvtools3val16ValidateUConvertERNS0_17ValidationState_tEPKNS0_11InstructionEj
0000000000129b70 T _ZN8spvtools3val17RayReorderEXTPassERNS0_17ValidationState_tEPKNS0_11InstructionE
0000000000056520 T _ZN8spvtools3val17ValidateAdjacencyERNS0_17ValidationState_tE
00000000000d0770 T _ZN8spvtools3val17ValidateExtensionERNS0_17ValidationState_tEPKNS0_11InstructionE
000000000005e690 T _ZN8spvtools3val17ValidateSignedIntERNS0_17ValidationState_tEPKNS0_11InstructionEj
000000000013d960 T _ZN8spvtools3val17ValidationState_t10setIdBoundEj
000000000013c2c0 T _ZN8spvtools3val17ValidationState_t14AssignNameToIdEjNSt7__cxx1112basic_stringIcSt11char_traitsIcESaIcEEE
0000000000147540 T _ZN8spvtools3val17ValidationState_t14LogicallyMatchEPKNS0_11InstructionES4_b
000000000013dc40 T _ZN8spvtools3val17ValidationState_t16ForwardDeclareIdEj
000000000014a1c0 T _ZN8spvtools3val17ValidationState_t16InspectDebugLineERNSt7__cxx1119basic_ostringstreamIcSt11char_traitsIcESaIcEEERKNS0_11InstructionE
0000000000144090 T _ZN8spvtools3val17ValidationState_t16RegisterFunctionEjjN3spv19FunctionControlMaskEj
000000000013c780 T _ZN8spvtools3val17ValidationState_t16current_functionEv
000000000013cf20 T _ZN8spvtools3val17ValidationState_t16set_memory_modelEN3spv11MemoryModelE
000000000014ac50 T _ZN8spvtools3val17ValidationState_t17InspectEntryPointERNSt7__cxx1119basic_ostringstreamIcSt11char_traitsIcESaIcEEERKNS0_11InstructionE
000000000013c9a0 T _ZN8spvtools3val17ValidationState_t17RegisterExtensionENS_9ExtensionE
0000000000147b10 T _ZN8spvtools3val17ValidationState_t18GetDebugSourceInfoERKNS0_11InstructionE
000000000013e4f0 T _ZN8spvtools3val17ValidationState_t18RegisterCapabilityEN3spv10CapabilityE
0000000000141da0 T _ZN8spvtools3val17ValidationState_t18preallocateStorageEv
000000000014ab60 T _ZN8spvtools3val17ValidationState_t19InspectFunctionCallERNSt7__cxx1119basic_ostringstreamIcSt11char_traitsIcESaIcEEERKNS0_11InstructionE
000000000013cf60 T _ZN8spvtools3val17ValidationState_t19RegisterFunctionEndEv
0000000000140710 T _ZN8spvtools3val17ValidationState_t19RegisterInstructionEPNS0_11InstructionE
000000000013cef0 T _ZN8spvtools3val17ValidationState_t20set_addressing_modelEN3spv15AddressingModelE
000000000013cfa0 T _ZN8spvtools3val17ValidationState_t21AddOrderedInstructionEPK24spv_parsed_instruction_t
000000000014acf0 T _ZN8spvtools3val17ValidationState_t22InspectShaderDebugInfoB5cxx11ERKNS0_11InstructionE
000000000013dc60 T _ZN8spvtools3val17ValidationState_t22RegisterForwardPointerEj
0000000000147080 T _ZN8spvtools3val17ValidationState_t23FindUntypedBaseVariableEPKNS0_11InstructionE
000000000013c0b0 T _ZN8spvtools3val17ValidationState_t23RemoveIfForwardDeclaredEj
0000000000144a80 T _ZN8spvtools3val17ValidationState_t24GetDebugSourceLineLengthEj
000000000013d330 T _ZN8spvtools3val17ValidationState_t24RegisterDebugInstructionEPKNS0_11InstructionE
000000000013cf90 T _ZN8spvtools3val17ValidationState_t24SetGraphDefinitionRegionENS0_21GraphDefinitionRegionE
000000000014a5f0 T _ZN8spvtools3val17ValidationState_t25InspectDebugLocalVariableERNSt7__cxx1119basic_ostringstreamIcSt11char_traitsIcESaIcEEERKNS0_8FunctionERKNS0_11InstructionE
000000000014a3e0 T _ZN8spvtools3val17ValidationState_t26InspectDebugGlobalVariableERNSt7__cxx1119basic_ostringstreamIcSt11char_traitsIcESaIcEEERKNS0_11InstructionE
0000000000149450 T _ZN8spvtools3val17ValidationState_t26PrintShaderDebugInfoSourceERNSt7__cxx1119basic_ostringstreamIcSt11char_traitsIcESaIcEEERKNS0_11InstructionERKNS1_15DebugSourceInfoE
0000000000148410 T _ZN8spvtools3val17ValidationState_t27ComputeRecursiveEntryPointsEv
000000000014b170 T _ZN8spvtools3val17ValidationState_t28CooperativeMatrixShapesMatchEPKNS0_11InstructionEjjbb
0000000000147200 T _ZN8spvtools3val17ValidationState_t28IsDescriptorHeapBaseVariableEPKNS0_11InstructionE
000000000013d650 T _ZN8spvtools3val17ValidationState_t28RegisterSampledImageConsumerEjPNS0_11InstructionE
000000000013ee90 T _ZN8spvtools3val17ValidationState_t28RegisterStorageClassConsumerEN3spv12StorageClassEPNS0_11InstructionE
00000000001444e0 T _ZN8spvtools3val17ValidationState_t29RegisterUniqueTypeDeclarationEPKNS0_11InstructionE
000000000014a8a0 T _ZN8spvtools3val17ValidationState_t30InspectDebugFunctionDefinitionERNSt7__cxx1119basic_ostringstreamIcSt11char_traitsIcESaIcEEERKNS0_11InstructionE
000000000013e290 T _ZN8spvtools3val17ValidationState_t30IsOpcodeInCurrentLayoutSectionEN3spv2OpE
000000000013e040 T _ZN8spvtools3val17ValidationState_t31IsOpcodeInPreviousLayoutSectionEN3spv2OpE
000000000014b6c0 T _ZN8spvtools3val17ValidationState_t32CooperativeVectorDimensionsMatchEPKNS0_11InstructionEjj
000000000014abf0 T _ZN8spvtools3val17ValidationState_t32InspectLineAndFunctionDefinitionERNSt7__cxx1119basic_ostringstreamIcSt11char_traitsIcESaIcEEERKNS0_8FunctionERKNS0_11InstructionE
000000000013c750 T _ZN8spvtools3val17ValidationState_t32ProgressToNextLayoutSectionOrderEv
0000000000147e00 T _ZN8spvtools3val17ValidationState_t34ComputeFunctionToEntryPointMappingEv
000000000013cf40 T _ZN8spvtools3val17ValidationState_t38set_samplerimage_variable_address_modeEj
000000000013d9b0 T _ZN8spvtools3val17ValidationState_t42RegisterQCOMImageProcessingTextureConsumerEjPKNS0_11InstructionES4_
0000000000142ee0 T _ZN8spvtools3val17ValidationState_t4diagE12spv_result_tPKNS0_11InstructionE
000000000013c680 T _ZN8spvtools3val17ValidationState_t7FindDefEj
000000000013c880 T _ZN8spvtools3val17ValidationState_t8functionEj
000000000013c770 T _ZN8spvtools3val17ValidationState_t9functionsEv
0000000000142170 T _ZN8spvtools3val17ValidationState_tC1EPK13spv_context_tPK23spv_validator_options_tPKjmj
0000000000142170 T _ZN8spvtools3val17ValidationState_tC2EPK13spv_context_tPK23spv_validator_options_tPKjmj
00000000000eccf0 T _ZN8spvtools3val18IsImageInstructionEN3spv2OpE
0000000000064b50 T _ZN8spvtools3val18ValidateBitReverseERNS0_17ValidationState_tEPKNS0_11InstructionE
0000000000103420 T _ZN8spvtools3val18ValidateIntCompareERNS0_17ValidationState_tEPKNS0_11InstructionEj
00000000000fc0d0 T _ZN8spvtools3val18ValidateInterfacesERNS0_17ValidationState_tE
0000000000102d50 T _ZN8spvtools3val18ValidateLogicalNotERNS0_17ValidationState_tEPKNS0_11InstructionEj
00000000000a7680 T _ZN8spvtools3val18printDominatorListERKNS0_10BasicBlockE
00000000000aa030 T _ZN8spvtools3val19FindCaseFallThroughERNS0_17ValidationState_tEPNS0_10BasicBlockEPjRKNS0_9ConstructERKSt13unordered_setIjSt4hashIjESt8equal_toIjESaIjEE
0000000000119b40 T _ZN8spvtools3val19IsInterfaceVariableERNS0_17ValidationState_tEPKNS0_11InstructionEN3spv14ExecutionModelE
00000000000bde50 T _ZN8spvtools3val19ValidateConvertFToSERNS0_17ValidationState_tEPKNS0_11InstructionEj
00000000000bdad0 T _ZN8spvtools3val19ValidateConvertFToUERNS0_17ValidationState_tEPKNS0_11InstructionEj
00000000000cda50 T _ZN8spvtools3val19ValidateDecorationsERNS0_17ValidationState_tE
000000000012c2d0 T _ZN8spvtools3val19ValidateMemoryScopeERNS0_17ValidationState_tEPKNS0_11InstructionEj
000000000005e1e0 T _ZN8spvtools3val19ValidateUnsignedIntERNS0_17ValidationState_tEPKNS0_11InstructionEj
00000000000a7a20 T _ZN8spvtools3val20ConstructErrorStringERKNS0_9ConstructERKNSt7__cxx1112basic_stringIcSt11char_traitsIcESaIcEEESB_SB_
00000000000bc740 T _ZN8spvtools3val20ValidateBitCastArrayERNS0_17ValidationState_tEPKNS0_11InstructionE
00000000001028f0 T _ZN8spvtools3val20ValidateFloatCompareERNS0_17ValidationState_tEPKNS0_11InstructionE
000000000011b980 T _ZN8spvtools3val20ValidateMeshVariableERNS0_17ValidationState_tEPKNS0_11InstructionE
0000000000060180 T _ZN8spvtools3val20ValidateOuterProductERNS0_17ValidationState_tEPKNS0_11InstructionE
00000000001003c0 T _ZN8spvtools3val20ValidateSingleStatusERNS0_17ValidationState_tEPKNS0_11InstructionE
0000000000130290 T _ZN8spvtools3val21ValidateConstructSizeENS0_13ConstructTypeEm
00000000000bd750 T _ZN8spvtools3val21ValidateConvertIntToFERNS0_17ValidationState_tEPKNS0_11InstructionEj
00000000000ba650 T _ZN8spvtools3val21ValidateConvertPtrToUERNS0_17ValidationState_tEPKNS0_11InstructionEj
00000000000baf10 T _ZN8spvtools3val21ValidateConvertUToPtrERNS0_17ValidationState_tEPKNS0_11InstructionEj
000000000011af20 T _ZN8spvtools3val21ValidateEmitMeshTasksERNS0_17ValidationState_tEPKNS0_11InstructionE
00000000000d0bf0 T _ZN8spvtools3val21ValidateExtInstImportERNS0_17ValidationState_tEPKNS0_11InstructionE
0000000000060470 T _ZN8spvtools3val21ValidateExtendedCarryERNS0_17ValidationState_tEPKNS0_11InstructionE
00000000000ba4d0 T _ZN8spvtools3val21ValidateQuantizeToF16ERNS0_17ValidationState_tEPKNS0_11InstructionEj
00000000000bacb0 T _ZN8spvtools3val21ValidateSatConvertIntERNS0_17ValidationState_tEPKNS0_11InstructionE
000000000012cef0 T _ZN8spvtools3val21ValidateSmallTypeUsesERNS0_17ValidationState_tEPKNS0_11InstructionE
00000000000aa6a0 T _ZN8spvtools3val22StructuredSwitchChecksERNS0_17ValidationState_tEPNS0_8FunctionERKNS0_9ConstructE
0000000000067440 T _ZN8spvtools3val22ValidateBitFieldInsertERNS0_17ValidationState_tEPKNS0_11InstructionE
00000000000bbf10 T _ZN8spvtools3val22ValidateBitcastExtractERNS0_17ValidationState_tEPKNS0_11InstructionE
000000000012b7b0 T _ZN8spvtools3val22ValidateExecutionScopeERNS0_17ValidationState_tEPKNS0_11InstructionEj
000000000011f390 T _ZN8spvtools3val22ValidateFloatControls2ERNS0_17ValidationState_tE
0000000000102bc0 T _ZN8spvtools3val22ValidateLogicalCompareERNS0_17ValidationState_tEPKNS0_11InstructionEj
000000000011b1f0 T _ZN8spvtools3val22ValidateSetMeshOutputsERNS0_17ValidationState_tEPKNS0_11InstructionE
00000000000bcd00 T _ZN8spvtools3val22ValidateShaderBitWidthERNS0_17ValidationState_tEPKNS0_11InstructionE
0000000000067660 T _ZN8spvtools3val23ValidateBitFieldExtractERNS0_17ValidationState_tEPKNS0_11InstructionE
00000000001252f0 T _ZN8spvtools3val23ValidateExecuteCallableERNS0_17ValidationState_tEPKNS0_11InstructionE
00000000001063c0 T _ZN8spvtools3val23ValidateLogicalPointersERNS0_17ValidationState_tE
0000000000119e30 T _ZN8spvtools3val23ValidateMemorySemanticsERNS0_17ValidationState_tEPKNS0_11InstructionEjj
0000000000125590 T _ZN8spvtools3val23ValidateRayQueryPointerERNS0_17ValidationState_tEPKNS0_11InstructionEj
00000000000dbd40 T _ZN8spvtools3val24ValidateExtInstDebugInfoERNS0_17ValidationState_tEPKNS0_11InstructionE
00000000000d49d0 T _ZN8spvtools3val24ValidateExtInstOpenClStdERNS0_17ValidationState_tEPKNS0_11InstructionE
00000000000bb820 T _ZN8spvtools3val24ValidateGenericCastToPtrERNS0_17ValidationState_tEPKNS0_11InstructionEj
0000000000125730 T _ZN8spvtools3val24ValidateHitObjectPointerERNS0_17ValidationState_tEPKNS0_11InstructionEj
00000000000bb5b0 T _ZN8spvtools3val24ValidatePtrCastToGenericERNS0_17ValidationState_tEPKNS0_11InstructionEj
00000000000bc490 T _ZN8spvtools3val25ValidateCooperativeMatrixERNS0_17ValidationState_tEPKNS0_11InstructionE
00000000000d1880 T _ZN8spvtools3val25ValidateExtInstGlslStd450ERNS0_17ValidationState_tEPKNS0_11InstructionE
000000000005fd50 T _ZN8spvtools3val25ValidateMatrixTimesMatrixERNS0_17ValidationState_tEPKNS0_11InstructionE
000000000005f4d0 T _ZN8spvtools3val25ValidateMatrixTimesScalarERNS0_17ValidationState_tEPKNS0_11InstructionE
000000000005fa40 T _ZN8spvtools3val25ValidateMatrixTimesVectorERNS0_17ValidationState_tEPKNS0_11InstructionE
000000000005f6b0 T _ZN8spvtools3val25ValidateVectorTimesMatrixERNS0_17ValidationState_tEPKNS0_11InstructionE
000000000005f2f0 T _ZN8spvtools3val25ValidateVectorTimesScalarERNS0_17ValidationState_tEPKNS0_11InstructionE
00000000000ad750 T _ZN8spvtools3val26MaximalReconvergenceChecksERNS0_17ValidationState_tE
00000000001250f0 T _ZN8spvtools3val26ValidateReportIntersectionERNS0_17ValidationState_tEPKNS0_11InstructionE
00000000000ab8d0 T _ZN8spvtools3val27StructuredControlFlowChecksERNS0_17ValidationState_tEPNS0_8FunctionERKSt6vectorISt4pairIjjESaIS7_EERKS5_IPKNS0_10BasicBlockESaISE_EE
00000000001258d0 T _ZN8spvtools3val27ValidateHitObjectPointerEXTERNS0_17ValidationState_tEPKNS0_11InstructionEj
00000000000ebd50 T _ZN8spvtools3val28CheckIdDefinitionDominateUseERNS0_17ValidationState_tE
00000000000dbd20 T _ZN8spvtools3val28ValidateExecutionLimitationsERNS0_17ValidationState_tEPKNS0_11InstructionE
00000000000ab450 T _ZN8spvtools3val28ValidateStructuredSelectionsERNS0_17ValidationState_tERKSt6vectorIPKNS0_10BasicBlockESaIS6_EE
00000000000e51a0 T _ZN8spvtools3val29InstructionCanHaveTypeOperandEPKNS0_11InstructionE
00000000000e22e0 T _ZN8spvtools3val29ValidateExtInstGraphDebugInfoERNS0_17ValidationState_tEPKNS0_11InstructionE
00000000000e5770 T _ZN8spvtools3val30InstructionRequiresTypeOperandEPKNS0_11InstructionE
000000000011fc60 T _ZN8spvtools3val31ValidateDuplicateExecutionModesERNS0_17ValidationState_tE
00000000000bba90 T _ZN8spvtools3val32ValidateGenericCastToPtrExplicitERNS0_17ValidationState_tEPKNS0_11InstructionE
00000000000a7790 T _ZN8spvtools3val33UpdateContinueConstructExitBlocksERNS0_8FunctionERKSt6vectorISt4pairIjjESaIS5_EE
0000000000060850 T _ZN8spvtools3val33ValidateCooperativeMatrixMulAddNVERNS0_17ValidationState_tEPKNS0_11InstructionE
00000000000618f0 T _ZN8spvtools3val33ValidateCooperativeMatrixReduceNVERNS0_17ValidationState_tEPKNS0_11InstructionE
00000000000610a0 T _ZN8spvtools3val34ValidateCooperativeMatrixMulAddKHRERNS0_17ValidationState_tEPKNS0_11InstructionE
000000000005c1d0 T _ZN8spvtools3val36ValidateBinaryAndKeepValidationStateEPK13spv_context_tPK23spv_validator_options_tPKjmPP16spv_diagnostic_tPSt10unique_ptrINS0_17ValidationState_tESt14default_deleteISD_EE
00000000000bbd90 T _ZN8spvtools3val39ValidateConvertUToAccelerationStructureERNS0_17ValidationState_tEPKNS0_11InstructionE
00000000000ecd60 T _ZN8spvtools3val40ValidateQCOMImageProcessingTextureUsagesERNS0_17ValidationState_tEPKNS0_11InstructionE
00000000000e2c40 T _ZN8spvtools3val41ValidateExtInstNonsemanticClspvReflectionERNS0_17ValidationState_tEPKNS0_11InstructionE
0000000000125a70 T _ZN8spvtools3val44ValidateHitObjectInstructionCommonParametersERNS0_17ValidationState_tEPKNS0_11InstructionEjjjjjjjjjjjjjjjjjjj
00000000000eb4c0 T _ZN8spvtools3val6IdPassERNS0_17ValidationState_tEPNS0_11InstructionE
00000000000af4c0 T _ZN8spvtools3val7CfgPassERNS0_17ValidationState_tEPKNS0_11InstructionE
0000000000139ab0 T _ZN8spvtools3val8Function10constructsB5cxx11Ev
0000000000139ae0 T _ZN8spvtools3val8Function11first_blockEv
000000000013dc80 T _ZN8spvtools3val8Function12AddConstructERKNS0_9ConstructE
000000000013ddc0 T _ZN8spvtools3val8Function13GetBlockDepthEPNS0_10BasicBlockE
0000000000140b30 T _ZN8spvtools3val8Function13RegisterBlockEjb
0000000000139a90 T _ZN8spvtools3val8Function13current_blockEv
0000000000139a70 T _ZN8spvtools3val8Function14ordered_blocksEv
00000000001418d0 T _ZN8spvtools3val8Function16RegisterBlockEndESt6vectorIjSaIjEE
0000000000140ed0 T _ZN8spvtools3val8Function17RegisterLoopMergeEjj
0000000000139dd0 T _ZN8spvtools3val8Function19ComputeAugmentedCFGEv
000000000013a5c0 T _ZN8spvtools3val8Function19RegisterFunctionEndEv
0000000000141690 T _ZN8spvtools3val8Function22RegisterSelectionMergeEj
0000000000130ba0 T _ZN8spvtools3val8Function25RegisterFunctionParameterEjj
000000000013a5e0 T _ZN8spvtools3val8Function26FindConstructForEntryBlockEPKNS0_10BasicBlockENS0_13ConstructTypeE
0000000000139a30 T _ZN8spvtools3val8Function27RegisterSetFunctionDeclTypeENS0_12FunctionDeclE
000000000013a6f0 T _ZN8spvtools3val8Function32RegisterExecutionModelLimitationEN3spv14ExecutionModelERKNSt7__cxx1112basic_stringIcSt11char_traitsIcESaIcEEE
0000000000139cf0 T _ZN8spvtools3val8Function8GetBlockEj
00000000001307e0 T _ZN8spvtools3val8FunctionC1EjjN3spv19FunctionControlMaskEj
00000000001307e0 T _ZN8spvtools3val8FunctionC2EjjN3spv19FunctionControlMaskEj
000000000011ba90 T _ZN8spvtools3val8MiscPassERNS0_17ValidationState_tEPKNS0_11InstructionE
0000000000123560 T _ZN8spvtools3val8PipePassERNS0_17ValidationState_tEPKNS0_11InstructionE
0000000000136e70 T _ZN8spvtools3val8TypePassERNS0_17ValidationState_tEPKNS0_11InstructionE
0000000000130470 T _ZN8spvtools3val9Construct10exit_blockEv
0000000000130450 T _ZN8spvtools3val9Construct11entry_blockEv
0000000000130280 T _ZN8spvtools3val9Construct24corresponding_constructsEv
00000000001302d0 T _ZN8spvtools3val9Construct28set_corresponding_constructsESt6vectorIPS1_SaIS3_EE
0000000000130480 T _ZN8spvtools3val9Construct8set_exitEPNS0_10BasicBlockE
00000000001301c0 T _ZN8spvtools3val9ConstructC1ENS0_13ConstructTypeEPNS0_10BasicBlockES4_St6vectorIPS1_SaIS6_EE
00000000001301c0 T _ZN8spvtools3val9ConstructC2ENS0_13ConstructTypeEPNS0_10BasicBlockES4_St6vectorIPS1_SaIS6_EE
00000000000be840 T _ZN8spvtools3val9DebugPassERNS0_17ValidationState_tEPKNS0_11InstructionE
00000000000ea900 T _ZN8spvtools3val9GraphPassERNS0_17ValidationState_tEPKNS0_11InstructionE
00000000000eb450 T _ZN8spvtools3val9GroupPassERNS0_17ValidationState_tEPKNS0_11InstructionE
00000000000f6250 T _ZN8spvtools3val9ImagePassERNS0_17ValidationState_tEPKNS0_11InstructionE
000000000012fac0 T _ZN8spvtools3valeqERKNS0_10BasicBlock17DominatorIteratorES4_
000000000013b990 T _ZN8spvtools3valeqERKNS0_11InstructionES3_
000000000013b9a0 T _ZN8spvtools3valeqERKNS0_11InstructionEj
000000000013b970 T _ZN8spvtools3valltERKNS0_11InstructionES3_
000000000013b980 T _ZN8spvtools3valltERKNS0_11InstructionEj
000000000012fad0 T _ZN8spvtools3valneERKNS0_10BasicBlock17DominatorIteratorES4_
00000000000303d0 T _ZN8spvtools5utils13SplitFlagArgsERKNSt7__cxx1112basic_stringIcSt11char_traitsIcESaIcEEE
0000000000029900 T _ZN8spvtools5utils14DeduceEncodingERKNS0_10NumberTypeE
000000000002f8b0 T _ZN8spvtools5utils17CardinalToOrdinalB5cxx11Em
000000000002e780 T _ZN8spvtools5utils20ParseAndEncodeNumberEPKcRKNS0_10NumberTypeESt8functionIFvjEEPNSt7__cxx1112basic_stringIcSt11char_traitsIcESaIcEEE
000000000014ed90 T _ZN8spvtools5utils21PrintTimerDescriptionEPSob
0000000000029d40 T _ZN8spvtools5utils27ParseAndEncodeIntegerNumberEPKcRKNS0_10NumberTypeESt8functionIFvjEEPNSt7__cxx1112basic_stringIcSt11char_traitsIcESaIcEEE
000000000002ac30 T _ZN8spvtools5utils33ParseAndEncodeFloatingPointNumberEPKcRKNS0_10NumberTypeESt8functionIFvjEEPNSt7__cxx1112basic_stringIcSt11char_traitsIcESaIcEEE
000000000014d940 T _ZN8spvtools5utils5Timer4StopEv
000000000014d8b0 T _ZN8spvtools5utils5Timer5StartEv
000000000014ef30 T _ZN8spvtools5utils5Timer6ReportEPKc
00000000000292c0 T _ZN8spvtools5utils9BitVector13ReportDensityERSo
00000000000293c0 T _ZN8spvtools5utils9BitVector2OrERKS1_
0000000000029610 T _ZN8spvtools5utilslsERSoRKNS0_9BitVectorE
00000000000441e0 T _ZN8spvtools7Context18SetMessageConsumerESt8functionIFv19spv_message_level_tPKcRK14spv_position_tS4_EE
000000000003eed0 T _ZN8spvtools7Context8CContextEv
00000000000440e0 T _ZN8spvtools7ContextC1E14spv_target_env
000000000003eeb0 T _ZN8spvtools7ContextC1EOS0_
00000000000440e0 T _ZN8spvtools7ContextC2E14spv_target_env
000000000003eeb0 T _ZN8spvtools7ContextC2EOS0_
0000000000044190 T _ZN8spvtools7ContextD1Ev
0000000000044190 T _ZN8spvtools7ContextD2Ev
0000000000044150 T _ZN8spvtools7ContextaSEOS0_
0000000000052b90 T _ZN8spvtools9to_stringB5cxx11Ej
0000000000044530 T _ZNK8spvtools10SpirvTools11DisassembleEPKjmPNSt7__cxx1112basic_stringIcSt11char_traitsIcESaIcEEEj
00000000000445d0 T _ZNK8spvtools10SpirvTools11DisassembleERKSt6vectorIjSaIjEEPNSt7__cxx1112basic_stringIcSt11char_traitsIcESaIcEEEj
000000000003eef0 T _ZNK8spvtools10SpirvTools7IsValidEv
0000000000044300 T _ZNK8spvtools10SpirvTools8AssembleEPKcmPSt6vectorIjSaIjEEj
0000000000044510 T _ZNK8spvtools10SpirvTools8AssembleERKNSt7__cxx1112basic_stringIcSt11char_traitsIcESaIcEEEPSt6vectorIjSaIjEEj
0000000000044670 T _ZNK8spvtools10SpirvTools8ValidateEPKjm
00000000000446b0 T _ZNK8spvtools10SpirvTools8ValidateEPKjmP23spv_validator_options_t
0000000000044690 T _ZNK8spvtools10SpirvTools8ValidateERKSt6vectorIjSaIjEE
0000000000049d20 T _ZNK8spvtools11ExtInstDesc12capabilitiesEv
0000000000049d00 T _ZNK8spvtools11ExtInstDesc4nameEv
0000000000049ce0 T _ZNK8spvtools11ExtInstDesc8operandsEv
0000000000049c20 T _ZNK8spvtools11OperandDesc10extensionsEv
0000000000049c00 T _ZNK8spvtools11OperandDesc12capabilitiesEv
0000000000049bc0 T _ZNK8spvtools11OperandDesc4nameEv
0000000000049be0 T _ZNK8spvtools11OperandDesc7aliasesEv
0000000000049ba0 T _ZNK8spvtools11OperandDesc8operandsEv
0000000000037e70 T _ZNK8spvtools11disassemble23InstructionDisassembler10ResetColorERSo
0000000000038220 T _ZNK8spvtools11disassemble23InstructionDisassembler11EmitOperandERSoRK24spv_parsed_instruction_tt
00000000000337e0 T _ZNK8spvtools11disassemble23InstructionDisassembler15EmitMaskOperandERSo18spv_operand_type_tj
00000000000380f0 T _ZNK8spvtools11disassemble23InstructionDisassembler6SetRedERSo
0000000000037fb0 T _ZNK8spvtools11disassemble23InstructionDisassembler7SetBlueERSo
0000000000037f10 T _ZNK8spvtools11disassemble23InstructionDisassembler7SetGreyERSo
0000000000038190 T _ZNK8spvtools11disassemble23InstructionDisassembler8SetGreenERSo
0000000000038050 T _ZNK8spvtools11disassemble23InstructionDisassembler9SetYellowERSo
000000000004d340 T _ZNK8spvtools15AssemblyContext13GetNumericIdsEv
000000000004d290 T _ZNK8spvtools15AssemblyContext19getExtInstTypeForIdEj
000000000004cf80 T _ZNK8spvtools15AssemblyContext25getTypeOfValueInstructionEj
000000000004ced0 T _ZNK8spvtools15AssemblyContext28getTypeOfTypeGeneratingValueEj
000000000004cd10 T _ZNK8spvtools15AssemblyContext4peekEv
000000000004cd30 T _ZNK8spvtools15AssemblyContext7hasTextEv
000000000004c830 T _ZNK8spvtools15AssemblyContext8getBoundEv
00000000000339a0 T _ZNK8spvtools15AssemblyGrammar16parseMaskOperandE18spv_operand_type_tPKcPj
0000000000033770 T _ZNK8spvtools15AssemblyGrammar17lookupOperandNameE18spv_operand_type_tj
0000000000033ae0 T _ZNK8spvtools15AssemblyGrammar23pushOperandTypesForMaskE18spv_operand_type_tjPSt6vectorIS1_SaIS1_EE
00000000000312a0 T _ZNK8spvtools15AssemblyGrammar24lookupSpecConstantOpcodeEN3spv2OpE
00000000000311b0 T _ZNK8spvtools15AssemblyGrammar24lookupSpecConstantOpcodeEPKcPN3spv2OpE
0000000000033390 T _ZNK8spvtools15AssemblyGrammar26filterCapsAgainstTargetEnvEPKN3spv10CapabilityEj
0000000000049cc0 T _ZNK8spvtools15InstructionDesc10extensionsEv
0000000000049ca0 T _ZNK8spvtools15InstructionDesc12capabilitiesEv
0000000000049c60 T _ZNK8spvtools15InstructionDesc4nameEv
0000000000049c80 T _ZNK8spvtools15InstructionDesc7aliasesEv
0000000000049c40 T _ZNK8spvtools15InstructionDesc8operandsEv
000000000012f940 T _ZNK8spvtools3val10BasicBlock18structural_dom_endEv
000000000012f3c0 T _ZNK8spvtools3val10BasicBlock19immediate_dominatorEv
000000000012fa80 T _ZNK8spvtools3val10BasicBlock19structural_pdom_endEv
000000000012f840 T _ZNK8spvtools3val10BasicBlock20structural_dom_beginEv
000000000012f980 T _ZNK8spvtools3val10BasicBlock21structural_pdom_beginEv
000000000012ff80 T _ZNK8spvtools3val10BasicBlock22structurally_dominatesERKS1_
000000000012fb00 T _ZNK8spvtools3val10BasicBlock26structurally_postdominatesERKS1_
000000000012f3f0 T _ZNK8spvtools3val10BasicBlock30immediate_structural_dominatorEv
000000000012f420 T _ZNK8spvtools3val10BasicBlock35immediate_structural_post_dominatorEv
000000000012f800 T _ZNK8spvtools3val10BasicBlock7dom_endEv
000000000012f700 T _ZNK8spvtools3val10BasicBlock9dom_beginEv
000000000012fd40 T _ZNK8spvtools3val10BasicBlock9dominatesERKS1_
000000000013b9b0 T _ZNK8spvtools3val11Instruction12GetOperandAsINSt7__cxx1112basic_stringIcSt11char_traitsIcESaIcEEEEET_m
00000000001452f0 T _ZNK8spvtools3val17ValidationState_t10IsVoidTypeEj
000000000013d950 T _ZNK8spvtools3val17ValidationState_t10getIdBoundEv
0000000000148c80 T _ZNK8spvtools3val17ValidationState_t11DisassembleB5cxx11EPKjt
0000000000148ce0 T _ZNK8spvtools3val17ValidationState_t11DisassembleB5cxx11ERKNS0_11InstructionE
0000000000145270 T _ZNK8spvtools3val17ValidationState_t11GetBitWidthEj
0000000000145170 T _ZNK8spvtools3val17ValidationState_t11GetIdOpcodeEj
0000000000146ee0 T _ZNK8spvtools3val17ValidationState_t11IsArrayTypeEjm
000000000013c510 T _ZNK8spvtools3val17ValidationState_t11IsDefinedIdEj
0000000000148d30 T _ZNK8spvtools3val17ValidationState_t12ContainsTypeEjRKSt8functionIFbPKNS0_11InstructionEEEb
0000000000146670 T _ZNK8spvtools3val17ValidationState_t12GetDimensionEj
0000000000145bd0 T _ZNK8spvtools3val17ValidationState_t12IsScalarTypeEj
0000000000146530 T _ZNK8spvtools3val17ValidationState_t12IsTensorTypeEj
0000000000145320 T _ZNK8spvtools3val17ValidationState_t12IsVectorTypeEj
0000000000146e60 T _ZNK8spvtools3val17ValidationState_t12TracePointerEPKNS0_11InstructionE
000000000013cf30 T _ZNK8spvtools3val17ValidationState_t12memory_modelEv
0000000000145f30 T _ZNK8spvtools3val17ValidationState_t13IsPointerTypeEj
0000000000145480 T _ZNK8spvtools3val17ValidationState_t14IsBfloat16TypeEj
0000000000147030 T _ZNK8spvtools3val17ValidationState_t14IsIntArrayTypeEjm
0000000000144b50 T _ZNK8spvtools3val17ValidationState_t14MissingFeatureERKNSt7__cxx1112basic_stringIcSt11char_traitsIcESaIcEEES9_b
00000000001454c0 T _ZNK8spvtools3val17ValidationState_t15IsFP8ScalarTypeEj
0000000000145530 T _ZNK8spvtools3val17ValidationState_t15IsFP8VectorTypeEj
0000000000145850 T _ZNK8spvtools3val17ValidationState_t15IsIntScalarTypeEjj
0000000000145910 T _ZNK8spvtools3val17ValidationState_t15IsIntVectorTypeEj
0000000000147a20 T _ZNK8spvtools3val17ValidationState_t16EvalInt32IfConstEj
0000000000145190 T _ZNK8spvtools3val17ValidationState_t16GetComponentTypeEj
0000000000145110 T _ZNK8spvtools3val17ValidationState_t16GetOperandTypeIdEPKNS0_11InstructionEm
0000000000145ba0 T _ZNK8spvtools3val17ValidationState_t16IsBoolScalarTypeEj
0000000000145c20 T _ZNK8spvtools3val17ValidationState_t16IsBoolVectorTypeEj
0000000000144980 T _ZNK8spvtools3val17ValidationState_t16IsDescriptorTypeEN3spv2OpE
0000000000146560 T _ZNK8spvtools3val17ValidationState_t16IsDescriptorTypeEj
0000000000145590 T _ZNK8spvtools3val17ValidationState_t16IsFP8CoopMatTypeEj
0000000000146fe0 T _ZNK8spvtools3val17ValidationState_t16IsFloatArrayTypeEj
000000000013c210 T _ZNK8spvtools3val17ValidationState_t16IsForwardPointerEj
000000000013cf10 T _ZNK8spvtools3val17ValidationState_t16addressing_modelEv
000000000013c7a0 T _ZNK8spvtools3val17ValidationState_t16current_functionEv
000000000013c940 T _ZNK8spvtools3val17ValidationState_t16in_function_bodyEv
0000000000145d50 T _ZNK8spvtools3val17ValidationState_t17GetMatrixTypeInfoEjPjS2_S2_S2_
0000000000145d00 T _ZNK8spvtools3val17ValidationState_t17IsFloatMatrixTypeEj
0000000000145710 T _ZNK8spvtools3val17ValidationState_t17IsFloatScalarTypeEjj
0000000000145770 T _ZNK8spvtools3val17ValidationState_t17IsFloatVectorTypeEj
0000000000145f70 T _ZNK8spvtools3val17ValidationState_t18GetPointerTypeInfoEjPjPN3spv12StorageClassE
000000000013ce80 T _ZNK8spvtools3val17ValidationState_t18HasAnyOfExtensionsERKNS_7EnumSetINS_9ExtensionEEE
00000000001449c0 T _ZNK8spvtools3val17ValidationState_t19FunctionEntryPointsEj
000000000014b0b0 T _ZNK8spvtools3val17ValidationState_t19IsValidStorageClassEN3spv12StorageClassE
0000000000149200 T _ZNK8spvtools3val17ValidationState_t20ContainsRuntimeArrayEj
0000000000146b20 T _ZNK8spvtools3val17ValidationState_t20EntryPointReferencesEj
0000000000146a60 T _ZNK8spvtools3val17ValidationState_t20EvalConstantValInt64EjPl
0000000000146020 T _ZNK8spvtools3val17ValidationState_t20GetLargestScalarTypeEj
0000000000145e40 T _ZNK8spvtools3val17ValidationState_t20GetStructMemberTypesEjPSt6vectorIjSaIjEE
000000000013ce10 T _ZNK8spvtools3val17ValidationState_t20HasAnyOfCapabilitiesERKNS_7EnumSetIN3spv10CapabilityEEE
0000000000145360 T _ZNK8spvtools3val17ValidationState_t20IsBfloat16ScalarTypeEj
00000000001453c0 T _ZNK8spvtools3val17ValidationState_t20IsBfloat16VectorTypeEj
000000000013c430 T _ZNK8spvtools3val17ValidationState_t20UnresolvedForwardIdsEv
00000000001465a0 T _ZNK8spvtools3val17ValidationState_t21EvalConstantValUint64EjPm
0000000000145420 T _ZNK8spvtools3val17ValidationState_t21IsBfloat16CoopMatTypeEj
0000000000148fd0 T _ZNK8spvtools3val17ValidationState_t21IsOCPMicroscalingTypeEj
0000000000145b00 T _ZNK8spvtools3val17ValidationState_t21IsSignedIntScalarTypeEj
0000000000145b40 T _ZNK8spvtools3val17ValidationState_t21IsSignedIntVectorTypeEj
0000000000146800 T _ZNK8spvtools3val17ValidationState_t21IsUnsigned64BitHandleEj
0000000000149290 T _ZNK8spvtools3val17ValidationState_t22ContainsUntypedPointerEj
000000000013c740 T _ZNK8spvtools3val17ValidationState_t22current_layout_sectionEv
00000000001461f0 T _ZNK8spvtools3val17ValidationState_t23IsCooperativeMatrixTypeEj
0000000000146760 T _ZNK8spvtools3val17ValidationState_t23IsFloat16Vector2Or4TypeEj
0000000000145970 T _ZNK8spvtools3val17ValidationState_t23IsIntScalarOrVectorTypeEj
0000000000145900 T _ZNK8spvtools3val17ValidationState_t23IsUnsignedIntScalarTypeEj
00000000001459f0 T _ZNK8spvtools3val17ValidationState_t23IsUnsignedIntVectorTypeEj
000000000013c990 T _ZNK8spvtools3val17ValidationState_t23graph_definition_regionEv
0000000000145c80 T _ZNK8spvtools3val17ValidationState_t24IsBoolScalarOrVectorTypeEj
0000000000146880 T _ZNK8spvtools3val17ValidationState_t24IsCooperativeMatrixATypeEj
0000000000146920 T _ZNK8spvtools3val17ValidationState_t24IsCooperativeMatrixBTypeEj
000000000013d500 T _ZNK8spvtools3val17ValidationState_t24getSampledImageConsumersEj
0000000000146230 T _ZNK8spvtools3val17ValidationState_t25IsCooperativeMatrixNVTypeEj
00000000001463e0 T _ZNK8spvtools3val17ValidationState_t25IsCooperativeVectorNVTypeEj
00000000001457d0 T _ZNK8spvtools3val17ValidationState_t25IsFloatScalarOrVectorTypeEj
00000000001469c0 T _ZNK8spvtools3val17ValidationState_t26IsCooperativeMatrixAccTypeEj
0000000000146260 T _ZNK8spvtools3val17ValidationState_t26IsCooperativeMatrixKHRTypeEj
0000000000146300 T _ZNK8spvtools3val17ValidationState_t26IsIntCooperativeMatrixTypeEj
0000000000148f40 T _ZNK8spvtools3val17ValidationState_t27ContainsOCPMicroscalingTypeEj
0000000000149070 T _ZNK8spvtools3val17ValidationState_t27ContainsSizedIntOrFloatTypeEjN3spv2OpEj
00000000001461c0 T _ZNK8spvtools3val17ValidationState_t27IsAccelerationStructureTypeEj
0000000000145630 T _ZNK8spvtools3val17ValidationState_t27IsOCPMicroscalingScalarTypeEj
000000000013c420 T _ZNK8spvtools3val17ValidationState_t27unresolved_forward_id_countEv
0000000000146290 T _ZNK8spvtools3val17ValidationState_t28IsFloatCooperativeMatrixTypeEj
0000000000146470 T _ZNK8spvtools3val17ValidationState_t28IsIntCooperativeVectorNVTypeEj
00000000001458b0 T _ZNK8spvtools3val17ValidationState_t29IsIntScalarTypeWithSignednessEjj
0000000000146410 T _ZNK8spvtools3val17ValidationState_t30IsFloatCooperativeVectorNVTypeEj
0000000000145a50 T _ZNK8spvtools3val17ValidationState_t31IsUnsignedIntScalarOrVectorTypeEj
0000000000149120 T _ZNK8spvtools3val17ValidationState_t32ContainsLimitedUseIntOrFloatTypeEj
0000000000148fe0 T _ZNK8spvtools3val17ValidationState_t34ContainsOCPMicroscalingNonByteTypeEj
00000000001456a0 T _ZNK8spvtools3val17ValidationState_t34IsOCPMicroscalingNonByteScalarTypeEj
0000000000146370 T _ZNK8spvtools3val17ValidationState_t34IsUnsignedIntCooperativeMatrixTypeEj
000000000013cf50 T _ZNK8spvtools3val17ValidationState_t34samplerimage_variable_address_modeEv
00000000001464d0 T _ZNK8spvtools3val17ValidationState_t36IsUnsignedIntCooperativeVectorNVTypeEj
000000000013c5c0 T _ZNK8spvtools3val17ValidationState_t7FindDefEj
000000000013c7c0 T _ZNK8spvtools3val17ValidationState_t8functionEj
000000000013c950 T _ZNK8spvtools3val17ValidationState_t8in_blockEv
00000000001450f0 T _ZNK8spvtools3val17ValidationState_t9GetTypeIdEj
00000000001455f0 T _ZNK8spvtools3val17ValidationState_t9IsFP8TypeEj
000000000014f470 T _ZNK8spvtools3val17ValidationState_t9VkErrorIDB5cxx11EjPKc
0000000000139630 T _ZNK8spvtools3val17ValidationState_t9getIdNameB5cxx11Ej
0000000000139aa0 T _ZNK8spvtools3val8Function10constructsB5cxx11Ev
0000000000139c90 T _ZNK8spvtools3val8Function11IsBlockTypeEjNS0_9BlockTypeE
0000000000139a40 T _ZNK8spvtools3val8Function11block_countEv
0000000000139ac0 T _ZNK8spvtools3val8Function11first_blockEv
0000000000131370 T _ZNK8spvtools3val8Function12IsFirstBlockEj
0000000000139a80 T _ZNK8spvtools3val8Function13current_blockEv
0000000000139a60 T _ZNK8spvtools3val8Function14ordered_blocksEv
000000000013b0e0 T _ZNK8spvtools3val8Function16CheckLimitationsERKNS0_17ValidationState_tEPKS1_PNSt7__cxx1112basic_stringIcSt11char_traitsIcESaIcEEE
0000000000139a50 T _ZNK8spvtools3val8Function21undefined_block_countEv
0000000000139d10 T _ZNK8spvtools3val8Function30AugmentedCFGSuccessorsFunctionEv
000000000013aa70 T _ZNK8spvtools3val8Function30IsCompatibleWithExecutionModelEN3spv14ExecutionModelEPNSt7__cxx1112basic_stringIcSt11char_traitsIcESaIcEEE
0000000000139d40 T _ZNK8spvtools3val8Function32AugmentedCFGPredecessorsFunctionEv
0000000000139d70 T _ZNK8spvtools3val8Function40AugmentedStructuralCFGSuccessorsFunctionEv
0000000000139da0 T _ZNK8spvtools3val8Function42AugmentedStructuralCFGPredecessorsFunctionEv
0000000000139b00 T _ZNK8spvtools3val8Function8GetBlockEj
0000000000130460 T _ZNK8spvtools3val9Construct10exit_blockEv
0000000000130440 T _ZNK8spvtools3val9Construct11entry_blockEv
0000000000130d60 T _ZNK8spvtools3val9Construct16IsStructuredExitERNS0_17ValidationState_tEPNS0_10BasicBlockE
0000000000130270 T _ZNK8spvtools3val9Construct24corresponding_constructsEv
0000000000130260 T _ZNK8spvtools3val9Construct4typeEv
0000000000130490 T _ZNK8spvtools3val9Construct6blocksEPNS0_8FunctionE
000000000003eee0 T _ZNK8spvtools7Context8CContextEv
00000000001b8b40 R _ZNSt12placeholders2_1E
0000000000100740 T _ZNSt17_Function_handlerIF12spv_result_tRN8spvtools3val17ValidationState_tEPKNS2_11InstructionEEPS8_E10_M_managerERSt9_Any_dataRKSB_St18_Manager_operation
0000000000100640 T _ZNSt17_Function_handlerIF12spv_result_tRN8spvtools3val17ValidationState_tEPKNS2_11InstructionEEPS8_E9_M_invokeERKSt9_Any_dataS4_OS7_
000000000003d2c0 T _ZNSt17_Function_handlerIFNSt7__cxx1112basic_stringIcSt11char_traitsIcESaIcEEEjEZN8spvtools18FriendlyNameMapper13GetNameMapperEvEUljE_E10_M_managerERSt9_Any_dataRKSB_St18_Manager_operation
0000000000044940 T _ZNSt17_Function_handlerIFNSt7__cxx1112basic_stringIcSt11char_traitsIcESaIcEEEjEZN8spvtools18FriendlyNameMapper13GetNameMapperEvEUljE_E9_M_invokeERKSt9_Any_dataOj
00000000001372d0 T _ZNSt17_Function_handlerIFbPKN8spvtools3val10BasicBlockEEZNS0_3CFAIS2_E14TraversalRootsERKSt6vectorIPS2_SaIS9_EESt8functionIFPSC_S4_EESH_EUlS4_E1_E10_M_managerERSt9_Any_dataRKSK_St18_Manager_operation
00000000001372c0 T _ZNSt17_Function_handlerIFbPKN8spvtools3val10BasicBlockEEZNS0_3CFAIS2_E14TraversalRootsERKSt6vectorIPS2_SaIS9_EESt8functionIFPSC_S4_EESH_EUlS4_E1_E9_M_invokeERKSt9_Any_dataOS4_
00000000000afe20 T _ZNSt17_Function_handlerIFbPKN8spvtools3val11InstructionEEZNS1_17ValidationState_t18IsIntNOrFP32OrFP16ILj32EEEbjEUlS4_E_E10_M_managerERSt9_Any_dataRKSA_St18_Manager_operation
00000000000aff00 T _ZNSt17_Function_handlerIFbPKN8spvtools3val11InstructionEEZNS1_17ValidationState_t18IsIntNOrFP32OrFP16ILj32EEEbjEUlS4_E_E9_M_invokeERKSt9_Any_dataOS4_
00000000000afdf0 T _ZNSt17_Function_handlerIFbPKN8spvtools3val11InstructionEEZNS1_17ValidationState_t18IsIntNOrFP32OrFP16ILj8EEEbjEUlS4_E_E10_M_managerERSt9_Any_dataRKSA_St18_Manager_operation
00000000000afe50 T _ZNSt17_Function_handlerIFbPKN8spvtools3val11InstructionEEZNS1_17ValidationState_t18IsIntNOrFP32OrFP16ILj8EEEbjEUlS4_E_E9_M_invokeERKSt9_Any_dataOS4_
0000000000137310 T _ZNSt17_Function_handlerIFvPKN8spvtools3val10BasicBlockEEZNS0_3CFAIS2_E14TraversalRootsERKSt6vectorIPS2_SaIS9_EESt8functionIFPSC_S4_EESH_EUlS4_E0_E10_M_managerERSt9_Any_dataRKSK_St18_Manager_operation
0000000000137300 T _ZNSt17_Function_handlerIFvPKN8spvtools3val10BasicBlockEEZNS0_3CFAIS2_E14TraversalRootsERKSt6vectorIPS2_SaIS9_EESt8functionIFPSC_S4_EESH_EUlS4_E0_E9_M_invokeERKSt9_Any_dataOS4_
0000000000137340 T _ZNSt17_Function_handlerIFvPKN8spvtools3val10BasicBlockEEZNS0_3CFAIS2_E14TraversalRootsERKSt6vectorIPS2_SaIS9_EESt8functionIFPSC_S4_EESH_EUlS4_E_E10_M_managerERSt9_Any_dataRKSK_St18_Manager_operation
0000000000139320 T _ZNSt17_Function_handlerIFvPKN8spvtools3val10BasicBlockEEZNS0_3CFAIS2_E14TraversalRootsERKSt6vectorIPS2_SaIS9_EESt8functionIFPSC_S4_EESH_EUlS4_E_E9_M_invokeERKSt9_Any_dataOS4_
00000000001b8b18 R _ZSt19piecewise_construct
0000000000021120 T _ZSt3decRSt8ios_base
0000000000021140 T _ZSt3hexRSt8ios_base
00000000001d9890 D _ZTVN8spvtools5utils5TimerE
00000000001db3e8 B _ZZN8spvtools5utils8HexFloatINS0_10FloatProxyIdEENS0_14HexFloatTraitsIS3_EEE31getRoundedNormalizedSignificandINS1_INS2_INS0_11Float8_E8M0EEENS4_IS9_EEEEEENS0_10CastResultENS0_15round_directionEPNT_9uint_typeEPbE17first_rounded_bit
00000000001db3f8 B _ZZN8spvtools5utils8HexFloatINS0_10FloatProxyIdEENS0_14HexFloatTraitsIS3_EEE31getRoundedNormalizedSignificandINS1_INS2_INS0_11Float8_E8M0EEENS4_IS9_EEEEEENS0_10CastResultENS0_15round_directionEPNT_9uint_typeEPbE20last_significant_bit
00000000001db438 B _ZZN8spvtools5utils8HexFloatINS0_10FloatProxyIdEENS0_14HexFloatTraitsIS3_EEE31getRoundedNormalizedSignificandINS1_INS2_IfEENS4_IS8_EEEEEENS0_10CastResultENS0_15round_directionEPNT_9uint_typeEPbE17first_rounded_bit
00000000001db448 B _ZZN8spvtools5utils8HexFloatINS0_10FloatProxyIdEENS0_14HexFloatTraitsIS3_EEE31getRoundedNormalizedSignificandINS1_INS2_IfEENS4_IS8_EEEEEENS0_10CastResultENS0_15round_directionEPNT_9uint_typeEPbE20last_significant_bit
00000000001db408 B _ZZN8spvtools5utils8HexFloatINS0_10FloatProxyIdEENS0_14HexFloatTraitsIS3_EEE31getRoundedNormalizedSignificandIS6_EENS0_10CastResultENS0_15round_directionEPNT_9uint_typeEPbE20last_significant_bit
00000000001db3c8 B _ZZN8spvtools5utils8HexFloatINS0_10FloatProxyIfEENS0_14HexFloatTraitsIS3_EEE31getRoundedNormalizedSignificandINS1_INS2_INS0_11Float4_E2M1EEENS4_IS9_EEEEEENS0_10CastResultENS0_15round_directionEPNT_9uint_typeEPbE17first_rounded_bit
00000000001db3d8 B _ZZN8spvtools5utils8HexFloatINS0_10FloatProxyIfEENS0_14HexFloatTraitsIS3_EEE31getRoundedNormalizedSignificandINS1_INS2_INS0_11Float4_E2M1EEENS4_IS9_EEEEEENS0_10CastResultENS0_15round_directionEPNT_9uint_typeEPbE20last_significant_bit
00000000001db3a8 B _ZZN8spvtools5utils8HexFloatINS0_10FloatProxyIfEENS0_14HexFloatTraitsIS3_EEE31getRoundedNormalizedSignificandINS1_INS2_INS0_11Float6_E2M3EEENS4_IS9_EEEEEENS0_10CastResultENS0_15round_directionEPNT_9uint_typeEPbE17first_rounded_bit
00000000001db3b8 B _ZZN8spvtools5utils8HexFloatINS0_10FloatProxyIfEENS0_14HexFloatTraitsIS3_EEE31getRoundedNormalizedSignificandINS1_INS2_INS0_11Float6_E2M3EEENS4_IS9_EEEEEENS0_10CastResultENS0_15round_directionEPNT_9uint_typeEPbE20last_significant_bit
00000000001db388 B _ZZN8spvtools5utils8HexFloatINS0_10FloatProxyIfEENS0_14HexFloatTraitsIS3_EEE31getRoundedNormalizedSignificandINS1_INS2_INS0_11Float6_E3M2EEENS4_IS9_EEEEEENS0_10CastResultENS0_15round_directionEPNT_9uint_typeEPbE17first_rounded_bit
00000000001db398 B _ZZN8spvtools5utils8HexFloatINS0_10FloatProxyIfEENS0_14HexFloatTraitsIS3_EEE31getRoundedNormalizedSignificandINS1_INS2_INS0_11Float6_E3M2EEENS4_IS9_EEEEEENS0_10CastResultENS0_15round_directionEPNT_9uint_typeEPbE20last_significant_bit
00000000001db418 B _ZZN8spvtools5utils8HexFloatINS0_10FloatProxyIfEENS0_14HexFloatTraitsIS3_EEE31getRoundedNormalizedSignificandINS1_INS2_INS0_11Float8_E4M3EEENS4_IS9_EEEEEENS0_10CastResultENS0_15round_directionEPNT_9uint_typeEPbE17first_rounded_bit
00000000001db428 B _ZZN8spvtools5utils8HexFloatINS0_10FloatProxyIfEENS0_14HexFloatTraitsIS3_EEE31getRoundedNormalizedSignificandINS1_INS2_INS0_11Float8_E4M3EEENS4_IS9_EEEEEENS0_10CastResultENS0_15round_directionEPNT_9uint_typeEPbE20last_significant_bit
00000000001db368 B _ZZN8spvtools5utils8HexFloatINS0_10FloatProxyIfEENS0_14HexFloatTraitsIS3_EEE31getRoundedNormalizedSignificandINS1_INS2_INS0_11Float8_E5M2EEENS4_IS9_EEEEEENS0_10CastResultENS0_15round_directionEPNT_9uint_typeEPbE17first_rounded_bit
00000000001db378 B _ZZN8spvtools5utils8HexFloatINS0_10FloatProxyIfEENS0_14HexFloatTraitsIS3_EEE31getRoundedNormalizedSignificandINS1_INS2_INS0_11Float8_E5M2EEENS4_IS9_EEEEEENS0_10CastResultENS0_15round_directionEPNT_9uint_typeEPbE20last_significant_bit
00000000001db328 B _ZZN8spvtools5utils8HexFloatINS0_10FloatProxyIfEENS0_14HexFloatTraitsIS3_EEE31getRoundedNormalizedSignificandINS1_INS2_INS0_7Float16EEENS4_IS9_EEEEEENS0_10CastResultENS0_15round_directionEPNT_9uint_typeEPbE17first_rounded_bit
00000000001db338 B _ZZN8spvtools5utils8HexFloatINS0_10FloatProxyIfEENS0_14HexFloatTraitsIS3_EEE31getRoundedNormalizedSignificandINS1_INS2_INS0_7Float16EEENS4_IS9_EEEEEENS0_10CastResultENS0_15round_directionEPNT_9uint_typeEPbE20last_significant_bit
00000000001db348 B _ZZN8spvtools5utils8HexFloatINS0_10FloatProxyIfEENS0_14HexFloatTraitsIS3_EEE31getRoundedNormalizedSignificandINS1_INS2_INS0_8BFloat16EEENS4_IS9_EEEEEENS0_10CastResultENS0_15round_directionEPNT_9uint_typeEPbE17first_rounded_bit
00000000001db358 B _ZZN8spvtools5utils8HexFloatINS0_10FloatProxyIfEENS0_14HexFloatTraitsIS3_EEE31getRoundedNormalizedSignificandINS1_INS2_INS0_8BFloat16EEENS4_IS9_EEEEEENS0_10CastResultENS0_15round_directionEPNT_9uint_typeEPbE20last_significant_bit
0000000000031a30 T spvBinaryDestroy
00000000000374c0 T spvBinaryParse
000000000003c860 T spvBinaryToText
0000000000049a50 T spvContextCreate
0000000000049ab0 T spvContextDestroy
00000000000322c0 T spvDiagnosticCreate
0000000000032350 T spvDiagnosticDestroy
0000000000032420 T spvDiagnosticPrint
0000000000043940 T spvFuzzerOptionsCreate
0000000000043970 T spvFuzzerOptionsDestroy
00000000000439e0 T spvFuzzerOptionsEnableAllPasses
00000000000439d0 T spvFuzzerOptionsEnableFuzzerPassValidation
0000000000043990 T spvFuzzerOptionsEnableReplayValidation
00000000000439a0 T spvFuzzerOptionsSetRandomSeed
00000000000439b0 T spvFuzzerOptionsSetReplayRange
00000000000439c0 T spvFuzzerOptionsSetShrinkerStepLimit
0000000000046ec0 T spvOpcodeString
0000000000041580 T spvOperandIsConcrete
0000000000040f30 T spvOperandIsConcreteMask
00000000000439f0 T spvOptimizerOptionsCreate
0000000000043a50 T spvOptimizerOptionsDestroy
0000000000043aa0 T spvOptimizerOptionsSetMaxIdBound
0000000000043ab0 T spvOptimizerOptionsSetPreserveBindings
0000000000043ac0 T spvOptimizerOptionsSetPreserveSpecConstants
0000000000043a70 T spvOptimizerOptionsSetRunValidator
0000000000043a80 T spvOptimizerOptionsSetValidatorOptions
0000000000048830 T spvParseTargetEnv
0000000000048b50 T spvParseVulkanEnv
0000000000043af0 T spvReducerOptionsCreate
00000000000485f0 T spvReducerOptionsDestroy
0000000000048620 T spvReducerOptionsSetFailOnValidationError
0000000000048610 T spvReducerOptionsSetStepLimit
0000000000048630 T spvReducerOptionsSetTargetFunction
00000000000435d0 T spvSoftwareVersionDetailsString
00000000000435c0 T spvSoftwareVersionString
0000000000048640 T spvTargetEnvDescription
00000000001d9200 D spvTargetEnvNameMap
000000000004bf10 T spvTextDestroy
00000000000527d0 T spvTextToBinary
0000000000052690 T spvTextToBinaryWithOptions
000000000005c460 T spvValidate
000000000005c310 T spvValidateBinary
000000000005c480 T spvValidateWithOptions
00000000000498b0 T spvValidatorOptionsCreate
0000000000049900 T spvValidatorOptionsDestroy
0000000000049a10 T spvValidatorOptionsSetAllowLocalSizeId
0000000000049a20 T spvValidatorOptionsSetAllowOffsetTextureOperand
0000000000049a30 T spvValidatorOptionsSetAllowVulkan32BitBitwise
00000000000499b0 T spvValidatorOptionsSetBeforeHlslLegalization
0000000000049a40 T spvValidatorOptionsSetFriendlyNames
00000000000499c0 T spvValidatorOptionsSetRelaxBlockLayout
00000000000499a0 T spvValidatorOptionsSetRelaxLogicalPointer
0000000000049990 T spvValidatorOptionsSetRelaxStoreStruct
00000000000499e0 T spvValidatorOptionsSetScalarBlockLayout
0000000000049a00 T spvValidatorOptionsSetSkipBlockLayout
00000000000499d0 T spvValidatorOptionsSetUniformBufferStandardLayout
0000000000049920 T spvValidatorOptionsSetUniversalLimit
00000000000499f0 T spvValidatorOptionsSetWorkgroupScalarBlockLayout
