00000000000023f0 T _ZN4absl12lts_2026081711MinLogLevelEv
00000000000023a0 T _ZN4absl12lts_2026081712log_internal17RawSetMinLogLevelENS0_18LogSeverityAtLeastE
0000000000002440 T _ZN4absl12lts_2026081712log_internal17ScopedMinLogLevelC1ENS0_18LogSeverityAtLeastE
0000000000002440 T _ZN4absl12lts_2026081712log_internal17ScopedMinLogLevelC2ENS0_18LogSeverityAtLeastE
0000000000002470 T _ZN4absl12lts_2026081712log_internal17ScopedMinLogLevelD1Ev
0000000000002470 T _ZN4absl12lts_2026081712log_internal17ScopedMinLogLevelD2Ev
00000000000023c0 T _ZN4absl12lts_2026081712log_internal18RawEnableLogPrefixEb
0000000000002530 T _ZN4absl12lts_2026081712log_internal19GetAndroidNativeTagEv
0000000000002870 T _ZN4absl12lts_2026081712log_internal20ShouldLogBacktraceAtESt17basic_string_viewIcSt11char_traitsIcEEi
00000000000023b0 T _ZN4absl12lts_2026081712log_internal21RawSetStderrThresholdENS0_18LogSeverityAtLeastE
00000000000023d0 T _ZN4absl12lts_2026081712log_internal25SetLoggingGlobalsListenerEPFvvE
00000000000021a0 T _ZN4absl12lts_2026081713base_internal10AtomicHookIPFvvEE13DummyFunctionEv
0000000000003080 R _ZN4absl12lts_2026081713hash_internal17kStaticRandomDataE
0000000000002400 T _ZN4absl12lts_2026081714SetMinLogLevelENS0_18LogSeverityAtLeastE
0000000000002b70 T _ZN4absl12lts_2026081715EnableLogPrefixEb
0000000000002490 T _ZN4absl12lts_2026081715StderrThresholdEv
00000000000024a0 T _ZN4absl12lts_2026081718SetStderrThresholdENS0_18LogSeverityAtLeastE
0000000000002540 T _ZN4absl12lts_2026081719SetAndroidNativeTagEPKc
00000000000024e0 T _ZN4absl12lts_2026081721ScopedStderrThresholdC1ENS0_18LogSeverityAtLeastE
00000000000024e0 T _ZN4absl12lts_2026081721ScopedStderrThresholdC2ENS0_18LogSeverityAtLeastE
0000000000002510 T _ZN4absl12lts_2026081721ScopedStderrThresholdD1Ev
0000000000002510 T _ZN4absl12lts_2026081721ScopedStderrThresholdD2Ev
0000000000002b50 T _ZN4absl12lts_2026081722ShouldPrependLogPrefixEv
00000000000029e0 T _ZN4absl12lts_2026081723SetLogBacktraceLocationESt17basic_string_viewIcSt11char_traitsIcEEi
0000000000002b40 T _ZN4absl12lts_2026081725ClearLogBacktraceLocationEv
