[06:08:21.566664] {Default Queue}  -> wl_display#1.get_registry(new id wl_registry#2)
[06:08:21.566680] {Default Queue}  -> wl_display#1.sync(new id wl_callback#3)
[06:08:21.566894] {Display Queue} wl_display#1.delete_id(3)
[06:08:21.566897] {Default Queue} wl_registry#2.global(1, "wl_seat", 9)
[06:08:21.566901] {Default Queue} wl_registry#2.global(2, "wl_data_device_manager", 3)
[06:08:21.566903] {Default Queue}  -> wl_registry#2.bind(2, "wl_data_device_manager", 3, new id [unknown]#4)
[06:08:21.566905] {Default Queue} wl_registry#2.global(3, "wl_compositor", 6)
[06:08:21.566907] {Default Queue}  -> wl_registry#2.bind(3, "wl_compositor", 3, new id [unknown]#5)
[06:08:21.566910] {Default Queue} wl_registry#2.global(4, "wl_subcompositor", 1)
[06:08:21.566912] {Default Queue}  -> wl_registry#2.bind(4, "wl_subcompositor", 1, new id [unknown]#6)
[06:08:21.566914] {Default Queue} wl_registry#2.global(5, "wl_shm", 2)
[06:08:21.566915] {Default Queue}  -> wl_registry#2.bind(5, "wl_shm", 1, new id [unknown]#7)
[06:08:21.566917] {Default Queue} wl_registry#2.global(6, "wp_viewporter", 1)
[06:08:21.566919] {Default Queue} wl_registry#2.global(7, "wp_tearing_control_manager_v1", 1)
[06:08:21.566921] {Default Queue} wl_registry#2.global(8, "wp_fractional_scale_manager_v1", 1)
[06:08:21.566923] {Default Queue} wl_registry#2.global(9, "zxdg_output_manager_v1", 3)
[06:08:21.566924] {Default Queue}  -> wl_registry#2.bind(9, "zxdg_output_manager_v1", 3, new id [unknown]#8)
[06:08:21.566926] {Default Queue}  -> wl_display#1.sync(new id wl_callback#9)
[06:08:21.566928] {Default Queue} wl_registry#2.global(10, "wp_cursor_shape_manager_v1", 2)
[06:08:21.566930] {Default Queue}  -> wl_registry#2.bind(10, "wp_cursor_shape_manager_v1", 1, new id [unknown]#10)
[06:08:21.566932] {Default Queue} wl_registry#2.global(11, "zwp_idle_inhibit_manager_v1", 1)
[06:08:21.566933] {Default Queue} wl_registry#2.global(12, "zwp_relative_pointer_manager_v1", 1)
[06:08:21.566935] {Default Queue} wl_registry#2.global(13, "zxdg_decoration_manager_v1", 2)
[06:08:21.566937] {Default Queue} wl_registry#2.global(14, "wp_alpha_modifier_v1", 1)
[06:08:21.566938] {Default Queue} wl_registry#2.global(15, "zwlr_gamma_control_manager_v1", 1)
[06:08:21.566940] {Default Queue} wl_registry#2.global(16, "ext_foreign_toplevel_list_v1", 1)
[06:08:21.566942] {Default Queue} wl_registry#2.global(17, "zwp_pointer_gestures_v1", 3)
[06:08:21.566944] {Default Queue}  -> wl_registry#2.bind(17, "zwp_pointer_gestures_v1", 1, new id [unknown]#11)
[06:08:21.566945] {Default Queue} wl_registry#2.global(18, "zwlr_foreign_toplevel_manager_v1", 3)
[06:08:21.566947] {Default Queue} wl_registry#2.global(19, "zwp_keyboard_shortcuts_inhibit_manager_v1", 1)
[06:08:21.566949] {Default Queue}  -> wl_registry#2.bind(19, "zwp_keyboard_shortcuts_inhibit_manager_v1", 1, new id [unknown]#12)
[06:08:21.566951] {Default Queue} wl_registry#2.global(20, "zwp_text_input_manager_v1", 1)
[06:08:21.566953] {Default Queue} wl_registry#2.global(21, "zwp_text_input_manager_v3", 1)
[06:08:21.566956] {Default Queue} wl_registry#2.global(22, "zwp_pointer_constraints_v1", 1)
[06:08:21.566958] {Default Queue} wl_registry#2.global(23, "zwlr_output_power_manager_v1", 1)
[06:08:21.566959] {Default Queue} wl_registry#2.global(24, "xdg_activation_v1", 1)
[06:08:21.566961] {Default Queue}  -> wl_registry#2.bind(24, "xdg_activation_v1", 1, new id [unknown]#13)
[06:08:21.566963] {Default Queue} wl_registry#2.global(25, "ext_idle_notifier_v1", 2)
[06:08:21.566964] {Default Queue} wl_registry#2.global(26, "hyprland_lock_notifier_v1", 1)
[06:08:21.566966] {Default Queue} wl_registry#2.global(27, "ext_session_lock_manager_v1", 1)
[06:08:21.566968] {Default Queue} wl_registry#2.global(28, "zwp_input_method_manager_v2", 1)
[06:08:21.566969] {Default Queue} wl_registry#2.global(29, "zwp_virtual_keyboard_manager_v1", 1)
[06:08:21.566971] {Default Queue} wl_registry#2.global(30, "zwlr_virtual_pointer_manager_v1", 2)
[06:08:21.566973] {Default Queue} wl_registry#2.global(31, "zwlr_output_manager_v1", 4)
[06:08:21.566975] {Default Queue} wl_registry#2.global(32, "org_kde_kwin_server_decoration_manager", 1)
[06:08:21.566980] {Default Queue}  -> wl_registry#2.bind(32, "org_kde_kwin_server_decoration_manager", 1, new id [unknown]#14)
[06:08:21.566983] {Default Queue} wl_registry#2.global(33, "hyprland_focus_grab_manager_v1", 1)
[06:08:21.566985] {Default Queue} wl_registry#2.global(34, "zwp_tablet_manager_v2", 1)
[06:08:21.566987] {Default Queue}  -> wl_registry#2.bind(34, "zwp_tablet_manager_v2", 1, new id [unknown]#15)
[06:08:21.566988] {Default Queue} wl_registry#2.global(35, "zwlr_layer_shell_v1", 5)
[06:08:21.566990] {Default Queue} wl_registry#2.global(36, "wp_presentation", 2)
[06:08:21.566992] {Default Queue} wl_registry#2.global(37, "xdg_wm_base", 7)
[06:08:21.566994] {Default Queue} wl_registry#2.global(38, "zwlr_data_control_manager_v1", 2)
[06:08:21.566995] {Default Queue} wl_registry#2.global(39, "zwp_primary_selection_device_manager_v1", 1)
[06:08:21.566997] {Default Queue}  -> wl_registry#2.bind(39, "zwp_primary_selection_device_manager_v1", 1, new id [unknown]#16)
[06:08:21.566999] {Default Queue} wl_registry#2.global(40, "xwayland_shell_v1", 1)
[06:08:21.567000] {Default Queue} wl_registry#2.global(41, "hyprland_toplevel_mapping_manager_v1", 1)
[06:08:21.567002] {Default Queue} wl_registry#2.global(42, "hyprland_global_shortcuts_manager_v1", 1)
[06:08:21.567004] {Default Queue} wl_registry#2.global(43, "xdg_wm_dialog_v1", 1)
[06:08:21.567005] {Default Queue} wl_registry#2.global(44, "wp_single_pixel_buffer_manager_v1", 1)
[06:08:21.567007] {Default Queue} wl_registry#2.global(45, "wp_security_context_manager_v1", 1)
[06:08:21.567009] {Default Queue} wl_registry#2.global(46, "hyprland_ctm_control_manager_v1", 2)
[06:08:21.567011] {Default Queue} wl_registry#2.global(47, "hyprland_input_capture_manager_v1", 1)
[06:08:21.567012] {Default Queue} wl_registry#2.global(48, "hyprland_surface_manager_v1", 2)
[06:08:21.567014] {Default Queue} wl_registry#2.global(49, "wp_content_type_manager_v1", 1)
[06:08:21.567015] {Default Queue} wl_registry#2.global(50, "xdg_toplevel_tag_manager_v1", 1)
[06:08:21.567017] {Default Queue} wl_registry#2.global(51, "xdg_system_bell_v1", 1)
[06:08:21.567019] {Default Queue} wl_registry#2.global(52, "vicinae_hotkey_manager_v1", 1)
[06:08:21.567020] {Default Queue} wl_registry#2.global(53, "ext_workspace_manager_v1", 1)
[06:08:21.567022] {Default Queue} wl_registry#2.global(54, "ext_data_control_manager_v1", 1)
[06:08:21.567023] {Default Queue} wl_registry#2.global(55, "wp_pointer_warp_v1", 1)
[06:08:21.567025] {Default Queue} wl_registry#2.global(56, "wp_fifo_manager_v1", 1)
[06:08:21.567027] {Default Queue} wl_registry#2.global(57, "zxdg_exporter_v2", 1)
[06:08:21.567028] {Default Queue}  -> wl_registry#2.bind(57, "zxdg_exporter_v2", 1, new id [unknown]#17)
[06:08:21.567030] {Default Queue} wl_registry#2.global(58, "zxdg_importer_v2", 1)
[06:08:21.567032] {Default Queue}  -> wl_registry#2.bind(58, "zxdg_importer_v2", 1, new id [unknown]#18)
[06:08:21.567033] {Default Queue} wl_registry#2.global(59, "ext_background_effect_manager_v1", 1)
[06:08:21.567035] {Default Queue} wl_registry#2.global(60, "wp_commit_timing_manager_v1", 1)
[06:08:21.567037] {Default Queue} wl_registry#2.global(61, "zwlr_screencopy_manager_v1", 3)
[06:08:21.567040] {Default Queue} wl_registry#2.global(62, "hyprland_toplevel_export_manager_v1", 2)
[06:08:21.567041] {Default Queue} wl_registry#2.global(63, "ext_output_image_capture_source_manager_v1", 1)
[06:08:21.567043] {Default Queue} wl_registry#2.global(64, "ext_foreign_toplevel_image_capture_source_manager_v1", 1)
[06:08:21.567045] {Default Queue} wl_registry#2.global(65, "ext_image_copy_capture_manager_v1", 1)
[06:08:21.567046] {Default Queue} wl_registry#2.global(66, "wp_color_manager_v1", 3)
[06:08:21.567048] {Default Queue} wl_registry#2.global(67, "wl_drm", 2)
[06:08:21.567050] {Default Queue} wl_registry#2.global(68, "zwp_linux_dmabuf_v1", 5)
[06:08:21.567051] {Default Queue} wl_registry#2.global(69, "wl_output", 4)
[06:08:21.567053] {Default Queue}  -> wl_registry#2.bind(69, "wl_output", 2, new id [unknown]#19)
[06:08:21.567069] {Default Queue}  -> zxdg_output_manager_v1#8.get_xdg_output(new id zxdg_output_v1#20, wl_output#19)
[06:08:21.567073] {Default Queue}  -> wl_display#1.sync(new id wl_callback#21)
[06:08:21.567075] {Default Queue} wl_callback#3.done(0)
[06:08:21.567095] {Default Queue}  -> wl_shm#7.create_pool(new id wl_shm_pool#3, fd 10, 2304)
[06:08:21.567156] {Default Queue}  -> wl_shm_pool#3.resize(6912)
[06:08:21.567189] {Default Queue}  -> wl_shm_pool#3.resize(16128)
[06:08:21.567248] {Default Queue}  -> wl_shm_pool#3.resize(34560)
[06:08:21.567360] {Default Queue}  -> wl_shm_pool#3.resize(71424)
[06:08:21.567576] {Default Queue}  -> wl_shm_pool#3.resize(145152)
[06:08:21.568361] {Default Queue}  -> wl_shm_pool#3.resize(292608)
[06:08:21.569302] {Default Queue}  -> wl_shm_pool#3.resize(587520)
[06:08:21.572772] {Default Queue}  -> wl_registry#2.bind(1, "wl_seat", 5, new id [unknown]#22)
[06:08:21.573988] {Default Queue}  -> wl_compositor#5.create_surface(new id wl_surface#23)
[06:08:21.573998] {Default Queue}  -> zwp_primary_selection_device_manager_v1#16.get_device(new id zwp_primary_selection_device_v1#24, wl_seat#22)
[06:08:21.574003] {Default Queue}  -> wl_data_device_manager#4.get_data_device(new id wl_data_device#25, wl_seat#22)
[06:08:21.574042] {Default Queue}  -> wl_compositor#5.create_surface(new id wl_surface#26)
[06:08:21.574044] {Default Queue}  -> zwp_tablet_manager_v2#15.get_tablet_seat(new id zwp_tablet_seat_v2#27, wl_seat#22)
[06:08:21.574048] {Default Queue}  -> wl_display#1.sync(new id wl_callback#28)
[06:08:21.574424] {Display Queue} wl_display#1.delete_id(9)
[06:08:21.574428] {Display Queue} wl_display#1.delete_id(21)
[06:08:21.574430] {Display Queue} wl_display#1.delete_id(28)
[06:08:21.574432] {Default Queue} wl_shm#7.format(0)
[06:08:21.574434] {Default Queue} wl_shm#7.format(1)
[06:08:21.574435] {Default Queue} wl_shm#7.format(875709016)
[06:08:21.574437] {Default Queue} wl_shm#7.format(875708993)
[06:08:21.574438] {Default Queue} wl_shm#7.format(808669784)
[06:08:21.574440] {Default Queue} wl_shm#7.format(808669761)
[06:08:21.574441] {Default Queue} wl_shm#7.format(808665688)
[06:08:21.574443] {Default Queue} wl_shm#7.format(808665665)
[06:08:21.574444] {Default Queue} wl_callback#9.done(0)
[06:08:21.574446] {Default Queue} org_kde_kwin_server_decoration_manager#14.default_mode(2)
[06:08:21.574449] {Default Queue} wl_output#19.scale(1)
[06:08:21.574451] {Default Queue} wl_output#19.mode(1, 800, 600, 60000)
[06:08:21.574454] {Default Queue} wl_output#19.geometry(0, 0, 0, 0, 1, "", "", 0)
[06:08:21.574457] {Default Queue} wl_output#19.done()
[06:08:21.574462] {Default Queue} zxdg_output_v1#20.name("WAYLAND-1")
[06:08:21.574464] {Default Queue} zxdg_output_v1#20.logical_position(0, 0)
[06:08:21.574466] {Default Queue} zxdg_output_v1#20.logical_size(800, 600)
[06:08:21.574467] {Default Queue} wl_output#19.done()
[06:08:21.574470] {Default Queue} wl_callback#21.done(0)
[06:08:21.574471] {Default Queue} wl_seat#22.name("Hyprland")
[06:08:21.574473] {Default Queue} wl_seat#22.capabilities(3)
[06:08:21.574475] {Default Queue}  -> wl_seat#22.get_pointer(new id wl_pointer#21)
[06:08:21.574479] {Default Queue}  -> zwp_pointer_gestures_v1#11.get_swipe_gesture(new id zwp_pointer_gesture_swipe_v1#9, wl_pointer#21)
[06:08:21.574482] {Default Queue}  -> zwp_pointer_gestures_v1#11.get_pinch_gesture(new id zwp_pointer_gesture_pinch_v1#29, wl_pointer#21)
[06:08:21.574485] {Default Queue}  -> wp_cursor_shape_manager_v1#10.get_pointer(new id wp_cursor_shape_device_v1#30, wl_pointer#21)
[06:08:21.574489] {Default Queue}  -> wl_seat#22.get_keyboard(new id wl_keyboard#31)
[06:08:21.574492] {Default Queue} wl_callback#28.done(0)
[06:08:21.574494] {Default Queue}  -> wl_registry#2.bind(37, "xdg_wm_base", 6, new id [unknown]#28)
[06:08:21.609579] {Default Queue}  -> wl_compositor#5.create_surface(new id wl_surface#32)
[06:08:21.609635] {Default Queue}  -> xdg_wm_base#28.get_xdg_surface(new id xdg_surface#33, wl_surface#32)
[06:08:21.609639] {Default Queue}  -> xdg_surface#33.get_toplevel(new id xdg_toplevel#34)
[06:08:21.609644] {Default Queue}  -> xdg_toplevel#34.set_parent(nil)
[06:08:21.609648] {Default Queue}  -> xdg_toplevel#34.set_title("ELM-PARENT-INPUT-PROBE")
[06:08:21.609650] {Default Queue}  -> xdg_toplevel#34.set_app_id("fixture.py")
[06:08:21.609652] {Default Queue}  -> wl_surface#32.commit()
[06:08:21.609655] {Default Queue}  -> org_kde_kwin_server_decoration_manager#14.create(new id org_kde_kwin_server_decoration#35, wl_surface#32)
[06:08:21.609659] {Default Queue}  -> org_kde_kwin_server_decoration#35.request_mode(2)
/home/hoskinson/omarchy-windows-parity/implementation/elm-parent-input-probe-v10/fixture.py:142: PyGIDeprecationWarning: GLib.unix_signal_add is deprecated; use GLibUnix.signal_add instead
  GLib.unix_signal_add(GLib.PRIORITY_DEFAULT, signal.SIGTERM, quit_)
[06:08:21.611158] {Default Queue} wl_keyboard#31.keymap(1, fd 11, 35572)
[06:08:21.611882] {Default Queue} wl_keyboard#31.repeat_info(25, 600)
[06:08:21.611888] {Default Queue} xdg_toplevel#34.wm_capabilities(array[8])
[06:08:21.611891] {Default Queue} org_kde_kwin_server_decoration#35.mode(2)
[06:08:21.611894] {Default Queue} org_kde_kwin_server_decoration#35.mode(2)
[06:08:21.611895] {Default Queue} xdg_toplevel#34.configure(800, 600, array[16])
[06:08:21.611898] {Default Queue} xdg_surface#33.configure(1)
[06:08:21.611903] {Default Queue}  -> wl_surface#32.set_buffer_scale(1)
[06:08:21.611908] {Default Queue}  -> xdg_surface#33.ack_configure(1)
[06:08:21.628308] {Default Queue}  -> wl_shm#7.create_pool(new id wl_shm_pool#36, fd 12, 1920000)
[06:08:21.628321] {Default Queue}  -> wl_shm_pool#36.create_buffer(new id wl_buffer#37, 0, 800, 600, 3200, 0)
[06:08:21.629590] {Default Queue}  -> wl_surface#32.attach(wl_buffer#37, 0, 0)
[06:08:21.629597] {Default Queue}  -> wl_surface#32.set_buffer_scale(1)
[06:08:21.629600] {Default Queue}  -> wl_surface#32.damage(0, 0, 800, 600)
[06:08:21.629603] {Default Queue}  -> xdg_toplevel#34.set_min_size(192, 38)
[06:08:21.629605] {Default Queue}  -> xdg_toplevel#34.set_max_size(0, 0)
[06:08:21.629607] {Default Queue}  -> xdg_surface#33.set_window_geometry(0, 0, 800, 600)
[06:08:21.629610] {Default Queue}  -> wl_compositor#5.create_region(new id wl_region#38)
[06:08:21.629612] {Default Queue}  -> wl_region#38.add(0, 0, 800, 600)
[06:08:21.629614] {Default Queue}  -> wl_surface#32.set_opaque_region(wl_region#38)
[06:08:21.629615] {Default Queue}  -> wl_region#38.destroy()
[06:08:21.629617] {Default Queue}  -> wl_surface#32.set_input_region(nil)
[06:08:21.629624] {Default Queue}  -> wl_surface#32.frame(new id wl_callback#39)
[06:08:21.629626] {Default Queue}  -> wl_surface#32.commit()
[06:08:21.630823] {Display Queue} wl_display#1.delete_id(38)
[06:08:21.630828] {Display Queue} wl_display#1.delete_id(39)
[06:08:21.630832] {Default Queue} wl_callback#39.done(62206273)
[06:08:21.630839] {Default Queue} wl_surface#32.enter(wl_output#19)
[06:08:21.630844] {Default Queue} wl_keyboard#31.enter(3, wl_surface#32, array[0])
[06:08:21.630852] {Default Queue} wl_keyboard#31.modifiers(4, 0, 0, 0, 0)
[06:08:21.630863] {Default Queue} wl_data_device#25.selection(nil)
[06:08:21.630871] {Default Queue} wl_buffer#37.release()
[06:08:21.630874] {Default Queue} xdg_toplevel#34.configure(758, 558, array[24])
[06:08:21.630879] {Default Queue} xdg_surface#33.configure(2)
[06:08:21.630884] {Default Queue}  -> wl_buffer#37.destroy()
[06:08:21.630887] {Default Queue}  -> wl_shm_pool#36.destroy()
[06:08:21.631051] {Default Queue}  -> wl_surface#32.set_buffer_scale(1)
[06:08:21.631056] {Default Queue}  -> xdg_surface#33.ack_configure(2)
[06:08:21.631342] {Default Queue}  -> wl_shm#7.create_pool(new id wl_shm_pool#39, fd 12, 1691856)
[06:08:21.631347] {Default Queue}  -> wl_shm_pool#39.create_buffer(new id wl_buffer#38, 0, 758, 558, 3032, 0)
[06:08:21.632133] {Default Queue}  -> wl_surface#32.attach(wl_buffer#38, 0, 0)
[06:08:21.632138] {Default Queue}  -> wl_surface#32.set_buffer_scale(1)
[06:08:21.632140] {Default Queue}  -> wl_surface#32.damage(0, 0, 758, 558)
[06:08:21.632142] {Default Queue}  -> xdg_toplevel#34.set_min_size(192, 38)
[06:08:21.632147] {Default Queue}  -> xdg_toplevel#34.set_max_size(0, 0)
[06:08:21.632153] {Default Queue}  -> xdg_surface#33.set_window_geometry(0, 0, 758, 558)
[06:08:21.632155] {Default Queue}  -> wl_compositor#5.create_region(new id wl_region#40)
[06:08:21.632157] {Default Queue}  -> wl_region#40.add(0, 0, 758, 558)
[06:08:21.632159] {Default Queue}  -> wl_surface#32.set_opaque_region(wl_region#40)
[06:08:21.632161] {Default Queue}  -> wl_region#40.destroy()
[06:08:21.632166] {Default Queue}  -> wl_surface#32.frame(new id wl_callback#41)
[06:08:21.632168] {Default Queue}  -> wl_surface#32.commit()
[06:08:21.632181] discarded [unknown]#37.[event 0](0 fd, 8 byte)
[06:08:21.632184] {Display Queue} wl_display#1.delete_id(37)
[06:08:21.632186] {Display Queue} wl_display#1.delete_id(36)
[06:08:21.633350] {Display Queue} wl_display#1.delete_id(40)
[06:08:21.633371] {Default Queue} wl_buffer#38.release()
[06:08:21.747899] {Display Queue} wl_display#1.delete_id(41)
[06:08:21.747914] {Default Queue} wl_callback#41.done(62206288)
[06:08:22.008313] {Default Queue} wl_pointer#21.enter(5, wl_surface#32, 253.00000000, 186.00000000)
[06:08:22.008330] {Default Queue} wl_pointer#21.frame()
[06:08:22.008368] {Default Queue}  -> wp_cursor_shape_device_v1#30.set_shape(5, 1)
[06:08:22.008374] {Default Queue} wl_pointer#21.motion(62206650, 253.00000000, 186.00000000)
[06:08:22.008377] {Default Queue} wl_pointer#21.frame()
[06:08:22.008948] {Default Queue} wl_pointer#21.button(6, 62206650, 272, 1)
[06:08:22.008953] {Default Queue} wl_pointer#21.frame()
[06:08:22.008961] {Default Queue} wl_pointer#21.button(7, 62206650, 272, 0)
[06:08:22.008963] {Default Queue} wl_pointer#21.frame()
[06:08:22.045492] {Default Queue} wl_output#19.scale(1)
[06:08:22.045514] {Default Queue} wl_output#19.mode(1, 640, 480, 60000)
[06:08:22.045520] {Default Queue} wl_output#19.geometry(0, 0, 0, 0, 1, "", "", 0)
[06:08:22.045528] {Default Queue} wl_output#19.done()
[06:08:22.045542] {Default Queue} zxdg_output_v1#20.logical_position(0, 0)
[06:08:22.045546] {Default Queue} zxdg_output_v1#20.logical_size(640, 480)
[06:08:22.045548] {Default Queue} zxdg_output_v1#20.logical_position(0, 0)
[06:08:22.045550] {Default Queue} zxdg_output_v1#20.logical_size(640, 480)
[06:08:22.045552] {Default Queue} zxdg_output_v1#20.logical_position(0, 0)
[06:08:22.045555] {Default Queue} zxdg_output_v1#20.logical_size(640, 480)
[06:08:22.045557] {Default Queue} wl_output#19.done()
[06:08:22.045561] {Default Queue} xdg_toplevel#34.configure(598, 438, array[24])
[06:08:22.045565] {Default Queue} xdg_surface#33.configure(8)
[06:08:22.045572] {Default Queue}  -> wl_buffer#38.destroy()
[06:08:22.045575] {Default Queue}  -> wl_shm_pool#39.destroy()
[06:08:22.045811] {Default Queue}  -> wl_surface#32.set_buffer_scale(1)
[06:08:22.045828] {Default Queue}  -> xdg_surface#33.ack_configure(8)
[06:08:22.046155] {Default Queue}  -> wl_shm#7.create_pool(new id wl_shm_pool#41, fd 12, 1047696)
[06:08:22.046162] {Default Queue}  -> wl_shm_pool#41.create_buffer(new id wl_buffer#40, 0, 598, 438, 2392, 0)
[06:08:22.046622] {Default Queue}  -> wl_surface#32.attach(wl_buffer#40, 0, 0)
[06:08:22.046637] {Default Queue}  -> wl_surface#32.set_buffer_scale(1)
[06:08:22.046640] {Default Queue}  -> wl_surface#32.damage(0, 0, 598, 438)
[06:08:22.046644] {Default Queue}  -> xdg_toplevel#34.set_min_size(192, 38)
[06:08:22.046648] {Default Queue}  -> xdg_toplevel#34.set_max_size(0, 0)
[06:08:22.046651] {Default Queue}  -> xdg_surface#33.set_window_geometry(0, 0, 598, 438)
[06:08:22.046654] {Default Queue}  -> wl_compositor#5.create_region(new id wl_region#36)
[06:08:22.046657] {Default Queue}  -> wl_region#36.add(0, 0, 598, 438)
[06:08:22.046660] {Default Queue}  -> wl_surface#32.set_opaque_region(wl_region#36)
[06:08:22.046662] {Default Queue}  -> wl_region#36.destroy()
[06:08:22.046670] {Default Queue}  -> wl_surface#32.frame(new id wl_callback#37)
[06:08:22.046674] {Default Queue}  -> wl_surface#32.commit()
[06:08:22.046695] discarded [unknown]#38.[event 0](0 fd, 8 byte)
[06:08:22.046699] {Display Queue} wl_display#1.delete_id(38)
[06:08:22.046707] {Display Queue} wl_display#1.delete_id(39)
[06:08:22.047434] {Display Queue} wl_display#1.delete_id(36)
[06:08:22.047447] {Default Queue} wl_buffer#40.release()
[06:08:22.058478] {Display Queue} wl_display#1.delete_id(37)
[06:08:22.058489] {Default Queue} wl_callback#37.done(62206700)
[06:08:22.103038] {Default Queue} xdg_wm_base#28.ping(1337)
[06:08:22.103056] {Default Queue}  -> xdg_wm_base#28.pong(1337)
[06:08:22.335539] {Default Queue} wl_pointer#21.motion(62206977, 199.00000000, 146.19921875)
[06:08:22.335563] {Default Queue} wl_pointer#21.frame()
[06:08:22.335588] {Default Queue} wl_pointer#21.button(9, 62206977, 272, 1)
[06:08:22.335593] {Default Queue} wl_pointer#21.frame()
[06:08:22.335600] {Default Queue} wl_pointer#21.button(10, 62206977, 272, 0)
[06:08:22.335604] {Default Queue} wl_pointer#21.frame()
[06:08:22.368411] {Default Queue} wl_output#19.scale(2)
[06:08:22.368430] {Default Queue} wl_output#19.mode(1, 960, 640, 60000)
[06:08:22.368435] {Default Queue} wl_output#19.geometry(0, 0, 0, 0, 1, "", "", 0)
[06:08:22.368443] {Default Queue} wl_output#19.done()
[06:08:22.368461] {Default Queue}  -> wl_buffer#40.destroy()
[06:08:22.368465] {Default Queue}  -> wl_shm_pool#41.destroy()
[06:08:22.368505] {Default Queue}  -> wl_surface#32.set_buffer_scale(2)
[06:08:22.368524] {Default Queue} zxdg_output_v1#20.logical_position(0, 0)
[06:08:22.368529] {Default Queue} zxdg_output_v1#20.logical_size(480, 320)
[06:08:22.368533] {Default Queue} zxdg_output_v1#20.logical_position(0, 0)
[06:08:22.368536] {Default Queue} zxdg_output_v1#20.logical_size(480, 320)
[06:08:22.368538] {Default Queue} zxdg_output_v1#20.logical_position(0, 0)
[06:08:22.368541] {Default Queue} zxdg_output_v1#20.logical_size(480, 320)
[06:08:22.368544] {Default Queue} wl_output#19.done()
[06:08:22.368550] {Default Queue} xdg_toplevel#34.configure(438, 278, array[24])
[06:08:22.368555] {Default Queue} xdg_surface#33.configure(11)
[06:08:22.368559] {Default Queue}  -> wl_surface#32.set_buffer_scale(2)
[06:08:22.368565] {Default Queue}  -> xdg_surface#33.ack_configure(11)
[06:08:22.369136] {Default Queue}  -> wl_shm#7.create_pool(new id wl_shm_pool#37, fd 12, 1948224)
[06:08:22.369145] {Default Queue}  -> wl_shm_pool#37.create_buffer(new id wl_buffer#36, 0, 876, 556, 3504, 0)
[06:08:22.370180] {Default Queue}  -> wl_surface#32.attach(wl_buffer#36, 0, 0)
[06:08:22.370195] {Default Queue}  -> wl_surface#32.set_buffer_scale(2)
[06:08:22.370199] {Default Queue}  -> wl_surface#32.damage(0, 0, 438, 278)
[06:08:22.370203] {Default Queue}  -> xdg_toplevel#34.set_min_size(192, 38)
[06:08:22.370207] {Default Queue}  -> xdg_toplevel#34.set_max_size(0, 0)
[06:08:22.370210] {Default Queue}  -> xdg_surface#33.set_window_geometry(0, 0, 438, 278)
[06:08:22.370214] {Default Queue}  -> wl_compositor#5.create_region(new id wl_region#39)
[06:08:22.370218] {Default Queue}  -> wl_region#39.add(0, 0, 438, 278)
[06:08:22.370221] {Default Queue}  -> wl_surface#32.set_opaque_region(wl_region#39)
[06:08:22.370223] {Default Queue}  -> wl_region#39.destroy()
[06:08:22.370234] {Default Queue}  -> wl_surface#32.frame(new id wl_callback#38)
[06:08:22.370239] {Default Queue}  -> wl_surface#32.commit()
[06:08:22.370265] discarded [unknown]#40.[event 0](0 fd, 8 byte)
[06:08:22.370271] {Display Queue} wl_display#1.delete_id(40)
[06:08:22.370275] {Display Queue} wl_display#1.delete_id(41)
[06:08:22.370657] {Display Queue} wl_display#1.delete_id(39)
[06:08:22.370665] {Default Queue} wl_buffer#36.release()
[06:08:22.378092] {Display Queue} wl_display#1.delete_id(38)
[06:08:22.378097] {Default Queue} wl_callback#38.done(62207017)
[06:08:22.628412] {Default Queue} wl_pointer#21.motion(62207270, 145.80078125, 92.60156250)
[06:08:22.628425] {Default Queue} wl_pointer#21.frame()
[06:08:22.628445] {Default Queue} wl_pointer#21.button(12, 62207270, 272, 1)
[06:08:22.628450] {Default Queue} wl_pointer#21.frame()
[06:08:22.628457] {Default Queue} wl_pointer#21.button(13, 62207270, 272, 0)
[06:08:22.628460] {Default Queue} wl_pointer#21.frame()
[06:08:22.656306] {Default Queue} wl_output#19.scale(1)
[06:08:22.656325] {Default Queue} wl_output#19.mode(1, 800, 600, 60000)
[06:08:22.656336] {Default Queue} wl_output#19.geometry(0, 0, 0, 0, 1, "", "", 0)
[06:08:22.656342] {Default Queue} wl_output#19.done()
[06:08:22.656358] {Default Queue}  -> wl_buffer#36.destroy()
[06:08:22.656361] {Default Queue}  -> wl_shm_pool#37.destroy()
[06:08:22.656604] {Default Queue}  -> wl_surface#32.set_buffer_scale(1)
[06:08:22.656618] {Default Queue} zxdg_output_v1#20.logical_position(0, 0)
[06:08:22.656621] {Default Queue} zxdg_output_v1#20.logical_size(800, 600)
[06:08:22.656624] {Default Queue} zxdg_output_v1#20.logical_position(0, 0)
[06:08:22.656626] {Default Queue} zxdg_output_v1#20.logical_size(800, 600)
[06:08:22.656628] {Default Queue} zxdg_output_v1#20.logical_position(0, 0)
[06:08:22.656630] {Default Queue} zxdg_output_v1#20.logical_size(800, 600)
[06:08:22.656632] {Default Queue} wl_output#19.done()
[06:08:22.656636] {Default Queue} xdg_toplevel#34.configure(758, 558, array[24])
[06:08:22.656639] {Default Queue} xdg_surface#33.configure(14)
[06:08:22.656643] {Default Queue}  -> wl_surface#32.set_buffer_scale(1)
[06:08:22.656647] {Default Queue}  -> xdg_surface#33.ack_configure(14)
[06:08:22.657151] {Default Queue}  -> wl_shm#7.create_pool(new id wl_shm_pool#38, fd 12, 1691856)
[06:08:22.657158] {Default Queue}  -> wl_shm_pool#38.create_buffer(new id wl_buffer#39, 0, 758, 558, 3032, 0)
[06:08:22.657773] {Default Queue}  -> wl_surface#32.attach(wl_buffer#39, 0, 0)
[06:08:22.657781] {Default Queue}  -> wl_surface#32.set_buffer_scale(1)
[06:08:22.657784] {Default Queue}  -> wl_surface#32.damage(0, 0, 758, 558)
[06:08:22.657788] {Default Queue}  -> xdg_toplevel#34.set_min_size(192, 38)
[06:08:22.657790] {Default Queue}  -> xdg_toplevel#34.set_max_size(0, 0)
[06:08:22.657793] {Default Queue}  -> xdg_surface#33.set_window_geometry(0, 0, 758, 558)
[06:08:22.657795] {Default Queue}  -> wl_compositor#5.create_region(new id wl_region#41)
[06:08:22.657798] {Default Queue}  -> wl_region#41.add(0, 0, 758, 558)
[06:08:22.657800] {Default Queue}  -> wl_surface#32.set_opaque_region(wl_region#41)
[06:08:22.657802] {Default Queue}  -> wl_region#41.destroy()
[06:08:22.657810] {Default Queue}  -> wl_surface#32.frame(new id wl_callback#40)
[06:08:22.657813] {Default Queue}  -> wl_surface#32.commit()
[06:08:22.657831] discarded [unknown]#36.[event 0](0 fd, 8 byte)
[06:08:22.657836] {Display Queue} wl_display#1.delete_id(36)
[06:08:22.657839] {Display Queue} wl_display#1.delete_id(37)
[06:08:22.658130] {Display Queue} wl_display#1.delete_id(41)
[06:08:22.658135] {Default Queue} wl_buffer#39.release()
[06:08:22.670201] {Display Queue} wl_display#1.delete_id(40)
[06:08:22.670211] {Default Queue} wl_callback#40.done(62207312)
[06:08:22.955863] {Default Queue} wl_pointer#21.motion(62207598, 253.00000000, 186.00000000)
[06:08:22.955879] {Default Queue} wl_pointer#21.frame()
[06:08:22.956160] {Default Queue} wl_pointer#21.button(15, 62207598, 272, 1)
[06:08:22.956167] {Default Queue} wl_pointer#21.frame()
[06:08:22.956379] {Default Queue} wl_pointer#21.button(16, 62207598, 272, 0)
[06:08:22.956423] {Default Queue} wl_pointer#21.frame()
[06:08:22.989874] {Default Queue}  -> xdg_toplevel#34.destroy()
[06:08:22.989882] {Default Queue}  -> xdg_surface#33.destroy()
[06:08:22.989886] {Default Queue}  -> org_kde_kwin_server_decoration#35.release()
[06:08:22.989889] {Default Queue}  -> wl_surface#32.destroy()
[06:08:22.989895] {Default Queue}  -> wl_buffer#39.destroy()
[06:08:22.989898] {Default Queue}  -> wl_shm_pool#38.destroy()
