{"producer":true,"exported":true,"other":false,"locked":false,"sequence":0,"cursor":0,"seenProducer":4096,"seenExport":true,"unknown":true,"status":0,"last":0}
{"producer":true,"exported":true,"other":false,"locked":false,"sequence":1,"cursor":0,"seenProducer":4096,"seenExport":true,"unknown":true,"status":0,"last":2}
{"producer":true,"exported":true,"other":false,"locked":false,"sequence":1,"cursor":0,"seenProducer":4096,"seenExport":true,"unknown":true,"status":0,"last":-1}
{"producer":true,"exported":true,"other":false,"locked":false,"sequence":1,"cursor":0,"seenProducer":4096,"seenExport":true,"unknown":true,"status":0,"last":-1}
{"producer":true,"exported":true,"other":false,"locked":false,"sequence":1,"cursor":0,"seenProducer":4096,"seenExport":true,"unknown":true,"status":0,"last":0}
{"producer":true,"exported":true,"other":false,"locked":false,"sequence":1,"cursor":0,"seenProducer":4096,"seenExport":true,"unknown":true,"status":0,"last":0}
{"producer":true,"exported":true,"other":false,"locked":false,"sequence":1,"cursor":0,"seenProducer":4096,"seenExport":true,"unknown":true,"status":0,"last":-1}
{"producer":true,"exported":true,"other":false,"locked":true,"sequence":1,"cursor":0,"seenProducer":4096,"seenExport":true,"unknown":true,"status":0,"last":0}
{"producer":true,"exported":false,"other":false,"locked":true,"sequence":2,"cursor":2,"seenProducer":4096,"seenExport":false,"unknown":false,"status":1,"last":1}
{"producer":true,"exported":false,"other":false,"locked":true,"sequence":3,"cursor":3,"seenProducer":4096,"seenExport":false,"unknown":false,"status":1,"last":1}
{"producer":true,"exported":false,"other":false,"locked":true,"sequence":3,"cursor":3,"seenProducer":4096,"seenExport":false,"unknown":false,"status":1,"last":-1}
{"producer":true,"exported":false,"other":false,"locked":true,"sequence":3,"cursor":3,"seenProducer":4096,"seenExport":false,"unknown":false,"status":1,"last":0}
{"producer":true,"exported":false,"other":false,"locked":true,"sequence":4,"cursor":3,"seenProducer":4096,"seenExport":false,"unknown":true,"status":1,"last":2}
{"producer":true,"exported":false,"other":false,"locked":true,"sequence":5,"cursor":5,"seenProducer":4096,"seenExport":false,"unknown":false,"status":3,"last":1}
{"producer":true,"exported":false,"other":false,"locked":true,"sequence":6,"cursor":5,"seenProducer":4096,"seenExport":false,"unknown":true,"status":3,"last":2}
{"producer":true,"exported":false,"other":false,"locked":true,"sequence":7,"cursor":7,"seenProducer":4096,"seenExport":false,"unknown":false,"status":1,"last":1}
{"producer":true,"exported":false,"other":false,"locked":true,"sequence":8,"cursor":7,"seenProducer":4096,"seenExport":false,"unknown":true,"status":1,"last":2}
{"producer":true,"exported":false,"other":false,"locked":true,"sequence":9,"cursor":7,"seenProducer":4096,"seenExport":false,"unknown":true,"status":1,"last":2}
{"producer":true,"exported":false,"other":false,"locked":true,"sequence":9,"cursor":7,"seenProducer":4096,"seenExport":false,"unknown":true,"status":1,"last":0}
{"producer":true,"exported":false,"other":false,"locked":true,"sequence":10,"cursor":7,"seenProducer":4096,"seenExport":false,"unknown":true,"status":1,"last":2}
{"producer":true,"exported":false,"other":false,"locked":true,"sequence":11,"cursor":11,"seenProducer":4096,"seenExport":false,"unknown":false,"status":1,"last":1}
{"producer":true,"exported":false,"other":false,"locked":true,"sequence":11,"cursor":11,"seenProducer":4096,"seenExport":false,"unknown":false,"status":1,"last":-1}
{"producer":true,"exported":false,"other":false,"locked":true,"sequence":11,"cursor":11,"seenProducer":4096,"seenExport":false,"unknown":false,"status":1,"last":0}
{"producer":true,"exported":false,"other":false,"locked":true,"sequence":12,"cursor":11,"seenProducer":4096,"seenExport":false,"unknown":true,"status":1,"last":2}
{"producer":true,"exported":false,"other":false,"locked":true,"sequence":12,"cursor":11,"seenProducer":4096,"seenExport":false,"unknown":true,"status":1,"last":-1}
{"producer":true,"exported":false,"other":false,"locked":true,"sequence":13,"cursor":13,"seenProducer":4096,"seenExport":false,"unknown":false,"status":1,"last":1}
{"producer":true,"exported":false,"other":false,"locked":true,"sequence":13,"cursor":13,"seenProducer":4096,"seenExport":false,"unknown":false,"status":1,"last":0}
{"producer":true,"exported":false,"other":false,"locked":true,"sequence":14,"cursor":14,"seenProducer":4096,"seenExport":false,"unknown":false,"status":0,"last":1}
{"producer":true,"exported":false,"other":false,"locked":true,"sequence":15,"cursor":15,"seenProducer":4096,"seenExport":false,"unknown":false,"status":1,"last":1}
{"producer":true,"exported":false,"other":false,"locked":true,"sequence":16,"cursor":15,"seenProducer":4096,"seenExport":false,"unknown":true,"status":1,"last":2}
{"producer":true,"exported":false,"other":false,"locked":true,"sequence":16,"cursor":15,"seenProducer":4096,"seenExport":false,"unknown":true,"status":1,"last":0}
{"producer":true,"exported":false,"other":false,"locked":true,"sequence":16,"cursor":15,"seenProducer":4096,"seenExport":false,"unknown":true,"status":1,"last":0}
{"producer":true,"exported":false,"other":false,"locked":true,"sequence":16,"cursor":15,"seenProducer":4096,"seenExport":false,"unknown":true,"status":1,"last":0}
{"producer":true,"exported":false,"other":false,"locked":true,"sequence":17,"cursor":17,"seenProducer":4096,"seenExport":false,"unknown":false,"status":1,"last":1}
{"producer":true,"exported":false,"other":false,"locked":true,"sequence":18,"cursor":18,"seenProducer":4096,"seenExport":false,"unknown":false,"status":3,"last":1}
{"producer":true,"exported":false,"other":false,"locked":true,"sequence":18,"cursor":18,"seenProducer":4096,"seenExport":false,"unknown":false,"status":3,"last":-1}
{"producer":true,"exported":false,"other":false,"locked":true,"sequence":18,"cursor":18,"seenProducer":4096,"seenExport":false,"unknown":false,"status":3,"last":0}
{"producer":true,"exported":false,"other":false,"locked":true,"sequence":19,"cursor":19,"seenProducer":4096,"seenExport":false,"unknown":false,"status":3,"last":1}
{"producer":true,"exported":false,"other":false,"locked":true,"sequence":20,"cursor":20,"seenProducer":4096,"seenExport":false,"unknown":false,"status":3,"last":1}
{"producer":true,"exported":false,"other":false,"locked":true,"sequence":21,"cursor":21,"seenProducer":4096,"seenExport":false,"unknown":false,"status":1,"last":1}
