[20:37:16.237408] {Default Queue}  -> wl_display#1.get_registry(new id wl_registry#2)
[20:37:16.237432] {Default Queue}  -> wl_display#1.sync(new id wl_callback#3)
[20:37:16.237536] {Display Queue} wl_display#1.delete_id(3)
[20:37:16.237541] {Default Queue} wl_registry#2.global(1, "wl_seat", 9)
[20:37:16.237545] {Default Queue} wl_registry#2.global(2, "wl_data_device_manager", 3)
[20:37:16.237548] {Default Queue} wl_registry#2.global(3, "wl_compositor", 6)
[20:37:16.237551] {Default Queue}  -> wl_registry#2.bind(3, "wl_compositor", 4, new id [unknown]#4)
[20:37:16.237553] {Default Queue} wl_registry#2.global(4, "wl_subcompositor", 1)
[20:37:16.237556] {Default Queue}  -> wl_registry#2.bind(4, "wl_subcompositor", 1, new id [unknown]#5)
[20:37:16.237559] {Default Queue} wl_registry#2.global(5, "wl_shm", 2)
[20:37:16.237561] {Default Queue}  -> wl_registry#2.bind(5, "wl_shm", 1, new id [unknown]#6)
[20:37:16.237563] {Default Queue} wl_registry#2.global(6, "wp_viewporter", 1)
[20:37:16.237566] {Default Queue} wl_registry#2.global(7, "wp_tearing_control_manager_v1", 1)
[20:37:16.237568] {Default Queue} wl_registry#2.global(8, "wp_fractional_scale_manager_v1", 1)
[20:37:16.237571] {Default Queue} wl_registry#2.global(9, "zxdg_output_manager_v1", 3)
[20:37:16.237573] {Default Queue} wl_registry#2.global(10, "wp_cursor_shape_manager_v1", 2)
[20:37:16.237576] {Default Queue} wl_registry#2.global(11, "zwp_idle_inhibit_manager_v1", 1)
[20:37:16.237578] {Default Queue} wl_registry#2.global(12, "zwp_relative_pointer_manager_v1", 1)
[20:37:16.237580] {Default Queue} wl_registry#2.global(13, "zxdg_decoration_manager_v1", 2)
[20:37:16.237582] {Default Queue} wl_registry#2.global(14, "wp_alpha_modifier_v1", 1)
[20:37:16.237585] {Default Queue} wl_registry#2.global(15, "zwlr_gamma_control_manager_v1", 1)
[20:37:16.237587] {Default Queue} wl_registry#2.global(16, "ext_foreign_toplevel_list_v1", 1)
[20:37:16.237589] {Default Queue} wl_registry#2.global(17, "zwp_pointer_gestures_v1", 3)
[20:37:16.237592] {Default Queue} wl_registry#2.global(18, "zwlr_foreign_toplevel_manager_v1", 3)
[20:37:16.237594] {Default Queue} wl_registry#2.global(19, "zwp_keyboard_shortcuts_inhibit_manager_v1", 1)
[20:37:16.237597] {Default Queue} wl_registry#2.global(20, "zwp_text_input_manager_v1", 1)
[20:37:16.237599] {Default Queue} wl_registry#2.global(21, "zwp_text_input_manager_v3", 1)
[20:37:16.237603] {Default Queue} wl_registry#2.global(22, "zwp_pointer_constraints_v1", 1)
[20:37:16.237606] {Default Queue} wl_registry#2.global(23, "zwlr_output_power_manager_v1", 1)
[20:37:16.237609] {Default Queue} wl_registry#2.global(24, "xdg_activation_v1", 1)
[20:37:16.237612] {Default Queue} wl_registry#2.global(25, "ext_idle_notifier_v1", 2)
[20:37:16.237615] {Default Queue} wl_registry#2.global(26, "hyprland_lock_notifier_v1", 1)
[20:37:16.237617] {Default Queue} wl_registry#2.global(27, "ext_session_lock_manager_v1", 1)
[20:37:16.237620] {Default Queue} wl_registry#2.global(28, "zwp_input_method_manager_v2", 1)
[20:37:16.237622] {Default Queue} wl_registry#2.global(29, "zwp_virtual_keyboard_manager_v1", 1)
[20:37:16.237625] {Default Queue} wl_registry#2.global(30, "zwlr_virtual_pointer_manager_v1", 2)
[20:37:16.237628] {Default Queue} wl_registry#2.global(31, "zwlr_output_manager_v1", 4)
[20:37:16.237630] {Default Queue} wl_registry#2.global(32, "org_kde_kwin_server_decoration_manager", 1)
[20:37:16.237633] {Default Queue} wl_registry#2.global(33, "hyprland_focus_grab_manager_v1", 1)
[20:37:16.237636] {Default Queue} wl_registry#2.global(34, "zwp_tablet_manager_v2", 1)
[20:37:16.237639] {Default Queue} wl_registry#2.global(35, "zwlr_layer_shell_v1", 5)
[20:37:16.237641] {Default Queue} wl_registry#2.global(36, "wp_presentation", 2)
[20:37:16.237644] {Default Queue} wl_registry#2.global(37, "xdg_wm_base", 7)
[20:37:16.237646] {Default Queue}  -> wl_registry#2.bind(37, "xdg_wm_base", 6, new id [unknown]#7)
[20:37:16.237649] {Default Queue} wl_registry#2.global(38, "zwlr_data_control_manager_v1", 2)
[20:37:16.237652] {Default Queue} wl_registry#2.global(39, "zwp_primary_selection_device_manager_v1", 1)
[20:37:16.237660] {Default Queue} wl_registry#2.global(40, "xwayland_shell_v1", 1)
[20:37:16.237665] {Default Queue} wl_registry#2.global(41, "hyprland_toplevel_mapping_manager_v1", 1)
[20:37:16.237668] {Default Queue} wl_registry#2.global(42, "hyprland_global_shortcuts_manager_v1", 1)
[20:37:16.237671] {Default Queue} wl_registry#2.global(43, "xdg_wm_dialog_v1", 1)
[20:37:16.237674] {Default Queue}  -> wl_registry#2.bind(43, "xdg_wm_dialog_v1", 1, new id [unknown]#8)
[20:37:16.237676] {Default Queue} wl_registry#2.global(44, "wp_single_pixel_buffer_manager_v1", 1)
[20:37:16.237679] {Default Queue} wl_registry#2.global(45, "wp_security_context_manager_v1", 1)
[20:37:16.237682] {Default Queue} wl_registry#2.global(46, "hyprland_ctm_control_manager_v1", 2)
[20:37:16.237685] {Default Queue} wl_registry#2.global(47, "hyprland_input_capture_manager_v1", 1)
[20:37:16.237687] {Default Queue} wl_registry#2.global(48, "hyprland_surface_manager_v1", 2)
[20:37:16.237690] {Default Queue} wl_registry#2.global(49, "wp_content_type_manager_v1", 1)
[20:37:16.237692] {Default Queue} wl_registry#2.global(50, "xdg_toplevel_tag_manager_v1", 1)
[20:37:16.237695] {Default Queue} wl_registry#2.global(51, "xdg_system_bell_v1", 1)
[20:37:16.237697] {Default Queue} wl_registry#2.global(52, "vicinae_hotkey_manager_v1", 1)
[20:37:16.237700] {Default Queue} wl_registry#2.global(53, "ext_workspace_manager_v1", 1)
[20:37:16.237702] {Default Queue} wl_registry#2.global(54, "ext_data_control_manager_v1", 1)
[20:37:16.237705] {Default Queue} wl_registry#2.global(55, "wp_pointer_warp_v1", 1)
[20:37:16.237707] {Default Queue} wl_registry#2.global(56, "wp_fifo_manager_v1", 1)
[20:37:16.237710] {Default Queue} wl_registry#2.global(57, "zxdg_exporter_v2", 1)
[20:37:16.237712] {Default Queue} wl_registry#2.global(58, "zxdg_importer_v2", 1)
[20:37:16.237715] {Default Queue} wl_registry#2.global(59, "ext_background_effect_manager_v1", 1)
[20:37:16.237717] {Default Queue}  -> wl_registry#2.bind(59, "ext_background_effect_manager_v1", 1, new id [unknown]#9)
[20:37:16.237720] {Default Queue} wl_registry#2.global(60, "wp_commit_timing_manager_v1", 1)
[20:37:16.237722] {Default Queue} wl_registry#2.global(61, "zwlr_screencopy_manager_v1", 3)
[20:37:16.237725] {Default Queue} wl_registry#2.global(62, "hyprland_toplevel_export_manager_v1", 2)
[20:37:16.237727] {Default Queue} wl_registry#2.global(63, "ext_output_image_capture_source_manager_v1", 1)
[20:37:16.237730] {Default Queue} wl_registry#2.global(64, "ext_foreign_toplevel_image_capture_source_manager_v1", 1)
[20:37:16.237732] {Default Queue} wl_registry#2.global(65, "ext_image_copy_capture_manager_v1", 1)
[20:37:16.237735] {Default Queue} wl_registry#2.global(66, "wp_color_manager_v1", 3)
[20:37:16.237738] {Default Queue} wl_registry#2.global(67, "wl_drm", 2)
[20:37:16.237740] {Default Queue} wl_registry#2.global(68, "zwp_linux_dmabuf_v1", 5)
[20:37:16.237743] {Default Queue} wl_registry#2.global(69, "wl_output", 4)
[20:37:16.237746] {Default Queue} wl_callback#3.done(13)
[20:37:16.237749] {Default Queue}  -> wl_compositor#4.create_surface(new id wl_surface#3)
[20:37:16.237752] {Default Queue}  -> xdg_wm_base#7.get_xdg_surface(new id xdg_surface#10, wl_surface#3)
[20:37:16.237754] {Default Queue}  -> xdg_surface#10.get_toplevel(new id xdg_toplevel#11)
[20:37:16.237757] {Default Queue}  -> xdg_toplevel#11.set_title("WARLOCK-CHILD-PROBE")
[20:37:16.237759] {Default Queue}  -> xdg_toplevel#11.set_app_id("warlock-child-probe")
[20:37:16.237762] {Default Queue}  -> xdg_toplevel#11.set_min_size(320, 240)
[20:37:16.237765] {Default Queue}  -> xdg_toplevel#11.set_max_size(320, 240)
[20:37:16.237767] {Default Queue}  -> wl_surface#3.commit()
[20:37:16.237958] {Default Queue} discarded wl_shm#6.format(0)
[20:37:16.237962] {Default Queue} discarded wl_shm#6.format(1)
[20:37:16.237965] {Default Queue} discarded wl_shm#6.format(875709016)
[20:37:16.237967] {Default Queue} discarded wl_shm#6.format(875708993)
[20:37:16.237969] {Default Queue} discarded wl_shm#6.format(808669784)
[20:37:16.237971] {Default Queue} discarded wl_shm#6.format(808669761)
[20:37:16.237976] {Default Queue} discarded wl_shm#6.format(808665688)
[20:37:16.237979] {Default Queue} discarded wl_shm#6.format(808665665)
[20:37:16.237981] {Default Queue} ext_background_effect_manager_v1#9.capabilities(1)
[20:37:16.237984] {Default Queue} xdg_toplevel#11.wm_capabilities(array[8])
[20:37:16.237986] {Default Queue} xdg_toplevel#11.configure(0, 0, array[16])
[20:37:16.237989] {Default Queue} xdg_surface#10.configure(14)
[20:37:16.237992] {Default Queue}  -> xdg_surface#10.ack_configure(14)
{"event":"ack-configure","sequence":1,"controlSequence":0,"rootCommits":1,"childCommits":0,"serial":14,"width":320,"height":240,"monotonicNs":369702173748165}
[20:37:16.238130] {Default Queue}  -> wl_shm#6.create_pool(new id wl_shm_pool#12, fd 5, 307200)
[20:37:16.238135] {Default Queue}  -> wl_shm_pool#12.create_buffer(new id wl_buffer#13, 0, 320, 240, 1280, 0)
[20:37:16.238139] {Default Queue}  -> wl_shm_pool#12.destroy()
[20:37:16.238143] {Default Queue}  -> xdg_surface#10.set_window_geometry(0, 0, 320, 240)
[20:37:16.238146] {Default Queue}  -> wl_surface#3.attach(wl_buffer#13, 0, 0)
[20:37:16.238149] {Default Queue}  -> wl_surface#3.damage(0, 0, 320, 240)
[20:37:16.238152] {Default Queue}  -> wl_surface#3.commit()
{"event":"buffercommit","sequence":2,"controlSequence":0,"rootCommits":2,"childCommits":0,"serial":14,"width":320,"height":240,"monotonicNs":369702173907693}
{"event":"ready","sequence":3,"controlSequence":0,"rootCommits":2,"childCommits":0,"serial":14,"width":320,"height":240,"monotonicNs":369702173909786}
[20:37:16.238885] {Display Queue} wl_display#1.delete_id(12)
[20:37:16.238891] {Default Queue} wl_buffer#13.release()
{"event":"buffer-release","sequence":4,"controlSequence":0,"rootCommits":2,"childCommits":0,"serial":14,"width":320,"height":240,"monotonicNs":369702174646969}
[20:37:16.238896] {Default Queue}  -> wl_buffer#13.destroy()
[20:37:16.238908] {Default Queue} xdg_toplevel#11.configure(320, 240, array[20])
[20:37:16.238912] {Default Queue} xdg_surface#10.configure(15)
[20:37:16.238915] {Default Queue}  -> xdg_surface#10.ack_configure(15)
{"event":"ack-configure","sequence":5,"controlSequence":0,"rootCommits":2,"childCommits":0,"serial":15,"width":320,"height":240,"monotonicNs":369702174670961}
[20:37:16.238965] discarded [unknown]#13.[event 0](0 fd, 8 byte)
[20:37:16.238968] {Display Queue} wl_display#1.delete_id(13)
[20:37:16.269404] {Default Queue} xdg_toplevel#11.configure(320, 240, array[16])
[20:37:16.269423] {Default Queue} xdg_surface#10.configure(21)
[20:37:16.269428] {Default Queue}  -> xdg_surface#10.ack_configure(21)
{"event":"ack-configure","sequence":6,"controlSequence":0,"rootCommits":2,"childCommits":0,"serial":21,"width":320,"height":240,"monotonicNs":369702205184072}
[20:37:17.456280] {Default Queue} xdg_wm_base#7.ping(1337)
[20:37:17.460443] {Default Queue}  -> xdg_wm_base#7.pong(1337)
[20:37:18.956392] {Default Queue} xdg_wm_base#7.ping(1337)
[20:37:18.956407] {Default Queue}  -> xdg_wm_base#7.pong(1337)
[20:37:20.456405] {Default Queue} xdg_wm_base#7.ping(1337)
[20:37:20.456416] {Default Queue}  -> xdg_wm_base#7.pong(1337)
[20:37:21.956492] {Default Queue} xdg_wm_base#7.ping(1337)
[20:37:21.956508] {Default Queue}  -> xdg_wm_base#7.pong(1337)
[20:37:23.456599] {Default Queue} xdg_wm_base#7.ping(1337)
[20:37:23.456614] {Default Queue}  -> xdg_wm_base#7.pong(1337)
[20:37:24.956579] {Default Queue} xdg_wm_base#7.ping(1337)
[20:37:24.956591] {Default Queue}  -> xdg_wm_base#7.pong(1337)
[20:37:26.456661] {Default Queue} xdg_wm_base#7.ping(1337)
[20:37:26.456674] {Default Queue}  -> xdg_wm_base#7.pong(1337)
{"event":"request","sequence":7,"controlSequence":1,"rootCommits":2,"childCommits":0,"serial":21,"width":320,"height":240,"monotonicNs":369713798065621,"command":"quit"}
[20:37:27.862339] {Default Queue}  -> xdg_toplevel#11.destroy()
[20:37:27.862344] {Default Queue}  -> xdg_surface#10.destroy()
[20:37:27.862347] {Default Queue}  -> wl_surface#3.destroy()
[20:37:27.862349] {Default Queue}  -> xdg_wm_dialog_v1#8.destroy()
[20:37:27.862356] {Default Queue}  -> ext_background_effect_manager_v1#9.destroy()
[20:37:27.862362] {Default Queue}  -> xdg_wm_base#7.destroy()
[20:37:27.862366] {Default Queue}  -> wl_subcompositor#5.destroy()
{"event":"normalexit","sequence":8,"controlSequence":1,"rootCommits":2,"childCommits":0,"serial":21,"width":320,"height":240,"monotonicNs":369713798131214}
