[06:07:04.029083] {Default Queue}  -> wl_display#1.get_registry(new id wl_registry#2)
[06:07:04.029105] {Default Queue}  -> wl_display#1.sync(new id wl_callback#3)
[06:07:04.029229] {Display Queue} wl_display#1.delete_id(3)
[06:07:04.029234] {Default Queue} wl_registry#2.global(1, "wl_seat", 9)
[06:07:04.029239] {Default Queue} wl_registry#2.global(2, "wl_data_device_manager", 3)
[06:07:04.029243] {Default Queue}  -> wl_registry#2.bind(2, "wl_data_device_manager", 3, new id [unknown]#4)
[06:07:04.029248] {Default Queue} wl_registry#2.global(3, "wl_compositor", 6)
[06:07:04.029252] {Default Queue}  -> wl_registry#2.bind(3, "wl_compositor", 3, new id [unknown]#5)
[06:07:04.029255] {Default Queue} wl_registry#2.global(4, "wl_subcompositor", 1)
[06:07:04.029258] {Default Queue}  -> wl_registry#2.bind(4, "wl_subcompositor", 1, new id [unknown]#6)
[06:07:04.029261] {Default Queue} wl_registry#2.global(5, "wl_shm", 2)
[06:07:04.029263] {Default Queue}  -> wl_registry#2.bind(5, "wl_shm", 1, new id [unknown]#7)
[06:07:04.029266] {Default Queue} wl_registry#2.global(6, "wp_viewporter", 1)
[06:07:04.029269] {Default Queue} wl_registry#2.global(7, "wp_tearing_control_manager_v1", 1)
[06:07:04.029272] {Default Queue} wl_registry#2.global(8, "wp_fractional_scale_manager_v1", 1)
[06:07:04.029276] {Default Queue} wl_registry#2.global(9, "zxdg_output_manager_v1", 3)
[06:07:04.029278] {Default Queue}  -> wl_registry#2.bind(9, "zxdg_output_manager_v1", 3, new id [unknown]#8)
[06:07:04.029282] {Default Queue}  -> wl_display#1.sync(new id wl_callback#9)
[06:07:04.029284] {Default Queue} wl_registry#2.global(10, "wp_cursor_shape_manager_v1", 2)
[06:07:04.029288] {Default Queue}  -> wl_registry#2.bind(10, "wp_cursor_shape_manager_v1", 1, new id [unknown]#10)
[06:07:04.029290] {Default Queue} wl_registry#2.global(11, "zwp_idle_inhibit_manager_v1", 1)
[06:07:04.029293] {Default Queue} wl_registry#2.global(12, "zwp_relative_pointer_manager_v1", 1)
[06:07:04.029296] {Default Queue} wl_registry#2.global(13, "zxdg_decoration_manager_v1", 2)
[06:07:04.029298] {Default Queue} wl_registry#2.global(14, "wp_alpha_modifier_v1", 1)
[06:07:04.029301] {Default Queue} wl_registry#2.global(15, "zwlr_gamma_control_manager_v1", 1)
[06:07:04.029304] {Default Queue} wl_registry#2.global(16, "ext_foreign_toplevel_list_v1", 1)
[06:07:04.029307] {Default Queue} wl_registry#2.global(17, "zwp_pointer_gestures_v1", 3)
[06:07:04.029310] {Default Queue}  -> wl_registry#2.bind(17, "zwp_pointer_gestures_v1", 1, new id [unknown]#11)
[06:07:04.029313] {Default Queue} wl_registry#2.global(18, "zwlr_foreign_toplevel_manager_v1", 3)
[06:07:04.029316] {Default Queue} wl_registry#2.global(19, "zwp_keyboard_shortcuts_inhibit_manager_v1", 1)
[06:07:04.029320] {Default Queue}  -> wl_registry#2.bind(19, "zwp_keyboard_shortcuts_inhibit_manager_v1", 1, new id [unknown]#12)
[06:07:04.029324] {Default Queue} wl_registry#2.global(20, "zwp_text_input_manager_v1", 1)
[06:07:04.029327] {Default Queue} wl_registry#2.global(21, "zwp_text_input_manager_v3", 1)
[06:07:04.029330] {Default Queue} wl_registry#2.global(22, "zwp_pointer_constraints_v1", 1)
[06:07:04.029332] {Default Queue} wl_registry#2.global(23, "zwlr_output_power_manager_v1", 1)
[06:07:04.029335] {Default Queue} wl_registry#2.global(24, "xdg_activation_v1", 1)
[06:07:04.029338] {Default Queue}  -> wl_registry#2.bind(24, "xdg_activation_v1", 1, new id [unknown]#13)
[06:07:04.029341] {Default Queue} wl_registry#2.global(25, "ext_idle_notifier_v1", 2)
[06:07:04.029343] {Default Queue} wl_registry#2.global(26, "hyprland_lock_notifier_v1", 1)
[06:07:04.029346] {Default Queue} wl_registry#2.global(27, "ext_session_lock_manager_v1", 1)
[06:07:04.029348] {Default Queue} wl_registry#2.global(28, "zwp_input_method_manager_v2", 1)
[06:07:04.029351] {Default Queue} wl_registry#2.global(29, "zwp_virtual_keyboard_manager_v1", 1)
[06:07:04.029354] {Default Queue} wl_registry#2.global(30, "zwlr_virtual_pointer_manager_v1", 2)
[06:07:04.029357] {Default Queue} wl_registry#2.global(31, "zwlr_output_manager_v1", 4)
[06:07:04.029361] {Default Queue} wl_registry#2.global(32, "org_kde_kwin_server_decoration_manager", 1)
[06:07:04.029368] {Default Queue}  -> wl_registry#2.bind(32, "org_kde_kwin_server_decoration_manager", 1, new id [unknown]#14)
[06:07:04.029373] {Default Queue} wl_registry#2.global(33, "hyprland_focus_grab_manager_v1", 1)
[06:07:04.029376] {Default Queue} wl_registry#2.global(34, "zwp_tablet_manager_v2", 1)
[06:07:04.029378] {Default Queue}  -> wl_registry#2.bind(34, "zwp_tablet_manager_v2", 1, new id [unknown]#15)
[06:07:04.029381] {Default Queue} wl_registry#2.global(35, "zwlr_layer_shell_v1", 5)
[06:07:04.029384] {Default Queue} wl_registry#2.global(36, "wp_presentation", 2)
[06:07:04.029386] {Default Queue} wl_registry#2.global(37, "xdg_wm_base", 7)
[06:07:04.029388] {Default Queue} wl_registry#2.global(38, "zwlr_data_control_manager_v1", 2)
[06:07:04.029391] {Default Queue} wl_registry#2.global(39, "zwp_primary_selection_device_manager_v1", 1)
[06:07:04.029394] {Default Queue}  -> wl_registry#2.bind(39, "zwp_primary_selection_device_manager_v1", 1, new id [unknown]#16)
[06:07:04.029396] {Default Queue} wl_registry#2.global(40, "xwayland_shell_v1", 1)
[06:07:04.029399] {Default Queue} wl_registry#2.global(41, "hyprland_toplevel_mapping_manager_v1", 1)
[06:07:04.029402] {Default Queue} wl_registry#2.global(42, "hyprland_global_shortcuts_manager_v1", 1)
[06:07:04.029404] {Default Queue} wl_registry#2.global(43, "xdg_wm_dialog_v1", 1)
[06:07:04.029407] {Default Queue} wl_registry#2.global(44, "wp_single_pixel_buffer_manager_v1", 1)
[06:07:04.029410] {Default Queue} wl_registry#2.global(45, "wp_security_context_manager_v1", 1)
[06:07:04.029413] {Default Queue} wl_registry#2.global(46, "hyprland_ctm_control_manager_v1", 2)
[06:07:04.029415] {Default Queue} wl_registry#2.global(47, "hyprland_input_capture_manager_v1", 1)
[06:07:04.029418] {Default Queue} wl_registry#2.global(48, "hyprland_surface_manager_v1", 2)
[06:07:04.029420] {Default Queue} wl_registry#2.global(49, "wp_content_type_manager_v1", 1)
[06:07:04.029423] {Default Queue} wl_registry#2.global(50, "xdg_toplevel_tag_manager_v1", 1)
[06:07:04.029425] {Default Queue} wl_registry#2.global(51, "xdg_system_bell_v1", 1)
[06:07:04.029428] {Default Queue} wl_registry#2.global(52, "vicinae_hotkey_manager_v1", 1)
[06:07:04.029431] {Default Queue} wl_registry#2.global(53, "ext_workspace_manager_v1", 1)
[06:07:04.029434] {Default Queue} wl_registry#2.global(54, "ext_data_control_manager_v1", 1)
[06:07:04.029436] {Default Queue} wl_registry#2.global(55, "wp_pointer_warp_v1", 1)
[06:07:04.029439] {Default Queue} wl_registry#2.global(56, "wp_fifo_manager_v1", 1)
[06:07:04.029441] {Default Queue} wl_registry#2.global(57, "zxdg_exporter_v2", 1)
[06:07:04.029444] {Default Queue}  -> wl_registry#2.bind(57, "zxdg_exporter_v2", 1, new id [unknown]#17)
[06:07:04.029447] {Default Queue} wl_registry#2.global(58, "zxdg_importer_v2", 1)
[06:07:04.029450] {Default Queue}  -> wl_registry#2.bind(58, "zxdg_importer_v2", 1, new id [unknown]#18)
[06:07:04.029452] {Default Queue} wl_registry#2.global(59, "ext_background_effect_manager_v1", 1)
[06:07:04.029455] {Default Queue} wl_registry#2.global(60, "wp_commit_timing_manager_v1", 1)
[06:07:04.029458] {Default Queue} wl_registry#2.global(61, "zwlr_screencopy_manager_v1", 3)
[06:07:04.029462] {Default Queue} wl_registry#2.global(62, "hyprland_toplevel_export_manager_v1", 2)
[06:07:04.029466] {Default Queue} wl_registry#2.global(63, "ext_output_image_capture_source_manager_v1", 1)
[06:07:04.029468] {Default Queue} wl_registry#2.global(64, "ext_foreign_toplevel_image_capture_source_manager_v1", 1)
[06:07:04.029471] {Default Queue} wl_registry#2.global(65, "ext_image_copy_capture_manager_v1", 1)
[06:07:04.029473] {Default Queue} wl_registry#2.global(66, "wp_color_manager_v1", 3)
[06:07:04.029476] {Default Queue} wl_registry#2.global(67, "wl_drm", 2)
[06:07:04.029479] {Default Queue} wl_registry#2.global(68, "zwp_linux_dmabuf_v1", 5)
[06:07:04.029481] {Default Queue} wl_registry#2.global(69, "wl_output", 4)
[06:07:04.029483] {Default Queue}  -> wl_registry#2.bind(69, "wl_output", 2, new id [unknown]#19)
[06:07:04.029511] {Default Queue}  -> zxdg_output_manager_v1#8.get_xdg_output(new id zxdg_output_v1#20, wl_output#19)
[06:07:04.029518] {Default Queue}  -> wl_display#1.sync(new id wl_callback#21)
[06:07:04.029521] {Default Queue} wl_callback#3.done(0)
[06:07:04.029547] {Default Queue}  -> wl_shm#7.create_pool(new id wl_shm_pool#3, fd 10, 2304)
[06:07:04.029630] {Default Queue}  -> wl_shm_pool#3.resize(6912)
[06:07:04.029677] {Default Queue}  -> wl_shm_pool#3.resize(16128)
[06:07:04.029760] {Default Queue}  -> wl_shm_pool#3.resize(34560)
[06:07:04.029916] {Default Queue}  -> wl_shm_pool#3.resize(71424)
[06:07:04.030213] {Default Queue}  -> wl_shm_pool#3.resize(145152)
[06:07:04.031323] {Default Queue}  -> wl_shm_pool#3.resize(292608)
[06:07:04.032694] {Default Queue}  -> wl_shm_pool#3.resize(587520)
[06:07:04.037583] {Default Queue}  -> wl_registry#2.bind(1, "wl_seat", 5, new id [unknown]#22)
[06:07:04.039206] {Default Queue}  -> wl_compositor#5.create_surface(new id wl_surface#23)
[06:07:04.039222] {Default Queue}  -> zwp_primary_selection_device_manager_v1#16.get_device(new id zwp_primary_selection_device_v1#24, wl_seat#22)
[06:07:04.039228] {Default Queue}  -> wl_data_device_manager#4.get_data_device(new id wl_data_device#25, wl_seat#22)
[06:07:04.039276] {Default Queue}  -> wl_compositor#5.create_surface(new id wl_surface#26)
[06:07:04.039280] {Default Queue}  -> zwp_tablet_manager_v2#15.get_tablet_seat(new id zwp_tablet_seat_v2#27, wl_seat#22)
[06:07:04.039286] {Default Queue}  -> wl_display#1.sync(new id wl_callback#28)
[06:07:04.039488] {Display Queue} wl_display#1.delete_id(9)
[06:07:04.039493] {Display Queue} wl_display#1.delete_id(21)
[06:07:04.039495] {Display Queue} wl_display#1.delete_id(28)
[06:07:04.039497] {Default Queue} wl_shm#7.format(0)
[06:07:04.039500] {Default Queue} wl_shm#7.format(1)
[06:07:04.039502] {Default Queue} wl_shm#7.format(875709016)
[06:07:04.039504] {Default Queue} wl_shm#7.format(875708993)
[06:07:04.039509] {Default Queue} wl_shm#7.format(808669784)
[06:07:04.039512] {Default Queue} wl_shm#7.format(808669761)
[06:07:04.039514] {Default Queue} wl_shm#7.format(808665688)
[06:07:04.039516] {Default Queue} wl_shm#7.format(808665665)
[06:07:04.039519] {Default Queue} wl_callback#9.done(0)
[06:07:04.039522] {Default Queue} org_kde_kwin_server_decoration_manager#14.default_mode(2)
[06:07:04.039526] {Default Queue} wl_output#19.scale(1)
[06:07:04.039529] {Default Queue} wl_output#19.mode(1, 800, 600, 60000)
[06:07:04.039533] {Default Queue} wl_output#19.geometry(0, 0, 0, 0, 1, "", "", 0)
[06:07:04.039539] {Default Queue} wl_output#19.done()
[06:07:04.039547] {Default Queue} zxdg_output_v1#20.name("WAYLAND-1")
[06:07:04.039552] {Default Queue} zxdg_output_v1#20.logical_position(0, 0)
[06:07:04.039555] {Default Queue} zxdg_output_v1#20.logical_size(800, 600)
[06:07:04.039557] {Default Queue} wl_output#19.done()
[06:07:04.039561] {Default Queue} wl_callback#21.done(0)
[06:07:04.039564] {Default Queue} wl_seat#22.name("Hyprland")
[06:07:04.039567] {Default Queue} wl_seat#22.capabilities(3)
[06:07:04.039570] {Default Queue}  -> wl_seat#22.get_pointer(new id wl_pointer#21)
[06:07:04.039576] {Default Queue}  -> zwp_pointer_gestures_v1#11.get_swipe_gesture(new id zwp_pointer_gesture_swipe_v1#9, wl_pointer#21)
[06:07:04.039582] {Default Queue}  -> zwp_pointer_gestures_v1#11.get_pinch_gesture(new id zwp_pointer_gesture_pinch_v1#29, wl_pointer#21)
[06:07:04.039586] {Default Queue}  -> wp_cursor_shape_manager_v1#10.get_pointer(new id wp_cursor_shape_device_v1#30, wl_pointer#21)
[06:07:04.039592] {Default Queue}  -> wl_seat#22.get_keyboard(new id wl_keyboard#31)
[06:07:04.039599] {Default Queue} wl_callback#28.done(0)
[06:07:04.039603] {Default Queue}  -> wl_registry#2.bind(37, "xdg_wm_base", 6, new id [unknown]#28)
[06:07:04.089054] {Default Queue}  -> wl_compositor#5.create_surface(new id wl_surface#32)
[06:07:04.089138] {Default Queue}  -> xdg_wm_base#28.get_xdg_surface(new id xdg_surface#33, wl_surface#32)
[06:07:04.089144] {Default Queue}  -> xdg_surface#33.get_toplevel(new id xdg_toplevel#34)
[06:07:04.089151] {Default Queue}  -> xdg_toplevel#34.set_parent(nil)
[06:07:04.089157] {Default Queue}  -> xdg_toplevel#34.set_title("ELM-PARENT-INPUT-PROBE")
[06:07:04.089160] {Default Queue}  -> xdg_toplevel#34.set_app_id("fixture.py")
[06:07:04.089163] {Default Queue}  -> wl_surface#32.commit()
[06:07:04.089167] {Default Queue}  -> org_kde_kwin_server_decoration_manager#14.create(new id org_kde_kwin_server_decoration#35, wl_surface#32)
[06:07:04.089172] {Default Queue}  -> org_kde_kwin_server_decoration#35.request_mode(2)
/home/hoskinson/omarchy-windows-parity/implementation/elm-parent-input-probe-v10/fixture.py:142: PyGIDeprecationWarning: GLib.unix_signal_add is deprecated; use GLibUnix.signal_add instead
  GLib.unix_signal_add(GLib.PRIORITY_DEFAULT, signal.SIGTERM, quit_)
[06:07:04.091332] {Default Queue} wl_keyboard#31.keymap(1, fd 11, 35572)
[06:07:04.092361] {Default Queue} wl_keyboard#31.repeat_info(25, 600)
[06:07:04.092369] {Default Queue} xdg_toplevel#34.wm_capabilities(array[8])
[06:07:04.092373] {Default Queue} org_kde_kwin_server_decoration#35.mode(2)
[06:07:04.092377] {Default Queue} org_kde_kwin_server_decoration#35.mode(2)
[06:07:04.092380] {Default Queue} xdg_toplevel#34.configure(800, 600, array[16])
[06:07:04.092384] {Default Queue} xdg_surface#33.configure(1)
[06:07:04.092391] {Default Queue}  -> wl_surface#32.set_buffer_scale(1)
[06:07:04.092400] {Default Queue}  -> xdg_surface#33.ack_configure(1)
[06:07:04.107968] {Default Queue}  -> wl_shm#7.create_pool(new id wl_shm_pool#36, fd 12, 1920000)
[06:07:04.107983] {Default Queue}  -> wl_shm_pool#36.create_buffer(new id wl_buffer#37, 0, 800, 600, 3200, 0)
[06:07:04.109692] {Default Queue}  -> wl_surface#32.attach(wl_buffer#37, 0, 0)
[06:07:04.109703] {Default Queue}  -> wl_surface#32.set_buffer_scale(1)
[06:07:04.109707] {Default Queue}  -> wl_surface#32.damage(0, 0, 800, 600)
[06:07:04.109712] {Default Queue}  -> xdg_toplevel#34.set_min_size(192, 38)
[06:07:04.109715] {Default Queue}  -> xdg_toplevel#34.set_max_size(0, 0)
[06:07:04.109718] {Default Queue}  -> xdg_surface#33.set_window_geometry(0, 0, 800, 600)
[06:07:04.109722] {Default Queue}  -> wl_compositor#5.create_region(new id wl_region#38)
[06:07:04.109725] {Default Queue}  -> wl_region#38.add(0, 0, 800, 600)
[06:07:04.109728] {Default Queue}  -> wl_surface#32.set_opaque_region(wl_region#38)
[06:07:04.109731] {Default Queue}  -> wl_region#38.destroy()
[06:07:04.109734] {Default Queue}  -> wl_surface#32.set_input_region(nil)
[06:07:04.109745] {Default Queue}  -> wl_surface#32.frame(new id wl_callback#39)
[06:07:04.109749] {Default Queue}  -> wl_surface#32.commit()
[06:07:04.111229] {Display Queue} wl_display#1.delete_id(38)
[06:07:04.111257] {Display Queue} wl_display#1.delete_id(39)
[06:07:04.111262] {Default Queue} wl_callback#39.done(62128753)
[06:07:04.111270] {Default Queue} wl_surface#32.enter(wl_output#19)
[06:07:04.111275] {Default Queue} wl_keyboard#31.enter(3, wl_surface#32, array[0])
[06:07:04.111285] {Default Queue} wl_keyboard#31.modifiers(4, 0, 0, 0, 0)
[06:07:04.111296] {Default Queue} wl_data_device#25.selection(nil)
[06:07:04.111304] {Default Queue} wl_buffer#37.release()
[06:07:04.111307] {Default Queue} xdg_toplevel#34.configure(758, 558, array[24])
[06:07:04.111311] {Default Queue} xdg_surface#33.configure(2)
[06:07:04.111316] {Default Queue}  -> wl_buffer#37.destroy()
[06:07:04.111321] {Default Queue}  -> wl_shm_pool#36.destroy()
[06:07:04.111362] {Default Queue}  -> wl_surface#32.set_buffer_scale(1)
[06:07:04.111371] {Default Queue}  -> xdg_surface#33.ack_configure(2)
[06:07:04.111814] {Default Queue}  -> wl_shm#7.create_pool(new id wl_shm_pool#39, fd 12, 1691856)
[06:07:04.111821] {Default Queue}  -> wl_shm_pool#39.create_buffer(new id wl_buffer#38, 0, 758, 558, 3032, 0)
[06:07:04.112853] {Default Queue}  -> wl_surface#32.attach(wl_buffer#38, 0, 0)
[06:07:04.112860] {Default Queue}  -> wl_surface#32.set_buffer_scale(1)
[06:07:04.112864] {Default Queue}  -> wl_surface#32.damage(0, 0, 758, 558)
[06:07:04.112869] {Default Queue}  -> xdg_toplevel#34.set_min_size(192, 38)
[06:07:04.112877] {Default Queue}  -> xdg_toplevel#34.set_max_size(0, 0)
[06:07:04.112888] {Default Queue}  -> xdg_surface#33.set_window_geometry(0, 0, 758, 558)
[06:07:04.112891] {Default Queue}  -> wl_compositor#5.create_region(new id wl_region#40)
[06:07:04.112894] {Default Queue}  -> wl_region#40.add(0, 0, 758, 558)
[06:07:04.112897] {Default Queue}  -> wl_surface#32.set_opaque_region(wl_region#40)
[06:07:04.112900] {Default Queue}  -> wl_region#40.destroy()
[06:07:04.112906] {Default Queue}  -> wl_surface#32.frame(new id wl_callback#41)
[06:07:04.112909] {Default Queue}  -> wl_surface#32.commit()
[06:07:04.112927] discarded [unknown]#37.[event 0](0 fd, 8 byte)
[06:07:04.112931] {Display Queue} wl_display#1.delete_id(37)
[06:07:04.112935] {Display Queue} wl_display#1.delete_id(36)
[06:07:04.114265] {Display Queue} wl_display#1.delete_id(40)
[06:07:04.114289] {Default Queue} wl_buffer#38.release()
[06:07:04.263336] {Display Queue} wl_display#1.delete_id(41)
[06:07:04.263352] {Default Queue} wl_callback#41.done(62128766)
[06:07:04.263361] {Default Queue} xdg_wm_base#28.ping(1337)
[06:07:04.263365] {Default Queue}  -> xdg_wm_base#28.pong(1337)
[06:07:04.528989] {Default Queue} wl_pointer#21.enter(5, wl_surface#32, 253.00000000, 186.00000000)
[06:07:04.529014] {Default Queue} wl_pointer#21.frame()
[06:07:04.529062] {Default Queue}  -> wp_cursor_shape_device_v1#30.set_shape(5, 1)
[06:07:04.529070] {Default Queue} wl_pointer#21.motion(62129171, 253.00000000, 186.00000000)
[06:07:04.529074] {Default Queue} wl_pointer#21.frame()
[06:07:04.529081] {Default Queue} wl_pointer#21.button(6, 62129171, 272, 1)
[06:07:04.529086] {Default Queue} wl_pointer#21.frame()
[06:07:04.529095] {Default Queue} wl_pointer#21.button(7, 62129171, 272, 0)
[06:07:04.529100] {Default Queue} wl_pointer#21.frame()
[06:07:04.579481] {Default Queue} wl_output#19.scale(1)
[06:07:04.579502] {Default Queue} wl_output#19.mode(1, 640, 480, 60000)
[06:07:04.579514] {Default Queue} wl_output#19.geometry(0, 0, 0, 0, 1, "", "", 0)
[06:07:04.579525] {Default Queue} wl_output#19.done()
[06:07:04.579546] {Default Queue} zxdg_output_v1#20.logical_position(0, 0)
[06:07:04.579552] {Default Queue} zxdg_output_v1#20.logical_size(640, 480)
[06:07:04.579556] {Default Queue} zxdg_output_v1#20.logical_position(0, 0)
[06:07:04.579559] {Default Queue} zxdg_output_v1#20.logical_size(640, 480)
[06:07:04.579562] {Default Queue} zxdg_output_v1#20.logical_position(0, 0)
[06:07:04.579565] {Default Queue} zxdg_output_v1#20.logical_size(640, 480)
[06:07:04.579568] {Default Queue} wl_output#19.done()
[06:07:04.579574] {Default Queue} xdg_toplevel#34.configure(598, 438, array[24])
[06:07:04.579579] {Default Queue} xdg_surface#33.configure(8)
[06:07:04.579588] {Default Queue}  -> wl_buffer#38.destroy()
[06:07:04.579593] {Default Queue}  -> wl_shm_pool#39.destroy()
[06:07:04.579657] {Default Queue}  -> wl_surface#32.set_buffer_scale(1)
[06:07:04.579676] {Default Queue}  -> xdg_surface#33.ack_configure(8)
[06:07:04.580143] {Default Queue}  -> wl_shm#7.create_pool(new id wl_shm_pool#41, fd 12, 1047696)
[06:07:04.580154] {Default Queue}  -> wl_shm_pool#41.create_buffer(new id wl_buffer#40, 0, 598, 438, 2392, 0)
[06:07:04.580734] {Default Queue}  -> wl_surface#32.attach(wl_buffer#40, 0, 0)
[06:07:04.580745] {Default Queue}  -> wl_surface#32.set_buffer_scale(1)
[06:07:04.580750] {Default Queue}  -> wl_surface#32.damage(0, 0, 598, 438)
[06:07:04.580754] {Default Queue}  -> xdg_toplevel#34.set_min_size(192, 38)
[06:07:04.580758] {Default Queue}  -> xdg_toplevel#34.set_max_size(0, 0)
[06:07:04.580762] {Default Queue}  -> xdg_surface#33.set_window_geometry(0, 0, 598, 438)
[06:07:04.580766] {Default Queue}  -> wl_compositor#5.create_region(new id wl_region#36)
[06:07:04.580769] {Default Queue}  -> wl_region#36.add(0, 0, 598, 438)
[06:07:04.580773] {Default Queue}  -> wl_surface#32.set_opaque_region(wl_region#36)
[06:07:04.580776] {Default Queue}  -> wl_region#36.destroy()
[06:07:04.580786] {Default Queue}  -> wl_surface#32.frame(new id wl_callback#37)
[06:07:04.580790] {Default Queue}  -> wl_surface#32.commit()
[06:07:04.580820] discarded [unknown]#38.[event 0](0 fd, 8 byte)
[06:07:04.580839] {Display Queue} wl_display#1.delete_id(38)
[06:07:04.580844] {Display Queue} wl_display#1.delete_id(39)
[06:07:04.581601] {Display Queue} wl_display#1.delete_id(36)
[06:07:04.581610] {Default Queue} wl_buffer#40.release()
[06:07:04.590695] {Display Queue} wl_display#1.delete_id(37)
[06:07:04.590728] {Default Queue} wl_callback#37.done(62129232)
[06:07:04.871814] {Default Queue} wl_pointer#21.motion(62129513, 199.00000000, 146.19921875)
[06:07:04.871841] {Default Queue} wl_pointer#21.frame()
[06:07:04.871860] {Default Queue} wl_pointer#21.button(9, 62129513, 272, 1)
[06:07:04.871865] {Default Queue} wl_pointer#21.frame()
[06:07:04.871873] {Default Queue} wl_pointer#21.button(10, 62129514, 272, 0)
[06:07:04.871877] {Default Queue} wl_pointer#21.frame()
[06:07:04.918608] {Default Queue} wl_output#19.scale(2)
[06:07:04.918631] {Default Queue} wl_output#19.mode(1, 960, 640, 60000)
[06:07:04.918638] {Default Queue} wl_output#19.geometry(0, 0, 0, 0, 1, "", "", 0)
[06:07:04.918646] {Default Queue} wl_output#19.done()
[06:07:04.918667] {Default Queue}  -> wl_buffer#40.destroy()
[06:07:04.918672] {Default Queue}  -> wl_shm_pool#41.destroy()
[06:07:04.918712] {Default Queue}  -> wl_surface#32.set_buffer_scale(2)
[06:07:04.918730] {Default Queue} zxdg_output_v1#20.logical_position(0, 0)
[06:07:04.918735] {Default Queue} zxdg_output_v1#20.logical_size(480, 320)
[06:07:04.918738] {Default Queue} zxdg_output_v1#20.logical_position(0, 0)
[06:07:04.918742] {Default Queue} zxdg_output_v1#20.logical_size(480, 320)
[06:07:04.918745] {Default Queue} zxdg_output_v1#20.logical_position(0, 0)
[06:07:04.918748] {Default Queue} zxdg_output_v1#20.logical_size(480, 320)
[06:07:04.918751] {Default Queue} wl_output#19.done()
[06:07:04.918759] {Default Queue} xdg_toplevel#34.configure(438, 278, array[24])
[06:07:04.918764] {Default Queue} xdg_surface#33.configure(11)
[06:07:04.918769] {Default Queue}  -> wl_surface#32.set_buffer_scale(2)
[06:07:04.918774] {Default Queue}  -> xdg_surface#33.ack_configure(11)
[06:07:04.919398] {Default Queue}  -> wl_shm#7.create_pool(new id wl_shm_pool#37, fd 12, 1948224)
[06:07:04.919408] {Default Queue}  -> wl_shm_pool#37.create_buffer(new id wl_buffer#36, 0, 876, 556, 3504, 0)
[06:07:04.920567] {Default Queue}  -> wl_surface#32.attach(wl_buffer#36, 0, 0)
[06:07:04.920581] {Default Queue}  -> wl_surface#32.set_buffer_scale(2)
[06:07:04.920586] {Default Queue}  -> wl_surface#32.damage(0, 0, 438, 278)
[06:07:04.920590] {Default Queue}  -> xdg_toplevel#34.set_min_size(192, 38)
[06:07:04.920593] {Default Queue}  -> xdg_toplevel#34.set_max_size(0, 0)
[06:07:04.920597] {Default Queue}  -> xdg_surface#33.set_window_geometry(0, 0, 438, 278)
[06:07:04.920600] {Default Queue}  -> wl_compositor#5.create_region(new id wl_region#39)
[06:07:04.920604] {Default Queue}  -> wl_region#39.add(0, 0, 438, 278)
[06:07:04.920607] {Default Queue}  -> wl_surface#32.set_opaque_region(wl_region#39)
[06:07:04.920610] {Default Queue}  -> wl_region#39.destroy()
[06:07:04.920619] {Default Queue}  -> wl_surface#32.frame(new id wl_callback#38)
[06:07:04.920623] {Default Queue}  -> wl_surface#32.commit()
[06:07:04.920647] discarded [unknown]#40.[event 0](0 fd, 8 byte)
[06:07:04.920653] {Display Queue} wl_display#1.delete_id(40)
[06:07:04.920657] {Display Queue} wl_display#1.delete_id(41)
[06:07:04.921020] {Display Queue} wl_display#1.delete_id(39)
[06:07:04.921027] {Default Queue} wl_buffer#36.release()
[06:07:04.927161] {Display Queue} wl_display#1.delete_id(38)
[06:07:04.927169] {Default Queue} wl_callback#38.done(62129565)
[06:07:05.232885] {Default Queue} wl_pointer#21.motion(62129875, 145.80078125, 92.60156250)
[06:07:05.232904] {Default Queue} wl_pointer#21.frame()
[06:07:05.232922] {Default Queue} wl_pointer#21.button(12, 62129875, 272, 1)
[06:07:05.232927] {Default Queue} wl_pointer#21.frame()
[06:07:05.232934] {Default Queue} wl_pointer#21.button(13, 62129875, 272, 0)
[06:07:05.232938] {Default Queue} wl_pointer#21.frame()
[06:07:05.267443] {Default Queue} wl_output#19.scale(1)
[06:07:05.267470] {Default Queue} wl_output#19.mode(1, 800, 600, 60000)
[06:07:05.267483] {Default Queue} wl_output#19.geometry(0, 0, 0, 0, 1, "", "", 0)
[06:07:05.267493] {Default Queue} wl_output#19.done()
[06:07:05.267517] {Default Queue}  -> wl_buffer#36.destroy()
[06:07:05.267522] {Default Queue}  -> wl_shm_pool#37.destroy()
[06:07:05.267593] {Default Queue}  -> wl_surface#32.set_buffer_scale(1)
[06:07:05.267610] {Default Queue} zxdg_output_v1#20.logical_position(0, 0)
[06:07:05.267615] {Default Queue} zxdg_output_v1#20.logical_size(800, 600)
[06:07:05.267618] {Default Queue} zxdg_output_v1#20.logical_position(0, 0)
[06:07:05.267621] {Default Queue} zxdg_output_v1#20.logical_size(800, 600)
[06:07:05.267624] {Default Queue} zxdg_output_v1#20.logical_position(0, 0)
[06:07:05.267627] {Default Queue} zxdg_output_v1#20.logical_size(800, 600)
[06:07:05.267630] {Default Queue} wl_output#19.done()
[06:07:05.267636] {Default Queue} xdg_toplevel#34.configure(758, 558, array[24])
[06:07:05.267640] {Default Queue} xdg_surface#33.configure(14)
[06:07:05.267645] {Default Queue}  -> wl_surface#32.set_buffer_scale(1)
[06:07:05.267650] {Default Queue}  -> xdg_surface#33.ack_configure(14)
[06:07:05.268278] {Default Queue}  -> wl_shm#7.create_pool(new id wl_shm_pool#38, fd 12, 1691856)
[06:07:05.268290] {Default Queue}  -> wl_shm_pool#38.create_buffer(new id wl_buffer#39, 0, 758, 558, 3032, 0)
[06:07:05.269108] {Default Queue}  -> wl_surface#32.attach(wl_buffer#39, 0, 0)
[06:07:05.269121] {Default Queue}  -> wl_surface#32.set_buffer_scale(1)
[06:07:05.269125] {Default Queue}  -> wl_surface#32.damage(0, 0, 758, 558)
[06:07:05.269130] {Default Queue}  -> xdg_toplevel#34.set_min_size(192, 38)
[06:07:05.269133] {Default Queue}  -> xdg_toplevel#34.set_max_size(0, 0)
[06:07:05.269136] {Default Queue}  -> xdg_surface#33.set_window_geometry(0, 0, 758, 558)
[06:07:05.269140] {Default Queue}  -> wl_compositor#5.create_region(new id wl_region#41)
[06:07:05.269144] {Default Queue}  -> wl_region#41.add(0, 0, 758, 558)
[06:07:05.269147] {Default Queue}  -> wl_surface#32.set_opaque_region(wl_region#41)
[06:07:05.269150] {Default Queue}  -> wl_region#41.destroy()
[06:07:05.269159] {Default Queue}  -> wl_surface#32.frame(new id wl_callback#40)
[06:07:05.269163] {Default Queue}  -> wl_surface#32.commit()
[06:07:05.269188] discarded [unknown]#36.[event 0](0 fd, 8 byte)
[06:07:05.269194] {Display Queue} wl_display#1.delete_id(36)
[06:07:05.269198] {Display Queue} wl_display#1.delete_id(37)
[06:07:05.269560] {Display Queue} wl_display#1.delete_id(41)
[06:07:05.269567] {Default Queue} wl_buffer#39.release()
[06:07:05.280478] {Display Queue} wl_display#1.delete_id(40)
[06:07:05.280494] {Default Queue} wl_callback#40.done(62129922)
[06:07:05.570031] {Default Queue} wl_pointer#21.motion(62130212, 253.00000000, 186.00000000)
[06:07:05.570055] {Default Queue} wl_pointer#21.frame()
[06:07:05.570437] {Default Queue} wl_pointer#21.button(15, 62130212, 272, 1)
[06:07:05.570446] {Default Queue} wl_pointer#21.frame()
[06:07:05.570658] {Default Queue} wl_pointer#21.button(16, 62130212, 272, 0)
[06:07:05.570666] {Default Queue} wl_pointer#21.frame()
[06:07:05.620779] {Default Queue}  -> xdg_toplevel#34.destroy()
[06:07:05.620791] {Default Queue}  -> xdg_surface#33.destroy()
[06:07:05.620796] {Default Queue}  -> org_kde_kwin_server_decoration#35.release()
[06:07:05.620800] {Default Queue}  -> wl_surface#32.destroy()
[06:07:05.620808] {Default Queue}  -> wl_buffer#39.destroy()
[06:07:05.620811] {Default Queue}  -> wl_shm_pool#38.destroy()
