                 w _ITM_deregisterTMCloneTable
                 w _ITM_registerTMCloneTable
                 U _Unwind_Resume@GCC_3.0
                 U _ZN10CHyprColorC1Effff
                 U _ZN13CInputManager14hasHeldButtonsEv
                 U _ZN13CInputManager17getKeysFromAllKBsEv
                 U _ZN13CInputManager17getModsFromAllKBsEv
                 U _ZN15CWLSeatResource6clientEv
                 U _ZN16NColorManagement12getPrimariesENS_10ePrimariesE
                 U _ZN16NColorManagement17CImageDescription4fromERKNS_17SImageDescriptionE
                 U _ZN18CWLSurfaceResource11getResourceEv
                 U _ZN18CWLSurfaceResource6clientEv
                 U _ZN3Log7CLoggerC1Ev
                 U _ZN7Desktop11windowStateEv
                 U _ZN7Desktop14otherViewStateEv
                 U _ZN7Desktop4View6CPopup8fromViewEN9Hyprutils6Memory14CSharedPointerINS0_5IViewEEE
                 U _ZN7Desktop4View7CWindow6getPIDEv
                 U _ZN7Desktop4View7CWindow6parentEv
                 U _ZN7Desktop4View7CWindow7isModalEv
                 U _ZN9CSeatGrab7acceptsEN9Hyprutils6Memory14CSharedPointerI18CWLSurfaceResourceEE
                 U _ZN9Hyprutils3CLI7CLoggerD1Ev
                 U _ZNK7Desktop12CWindowState7windowsEv
                 U _ZNK7Desktop15COtherViewState5viewsEv
                 U _ZNK7Desktop4View10CWLSurface8resourceEv
                 U _ZNK7Desktop4View6CPopup10getT1OwnerEv
                 U _ZNK7Desktop4View6CPopup12coordsGlobalEv
                 U _ZNK7Desktop4View6CPopup4sizeEv
                 U _ZNK7Desktop4View6CPopup5inertEv
                 U _ZNK7Desktop4View7CWindow12acceptsInputEv
                 U _ZNK7Desktop4View7CWindow14isInputBlockedEv
                 U _ZNK7Desktop4View7CWindow8isHiddenEv
                 U _ZNKSt10filesystem7__cxx114path11parent_pathEv@GLIBCXX_3.4.26
                 U _ZNKSt10filesystem7__cxx114path5_List13_Impl_deleterclEPNS2_5_ImplE@GLIBCXX_3.4.26
                 U _ZNKSt10filesystem7__cxx114path7compareERKS1_@GLIBCXX_3.4.26
                 U _ZNKSt13runtime_error4whatEv@GLIBCXX_3.4
                 U _ZNKSt16basic_format_argISt20basic_format_contextINSt8__format10_Sink_iterIcEEcEE22_M_handle_unrecognizedEv@GLIBCXX_3.4.36
                 U _ZNKSt6locale2id5_M_idEv@GLIBCXX_3.4
                 U _ZNKSt6locale4nameB5cxx11Ev@GLIBCXX_3.4.21
                 U _ZNKSt6localeeqERKS_@GLIBCXX_3.4
                 U _ZNSolsEi@GLIBCXX_3.4
                 U _ZNSt10filesystem7__cxx114path14_M_split_cmptsEv@GLIBCXX_3.4.26
                 U _ZNSt10filesystem7__cxx114path5_ListC1Ev@GLIBCXX_3.4.26
                 U _ZNSt13runtime_errorC1EPKc@GLIBCXX_3.4.21
                 U _ZNSt13runtime_errorC2EPKc@GLIBCXX_3.4.21
                 U _ZNSt13runtime_errorD1Ev@GLIBCXX_3.4
                 U _ZNSt13runtime_errorD2Ev@GLIBCXX_3.4
                 U _ZNSt6locale7classicEv@GLIBCXX_3.4
                 U _ZNSt6localeC1ERKS_@GLIBCXX_3.4
                 U _ZNSt6localeC1Ev@GLIBCXX_3.4
                 U _ZNSt6localeD1Ev@GLIBCXX_3.4
                 U _ZNSt7__cxx1112basic_stringIcSt11char_traitsIcESaIcEE15_M_replace_coldEPcmPKcmm@GLIBCXX_3.4.31
                 U _ZNSt7__cxx118numpunctIcE2idE@GLIBCXX_3.4.21
                 U _ZSt16__throw_bad_castv@GLIBCXX_3.4
                 U _ZSt18_Rb_tree_decrementPSt18_Rb_tree_node_base@GLIBCXX_3.4
                 U _ZSt18_Rb_tree_incrementPSt18_Rb_tree_node_base@GLIBCXX_3.4
                 U _ZSt19__throw_logic_errorPKc@GLIBCXX_3.4
                 U _ZSt20__throw_length_errorPKc@GLIBCXX_3.4
                 U _ZSt21ios_base_library_initv@GLIBCXX_3.4.32
                 U _ZSt24__throw_out_of_range_fmtPKcz@GLIBCXX_3.4.20
                 U _ZSt29_Rb_tree_insert_and_rebalancebPSt18_Rb_tree_node_baseS0_RS_@GLIBCXX_3.4
                 U _ZSt4cerr@GLIBCXX_3.4
                 U _ZSt8to_charsPcS_DF128_@GLIBCXX_3.4.31
                 U _ZSt8to_charsPcS_DF128_St12chars_format@GLIBCXX_3.4.31
                 U _ZSt8to_charsPcS_DF128_St12chars_formati@GLIBCXX_3.4.31
                 U _ZSt8to_charsPcS_d@GLIBCXX_3.4.29
                 U _ZSt8to_charsPcS_dSt12chars_format@GLIBCXX_3.4.29
                 U _ZSt8to_charsPcS_dSt12chars_formati@GLIBCXX_3.4.29
                 U _ZSt8to_charsPcS_e@GLIBCXX_3.4.29
                 U _ZSt8to_charsPcS_eSt12chars_format@GLIBCXX_3.4.29
                 U _ZSt8to_charsPcS_eSt12chars_formati@GLIBCXX_3.4.29
                 U _ZSt8to_charsPcS_f@GLIBCXX_3.4.29
                 U _ZSt8to_charsPcS_fSt12chars_format@GLIBCXX_3.4.29
                 U _ZSt8to_charsPcS_fSt12chars_formati@GLIBCXX_3.4.29
                 U _ZSt9terminatev@GLIBCXX_3.4
                 U _ZStlsISt11char_traitsIcEERSt13basic_ostreamIcT_ES5_PKc@GLIBCXX_3.4
                 U _ZTISt13runtime_error@GLIBCXX_3.4
                 U _ZTVN10__cxxabiv117__class_type_infoE@CXXABI_1.3
                 U _ZTVN10__cxxabiv119__pointer_type_infoE@CXXABI_1.3
                 U _ZTVN10__cxxabiv120__function_type_infoE@CXXABI_1.3
                 U _ZTVN10__cxxabiv120__si_class_type_infoE@CXXABI_1.3
                 U _ZdlPvm@CXXABI_1.3.9
                 U _Znwm@GLIBCXX_3.4
                 U __cxa_allocate_exception@CXXABI_1.3
                 U __cxa_atexit@GLIBC_2.2.5
                 U __cxa_begin_catch@CXXABI_1.3
                 U __cxa_end_catch@CXXABI_1.3
                 w __cxa_finalize@GLIBC_2.2.5
                 U __cxa_free_exception@CXXABI_1.3
                 U __cxa_guard_abort@CXXABI_1.3
                 U __cxa_guard_acquire@CXXABI_1.3
                 U __cxa_guard_release@CXXABI_1.3
                 U __cxa_rethrow@CXXABI_1.3
                 U __cxa_throw@CXXABI_1.3
                 U __extendbfsf2@GCC_13.0.0
                 U __extendhfsf2@GCC_12.0.0
                 w __gmon_start__
                 U __gttf2@GCC_4.3.0
                 U __gxx_personality_v0@CXXABI_1.3
                 U __hyprland_api_get_hash
                 U __stack_chk_fail@GLIBC_2.4
                 U __udivti3@GCC_3.0
                 U __unordtf2@GCC_4.3.0
                 U frexp@GLIBC_2.2.5
                 U frexpf@GLIBC_2.2.5
                 U frexpl@GLIBC_2.2.5
                 U getenv@GLIBC_2.2.5
                 U geteuid@GLIBC_2.2.5
                 U getpid@GLIBC_2.2.5
                 U lstat@GLIBC_2.33
                 U memchr@GLIBC_2.2.5
                 U memcmp@GLIBC_2.2.5
                 U memcpy@GLIBC_2.14
                 U memmove@GLIBC_2.2.5
                 U memset@GLIBC_2.2.5
                 U pthread_self@GLIBC_2.2.5
                 U registerHyprCtlCommand
                 U strlen@GLIBC_2.2.5
                 U toupper@GLIBC_2.2.5
                 U unregisterHyprCtlCommand
                 U wl_client_get_credentials
                 U wl_resource_get_client
                 U wl_resource_get_id
