	linux-vdso.so.1 (0x00007f5204424000)
	libxcb-icccm.so.4 => /usr/lib/libxcb-icccm.so.4 (0x00007f52043ef000)
	libxcb-composite.so.0 => /usr/lib/libxcb-composite.so.0 (0x00007f52043ea000)
	libxcb-xfixes.so.0 => /usr/lib/libxcb-xfixes.so.0 (0x00007f52043e1000)
	libxcb-render.so.0 => /usr/lib/libxcb-render.so.0 (0x00007f52043d2000)
	libxcb-res.so.0 => /usr/lib/libxcb-res.so.0 (0x00007f52043ca000)
	libxcb-errors.so.0 => /usr/lib/libxcb-errors.so.0 (0x00007f52043c0000)
	libxcb.so.1 => /usr/lib/libxcb.so.1 (0x00007f5204395000)
	libaquamarine.so.14 => /usr/lib/libaquamarine.so.14 (0x00007f52032a9000)
	libhyprlang.so.2 => /usr/lib/libhyprlang.so.2 (0x00007f5203264000)
	libhyprutils.so.13 => /usr/lib/libhyprutils.so.13 (0x00007f52031eb000)
	libhyprcursor.so.0 => /usr/lib/libhyprcursor.so.0 (0x00007f520318a000)
	libhyprgraphics.so.4 => /usr/lib/libhyprgraphics.so.4 (0x00007f5203154000)
	libxkbcommon.so.0 => /usr/lib/libxkbcommon.so.0 (0x00007f52030f5000)
	libuuid.so.1 => /usr/lib/libuuid.so.1 (0x00007f5204389000)
	libwayland-server.so.0 => /usr/lib/libwayland-server.so.0 (0x00007f52030e0000)
	libpangocairo-1.0.so.0 => /usr/lib/libpangocairo-1.0.so.0 (0x00007f52030ce000)
	libpango-1.0.so.0 => /usr/lib/libpango-1.0.so.0 (0x00007f520305f000)
	libcairo.so.2 => /usr/lib/libcairo.so.2 (0x00007f5202f22000)
	libharfbuzz.so.0 => /usr/lib/libharfbuzz.so.0 (0x00007f5202de3000)
	libpixman-1.so.0 => /usr/lib/libpixman-1.so.0 (0x00007f5202d34000)
	libXcursor.so.1 => /usr/lib/libXcursor.so.1 (0x00007f5202d27000)
	libdrm.so.2 => /usr/lib/libdrm.so.2 (0x00007f5202d10000)
	libinput.so.10 => /usr/lib/libinput.so.10 (0x00007f5202c9f000)
	libeis.so.1 => /usr/lib/libeis.so.1 (0x00007f5202c7e000)
	libgbm.so.1 => /usr/lib/libgbm.so.1 (0x00007f5202c78000)
	libgio-2.0.so.0 => /usr/lib/libgio-2.0.so.0 (0x00007f5202a99000)
	libgobject-2.0.so.0 => /usr/lib/libgobject-2.0.so.0 (0x00007f5202a36000)
	libglib-2.0.so.0 => /usr/lib/libglib-2.0.so.0 (0x00007f52028d3000)
	libre2.so.11 => /usr/lib/libre2.so.11 (0x00007f5202846000)
	libabsl_log_internal_check_op.so.2608.0.0 => /usr/lib/libabsl_log_internal_check_op.so.2608.0.0 (0x00007f520283d000)
	libabsl_leak_check.so.2608.0.0 => /usr/lib/libabsl_leak_check.so.2608.0.0 (0x00007f5202838000)
	libabsl_log_internal_conditions.so.2608.0.0 => /usr/lib/libabsl_log_internal_conditions.so.2608.0.0 (0x00007f5202833000)
	libabsl_log_internal_message.so.2608.0.0 => /usr/lib/libabsl_log_internal_message.so.2608.0.0 (0x00007f5202824000)
	libabsl_examine_stack.so.2608.0.0 => /usr/lib/libabsl_examine_stack.so.2608.0.0 (0x00007f520281d000)
	libabsl_log_internal_format.so.2608.0.0 => /usr/lib/libabsl_log_internal_format.so.2608.0.0 (0x00007f5202818000)
	libabsl_log_internal_nullguard.so.2608.0.0 => /usr/lib/libabsl_log_internal_nullguard.so.2608.0.0 (0x00007f5202813000)
	libabsl_log_internal_structured_proto.so.2608.0.0 => /usr/lib/libabsl_log_internal_structured_proto.so.2608.0.0 (0x00007f520280e000)
	libabsl_log_internal_log_sink_set.so.2608.0.0 => /usr/lib/libabsl_log_internal_log_sink_set.so.2608.0.0 (0x00007f5202808000)
	libabsl_log_internal_globals.so.2608.0.0 => /usr/lib/libabsl_log_internal_globals.so.2608.0.0 (0x00007f5202801000)
	libabsl_log_globals.so.2608.0.0 => /usr/lib/libabsl_log_globals.so.2608.0.0 (0x00007f52027fb000)
	libabsl_log_sink.so.2608.0.0 => /usr/lib/libabsl_log_sink.so.2608.0.0 (0x00007f52027f6000)
	libabsl_log_entry.so.2608.0.0 => /usr/lib/libabsl_log_entry.so.2608.0.0 (0x00007f52027f0000)
	libabsl_log_internal_proto.so.2608.0.0 => /usr/lib/libabsl_log_internal_proto.so.2608.0.0 (0x00007f52027eb000)
	libabsl_strerror.so.2608.0.0 => /usr/lib/libabsl_strerror.so.2608.0.0 (0x00007f52027e4000)
	libabsl_vlog_config_internal.so.2608.0.0 => /usr/lib/libabsl_vlog_config_internal.so.2608.0.0 (0x00007f52027db000)
	libabsl_log_internal_fnmatch.so.2608.0.0 => /usr/lib/libabsl_log_internal_fnmatch.so.2608.0.0 (0x00007f52027d6000)
	libabsl_flags_internal.so.2608.0.0 => /usr/lib/libabsl_flags_internal.so.2608.0.0 (0x00007f52027cb000)
	libabsl_flags_marshalling.so.2608.0.0 => /usr/lib/libabsl_flags_marshalling.so.2608.0.0 (0x00007f52027bf000)
	libabsl_flags_reflection.so.2608.0.0 => /usr/lib/libabsl_flags_reflection.so.2608.0.0 (0x00007f52027b3000)
	libabsl_flags_private_handle_accessor.so.2608.0.0 => /usr/lib/libabsl_flags_private_handle_accessor.so.2608.0.0 (0x00007f52027ac000)
	libabsl_flags_commandlineflag.so.2608.0.0 => /usr/lib/libabsl_flags_commandlineflag.so.2608.0.0 (0x00007f52027a7000)
	libabsl_flags_commandlineflag_internal.so.2608.0.0 => /usr/lib/libabsl_flags_commandlineflag_internal.so.2608.0.0 (0x00007f52027a2000)
	libabsl_flags_config.so.2608.0.0 => /usr/lib/libabsl_flags_config.so.2608.0.0 (0x00007f520279b000)
	libabsl_flags_program_name.so.2608.0.0 => /usr/lib/libabsl_flags_program_name.so.2608.0.0 (0x00007f5202796000)
	libabsl_raw_hash_set.so.2608.0.0 => /usr/lib/libabsl_raw_hash_set.so.2608.0.0 (0x00007f5202789000)
	libabsl_cord.so.2608.0.0 => /usr/lib/libabsl_cord.so.2608.0.0 (0x00007f5202770000)
	libabsl_cordz_info.so.2608.0.0 => /usr/lib/libabsl_cordz_info.so.2608.0.0 (0x00007f5202769000)
	libabsl_cord_internal.so.2608.0.0 => /usr/lib/libabsl_cord_internal.so.2608.0.0 (0x00007f520275a000)
	libabsl_cordz_functions.so.2608.0.0 => /usr/lib/libabsl_cordz_functions.so.2608.0.0 (0x00007f5202755000)
	libabsl_cordz_handle.so.2608.0.0 => /usr/lib/libabsl_cordz_handle.so.2608.0.0 (0x00007f520274e000)
	libabsl_crc_cord_state.so.2608.0.0 => /usr/lib/libabsl_crc_cord_state.so.2608.0.0 (0x00007f5202747000)
	libabsl_crc32c.so.2608.0.0 => /usr/lib/libabsl_crc32c.so.2608.0.0 (0x00007f5202741000)
	libabsl_crc_internal.so.2608.0.0 => /usr/lib/libabsl_crc_internal.so.2608.0.0 (0x00007f520273b000)
	libabsl_base_cpu_detect.so.2608.0.0 => /usr/lib/libabsl_base_cpu_detect.so.2608.0.0 (0x00007f5202736000)
	libabsl_hashtablez_sampler.so.2608.0.0 => /usr/lib/libabsl_hashtablez_sampler.so.2608.0.0 (0x00007f5202730000)
	libabsl_exponential_biased.so.2608.0.0 => /usr/lib/libabsl_exponential_biased.so.2608.0.0 (0x00007f5202729000)
	libabsl_hash.so.2608.0.0 => /usr/lib/libabsl_hash.so.2608.0.0 (0x00007f5202724000)
	libabsl_city.so.2608.0.0 => /usr/lib/libabsl_city.so.2608.0.0 (0x00007f520271f000)
	libabsl_str_format_internal.so.2608.0.0 => /usr/lib/libabsl_str_format_internal.so.2608.0.0 (0x00007f5202700000)
	libabsl_synchronization.so.2608.0.0 => /usr/lib/libabsl_synchronization.so.2608.0.0 (0x00007f52026ee000)
	libabsl_graphcycles_internal.so.2608.0.0 => /usr/lib/libabsl_graphcycles_internal.so.2608.0.0 (0x00007f52026e3000)
	libabsl_kernel_timeout_internal.so.2608.0.0 => /usr/lib/libabsl_kernel_timeout_internal.so.2608.0.0 (0x00007f52026de000)
	libabsl_stacktrace.so.2608.0.0 => /usr/lib/libabsl_stacktrace.so.2608.0.0 (0x00007f52026d9000)
	libabsl_symbolize.so.2608.0.0 => /usr/lib/libabsl_symbolize.so.2608.0.0 (0x00007f52026d1000)
	libabsl_debugging_internal.so.2608.0.0 => /usr/lib/libabsl_debugging_internal.so.2608.0.0 (0x00007f52026ca000)
	libabsl_demangle_internal.so.2608.0.0 => /usr/lib/libabsl_demangle_internal.so.2608.0.0 (0x00007f52026bb000)
	libabsl_demangle_rust.so.2608.0.0 => /usr/lib/libabsl_demangle_rust.so.2608.0.0 (0x00007f52026b4000)
	libabsl_decode_rust_punycode.so.2608.0.0 => /usr/lib/libabsl_decode_rust_punycode.so.2608.0.0 (0x00007f52026af000)
	libabsl_utf8_for_code_point.so.2608.0.0 => /usr/lib/libabsl_utf8_for_code_point.so.2608.0.0 (0x00007f52026aa000)
	libabsl_malloc_internal.so.2608.0.0 => /usr/lib/libabsl_malloc_internal.so.2608.0.0 (0x00007f52026a3000)
	libabsl_time.so.2608.0.0 => /usr/lib/libabsl_time.so.2608.0.0 (0x00007f520268d000)
	libabsl_civil_time.so.2608.0.0 => /usr/lib/libabsl_civil_time.so.2608.0.0 (0x00007f5202685000)
	libabsl_strings.so.2608.0.0 => /usr/lib/libabsl_strings.so.2608.0.0 (0x00007f520265f000)
	libabsl_strings_internal.so.2608.0.0 => /usr/lib/libabsl_strings_internal.so.2608.0.0 (0x00007f5202659000)
	libabsl_hardening.so.2608.0.0 => /usr/lib/libabsl_hardening.so.2608.0.0 (0x00007f5202654000)
	libabsl_int128.so.2608.0.0 => /usr/lib/libabsl_int128.so.2608.0.0 (0x00007f520264b000)
	libabsl_source_location.so.2608.0.0 => /usr/lib/libabsl_source_location.so.2608.0.0 (0x00007f5202646000)
	libabsl_throw_delegate.so.2608.0.0 => /usr/lib/libabsl_throw_delegate.so.2608.0.0 (0x00007f5202640000)
	libabsl_time_zone.so.2608.0.0 => /usr/lib/libabsl_time_zone.so.2608.0.0 (0x00007f5202625000)
	libabsl_tracing_internal.so.2608.0.0 => /usr/lib/libabsl_tracing_internal.so.2608.0.0 (0x00007f5202620000)
	libabsl_base.so.2608.0.0 => /usr/lib/libabsl_base.so.2608.0.0 (0x00007f520261a000)
	libabsl_raw_logging_internal.so.2608.0.0 => /usr/lib/libabsl_raw_logging_internal.so.2608.0.0 (0x00007f5202613000)
	libabsl_log_severity.so.2608.0.0 => /usr/lib/libabsl_log_severity.so.2608.0.0 (0x00007f520260e000)
	libabsl_spinlock_wait.so.2608.0.0 => /usr/lib/libabsl_spinlock_wait.so.2608.0.0 (0x00007f5202609000)
	libmuparser.so.2 => /usr/lib/libmuparser.so.2 (0x00007f5202584000)
	liblcms2.so.2 => /usr/lib/liblcms2.so.2 (0x00007f5202518000)
	liblua.so.5.5 => /usr/lib/liblua.so.5.5 (0x00007f52024ce000)
	libEGL.so.1 => /usr/lib/libEGL.so.1 (0x00007f52024ba000)
	libGLESv2.so.2 => /usr/lib/libGLESv2.so.2 (0x00007f52024aa000)
	libGLX.so.0 => /usr/lib/libGLX.so.0 (0x00007f5202479000)
	libOpenGL.so.0 => /usr/lib/libOpenGL.so.0 (0x00007f5202455000)
	libglslang-default-resource-limits.so.16 => /usr/lib/libglslang-default-resource-limits.so.16 (0x00007f520244b000)
	libSPIRV.so.16 => /usr/lib/libSPIRV.so.16 (0x00007f5202446000)
	libglslang.so.16 => /usr/lib/libglslang.so.16 (0x00007f5201800000)
	libSPIRV-Tools-opt.so => /usr/lib/libSPIRV-Tools-opt.so (0x00007f5201400000)
	libSPIRV-Tools.so => /usr/lib/libSPIRV-Tools.so (0x00007f5201224000)
	libstdc++.so.6 => /usr/lib/libstdc++.so.6 (0x00007f5200e00000)
	libm.so.6 => /usr/lib/libm.so.6 (0x00007f520230d000)
	libgcc_s.so.1 => /usr/lib/libgcc_s.so.1 (0x00007f52022e0000)
	libc.so.6 => /usr/lib/libc.so.6 (0x00007f5200a00000)
	libXau.so.6 => /usr/lib/libXau.so.6 (0x00007f52022d9000)
	libXdmcp.so.6 => /usr/lib/libXdmcp.so.6 (0x00007f52022d1000)
	libseat.so.1 => /usr/lib/libseat.so.1 (0x00007f52022c6000)
	libwayland-client.so.0 => /usr/lib/libwayland-client.so.0 (0x00007f52017f0000)
	libudev.so.1 => /usr/lib/libudev.so.1 (0x00007f52017a0000)
	libdisplay-info.so.3 => /usr/lib/libdisplay-info.so.3 (0x00007f5201767000)
	libzip.so.5 => /usr/lib/libzip.so.5 (0x00007f5201747000)
	librsvg-2.so.2 => /usr/lib/librsvg-2.so.2 (0x00007f5200400000)
	libtomlplusplus.so.3 => /usr/lib/libtomlplusplus.so.3 (0x00007f520170d000)
	libjpeg.so.8 => /usr/lib/libjpeg.so.8 (0x00007f520117c000)
	libwebp.so.7 => /usr/lib/libwebp.so.7 (0x00007f5201686000)
	libmagic.so.1 => /usr/lib/libmagic.so.1 (0x00007f520114d000)
	libpng16.so.16 => /usr/lib/libpng16.so.16 (0x00007f5201110000)
	libjxl.so.0.12 => /usr/lib/libjxl.so.0.12 (0x00007f51ffe00000)
	libjxl_threads.so.0.12 => /usr/lib/libjxl_threads.so.0.12 (0x00007f5201680000)
	/lib64/ld-linux-x86-64.so.2 => /usr/lib64/ld-linux-x86-64.so.2 (0x00007f5204426000)
	libffi.so.8 => /usr/lib/libffi.so.8 (0x00007f5201102000)
	libpangoft2-1.0.so.0 => /usr/lib/libpangoft2-1.0.so.0 (0x00007f52010e3000)
	libfontconfig.so.1 => /usr/lib/libfontconfig.so.1 (0x00007f5200d85000)
	libfribidi.so.0 => /usr/lib/libfribidi.so.0 (0x00007f5200d65000)
	libthai.so.0 => /usr/lib/libthai.so.0 (0x00007f52010d8000)
	libz.so.1 => /usr/lib/libz.so.1 (0x00007f5200d4a000)
	libfreetype.so.6 => /usr/lib/libfreetype.so.6 (0x00007f5200c7a000)
	libX11.so.6 => /usr/lib/libX11.so.6 (0x00007f52008be000)
	libXext.so.6 => /usr/lib/libXext.so.6 (0x00007f5200c66000)
	libXrender.so.1 => /usr/lib/libXrender.so.1 (0x00007f5200c5a000)
	libxcb-shm.so.0 => /usr/lib/libxcb-shm.so.0 (0x00007f52010d3000)
	libgraphite2.so.3 => /usr/lib/libgraphite2.so.3 (0x00007f5200c37000)
	libXfixes.so.3 => /usr/lib/libXfixes.so.3 (0x00007f5200c2f000)
	libmtdev.so.1 => /usr/lib/libmtdev.so.1 (0x00007f5200c28000)
	libevdev.so.2 => /usr/lib/libevdev.so.2 (0x00007f52008a8000)
	libwacom.so.9 => /usr/lib/libwacom.so.9 (0x00007f5200895000)
	liblua5.4.so.5.4 => /usr/lib/liblua5.4.so.5.4 (0x00007f52003ba000)
	libexpat.so.1 => /usr/lib/libexpat.so.1 (0x00007f520038c000)
	libgmodule-2.0.so.0 => /usr/lib/libgmodule-2.0.so.0 (0x00007f5200385000)
	libmount.so.1 => /usr/lib/libmount.so.1 (0x00007f5200328000)
	libpcre2-8.so.0 => /usr/lib/libpcre2-8.so.0 (0x00007f5200275000)
	libgomp.so.1 => /usr/lib/libgomp.so.1 (0x00007f51ffda6000)
	libGLdispatch.so.0 => /usr/lib/libGLdispatch.so.0 (0x00007f51ffd2d000)
	libsystemd.so.0 => /usr/lib/libsystemd.so.0 (0x00007f51ffbe5000)
	libbz2.so.1.0 => /usr/lib/libbz2.so.1.0 (0x00007f5200262000)
	liblzma.so.5 => /usr/lib/liblzma.so.5 (0x00007f51ffbb0000)
	libzstd.so.1 => /usr/lib/libzstd.so.1 (0x00007f51ffaca000)
	libcrypto.so.3 => /usr/lib/libcrypto.so.3 (0x00007f51ff400000)
	libgdk_pixbuf-2.0.so.0 => /usr/lib/libgdk_pixbuf-2.0.so.0 (0x00007f51ffa90000)
	libdav1d.so.7 => /usr/lib/libdav1d.so.7 (0x00007f51ff21f000)
	libxml2.so.16 => /usr/lib/libxml2.so.16 (0x00007f51ff0da000)
	libsharpyuv.so.0 => /usr/lib/libsharpyuv.so.0 (0x00007f5200259000)
	libjxl_cms.so.0.12 => /usr/lib/libjxl_cms.so.0.12 (0x00007f51ffa67000)
	libhwy.so.1 => /usr/lib/libhwy.so.1 (0x00007f520024a000)
	libbrotlidec.so.1 => /usr/lib/libbrotlidec.so.1 (0x00007f520023b000)
	libbrotlienc.so.1 => /usr/lib/libbrotlienc.so.1 (0x00007f51ff01a000)
	libdatrie.so.1 => /usr/lib/libdatrie.so.1 (0x00007f51ffa5e000)
	libgudev-1.0.so.0 => /usr/lib/libgudev-1.0.so.0 (0x00007f51ffa52000)
	libblkid.so.1 => /usr/lib/libblkid.so.1 (0x00007f51ffa12000)
	libglycin-2.so.0 => /usr/lib/libglycin-2.so.0 (0x00007f51fec00000)
	libicuuc.so.78 => /usr/lib/libicuuc.so.78 (0x00007f51fe800000)
	libbrotlicommon.so.1 => /usr/lib/libbrotlicommon.so.1 (0x00007f51ff9ef000)
	libseccomp.so.2 => /usr/lib/libseccomp.so.2 (0x00007f51ff9c2000)
	libicudata.so.78 => /usr/lib/libicudata.so.78 (0x00007f51fc800000)
