	linux-vdso.so.1 (0x00007f7cfd42d000)
	libgtk-4.so.1 => /usr/lib/libgtk-4.so.1 (0x00007f7cfc800000)
	libpangocairo-1.0.so.0 => /usr/lib/libpangocairo-1.0.so.0 (0x00007f7cfd3e3000)
	libpango-1.0.so.0 => /usr/lib/libpango-1.0.so.0 (0x00007f7cfd374000)
	libharfbuzz.so.0 => /usr/lib/libharfbuzz.so.0 (0x00007f7cfc6c1000)
	libgdk_pixbuf-2.0.so.0 => /usr/lib/libgdk_pixbuf-2.0.so.0 (0x00007f7cfc687000)
	libcairo-gobject.so.2 => /usr/lib/libcairo-gobject.so.2 (0x00007f7cfd369000)
	libcairo.so.2 => /usr/lib/libcairo.so.2 (0x00007f7cfc54a000)
	libvulkan.so.1 => /usr/lib/libvulkan.so.1 (0x00007f7cfc4ac000)
	libgraphene-1.0.so.0 => /usr/lib/libgraphene-1.0.so.0 (0x00007f7cfc48e000)
	libjson-glib-1.0.so.0 => /usr/lib/libjson-glib-1.0.so.0 (0x00007f7cfc464000)
	libgio-2.0.so.0 => /usr/lib/libgio-2.0.so.0 (0x00007f7cfc285000)
	libgobject-2.0.so.0 => /usr/lib/libgobject-2.0.so.0 (0x00007f7cfc222000)
	libglib-2.0.so.0 => /usr/lib/libglib-2.0.so.0 (0x00007f7cfc0bf000)
	libwayland-client.so.0 => /usr/lib/libwayland-client.so.0 (0x00007f7cfd357000)
	libm.so.6 => /usr/lib/libm.so.6 (0x00007f7cfbf88000)
	libc.so.6 => /usr/lib/libc.so.6 (0x00007f7cfbc00000)
	libgmodule-2.0.so.0 => /usr/lib/libgmodule-2.0.so.0 (0x00007f7cfbf81000)
	libharfbuzz-subset.so.0 => /usr/lib/libharfbuzz-subset.so.0 (0x00007f7cfbe45000)
	libfribidi.so.0 => /usr/lib/libfribidi.so.0 (0x00007f7cfbe25000)
	libfontconfig.so.1 => /usr/lib/libfontconfig.so.1 (0x00007f7cfbb85000)
	libepoxy.so.0 => /usr/lib/libepoxy.so.0 (0x00007f7cfba78000)
	libgstplay-1.0.so.0 => /usr/lib/libgstplay-1.0.so.0 (0x00007f7cfba54000)
	libgstvideo-1.0.so.0 => /usr/lib/libgstvideo-1.0.so.0 (0x00007f7cfb975000)
	libgstreamer-1.0.so.0 => /usr/lib/libgstreamer-1.0.so.0 (0x00007f7cfb802000)
	libgstgl-1.0.so.0 => /usr/lib/libgstgl-1.0.so.0 (0x00007f7cfb76c000)
	libgstallocators-1.0.so.0 => /usr/lib/libgstallocators-1.0.so.0 (0x00007f7cfb762000)
	libXi.so.6 => /usr/lib/libXi.so.6 (0x00007f7cfb74d000)
	libX11.so.6 => /usr/lib/libX11.so.6 (0x00007f7cfb60b000)
	libpangoft2-1.0.so.0 => /usr/lib/libpangoft2-1.0.so.0 (0x00007f7cfb5ec000)
	libcloudproviders.so.0 => /usr/lib/libcloudproviders.so.0 (0x00007f7cfb5d4000)
	libtinysparql-3.0.so.0 => /usr/lib/libtinysparql-3.0.so.0 (0x00007f7cfb500000)
	libpng16.so.16 => /usr/lib/libpng16.so.16 (0x00007f7cfb4c3000)
	libtiff.so.6 => /usr/lib/libtiff.so.6 (0x00007f7cfb42b000)
	libjpeg.so.8 => /usr/lib/libjpeg.so.8 (0x00007f7cfb383000)
	libxkbcommon.so.0 => /usr/lib/libxkbcommon.so.0 (0x00007f7cfb324000)
	libwayland-egl.so.1 => /usr/lib/libwayland-egl.so.1 (0x00007f7cfb31f000)
	libXext.so.6 => /usr/lib/libXext.so.6 (0x00007f7cfb30b000)
	libXcursor.so.1 => /usr/lib/libXcursor.so.1 (0x00007f7cfb2fe000)
	libXdamage.so.1 => /usr/lib/libXdamage.so.1 (0x00007f7cfb2f9000)
	libXfixes.so.3 => /usr/lib/libXfixes.so.3 (0x00007f7cfb2f1000)
	libXrandr.so.2 => /usr/lib/libXrandr.so.2 (0x00007f7cfb2e2000)
	libXinerama.so.1 => /usr/lib/libXinerama.so.1 (0x00007f7cfb2dd000)
	libcairo-script-interpreter.so.2 => /usr/lib/libcairo-script-interpreter.so.2 (0x00007f7cfb2bb000)
	libcups.so.2 => /usr/lib/libcups.so.2 (0x00007f7cfb22a000)
	libcolord.so.2 => /usr/lib/libcolord.so.2 (0x00007f7cfb1d3000)
	libgcc_s.so.1 => /usr/lib/libgcc_s.so.1 (0x00007f7cfb1a6000)
	libthai.so.0 => /usr/lib/libthai.so.0 (0x00007f7cfb199000)
	libfreetype.so.6 => /usr/lib/libfreetype.so.6 (0x00007f7cfb0c9000)
	libgraphite2.so.3 => /usr/lib/libgraphite2.so.3 (0x00007f7cfb0a6000)
	libglycin-2.so.0 => /usr/lib/libglycin-2.so.0 (0x00007f7cfac00000)
	libz.so.1 => /usr/lib/libz.so.1 (0x00007f7cfb08b000)
	libXrender.so.1 => /usr/lib/libXrender.so.1 (0x00007f7cfb07d000)
	libxcb.so.1 => /usr/lib/libxcb.so.1 (0x00007f7cfb052000)
	libxcb-render.so.0 => /usr/lib/libxcb-render.so.0 (0x00007f7cfb043000)
	libxcb-shm.so.0 => /usr/lib/libxcb-shm.so.0 (0x00007f7cfb03e000)
	libpixman-1.so.0 => /usr/lib/libpixman-1.so.0 (0x00007f7cfab51000)
	libmount.so.1 => /usr/lib/libmount.so.1 (0x00007f7cfaaf4000)
	libffi.so.8 => /usr/lib/libffi.so.8 (0x00007f7cfb02e000)
	libpcre2-8.so.0 => /usr/lib/libpcre2-8.so.0 (0x00007f7cfaa41000)
	/lib64/ld-linux-x86-64.so.2 => /usr/lib64/ld-linux-x86-64.so.2 (0x00007f7cfd42f000)
	libexpat.so.1 => /usr/lib/libexpat.so.1 (0x00007f7cfb000000)
	libgsttag-1.0.so.0 => /usr/lib/libgsttag-1.0.so.0 (0x00007f7cfaa02000)
	libgstpbutils-1.0.so.0 => /usr/lib/libgstpbutils-1.0.so.0 (0x00007f7cfa9bd000)
	libgstbase-1.0.so.0 => /usr/lib/libgstbase-1.0.so.0 (0x00007f7cfa935000)
	liborc-0.4.so.0 => /usr/lib/liborc-0.4.so.0 (0x00007f7cfa823000)
	libunwind.so.8 => /usr/lib/libunwind.so.8 (0x00007f7cfa807000)
	libdw.so.1 => /usr/lib/libdw.so.1 (0x00007f7cfa765000)
	libEGL.so.1 => /usr/lib/libEGL.so.1 (0x00007f7cfa751000)
	libGLX.so.0 => /usr/lib/libGLX.so.0 (0x00007f7cfa720000)
	libwayland-cursor.so.0 => /usr/lib/libwayland-cursor.so.0 (0x00007f7cfa717000)
	libX11-xcb.so.1 => /usr/lib/libX11-xcb.so.1 (0x00007f7cfa712000)
	libgudev-1.0.so.0 => /usr/lib/libgudev-1.0.so.0 (0x00007f7cfa706000)
	libdrm.so.2 => /usr/lib/libdrm.so.2 (0x00007f7cfa6ef000)
	libgbm.so.1 => /usr/lib/libgbm.so.1 (0x00007f7cfa6e7000)
	libxml2.so.16 => /usr/lib/libxml2.so.16 (0x00007f7cfa5a2000)
	libsqlite3.so.0 => /usr/lib/libsqlite3.so.0 (0x00007f7cfa409000)
	libdeflate.so.0 => /usr/lib/libdeflate.so.0 (0x00007f7cfa3f1000)
	libjbig.so.2.1 => /usr/lib/libjbig.so.2.1 (0x00007f7cfa3e3000)
	liblzma.so.5 => /usr/lib/liblzma.so.5 (0x00007f7cfa3ac000)
	libzstd.so.1 => /usr/lib/libzstd.so.1 (0x00007f7cfa2c6000)
	libwebp.so.7 => /usr/lib/libwebp.so.7 (0x00007f7cfa23f000)
	liblzo2.so.2 => /usr/lib/liblzo2.so.2 (0x00007f7cfa21e000)
	libavahi-common.so.3 => /usr/lib/libavahi-common.so.3 (0x00007f7cfa20f000)
	libavahi-client.so.3 => /usr/lib/libavahi-client.so.3 (0x00007f7cfa1fa000)
	libgnutls.so.30 => /usr/lib/libgnutls.so.30 (0x00007f7cf9e00000)
	liblcms2.so.2 => /usr/lib/liblcms2.so.2 (0x00007f7cfa18e000)
	libudev.so.1 => /usr/lib/libudev.so.1 (0x00007f7cfa13e000)
	libdatrie.so.1 => /usr/lib/libdatrie.so.1 (0x00007f7cfa135000)
	libbz2.so.1.0 => /usr/lib/libbz2.so.1.0 (0x00007f7cfa120000)
	libbrotlidec.so.1 => /usr/lib/libbrotlidec.so.1 (0x00007f7cfa111000)
	libseccomp.so.2 => /usr/lib/libseccomp.so.2 (0x00007f7cfa0e4000)
	libXau.so.6 => /usr/lib/libXau.so.6 (0x00007f7cfa0df000)
	libXdmcp.so.6 => /usr/lib/libXdmcp.so.6 (0x00007f7cfa0d7000)
	libblkid.so.1 => /usr/lib/libblkid.so.1 (0x00007f7cfa095000)
	libsystemd.so.0 => /usr/lib/libsystemd.so.0 (0x00007f7cf9cb8000)
	libgstaudio-1.0.so.0 => /usr/lib/libgstaudio-1.0.so.0 (0x00007f7cf9c2e000)
	libelf.so.1 => /usr/lib/libelf.so.1 (0x00007f7cfa077000)
	libGLdispatch.so.0 => /usr/lib/libGLdispatch.so.0 (0x00007f7cf9bb5000)
	libicuuc.so.78 => /usr/lib/libicuuc.so.78 (0x00007f7cf9800000)
	libsharpyuv.so.0 => /usr/lib/libsharpyuv.so.0 (0x00007f7cfa06c000)
	libdbus-1.so.3 => /usr/lib/libdbus-1.so.3 (0x00007f7cfa019000)
	libleancrypto.so.1 => /usr/lib/libleancrypto.so.1 (0x00007f7cf9400000)
	libp11-kit.so.0 => /usr/lib/libp11-kit.so.0 (0x00007f7cf9a13000)
	libidn2.so.0 => /usr/lib/libidn2.so.0 (0x00007f7cf97de000)
	libunistring.so.5 => /usr/lib/libunistring.so.5 (0x00007f7cf9219000)
	libtasn1.so.6 => /usr/lib/libtasn1.so.6 (0x00007f7cf97c8000)
	libhogweed.so.7 => /usr/lib/libhogweed.so.7 (0x00007f7cf9781000)
	libnettle.so.9 => /usr/lib/libnettle.so.9 (0x00007f7cf9725000)
	libgmp.so.10 => /usr/lib/libgmp.so.10 (0x00007f7cf967e000)
	libbrotlicommon.so.1 => /usr/lib/libbrotlicommon.so.1 (0x00007f7cf91f6000)
	libicudata.so.78 => /usr/lib/libicudata.so.78 (0x00007f7cf7200000)
	libstdc++.so.6 => /usr/lib/libstdc++.so.6 (0x00007f7cf6e00000)
