[07:35:44.907515] {Default Queue}  -> wl_display#1.get_registry(new id wl_registry#2)
[07:35:44.907538] {Default Queue}  -> wl_display#1.sync(new id wl_callback#3)
[07:35:44.907648] {Display Queue} wl_display#1.delete_id(3)
[07:35:44.907666] {Default Queue} wl_registry#2.global(1, "wl_seat", 9)
[07:35:44.907674] {Default Queue} wl_registry#2.global(2, "wl_data_device_manager", 3)
[07:35:44.907678] {Default Queue}  -> wl_registry#2.bind(2, "wl_data_device_manager", 3, new id [unknown]#4)
[07:35:44.907682] {Default Queue} wl_registry#2.global(3, "wl_compositor", 6)
[07:35:44.907685] {Default Queue}  -> wl_registry#2.bind(3, "wl_compositor", 3, new id [unknown]#5)
[07:35:44.907688] {Default Queue} wl_registry#2.global(4, "wl_subcompositor", 1)
[07:35:44.907691] {Default Queue}  -> wl_registry#2.bind(4, "wl_subcompositor", 1, new id [unknown]#6)
[07:35:44.907694] {Default Queue} wl_registry#2.global(5, "wl_shm", 2)
[07:35:44.907697] {Default Queue}  -> wl_registry#2.bind(5, "wl_shm", 1, new id [unknown]#7)
[07:35:44.907700] {Default Queue} wl_registry#2.global(6, "wp_viewporter", 1)
[07:35:44.907702] {Default Queue} wl_registry#2.global(7, "wp_tearing_control_manager_v1", 1)
[07:35:44.907705] {Default Queue} wl_registry#2.global(8, "wp_fractional_scale_manager_v1", 1)
[07:35:44.907709] {Default Queue} wl_registry#2.global(9, "zxdg_output_manager_v1", 3)
[07:35:44.907711] {Default Queue}  -> wl_registry#2.bind(9, "zxdg_output_manager_v1", 3, new id [unknown]#8)
[07:35:44.907715] {Default Queue}  -> wl_display#1.sync(new id wl_callback#9)
[07:35:44.907718] {Default Queue} wl_registry#2.global(10, "wp_cursor_shape_manager_v1", 2)
[07:35:44.907721] {Default Queue}  -> wl_registry#2.bind(10, "wp_cursor_shape_manager_v1", 1, new id [unknown]#10)
[07:35:44.907723] {Default Queue} wl_registry#2.global(11, "zwp_idle_inhibit_manager_v1", 1)
[07:35:44.907726] {Default Queue} wl_registry#2.global(12, "zwp_relative_pointer_manager_v1", 1)
[07:35:44.907729] {Default Queue} wl_registry#2.global(13, "zxdg_decoration_manager_v1", 2)
[07:35:44.907733] {Default Queue} wl_registry#2.global(14, "wp_alpha_modifier_v1", 1)
[07:35:44.907736] {Default Queue} wl_registry#2.global(15, "zwlr_gamma_control_manager_v1", 1)
[07:35:44.907738] {Default Queue} wl_registry#2.global(16, "ext_foreign_toplevel_list_v1", 1)
[07:35:44.907742] {Default Queue} wl_registry#2.global(17, "zwp_pointer_gestures_v1", 3)
[07:35:44.907745] {Default Queue}  -> wl_registry#2.bind(17, "zwp_pointer_gestures_v1", 1, new id [unknown]#11)
[07:35:44.907747] {Default Queue} wl_registry#2.global(18, "zwlr_foreign_toplevel_manager_v1", 3)
[07:35:44.907750] {Default Queue} wl_registry#2.global(19, "zwp_keyboard_shortcuts_inhibit_manager_v1", 1)
[07:35:44.907752] {Default Queue}  -> wl_registry#2.bind(19, "zwp_keyboard_shortcuts_inhibit_manager_v1", 1, new id [unknown]#12)
[07:35:44.907757] {Default Queue} wl_registry#2.global(20, "zwp_text_input_manager_v1", 1)
[07:35:44.907760] {Default Queue} wl_registry#2.global(21, "zwp_text_input_manager_v3", 1)
[07:35:44.907762] {Default Queue} wl_registry#2.global(22, "zwp_pointer_constraints_v1", 1)
[07:35:44.907765] {Default Queue} wl_registry#2.global(23, "zwlr_output_power_manager_v1", 1)
[07:35:44.907767] {Default Queue} wl_registry#2.global(24, "xdg_activation_v1", 1)
[07:35:44.907770] {Default Queue}  -> wl_registry#2.bind(24, "xdg_activation_v1", 1, new id [unknown]#13)
[07:35:44.907773] {Default Queue} wl_registry#2.global(25, "ext_idle_notifier_v1", 2)
[07:35:44.907776] {Default Queue} wl_registry#2.global(26, "hyprland_lock_notifier_v1", 1)
[07:35:44.907779] {Default Queue} wl_registry#2.global(27, "ext_session_lock_manager_v1", 1)
[07:35:44.907782] {Default Queue} wl_registry#2.global(28, "zwp_input_method_manager_v2", 1)
[07:35:44.907784] {Default Queue} wl_registry#2.global(29, "zwp_virtual_keyboard_manager_v1", 1)
[07:35:44.907787] {Default Queue} wl_registry#2.global(30, "zwlr_virtual_pointer_manager_v1", 2)
[07:35:44.907789] {Default Queue} wl_registry#2.global(31, "zwlr_output_manager_v1", 4)
[07:35:44.907793] {Default Queue} wl_registry#2.global(32, "org_kde_kwin_server_decoration_manager", 1)
[07:35:44.907803] {Default Queue}  -> wl_registry#2.bind(32, "org_kde_kwin_server_decoration_manager", 1, new id [unknown]#14)
[07:35:44.907813] {Default Queue} wl_registry#2.global(33, "hyprland_focus_grab_manager_v1", 1)
[07:35:44.907817] {Default Queue} wl_registry#2.global(34, "zwp_tablet_manager_v2", 1)
[07:35:44.907820] {Default Queue}  -> wl_registry#2.bind(34, "zwp_tablet_manager_v2", 1, new id [unknown]#15)
[07:35:44.907823] {Default Queue} wl_registry#2.global(35, "zwlr_layer_shell_v1", 5)
[07:35:44.907826] {Default Queue} wl_registry#2.global(36, "wp_presentation", 2)
[07:35:44.907829] {Default Queue} wl_registry#2.global(37, "xdg_wm_base", 7)
[07:35:44.907832] {Default Queue} wl_registry#2.global(38, "zwlr_data_control_manager_v1", 2)
[07:35:44.907837] {Default Queue} wl_registry#2.global(39, "zwp_primary_selection_device_manager_v1", 1)
[07:35:44.907840] {Default Queue}  -> wl_registry#2.bind(39, "zwp_primary_selection_device_manager_v1", 1, new id [unknown]#16)
[07:35:44.907843] {Default Queue} wl_registry#2.global(40, "xwayland_shell_v1", 1)
[07:35:44.907846] {Default Queue} wl_registry#2.global(41, "hyprland_toplevel_mapping_manager_v1", 1)
[07:35:44.907849] {Default Queue} wl_registry#2.global(42, "hyprland_global_shortcuts_manager_v1", 1)
[07:35:44.907852] {Default Queue} wl_registry#2.global(43, "xdg_wm_dialog_v1", 1)
[07:35:44.907855] {Default Queue} wl_registry#2.global(44, "wp_single_pixel_buffer_manager_v1", 1)
[07:35:44.907858] {Default Queue} wl_registry#2.global(45, "wp_security_context_manager_v1", 1)
[07:35:44.907861] {Default Queue} wl_registry#2.global(46, "hyprland_ctm_control_manager_v1", 2)
[07:35:44.907864] {Default Queue} wl_registry#2.global(47, "hyprland_input_capture_manager_v1", 1)
[07:35:44.907867] {Default Queue} wl_registry#2.global(48, "hyprland_surface_manager_v1", 2)
[07:35:44.907870] {Default Queue} wl_registry#2.global(49, "wp_content_type_manager_v1", 1)
[07:35:44.907873] {Default Queue} wl_registry#2.global(50, "xdg_toplevel_tag_manager_v1", 1)
[07:35:44.907876] {Default Queue} wl_registry#2.global(51, "xdg_system_bell_v1", 1)
[07:35:44.907879] {Default Queue} wl_registry#2.global(52, "vicinae_hotkey_manager_v1", 1)
[07:35:44.907882] {Default Queue} wl_registry#2.global(53, "ext_workspace_manager_v1", 1)
[07:35:44.907885] {Default Queue} wl_registry#2.global(54, "ext_data_control_manager_v1", 1)
[07:35:44.907888] {Default Queue} wl_registry#2.global(55, "wp_pointer_warp_v1", 1)
[07:35:44.907891] {Default Queue} wl_registry#2.global(56, "wp_fifo_manager_v1", 1)
[07:35:44.907894] {Default Queue} wl_registry#2.global(57, "zxdg_exporter_v2", 1)
[07:35:44.907897] {Default Queue}  -> wl_registry#2.bind(57, "zxdg_exporter_v2", 1, new id [unknown]#17)
[07:35:44.907901] {Default Queue} wl_registry#2.global(58, "zxdg_importer_v2", 1)
[07:35:44.907903] {Default Queue}  -> wl_registry#2.bind(58, "zxdg_importer_v2", 1, new id [unknown]#18)
[07:35:44.907906] {Default Queue} wl_registry#2.global(59, "ext_background_effect_manager_v1", 1)
[07:35:44.907909] {Default Queue} wl_registry#2.global(60, "wp_commit_timing_manager_v1", 1)
[07:35:44.907912] {Default Queue} wl_registry#2.global(61, "zwlr_screencopy_manager_v1", 3)
[07:35:44.907916] {Default Queue} wl_registry#2.global(62, "hyprland_toplevel_export_manager_v1", 2)
[07:35:44.907919] {Default Queue} wl_registry#2.global(63, "ext_output_image_capture_source_manager_v1", 1)
[07:35:44.907922] {Default Queue} wl_registry#2.global(64, "ext_foreign_toplevel_image_capture_source_manager_v1", 1)
[07:35:44.907924] {Default Queue} wl_registry#2.global(65, "ext_image_copy_capture_manager_v1", 1)
[07:35:44.907927] {Default Queue} wl_registry#2.global(66, "wp_color_manager_v1", 3)
[07:35:44.907930] {Default Queue} wl_registry#2.global(67, "wl_drm", 2)
[07:35:44.907934] {Default Queue} wl_registry#2.global(68, "zwp_linux_dmabuf_v1", 5)
[07:35:44.907937] {Default Queue} wl_registry#2.global(69, "wl_output", 4)
[07:35:44.907940] {Default Queue}  -> wl_registry#2.bind(69, "wl_output", 2, new id [unknown]#19)
[07:35:44.907984] {Default Queue}  -> zxdg_output_manager_v1#8.get_xdg_output(new id zxdg_output_v1#20, wl_output#19)
[07:35:44.907990] {Default Queue}  -> wl_display#1.sync(new id wl_callback#21)
[07:35:44.907993] {Default Queue} wl_callback#3.done(38)
[07:35:44.908034] {Default Queue}  -> wl_shm#7.create_pool(new id wl_shm_pool#3, fd 11, 2304)
[07:35:44.908127] {Default Queue}  -> wl_shm_pool#3.resize(6912)
[07:35:44.908181] {Default Queue}  -> wl_shm_pool#3.resize(16128)
[07:35:44.908271] {Default Queue}  -> wl_shm_pool#3.resize(34560)
[07:35:44.908437] {Default Queue}  -> wl_shm_pool#3.resize(71424)
[07:35:44.908759] {Default Queue}  -> wl_shm_pool#3.resize(145152)
[07:35:44.909927] {Default Queue}  -> wl_shm_pool#3.resize(292608)
[07:35:44.911320] {Default Queue}  -> wl_shm_pool#3.resize(587520)
[07:35:44.916686] {Default Queue}  -> wl_registry#2.bind(1, "wl_seat", 5, new id [unknown]#22)
[07:35:44.918558] {Default Queue}  -> wl_compositor#5.create_surface(new id wl_surface#23)
[07:35:44.918574] {Default Queue}  -> zwp_primary_selection_device_manager_v1#16.get_device(new id zwp_primary_selection_device_v1#24, wl_seat#22)
[07:35:44.918582] {Default Queue}  -> wl_data_device_manager#4.get_data_device(new id wl_data_device#25, wl_seat#22)
[07:35:44.918636] {Default Queue}  -> wl_compositor#5.create_surface(new id wl_surface#26)
[07:35:44.918641] {Default Queue}  -> zwp_tablet_manager_v2#15.get_tablet_seat(new id zwp_tablet_seat_v2#27, wl_seat#22)
[07:35:44.918647] {Default Queue}  -> wl_display#1.sync(new id wl_callback#28)
[07:35:44.919046] {Display Queue} wl_display#1.delete_id(9)
[07:35:44.919069] {Display Queue} wl_display#1.delete_id(21)
[07:35:44.919073] {Display Queue} wl_display#1.delete_id(28)
[07:35:44.919077] {Default Queue} wl_shm#7.format(0)
[07:35:44.919080] {Default Queue} wl_shm#7.format(1)
[07:35:44.919084] {Default Queue} wl_shm#7.format(875709016)
[07:35:44.919086] {Default Queue} wl_shm#7.format(875708993)
[07:35:44.919089] {Default Queue} wl_shm#7.format(808669784)
[07:35:44.919092] {Default Queue} wl_shm#7.format(808669761)
[07:35:44.919095] {Default Queue} wl_shm#7.format(808665688)
[07:35:44.919098] {Default Queue} wl_shm#7.format(808665665)
[07:35:44.919101] {Default Queue} wl_callback#9.done(38)
[07:35:44.919105] {Default Queue} org_kde_kwin_server_decoration_manager#14.default_mode(2)
[07:35:44.919111] {Default Queue} wl_output#19.scale(1)
[07:35:44.919117] {Default Queue} wl_output#19.mode(1, 800, 600, 60000)
[07:35:44.919123] {Default Queue} wl_output#19.geometry(0, 0, 0, 0, 1, "", "", 0)
[07:35:44.919130] {Default Queue} wl_output#19.done()
[07:35:44.919148] {Default Queue} zxdg_output_v1#20.name("WAYLAND-1")
[07:35:44.919154] {Default Queue} zxdg_output_v1#20.logical_position(0, 0)
[07:35:44.919157] {Default Queue} zxdg_output_v1#20.logical_size(800, 600)
[07:35:44.919160] {Default Queue} wl_output#19.done()
[07:35:44.919165] {Default Queue} wl_callback#21.done(38)
[07:35:44.919168] {Default Queue} wl_seat#22.name("Hyprland")
[07:35:44.919171] {Default Queue} wl_seat#22.capabilities(3)
[07:35:44.919174] {Default Queue}  -> wl_seat#22.get_pointer(new id wl_pointer#21)
[07:35:44.919186] {Default Queue}  -> zwp_pointer_gestures_v1#11.get_swipe_gesture(new id zwp_pointer_gesture_swipe_v1#9, wl_pointer#21)
[07:35:44.919192] {Default Queue}  -> zwp_pointer_gestures_v1#11.get_pinch_gesture(new id zwp_pointer_gesture_pinch_v1#29, wl_pointer#21)
[07:35:44.919197] {Default Queue}  -> wp_cursor_shape_manager_v1#10.get_pointer(new id wp_cursor_shape_device_v1#30, wl_pointer#21)
[07:35:44.919203] {Default Queue}  -> wl_seat#22.get_keyboard(new id wl_keyboard#31)
[07:35:44.919211] {Default Queue} wl_callback#28.done(38)
[07:35:44.919215] {Default Queue}  -> wl_registry#2.bind(37, "xdg_wm_base", 6, new id [unknown]#28)
[07:35:44.938484] {Default Queue}  -> wl_display#1.get_registry(new id wl_registry#32)
[07:35:44.938519] {Default Queue}  -> wl_display#1.sync(new id wl_callback#33)
[07:35:44.938875] {Display Queue} wl_display#1.delete_id(33)
[07:35:44.938896] {Default Queue} wl_keyboard#31.keymap(1, fd 4, 35572)
[07:35:44.939867] {Default Queue} wl_keyboard#31.repeat_info(25, 600)
[07:35:44.939884] {Default Queue} wl_registry#32.global(1, "wl_seat", 9)
[07:35:44.939894] {Default Queue} wl_registry#32.global(2, "wl_data_device_manager", 3)
[07:35:44.939897] {Default Queue} wl_registry#32.global(3, "wl_compositor", 6)
[07:35:44.939900] {Default Queue} wl_registry#32.global(4, "wl_subcompositor", 1)
[07:35:44.939902] {Default Queue} wl_registry#32.global(5, "wl_shm", 2)
[07:35:44.939905] {Default Queue} wl_registry#32.global(6, "wp_viewporter", 1)
[07:35:44.939907] {Default Queue} wl_registry#32.global(7, "wp_tearing_control_manager_v1", 1)
[07:35:44.939910] {Default Queue} wl_registry#32.global(8, "wp_fractional_scale_manager_v1", 1)
[07:35:44.939912] {Default Queue} wl_registry#32.global(9, "zxdg_output_manager_v1", 3)
[07:35:44.939915] {Default Queue} wl_registry#32.global(10, "wp_cursor_shape_manager_v1", 2)
[07:35:44.939917] {Default Queue} wl_registry#32.global(11, "zwp_idle_inhibit_manager_v1", 1)
[07:35:44.939920] {Default Queue} wl_registry#32.global(12, "zwp_relative_pointer_manager_v1", 1)
[07:35:44.939922] {Default Queue} wl_registry#32.global(13, "zxdg_decoration_manager_v1", 2)
[07:35:44.939925] {Default Queue} wl_registry#32.global(14, "wp_alpha_modifier_v1", 1)
[07:35:44.939927] {Default Queue} wl_registry#32.global(15, "zwlr_gamma_control_manager_v1", 1)
[07:35:44.939930] {Default Queue} wl_registry#32.global(16, "ext_foreign_toplevel_list_v1", 1)
[07:35:44.939933] {Default Queue} wl_registry#32.global(17, "zwp_pointer_gestures_v1", 3)
[07:35:44.939935] {Default Queue} wl_registry#32.global(18, "zwlr_foreign_toplevel_manager_v1", 3)
[07:35:44.939938] {Default Queue} wl_registry#32.global(19, "zwp_keyboard_shortcuts_inhibit_manager_v1", 1)
[07:35:44.939940] {Default Queue} wl_registry#32.global(20, "zwp_text_input_manager_v1", 1)
[07:35:44.939942] {Default Queue} wl_registry#32.global(21, "zwp_text_input_manager_v3", 1)
[07:35:44.939945] {Default Queue} wl_registry#32.global(22, "zwp_pointer_constraints_v1", 1)
[07:35:44.939947] {Default Queue} wl_registry#32.global(23, "zwlr_output_power_manager_v1", 1)
[07:35:44.939950] {Default Queue} wl_registry#32.global(24, "xdg_activation_v1", 1)
[07:35:44.939953] {Default Queue} wl_registry#32.global(25, "ext_idle_notifier_v1", 2)
[07:35:44.939955] {Default Queue} wl_registry#32.global(26, "hyprland_lock_notifier_v1", 1)
[07:35:44.939957] {Default Queue} wl_registry#32.global(27, "ext_session_lock_manager_v1", 1)
[07:35:44.939960] {Default Queue} wl_registry#32.global(28, "zwp_input_method_manager_v2", 1)
[07:35:44.939962] {Default Queue} wl_registry#32.global(29, "zwp_virtual_keyboard_manager_v1", 1)
[07:35:44.939965] {Default Queue} wl_registry#32.global(30, "zwlr_virtual_pointer_manager_v1", 2)
[07:35:44.939967] {Default Queue} wl_registry#32.global(31, "zwlr_output_manager_v1", 4)
[07:35:44.939970] {Default Queue} wl_registry#32.global(32, "org_kde_kwin_server_decoration_manager", 1)
[07:35:44.939972] {Default Queue} wl_registry#32.global(33, "hyprland_focus_grab_manager_v1", 1)
[07:35:44.939975] {Default Queue} wl_registry#32.global(34, "zwp_tablet_manager_v2", 1)
[07:35:44.939977] {Default Queue} wl_registry#32.global(35, "zwlr_layer_shell_v1", 5)
[07:35:44.939980] {Default Queue}  -> wl_registry#32.bind(35, "zwlr_layer_shell_v1", 4, new id [unknown]#34)
[07:35:44.939984] {Default Queue} wl_registry#32.global(36, "wp_presentation", 2)
[07:35:44.939986] {Default Queue} wl_registry#32.global(37, "xdg_wm_base", 7)
[07:35:44.939989] {Default Queue}  -> wl_registry#32.bind(37, "xdg_wm_base", 7, new id [unknown]#35)
[07:35:44.939992] {Default Queue} wl_registry#32.global(38, "zwlr_data_control_manager_v1", 2)
[07:35:44.939995] {Default Queue} wl_registry#32.global(39, "zwp_primary_selection_device_manager_v1", 1)
[07:35:44.939997] {Default Queue} wl_registry#32.global(40, "xwayland_shell_v1", 1)
[07:35:44.940000] {Default Queue} wl_registry#32.global(41, "hyprland_toplevel_mapping_manager_v1", 1)
[07:35:44.940002] {Default Queue} wl_registry#32.global(42, "hyprland_global_shortcuts_manager_v1", 1)
[07:35:44.940008] {Default Queue} wl_registry#32.global(43, "xdg_wm_dialog_v1", 1)
[07:35:44.940012] {Default Queue} wl_registry#32.global(44, "wp_single_pixel_buffer_manager_v1", 1)
[07:35:44.940014] {Default Queue} wl_registry#32.global(45, "wp_security_context_manager_v1", 1)
[07:35:44.940016] {Default Queue} wl_registry#32.global(46, "hyprland_ctm_control_manager_v1", 2)
[07:35:44.940019] {Default Queue} wl_registry#32.global(47, "hyprland_input_capture_manager_v1", 1)
[07:35:44.940021] {Default Queue} wl_registry#32.global(48, "hyprland_surface_manager_v1", 2)
[07:35:44.940024] {Default Queue} wl_registry#32.global(49, "wp_content_type_manager_v1", 1)
[07:35:44.940026] {Default Queue} wl_registry#32.global(50, "xdg_toplevel_tag_manager_v1", 1)
[07:35:44.940029] {Default Queue} wl_registry#32.global(51, "xdg_system_bell_v1", 1)
[07:35:44.940031] {Default Queue} wl_registry#32.global(52, "vicinae_hotkey_manager_v1", 1)
[07:35:44.940034] {Default Queue} wl_registry#32.global(53, "ext_workspace_manager_v1", 1)
[07:35:44.940036] {Default Queue} wl_registry#32.global(54, "ext_data_control_manager_v1", 1)
[07:35:44.940038] {Default Queue} wl_registry#32.global(55, "wp_pointer_warp_v1", 1)
[07:35:44.940041] {Default Queue} wl_registry#32.global(56, "wp_fifo_manager_v1", 1)
[07:35:44.940043] {Default Queue} wl_registry#32.global(57, "zxdg_exporter_v2", 1)
[07:35:44.940046] {Default Queue} wl_registry#32.global(58, "zxdg_importer_v2", 1)
[07:35:44.940048] {Default Queue} wl_registry#32.global(59, "ext_background_effect_manager_v1", 1)
[07:35:44.940051] {Default Queue} wl_registry#32.global(60, "wp_commit_timing_manager_v1", 1)
[07:35:44.940053] {Default Queue} wl_registry#32.global(61, "zwlr_screencopy_manager_v1", 3)
[07:35:44.940056] {Default Queue} wl_registry#32.global(62, "hyprland_toplevel_export_manager_v1", 2)
[07:35:44.940058] {Default Queue} wl_registry#32.global(63, "ext_output_image_capture_source_manager_v1", 1)
[07:35:44.940061] {Default Queue} wl_registry#32.global(64, "ext_foreign_toplevel_image_capture_source_manager_v1", 1)
[07:35:44.940064] {Default Queue} wl_registry#32.global(65, "ext_image_copy_capture_manager_v1", 1)
[07:35:44.940066] {Default Queue} wl_registry#32.global(66, "wp_color_manager_v1", 3)
[07:35:44.940068] {Default Queue} wl_registry#32.global(67, "wl_drm", 2)
[07:35:44.940072] {Default Queue} wl_registry#32.global(68, "zwp_linux_dmabuf_v1", 5)
[07:35:44.940074] {Default Queue} wl_registry#32.global(69, "wl_output", 4)
[07:35:44.940077] {Default Queue} wl_callback#33.done(38)
[07:35:44.971121] {Default Queue}  -> wl_compositor#5.create_surface(new id wl_surface#33)
[07:35:44.971518] {mesa egl display queue}  -> wl_display#1.get_registry(new id wl_registry#36)
[07:35:44.971529] {mesa egl display queue}  -> wl_display#1.sync(new id wl_callback#37)
[07:35:44.971817] {Display Queue} wl_display#1.delete_id(37)
[07:35:44.971838] {mesa egl display queue} wl_registry#36.global(1, "wl_seat", 9)
[07:35:44.971845] {mesa egl display queue} wl_registry#36.global(2, "wl_data_device_manager", 3)
[07:35:44.971848] {mesa egl display queue} wl_registry#36.global(3, "wl_compositor", 6)
[07:35:44.971851] {mesa egl display queue} wl_registry#36.global(4, "wl_subcompositor", 1)
[07:35:44.971854] {mesa egl display queue} wl_registry#36.global(5, "wl_shm", 2)
[07:35:44.971857] {mesa egl display queue} wl_registry#36.global(6, "wp_viewporter", 1)
[07:35:44.971860] {mesa egl display queue} wl_registry#36.global(7, "wp_tearing_control_manager_v1", 1)
[07:35:44.971863] {mesa egl display queue} wl_registry#36.global(8, "wp_fractional_scale_manager_v1", 1)
[07:35:44.971867] {mesa egl display queue} wl_registry#36.global(9, "zxdg_output_manager_v1", 3)
[07:35:44.971869] {mesa egl display queue} wl_registry#36.global(10, "wp_cursor_shape_manager_v1", 2)
[07:35:44.971873] {mesa egl display queue} wl_registry#36.global(11, "zwp_idle_inhibit_manager_v1", 1)
[07:35:44.971876] {mesa egl display queue} wl_registry#36.global(12, "zwp_relative_pointer_manager_v1", 1)
[07:35:44.971879] {mesa egl display queue} wl_registry#36.global(13, "zxdg_decoration_manager_v1", 2)
[07:35:44.971891] {mesa egl display queue} wl_registry#36.global(14, "wp_alpha_modifier_v1", 1)
[07:35:44.971902] {mesa egl display queue} wl_registry#36.global(15, "zwlr_gamma_control_manager_v1", 1)
[07:35:44.971905] {mesa egl display queue} wl_registry#36.global(16, "ext_foreign_toplevel_list_v1", 1)
[07:35:44.971908] {mesa egl display queue} wl_registry#36.global(17, "zwp_pointer_gestures_v1", 3)
[07:35:44.971911] {mesa egl display queue} wl_registry#36.global(18, "zwlr_foreign_toplevel_manager_v1", 3)
[07:35:44.971915] {mesa egl display queue} wl_registry#36.global(19, "zwp_keyboard_shortcuts_inhibit_manager_v1", 1)
[07:35:44.971918] {mesa egl display queue} wl_registry#36.global(20, "zwp_text_input_manager_v1", 1)
[07:35:44.971921] {mesa egl display queue} wl_registry#36.global(21, "zwp_text_input_manager_v3", 1)
[07:35:44.971924] {mesa egl display queue} wl_registry#36.global(22, "zwp_pointer_constraints_v1", 1)
[07:35:44.971926] {mesa egl display queue} wl_registry#36.global(23, "zwlr_output_power_manager_v1", 1)
[07:35:44.971930] {mesa egl display queue} wl_registry#36.global(24, "xdg_activation_v1", 1)
[07:35:44.971933] {mesa egl display queue} wl_registry#36.global(25, "ext_idle_notifier_v1", 2)
[07:35:44.971936] {mesa egl display queue} wl_registry#36.global(26, "hyprland_lock_notifier_v1", 1)
[07:35:44.971940] {mesa egl display queue} wl_registry#36.global(27, "ext_session_lock_manager_v1", 1)
[07:35:44.971943] {mesa egl display queue} wl_registry#36.global(28, "zwp_input_method_manager_v2", 1)
[07:35:44.971946] {mesa egl display queue} wl_registry#36.global(29, "zwp_virtual_keyboard_manager_v1", 1)
[07:35:44.971949] {mesa egl display queue} wl_registry#36.global(30, "zwlr_virtual_pointer_manager_v1", 2)
[07:35:44.971952] {mesa egl display queue} wl_registry#36.global(31, "zwlr_output_manager_v1", 4)
[07:35:44.971955] {mesa egl display queue} wl_registry#36.global(32, "org_kde_kwin_server_decoration_manager", 1)
[07:35:44.971959] {mesa egl display queue} wl_registry#36.global(33, "hyprland_focus_grab_manager_v1", 1)
[07:35:44.971963] {mesa egl display queue} wl_registry#36.global(34, "zwp_tablet_manager_v2", 1)
[07:35:44.971966] {mesa egl display queue} wl_registry#36.global(35, "zwlr_layer_shell_v1", 5)
[07:35:44.971970] {mesa egl display queue} wl_registry#36.global(36, "wp_presentation", 2)
[07:35:44.971974] {mesa egl display queue}  -> wl_registry#36.bind(36, "wp_presentation", 1, new id [unknown]#38)
[07:35:44.971979] {mesa egl display queue} wl_registry#36.global(37, "xdg_wm_base", 7)
[07:35:44.971983] {mesa egl display queue} wl_registry#36.global(38, "zwlr_data_control_manager_v1", 2)
[07:35:44.971986] {mesa egl display queue} wl_registry#36.global(39, "zwp_primary_selection_device_manager_v1", 1)
[07:35:44.971989] {mesa egl display queue} wl_registry#36.global(40, "xwayland_shell_v1", 1)
[07:35:44.971992] {mesa egl display queue} wl_registry#36.global(41, "hyprland_toplevel_mapping_manager_v1", 1)
[07:35:44.971996] {mesa egl display queue} wl_registry#36.global(42, "hyprland_global_shortcuts_manager_v1", 1)
[07:35:44.971999] {mesa egl display queue} wl_registry#36.global(43, "xdg_wm_dialog_v1", 1)
[07:35:44.972003] {mesa egl display queue} wl_registry#36.global(44, "wp_single_pixel_buffer_manager_v1", 1)
[07:35:44.972006] {mesa egl display queue} wl_registry#36.global(45, "wp_security_context_manager_v1", 1)
[07:35:44.972009] {mesa egl display queue} wl_registry#36.global(46, "hyprland_ctm_control_manager_v1", 2)
[07:35:44.972013] {mesa egl display queue} wl_registry#36.global(47, "hyprland_input_capture_manager_v1", 1)
[07:35:44.972016] {mesa egl display queue} wl_registry#36.global(48, "hyprland_surface_manager_v1", 2)
[07:35:44.972019] {mesa egl display queue} wl_registry#36.global(49, "wp_content_type_manager_v1", 1)
[07:35:44.972023] {mesa egl display queue} wl_registry#36.global(50, "xdg_toplevel_tag_manager_v1", 1)
[07:35:44.972026] {mesa egl display queue} wl_registry#36.global(51, "xdg_system_bell_v1", 1)
[07:35:44.972031] {mesa egl display queue} wl_registry#36.global(52, "vicinae_hotkey_manager_v1", 1)
[07:35:44.972036] {mesa egl display queue} wl_registry#36.global(53, "ext_workspace_manager_v1", 1)
[07:35:44.972039] {mesa egl display queue} wl_registry#36.global(54, "ext_data_control_manager_v1", 1)
[07:35:44.972042] {mesa egl display queue} wl_registry#36.global(55, "wp_pointer_warp_v1", 1)
[07:35:44.972046] {mesa egl display queue} wl_registry#36.global(56, "wp_fifo_manager_v1", 1)
[07:35:44.972049] {mesa egl display queue} wl_registry#36.global(57, "zxdg_exporter_v2", 1)
[07:35:44.972052] {mesa egl display queue} wl_registry#36.global(58, "zxdg_importer_v2", 1)
[07:35:44.972055] {mesa egl display queue} wl_registry#36.global(59, "ext_background_effect_manager_v1", 1)
[07:35:44.972058] {mesa egl display queue} wl_registry#36.global(60, "wp_commit_timing_manager_v1", 1)
[07:35:44.972061] {mesa egl display queue} wl_registry#36.global(61, "zwlr_screencopy_manager_v1", 3)
[07:35:44.972064] {mesa egl display queue} wl_registry#36.global(62, "hyprland_toplevel_export_manager_v1", 2)
[07:35:44.972068] {mesa egl display queue} wl_registry#36.global(63, "ext_output_image_capture_source_manager_v1", 1)
[07:35:44.972071] {mesa egl display queue} wl_registry#36.global(64, "ext_foreign_toplevel_image_capture_source_manager_v1", 1)
[07:35:44.972074] {mesa egl display queue} wl_registry#36.global(65, "ext_image_copy_capture_manager_v1", 1)
[07:35:44.972078] {mesa egl display queue} wl_registry#36.global(66, "wp_color_manager_v1", 3)
[07:35:44.972081] {mesa egl display queue} wl_registry#36.global(67, "wl_drm", 2)
[07:35:44.972084] {mesa egl display queue} wl_registry#36.global(68, "zwp_linux_dmabuf_v1", 5)
[07:35:44.972087] {mesa egl display queue}  -> wl_registry#36.bind(68, "zwp_linux_dmabuf_v1", 4, new id [unknown]#39)
[07:35:44.972091] {mesa egl display queue} wl_registry#36.global(69, "wl_output", 4)
[07:35:44.972094] {mesa egl display queue} wl_callback#37.done(38)
[07:35:44.972098] {mesa egl display queue}  -> zwp_linux_dmabuf_v1#39.get_default_feedback(new id zwp_linux_dmabuf_feedback_v1#37)
[07:35:44.972104] {mesa egl display queue}  -> wl_display#1.sync(new id wl_callback#40)
[07:35:44.972360] {Display Queue} wl_display#1.delete_id(40)
[07:35:44.972381] {mesa egl display queue} wp_presentation#38.clock_id(1)
[07:35:44.972386] {mesa egl display queue} zwp_linux_dmabuf_feedback_v1#37.format_table(fd 13, 2960)
[07:35:44.972409] {mesa egl display queue} zwp_linux_dmabuf_feedback_v1#37.main_device(array[8])
[07:35:44.972905] {mesa egl display queue} zwp_linux_dmabuf_feedback_v1#37.tranche_target_device(array[8])
[07:35:44.972913] {mesa egl display queue} zwp_linux_dmabuf_feedback_v1#37.tranche_flags(0)
[07:35:44.972917] {mesa egl display queue} zwp_linux_dmabuf_feedback_v1#37.tranche_formats(array[370])
[07:35:44.972926] {mesa egl display queue} zwp_linux_dmabuf_feedback_v1#37.tranche_done()
[07:35:44.972929] {mesa egl display queue} zwp_linux_dmabuf_feedback_v1#37.done()
[07:35:44.972931] {mesa egl display queue} wl_callback#40.done(38)
[07:35:44.972935] {mesa egl display queue}  -> zwp_linux_dmabuf_feedback_v1#37.destroy()
[07:35:44.988992] {Default Queue}  -> wl_surface#33.destroy()
[07:35:44.989122] {Default Queue}  -> wl_compositor#5.create_surface(new id wl_surface#40)
[07:35:44.992905] {Default Queue}  -> wl_surface#40.destroy()
view-process-policy: related=1 distinct-manager=1
view-process-policy: related=1 distinct-manager=1
[07:35:45.008964] {Default Queue}  -> wl_compositor#5.create_surface(new id wl_surface#41)
[07:35:45.009618] {Default Queue}  -> wl_display#1.get_registry(new id wl_registry#42)
[07:35:45.009713] {Default Queue}  -> wl_surface#41.attach(nil, 0, 0)
[07:35:45.009726] {Default Queue}  -> zwlr_layer_shell_v1#34.get_layer_surface(new id zwlr_layer_surface_v1#43, wl_surface#41, wl_output#19, 2, "elm-shell-recovery-v17")
[07:35:45.009735] {Default Queue}  -> zwlr_layer_surface_v1#43.set_keyboard_interactivity(0)
[07:35:45.009739] {Default Queue}  -> zwlr_layer_surface_v1#43.set_exclusive_zone(48)
[07:35:45.009751] {Default Queue}  -> zwlr_layer_surface_v1#43.set_anchor(13)
[07:35:45.009767] {Default Queue}  -> zwlr_layer_surface_v1#43.set_margin(0, 0, 0, 0)
[07:35:45.009771] {Default Queue}  -> zwlr_layer_surface_v1#43.set_size(0, 48)
[07:35:45.009775] {Default Queue}  -> wl_surface#41.commit()
[07:35:45.009780] {Default Queue}  -> wl_display#1.sync(new id wl_callback#44)
[07:35:45.010014] {Display Queue} wl_display#1.delete_id(37)
[07:35:45.010022] {Display Queue} wl_display#1.delete_id(33)
[07:35:45.010026] {Display Queue} wl_display#1.delete_id(40)
[07:35:45.010030] {Display Queue} wl_display#1.delete_id(44)
[07:35:45.010033] {Default Queue} wl_registry#42.global(1, "wl_seat", 9)
[07:35:45.010038] {Default Queue} wl_registry#42.global(2, "wl_data_device_manager", 3)
[07:35:45.010041] {Default Queue} wl_registry#42.global(3, "wl_compositor", 6)
[07:35:45.010046] {Default Queue} wl_registry#42.global(4, "wl_subcompositor", 1)
[07:35:45.010049] {Default Queue} wl_registry#42.global(5, "wl_shm", 2)
[07:35:45.010053] {Default Queue} wl_registry#42.global(6, "wp_viewporter", 1)
[07:35:45.010056] {Default Queue} wl_registry#42.global(7, "wp_tearing_control_manager_v1", 1)
[07:35:45.010060] {Default Queue} wl_registry#42.global(8, "wp_fractional_scale_manager_v1", 1)
[07:35:45.010063] {Default Queue} wl_registry#42.global(9, "zxdg_output_manager_v1", 3)
[07:35:45.010066] {Default Queue} wl_registry#42.global(10, "wp_cursor_shape_manager_v1", 2)
[07:35:45.010070] {Default Queue} wl_registry#42.global(11, "zwp_idle_inhibit_manager_v1", 1)
[07:35:45.010073] {Default Queue} wl_registry#42.global(12, "zwp_relative_pointer_manager_v1", 1)
[07:35:45.010077] {Default Queue} wl_registry#42.global(13, "zxdg_decoration_manager_v1", 2)
[07:35:45.010080] {Default Queue} wl_registry#42.global(14, "wp_alpha_modifier_v1", 1)
[07:35:45.010084] {Default Queue} wl_registry#42.global(15, "zwlr_gamma_control_manager_v1", 1)
[07:35:45.010087] {Default Queue} wl_registry#42.global(16, "ext_foreign_toplevel_list_v1", 1)
[07:35:45.010091] {Default Queue} wl_registry#42.global(17, "zwp_pointer_gestures_v1", 3)
[07:35:45.010094] {Default Queue} wl_registry#42.global(18, "zwlr_foreign_toplevel_manager_v1", 3)
[07:35:45.010098] {Default Queue} wl_registry#42.global(19, "zwp_keyboard_shortcuts_inhibit_manager_v1", 1)
[07:35:45.010101] {Default Queue} wl_registry#42.global(20, "zwp_text_input_manager_v1", 1)
[07:35:45.010105] {Default Queue} wl_registry#42.global(21, "zwp_text_input_manager_v3", 1)
[07:35:45.010108] {Default Queue}  -> wl_registry#42.bind(21, "zwp_text_input_manager_v3", 1, new id [unknown]#40)
[07:35:45.010113] {Default Queue}  -> zwp_text_input_manager_v3#40.get_text_input(new id zwp_text_input_v3#33, wl_seat#22)
[07:35:45.010118] {Default Queue} wl_registry#42.global(22, "zwp_pointer_constraints_v1", 1)
[07:35:45.010122] {Default Queue} wl_registry#42.global(23, "zwlr_output_power_manager_v1", 1)
[07:35:45.010125] {Default Queue} wl_registry#42.global(24, "xdg_activation_v1", 1)
[07:35:45.010129] {Default Queue} wl_registry#42.global(25, "ext_idle_notifier_v1", 2)
[07:35:45.010133] {Default Queue} wl_registry#42.global(26, "hyprland_lock_notifier_v1", 1)
[07:35:45.010137] {Default Queue} wl_registry#42.global(27, "ext_session_lock_manager_v1", 1)
[07:35:45.010140] {Default Queue} wl_registry#42.global(28, "zwp_input_method_manager_v2", 1)
[07:35:45.010144] {Default Queue} wl_registry#42.global(29, "zwp_virtual_keyboard_manager_v1", 1)
[07:35:45.010147] {Default Queue} wl_registry#42.global(30, "zwlr_virtual_pointer_manager_v1", 2)
[07:35:45.010151] {Default Queue} wl_registry#42.global(31, "zwlr_output_manager_v1", 4)
[07:35:45.010154] {Default Queue} wl_registry#42.global(32, "org_kde_kwin_server_decoration_manager", 1)
[07:35:45.010158] {Default Queue} wl_registry#42.global(33, "hyprland_focus_grab_manager_v1", 1)
[07:35:45.010161] {Default Queue} wl_registry#42.global(34, "zwp_tablet_manager_v2", 1)
[07:35:45.010165] {Default Queue} wl_registry#42.global(35, "zwlr_layer_shell_v1", 5)
[07:35:45.010168] {Default Queue} wl_registry#42.global(36, "wp_presentation", 2)
[07:35:45.010176] {Default Queue} wl_registry#42.global(37, "xdg_wm_base", 7)
[07:35:45.010183] {Default Queue} wl_registry#42.global(38, "zwlr_data_control_manager_v1", 2)
[07:35:45.010187] {Default Queue} wl_registry#42.global(39, "zwp_primary_selection_device_manager_v1", 1)
[07:35:45.010191] {Default Queue} wl_registry#42.global(40, "xwayland_shell_v1", 1)
[07:35:45.010194] {Default Queue} wl_registry#42.global(41, "hyprland_toplevel_mapping_manager_v1", 1)
[07:35:45.010198] {Default Queue} wl_registry#42.global(42, "hyprland_global_shortcuts_manager_v1", 1)
[07:35:45.010201] {Default Queue} wl_registry#42.global(43, "xdg_wm_dialog_v1", 1)
[07:35:45.010205] {Default Queue} wl_registry#42.global(44, "wp_single_pixel_buffer_manager_v1", 1)
[07:35:45.010208] {Default Queue} wl_registry#42.global(45, "wp_security_context_manager_v1", 1)
[07:35:45.010212] {Default Queue} wl_registry#42.global(46, "hyprland_ctm_control_manager_v1", 2)
[07:35:45.010216] {Default Queue} wl_registry#42.global(47, "hyprland_input_capture_manager_v1", 1)
[07:35:45.010219] {Default Queue} wl_registry#42.global(48, "hyprland_surface_manager_v1", 2)
[07:35:45.010222] {Default Queue} wl_registry#42.global(49, "wp_content_type_manager_v1", 1)
[07:35:45.010226] {Default Queue} wl_registry#42.global(50, "xdg_toplevel_tag_manager_v1", 1)
[07:35:45.010229] {Default Queue} wl_registry#42.global(51, "xdg_system_bell_v1", 1)
[07:35:45.010232] {Default Queue} wl_registry#42.global(52, "vicinae_hotkey_manager_v1", 1)
[07:35:45.010236] {Default Queue} wl_registry#42.global(53, "ext_workspace_manager_v1", 1)
[07:35:45.010239] {Default Queue} wl_registry#42.global(54, "ext_data_control_manager_v1", 1)
[07:35:45.010243] {Default Queue} wl_registry#42.global(55, "wp_pointer_warp_v1", 1)
[07:35:45.010246] {Default Queue} wl_registry#42.global(56, "wp_fifo_manager_v1", 1)
[07:35:45.010249] {Default Queue} wl_registry#42.global(57, "zxdg_exporter_v2", 1)
[07:35:45.010253] {Default Queue} wl_registry#42.global(58, "zxdg_importer_v2", 1)
[07:35:45.010256] {Default Queue} wl_registry#42.global(59, "ext_background_effect_manager_v1", 1)
[07:35:45.010260] {Default Queue} wl_registry#42.global(60, "wp_commit_timing_manager_v1", 1)
[07:35:45.010263] {Default Queue} wl_registry#42.global(61, "zwlr_screencopy_manager_v1", 3)
[07:35:45.010266] {Default Queue} wl_registry#42.global(62, "hyprland_toplevel_export_manager_v1", 2)
[07:35:45.010270] {Default Queue} wl_registry#42.global(63, "ext_output_image_capture_source_manager_v1", 1)
[07:35:45.010274] {Default Queue} wl_registry#42.global(64, "ext_foreign_toplevel_image_capture_source_manager_v1", 1)
[07:35:45.010278] {Default Queue} wl_registry#42.global(65, "ext_image_copy_capture_manager_v1", 1)
[07:35:45.010281] {Default Queue} wl_registry#42.global(66, "wp_color_manager_v1", 3)
[07:35:45.010284] {Default Queue} wl_registry#42.global(67, "wl_drm", 2)
[07:35:45.010288] {Default Queue} wl_registry#42.global(68, "zwp_linux_dmabuf_v1", 5)
[07:35:45.010291] {Default Queue} wl_registry#42.global(69, "wl_output", 4)
[07:35:45.010295] {Default Queue} zwlr_layer_surface_v1#43.configure(39, 800, 48)
[07:35:45.010299] {Default Queue}  -> zwlr_layer_surface_v1#43.ack_configure(39)
[07:35:45.010303] {Default Queue} wl_callback#44.done(40)
[07:35:45.010359] {Default Queue}  -> wl_surface#41.commit()
view-added: id=1 geometry=0,0,800,600
shared-host-start: views=1 controllers=1 backend-clients=1 sandbox=1
[07:35:45.010864] {Default Queue} zwlr_layer_surface_v1#43.configure(41, 800, 48)
[07:35:45.010877] {Default Queue}  -> zwlr_layer_surface_v1#43.ack_configure(41)
[07:35:45.016080] {Default Queue}  -> wl_surface#41.set_buffer_scale(1)
[07:35:45.016214] {Default Queue}  -> wl_shm#7.create_pool(new id wl_shm_pool#44, fd 25, 153600)
[07:35:45.016228] {Default Queue}  -> wl_shm_pool#44.create_buffer(new id wl_buffer#37, 0, 800, 48, 3200, 0)
[07:35:45.016374] {Default Queue}  -> wl_surface#41.attach(wl_buffer#37, 0, 0)
[07:35:45.016382] {Default Queue}  -> wl_surface#41.set_buffer_scale(1)
[07:35:45.016387] {Default Queue}  -> wl_surface#41.damage(0, 0, 800, 48)
[07:35:45.016399] {Default Queue}  -> wl_compositor#5.create_region(new id wl_region#45)
[07:35:45.016413] {Default Queue}  -> wl_region#45.add(0, 0, 800, 48)
[07:35:45.016418] {Default Queue}  -> wl_surface#41.set_opaque_region(wl_region#45)
[07:35:45.016421] {Default Queue}  -> wl_region#45.destroy()
[07:35:45.016426] {Default Queue}  -> wl_surface#41.set_input_region(nil)
[07:35:45.016434] {Default Queue}  -> wl_surface#41.frame(new id wl_callback#46)
[07:35:45.016439] {Default Queue}  -> wl_surface#41.commit()
[07:35:45.016870] {Display Queue} wl_display#1.delete_id(45)
[07:35:45.016879] {Display Queue} wl_display#1.delete_id(46)
[07:35:45.016883] {Default Queue} wl_callback#46.done(67449659)
[07:35:45.016888] {Default Queue} wl_surface#41.enter(wl_output#19)
[07:35:45.016892] {Default Queue} wl_buffer#37.release()
[07:35:45.136985] {Default Queue}  -> wl_surface#41.set_buffer_scale(1)
[07:35:45.137019] {mesa egl surface queue}  -> zwp_linux_dmabuf_v1#39.get_surface_feedback(new id zwp_linux_dmabuf_feedback_v1#46, wl_surface#41)
[07:35:45.137032] {mesa egl display queue}  -> wl_display#1.sync(new id wl_callback#45)
[07:35:45.137096] {Display Queue} wl_display#1.delete_id(45)
[07:35:45.137103] {mesa egl display queue} wl_callback#45.done(41)
[07:35:45.137116] {mesa egl surface queue} zwp_linux_dmabuf_feedback_v1#46.format_table(fd 33, 2960)
[07:35:45.137129] {mesa egl surface queue} zwp_linux_dmabuf_feedback_v1#46.main_device(array[8])
[07:35:45.137134] {mesa egl surface queue} zwp_linux_dmabuf_feedback_v1#46.tranche_target_device(array[8])
[07:35:45.137137] {mesa egl surface queue} zwp_linux_dmabuf_feedback_v1#46.tranche_flags(0)
[07:35:45.137141] {mesa egl surface queue} zwp_linux_dmabuf_feedback_v1#46.tranche_formats(array[370])
[07:35:45.137147] {mesa egl surface queue} zwp_linux_dmabuf_feedback_v1#46.tranche_done()
[07:35:45.137153] {mesa egl surface queue} zwp_linux_dmabuf_feedback_v1#46.done()
[07:35:45.140296] {Default Queue}  -> wl_surface#41.attach(wl_buffer#37, 0, 0)
[07:35:45.140316] {Default Queue}  -> wl_surface#41.set_buffer_scale(1)
[07:35:45.140323] {Default Queue}  -> wl_surface#41.damage(0, 0, 800, 48)
[07:35:45.140343] {Default Queue}  -> wl_surface#41.frame(new id wl_callback#45)
[07:35:45.140349] {Default Queue}  -> wl_surface#41.commit()
[07:35:45.142354] {Default Queue} wl_buffer#37.release()
view-topology: {"viewProtocol":1,"kind":"view-topology","revision":"1","views":[{"id":"1","generation":"1"}]}
surface-report: origin=bar {"kind":"surface-report","body":{"publication":null,"lease":null,"buttons":[],"focus":"","text":""}}
view-report: id=1 x=0 y=0 {"kind":"surface-report","body":{"publication":null,"lease":null,"buttons":[],"focus":"","text":""}}

** (process:2): WARNING **: 01:35:45.154: Failed to get atspi registered event listeners: GDBus.Error:org.freedesktop.DBus.Error.NameHasNoOwner: Could not activate remote peer 'org.a11y.atspi.Registry': unit failed

[07:35:45.156706] {Display Queue} wl_display#1.delete_id(45)
[07:35:45.156725] {Default Queue} wl_callback#45.done(67449798)
view-refused: commit-preflight
surface-inspection: {"surfaceProtocol":2,"kind":"surface-inspection","publication":"0","lease":"0","body":{"phase":"Detached","transaction":"Idle","groups":[],"picker":null,"openerId":"applications:detached:0:control:opener","reconnectId":"reconnect"}}
[07:35:45.163256] {Default Queue}  -> wl_buffer#37.destroy()
[07:35:45.163271] {Default Queue}  -> wl_shm_pool#44.destroy()
[07:35:45.169488] {mesa egl display queue}  -> zwp_linux_dmabuf_v1#39.create_params(new id zwp_linux_buffer_params_v1#45)
[07:35:45.169524] {mesa egl surface queue}  -> zwp_linux_buffer_params_v1#45.add(fd 30, 0, 0, 3584, 16777216, 15)
[07:35:45.169534] {mesa egl surface queue}  -> zwp_linux_buffer_params_v1#45.add(fd 32, 1, 229376, 448, 16777216, 15)
[07:35:45.169539] {mesa egl surface queue}  -> zwp_linux_buffer_params_v1#45.add(fd 41, 2, 233472, 64, 16777216, 15)
[07:35:45.169543] {mesa egl surface queue}  -> zwp_linux_buffer_params_v1#45.create_immed(new id wl_buffer#47, 800, 48, 875713089, 0)
[07:35:45.169562] {mesa egl surface queue}  -> zwp_linux_buffer_params_v1#45.destroy()
[07:35:45.169567] {mesa egl surface queue}  -> wl_surface#41.attach(wl_buffer#47, 0, 0)
[07:35:45.169570] {mesa egl surface queue}  -> wl_surface#41.damage(0, 0, 2147483647, 2147483647)
[07:35:45.169574] {mesa egl surface queue}  -> wl_surface#41.commit()
[07:35:45.169577] {mesa egl surface queue}  -> wl_display#1.sync(new id wl_callback#48)
[07:35:45.170259] discarded [unknown]#37.[event 0](0 fd, 8 byte)
[07:35:45.170291] {Display Queue} wl_display#1.delete_id(37)
[07:35:45.170302] {Display Queue} wl_display#1.delete_id(44)
[07:35:45.170306] {Display Queue} wl_display#1.delete_id(45)
[07:35:45.170310] {Display Queue} wl_display#1.delete_id(48)
backend-frame: {"protocolVersion":3,"kind":"attached","binding":{"lifetime":"17036482558901597755","session":"13784326388562745176","frontend":"1"},"compositor":{"pid":453545,"instance":"efb50993780079460b0cbed1363e2166a2de1d9f_1791099337_1308897044","coreHash":"efb50993780079460b0cbed1363e2166a2de1d9f_aq_0.15_hu_0.14_hg_0.5_hc_0.1_hlg_0.6"},"capabilities":{"observe":true,"effects":true,"minimizedState":true,"effectProtocol":1,"operations":["minimize","restore","activate"],"canonicalScene":false,"taskbarProjectionProtocol":1,"effectInvalidationProtocol":1}}
backend-frame: {"protocolVersion":3,"kind":"host-uncertain","binding":{"lifetime":"17036482558901597755","session":"13784326388562745176","frontend":"1"},"intent":{"request":"1","generation":"1","incarnation":"2","operation":"minimize","context":{"lifetime":"17036482558901597755","epoch":"1","output":"1","revision":"1"}}}
frontend-request: {"protocolVersion":3,"kind":"projection-request","binding":{"lifetime":"17036482558901597755","session":"13784326388562745176","frontend":"1"},"requestId":"1"}
surface-commit: publication=1 lease=0 open=0
view-commit: popup=0 focus=1 publication=1
surface-inspection: {"surfaceProtocol":2,"kind":"surface-inspection","publication":"1","lease":"0","body":{"phase":"Awaiting","transaction":"Idle","groups":[],"picker":null,"openerId":"applications:{\"lifetime\":\"17036482558901597755\",\"session\":\"13784326388562745176\",\"frontend\":\"1\"}:1:control:opener","reconnectId":"reconnect"}}
backend-frame: {"protocolVersion":3,"kind":"action-projection","binding":{"lifetime":"17036482558901597755","session":"13784326388562745176","frontend":"1"},"requestId":"1","context":{"lifetime":"17036482558901597755","epoch":"1","output":"1","revision":"1"},"scene":{"revision":"1","focused":"2","windows":[{"incarnation":"2","application":"GTK Application","label":"ELM-AUTHORITY-FIXTURE","minimized":false,"owner":null,"available":true}]}}
surface-commit: publication=2 lease=0 open=0
view-commit: popup=0 focus=1 publication=2
surface-inspection: {"surfaceProtocol":2,"kind":"surface-inspection","publication":"2","lease":"0","body":{"phase":"Awaiting","transaction":"Unknown","groups":[],"picker":null,"openerId":"applications:{\"lifetime\":\"17036482558901597755\",\"session\":\"13784326388562745176\",\"frontend\":\"1\"}:1:control:opener","reconnectId":"reconnect"}}
surface-commit: publication=3 lease=0 open=0
view-commit: popup=0 focus=1 publication=3
surface-inspection: {"surfaceProtocol":2,"kind":"surface-inspection","publication":"3","lease":"0","body":{"phase":"Coherent","transaction":"Unknown","groups":[{"key":"application:GTK Application","domId":"group:{\"lifetime\":\"17036482558901597755\",\"session\":\"13784326388562745176\",\"frontend\":\"1\"}:1:1:application:GTK Application","title":"ELM-AUTHORITY-FIXTURE","active":true,"expanded":false}],"picker":null,"openerId":"applications:{\"lifetime\":\"17036482558901597755\",\"session\":\"13784326388562745176\",\"frontend\":\"1\"}:1:control:opener","reconnectId":"reconnect"}}
surface-report: origin=bar {"kind":"surface-report","body":{"publication":"3","lease":"0","buttons":[{"id":"applications:{\"lifetime\":\"17036482558901597755\",\"session\":\"13784326388562745176\",\"frontend\":\"1\"}:1:control:opener","label":"Applications","accessibleName":"Open applications","disabled":false,"x":3,"y":3,"width":112.28125,"height":36},{"id":"group:{\"lifetime\":\"17036482558901597755\",\"session\":\"13784326388562745176\",\"frontend\":\"1\"}:1:1:application:GTK Application","label":"ELM-AUTHORITY-FIXTURE1","accessibleName":"Minimize ELM-AUTHORITY-FIXTURE","disabled":false,"x":121.28125,"y":3,"width":237.875,"height":36}],"focus":"","text":"ApplicationsELM-AUTHORITY-FIXTURE1Connected The last request could not be confirmed."}}
view-report: id=1 x=0 y=0 {"kind":"surface-report","body":{"publication":"3","lease":"0","buttons":[{"id":"applications:{\"lifetime\":\"17036482558901597755\",\"session\":\"13784326388562745176\",\"frontend\":\"1\"}:1:control:opener","label":"Applications","accessibleName":"Open applications","disabled":false,"x":3,"y":3,"width":112.28125,"height":36},{"id":"group:{\"lifetime\":\"17036482558901597755\",\"session\":\"13784326388562745176\",\"frontend\":\"1\"}:1:1:application:GTK Application","label":"ELM-AUTHORITY-FIXTURE1","accessibleName":"Minimize ELM-AUTHORITY-FIXTURE","disabled":false,"x":121.28125,"y":3,"width":237.875,"height":36}],"focus":"","text":"ApplicationsELM-AUTHORITY-FIXTURE1Connected The last request could not be confirmed."}}
[07:35:45.269359] {mesa egl surface queue} wl_callback#48.done(41)
[07:35:45.269799] {mesa egl display queue}  -> zwp_linux_dmabuf_v1#39.create_params(new id zwp_linux_buffer_params_v1#48)
[07:35:45.269821] {mesa egl surface queue}  -> zwp_linux_buffer_params_v1#48.add(fd 30, 0, 0, 3584, 16777216, 15)
[07:35:45.269829] {mesa egl surface queue}  -> zwp_linux_buffer_params_v1#48.add(fd 32, 1, 229376, 448, 16777216, 15)
[07:35:45.269834] {mesa egl surface queue}  -> zwp_linux_buffer_params_v1#48.add(fd 41, 2, 233472, 64, 16777216, 15)
[07:35:45.269838] {mesa egl surface queue}  -> zwp_linux_buffer_params_v1#48.create_immed(new id wl_buffer#45, 800, 48, 875713089, 0)
[07:35:45.269844] {mesa egl surface queue}  -> zwp_linux_buffer_params_v1#48.destroy()
[07:35:45.269849] {mesa egl surface queue}  -> wl_surface#41.attach(wl_buffer#45, 0, 0)
[07:35:45.269853] {mesa egl surface queue}  -> wl_surface#41.damage(0, 0, 2147483647, 2147483647)
[07:35:45.269857] {mesa egl surface queue}  -> wl_surface#41.commit()
[07:35:45.269860] {mesa egl surface queue}  -> wl_display#1.sync(new id wl_callback#44)
[07:35:45.270060] {Display Queue} wl_display#1.delete_id(48)
[07:35:45.270067] {Display Queue} wl_display#1.delete_id(44)
[07:35:46.219918] {Default Queue} wl_pointer#21.enter(46, wl_surface#41, 240.00000000, 21.00000000)
[07:35:46.219952] {Default Queue} wl_pointer#21.frame()
[07:35:46.220024] {Default Queue}  -> wp_cursor_shape_device_v1#30.set_shape(46, 1)
[07:35:46.220032] {Default Queue} wl_pointer#21.motion(67450862, 240.00000000, 21.00000000)
[07:35:46.220037] {Default Queue} wl_pointer#21.frame()
[07:35:46.320242] {Default Queue} wl_pointer#21.button(47, 67450962, 272, 1)
[07:35:46.320284] {Default Queue} wl_pointer#21.frame()
surface-report: origin=bar {"kind":"surface-report","body":{"publication":"3","lease":"0","buttons":[{"id":"applications:{\"lifetime\":\"17036482558901597755\",\"session\":\"13784326388562745176\",\"frontend\":\"1\"}:1:control:opener","label":"Applications","accessibleName":"Open applications","disabled":false,"x":3,"y":3,"width":112.28125,"height":36},{"id":"group:{\"lifetime\":\"17036482558901597755\",\"session\":\"13784326388562745176\",\"frontend\":\"1\"}:1:1:application:GTK Application","label":"ELM-AUTHORITY-FIXTURE1","accessibleName":"Minimize ELM-AUTHORITY-FIXTURE","disabled":false,"x":121.28125,"y":3,"width":237.875,"height":36}],"focus":"group:{\"lifetime\":\"17036482558901597755\",\"session\":\"13784326388562745176\",\"frontend\":\"1\"}:1:1:application:GTK Application","text":"ApplicationsELM-AUTHORITY-FIXTURE1Connected The last request could not be confirmed."}}
view-report: id=1 x=0 y=0 {"kind":"surface-report","body":{"publication":"3","lease":"0","buttons":[{"id":"applications:{\"lifetime\":\"17036482558901597755\",\"session\":\"13784326388562745176\",\"frontend\":\"1\"}:1:control:opener","label":"Applications","accessibleName":"Open applications","disabled":false,"x":3,"y":3,"width":112.28125,"height":36},{"id":"group:{\"lifetime\":\"17036482558901597755\",\"session\":\"13784326388562745176\",\"frontend\":\"1\"}:1:1:application:GTK Application","label":"ELM-AUTHORITY-FIXTURE1","accessibleName":"Minimize ELM-AUTHORITY-FIXTURE","disabled":false,"x":121.28125,"y":3,"width":237.875,"height":36}],"focus":"group:{\"lifetime\":\"17036482558901597755\",\"session\":\"13784326388562745176\",\"frontend\":\"1\"}:1:1:application:GTK Application","text":"ApplicationsELM-AUTHORITY-FIXTURE1Connected The last request could not be confirmed."}}
[07:35:46.370917] {Default Queue} wl_pointer#21.button(48, 67451013, 272, 0)
[07:35:46.370975] {Default Queue} wl_pointer#21.frame()
host-intent-durable: {"schema":1,"binding":{"lifetime":"17036482558901597755","session":"13784326388562745176","frontend":"1"},"intent":{"request":"2","generation":"2","incarnation":"2","operation":"minimize","context":{"lifetime":"17036482558901597755","epoch":"1","output":"1","revision":"1"}},"status":"Pending"}
frontend-request: {"protocolVersion":3,"kind":"window-effect","effectProtocol":1,"binding":{"lifetime":"17036482558901597755","session":"13784326388562745176","frontend":"1"},"intent":{"request":"2","generation":"2","incarnation":"2","operation":"minimize","context":{"lifetime":"17036482558901597755","epoch":"1","output":"1","revision":"1"}}}
surface-commit: publication=4 lease=0 open=0
view-commit: popup=0 focus=1 publication=4
surface-inspection: {"surfaceProtocol":2,"kind":"surface-inspection","publication":"4","lease":"0","body":{"phase":"Coherent","transaction":"Pending","groups":[{"key":"application:GTK Application","domId":"group:{\"lifetime\":\"17036482558901597755\",\"session\":\"13784326388562745176\",\"frontend\":\"1\"}:1:1:application:GTK Application","title":"ELM-AUTHORITY-FIXTURE","active":true,"expanded":false}],"picker":null,"openerId":"applications:{\"lifetime\":\"17036482558901597755\",\"session\":\"13784326388562745176\",\"frontend\":\"1\"}:1:control:opener","reconnectId":"reconnect"}}
backend-frame: {"protocolVersion":3,"kind":"effect-outcome","effectProtocol":1,"binding":{"lifetime":"17036482558901597755","session":"13784326388562745176","frontend":"1"},"intent":{"request":"2","generation":"2","incarnation":"2","operation":"minimize","context":{"lifetime":"17036482558901597755","epoch":"1","output":"1","revision":"1"}},"status":"Committed","reason":"applied","revision":"2","outputGeneration":"1"}
backend-frame: {"protocolVersion":3,"kind":"host-refresh"}
frontend-request: {"protocolVersion":3,"kind":"projection-request","binding":{"lifetime":"17036482558901597755","session":"13784326388562745176","frontend":"1"},"requestId":"2"}
surface-commit: publication=5 lease=0 open=0
view-commit: popup=0 focus=1 publication=5
surface-inspection: {"surfaceProtocol":2,"kind":"surface-inspection","publication":"5","lease":"0","body":{"phase":"Awaiting","transaction":"Committed","groups":[{"key":"application:GTK Application","domId":"group:{\"lifetime\":\"17036482558901597755\",\"session\":\"13784326388562745176\",\"frontend\":\"1\"}:1:1:application:GTK Application","title":"ELM-AUTHORITY-FIXTURE","active":true,"expanded":false}],"picker":null,"openerId":"applications:{\"lifetime\":\"17036482558901597755\",\"session\":\"13784326388562745176\",\"frontend\":\"1\"}:1:control:opener","reconnectId":"reconnect"}}
frontend-request: {"protocolVersion":3,"kind":"projection-request","binding":{"lifetime":"17036482558901597755","session":"13784326388562745176","frontend":"1"},"requestId":"3"}
surface-commit: publication=6 lease=0 open=0
view-commit: popup=0 focus=1 publication=6
surface-inspection: {"surfaceProtocol":2,"kind":"surface-inspection","publication":"6","lease":"0","body":{"phase":"Awaiting","transaction":"Committed","groups":[{"key":"application:GTK Application","domId":"group:{\"lifetime\":\"17036482558901597755\",\"session\":\"13784326388562745176\",\"frontend\":\"1\"}:1:1:application:GTK Application","title":"ELM-AUTHORITY-FIXTURE","active":true,"expanded":false}],"picker":null,"openerId":"applications:{\"lifetime\":\"17036482558901597755\",\"session\":\"13784326388562745176\",\"frontend\":\"1\"}:1:control:opener","reconnectId":"reconnect"}}
backend-frame: {"protocolVersion":3,"kind":"action-projection","binding":{"lifetime":"17036482558901597755","session":"13784326388562745176","frontend":"1"},"requestId":"2","context":{"lifetime":"17036482558901597755","epoch":"1","output":"1","revision":"2"},"scene":{"revision":"2","focused":null,"windows":[{"incarnation":"2","application":"GTK Application","label":"ELM-AUTHORITY-FIXTURE","minimized":true,"owner":null,"available":true}]}}
surface-inspection: {"surfaceProtocol":2,"kind":"surface-inspection","publication":"6","lease":"0","body":{"phase":"Awaiting","transaction":"Committed","groups":[{"key":"application:GTK Application","domId":"group:{\"lifetime\":\"17036482558901597755\",\"session\":\"13784326388562745176\",\"frontend\":\"1\"}:1:1:application:GTK Application","title":"ELM-AUTHORITY-FIXTURE","active":true,"expanded":false}],"picker":null,"openerId":"applications:{\"lifetime\":\"17036482558901597755\",\"session\":\"13784326388562745176\",\"frontend\":\"1\"}:1:control:opener","reconnectId":"reconnect"}}
backend-frame: {"protocolVersion":3,"kind":"action-projection","binding":{"lifetime":"17036482558901597755","session":"13784326388562745176","frontend":"1"},"requestId":"3","context":{"lifetime":"17036482558901597755","epoch":"1","output":"1","revision":"2"},"scene":{"revision":"2","focused":null,"windows":[{"incarnation":"2","application":"GTK Application","label":"ELM-AUTHORITY-FIXTURE","minimized":true,"owner":null,"available":true}]}}
surface-commit: publication=7 lease=0 open=0
view-commit: popup=0 focus=1 publication=7
surface-inspection: {"surfaceProtocol":2,"kind":"surface-inspection","publication":"7","lease":"0","body":{"phase":"Coherent","transaction":"Committed","groups":[{"key":"application:GTK Application","domId":"group:{\"lifetime\":\"17036482558901597755\",\"session\":\"13784326388562745176\",\"frontend\":\"1\"}:1:2:application:GTK Application","title":"ELM-AUTHORITY-FIXTURE","active":false,"expanded":false}],"picker":null,"openerId":"applications:{\"lifetime\":\"17036482558901597755\",\"session\":\"13784326388562745176\",\"frontend\":\"1\"}:1:control:opener","reconnectId":"reconnect"}}
[07:35:46.384376] {mesa egl surface queue} wl_buffer#47.release()
[07:35:46.384402] {mesa egl surface queue}  -> wl_buffer#47.destroy()
[07:35:46.384409] {mesa egl surface queue} wl_callback#44.done(41)
[07:35:46.385563] {mesa egl display queue}  -> zwp_linux_dmabuf_v1#39.create_params(new id zwp_linux_buffer_params_v1#44)
[07:35:46.385580] {mesa egl surface queue}  -> zwp_linux_buffer_params_v1#44.add(fd 30, 0, 0, 3584, 16777216, 15)
[07:35:46.385588] {mesa egl surface queue}  -> zwp_linux_buffer_params_v1#44.add(fd 32, 1, 229376, 448, 16777216, 15)
[07:35:46.385593] {mesa egl surface queue}  -> zwp_linux_buffer_params_v1#44.add(fd 41, 2, 233472, 64, 16777216, 15)
[07:35:46.385597] {mesa egl surface queue}  -> zwp_linux_buffer_params_v1#44.create_immed(new id wl_buffer#48, 800, 48, 875713089, 0)
[07:35:46.385602] {mesa egl surface queue}  -> zwp_linux_buffer_params_v1#44.destroy()
[07:35:46.385606] {mesa egl surface queue}  -> wl_surface#41.attach(wl_buffer#48, 0, 0)
[07:35:46.385610] {mesa egl surface queue}  -> wl_surface#41.damage(0, 0, 2147483647, 2147483647)
[07:35:46.385614] {mesa egl surface queue}  -> wl_surface#41.commit()
[07:35:46.385617] {mesa egl surface queue}  -> wl_display#1.sync(new id wl_callback#37)
[07:35:46.385956] discarded [unknown]#47.[event 0](0 fd, 8 byte)
[07:35:46.385960] discarded [unknown]#47.[event 0](0 fd, 8 byte)
[07:35:46.385967] {Display Queue} wl_display#1.delete_id(47)
[07:35:46.385970] {Display Queue} wl_display#1.delete_id(44)
[07:35:46.385973] {Display Queue} wl_display#1.delete_id(37)
surface-report: origin=bar {"kind":"surface-report","body":{"publication":"7","lease":"0","buttons":[{"id":"applications:{\"lifetime\":\"17036482558901597755\",\"session\":\"13784326388562745176\",\"frontend\":\"1\"}:1:control:opener","label":"Applications","accessibleName":"Open applications","disabled":false,"x":3,"y":3,"width":112.28125,"height":36},{"id":"group:{\"lifetime\":\"17036482558901597755\",\"session\":\"13784326388562745176\",\"frontend\":\"1\"}:1:2:application:GTK Application","label":"ELM-AUTHORITY-FIXTURE1","accessibleName":"Restore ELM-AUTHORITY-FIXTURE","disabled":false,"x":121.28125,"y":3,"width":237.875,"height":36}],"focus":"group:{\"lifetime\":\"17036482558901597755\",\"session\":\"13784326388562745176\",\"frontend\":\"1\"}:1:2:application:GTK Application","text":"ApplicationsELM-AUTHORITY-FIXTURE1Connected"}}
view-report: id=1 x=0 y=0 {"kind":"surface-report","body":{"publication":"7","lease":"0","buttons":[{"id":"applications:{\"lifetime\":\"17036482558901597755\",\"session\":\"13784326388562745176\",\"frontend\":\"1\"}:1:control:opener","label":"Applications","accessibleName":"Open applications","disabled":false,"x":3,"y":3,"width":112.28125,"height":36},{"id":"group:{\"lifetime\":\"17036482558901597755\",\"session\":\"13784326388562745176\",\"frontend\":\"1\"}:1:2:application:GTK Application","label":"ELM-AUTHORITY-FIXTURE1","accessibleName":"Restore ELM-AUTHORITY-FIXTURE","disabled":false,"x":121.28125,"y":3,"width":237.875,"height":36}],"focus":"group:{\"lifetime\":\"17036482558901597755\",\"session\":\"13784326388562745176\",\"frontend\":\"1\"}:1:2:application:GTK Application","text":"ApplicationsELM-AUTHORITY-FIXTURE1Connected"}}
[07:35:46.569087] {Default Queue}  -> wl_display#1.sync(new id wl_callback#44)
[07:35:46.569169] {Display Queue} wl_display#1.delete_id(44)
[07:35:46.569185] {Default Queue} wl_callback#44.done(51)
backend-exit: waited=1 normal=1 code=0
[07:35:46.580327] {Default Queue}  -> zwlr_layer_surface_v1#43.destroy()
[07:35:46.580362] {Default Queue}  -> wl_surface#41.destroy()
[07:35:46.580391] {mesa egl surface queue}  -> wl_buffer#45.destroy()
[07:35:46.580412] {mesa egl surface queue}  -> wl_buffer#48.destroy()
[07:35:46.580419] {mesa egl surface queue}  -> zwp_linux_dmabuf_feedback_v1#46.destroy()
view-retired: id=1
[07:35:46.587807] discarded [unknown]#45.[event 0](0 fd, 8 byte)
[07:35:46.587824] discarded [unknown]#45.[event 0](0 fd, 8 byte)
[07:35:46.587828] discarded [unknown]#48.[event 0](0 fd, 8 byte)
[07:35:46.587847] {Display Queue} wl_display#1.delete_id(43)
[07:35:46.587855] {Display Queue} wl_display#1.delete_id(45)
[07:35:46.587858] {Display Queue} wl_display#1.delete_id(46)
[07:35:46.587862] {Display Queue} wl_display#1.delete_id(41)
[07:35:46.587865] {Default Queue} wl_pointer#21.leave(52, nil)
[07:35:46.587869] {Default Queue} wl_pointer#21.frame()
[07:35:46.592984] discarded [unknown]#48.[event 0](0 fd, 8 byte)
[07:35:46.593001] discarded [unknown]#48.[event 0](0 fd, 8 byte)
[07:35:46.593010] {Display Queue} wl_display#1.delete_id(48)
shared-host-exit: failure=0 rendered=1
