Date: 2026-10-04 MDT
[10:38:23.118] weston 15.0.1
               https://wayland.freedesktop.org
               Bug reports to: https://gitlab.freedesktop.org/wayland/weston/issues/
               Build: 15.0.1
[10:38:23.118] Command line: /home/hoskinson/window-integration-qa/private-weston-host-v2/prefix/usr/bin/weston --backend=headless --renderer=gl --shell=kiosk-shell.so --fake-seat --no-config --socket=weston-host --width=800 --height=600 --scale=1 --idle-time=0 --log=/home/hoskinson/window-integration-qa/elm-gui-effects-1791131902673012777/weston-renderer.log --modules=/home/hoskinson/omarchy-windows-parity/implementation/elm-keyboard-loss-fixture-v151/build-1791126804731266243/parent-input.so
[10:38:23.118] OS: Linux, 7.2.7-1-omarchy, #1 SMP PREEMPT_DYNAMIC Sun, 27 Sep 2026 22:42:08 +0000, x86_64
[10:38:23.118] Flight recorder: enabled, scopes subscribed: log
[10:38:23.118] Starting with no config file.
[10:38:23.118] Output repaint window is 7 ms maximum.
[10:38:23.118] Loading module '/home/hoskinson/window-integration-qa/private-weston-host-v2/prefix/usr/lib/libweston-15/headless-backend.so'
[10:38:23.128] Loading module '/home/hoskinson/window-integration-qa/private-weston-host-v2/prefix/usr/lib/libweston-15/gl-renderer.so'
[10:38:23.165] Using rendering device: /dev/dri/renderD129
[10:38:23.171] EGL version: 1.5
[10:38:23.171] EGL vendor: Mesa Project
[10:38:23.171] EGL client APIs: OpenGL OpenGL_ES 
[10:38:23.171] EGL features:
               EGL Wayland extension: no
               context priority: yes
               buffer age: no
               partial update: yes
               swap buffers with damage: no
               configless context: yes
               surfaceless context: yes
               dmabuf support: modifiers
               fence sync: yes (native, wait)
[10:38:23.175] GL version: OpenGL ES 3.2 Mesa 26.2.2-arch1.1
[10:38:23.175] GLSL version: OpenGL ES GLSL ES 3.20
[10:38:23.175] GL vendor: Intel
[10:38:23.175] GL renderer: Mesa Intel(R) Graphics (ARL)
[10:38:23.187] GL ES 3.2 - renderer features:
               read-back format: ARGB8888
               glReadPixels supports y-flip: yes
               glReadPixels supports PBO: yes
               wl_shm 10 bpc formats: yes
               wl_shm 16 bpc formats: yes
               wl_shm half-float formats: yes
               internal R and RG formats: yes
               OES_EGL_image_external: yes
               GPU timeline: yes
               Texture immutability: yes
               Required precision: yes
[10:38:23.187] Using GL renderer
[10:38:23.187] Registered plugin API 'weston_windowed_output_api_headless_v2' of size 16
[10:38:23.188] Color manager: no-op
                 protocol support: no
[10:38:23.188] Output 'headless' attempts EOTF mode SDR and colorimetry mode default.
[10:38:23.188] Output 'headless' using color profile: stock sRGB color profile
[10:38:23.188] Output 'headless' enabled with head(s) headless
[10:38:23.188] Compositor capabilities:
               arbitrary surface rotation: yes
               screen capture uses y-flip: yes
               cursor planes: no
               arbitrary resolutions: no
               view mask clipping: yes
               explicit sync: yes
               color operations: yes
               color representation: yes
               presentation clock: CLOCK_MONOTONIC_RAW, id 4
               presentation clock resolution: 0.000000001 s
[10:38:23.188] Loading module '/home/hoskinson/window-integration-qa/private-weston-host-v2/prefix/usr/lib/weston/kiosk-shell.so'
[10:38:23.188] Loading module '/home/hoskinson/omarchy-windows-parity/implementation/elm-keyboard-loss-fixture-v151/build-1791126804731266243/parent-input.so'
[10:38:28.715] elm-parent-input motion 70,62 actual 70.00,62.00 focus=0x55fc17381860 pid=2501414
[10:38:28.737] elm-parent-input button 272 state=1 focus=0x55fc17381860 pid=2501414
[10:38:28.758] elm-parent-input button 272 state=0 focus=0x55fc17381860 pid=2501414
[10:38:28.780] elm-parent-input key=42 state=1 pid=2501414
[10:38:28.802] elm-parent-input key=30 state=1 pid=2501414
[10:38:28.832] elm-parent-input keyboard-focus requested=0 before-parent-key-balance mask=3 pid=2501414
[10:38:28.856] elm-parent-input motion 70,62 actual 70.00,62.00 focus=0x55fc17381860 pid=2501414
[10:38:28.857] elm-parent-input key=30 state=0 pid=2501414
[10:38:28.858] elm-parent-input key=42 state=0 pid=2501414
[10:38:28.859] elm-parent-input keyboard-focus requested=1 before-parent-key-balance mask=0 pid=2501414
[10:38:28.866] elm-parent-input key=30 state=1 pid=2501414
[10:38:28.867] elm-parent-input key=30 state=0 pid=2501414
[10:38:29.550] elm-parent-input motion 70,62 actual 70.00,62.00 focus=0x55fc17381860 pid=2501414
[10:38:29.551] elm-parent-input button 272 state=1 focus=0x55fc17381860 pid=2501414
[10:38:29.552] elm-parent-input button 272 state=0 focus=0x55fc17381860 pid=2501414
[10:38:29.556] elm-parent-input key=42 state=1 pid=2501414
[10:38:29.557] elm-parent-input key=30 state=1 pid=2501414
[10:38:29.607] elm-parent-input keyboard-removal-before-parent-key-balance mask=3
[10:38:29.607] elm-parent-input keyboard-capability requested=0 actual=0 accepted=1
[10:38:29.637] elm-parent-input motion 70,62 actual 70.00,62.00 focus=0x55fc17381860 pid=2501414
[10:38:29.638] elm-parent-input keyboard-capability requested=1 actual=1 accepted=1
[10:38:29.649] elm-parent-input key=30 state=1 pid=2501414
[10:38:29.649] elm-parent-input key=30 state=0 pid=2501414
[10:38:36.951] caught signal 15
