0000000000000000 A LIBTHAI_0.1
0000000000000000 A LIBTHAI_0.1.19
0000000000000000 A LIBTHAI_0.1.25
0000000000002ac0 T TACchtype@@LIBTHAI_0.1
000000000000a280 D TACchtype_@@LIBTHAI_0.1
0000000000002ae0 T TACio_op@@LIBTHAI_0.1
000000000000a020 D TACio_op_@@LIBTHAI_0.1
0000000000002040 T _libthai_on_unload@@LIBTHAI_0.1
00000000000072e0 R _th_chlevel_tbl@@LIBTHAI_0.1
00000000000076e0 R _th_ctype_tbl@@LIBTHAI_0.1
00000000000053a0 T th_brk@@LIBTHAI_0.1
0000000000003ee0 T th_brk_delete@@LIBTHAI_0.1.25
0000000000004bb0 T th_brk_find_breaks@@LIBTHAI_0.1.25
00000000000051a0 T th_brk_insert_breaks@@LIBTHAI_0.1.25
0000000000005380 T th_brk_line@@LIBTHAI_0.1
0000000000003dd0 T th_brk_new@@LIBTHAI_0.1.25
0000000000005b90 T th_brk_wc_find_breaks@@LIBTHAI_0.1.25
0000000000005c20 T th_brk_wc_insert_breaks@@LIBTHAI_0.1.25
0000000000002a80 T th_chlevel@@LIBTHAI_0.1
0000000000002d40 T th_init_cell@@LIBTHAI_0.1
00000000000031e0 T th_isaccept@@LIBTHAI_0.1
0000000000002a60 T th_isblvowel@@LIBTHAI_0.1
0000000000002aa0 T th_iscombchar@@LIBTHAI_0.1
0000000000002850 T th_iseng@@LIBTHAI_0.1
0000000000002a00 T th_isflvowel@@LIBTHAI_0.1
00000000000029d0 T th_isldvowel@@LIBTHAI_0.1
0000000000002950 T th_isovershootcons@@LIBTHAI_0.1
0000000000002920 T th_istaillesscons@@LIBTHAI_0.1
0000000000002820 T th_isthai@@LIBTHAI_0.1
0000000000002860 T th_isthcons@@LIBTHAI_0.1
00000000000028c0 T th_isthdiac@@LIBTHAI_0.1
00000000000028e0 T th_isthdigit@@LIBTHAI_0.1
0000000000002900 T th_isthpunct@@LIBTHAI_0.1
00000000000028a0 T th_isthtone@@LIBTHAI_0.1
0000000000002880 T th_isthvowel@@LIBTHAI_0.1
0000000000002800 T th_istis@@LIBTHAI_0.1
0000000000002980 T th_isundershootcons@@LIBTHAI_0.1
00000000000029b0 T th_isundersplitcons@@LIBTHAI_0.1
0000000000002a30 T th_isupvowel@@LIBTHAI_0.1
00000000000053e0 T th_macthai2uni@@LIBTHAI_0.1
0000000000003140 T th_make_cells@@LIBTHAI_0.1
0000000000002d50 T th_next_cell@@LIBTHAI_0.1
0000000000002b20 T th_normalize@@LIBTHAI_0.1
0000000000002fb0 T th_prev_cell@@LIBTHAI_0.1
0000000000002580 T th_render_cell_mac@@LIBTHAI_0.1
0000000000002420 T th_render_cell_tis@@LIBTHAI_0.1
0000000000002550 T th_render_cell_win@@LIBTHAI_0.1
00000000000035c0 T th_render_text_mac@@LIBTHAI_0.1
00000000000035a0 T th_render_text_tis@@LIBTHAI_0.1
00000000000035b0 T th_render_text_win@@LIBTHAI_0.1
00000000000035d0 T th_strcoll@@LIBTHAI_0.1
0000000000003ba0 T th_strxfrm@@LIBTHAI_0.1
0000000000003f10 T th_tis2uni@@LIBTHAI_0.1
0000000000003f30 T th_tis2uni_line@@LIBTHAI_0.1
0000000000005520 T th_uni2macthai@@LIBTHAI_0.1
0000000000005400 T th_uni2tis@@LIBTHAI_0.1
0000000000005440 T th_uni2tis_line@@LIBTHAI_0.1
00000000000054d0 T th_uni2winthai@@LIBTHAI_0.1
0000000000003560 T th_validate@@LIBTHAI_0.1
0000000000003280 T th_validate_leveled@@LIBTHAI_0.1.19
0000000000005de0 T th_wbrk@@LIBTHAI_0.1
0000000000005e00 T th_wbrk_line@@LIBTHAI_0.1
00000000000058c0 T th_wcchlevel@@LIBTHAI_0.1
0000000000005890 T th_wcisblvowel@@LIBTHAI_0.1
0000000000005600 T th_wciseng@@LIBTHAI_0.1
0000000000005830 T th_wcisflvowel@@LIBTHAI_0.1
0000000000005800 T th_wcisldvowel@@LIBTHAI_0.1
0000000000005770 T th_wcisovershootcons@@LIBTHAI_0.1
0000000000005740 T th_wcistaillesscons@@LIBTHAI_0.1
00000000000055b0 T th_wcisthai@@LIBTHAI_0.1
0000000000005620 T th_wcisthcons@@LIBTHAI_0.1
00000000000056b0 T th_wcisthdiac@@LIBTHAI_0.1
00000000000056e0 T th_wcisthdigit@@LIBTHAI_0.1
0000000000005710 T th_wcisthpunct@@LIBTHAI_0.1
0000000000005680 T th_wcisthtone@@LIBTHAI_0.1
0000000000005650 T th_wcisthvowel@@LIBTHAI_0.1
0000000000005580 T th_wcistis@@LIBTHAI_0.1
00000000000057a0 T th_wcisundershootcons@@LIBTHAI_0.1
00000000000057d0 T th_wcisundersplitcons@@LIBTHAI_0.1
0000000000005860 T th_wcisupvowel@@LIBTHAI_0.1
00000000000053c0 T th_winthai2uni@@LIBTHAI_0.1
00000000000058e0 T th_wnormalize@@LIBTHAI_0.1
