test_binding_replacement_after_raw_disk_is_retained_refusal (test_renderer_collector_binding.RendererBindingKernelTests.test_binding_replacement_after_raw_disk_is_retained_refusal) ... ok
test_coherent_foreign_genuine_popen_swap_refuses_actual_pid (test_renderer_collector_binding.RendererBindingKernelTests.test_coherent_foreign_genuine_popen_swap_refuses_actual_pid) ... ok
test_coherent_registered_and_launch_float_alias_refuses (test_renderer_collector_binding.RendererBindingKernelTests.test_coherent_registered_and_launch_float_alias_refuses) ... ok
test_foreign_real_transport_launch_keeper_or_process_binding_refuses (test_renderer_collector_binding.RendererBindingKernelTests.test_foreign_real_transport_launch_keeper_or_process_binding_refuses) ... ok
test_genuine_outstanding_same_actor_helper_refuses (test_renderer_collector_binding.RendererBindingKernelTests.test_genuine_outstanding_same_actor_helper_refuses) ... ok
test_genuine_sealed_exec_live_and_actual_normal_terminal (test_renderer_collector_binding.RendererBindingKernelTests.test_genuine_sealed_exec_live_and_actual_normal_terminal) ... ok
test_live_link_does_not_call_product_exec_verifier_or_poll (test_renderer_collector_binding.RendererBindingKernelTests.test_live_link_does_not_call_product_exec_verifier_or_poll) ... ok
test_missing_binding_refuses_before_usable (test_renderer_collector_binding.RendererBindingKernelTests.test_missing_binding_refuses_before_usable) ... ok
test_nested_bool_float_and_subclass_metadata_refuse (test_renderer_collector_binding.RendererBindingKernelTests.test_nested_bool_float_and_subclass_metadata_refuse) ... ok
test_new_bound_guard_wrong_genuine_function_or_foreign_owner_refuses (test_renderer_collector_binding.RendererBindingKernelTests.test_new_bound_guard_wrong_genuine_function_or_foreign_owner_refuses) ... ok
test_new_static_guard_wrong_function_or_bound_owner_refuses (test_renderer_collector_binding.RendererBindingKernelTests.test_new_static_guard_wrong_function_or_bound_owner_refuses) ... ok
test_noncanonical_process_wrapper_refuses (test_renderer_collector_binding.RendererBindingKernelTests.test_noncanonical_process_wrapper_refuses) ... ok
test_noninteger_renderer_returncode_refuses_terminal (test_renderer_collector_binding.RendererBindingKernelTests.test_noninteger_renderer_returncode_refuses_terminal) ... ok
test_numeric_keeper_normalstop_alias_refuses_terminal (test_renderer_collector_binding.RendererBindingKernelTests.test_numeric_keeper_normalstop_alias_refuses_terminal) ... ok
test_real_keeper_abort_zero_exit_refuses_terminal (test_renderer_collector_binding.RendererBindingKernelTests.test_real_keeper_abort_zero_exit_refuses_terminal) ... ok
test_same_kind_second_genuine_renderer_refuses (test_renderer_collector_binding.RendererBindingKernelTests.test_same_kind_second_genuine_renderer_refuses) ... ok
test_selected_producer_digest_refuses (test_renderer_collector_binding.RendererBindingKernelTests.test_selected_producer_digest_refuses) ... ok
test_stopped_renderer_cannot_be_linked_as_live (test_renderer_collector_binding.RendererBindingKernelTests.test_stopped_renderer_cannot_be_linked_as_live) ... ok
test_terminal_postdisk_binding_replacement_retains_raw_failure (test_renderer_collector_binding.RendererBindingKernelTests.test_terminal_postdisk_binding_replacement_retains_raw_failure) ... ok
test_unrelated_actor_helper_retains_original_live_policy (test_renderer_collector_binding.RendererBindingKernelTests.test_unrelated_actor_helper_retains_original_live_policy) ... ok

----------------------------------------------------------------------
Ran 20 tests in 29.189s

OK
