Date: 2026-10-04 MDT
[09:55:29.605] weston 15.0.1
               https://wayland.freedesktop.org
               Bug reports to: https://gitlab.freedesktop.org/wayland/weston/issues/
               Build: 15.0.1
[09:55:29.605] Command line: /home/hoskinson/window-integration-qa/private-weston-host-v2/prefix/usr/bin/weston --backend=headless --renderer=gl --shell=kiosk-shell.so --fake-seat --no-config --socket=weston-host --width=800 --height=600 --scale=1 --idle-time=0 --log=/home/hoskinson/window-integration-qa/elm-parent-input-1791129329385872166/weston-renderer.log --modules=/home/hoskinson/omarchy-windows-parity/implementation/elm-parent-held-key-fixture-v146/build-1791125149938579041/parent-input.so
[09:55:29.605] OS: Linux, 7.2.7-1-omarchy, #1 SMP PREEMPT_DYNAMIC Sun, 27 Sep 2026 22:42:08 +0000, x86_64
[09:55:29.605] Flight recorder: enabled, scopes subscribed: log
[09:55:29.605] Starting with no config file.
[09:55:29.605] Output repaint window is 7 ms maximum.
[09:55:29.605] Loading module '/home/hoskinson/window-integration-qa/private-weston-host-v2/prefix/usr/lib/libweston-15/headless-backend.so'
[09:55:29.611] Loading module '/home/hoskinson/window-integration-qa/private-weston-host-v2/prefix/usr/lib/libweston-15/gl-renderer.so'
[09:55:29.632] Using rendering device: /dev/dri/renderD129
[09:55:29.635] EGL version: 1.5
[09:55:29.635] EGL vendor: Mesa Project
[09:55:29.635] EGL client APIs: OpenGL OpenGL_ES 
[09:55:29.635] EGL features:
               EGL Wayland extension: no
               context priority: yes
               buffer age: no
               partial update: yes
               swap buffers with damage: no
               configless context: yes
               surfaceless context: yes
               dmabuf support: modifiers
               fence sync: yes (native, wait)
[09:55:29.638] GL version: OpenGL ES 3.2 Mesa 26.2.2-arch1.1
[09:55:29.638] GLSL version: OpenGL ES GLSL ES 3.20
[09:55:29.638] GL vendor: Intel
[09:55:29.638] GL renderer: Mesa Intel(R) Graphics (ARL)
[09:55:29.645] GL ES 3.2 - renderer features:
               read-back format: ARGB8888
               glReadPixels supports y-flip: yes
               glReadPixels supports PBO: yes
               wl_shm 10 bpc formats: yes
               wl_shm 16 bpc formats: yes
               wl_shm half-float formats: yes
               internal R and RG formats: yes
               OES_EGL_image_external: yes
               GPU timeline: yes
               Texture immutability: yes
               Required precision: yes
[09:55:29.645] Using GL renderer
[09:55:29.645] Registered plugin API 'weston_windowed_output_api_headless_v2' of size 16
[09:55:29.645] Color manager: no-op
                 protocol support: no
[09:55:29.645] Output 'headless' attempts EOTF mode SDR and colorimetry mode default.
[09:55:29.645] Output 'headless' using color profile: stock sRGB color profile
[09:55:29.646] Output 'headless' enabled with head(s) headless
[09:55:29.646] Compositor capabilities:
               arbitrary surface rotation: yes
               screen capture uses y-flip: yes
               cursor planes: no
               arbitrary resolutions: no
               view mask clipping: yes
               explicit sync: yes
               color operations: yes
               color representation: yes
               presentation clock: CLOCK_MONOTONIC_RAW, id 4
               presentation clock resolution: 0.000000001 s
[09:55:29.646] Loading module '/home/hoskinson/window-integration-qa/private-weston-host-v2/prefix/usr/lib/weston/kiosk-shell.so'
[09:55:29.646] Loading module '/home/hoskinson/omarchy-windows-parity/implementation/elm-parent-held-key-fixture-v146/build-1791125149938579041/parent-input.so'
[09:55:32.896] elm-parent-input motion 400,300 actual 400.00,300.00 focus=0x5597c1b56110 pid=2322046
[09:55:32.897] elm-parent-input button 272 state=1 focus=0x5597c1b56110 pid=2322046
[09:55:32.897] elm-parent-input button 272 state=0 focus=0x5597c1b56110 pid=2322046
[09:55:32.911] elm-parent-input disconnect-child pid=2322046 start=9743414 matches=0 accepted=0
[09:55:32.916] elm-parent-input disconnect-child pid=2321949 start=9743331 matches=0 accepted=0
[09:55:32.923] elm-parent-input disconnect-held-key-child pid=2322046 start=9743413 mask=1 actual=0 matches=0 accepted=0
[09:55:32.930] elm-parent-input motion 400,300 actual 400.00,300.00 focus=0x5597c1b56110 pid=2322046
[09:55:32.951] elm-parent-input key=30 state=1 pid=2322046
[09:55:32.971] elm-parent-input key=30 state=0 pid=2322046
[09:55:33.016] elm-parent-input key=30 state=1 pid=2322046
[09:55:33.049] elm-parent-input disconnect-held-key-child pid=2322046 start=9743413 mask=1 actual=1 matches=1 accepted=1
[09:55:33.049] elm-parent-input held-key-peer-destroyed-before-parent-balance pid=2322046 mask=1
[09:55:33.091] elm-parent-input motion 401,301 actual 401.00,301.00 focus=0x5597c1a9e2b0 pid=-1
[09:55:33.112] elm-parent-input key=30 state=1 pid=-1
[09:55:33.113] elm-parent-input key=30 state=0 pid=-1
[09:55:33.720] caught signal 15
