dbus-daemon[3263896]: [session uid=1000 pid=3263896 pidfd=4] Activating service name='org.freedesktop.portal.Desktop' requested by ':1.2' (uid=1000 pid=3264084 comm="/usr/bin/python3 -B /home/hoskinson/omarchy-window")
dbus-daemon[3263896]: [session uid=1000 pid=3263896 pidfd=4] Activating service name='org.freedesktop.impl.portal.PermissionStore' requested by ':1.3' (uid=1000 pid=3264093 comm="/usr/lib/xdg-desktop-portal")
dbus-daemon[3263896]: [session uid=1000 pid=3263896 pidfd=4] Successfully activated service 'org.freedesktop.impl.portal.PermissionStore'
dbus-daemon[3263896]: [session uid=1000 pid=3263896 pidfd=4] Activating service name='org.freedesktop.portal.Documents' requested by ':1.3' (uid=1000 pid=3264093 comm="/usr/lib/xdg-desktop-portal")
dbus-daemon[3263896]: [session uid=1000 pid=3263896 pidfd=4] Successfully activated service 'org.freedesktop.portal.Documents'
dbus-daemon[3263896]: [session uid=1000 pid=3263896 pidfd=4] Activating service name='org.freedesktop.impl.portal.desktop.gtk' requested by ':1.3' (uid=1000 pid=3264093 comm="/usr/lib/xdg-desktop-portal")
dbus-daemon[3263896]: [session uid=1000 pid=3263896 pidfd=4] Activating service name='org.a11y.Bus' requested by ':1.7' (uid=1000 pid=3264116 comm="/usr/lib/xdg-desktop-portal-gtk")
dbus-daemon[3263896]: [session uid=1000 pid=3263896 pidfd=4] Successfully activated service 'org.a11y.Bus'
dbus-daemon[3263896]: [session uid=1000 pid=3263896 pidfd=4] Activating service name='org.freedesktop.systemd1' requested by ':1.9' (uid=1000 pid=3264128 comm="/usr/bin/dbus-broker-launch --config-file=/usr/sha")
dbus-daemon[3263896]: [session uid=1000 pid=3263896 pidfd=4] Activating service name='org.gtk.vfs.Daemon' requested by ':1.6' (uid=1000 pid=3264116 comm="/usr/lib/xdg-desktop-portal-gtk")
dbus-daemon[3263896]: [session uid=1000 pid=3263896 pidfd=4] Activated service 'org.freedesktop.systemd1' failed: Process org.freedesktop.systemd1 exited with status 1
dbus-daemon[3263896]: [session uid=1000 pid=3263896 pidfd=4] Successfully activated service 'org.gtk.vfs.Daemon'
dbus-daemon[3263896]: [session uid=1000 pid=3263896 pidfd=4] Activating service name='org.freedesktop.systemd1' requested by ':1.9' (uid=1000 pid=3264128 comm="/usr/bin/dbus-broker-launch --config-file=/usr/sha")
dbus-daemon[3263896]: [session uid=1000 pid=3263896 pidfd=4] Activated service 'org.freedesktop.systemd1' failed: Process org.freedesktop.systemd1 exited with status 1
dbus-daemon[3263896]: [session uid=1000 pid=3263896 pidfd=4] Successfully activated service 'org.freedesktop.impl.portal.desktop.gtk'

** (xdg-desktop-portal-gtk:3264116): WARNING **: 20:25:51.245: AT-SPI: Could not obtain desktop path or name

dbus-daemon[3263896]: [session uid=1000 pid=3263896 pidfd=4] Activating service name='org.freedesktop.systemd1' requested by ':1.9' (uid=1000 pid=3264128 comm="/usr/bin/dbus-broker-launch --config-file=/usr/sha")
dbus-daemon[3263896]: [session uid=1000 pid=3263896 pidfd=4] Activated service 'org.freedesktop.systemd1' failed: Process org.freedesktop.systemd1 exited with status 1

** (xdg-desktop-portal-gtk:3264116): WARNING **: 20:25:51.246: atk-bridge: GetRegisteredEvents returned message with unknown signature

** (xdg-desktop-portal-gtk:3264116): WARNING **: 20:25:51.246: atk-bridge: get_device_events_reply: unknown signature

(/usr/lib/xdg-desktop-portal:3264093): xdg-desktop-portal-WARNING **: 20:25:51.250: Failed to load RealtimeKit property: GDBus.Error:org.freedesktop.DBus.Error.ServiceUnknown: The name is not activatable

(/usr/lib/xdg-desktop-portal:3264093): xdg-desktop-portal-WARNING **: 20:25:51.250: Failed to load RealtimeKit property: GDBus.Error:org.freedesktop.DBus.Error.ServiceUnknown: The name is not activatable

(/usr/lib/xdg-desktop-portal:3264093): xdg-desktop-portal-WARNING **: 20:25:51.250: Failed to load RealtimeKit property: GDBus.Error:org.freedesktop.DBus.Error.ServiceUnknown: The name is not activatable

(/usr/lib/xdg-desktop-portal:3264093): xdg-desktop-portal-WARNING **: 20:25:51.253: Failed to connect to PipeWire: Couldn't connect to PipeWire
dbus-daemon[3263896]: [session uid=1000 pid=3263896 pidfd=4] Activating service name='org.freedesktop.impl.portal.desktop.hyprland' requested by ':1.3' (uid=1000 pid=3264093 comm="/usr/lib/xdg-desktop-portal")
dbus-daemon[3263896]: [session uid=1000 pid=3263896 pidfd=4] Successfully activated service 'org.freedesktop.impl.portal.desktop.hyprland'
dbus-daemon[3263896]: [session uid=1000 pid=3263896 pidfd=4] Successfully activated service 'org.freedesktop.portal.Desktop'
dbus-daemon[3263896]: [session uid=1000 pid=3263896 pidfd=4] Activating service name='org.freedesktop.systemd1' requested by ':1.9' (uid=1000 pid=3264128 comm="/usr/bin/dbus-broker-launch --config-file=/usr/sha")
dbus-daemon[3263896]: [session uid=1000 pid=3263896 pidfd=4] Activated service 'org.freedesktop.systemd1' failed: Process org.freedesktop.systemd1 exited with status 1
dbus-daemon[3263896]: [session uid=1000 pid=3263896 pidfd=4] Activating service name='org.freedesktop.systemd1' requested by ':1.9' (uid=1000 pid=3264128 comm="/usr/bin/dbus-broker-launch --config-file=/usr/sha")
dbus-daemon[3263896]: [session uid=1000 pid=3263896 pidfd=4] Activated service 'org.freedesktop.systemd1' failed: Process org.freedesktop.systemd1 exited with status 1

(/usr/lib/xdg-desktop-portal:3264093): xdg-desktop-portal-WARNING **: 20:25:51.909: Realtime error: Could not get pidns for pid 2: PIDFD_GET_PID_NAMESPACE ioctl failed: Inappropriate ioctl for device
dbus-daemon[3263896]: [session uid=1000 pid=3263896 pidfd=4] Activating service name='org.freedesktop.systemd1' requested by ':1.9' (uid=1000 pid=3264128 comm="/usr/bin/dbus-broker-launch --config-file=/usr/sha")
dbus-daemon[3263896]: [session uid=1000 pid=3263896 pidfd=4] Activated service 'org.freedesktop.systemd1' failed: Process org.freedesktop.systemd1 exited with status 1
dbus-daemon[3263896]: [session uid=1000 pid=3263896 pidfd=4] Activating service name='org.freedesktop.systemd1' requested by ':1.9' (uid=1000 pid=3264128 comm="/usr/bin/dbus-broker-launch --config-file=/usr/sha")
dbus-daemon[3263896]: [session uid=1000 pid=3263896 pidfd=4] Activated service 'org.freedesktop.systemd1' failed: Process org.freedesktop.systemd1 exited with status 1
Failed to launch bus: Bus exited with code 0