[20:10:15.411181] {Default Queue}  -> wl_display#1.get_registry(new id wl_registry#2)
[20:10:15.411201] {Default Queue}  -> wl_display#1.sync(new id wl_callback#3)
[20:10:15.411419] {Display Queue} wl_display#1.delete_id(3)
[20:10:15.411423] {Default Queue} wl_registry#2.global(1, "wl_seat", 9)
[20:10:15.411427] {Default Queue} wl_registry#2.global(2, "wl_data_device_manager", 3)
[20:10:15.411430] {Default Queue}  -> wl_registry#2.bind(2, "wl_data_device_manager", 3, new id [unknown]#4)
[20:10:15.411432] {Default Queue} wl_registry#2.global(3, "wl_compositor", 6)
[20:10:15.411434] {Default Queue}  -> wl_registry#2.bind(3, "wl_compositor", 3, new id [unknown]#5)
[20:10:15.411436] {Default Queue} wl_registry#2.global(4, "wl_subcompositor", 1)
[20:10:15.411439] {Default Queue}  -> wl_registry#2.bind(4, "wl_subcompositor", 1, new id [unknown]#6)
[20:10:15.411441] {Default Queue} wl_registry#2.global(5, "wl_shm", 2)
[20:10:15.411443] {Default Queue}  -> wl_registry#2.bind(5, "wl_shm", 1, new id [unknown]#7)
[20:10:15.411445] {Default Queue} wl_registry#2.global(6, "wp_viewporter", 1)
[20:10:15.411447] {Default Queue} wl_registry#2.global(7, "wp_tearing_control_manager_v1", 1)
[20:10:15.411449] {Default Queue} wl_registry#2.global(8, "wp_fractional_scale_manager_v1", 1)
[20:10:15.411451] {Default Queue} wl_registry#2.global(9, "zxdg_output_manager_v1", 3)
[20:10:15.411453] {Default Queue}  -> wl_registry#2.bind(9, "zxdg_output_manager_v1", 3, new id [unknown]#8)
[20:10:15.411456] {Default Queue}  -> wl_display#1.sync(new id wl_callback#9)
[20:10:15.411458] {Default Queue} wl_registry#2.global(10, "wp_cursor_shape_manager_v1", 2)
[20:10:15.411460] {Default Queue}  -> wl_registry#2.bind(10, "wp_cursor_shape_manager_v1", 1, new id [unknown]#10)
[20:10:15.411462] {Default Queue} wl_registry#2.global(11, "zwp_idle_inhibit_manager_v1", 1)
[20:10:15.411464] {Default Queue} wl_registry#2.global(12, "zwp_relative_pointer_manager_v1", 1)
[20:10:15.411466] {Default Queue} wl_registry#2.global(13, "zxdg_decoration_manager_v1", 2)
[20:10:15.411469] {Default Queue} wl_registry#2.global(14, "wp_alpha_modifier_v1", 1)
[20:10:15.411471] {Default Queue} wl_registry#2.global(15, "zwlr_gamma_control_manager_v1", 1)
[20:10:15.411473] {Default Queue} wl_registry#2.global(16, "ext_foreign_toplevel_list_v1", 1)
[20:10:15.411476] {Default Queue} wl_registry#2.global(17, "zwp_pointer_gestures_v1", 3)
[20:10:15.411478] {Default Queue}  -> wl_registry#2.bind(17, "zwp_pointer_gestures_v1", 1, new id [unknown]#11)
[20:10:15.411480] {Default Queue} wl_registry#2.global(18, "zwlr_foreign_toplevel_manager_v1", 3)
[20:10:15.411482] {Default Queue} wl_registry#2.global(19, "zwp_keyboard_shortcuts_inhibit_manager_v1", 1)
[20:10:15.411484] {Default Queue}  -> wl_registry#2.bind(19, "zwp_keyboard_shortcuts_inhibit_manager_v1", 1, new id [unknown]#12)
[20:10:15.411487] {Default Queue} wl_registry#2.global(20, "zwp_text_input_manager_v1", 1)
[20:10:15.411489] {Default Queue} wl_registry#2.global(21, "zwp_text_input_manager_v3", 1)
[20:10:15.411491] {Default Queue} wl_registry#2.global(22, "zwp_pointer_constraints_v1", 1)
[20:10:15.411493] {Default Queue} wl_registry#2.global(23, "zwlr_output_power_manager_v1", 1)
[20:10:15.411495] {Default Queue} wl_registry#2.global(24, "xdg_activation_v1", 1)
[20:10:15.411497] {Default Queue}  -> wl_registry#2.bind(24, "xdg_activation_v1", 1, new id [unknown]#13)
[20:10:15.411499] {Default Queue} wl_registry#2.global(25, "ext_idle_notifier_v1", 2)
[20:10:15.411501] {Default Queue} wl_registry#2.global(26, "hyprland_lock_notifier_v1", 1)
[20:10:15.411503] {Default Queue} wl_registry#2.global(27, "ext_session_lock_manager_v1", 1)
[20:10:15.411505] {Default Queue} wl_registry#2.global(28, "zwp_input_method_manager_v2", 1)
[20:10:15.411507] {Default Queue} wl_registry#2.global(29, "zwp_virtual_keyboard_manager_v1", 1)
[20:10:15.411509] {Default Queue} wl_registry#2.global(30, "zwlr_virtual_pointer_manager_v1", 2)
[20:10:15.411511] {Default Queue} wl_registry#2.global(31, "zwlr_output_manager_v1", 4)
[20:10:15.411514] {Default Queue} wl_registry#2.global(32, "org_kde_kwin_server_decoration_manager", 1)
[20:10:15.411519] {Default Queue}  -> wl_registry#2.bind(32, "org_kde_kwin_server_decoration_manager", 1, new id [unknown]#14)
[20:10:15.411524] {Default Queue} wl_registry#2.global(33, "hyprland_focus_grab_manager_v1", 1)
[20:10:15.411526] {Default Queue} wl_registry#2.global(34, "zwp_tablet_manager_v2", 1)
[20:10:15.411528] {Default Queue}  -> wl_registry#2.bind(34, "zwp_tablet_manager_v2", 1, new id [unknown]#15)
[20:10:15.411530] {Default Queue} wl_registry#2.global(35, "zwlr_layer_shell_v1", 5)
[20:10:15.411533] {Default Queue} wl_registry#2.global(36, "wp_presentation", 2)
[20:10:15.411535] {Default Queue} wl_registry#2.global(37, "xdg_wm_base", 7)
[20:10:15.411538] {Default Queue} wl_registry#2.global(38, "zwlr_data_control_manager_v1", 2)
[20:10:15.411541] {Default Queue} wl_registry#2.global(39, "zwp_primary_selection_device_manager_v1", 1)
[20:10:15.411543] {Default Queue}  -> wl_registry#2.bind(39, "zwp_primary_selection_device_manager_v1", 1, new id [unknown]#16)
[20:10:15.411545] {Default Queue} wl_registry#2.global(40, "xwayland_shell_v1", 1)
[20:10:15.411547] {Default Queue} wl_registry#2.global(41, "hyprland_toplevel_mapping_manager_v1", 1)
[20:10:15.411550] {Default Queue} wl_registry#2.global(42, "hyprland_global_shortcuts_manager_v1", 1)
[20:10:15.411552] {Default Queue} wl_registry#2.global(43, "xdg_wm_dialog_v1", 1)
[20:10:15.411554] {Default Queue} wl_registry#2.global(44, "wp_single_pixel_buffer_manager_v1", 1)
[20:10:15.411556] {Default Queue} wl_registry#2.global(45, "wp_security_context_manager_v1", 1)
[20:10:15.411559] {Default Queue} wl_registry#2.global(46, "hyprland_ctm_control_manager_v1", 2)
[20:10:15.411561] {Default Queue} wl_registry#2.global(47, "hyprland_input_capture_manager_v1", 1)
[20:10:15.411563] {Default Queue} wl_registry#2.global(48, "hyprland_surface_manager_v1", 2)
[20:10:15.411565] {Default Queue} wl_registry#2.global(49, "wp_content_type_manager_v1", 1)
[20:10:15.411567] {Default Queue} wl_registry#2.global(50, "xdg_toplevel_tag_manager_v1", 1)
[20:10:15.411570] {Default Queue} wl_registry#2.global(51, "xdg_system_bell_v1", 1)
[20:10:15.411572] {Default Queue} wl_registry#2.global(52, "vicinae_hotkey_manager_v1", 1)
[20:10:15.411575] {Default Queue} wl_registry#2.global(53, "ext_workspace_manager_v1", 1)
[20:10:15.411577] {Default Queue} wl_registry#2.global(54, "ext_data_control_manager_v1", 1)
[20:10:15.411579] {Default Queue} wl_registry#2.global(55, "wp_pointer_warp_v1", 1)
[20:10:15.411581] {Default Queue} wl_registry#2.global(56, "wp_fifo_manager_v1", 1)
[20:10:15.411583] {Default Queue} wl_registry#2.global(57, "zxdg_exporter_v2", 1)
[20:10:15.411585] {Default Queue}  -> wl_registry#2.bind(57, "zxdg_exporter_v2", 1, new id [unknown]#17)
[20:10:15.411587] {Default Queue} wl_registry#2.global(58, "zxdg_importer_v2", 1)
[20:10:15.411589] {Default Queue}  -> wl_registry#2.bind(58, "zxdg_importer_v2", 1, new id [unknown]#18)
[20:10:15.411592] {Default Queue} wl_registry#2.global(59, "ext_background_effect_manager_v1", 1)
[20:10:15.411594] {Default Queue} wl_registry#2.global(60, "wp_commit_timing_manager_v1", 1)
[20:10:15.411596] {Default Queue} wl_registry#2.global(61, "zwlr_screencopy_manager_v1", 3)
[20:10:15.411599] {Default Queue} wl_registry#2.global(62, "hyprland_toplevel_export_manager_v1", 2)
[20:10:15.411601] {Default Queue} wl_registry#2.global(63, "ext_output_image_capture_source_manager_v1", 1)
[20:10:15.411603] {Default Queue} wl_registry#2.global(64, "ext_foreign_toplevel_image_capture_source_manager_v1", 1)
[20:10:15.411605] {Default Queue} wl_registry#2.global(65, "ext_image_copy_capture_manager_v1", 1)
[20:10:15.411608] {Default Queue} wl_registry#2.global(66, "wp_color_manager_v1", 3)
[20:10:15.411610] {Default Queue} wl_registry#2.global(67, "wl_drm", 2)
[20:10:15.411612] {Default Queue} wl_registry#2.global(68, "zwp_linux_dmabuf_v1", 5)
[20:10:15.411614] {Default Queue} wl_registry#2.global(69, "wl_output", 4)
[20:10:15.411616] {Default Queue}  -> wl_registry#2.bind(69, "wl_output", 2, new id [unknown]#19)
[20:10:15.411640] {Default Queue}  -> zxdg_output_manager_v1#8.get_xdg_output(new id zxdg_output_v1#20, wl_output#19)
[20:10:15.411646] {Default Queue}  -> wl_display#1.sync(new id wl_callback#21)
[20:10:15.411649] {Default Queue} wl_callback#3.done(35)
[20:10:15.411674] {Default Queue}  -> wl_shm#7.create_pool(new id wl_shm_pool#3, fd 11, 2304)
[20:10:15.411739] {Default Queue}  -> wl_shm_pool#3.resize(6912)
[20:10:15.411779] {Default Queue}  -> wl_shm_pool#3.resize(16128)
[20:10:15.411843] {Default Queue}  -> wl_shm_pool#3.resize(34560)
[20:10:15.411957] {Default Queue}  -> wl_shm_pool#3.resize(71424)
[20:10:15.412175] {Default Queue}  -> wl_shm_pool#3.resize(145152)
[20:10:15.412969] {Default Queue}  -> wl_shm_pool#3.resize(292608)
[20:10:15.413843] {Default Queue}  -> wl_shm_pool#3.resize(587520)
[20:10:15.417186] {Default Queue}  -> wl_registry#2.bind(1, "wl_seat", 5, new id [unknown]#22)
[20:10:15.418531] {Default Queue}  -> wl_compositor#5.create_surface(new id wl_surface#23)
[20:10:15.418544] {Default Queue}  -> zwp_primary_selection_device_manager_v1#16.get_device(new id zwp_primary_selection_device_v1#24, wl_seat#22)
[20:10:15.418550] {Default Queue}  -> wl_data_device_manager#4.get_data_device(new id wl_data_device#25, wl_seat#22)
[20:10:15.418588] {Default Queue}  -> wl_compositor#5.create_surface(new id wl_surface#26)
[20:10:15.418591] {Default Queue}  -> zwp_tablet_manager_v2#15.get_tablet_seat(new id zwp_tablet_seat_v2#27, wl_seat#22)
[20:10:15.418596] {Default Queue}  -> wl_display#1.sync(new id wl_callback#28)
[20:10:15.418809] {Display Queue} wl_display#1.delete_id(9)
[20:10:15.418813] {Display Queue} wl_display#1.delete_id(21)
[20:10:15.418816] {Display Queue} wl_display#1.delete_id(28)
[20:10:15.418818] {Default Queue} wl_shm#7.format(0)
[20:10:15.418820] {Default Queue} wl_shm#7.format(1)
[20:10:15.418821] {Default Queue} wl_shm#7.format(875709016)
[20:10:15.418823] {Default Queue} wl_shm#7.format(875708993)
[20:10:15.418825] {Default Queue} wl_shm#7.format(808669784)
[20:10:15.418826] {Default Queue} wl_shm#7.format(808669761)
[20:10:15.418828] {Default Queue} wl_shm#7.format(808665688)
[20:10:15.418830] {Default Queue} wl_shm#7.format(808665665)
[20:10:15.418831] {Default Queue} wl_callback#9.done(35)
[20:10:15.418834] {Default Queue} org_kde_kwin_server_decoration_manager#14.default_mode(2)
[20:10:15.418837] {Default Queue} wl_output#19.scale(1)
[20:10:15.418839] {Default Queue} wl_output#19.mode(1, 800, 600, 60000)
[20:10:15.418842] {Default Queue} wl_output#19.geometry(0, 0, 0, 0, 1, "", "", 0)
[20:10:15.418846] {Default Queue} wl_output#19.done()
[20:10:15.418852] {Default Queue} zxdg_output_v1#20.name("WAYLAND-1")
[20:10:15.418855] {Default Queue} zxdg_output_v1#20.logical_position(0, 0)
[20:10:15.418857] {Default Queue} zxdg_output_v1#20.logical_size(800, 600)
[20:10:15.418858] {Default Queue} wl_output#19.done()
[20:10:15.418861] {Default Queue} wl_callback#21.done(35)
[20:10:15.418863] {Default Queue} wl_seat#22.name("Hyprland")
[20:10:15.418865] {Default Queue} wl_seat#22.capabilities(3)
[20:10:15.418867] {Default Queue}  -> wl_seat#22.get_pointer(new id wl_pointer#21)
[20:10:15.418872] {Default Queue}  -> zwp_pointer_gestures_v1#11.get_swipe_gesture(new id zwp_pointer_gesture_swipe_v1#9, wl_pointer#21)
[20:10:15.418876] {Default Queue}  -> zwp_pointer_gestures_v1#11.get_pinch_gesture(new id zwp_pointer_gesture_pinch_v1#29, wl_pointer#21)
[20:10:15.418879] {Default Queue}  -> wp_cursor_shape_manager_v1#10.get_pointer(new id wp_cursor_shape_device_v1#30, wl_pointer#21)
[20:10:15.418883] {Default Queue}  -> wl_seat#22.get_keyboard(new id wl_keyboard#31)
[20:10:15.418888] {Default Queue} wl_callback#28.done(35)
[20:10:15.418891] {Default Queue}  -> wl_registry#2.bind(37, "xdg_wm_base", 6, new id [unknown]#28)
[20:10:15.431160] {Default Queue}  -> wl_display#1.get_registry(new id wl_registry#32)
[20:10:15.431172] {Default Queue}  -> wl_display#1.sync(new id wl_callback#33)
[20:10:15.431387] {Display Queue} wl_display#1.delete_id(33)
[20:10:15.431392] {Default Queue} wl_keyboard#31.keymap(1, fd 5, 35572)
[20:10:15.432023] {Default Queue} wl_keyboard#31.repeat_info(25, 600)
[20:10:15.432033] {Default Queue} wl_registry#32.global(1, "wl_seat", 9)
[20:10:15.432037] {Default Queue} wl_registry#32.global(2, "wl_data_device_manager", 3)
[20:10:15.432039] {Default Queue} wl_registry#32.global(3, "wl_compositor", 6)
[20:10:15.432041] {Default Queue} wl_registry#32.global(4, "wl_subcompositor", 1)
[20:10:15.432043] {Default Queue} wl_registry#32.global(5, "wl_shm", 2)
[20:10:15.432045] {Default Queue} wl_registry#32.global(6, "wp_viewporter", 1)
[20:10:15.432047] {Default Queue} wl_registry#32.global(7, "wp_tearing_control_manager_v1", 1)
[20:10:15.432049] {Default Queue} wl_registry#32.global(8, "wp_fractional_scale_manager_v1", 1)
[20:10:15.432051] {Default Queue} wl_registry#32.global(9, "zxdg_output_manager_v1", 3)
[20:10:15.432053] {Default Queue} wl_registry#32.global(10, "wp_cursor_shape_manager_v1", 2)
[20:10:15.432055] {Default Queue} wl_registry#32.global(11, "zwp_idle_inhibit_manager_v1", 1)
[20:10:15.432056] {Default Queue} wl_registry#32.global(12, "zwp_relative_pointer_manager_v1", 1)
[20:10:15.432058] {Default Queue} wl_registry#32.global(13, "zxdg_decoration_manager_v1", 2)
[20:10:15.432060] {Default Queue} wl_registry#32.global(14, "wp_alpha_modifier_v1", 1)
[20:10:15.432062] {Default Queue} wl_registry#32.global(15, "zwlr_gamma_control_manager_v1", 1)
[20:10:15.432064] {Default Queue} wl_registry#32.global(16, "ext_foreign_toplevel_list_v1", 1)
[20:10:15.432066] {Default Queue} wl_registry#32.global(17, "zwp_pointer_gestures_v1", 3)
[20:10:15.432068] {Default Queue} wl_registry#32.global(18, "zwlr_foreign_toplevel_manager_v1", 3)
[20:10:15.432070] {Default Queue} wl_registry#32.global(19, "zwp_keyboard_shortcuts_inhibit_manager_v1", 1)
[20:10:15.432072] {Default Queue} wl_registry#32.global(20, "zwp_text_input_manager_v1", 1)
[20:10:15.432073] {Default Queue} wl_registry#32.global(21, "zwp_text_input_manager_v3", 1)
[20:10:15.432075] {Default Queue} wl_registry#32.global(22, "zwp_pointer_constraints_v1", 1)
[20:10:15.432077] {Default Queue} wl_registry#32.global(23, "zwlr_output_power_manager_v1", 1)
[20:10:15.432079] {Default Queue} wl_registry#32.global(24, "xdg_activation_v1", 1)
[20:10:15.432081] {Default Queue} wl_registry#32.global(25, "ext_idle_notifier_v1", 2)
[20:10:15.432083] {Default Queue} wl_registry#32.global(26, "hyprland_lock_notifier_v1", 1)
[20:10:15.432085] {Default Queue} wl_registry#32.global(27, "ext_session_lock_manager_v1", 1)
[20:10:15.432086] {Default Queue} wl_registry#32.global(28, "zwp_input_method_manager_v2", 1)
[20:10:15.432088] {Default Queue} wl_registry#32.global(29, "zwp_virtual_keyboard_manager_v1", 1)
[20:10:15.432090] {Default Queue} wl_registry#32.global(30, "zwlr_virtual_pointer_manager_v1", 2)
[20:10:15.432092] {Default Queue} wl_registry#32.global(31, "zwlr_output_manager_v1", 4)
[20:10:15.432094] {Default Queue} wl_registry#32.global(32, "org_kde_kwin_server_decoration_manager", 1)
[20:10:15.432095] {Default Queue} wl_registry#32.global(33, "hyprland_focus_grab_manager_v1", 1)
[20:10:15.432097] {Default Queue} wl_registry#32.global(34, "zwp_tablet_manager_v2", 1)
[20:10:15.432099] {Default Queue} wl_registry#32.global(35, "zwlr_layer_shell_v1", 5)
[20:10:15.432101] {Default Queue}  -> wl_registry#32.bind(35, "zwlr_layer_shell_v1", 4, new id [unknown]#34)
[20:10:15.432104] {Default Queue} wl_registry#32.global(36, "wp_presentation", 2)
[20:10:15.432106] {Default Queue} wl_registry#32.global(37, "xdg_wm_base", 7)
[20:10:15.432108] {Default Queue}  -> wl_registry#32.bind(37, "xdg_wm_base", 7, new id [unknown]#35)
[20:10:15.432110] {Default Queue} wl_registry#32.global(38, "zwlr_data_control_manager_v1", 2)
[20:10:15.432112] {Default Queue} wl_registry#32.global(39, "zwp_primary_selection_device_manager_v1", 1)
[20:10:15.432114] {Default Queue} wl_registry#32.global(40, "xwayland_shell_v1", 1)
[20:10:15.432116] {Default Queue} wl_registry#32.global(41, "hyprland_toplevel_mapping_manager_v1", 1)
[20:10:15.432117] {Default Queue} wl_registry#32.global(42, "hyprland_global_shortcuts_manager_v1", 1)
[20:10:15.432122] {Default Queue} wl_registry#32.global(43, "xdg_wm_dialog_v1", 1)
[20:10:15.432126] {Default Queue} wl_registry#32.global(44, "wp_single_pixel_buffer_manager_v1", 1)
[20:10:15.432128] {Default Queue} wl_registry#32.global(45, "wp_security_context_manager_v1", 1)
[20:10:15.432130] {Default Queue} wl_registry#32.global(46, "hyprland_ctm_control_manager_v1", 2)
[20:10:15.432132] {Default Queue} wl_registry#32.global(47, "hyprland_input_capture_manager_v1", 1)
[20:10:15.432134] {Default Queue} wl_registry#32.global(48, "hyprland_surface_manager_v1", 2)
[20:10:15.432136] {Default Queue} wl_registry#32.global(49, "wp_content_type_manager_v1", 1)
[20:10:15.432138] {Default Queue} wl_registry#32.global(50, "xdg_toplevel_tag_manager_v1", 1)
[20:10:15.432140] {Default Queue} wl_registry#32.global(51, "xdg_system_bell_v1", 1)
[20:10:15.432142] {Default Queue} wl_registry#32.global(52, "vicinae_hotkey_manager_v1", 1)
[20:10:15.432144] {Default Queue} wl_registry#32.global(53, "ext_workspace_manager_v1", 1)
[20:10:15.432146] {Default Queue} wl_registry#32.global(54, "ext_data_control_manager_v1", 1)
[20:10:15.432148] {Default Queue} wl_registry#32.global(55, "wp_pointer_warp_v1", 1)
[20:10:15.432151] {Default Queue} wl_registry#32.global(56, "wp_fifo_manager_v1", 1)
[20:10:15.432153] {Default Queue} wl_registry#32.global(57, "zxdg_exporter_v2", 1)
[20:10:15.432155] {Default Queue} wl_registry#32.global(58, "zxdg_importer_v2", 1)
[20:10:15.432157] {Default Queue} wl_registry#32.global(59, "ext_background_effect_manager_v1", 1)
[20:10:15.432159] {Default Queue} wl_registry#32.global(60, "wp_commit_timing_manager_v1", 1)
[20:10:15.432161] {Default Queue} wl_registry#32.global(61, "zwlr_screencopy_manager_v1", 3)
[20:10:15.432163] {Default Queue} wl_registry#32.global(62, "hyprland_toplevel_export_manager_v1", 2)
[20:10:15.432165] {Default Queue} wl_registry#32.global(63, "ext_output_image_capture_source_manager_v1", 1)
[20:10:15.432167] {Default Queue} wl_registry#32.global(64, "ext_foreign_toplevel_image_capture_source_manager_v1", 1)
[20:10:15.432169] {Default Queue} wl_registry#32.global(65, "ext_image_copy_capture_manager_v1", 1)
[20:10:15.432172] {Default Queue} wl_registry#32.global(66, "wp_color_manager_v1", 3)
[20:10:15.432174] {Default Queue} wl_registry#32.global(67, "wl_drm", 2)
[20:10:15.432176] {Default Queue} wl_registry#32.global(68, "zwp_linux_dmabuf_v1", 5)
[20:10:15.432179] {Default Queue} wl_registry#32.global(69, "wl_output", 4)
[20:10:15.432181] {Default Queue} wl_callback#33.done(35)
[20:10:15.500395] {Default Queue}  -> wl_compositor#5.create_surface(new id wl_surface#33)
[20:10:15.500672] {mesa egl display queue}  -> wl_display#1.get_registry(new id wl_registry#36)
[20:10:15.500678] {mesa egl display queue}  -> wl_display#1.sync(new id wl_callback#37)
[20:10:15.501047] {Display Queue} wl_display#1.delete_id(37)
[20:10:15.501061] {mesa egl display queue} wl_registry#36.global(1, "wl_seat", 9)
[20:10:15.501065] {mesa egl display queue} wl_registry#36.global(2, "wl_data_device_manager", 3)
[20:10:15.501068] {mesa egl display queue} wl_registry#36.global(3, "wl_compositor", 6)
[20:10:15.501070] {mesa egl display queue} wl_registry#36.global(4, "wl_subcompositor", 1)
[20:10:15.501072] {mesa egl display queue} wl_registry#36.global(5, "wl_shm", 2)
[20:10:15.501074] {mesa egl display queue} wl_registry#36.global(6, "wp_viewporter", 1)
[20:10:15.501075] {mesa egl display queue} wl_registry#36.global(7, "wp_tearing_control_manager_v1", 1)
[20:10:15.501077] {mesa egl display queue} wl_registry#36.global(8, "wp_fractional_scale_manager_v1", 1)
[20:10:15.501079] {mesa egl display queue} wl_registry#36.global(9, "zxdg_output_manager_v1", 3)
[20:10:15.501081] {mesa egl display queue} wl_registry#36.global(10, "wp_cursor_shape_manager_v1", 2)
[20:10:15.501083] {mesa egl display queue} wl_registry#36.global(11, "zwp_idle_inhibit_manager_v1", 1)
[20:10:15.501085] {mesa egl display queue} wl_registry#36.global(12, "zwp_relative_pointer_manager_v1", 1)
[20:10:15.501087] {mesa egl display queue} wl_registry#36.global(13, "zxdg_decoration_manager_v1", 2)
[20:10:15.501093] {mesa egl display queue} wl_registry#36.global(14, "wp_alpha_modifier_v1", 1)
[20:10:15.501101] {mesa egl display queue} wl_registry#36.global(15, "zwlr_gamma_control_manager_v1", 1)
[20:10:15.501103] {mesa egl display queue} wl_registry#36.global(16, "ext_foreign_toplevel_list_v1", 1)
[20:10:15.501104] {mesa egl display queue} wl_registry#36.global(17, "zwp_pointer_gestures_v1", 3)
[20:10:15.501106] {mesa egl display queue} wl_registry#36.global(18, "zwlr_foreign_toplevel_manager_v1", 3)
[20:10:15.501108] {mesa egl display queue} wl_registry#36.global(19, "zwp_keyboard_shortcuts_inhibit_manager_v1", 1)
[20:10:15.501109] {mesa egl display queue} wl_registry#36.global(20, "zwp_text_input_manager_v1", 1)
[20:10:15.501111] {mesa egl display queue} wl_registry#36.global(21, "zwp_text_input_manager_v3", 1)
[20:10:15.501113] {mesa egl display queue} wl_registry#36.global(22, "zwp_pointer_constraints_v1", 1)
[20:10:15.501114] {mesa egl display queue} wl_registry#36.global(23, "zwlr_output_power_manager_v1", 1)
[20:10:15.501116] {mesa egl display queue} wl_registry#36.global(24, "xdg_activation_v1", 1)
[20:10:15.501118] {mesa egl display queue} wl_registry#36.global(25, "ext_idle_notifier_v1", 2)
[20:10:15.501119] {mesa egl display queue} wl_registry#36.global(26, "hyprland_lock_notifier_v1", 1)
[20:10:15.501121] {mesa egl display queue} wl_registry#36.global(27, "ext_session_lock_manager_v1", 1)
[20:10:15.501123] {mesa egl display queue} wl_registry#36.global(28, "zwp_input_method_manager_v2", 1)
[20:10:15.501124] {mesa egl display queue} wl_registry#36.global(29, "zwp_virtual_keyboard_manager_v1", 1)
[20:10:15.501126] {mesa egl display queue} wl_registry#36.global(30, "zwlr_virtual_pointer_manager_v1", 2)
[20:10:15.501128] {mesa egl display queue} wl_registry#36.global(31, "zwlr_output_manager_v1", 4)
[20:10:15.501129] {mesa egl display queue} wl_registry#36.global(32, "org_kde_kwin_server_decoration_manager", 1)
[20:10:15.501131] {mesa egl display queue} wl_registry#36.global(33, "hyprland_focus_grab_manager_v1", 1)
[20:10:15.501133] {mesa egl display queue} wl_registry#36.global(34, "zwp_tablet_manager_v2", 1)
[20:10:15.501134] {mesa egl display queue} wl_registry#36.global(35, "zwlr_layer_shell_v1", 5)
[20:10:15.501136] {mesa egl display queue} wl_registry#36.global(36, "wp_presentation", 2)
[20:10:15.501138] {mesa egl display queue}  -> wl_registry#36.bind(36, "wp_presentation", 1, new id [unknown]#38)
[20:10:15.501141] {mesa egl display queue} wl_registry#36.global(37, "xdg_wm_base", 7)
[20:10:15.501143] {mesa egl display queue} wl_registry#36.global(38, "zwlr_data_control_manager_v1", 2)
[20:10:15.501144] {mesa egl display queue} wl_registry#36.global(39, "zwp_primary_selection_device_manager_v1", 1)
[20:10:15.501146] {mesa egl display queue} wl_registry#36.global(40, "xwayland_shell_v1", 1)
[20:10:15.501148] {mesa egl display queue} wl_registry#36.global(41, "hyprland_toplevel_mapping_manager_v1", 1)
[20:10:15.501149] {mesa egl display queue} wl_registry#36.global(42, "hyprland_global_shortcuts_manager_v1", 1)
[20:10:15.501151] {mesa egl display queue} wl_registry#36.global(43, "xdg_wm_dialog_v1", 1)
[20:10:15.501153] {mesa egl display queue} wl_registry#36.global(44, "wp_single_pixel_buffer_manager_v1", 1)
[20:10:15.501154] {mesa egl display queue} wl_registry#36.global(45, "wp_security_context_manager_v1", 1)
[20:10:15.501156] {mesa egl display queue} wl_registry#36.global(46, "hyprland_ctm_control_manager_v1", 2)
[20:10:15.501158] {mesa egl display queue} wl_registry#36.global(47, "hyprland_input_capture_manager_v1", 1)
[20:10:15.501159] {mesa egl display queue} wl_registry#36.global(48, "hyprland_surface_manager_v1", 2)
[20:10:15.501161] {mesa egl display queue} wl_registry#36.global(49, "wp_content_type_manager_v1", 1)
[20:10:15.501163] {mesa egl display queue} wl_registry#36.global(50, "xdg_toplevel_tag_manager_v1", 1)
[20:10:15.501164] {mesa egl display queue} wl_registry#36.global(51, "xdg_system_bell_v1", 1)
[20:10:15.501167] {mesa egl display queue} wl_registry#36.global(52, "vicinae_hotkey_manager_v1", 1)
[20:10:15.501170] {mesa egl display queue} wl_registry#36.global(53, "ext_workspace_manager_v1", 1)
[20:10:15.501172] {mesa egl display queue} wl_registry#36.global(54, "ext_data_control_manager_v1", 1)
[20:10:15.501173] {mesa egl display queue} wl_registry#36.global(55, "wp_pointer_warp_v1", 1)
[20:10:15.501175] {mesa egl display queue} wl_registry#36.global(56, "wp_fifo_manager_v1", 1)
[20:10:15.501176] {mesa egl display queue} wl_registry#36.global(57, "zxdg_exporter_v2", 1)
[20:10:15.501178] {mesa egl display queue} wl_registry#36.global(58, "zxdg_importer_v2", 1)
[20:10:15.501181] {mesa egl display queue} wl_registry#36.global(59, "ext_background_effect_manager_v1", 1)
[20:10:15.501182] {mesa egl display queue} wl_registry#36.global(60, "wp_commit_timing_manager_v1", 1)
[20:10:15.501184] {mesa egl display queue} wl_registry#36.global(61, "zwlr_screencopy_manager_v1", 3)
[20:10:15.501186] {mesa egl display queue} wl_registry#36.global(62, "hyprland_toplevel_export_manager_v1", 2)
[20:10:15.501187] {mesa egl display queue} wl_registry#36.global(63, "ext_output_image_capture_source_manager_v1", 1)
[20:10:15.501189] {mesa egl display queue} wl_registry#36.global(64, "ext_foreign_toplevel_image_capture_source_manager_v1", 1)
[20:10:15.501191] {mesa egl display queue} wl_registry#36.global(65, "ext_image_copy_capture_manager_v1", 1)
[20:10:15.501193] {mesa egl display queue} wl_registry#36.global(66, "wp_color_manager_v1", 3)
[20:10:15.501195] {mesa egl display queue} wl_registry#36.global(67, "wl_drm", 2)
[20:10:15.501197] {mesa egl display queue} wl_registry#36.global(68, "zwp_linux_dmabuf_v1", 5)
[20:10:15.501199] {mesa egl display queue}  -> wl_registry#36.bind(68, "zwp_linux_dmabuf_v1", 4, new id [unknown]#39)
[20:10:15.501201] {mesa egl display queue} wl_registry#36.global(69, "wl_output", 4)
[20:10:15.501203] {mesa egl display queue} wl_callback#37.done(35)
[20:10:15.501206] {mesa egl display queue}  -> zwp_linux_dmabuf_v1#39.get_default_feedback(new id zwp_linux_dmabuf_feedback_v1#37)
[20:10:15.501210] {mesa egl display queue}  -> wl_display#1.sync(new id wl_callback#40)
[20:10:15.501435] {Display Queue} wl_display#1.delete_id(40)
[20:10:15.501449] {mesa egl display queue} wp_presentation#38.clock_id(1)
[20:10:15.501453] {mesa egl display queue} zwp_linux_dmabuf_feedback_v1#37.format_table(fd 12, 2960)
[20:10:15.501464] {mesa egl display queue} zwp_linux_dmabuf_feedback_v1#37.main_device(array[8])
[20:10:15.501704] {mesa egl display queue} zwp_linux_dmabuf_feedback_v1#37.tranche_target_device(array[8])
[20:10:15.501708] {mesa egl display queue} zwp_linux_dmabuf_feedback_v1#37.tranche_flags(0)
[20:10:15.501710] {mesa egl display queue} zwp_linux_dmabuf_feedback_v1#37.tranche_formats(array[370])
[20:10:15.501717] {mesa egl display queue} zwp_linux_dmabuf_feedback_v1#37.tranche_done()
[20:10:15.501719] {mesa egl display queue} zwp_linux_dmabuf_feedback_v1#37.done()
[20:10:15.501720] {mesa egl display queue} wl_callback#40.done(35)
[20:10:15.501723] {mesa egl display queue}  -> zwp_linux_dmabuf_feedback_v1#37.destroy()
[20:10:15.513090] {Default Queue}  -> wl_surface#33.destroy()
[20:10:15.513164] {Default Queue}  -> wl_compositor#5.create_surface(new id wl_surface#40)
[20:10:15.516341] {Default Queue}  -> wl_surface#40.destroy()
view-process-policy: related=1 distinct-manager=1
view-process-policy: related=1 distinct-manager=1
[20:10:15.526919] {Default Queue}  -> wl_compositor#5.create_surface(new id wl_surface#41)
[20:10:15.527255] {Default Queue}  -> wl_display#1.get_registry(new id wl_registry#42)
[20:10:15.527306] {Default Queue}  -> wl_surface#41.attach(nil, 0, 0)
[20:10:15.527311] {Default Queue}  -> zwlr_layer_shell_v1#34.get_layer_surface(new id zwlr_layer_surface_v1#43, wl_surface#41, wl_output#19, 2, "elm-shell-recovery-v17")
[20:10:15.527317] {Default Queue}  -> zwlr_layer_surface_v1#43.set_keyboard_interactivity(0)
[20:10:15.527319] {Default Queue}  -> zwlr_layer_surface_v1#43.set_exclusive_zone(48)
[20:10:15.527325] {Default Queue}  -> zwlr_layer_surface_v1#43.set_anchor(13)
[20:10:15.527333] {Default Queue}  -> zwlr_layer_surface_v1#43.set_margin(0, 0, 0, 0)
[20:10:15.527335] {Default Queue}  -> zwlr_layer_surface_v1#43.set_size(0, 48)
[20:10:15.527338] {Default Queue}  -> wl_surface#41.commit()
[20:10:15.527340] {Default Queue}  -> wl_display#1.sync(new id wl_callback#44)
[20:10:15.527509] {Display Queue} wl_display#1.delete_id(37)
[20:10:15.527515] {Display Queue} wl_display#1.delete_id(33)
[20:10:15.527517] {Display Queue} wl_display#1.delete_id(40)
[20:10:15.527519] {Display Queue} wl_display#1.delete_id(44)
[20:10:15.527520] {Default Queue} wl_registry#42.global(1, "wl_seat", 9)
[20:10:15.527523] {Default Queue} wl_registry#42.global(2, "wl_data_device_manager", 3)
[20:10:15.527525] {Default Queue} wl_registry#42.global(3, "wl_compositor", 6)
[20:10:15.527527] {Default Queue} wl_registry#42.global(4, "wl_subcompositor", 1)
[20:10:15.527529] {Default Queue} wl_registry#42.global(5, "wl_shm", 2)
[20:10:15.527531] {Default Queue} wl_registry#42.global(6, "wp_viewporter", 1)
[20:10:15.527533] {Default Queue} wl_registry#42.global(7, "wp_tearing_control_manager_v1", 1)
[20:10:15.527535] {Default Queue} wl_registry#42.global(8, "wp_fractional_scale_manager_v1", 1)
[20:10:15.527536] {Default Queue} wl_registry#42.global(9, "zxdg_output_manager_v1", 3)
[20:10:15.527538] {Default Queue} wl_registry#42.global(10, "wp_cursor_shape_manager_v1", 2)
[20:10:15.527540] {Default Queue} wl_registry#42.global(11, "zwp_idle_inhibit_manager_v1", 1)
[20:10:15.527542] {Default Queue} wl_registry#42.global(12, "zwp_relative_pointer_manager_v1", 1)
[20:10:15.527544] {Default Queue} wl_registry#42.global(13, "zxdg_decoration_manager_v1", 2)
[20:10:15.527546] {Default Queue} wl_registry#42.global(14, "wp_alpha_modifier_v1", 1)
[20:10:15.527548] {Default Queue} wl_registry#42.global(15, "zwlr_gamma_control_manager_v1", 1)
[20:10:15.527550] {Default Queue} wl_registry#42.global(16, "ext_foreign_toplevel_list_v1", 1)
[20:10:15.527551] {Default Queue} wl_registry#42.global(17, "zwp_pointer_gestures_v1", 3)
[20:10:15.527553] {Default Queue} wl_registry#42.global(18, "zwlr_foreign_toplevel_manager_v1", 3)
[20:10:15.527555] {Default Queue} wl_registry#42.global(19, "zwp_keyboard_shortcuts_inhibit_manager_v1", 1)
[20:10:15.527557] {Default Queue} wl_registry#42.global(20, "zwp_text_input_manager_v1", 1)
[20:10:15.527560] {Default Queue} wl_registry#42.global(21, "zwp_text_input_manager_v3", 1)
[20:10:15.527562] {Default Queue}  -> wl_registry#42.bind(21, "zwp_text_input_manager_v3", 1, new id [unknown]#40)
[20:10:15.527564] {Default Queue}  -> zwp_text_input_manager_v3#40.get_text_input(new id zwp_text_input_v3#33, wl_seat#22)
[20:10:15.527567] {Default Queue} wl_registry#42.global(22, "zwp_pointer_constraints_v1", 1)
[20:10:15.527569] {Default Queue} wl_registry#42.global(23, "zwlr_output_power_manager_v1", 1)
[20:10:15.527570] {Default Queue} wl_registry#42.global(24, "xdg_activation_v1", 1)
[20:10:15.527572] {Default Queue} wl_registry#42.global(25, "ext_idle_notifier_v1", 2)
[20:10:15.527574] {Default Queue} wl_registry#42.global(26, "hyprland_lock_notifier_v1", 1)
[20:10:15.527576] {Default Queue} wl_registry#42.global(27, "ext_session_lock_manager_v1", 1)
[20:10:15.527578] {Default Queue} wl_registry#42.global(28, "zwp_input_method_manager_v2", 1)
[20:10:15.527580] {Default Queue} wl_registry#42.global(29, "zwp_virtual_keyboard_manager_v1", 1)
[20:10:15.527581] {Default Queue} wl_registry#42.global(30, "zwlr_virtual_pointer_manager_v1", 2)
[20:10:15.527583] {Default Queue} wl_registry#42.global(31, "zwlr_output_manager_v1", 4)
[20:10:15.527585] {Default Queue} wl_registry#42.global(32, "org_kde_kwin_server_decoration_manager", 1)
[20:10:15.527587] {Default Queue} wl_registry#42.global(33, "hyprland_focus_grab_manager_v1", 1)
[20:10:15.527588] {Default Queue} wl_registry#42.global(34, "zwp_tablet_manager_v2", 1)
[20:10:15.527590] {Default Queue} wl_registry#42.global(35, "zwlr_layer_shell_v1", 5)
[20:10:15.527592] {Default Queue} wl_registry#42.global(36, "wp_presentation", 2)
[20:10:15.527596] {Default Queue} wl_registry#42.global(37, "xdg_wm_base", 7)
[20:10:15.527598] {Default Queue} wl_registry#42.global(38, "zwlr_data_control_manager_v1", 2)
[20:10:15.527600] {Default Queue} wl_registry#42.global(39, "zwp_primary_selection_device_manager_v1", 1)
[20:10:15.527602] {Default Queue} wl_registry#42.global(40, "xwayland_shell_v1", 1)
[20:10:15.527604] {Default Queue} wl_registry#42.global(41, "hyprland_toplevel_mapping_manager_v1", 1)
[20:10:15.527606] {Default Queue} wl_registry#42.global(42, "hyprland_global_shortcuts_manager_v1", 1)
[20:10:15.527607] {Default Queue} wl_registry#42.global(43, "xdg_wm_dialog_v1", 1)
[20:10:15.527609] {Default Queue} wl_registry#42.global(44, "wp_single_pixel_buffer_manager_v1", 1)
[20:10:15.527611] {Default Queue} wl_registry#42.global(45, "wp_security_context_manager_v1", 1)
[20:10:15.527612] {Default Queue} wl_registry#42.global(46, "hyprland_ctm_control_manager_v1", 2)
[20:10:15.527614] {Default Queue} wl_registry#42.global(47, "hyprland_input_capture_manager_v1", 1)
[20:10:15.527616] {Default Queue} wl_registry#42.global(48, "hyprland_surface_manager_v1", 2)
[20:10:15.527618] {Default Queue} wl_registry#42.global(49, "wp_content_type_manager_v1", 1)
[20:10:15.527619] {Default Queue} wl_registry#42.global(50, "xdg_toplevel_tag_manager_v1", 1)
[20:10:15.527621] {Default Queue} wl_registry#42.global(51, "xdg_system_bell_v1", 1)
[20:10:15.527623] {Default Queue} wl_registry#42.global(52, "vicinae_hotkey_manager_v1", 1)
[20:10:15.527625] {Default Queue} wl_registry#42.global(53, "ext_workspace_manager_v1", 1)
[20:10:15.527627] {Default Queue} wl_registry#42.global(54, "ext_data_control_manager_v1", 1)
[20:10:15.527628] {Default Queue} wl_registry#42.global(55, "wp_pointer_warp_v1", 1)
[20:10:15.527630] {Default Queue} wl_registry#42.global(56, "wp_fifo_manager_v1", 1)
[20:10:15.527632] {Default Queue} wl_registry#42.global(57, "zxdg_exporter_v2", 1)
[20:10:15.527634] {Default Queue} wl_registry#42.global(58, "zxdg_importer_v2", 1)
[20:10:15.527636] {Default Queue} wl_registry#42.global(59, "ext_background_effect_manager_v1", 1)
[20:10:15.527638] {Default Queue} wl_registry#42.global(60, "wp_commit_timing_manager_v1", 1)
[20:10:15.527640] {Default Queue} wl_registry#42.global(61, "zwlr_screencopy_manager_v1", 3)
[20:10:15.527642] {Default Queue} wl_registry#42.global(62, "hyprland_toplevel_export_manager_v1", 2)
[20:10:15.527644] {Default Queue} wl_registry#42.global(63, "ext_output_image_capture_source_manager_v1", 1)
[20:10:15.527645] {Default Queue} wl_registry#42.global(64, "ext_foreign_toplevel_image_capture_source_manager_v1", 1)
[20:10:15.527647] {Default Queue} wl_registry#42.global(65, "ext_image_copy_capture_manager_v1", 1)
[20:10:15.527649] {Default Queue} wl_registry#42.global(66, "wp_color_manager_v1", 3)
[20:10:15.527651] {Default Queue} wl_registry#42.global(67, "wl_drm", 2)
[20:10:15.527654] {Default Queue} wl_registry#42.global(68, "zwp_linux_dmabuf_v1", 5)
[20:10:15.527655] {Default Queue} wl_registry#42.global(69, "wl_output", 4)
[20:10:15.527657] {Default Queue} zwlr_layer_surface_v1#43.configure(36, 800, 48)
[20:10:15.527659] {Default Queue}  -> zwlr_layer_surface_v1#43.ack_configure(36)
[20:10:15.527662] {Default Queue} wl_callback#44.done(37)
[20:10:15.527692] {Default Queue}  -> wl_surface#41.commit()
view-added: id=1 geometry=0,0,800,600
shared-host-start: views=1 controllers=1 backend-clients=1 sandbox=1
[20:10:15.527964] {Default Queue} zwlr_layer_surface_v1#43.configure(38, 800, 48)
[20:10:15.527968] {Default Queue}  -> zwlr_layer_surface_v1#43.ack_configure(38)
[20:10:15.530776] {Default Queue}  -> wl_surface#41.set_buffer_scale(1)
[20:10:15.530839] {Default Queue}  -> wl_shm#7.create_pool(new id wl_shm_pool#44, fd 24, 153600)
[20:10:15.530848] {Default Queue}  -> wl_shm_pool#44.create_buffer(new id wl_buffer#37, 0, 800, 48, 3200, 0)
[20:10:15.530960] {Default Queue}  -> wl_surface#41.attach(wl_buffer#37, 0, 0)
[20:10:15.530965] {Default Queue}  -> wl_surface#41.set_buffer_scale(1)
[20:10:15.530968] {Default Queue}  -> wl_surface#41.damage(0, 0, 800, 48)
[20:10:15.530974] {Default Queue}  -> wl_compositor#5.create_region(new id wl_region#45)
[20:10:15.530980] {Default Queue}  -> wl_region#45.add(0, 0, 800, 48)
[20:10:15.530983] {Default Queue}  -> wl_surface#41.set_opaque_region(wl_region#45)
[20:10:15.530985] {Default Queue}  -> wl_region#45.destroy()
[20:10:15.530987] {Default Queue}  -> wl_surface#41.set_input_region(nil)
[20:10:15.530992] {Default Queue}  -> wl_surface#41.frame(new id wl_callback#46)
[20:10:15.530995] {Default Queue}  -> wl_surface#41.commit()
[20:10:15.531303] {Display Queue} wl_display#1.delete_id(45)
[20:10:15.531308] {Display Queue} wl_display#1.delete_id(46)
[20:10:15.531311] {Default Queue} wl_callback#46.done(368081467)
[20:10:15.531313] {Default Queue} wl_surface#41.enter(wl_output#19)
[20:10:15.531315] {Default Queue} wl_buffer#37.release()

** (process:2): WARNING **: 14:10:15.563: Can't connect to a11y bus: Could not connect: No such file or directory
[20:10:15.627655] {Default Queue}  -> wl_surface#41.set_buffer_scale(1)
[20:10:15.627680] {mesa egl surface queue}  -> zwp_linux_dmabuf_v1#39.get_surface_feedback(new id zwp_linux_dmabuf_feedback_v1#46, wl_surface#41)
[20:10:15.627690] {mesa egl display queue}  -> wl_display#1.sync(new id wl_callback#45)
[20:10:15.627814] {Display Queue} wl_display#1.delete_id(45)
[20:10:15.627831] {mesa egl display queue} wl_callback#45.done(38)
[20:10:15.627845] {mesa egl surface queue} zwp_linux_dmabuf_feedback_v1#46.format_table(fd 32, 2960)
[20:10:15.627856] {mesa egl surface queue} zwp_linux_dmabuf_feedback_v1#46.main_device(array[8])
[20:10:15.627860] {mesa egl surface queue} zwp_linux_dmabuf_feedback_v1#46.tranche_target_device(array[8])
[20:10:15.627862] {mesa egl surface queue} zwp_linux_dmabuf_feedback_v1#46.tranche_flags(0)
[20:10:15.627865] {mesa egl surface queue} zwp_linux_dmabuf_feedback_v1#46.tranche_formats(array[370])
[20:10:15.627871] {mesa egl surface queue} zwp_linux_dmabuf_feedback_v1#46.tranche_done()
[20:10:15.627876] {mesa egl surface queue} zwp_linux_dmabuf_feedback_v1#46.done()
[20:10:15.630371] {Default Queue}  -> wl_surface#41.attach(wl_buffer#37, 0, 0)
[20:10:15.630384] {Default Queue}  -> wl_surface#41.set_buffer_scale(1)
[20:10:15.630389] {Default Queue}  -> wl_surface#41.damage(0, 0, 800, 48)
[20:10:15.630402] {Default Queue}  -> wl_surface#41.frame(new id wl_callback#45)
[20:10:15.630405] {Default Queue}  -> wl_surface#41.commit()
[20:10:15.631456] {Default Queue} wl_buffer#37.release()
[20:10:15.638628] {Display Queue} wl_display#1.delete_id(45)
[20:10:15.638642] {Default Queue} wl_callback#45.done(368081574)
view-topology: {"viewProtocol":1,"kind":"view-topology","revision":"1","views":[{"id":"1","generation":"1"}]}
surface-report: origin=bar {"kind":"surface-report","body":{"publication":null,"lease":null,"buttons":[],"focus":"","text":""}}
view-report: id=1 x=0 y=0 {"kind":"surface-report","body":{"publication":null,"lease":null,"buttons":[],"focus":"","text":""}}
[20:10:15.648968] {Default Queue}  -> wl_buffer#37.destroy()
[20:10:15.648986] {Default Queue}  -> wl_shm_pool#44.destroy()
[20:10:15.653580] {mesa egl display queue}  -> zwp_linux_dmabuf_v1#39.create_params(new id zwp_linux_buffer_params_v1#45)
[20:10:15.653603] {mesa egl surface queue}  -> zwp_linux_buffer_params_v1#45.add(fd 29, 0, 0, 3584, 16777216, 15)
[20:10:15.653610] {mesa egl surface queue}  -> zwp_linux_buffer_params_v1#45.add(fd 31, 1, 229376, 448, 16777216, 15)
[20:10:15.653614] {mesa egl surface queue}  -> zwp_linux_buffer_params_v1#45.add(fd 40, 2, 233472, 64, 16777216, 15)
[20:10:15.653618] {mesa egl surface queue}  -> zwp_linux_buffer_params_v1#45.create_immed(new id wl_buffer#47, 800, 48, 875713089, 0)
[20:10:15.653622] {mesa egl surface queue}  -> zwp_linux_buffer_params_v1#45.destroy()
[20:10:15.653625] {mesa egl surface queue}  -> wl_surface#41.attach(wl_buffer#47, 0, 0)
[20:10:15.653628] {mesa egl surface queue}  -> wl_surface#41.damage(0, 0, 2147483647, 2147483647)
[20:10:15.653630] {mesa egl surface queue}  -> wl_surface#41.commit()
[20:10:15.653639] {mesa egl surface queue}  -> wl_display#1.sync(new id wl_callback#48)
surface-commit: publication=3 lease=0 open=0
view-commit: popup=0 focus=1 publication=3
surface-inspection: {"surfaceProtocol":2,"kind":"surface-inspection","publication":"3","lease":"0","body":{"phase":"Detached","transaction":"Idle","groups":[],"menu":null,"mode":"closed","outstanding":0,"registry":0,"picker":null,"openerId":"applications:detached:2:control:opener","reconnectId":"reconnect"}}
[20:10:15.653969] discarded [unknown]#37.[event 0](0 fd, 8 byte)
[20:10:15.653978] {Display Queue} wl_display#1.delete_id(37)
[20:10:15.653982] {Display Queue} wl_display#1.delete_id(44)
[20:10:15.653984] {Display Queue} wl_display#1.delete_id(45)
[20:10:15.653986] {Display Queue} wl_display#1.delete_id(48)
[20:10:15.676782] {mesa egl surface queue} wl_callback#48.done(38)
[20:10:15.677076] {mesa egl display queue}  -> zwp_linux_dmabuf_v1#39.create_params(new id zwp_linux_buffer_params_v1#48)
[20:10:15.677092] {mesa egl surface queue}  -> zwp_linux_buffer_params_v1#48.add(fd 29, 0, 0, 3584, 16777216, 15)
[20:10:15.677100] {mesa egl surface queue}  -> zwp_linux_buffer_params_v1#48.add(fd 31, 1, 229376, 448, 16777216, 15)
[20:10:15.677105] {mesa egl surface queue}  -> zwp_linux_buffer_params_v1#48.add(fd 40, 2, 233472, 64, 16777216, 15)
[20:10:15.677109] {mesa egl surface queue}  -> zwp_linux_buffer_params_v1#48.create_immed(new id wl_buffer#45, 800, 48, 875713089, 0)
[20:10:15.677114] {mesa egl surface queue}  -> zwp_linux_buffer_params_v1#48.destroy()
[20:10:15.677117] {mesa egl surface queue}  -> wl_surface#41.attach(wl_buffer#45, 0, 0)
[20:10:15.677121] {mesa egl surface queue}  -> wl_surface#41.damage(0, 0, 2147483647, 2147483647)
[20:10:15.677124] {mesa egl surface queue}  -> wl_surface#41.commit()
[20:10:15.677127] {mesa egl surface queue}  -> wl_display#1.sync(new id wl_callback#44)
[20:10:15.677387] {Display Queue} wl_display#1.delete_id(48)
[20:10:15.677398] {Display Queue} wl_display#1.delete_id(44)
surface-report: origin=bar {"kind":"surface-report","body":{"publication":"3","lease":"0","buttons":[{"id":"reconnect","label":"Reconnect","accessibleName":"Reconnect to the window system","disabled":true,"x":1,"y":1,"width":80,"height":46}],"focus":"","text":"\nReconnect\nConnecting…"}}
view-report: id=1 x=0 y=0 {"kind":"surface-report","body":{"publication":"3","lease":"0","buttons":[{"id":"reconnect","label":"Reconnect","accessibleName":"Reconnect to the window system","disabled":true,"x":1,"y":1,"width":80,"height":46}],"focus":"","text":"\nReconnect\nConnecting…"}}
backend-frame: {"protocolVersion":3,"kind":"attached","binding":{"lifetime":"4497595854482148383","session":"5","frontend":"1"},"previewFdAddress":"elm-preview-2893962-4497595854482148383","compositor":{"pid":2893962,"instance":"efb50993780079460b0cbed1363e2166a2de1d9f_1791403807_2029229088","coreHash":"efb50993780079460b0cbed1363e2166a2de1d9f_aq_0.15_hu_0.14_hg_0.5_hc_0.1_hlg_0.6"},"capabilities":{"observe":true,"effects":true,"minimizedState":true,"effectProtocol":1,"operations":["minimize","restore","activate"],"canonicalScene":false,"taskbarProjectionProtocol":1,"effectInvalidationProtocol":1}}
backend-frame: {"protocolVersion":3,"kind":"host-recovery-watermarks","binding":{"lifetime":"4497595854482148383","session":"5","frontend":"1"},"request":"1","generation":"1"}
backend-frame: {"protocolVersion":3,"kind":"host-reservation-unknown","binding":{"lifetime":"4497595854482148383","session":"5","frontend":"1"},"record":{"binding":{"frontend":"1","lifetime":"4497595854482148383","session":"3"},"effectProtocol":1,"intent":{"context":{"epoch":"1","lifetime":"4497595854482148383","output":"1","revision":"1"},"generation":"1","incarnation":"2","operation":"minimize","request":"1"},"schema":2,"status":"Unknown"}}
backend-frame: {"protocolVersion":3,"kind":"binding-retirement","retirementProtocol":1,"operation":"retire","binding":{"lifetime":"4497595854482148383","session":"5","frontend":"1"},"queriedBinding":{"lifetime":"4497595854482148383","session":"3","frontend":"1"},"requestId":"1","sequence":"1","grantState":"Retired"}
backend-frame: {"protocolVersion":3,"kind":"host-geometry-negotiate"}
frontend-request: {"protocolVersion":3,"kind":"projection-request","binding":{"lifetime":"4497595854482148383","session":"5","frontend":"1"},"requestId":"1"}
surface-commit: publication=4 lease=0 open=0
view-commit: popup=0 focus=1 publication=4
surface-inspection: {"surfaceProtocol":2,"kind":"surface-inspection","publication":"4","lease":"0","body":{"phase":"Awaiting","transaction":"Idle","groups":[],"menu":null,"mode":"closed","outstanding":0,"registry":0,"picker":null,"openerId":"applications:{\"lifetime\":\"4497595854482148383\",\"session\":\"5\",\"frontend\":\"1\"}:3:control:opener","reconnectId":"reconnect"}}
backend-frame: {"protocolVersion":3,"kind":"action-projection","binding":{"lifetime":"4497595854482148383","session":"5","frontend":"1"},"requestId":"1","context":{"lifetime":"4497595854482148383","epoch":"1","output":"1","revision":"2"},"scene":{"revision":"2","focused":null,"windows":[{"incarnation":"2","application":"GTK Application","label":"ELM-AUTHORITY-FIXTURE","minimized":true,"owner":null,"available":true}]}}
surface-commit: publication=5 lease=0 open=0
view-commit: popup=0 focus=1 publication=5
surface-inspection: {"surfaceProtocol":2,"kind":"surface-inspection","publication":"5","lease":"0","body":{"phase":"Awaiting","transaction":"Idle","groups":[],"menu":null,"mode":"closed","outstanding":0,"registry":0,"picker":null,"openerId":"applications:{\"lifetime\":\"4497595854482148383\",\"session\":\"5\",\"frontend\":\"1\"}:3:control:opener","reconnectId":"reconnect"}}
surface-commit: publication=6 lease=0 open=0
view-commit: popup=0 focus=1 publication=6
surface-inspection: {"surfaceProtocol":2,"kind":"surface-inspection","publication":"6","lease":"0","body":{"phase":"Awaiting","transaction":"Unknown","groups":[],"menu":null,"mode":"closed","outstanding":0,"registry":0,"picker":null,"openerId":"applications:{\"lifetime\":\"4497595854482148383\",\"session\":\"5\",\"frontend\":\"1\"}:3:control:opener","reconnectId":"reconnect"}}
frontend-request: {"protocolVersion":3,"kind":"reconciliation-ready","binding":{"lifetime":"4497595854482148383","session":"5","frontend":"1"},"proofRequestId":"1","queriedBinding":{"lifetime":"4497595854482148383","session":"3","frontend":"1"}}
frontend-request: {"protocolVersion":3,"kind":"projection-request","binding":{"lifetime":"4497595854482148383","session":"5","frontend":"1"},"requestId":"2"}
surface-commit: publication=7 lease=0 open=0
view-commit: popup=0 focus=1 publication=7
surface-inspection: {"surfaceProtocol":2,"kind":"surface-inspection","publication":"7","lease":"0","body":{"phase":"Awaiting","transaction":"Unknown","groups":[],"menu":null,"mode":"closed","outstanding":0,"registry":0,"picker":null,"openerId":"applications:{\"lifetime\":\"4497595854482148383\",\"session\":\"5\",\"frontend\":\"1\"}:3:control:opener","reconnectId":"reconnect"}}
frontend-request: {"protocolVersion":3,"kind":"geometry-attach","geometryProtocol":2,"binding":{"lifetime":"4497595854482148383","session":"5","frontend":"1"},"requestId":"3"}
surface-commit: publication=8 lease=0 open=0
view-commit: popup=0 focus=1 publication=8
surface-inspection: {"surfaceProtocol":2,"kind":"surface-inspection","publication":"8","lease":"0","body":{"phase":"Awaiting","transaction":"Unknown","groups":[],"menu":null,"mode":"closed","outstanding":0,"registry":0,"picker":null,"openerId":"applications:{\"lifetime\":\"4497595854482148383\",\"session\":\"5\",\"frontend\":\"1\"}:3:control:opener","reconnectId":"reconnect"}}
surface-inspection: {"surfaceProtocol":2,"kind":"surface-inspection","publication":"8","lease":"0","body":{"phase":"Awaiting","transaction":"Unknown","groups":[],"menu":null,"mode":"closed","outstanding":0,"registry":0,"picker":null,"openerId":"applications:{\"lifetime\":\"4497595854482148383\",\"session\":\"5\",\"frontend\":\"1\"}:3:control:opener","reconnectId":"reconnect"}}
surface-inspection: {"surfaceProtocol":2,"kind":"surface-inspection","publication":"8","lease":"0","body":{"phase":"Awaiting","transaction":"Unknown","groups":[],"menu":null,"mode":"closed","outstanding":0,"registry":0,"picker":null,"openerId":"applications:{\"lifetime\":\"4497595854482148383\",\"session\":\"5\",\"frontend\":\"1\"}:3:control:opener","reconnectId":"reconnect"}}
backend-frame: {"protocolVersion":3,"kind":"action-projection","binding":{"lifetime":"4497595854482148383","session":"5","frontend":"1"},"requestId":"2","context":{"lifetime":"4497595854482148383","epoch":"1","output":"1","revision":"2"},"scene":{"revision":"2","focused":null,"windows":[{"incarnation":"2","application":"GTK Application","label":"ELM-AUTHORITY-FIXTURE","minimized":true,"owner":null,"available":true}]}}
surface-inspection: {"surfaceProtocol":2,"kind":"surface-inspection","publication":"8","lease":"0","body":{"phase":"Awaiting","transaction":"Unknown","groups":[],"menu":null,"mode":"closed","outstanding":0,"registry":0,"picker":null,"openerId":"applications:{\"lifetime\":\"4497595854482148383\",\"session\":\"5\",\"frontend\":\"1\"}:3:control:opener","reconnectId":"reconnect"}}
backend-frame: {"protocolVersion":3,"kind":"geometry-attached","geometryProtocol":2,"binding":{"lifetime":"4497595854482148383","session":"5","frontend":"1"},"requestId":"3","capabilities":{"observe":true,"effects":true,"effectProtocol":2,"operations":["maximize","restore-geometry"],"placementCapacity":256,"canonicalScene":false}}
surface-inspection: {"surfaceProtocol":2,"kind":"surface-inspection","publication":"8","lease":"0","body":{"phase":"Awaiting","transaction":"Unknown","groups":[],"menu":null,"mode":"closed","outstanding":0,"registry":0,"picker":null,"openerId":"applications:{\"lifetime\":\"4497595854482148383\",\"session\":\"5\",\"frontend\":\"1\"}:3:control:opener","reconnectId":"reconnect"}}
surface-commit: publication=9 lease=0 open=0
view-commit: popup=0 focus=1 publication=9
surface-inspection: {"surfaceProtocol":2,"kind":"surface-inspection","publication":"9","lease":"0","body":{"phase":"Coherent","transaction":"Unknown","groups":[{"key":"application:GTK Application","domId":"group:{\"lifetime\":\"4497595854482148383\",\"session\":\"5\",\"frontend\":\"1\"}:1:2:application:GTK Application","title":"ELM-AUTHORITY-FIXTURE","active":false,"expanded":false}],"menu":null,"mode":"closed","outstanding":0,"registry":0,"picker":null,"openerId":"applications:{\"lifetime\":\"4497595854482148383\",\"session\":\"5\",\"frontend\":\"1\"}:3:control:opener","reconnectId":"reconnect"}}
frontend-request: {"protocolVersion":3,"kind":"reconciliation-ready","binding":{"lifetime":"4497595854482148383","session":"5","frontend":"1"},"proofRequestId":"1","queriedBinding":{"lifetime":"4497595854482148383","session":"3","frontend":"1"}}
frontend-request: {"protocolVersion":3,"kind":"geometry-facts-request","geometryProtocol":2,"binding":{"lifetime":"4497595854482148383","session":"5","frontend":"1"},"requestId":"4","minimumWatermark":"0"}
surface-commit: publication=10 lease=0 open=0
view-commit: popup=0 focus=1 publication=10
surface-inspection: {"surfaceProtocol":2,"kind":"surface-inspection","publication":"10","lease":"0","body":{"phase":"Coherent","transaction":"Unknown","groups":[{"key":"application:GTK Application","domId":"group:{\"lifetime\":\"4497595854482148383\",\"session\":\"5\",\"frontend\":\"1\"}:1:2:application:GTK Application","title":"ELM-AUTHORITY-FIXTURE","active":false,"expanded":false}],"menu":null,"mode":"closed","outstanding":0,"registry":0,"picker":null,"openerId":"applications:{\"lifetime\":\"4497595854482148383\",\"session\":\"5\",\"frontend\":\"1\"}:3:control:opener","reconnectId":"reconnect"}}
surface-inspection: {"surfaceProtocol":2,"kind":"surface-inspection","publication":"10","lease":"0","body":{"phase":"Coherent","transaction":"Unknown","groups":[{"key":"application:GTK Application","domId":"group:{\"lifetime\":\"4497595854482148383\",\"session\":\"5\",\"frontend\":\"1\"}:1:2:application:GTK Application","title":"ELM-AUTHORITY-FIXTURE","active":false,"expanded":false}],"menu":null,"mode":"closed","outstanding":0,"registry":0,"picker":null,"openerId":"applications:{\"lifetime\":\"4497595854482148383\",\"session\":\"5\",\"frontend\":\"1\"}:3:control:opener","reconnectId":"reconnect"}}
backend-frame: {"protocolVersion":3,"kind":"geometry-facts","geometryProtocol":2,"binding":{"lifetime":"4497595854482148383","session":"5","frontend":"1"},"requestId":"4","sequence":"2","revision":"2","outputGeneration":"1","facts":{"focused":null,"inputBlocked":false,"windows":[{"incarnation":"2","owner":null,"workspace":"1","workspaceGeneration":"1","monitor":"0","outputOwnershipGeneration":"1","workAreaRevision":"1","workArea":[0,48,800,552],"logicalGeometry":[20,68,760,512],"visualGeometry":[21,69,758,510],"nativeMode":"ordinary","clientMode":"ordinary","minimized":true,"floating":false,"grouped":false,"fixedSize":false,"constrainedSize":true,"geometryEligible":false,"ordinaryPlacementKnown":false,"sizePolicy":{"inputs":{"profile":"wayland-zero-origin-v1","rawMinimum":[108,42],"rawMaximum":[0,0],"layoutMinimum":[108,42],"layoutMaximum":[1.7976931348623157e+308,1.7976931348623157e+308],"geometryOrigin":[0,0],"reservedTopLeft":[1,1],"reservedBottomRight":[1,1],"monitorScale":1},"maximize":{"logical":[0,48,800,552],"visual":null,"real":[1,49,798,550],"configure":[798,550]},"restoreGeometry":null},"capabilities":{"maximize":false,"restoreGeometry":false}}]}}
surface-commit: publication=11 lease=0 open=0
view-commit: popup=0 focus=1 publication=11
surface-inspection: {"surfaceProtocol":2,"kind":"surface-inspection","publication":"11","lease":"0","body":{"phase":"Coherent","transaction":"Unknown","groups":[{"key":"application:GTK Application","domId":"group:{\"lifetime\":\"4497595854482148383\",\"session\":\"5\",\"frontend\":\"1\"}:1:2:application:GTK Application","title":"ELM-AUTHORITY-FIXTURE","active":false,"expanded":false}],"menu":null,"mode":"closed","outstanding":0,"registry":0,"picker":null,"openerId":"applications:{\"lifetime\":\"4497595854482148383\",\"session\":\"5\",\"frontend\":\"1\"}:3:control:opener","reconnectId":"reconnect"}}
backend-frame: {"protocolVersion":3,"kind":"host-reservation-released","binding":{"lifetime":"4497595854482148383","session":"5","frontend":"1"},"record":{"binding":{"frontend":"1","lifetime":"4497595854482148383","session":"3"},"effectProtocol":1,"intent":{"context":{"epoch":"1","lifetime":"4497595854482148383","output":"1","revision":"1"},"generation":"1","incarnation":"2","operation":"minimize","request":"1"},"schema":2,"status":"Unknown"},"release":{"id":"c41fb7c57e0dc154ae39796801354f249279010a1f1ac1cfbfb44685538d36fa","proof":{"protocolVersion":3,"kind":"binding-retirement","retirementProtocol":1,"operation":"retire","binding":{"lifetime":"4497595854482148383","session":"5","frontend":"1"},"queriedBinding":{"lifetime":"4497595854482148383","session":"3","frontend":"1"},"requestId":"1","sequence":"1","grantState":"Retired"},"observation":{"actionRequestId":"2","geometryRequestId":"4","actionContext":{"lifetime":"4497595854482148383","epoch":"1","output":"1","revision":"2"},"geometryContext":{"lifetime":"4497595854482148383","epoch":"1","output":"1","revision":"2"}}}}
surface-commit: publication=12 lease=0 open=0
view-commit: popup=0 focus=1 publication=12
surface-inspection: {"surfaceProtocol":2,"kind":"surface-inspection","publication":"12","lease":"0","body":{"phase":"Coherent","transaction":"Unknown","groups":[{"key":"application:GTK Application","domId":"group:{\"lifetime\":\"4497595854482148383\",\"session\":\"5\",\"frontend\":\"1\"}:1:2:application:GTK Application","title":"ELM-AUTHORITY-FIXTURE","active":false,"expanded":false}],"menu":null,"mode":"closed","outstanding":0,"registry":0,"picker":null,"openerId":"applications:{\"lifetime\":\"4497595854482148383\",\"session\":\"5\",\"frontend\":\"1\"}:3:control:opener","reconnectId":"reconnect"}}
[20:10:15.748498] {mesa egl surface queue} wl_callback#44.done(38)
[20:10:15.748514] {mesa egl surface queue} wl_buffer#47.release()
[20:10:15.748518] {mesa egl surface queue}  -> wl_buffer#47.destroy()
[20:10:15.748887] {mesa egl display queue}  -> zwp_linux_dmabuf_v1#39.create_params(new id zwp_linux_buffer_params_v1#44)
[20:10:15.748905] {mesa egl surface queue}  -> zwp_linux_buffer_params_v1#44.add(fd 42, 0, 0, 3584, 16777216, 15)
[20:10:15.748914] {mesa egl surface queue}  -> zwp_linux_buffer_params_v1#44.add(fd 43, 1, 229376, 448, 16777216, 15)
[20:10:15.748918] {mesa egl surface queue}  -> zwp_linux_buffer_params_v1#44.add(fd 44, 2, 233472, 64, 16777216, 15)
[20:10:15.748920] {mesa egl surface queue}  -> zwp_linux_buffer_params_v1#44.create_immed(new id wl_buffer#48, 800, 48, 875713089, 0)
[20:10:15.748925] {mesa egl surface queue}  -> zwp_linux_buffer_params_v1#44.destroy()
[20:10:15.748928] {mesa egl surface queue}  -> wl_surface#41.attach(wl_buffer#48, 0, 0)
[20:10:15.748931] {mesa egl surface queue}  -> wl_surface#41.damage(0, 0, 2147483647, 2147483647)
[20:10:15.748934] {mesa egl surface queue}  -> wl_surface#41.commit()
[20:10:15.748937] {mesa egl surface queue}  -> wl_display#1.sync(new id wl_callback#37)
[20:10:15.749275] discarded [unknown]#47.[event 0](0 fd, 8 byte)
[20:10:15.749278] discarded [unknown]#47.[event 0](0 fd, 8 byte)
[20:10:15.749283] {Display Queue} wl_display#1.delete_id(47)
[20:10:15.749286] {Display Queue} wl_display#1.delete_id(44)
[20:10:15.749288] {Display Queue} wl_display#1.delete_id(37)
surface-report: origin=bar {"kind":"surface-report","body":{"publication":"12","lease":"0","buttons":[{"id":"applications:{\"lifetime\":\"4497595854482148383\",\"session\":\"5\",\"frontend\":\"1\"}:3:control:opener","label":"Applications","accessibleName":"Open applications","disabled":false,"x":1,"y":1,"width":80,"height":46},{"id":"group:{\"lifetime\":\"4497595854482148383\",\"session\":\"5\",\"frontend\":\"1\"}:1:2:application:GTK Application","label":"ELM-AUTHORITY-FIXTURE1","accessibleName":"Restore ELM-AUTHORITY-FIXTURE","disabled":false,"x":83,"y":1,"width":240,"height":46}],"focus":"","text":"\nApplications\n\nELM-AUTHORITY-FIXTURE\n1\nPrevious request remains unconfirmed. Choose a new window action. The last request could not be confirmed."}}
view-report: id=1 x=0 y=0 {"kind":"surface-report","body":{"publication":"12","lease":"0","buttons":[{"id":"applications:{\"lifetime\":\"4497595854482148383\",\"session\":\"5\",\"frontend\":\"1\"}:3:control:opener","label":"Applications","accessibleName":"Open applications","disabled":false,"x":1,"y":1,"width":80,"height":46},{"id":"group:{\"lifetime\":\"4497595854482148383\",\"session\":\"5\",\"frontend\":\"1\"}:1:2:application:GTK Application","label":"ELM-AUTHORITY-FIXTURE1","accessibleName":"Restore ELM-AUTHORITY-FIXTURE","disabled":false,"x":83,"y":1,"width":240,"height":46}],"focus":"","text":"\nApplications\n\nELM-AUTHORITY-FIXTURE\n1\nPrevious request remains unconfirmed. Choose a new window action. The last request could not be confirmed."}}
[20:10:16.703561] {Default Queue} wl_pointer#21.enter(39, wl_surface#41, 203.00000000, 24.00000000)
[20:10:16.703596] {Default Queue} wl_pointer#21.frame()
[20:10:16.703639] {Default Queue}  -> wp_cursor_shape_device_v1#30.set_shape(39, 1)
[20:10:16.703644] {Default Queue} wl_pointer#21.motion(368082638, 203.00000000, 24.00000000)
[20:10:16.703646] {Default Queue} wl_pointer#21.frame()
[20:10:16.804027] {Default Queue} wl_pointer#21.button(40, 368082739, 272, 1)
[20:10:16.804046] {Default Queue} wl_pointer#21.frame()
context-input-report: {"kind":"context-input-report","phase":"press","button":0,"buttons":1,"trusted":true,"id":"bar:group:application:GTK Application"}
surface-report: origin=bar {"kind":"surface-report","body":{"publication":"12","lease":"0","buttons":[{"id":"applications:{\"lifetime\":\"4497595854482148383\",\"session\":\"5\",\"frontend\":\"1\"}:3:control:opener","label":"Applications","accessibleName":"Open applications","disabled":false,"x":1,"y":1,"width":80,"height":46},{"id":"group:{\"lifetime\":\"4497595854482148383\",\"session\":\"5\",\"frontend\":\"1\"}:1:2:application:GTK Application","label":"ELM-AUTHORITY-FIXTURE1","accessibleName":"Restore ELM-AUTHORITY-FIXTURE","disabled":false,"x":83,"y":1,"width":240,"height":46}],"focus":"group:{\"lifetime\":\"4497595854482148383\",\"session\":\"5\",\"frontend\":\"1\"}:1:2:application:GTK Application","text":"\nApplications\n\nELM-AUTHORITY-FIXTURE\n1\nPrevious request remains unconfirmed. Choose a new window action. The last request could not be confirmed."}}
view-report: id=1 x=0 y=0 {"kind":"surface-report","body":{"publication":"12","lease":"0","buttons":[{"id":"applications:{\"lifetime\":\"4497595854482148383\",\"session\":\"5\",\"frontend\":\"1\"}:3:control:opener","label":"Applications","accessibleName":"Open applications","disabled":false,"x":1,"y":1,"width":80,"height":46},{"id":"group:{\"lifetime\":\"4497595854482148383\",\"session\":\"5\",\"frontend\":\"1\"}:1:2:application:GTK Application","label":"ELM-AUTHORITY-FIXTURE1","accessibleName":"Restore ELM-AUTHORITY-FIXTURE","disabled":false,"x":83,"y":1,"width":240,"height":46}],"focus":"group:{\"lifetime\":\"4497595854482148383\",\"session\":\"5\",\"frontend\":\"1\"}:1:2:application:GTK Application","text":"\nApplications\n\nELM-AUTHORITY-FIXTURE\n1\nPrevious request remains unconfirmed. Choose a new window action. The last request could not be confirmed."}}
[20:10:16.854493] {Default Queue} wl_pointer#21.button(41, 368082790, 272, 0)
[20:10:16.854523] {Default Queue} wl_pointer#21.frame()
context-input-report: {"kind":"context-input-report","phase":"release","button":0,"buttons":0,"trusted":true,"id":"bar:group:application:GTK Application"}
host-intent-durable: {"schema":2,"effectProtocol":1,"binding":{"lifetime":"4497595854482148383","session":"5","frontend":"1"},"intent":{"request":"2","generation":"2","incarnation":"2","operation":"restore","context":{"lifetime":"4497595854482148383","epoch":"1","output":"1","revision":"2"}},"status":"Pending"}
frontend-request: {"protocolVersion":3,"kind":"window-effect","effectProtocol":1,"binding":{"lifetime":"4497595854482148383","session":"5","frontend":"1"},"intent":{"request":"2","generation":"2","incarnation":"2","operation":"restore","context":{"lifetime":"4497595854482148383","epoch":"1","output":"1","revision":"2"}}}
surface-commit: publication=13 lease=0 open=0
view-commit: popup=0 focus=1 publication=13
surface-inspection: {"surfaceProtocol":2,"kind":"surface-inspection","publication":"13","lease":"0","body":{"phase":"Coherent","transaction":"Pending","groups":[{"key":"application:GTK Application","domId":"group:{\"lifetime\":\"4497595854482148383\",\"session\":\"5\",\"frontend\":\"1\"}:1:2:application:GTK Application","title":"ELM-AUTHORITY-FIXTURE","active":false,"expanded":false}],"menu":null,"mode":"closed","outstanding":0,"registry":0,"picker":null,"openerId":"applications:{\"lifetime\":\"4497595854482148383\",\"session\":\"5\",\"frontend\":\"1\"}:3:control:opener","reconnectId":"reconnect"}}
surface-inspection: {"surfaceProtocol":2,"kind":"surface-inspection","publication":"13","lease":"0","body":{"phase":"Coherent","transaction":"Pending","groups":[{"key":"application:GTK Application","domId":"group:{\"lifetime\":\"4497595854482148383\",\"session\":\"5\",\"frontend\":\"1\"}:1:2:application:GTK Application","title":"ELM-AUTHORITY-FIXTURE","active":false,"expanded":false}],"menu":null,"mode":"closed","outstanding":0,"registry":0,"picker":null,"openerId":"applications:{\"lifetime\":\"4497595854482148383\",\"session\":\"5\",\"frontend\":\"1\"}:3:control:opener","reconnectId":"reconnect"}}
backend-frame: {"protocolVersion":3,"kind":"effect-outcome","effectProtocol":1,"binding":{"lifetime":"4497595854482148383","session":"5","frontend":"1"},"intent":{"request":"2","generation":"2","incarnation":"2","operation":"restore","context":{"lifetime":"4497595854482148383","epoch":"1","output":"1","revision":"2"}},"status":"Committed","reason":"applied","revision":"3","outputGeneration":"1"}
backend-frame: {"protocolVersion":3,"kind":"host-refresh"}
frontend-request: {"protocolVersion":3,"kind":"projection-request","binding":{"lifetime":"4497595854482148383","session":"5","frontend":"1"},"requestId":"5"}
frontend-request: {"protocolVersion":3,"kind":"geometry-facts-request","geometryProtocol":2,"binding":{"lifetime":"4497595854482148383","session":"5","frontend":"1"},"requestId":"6","minimumWatermark":"2"}
surface-commit: publication=14 lease=0 open=0
view-commit: popup=0 focus=1 publication=14
surface-inspection: {"surfaceProtocol":2,"kind":"surface-inspection","publication":"14","lease":"0","body":{"phase":"Awaiting","transaction":"Committed","groups":[{"key":"application:GTK Application","domId":"group:{\"lifetime\":\"4497595854482148383\",\"session\":\"5\",\"frontend\":\"1\"}:1:2:application:GTK Application","title":"ELM-AUTHORITY-FIXTURE","active":false,"expanded":false}],"menu":null,"mode":"closed","outstanding":0,"registry":0,"picker":null,"openerId":"applications:{\"lifetime\":\"4497595854482148383\",\"session\":\"5\",\"frontend\":\"1\"}:3:control:opener","reconnectId":"reconnect"}}
surface-commit: publication=15 lease=0 open=0
view-commit: popup=0 focus=1 publication=15
surface-inspection: {"surfaceProtocol":2,"kind":"surface-inspection","publication":"15","lease":"0","body":{"phase":"Awaiting","transaction":"Committed","groups":[{"key":"application:GTK Application","domId":"group:{\"lifetime\":\"4497595854482148383\",\"session\":\"5\",\"frontend\":\"1\"}:1:2:application:GTK Application","title":"ELM-AUTHORITY-FIXTURE","active":false,"expanded":false}],"menu":null,"mode":"closed","outstanding":0,"registry":0,"picker":null,"openerId":"applications:{\"lifetime\":\"4497595854482148383\",\"session\":\"5\",\"frontend\":\"1\"}:3:control:opener","reconnectId":"reconnect"}}
backend-frame: {"protocolVersion":3,"kind":"action-projection","binding":{"lifetime":"4497595854482148383","session":"5","frontend":"1"},"requestId":"5","context":{"lifetime":"4497595854482148383","epoch":"1","output":"1","revision":"3"},"scene":{"revision":"3","focused":"2","windows":[{"incarnation":"2","application":"GTK Application","label":"ELM-AUTHORITY-FIXTURE","minimized":false,"owner":null,"available":true}]}}
backend-frame: {"protocolVersion":3,"kind":"geometry-facts","geometryProtocol":2,"binding":{"lifetime":"4497595854482148383","session":"5","frontend":"1"},"requestId":"6","sequence":"3","revision":"3","outputGeneration":"1","facts":{"focused":"2","inputBlocked":false,"windows":[{"incarnation":"2","owner":null,"workspace":"1","workspaceGeneration":"1","monitor":"0","outputOwnershipGeneration":"1","workAreaRevision":"1","workArea":[0,48,800,552],"logicalGeometry":[20,68,760,512],"visualGeometry":[21,69,758,510],"nativeMode":"ordinary","clientMode":"ordinary","minimized":false,"floating":false,"grouped":false,"fixedSize":false,"constrainedSize":true,"geometryEligible":false,"ordinaryPlacementKnown":false,"sizePolicy":{"inputs":{"profile":"wayland-zero-origin-v1","rawMinimum":[108,42],"rawMaximum":[0,0],"layoutMinimum":[108,42],"layoutMaximum":[1.7976931348623157e+308,1.7976931348623157e+308],"geometryOrigin":[0,0],"reservedTopLeft":[1,1],"reservedBottomRight":[1,1],"monitorScale":1},"maximize":{"logical":[0,48,800,552],"visual":null,"real":[1,49,798,550],"configure":[798,550]},"restoreGeometry":null},"capabilities":{"maximize":false,"restoreGeometry":false}}]}}
surface-inspection: {"surfaceProtocol":2,"kind":"surface-inspection","publication":"15","lease":"0","body":{"phase":"Awaiting","transaction":"Committed","groups":[{"key":"application:GTK Application","domId":"group:{\"lifetime\":\"4497595854482148383\",\"session\":\"5\",\"frontend\":\"1\"}:1:2:application:GTK Application","title":"ELM-AUTHORITY-FIXTURE","active":false,"expanded":false}],"menu":null,"mode":"closed","outstanding":0,"registry":0,"picker":null,"openerId":"applications:{\"lifetime\":\"4497595854482148383\",\"session\":\"5\",\"frontend\":\"1\"}:3:control:opener","reconnectId":"reconnect"}}
surface-commit: publication=16 lease=0 open=0
view-commit: popup=0 focus=1 publication=16
surface-inspection: {"surfaceProtocol":2,"kind":"surface-inspection","publication":"16","lease":"0","body":{"phase":"Coherent","transaction":"Committed","groups":[{"key":"application:GTK Application","domId":"group:{\"lifetime\":\"4497595854482148383\",\"session\":\"5\",\"frontend\":\"1\"}:1:3:application:GTK Application","title":"ELM-AUTHORITY-FIXTURE","active":true,"expanded":false}],"menu":null,"mode":"closed","outstanding":0,"registry":0,"picker":null,"openerId":"applications:{\"lifetime\":\"4497595854482148383\",\"session\":\"5\",\"frontend\":\"1\"}:3:control:opener","reconnectId":"reconnect"}}
frontend-request: {"protocolVersion":3,"kind":"projection-request","binding":{"lifetime":"4497595854482148383","session":"5","frontend":"1"},"requestId":"7"}
frontend-request: {"protocolVersion":3,"kind":"geometry-facts-request","geometryProtocol":2,"binding":{"lifetime":"4497595854482148383","session":"5","frontend":"1"},"requestId":"8","minimumWatermark":"3"}
surface-commit: publication=17 lease=0 open=0
view-commit: popup=0 focus=1 publication=17
surface-inspection: {"surfaceProtocol":2,"kind":"surface-inspection","publication":"17","lease":"0","body":{"phase":"Awaiting","transaction":"Committed","groups":[{"key":"application:GTK Application","domId":"group:{\"lifetime\":\"4497595854482148383\",\"session\":\"5\",\"frontend\":\"1\"}:1:3:application:GTK Application","title":"ELM-AUTHORITY-FIXTURE","active":true,"expanded":false}],"menu":null,"mode":"closed","outstanding":0,"registry":0,"picker":null,"openerId":"applications:{\"lifetime\":\"4497595854482148383\",\"session\":\"5\",\"frontend\":\"1\"}:3:control:opener","reconnectId":"reconnect"}}
[20:10:16.873183] {mesa egl surface queue} wl_buffer#45.release()
[20:10:16.873189] {mesa egl surface queue} wl_callback#37.done(38)
[20:10:16.873352] {mesa egl surface queue}  -> wl_surface#41.attach(wl_buffer#45, 0, 0)
[20:10:16.873356] {mesa egl surface queue}  -> wl_surface#41.damage(0, 0, 2147483647, 2147483647)
[20:10:16.873359] {mesa egl surface queue}  -> wl_surface#41.commit()
[20:10:16.873362] {mesa egl surface queue}  -> wl_display#1.sync(new id wl_callback#37)
surface-inspection: {"surfaceProtocol":2,"kind":"surface-inspection","publication":"17","lease":"0","body":{"phase":"Awaiting","transaction":"Committed","groups":[{"key":"application:GTK Application","domId":"group:{\"lifetime\":\"4497595854482148383\",\"session\":\"5\",\"frontend\":\"1\"}:1:3:application:GTK Application","title":"ELM-AUTHORITY-FIXTURE","active":true,"expanded":false}],"menu":null,"mode":"closed","outstanding":0,"registry":0,"picker":null,"openerId":"applications:{\"lifetime\":\"4497595854482148383\",\"session\":\"5\",\"frontend\":\"1\"}:3:control:opener","reconnectId":"reconnect"}}
[20:10:16.873653] {Display Queue} wl_display#1.delete_id(37)
backend-frame: {"protocolVersion":3,"kind":"action-projection","binding":{"lifetime":"4497595854482148383","session":"5","frontend":"1"},"requestId":"7","context":{"lifetime":"4497595854482148383","epoch":"1","output":"1","revision":"3"},"scene":{"revision":"3","focused":"2","windows":[{"incarnation":"2","application":"GTK Application","label":"ELM-AUTHORITY-FIXTURE","minimized":false,"owner":null,"available":true}]}}
backend-frame: {"protocolVersion":3,"kind":"geometry-facts","geometryProtocol":2,"binding":{"lifetime":"4497595854482148383","session":"5","frontend":"1"},"requestId":"8","sequence":"4","revision":"3","outputGeneration":"1","facts":{"focused":"2","inputBlocked":false,"windows":[{"incarnation":"2","owner":null,"workspace":"1","workspaceGeneration":"1","monitor":"0","outputOwnershipGeneration":"1","workAreaRevision":"1","workArea":[0,48,800,552],"logicalGeometry":[20,68,760,512],"visualGeometry":[21,69,758,510],"nativeMode":"ordinary","clientMode":"ordinary","minimized":false,"floating":false,"grouped":false,"fixedSize":false,"constrainedSize":true,"geometryEligible":false,"ordinaryPlacementKnown":false,"sizePolicy":{"inputs":{"profile":"wayland-zero-origin-v1","rawMinimum":[108,42],"rawMaximum":[0,0],"layoutMinimum":[108,42],"layoutMaximum":[1.7976931348623157e+308,1.7976931348623157e+308],"geometryOrigin":[0,0],"reservedTopLeft":[1,1],"reservedBottomRight":[1,1],"monitorScale":1},"maximize":{"logical":[0,48,800,552],"visual":null,"real":[1,49,798,550],"configure":[798,550]},"restoreGeometry":null},"capabilities":{"maximize":false,"restoreGeometry":false}}]}}
surface-commit: publication=18 lease=0 open=0
view-commit: popup=0 focus=1 publication=18
surface-inspection: {"surfaceProtocol":2,"kind":"surface-inspection","publication":"18","lease":"0","body":{"phase":"Coherent","transaction":"Committed","groups":[{"key":"application:GTK Application","domId":"group:{\"lifetime\":\"4497595854482148383\",\"session\":\"5\",\"frontend\":\"1\"}:1:3:application:GTK Application","title":"ELM-AUTHORITY-FIXTURE","active":true,"expanded":false}],"menu":null,"mode":"closed","outstanding":0,"registry":0,"picker":null,"openerId":"applications:{\"lifetime\":\"4497595854482148383\",\"session\":\"5\",\"frontend\":\"1\"}:3:control:opener","reconnectId":"reconnect"}}
surface-commit: publication=19 lease=0 open=0
view-commit: popup=0 focus=1 publication=19
surface-inspection: {"surfaceProtocol":2,"kind":"surface-inspection","publication":"19","lease":"0","body":{"phase":"Coherent","transaction":"Committed","groups":[{"key":"application:GTK Application","domId":"group:{\"lifetime\":\"4497595854482148383\",\"session\":\"5\",\"frontend\":\"1\"}:1:3:application:GTK Application","title":"ELM-AUTHORITY-FIXTURE","active":true,"expanded":false}],"menu":null,"mode":"closed","outstanding":0,"registry":0,"picker":null,"openerId":"applications:{\"lifetime\":\"4497595854482148383\",\"session\":\"5\",\"frontend\":\"1\"}:3:control:opener","reconnectId":"reconnect"}}
surface-report: origin=bar {"kind":"surface-report","body":{"publication":"19","lease":"0","buttons":[{"id":"applications:{\"lifetime\":\"4497595854482148383\",\"session\":\"5\",\"frontend\":\"1\"}:3:control:opener","label":"Applications","accessibleName":"Open applications","disabled":false,"x":1,"y":1,"width":80,"height":46},{"id":"group:{\"lifetime\":\"4497595854482148383\",\"session\":\"5\",\"frontend\":\"1\"}:1:3:application:GTK Application","label":"ELM-AUTHORITY-FIXTURE1","accessibleName":"Minimize ELM-AUTHORITY-FIXTURE","disabled":false,"x":83,"y":1,"width":240,"height":46}],"focus":"","text":"\nApplications\n\nELM-AUTHORITY-FIXTURE\n1\nConnected"}}
view-report: id=1 x=0 y=0 {"kind":"surface-report","body":{"publication":"19","lease":"0","buttons":[{"id":"applications:{\"lifetime\":\"4497595854482148383\",\"session\":\"5\",\"frontend\":\"1\"}:3:control:opener","label":"Applications","accessibleName":"Open applications","disabled":false,"x":1,"y":1,"width":80,"height":46},{"id":"group:{\"lifetime\":\"4497595854482148383\",\"session\":\"5\",\"frontend\":\"1\"}:1:3:application:GTK Application","label":"ELM-AUTHORITY-FIXTURE1","accessibleName":"Minimize ELM-AUTHORITY-FIXTURE","disabled":false,"x":83,"y":1,"width":240,"height":46}],"focus":"","text":"\nApplications\n\nELM-AUTHORITY-FIXTURE\n1\nConnected"}}
[20:10:16.897791] {mesa egl surface queue} wl_buffer#48.release()
[20:10:16.897804] {mesa egl surface queue} wl_callback#37.done(44)
[20:10:16.898175] {mesa egl surface queue}  -> wl_surface#41.attach(wl_buffer#48, 0, 0)
[20:10:16.898180] {mesa egl surface queue}  -> wl_surface#41.damage(0, 0, 2147483647, 2147483647)
[20:10:16.898183] {mesa egl surface queue}  -> wl_surface#41.commit()
[20:10:16.898185] {mesa egl surface queue}  -> wl_display#1.sync(new id wl_callback#37)
[20:10:16.898477] {Display Queue} wl_display#1.delete_id(37)
Web process terminated: 0
Web process terminated: 0
Web process terminated: 0
[20:10:17.424493] {Default Queue}  -> wl_display#1.sync(new id wl_callback#44)
[20:10:17.424874] {Display Queue} wl_display#1.delete_id(44)
[20:10:17.424879] {Default Queue} wl_callback#44.done(48)
backend-exit: waited=1 normal=1 code=0
native-recovery-ready: views=1 backend-normal=1
recovery-control: id=1 x=195 y=4 w=84 h=40
[20:10:17.435269] {mesa egl surface queue} wl_callback#37.done(44)
[20:10:17.435277] {mesa egl surface queue} wl_buffer#45.release()
[20:10:17.435792] {Default Queue}  -> wl_surface#41.set_input_region(nil)
[20:10:17.437193] {mesa egl surface queue}  -> wl_surface#41.attach(wl_buffer#45, 0, 0)
[20:10:17.437204] {mesa egl surface queue}  -> wl_surface#41.damage(0, 0, 2147483647, 2147483647)
[20:10:17.437207] {mesa egl surface queue}  -> wl_surface#41.commit()
[20:10:17.437216] {mesa egl surface queue}  -> wl_display#1.sync(new id wl_callback#37)
[20:10:17.437500] {Display Queue} wl_display#1.delete_id(37)
[20:10:17.451544] {mesa egl surface queue} wl_callback#37.done(48)
[20:10:17.451551] {mesa egl surface queue} wl_buffer#48.release()
[20:10:17.452189] {mesa egl surface queue}  -> wl_surface#41.attach(wl_buffer#48, 0, 0)
[20:10:17.452197] {mesa egl surface queue}  -> wl_surface#41.damage(0, 0, 2147483647, 2147483647)
[20:10:17.452201] {mesa egl surface queue}  -> wl_surface#41.commit()
[20:10:17.452204] {mesa egl surface queue}  -> wl_display#1.sync(new id wl_callback#37)
[20:10:17.452239] {Display Queue} wl_display#1.delete_id(37)
[20:10:17.468368] {mesa egl surface queue} wl_callback#37.done(48)
[20:10:17.468384] {mesa egl surface queue} wl_buffer#45.release()
[20:10:17.468965] {mesa egl surface queue}  -> wl_surface#41.attach(wl_buffer#45, 0, 0)
[20:10:17.468973] {mesa egl surface queue}  -> wl_surface#41.damage(0, 0, 2147483647, 2147483647)
[20:10:17.468976] {mesa egl surface queue}  -> wl_surface#41.commit()
[20:10:17.468979] {mesa egl surface queue}  -> wl_display#1.sync(new id wl_callback#37)
[20:10:17.469495] {Display Queue} wl_display#1.delete_id(37)
[20:10:17.485267] {mesa egl surface queue} wl_callback#37.done(48)
[20:10:17.485280] {mesa egl surface queue} wl_buffer#48.release()
[20:10:17.485833] {mesa egl surface queue}  -> wl_surface#41.attach(wl_buffer#48, 0, 0)
[20:10:17.485839] {mesa egl surface queue}  -> wl_surface#41.damage(0, 0, 2147483647, 2147483647)
[20:10:17.485843] {mesa egl surface queue}  -> wl_surface#41.commit()
[20:10:17.485846] {mesa egl surface queue}  -> wl_display#1.sync(new id wl_callback#37)
[20:10:17.486019] {Display Queue} wl_display#1.delete_id(37)
[20:10:17.502096] {mesa egl surface queue} wl_callback#37.done(48)
[20:10:17.502112] {mesa egl surface queue} wl_buffer#45.release()
[20:10:17.502452] {mesa egl surface queue}  -> wl_surface#41.attach(wl_buffer#45, 0, 0)
[20:10:17.502459] {mesa egl surface queue}  -> wl_surface#41.damage(0, 0, 2147483647, 2147483647)
[20:10:17.502462] {mesa egl surface queue}  -> wl_surface#41.commit()
[20:10:17.502465] {mesa egl surface queue}  -> wl_display#1.sync(new id wl_callback#37)
[20:10:17.502814] {Display Queue} wl_display#1.delete_id(37)
[20:10:17.518736] {mesa egl surface queue} wl_callback#37.done(48)
[20:10:17.518751] {mesa egl surface queue} wl_buffer#48.release()
[20:10:17.519237] {mesa egl surface queue}  -> wl_surface#41.attach(wl_buffer#48, 0, 0)
[20:10:17.519243] {mesa egl surface queue}  -> wl_surface#41.damage(0, 0, 2147483647, 2147483647)
[20:10:17.519250] {mesa egl surface queue}  -> wl_surface#41.commit()
[20:10:17.519253] {mesa egl surface queue}  -> wl_display#1.sync(new id wl_callback#37)
[20:10:17.519492] {Display Queue} wl_display#1.delete_id(37)
[20:10:17.535519] {mesa egl surface queue} wl_callback#37.done(48)
[20:10:17.535533] {mesa egl surface queue} wl_buffer#45.release()
[20:10:17.536032] {mesa egl surface queue}  -> wl_surface#41.attach(wl_buffer#45, 0, 0)
[20:10:17.536038] {mesa egl surface queue}  -> wl_surface#41.damage(0, 0, 2147483647, 2147483647)
[20:10:17.536041] {mesa egl surface queue}  -> wl_surface#41.commit()
[20:10:17.536044] {mesa egl surface queue}  -> wl_display#1.sync(new id wl_callback#37)
[20:10:17.536195] {Display Queue} wl_display#1.delete_id(37)
[20:10:17.552287] {mesa egl surface queue} wl_callback#37.done(48)
[20:10:17.552301] {mesa egl surface queue} wl_buffer#48.release()
[20:10:17.552825] {mesa egl surface queue}  -> wl_surface#41.attach(wl_buffer#48, 0, 0)
[20:10:17.552831] {mesa egl surface queue}  -> wl_surface#41.damage(0, 0, 2147483647, 2147483647)
[20:10:17.552835] {mesa egl surface queue}  -> wl_surface#41.commit()
[20:10:17.552837] {mesa egl surface queue}  -> wl_display#1.sync(new id wl_callback#37)
[20:10:17.553100] {Display Queue} wl_display#1.delete_id(37)
[20:10:17.569076] {mesa egl surface queue} wl_callback#37.done(48)
[20:10:17.569090] {mesa egl surface queue} wl_buffer#45.release()
[20:10:17.569600] {mesa egl surface queue}  -> wl_surface#41.attach(wl_buffer#45, 0, 0)
[20:10:17.569610] {mesa egl surface queue}  -> wl_surface#41.damage(0, 0, 2147483647, 2147483647)
[20:10:17.569618] {mesa egl surface queue}  -> wl_surface#41.commit()
[20:10:17.569620] {mesa egl surface queue}  -> wl_display#1.sync(new id wl_callback#37)
[20:10:17.569895] {Display Queue} wl_display#1.delete_id(37)
[20:10:17.585732] {mesa egl surface queue} wl_callback#37.done(48)
[20:10:17.585743] {mesa egl surface queue} wl_buffer#48.release()
[20:10:17.585987] {mesa egl surface queue}  -> wl_surface#41.attach(wl_buffer#48, 0, 0)
[20:10:17.585993] {mesa egl surface queue}  -> wl_surface#41.damage(0, 0, 2147483647, 2147483647)
[20:10:17.585996] {mesa egl surface queue}  -> wl_surface#41.commit()
[20:10:17.585998] {mesa egl surface queue}  -> wl_display#1.sync(new id wl_callback#37)
[20:10:17.586047] {Display Queue} wl_display#1.delete_id(37)
[20:10:17.602227] {mesa egl surface queue} wl_callback#37.done(48)
[20:10:17.602240] {mesa egl surface queue} wl_buffer#45.release()
[20:10:17.602736] {mesa egl surface queue}  -> wl_surface#41.attach(wl_buffer#45, 0, 0)
[20:10:17.602743] {mesa egl surface queue}  -> wl_surface#41.damage(0, 0, 2147483647, 2147483647)
[20:10:17.602747] {mesa egl surface queue}  -> wl_surface#41.commit()
[20:10:17.602749] {mesa egl surface queue}  -> wl_display#1.sync(new id wl_callback#37)
[20:10:17.602830] {Display Queue} wl_display#1.delete_id(37)
[20:10:17.618931] {mesa egl surface queue} wl_callback#37.done(48)
[20:10:17.618943] {mesa egl surface queue} wl_buffer#48.release()
[20:10:17.619429] {mesa egl surface queue}  -> wl_surface#41.attach(wl_buffer#48, 0, 0)
[20:10:17.619436] {mesa egl surface queue}  -> wl_surface#41.damage(0, 0, 2147483647, 2147483647)
[20:10:17.619439] {mesa egl surface queue}  -> wl_surface#41.commit()
[20:10:17.619441] {mesa egl surface queue}  -> wl_display#1.sync(new id wl_callback#37)
[20:10:17.619573] {Display Queue} wl_display#1.delete_id(37)
[20:10:17.635660] {mesa egl surface queue} wl_callback#37.done(48)
[20:10:17.635672] {mesa egl surface queue} wl_buffer#45.release()
[20:10:17.636161] {mesa egl surface queue}  -> wl_surface#41.attach(wl_buffer#45, 0, 0)
[20:10:17.636168] {mesa egl surface queue}  -> wl_surface#41.damage(0, 0, 2147483647, 2147483647)
[20:10:17.636171] {mesa egl surface queue}  -> wl_surface#41.commit()
[20:10:17.636174] {mesa egl surface queue}  -> wl_display#1.sync(new id wl_callback#37)
[20:10:17.636311] {Display Queue} wl_display#1.delete_id(37)
[20:10:17.652404] {mesa egl surface queue} wl_callback#37.done(48)
[20:10:17.652415] {mesa egl surface queue} wl_buffer#48.release()
[20:10:17.652922] {mesa egl surface queue}  -> wl_surface#41.attach(wl_buffer#48, 0, 0)
[20:10:17.652929] {mesa egl surface queue}  -> wl_surface#41.damage(0, 0, 2147483647, 2147483647)
[20:10:17.652932] {mesa egl surface queue}  -> wl_surface#41.commit()
[20:10:17.652934] {mesa egl surface queue}  -> wl_display#1.sync(new id wl_callback#37)
[20:10:17.653040] {Display Queue} wl_display#1.delete_id(37)
[20:10:17.856156] {Default Queue}  -> wl_display#1.sync(new id wl_callback#44)
[20:10:17.856387] {Display Queue} wl_display#1.delete_id(44)
[20:10:17.856400] {Default Queue} wl_callback#44.done(52)
[20:10:17.856425] {Default Queue}  -> zwlr_layer_surface_v1#43.destroy()
[20:10:17.856443] {Default Queue}  -> wl_surface#41.destroy()
[20:10:17.856465] {mesa egl surface queue}  -> wl_buffer#45.destroy()
[20:10:17.856478] {mesa egl surface queue}  -> wl_buffer#48.destroy()
[20:10:17.856481] {mesa egl surface queue}  -> zwp_linux_dmabuf_feedback_v1#46.destroy()
view-retired: id=1
[20:10:17.858915] discarded [unknown]#45.[event 0](0 fd, 8 byte)
[20:10:17.858923] discarded [unknown]#45.[event 0](0 fd, 8 byte)
[20:10:17.858925] discarded [unknown]#48.[event 0](0 fd, 8 byte)
[20:10:17.858935] {Display Queue} wl_display#1.delete_id(43)
[20:10:17.858938] {Display Queue} wl_display#1.delete_id(45)
[20:10:17.858940] {Display Queue} wl_display#1.delete_id(46)
[20:10:17.858942] {Display Queue} wl_display#1.delete_id(41)
[20:10:17.858944] {Default Queue} wl_pointer#21.leave(54, nil)
[20:10:17.858951] {Default Queue} wl_pointer#21.frame()
[20:10:17.874426] discarded [unknown]#48.[event 0](0 fd, 8 byte)
[20:10:17.874436] discarded [unknown]#48.[event 0](0 fd, 8 byte)
[20:10:17.874442] {Display Queue} wl_display#1.delete_id(48)
shared-host-exit: failure=1 rendered=1
