	linux-vdso.so.1 (0x00007fc0367a3000)
	libwebkit2gtk-4.1.so.0 => /usr/lib/libwebkit2gtk-4.1.so.0 (0x00007fc030e00000)
	libsoup-3.0.so.0 => /usr/lib/libsoup-3.0.so.0 (0x00007fc030d69000)
	libjavascriptcoregtk-4.1.so.0 => /usr/lib/libjavascriptcoregtk-4.1.so.0 (0x00007fc02e800000)
	libgtk-layer-shell.so.0 => /usr/lib/libgtk-layer-shell.so.0 (0x00007fc030d2b000)
	libgtk-3.so.0 => /usr/lib/libgtk-3.so.0 (0x00007fc02e000000)
	libgdk-3.so.0 => /usr/lib/libgdk-3.so.0 (0x00007fc030c3e000)
	libpangocairo-1.0.so.0 => /usr/lib/libpangocairo-1.0.so.0 (0x00007fc030c2c000)
	libcairo-gobject.so.2 => /usr/lib/libcairo-gobject.so.2 (0x00007fc036749000)
	libgdk_pixbuf-2.0.so.0 => /usr/lib/libgdk_pixbuf-2.0.so.0 (0x00007fc02e7c6000)
	libatk-1.0.so.0 => /usr/lib/libatk-1.0.so.0 (0x00007fc02e79f000)
	libpango-1.0.so.0 => /usr/lib/libpango-1.0.so.0 (0x00007fc02e730000)
	libcairo.so.2 => /usr/lib/libcairo.so.2 (0x00007fc02dec3000)
	libharfbuzz.so.0 => /usr/lib/libharfbuzz.so.0 (0x00007fc02dd84000)
	libjson-glib-1.0.so.0 => /usr/lib/libjson-glib-1.0.so.0 (0x00007fc02e706000)
	libgio-2.0.so.0 => /usr/lib/libgio-2.0.so.0 (0x00007fc02dba5000)
	libgobject-2.0.so.0 => /usr/lib/libgobject-2.0.so.0 (0x00007fc02db42000)
	libgmodule-2.0.so.0 => /usr/lib/libgmodule-2.0.so.0 (0x00007fc030c25000)
	libglib-2.0.so.0 => /usr/lib/libglib-2.0.so.0 (0x00007fc02d9df000)
	libz.so.1 => /usr/lib/libz.so.1 (0x00007fc02d9c4000)
	libwayland-client.so.0 => /usr/lib/libwayland-client.so.0 (0x00007fc030c15000)
	libm.so.6 => /usr/lib/libm.so.6 (0x00007fc02d88d000)
	libc.so.6 => /usr/lib/libc.so.6 (0x00007fc02d600000)
	libepoxy.so.0 => /usr/lib/libepoxy.so.0 (0x00007fc02d4f3000)
	libatomic.so.1 => /usr/lib/libatomic.so.1 (0x00007fc02d882000)
	libfreetype.so.6 => /usr/lib/libfreetype.so.6 (0x00007fc02d423000)
	libfontconfig.so.1 => /usr/lib/libfontconfig.so.1 (0x00007fc02d3a8000)
	libwebpmux.so.3 => /usr/lib/libwebpmux.so.3 (0x00007fc02d876000)
	libexpat.so.1 => /usr/lib/libexpat.so.1 (0x00007fc02d848000)
	libicui18n.so.78 => /usr/lib/libicui18n.so.78 (0x00007fc02d000000)
	libsystemd.so.0 => /usr/lib/libsystemd.so.0 (0x00007fc02ceb8000)
	libjpeg.so.8 => /usr/lib/libjpeg.so.8 (0x00007fc02ce10000)
	libpng16.so.16 => /usr/lib/libpng16.so.16 (0x00007fc02cdd3000)
	libicuuc.so.78 => /usr/lib/libicuuc.so.78 (0x00007fc02ca00000)
	libxml2.so.16 => /usr/lib/libxml2.so.16 (0x00007fc02cc8e000)
	libsqlite3.so.0 => /usr/lib/libsqlite3.so.0 (0x00007fc02c867000)
	libxslt.so.1 => /usr/lib/libxslt.so.1 (0x00007fc02cc51000)
	liblcms2.so.2 => /usr/lib/liblcms2.so.2 (0x00007fc02c7fb000)
	libgcrypt.so.20 => /usr/lib/libgcrypt.so.20 (0x00007fc02c64a000)
	libgstallocators-1.0.so.0 => /usr/lib/libgstallocators-1.0.so.0 (0x00007fc02d83e000)
	libgstapp-1.0.so.0 => /usr/lib/libgstapp-1.0.so.0 (0x00007fc02d825000)
	libgstbase-1.0.so.0 => /usr/lib/libgstbase-1.0.so.0 (0x00007fc02c5c2000)
	libgstreamer-1.0.so.0 => /usr/lib/libgstreamer-1.0.so.0 (0x00007fc02c44f000)
	libgstpbutils-1.0.so.0 => /usr/lib/libgstpbutils-1.0.so.0 (0x00007fc02c40a000)
	libgstaudio-1.0.so.0 => /usr/lib/libgstaudio-1.0.so.0 (0x00007fc02c380000)
	libgsttag-1.0.so.0 => /usr/lib/libgsttag-1.0.so.0 (0x00007fc02cc12000)
	libgstvideo-1.0.so.0 => /usr/lib/libgstvideo-1.0.so.0 (0x00007fc02c2a1000)
	libgstgl-1.0.so.0 => /usr/lib/libgstgl-1.0.so.0 (0x00007fc02c20b000)
	libgstfft-1.0.so.0 => /usr/lib/libgstfft-1.0.so.0 (0x00007fc02d39d000)
	libwebpdemux.so.2 => /usr/lib/libwebpdemux.so.2 (0x00007fc02d396000)
	libwebp.so.7 => /usr/lib/libwebp.so.7 (0x00007fc02c184000)
	libjxl.so.0.12 => /usr/lib/libjxl.so.0.12 (0x00007fc02bc00000)
	libavif.so.16 => /usr/lib/libavif.so.16 (0x00007fc02c13c000)
	libharfbuzz-icu.so.0 => /usr/lib/libharfbuzz-icu.so.0 (0x00007fc02d391000)
	libX11.so.6 => /usr/lib/libX11.so.6 (0x00007fc02babe000)
	libwayland-server.so.0 => /usr/lib/libwayland-server.so.0 (0x00007fc02c127000)
	libmanette-0.2.so.0 => /usr/lib/libmanette-0.2.so.0 (0x00007fc02c0d5000)
	libseccomp.so.2 => /usr/lib/libseccomp.so.2 (0x00007fc02c0a8000)
	libenchant-2.so.2 => /usr/lib/libenchant-2.so.2 (0x00007fc02c096000)
	libgbm.so.1 => /usr/lib/libgbm.so.1 (0x00007fc02c090000)
	libdrm.so.2 => /usr/lib/libdrm.so.2 (0x00007fc02c079000)
	libtasn1.so.6 => /usr/lib/libtasn1.so.6 (0x00007fc02c063000)
	libhyphen.so.0 => /usr/lib/libhyphen.so.0 (0x00007fc02c05b000)
	libsecret-1.so.0 => /usr/lib/libsecret-1.so.0 (0x00007fc02ba60000)
	libstdc++.so.6 => /usr/lib/libstdc++.so.6 (0x00007fc02b600000)
	libgcc_s.so.1 => /usr/lib/libgcc_s.so.1 (0x00007fc02ba33000)
	/lib64/ld-linux-x86-64.so.2 => /usr/lib64/ld-linux-x86-64.so.2 (0x00007fc0367a5000)
	libpsl.so.5 => /usr/lib/libpsl.so.5 (0x00007fc02c047000)
	libbrotlidec.so.1 => /usr/lib/libbrotlidec.so.1 (0x00007fc02c038000)
	libgssapi_krb5.so.2 => /usr/lib/libgssapi_krb5.so.2 (0x00007fc02b9db000)
	libnghttp2.so.14 => /usr/lib/libnghttp2.so.14 (0x00007fc02b9b1000)
	libpangoft2-1.0.so.0 => /usr/lib/libpangoft2-1.0.so.0 (0x00007fc02b992000)
	libfribidi.so.0 => /usr/lib/libfribidi.so.0 (0x00007fc02b972000)
	libXi.so.6 => /usr/lib/libXi.so.6 (0x00007fc02b95d000)
	libatk-bridge-2.0.so.0 => /usr/lib/libatk-bridge-2.0.so.0 (0x00007fc02b921000)
	libcloudproviders.so.0 => /usr/lib/libcloudproviders.so.0 (0x00007fc02b909000)
	libtinysparql-3.0.so.0 => /usr/lib/libtinysparql-3.0.so.0 (0x00007fc02b52c000)
	libXfixes.so.3 => /usr/lib/libXfixes.so.3 (0x00007fc02b901000)
	libxkbcommon.so.0 => /usr/lib/libxkbcommon.so.0 (0x00007fc02b4cd000)
	libwayland-cursor.so.0 => /usr/lib/libwayland-cursor.so.0 (0x00007fc02b8f8000)
	libwayland-egl.so.1 => /usr/lib/libwayland-egl.so.1 (0x00007fc02b8f3000)
	libXext.so.6 => /usr/lib/libXext.so.6 (0x00007fc02b8df000)
	libXcursor.so.1 => /usr/lib/libXcursor.so.1 (0x00007fc02b4c0000)
	libXdamage.so.1 => /usr/lib/libXdamage.so.1 (0x00007fc02b8da000)
	libXcomposite.so.1 => /usr/lib/libXcomposite.so.1 (0x00007fc02b8d5000)
	libXrandr.so.2 => /usr/lib/libXrandr.so.2 (0x00007fc02b4b3000)
	libXinerama.so.1 => /usr/lib/libXinerama.so.1 (0x00007fc02b4ae000)
	libglycin-2.so.0 => /usr/lib/libglycin-2.so.0 (0x00007fc02b000000)
	libthai.so.0 => /usr/lib/libthai.so.0 (0x00007fc02b4a3000)
	libXrender.so.1 => /usr/lib/libXrender.so.1 (0x00007fc02b497000)
	libxcb.so.1 => /usr/lib/libxcb.so.1 (0x00007fc02b46c000)
	libxcb-render.so.0 => /usr/lib/libxcb-render.so.0 (0x00007fc02b45d000)
	libxcb-shm.so.0 => /usr/lib/libxcb-shm.so.0 (0x00007fc02b458000)
	libpixman-1.so.0 => /usr/lib/libpixman-1.so.0 (0x00007fc02af51000)
	libgraphite2.so.3 => /usr/lib/libgraphite2.so.3 (0x00007fc02b435000)
	libmount.so.1 => /usr/lib/libmount.so.1 (0x00007fc02aef4000)
	libffi.so.8 => /usr/lib/libffi.so.8 (0x00007fc02b427000)
	libpcre2-8.so.0 => /usr/lib/libpcre2-8.so.0 (0x00007fc02ae41000)
	libbz2.so.1.0 => /usr/lib/libbz2.so.1.0 (0x00007fc02b414000)
	libicudata.so.78 => /usr/lib/libicudata.so.78 (0x00007fc028e00000)
	libgpg-error.so.0 => /usr/lib/libgpg-error.so.0 (0x00007fc02ae14000)
	libunwind.so.8 => /usr/lib/libunwind.so.8 (0x00007fc02adf8000)
	libdw.so.1 => /usr/lib/libdw.so.1 (0x00007fc028d5e000)
	liborc-0.4.so.0 => /usr/lib/liborc-0.4.so.0 (0x00007fc028c4c000)
	libEGL.so.1 => /usr/lib/libEGL.so.1 (0x00007fc02b400000)
	libGLX.so.0 => /usr/lib/libGLX.so.0 (0x00007fc02adc7000)
	libX11-xcb.so.1 => /usr/lib/libX11-xcb.so.1 (0x00007fc02adc2000)
	libgudev-1.0.so.0 => /usr/lib/libgudev-1.0.so.0 (0x00007fc02adb6000)
	libsharpyuv.so.0 => /usr/lib/libsharpyuv.so.0 (0x00007fc02adad000)
	libjxl_cms.so.0.12 => /usr/lib/libjxl_cms.so.0.12 (0x00007fc028c23000)
	libhwy.so.1 => /usr/lib/libhwy.so.1 (0x00007fc02ad9e000)
	libbrotlienc.so.1 => /usr/lib/libbrotlienc.so.1 (0x00007fc028b63000)
	libyuv.so => /usr/lib/libyuv.so (0x00007fc028abc000)
	libdav1d.so.7 => /usr/lib/libdav1d.so.7 (0x00007fc0288db000)
	librav1e.so.0.8 => /usr/lib/librav1e.so.0.8 (0x00007fc028400000)
	libSvtAv1Enc.so.4 => /usr/lib/libSvtAv1Enc.so.4 (0x00007fc01fe00000)
	libaom.so.3 => /usr/lib/libaom.so.3 (0x00007fc01f400000)
	libhidapi-hidraw.so.0 => /usr/lib/libhidapi-hidraw.so.0 (0x00007fc0288d3000)
	libevdev.so.2 => /usr/lib/libevdev.so.2 (0x00007fc0288bd000)
	libtss2-esys.so.0 => /usr/lib/libtss2-esys.so.0 (0x00007fc02882b000)
	libtss2-mu.so.0 => /usr/lib/libtss2-mu.so.0 (0x00007fc0287e1000)
	libtss2-rc.so.0 => /usr/lib/libtss2-rc.so.0 (0x00007fc0287d8000)
	libtss2-tctildr.so.0 => /usr/lib/libtss2-tctildr.so.0 (0x00007fc0287d0000)
	libunistring.so.5 => /usr/lib/libunistring.so.5 (0x00007fc01f219000)
	libidn2.so.0 => /usr/lib/libidn2.so.0 (0x00007fc0287ae000)
	libbrotlicommon.so.1 => /usr/lib/libbrotlicommon.so.1 (0x00007fc02878b000)
	libkrb5.so.3 => /usr/lib/libkrb5.so.3 (0x00007fc01fd31000)
	libk5crypto.so.3 => /usr/lib/libk5crypto.so.3 (0x00007fc02875d000)
	libcom_err.so.2 => /usr/lib/libcom_err.so.2 (0x00007fc028757000)
	libkrb5support.so.0 => /usr/lib/libkrb5support.so.0 (0x00007fc028748000)
	libkeyutils.so.1 => /usr/lib/libkeyutils.so.1 (0x00007fc028741000)
	libresolv.so.2 => /usr/lib/libresolv.so.2 (0x00007fc02872e000)
	libatspi.so.0 => /usr/lib/libatspi.so.0 (0x00007fc0283c4000)
	libdbus-1.so.3 => /usr/lib/libdbus-1.so.3 (0x00007fc028371000)
	libdatrie.so.1 => /usr/lib/libdatrie.so.1 (0x00007fc01fd28000)
	libXau.so.6 => /usr/lib/libXau.so.6 (0x00007fc028727000)
	libXdmcp.so.6 => /usr/lib/libXdmcp.so.6 (0x00007fc01fd20000)
	libblkid.so.1 => /usr/lib/libblkid.so.1 (0x00007fc01fce0000)
	liblzma.so.5 => /usr/lib/liblzma.so.5 (0x00007fc01f1e4000)
	libelf.so.1 => /usr/lib/libelf.so.1 (0x00007fc01f1c6000)
	libzstd.so.1 => /usr/lib/libzstd.so.1 (0x00007fc01f0e0000)
	libGLdispatch.so.0 => /usr/lib/libGLdispatch.so.0 (0x00007fc01f067000)
	libudev.so.1 => /usr/lib/libudev.so.1 (0x00007fc01f017000)
	libcrypto.so.3 => /usr/lib/libcrypto.so.3 (0x00007fc01ea00000)
	libtss2-sys.so.1 => /usr/lib/libtss2-sys.so.1 (0x00007fc01eff5000)
