[18:16:26.873531] {Default Queue}  -> wl_display#1.get_registry(new id wl_registry#2)
[18:16:26.873552] {Default Queue}  -> wl_display#1.sync(new id wl_callback#3)
[18:16:26.873694] {Display Queue} wl_display#1.delete_id(3)
[18:16:26.873702] {Default Queue} wl_registry#2.global(1, "wl_seat", 9)
[18:16:26.873706] {Default Queue} wl_registry#2.global(2, "wl_data_device_manager", 3)
[18:16:26.873708] {Default Queue} wl_registry#2.global(3, "wl_compositor", 6)
[18:16:26.873711] {Default Queue}  -> wl_registry#2.bind(3, "wl_compositor", 4, new id [unknown]#4)
[18:16:26.873714] {Default Queue} wl_registry#2.global(4, "wl_subcompositor", 1)
[18:16:26.873716] {Default Queue} wl_registry#2.global(5, "wl_shm", 2)
[18:16:26.873718] {Default Queue}  -> wl_registry#2.bind(5, "wl_shm", 1, new id [unknown]#5)
[18:16:26.873720] {Default Queue} wl_registry#2.global(6, "wp_viewporter", 1)
[18:16:26.873722] {Default Queue} wl_registry#2.global(7, "wp_tearing_control_manager_v1", 1)
[18:16:26.873724] {Default Queue} wl_registry#2.global(8, "wp_fractional_scale_manager_v1", 1)
[18:16:26.873725] {Default Queue} wl_registry#2.global(9, "zxdg_output_manager_v1", 3)
[18:16:26.873727] {Default Queue} wl_registry#2.global(10, "wp_cursor_shape_manager_v1", 2)
[18:16:26.873729] {Default Queue} wl_registry#2.global(11, "zwp_idle_inhibit_manager_v1", 1)
[18:16:26.873731] {Default Queue} wl_registry#2.global(12, "zwp_relative_pointer_manager_v1", 1)
[18:16:26.873733] {Default Queue} wl_registry#2.global(13, "zxdg_decoration_manager_v1", 2)
[18:16:26.873735] {Default Queue} wl_registry#2.global(14, "wp_alpha_modifier_v1", 1)
[18:16:26.873736] {Default Queue} wl_registry#2.global(15, "zwlr_gamma_control_manager_v1", 1)
[18:16:26.873738] {Default Queue} wl_registry#2.global(16, "ext_foreign_toplevel_list_v1", 1)
[18:16:26.873740] {Default Queue} wl_registry#2.global(17, "zwp_pointer_gestures_v1", 3)
[18:16:26.873742] {Default Queue} wl_registry#2.global(18, "zwlr_foreign_toplevel_manager_v1", 3)
[18:16:26.873744] {Default Queue} wl_registry#2.global(19, "zwp_keyboard_shortcuts_inhibit_manager_v1", 1)
[18:16:26.873745] {Default Queue} wl_registry#2.global(20, "zwp_text_input_manager_v1", 1)
[18:16:26.873747] {Default Queue} wl_registry#2.global(21, "zwp_text_input_manager_v3", 1)
[18:16:26.873749] {Default Queue} wl_registry#2.global(22, "zwp_pointer_constraints_v1", 1)
[18:16:26.873752] {Default Queue} wl_registry#2.global(23, "zwlr_output_power_manager_v1", 1)
[18:16:26.873754] {Default Queue} wl_registry#2.global(24, "xdg_activation_v1", 1)
[18:16:26.873756] {Default Queue} wl_registry#2.global(25, "ext_idle_notifier_v1", 2)
[18:16:26.873758] {Default Queue} wl_registry#2.global(26, "hyprland_lock_notifier_v1", 1)
[18:16:26.873759] {Default Queue} wl_registry#2.global(27, "ext_session_lock_manager_v1", 1)
[18:16:26.873761] {Default Queue} wl_registry#2.global(28, "zwp_input_method_manager_v2", 1)
[18:16:26.873763] {Default Queue} wl_registry#2.global(29, "zwp_virtual_keyboard_manager_v1", 1)
[18:16:26.873765] {Default Queue} wl_registry#2.global(30, "zwlr_virtual_pointer_manager_v1", 2)
[18:16:26.873767] {Default Queue} wl_registry#2.global(31, "zwlr_output_manager_v1", 4)
[18:16:26.873769] {Default Queue} wl_registry#2.global(32, "org_kde_kwin_server_decoration_manager", 1)
[18:16:26.873770] {Default Queue} wl_registry#2.global(33, "hyprland_focus_grab_manager_v1", 1)
[18:16:26.873772] {Default Queue} wl_registry#2.global(34, "zwp_tablet_manager_v2", 1)
[18:16:26.873774] {Default Queue} wl_registry#2.global(35, "zwlr_layer_shell_v1", 5)
[18:16:26.873776] {Default Queue} wl_registry#2.global(36, "wp_presentation", 2)
[18:16:26.873778] {Default Queue} wl_registry#2.global(37, "xdg_wm_base", 7)
[18:16:26.873780] {Default Queue}  -> wl_registry#2.bind(37, "xdg_wm_base", 6, new id [unknown]#6)
[18:16:26.873782] {Default Queue} wl_registry#2.global(38, "zwlr_data_control_manager_v1", 2)
[18:16:26.873784] {Default Queue} wl_registry#2.global(39, "zwp_primary_selection_device_manager_v1", 1)
[18:16:26.873785] {Default Queue} wl_registry#2.global(40, "xwayland_shell_v1", 1)
[18:16:26.873795] {Default Queue} wl_registry#2.global(41, "hyprland_toplevel_mapping_manager_v1", 1)
[18:16:26.873800] {Default Queue} wl_registry#2.global(42, "hyprland_global_shortcuts_manager_v1", 1)
[18:16:26.873802] {Default Queue} wl_registry#2.global(43, "xdg_wm_dialog_v1", 1)
[18:16:26.873804] {Default Queue} wl_registry#2.global(44, "wp_single_pixel_buffer_manager_v1", 1)
[18:16:26.873806] {Default Queue} wl_registry#2.global(45, "wp_security_context_manager_v1", 1)
[18:16:26.873808] {Default Queue} wl_registry#2.global(46, "hyprland_ctm_control_manager_v1", 2)
[18:16:26.873810] {Default Queue} wl_registry#2.global(47, "hyprland_input_capture_manager_v1", 1)
[18:16:26.873812] {Default Queue} wl_registry#2.global(48, "hyprland_surface_manager_v1", 2)
[18:16:26.873814] {Default Queue} wl_registry#2.global(49, "wp_content_type_manager_v1", 1)
[18:16:26.873815] {Default Queue} wl_registry#2.global(50, "xdg_toplevel_tag_manager_v1", 1)
[18:16:26.873817] {Default Queue} wl_registry#2.global(51, "xdg_system_bell_v1", 1)
[18:16:26.873819] {Default Queue} wl_registry#2.global(52, "vicinae_hotkey_manager_v1", 1)
[18:16:26.873821] {Default Queue} wl_registry#2.global(53, "ext_workspace_manager_v1", 1)
[18:16:26.873823] {Default Queue} wl_registry#2.global(54, "ext_data_control_manager_v1", 1)
[18:16:26.873825] {Default Queue} wl_registry#2.global(55, "wp_pointer_warp_v1", 1)
[18:16:26.873827] {Default Queue} wl_registry#2.global(56, "wp_fifo_manager_v1", 1)
[18:16:26.873828] {Default Queue} wl_registry#2.global(57, "zxdg_exporter_v2", 1)
[18:16:26.873830] {Default Queue} wl_registry#2.global(58, "zxdg_importer_v2", 1)
[18:16:26.873832] {Default Queue} wl_registry#2.global(59, "ext_background_effect_manager_v1", 1)
[18:16:26.873834] {Default Queue} wl_registry#2.global(60, "wp_commit_timing_manager_v1", 1)
[18:16:26.873836] {Default Queue} wl_registry#2.global(61, "zwlr_screencopy_manager_v1", 3)
[18:16:26.873838] {Default Queue} wl_registry#2.global(62, "hyprland_toplevel_export_manager_v1", 2)
[18:16:26.873840] {Default Queue} wl_registry#2.global(63, "ext_output_image_capture_source_manager_v1", 1)
[18:16:26.873841] {Default Queue} wl_registry#2.global(64, "ext_foreign_toplevel_image_capture_source_manager_v1", 1)
[18:16:26.873843] {Default Queue} wl_registry#2.global(65, "ext_image_copy_capture_manager_v1", 1)
[18:16:26.873845] {Default Queue} wl_registry#2.global(66, "wp_color_manager_v1", 3)
[18:16:26.873847] {Default Queue} wl_registry#2.global(67, "wl_drm", 2)
[18:16:26.873849] {Default Queue} wl_registry#2.global(68, "zwp_linux_dmabuf_v1", 5)
[18:16:26.873851] {Default Queue} wl_registry#2.global(69, "wl_output", 4)
[18:16:26.873853] {Default Queue} wl_callback#3.done(0)
[18:16:26.873855] {Default Queue}  -> wl_compositor#4.create_surface(new id wl_surface#3)
[18:16:26.873857] {Default Queue}  -> xdg_wm_base#6.get_xdg_surface(new id xdg_surface#7, wl_surface#3)
[18:16:26.873860] {Default Queue}  -> xdg_surface#7.get_toplevel(new id xdg_toplevel#8)
[18:16:26.873862] {Default Queue}  -> xdg_toplevel#8.set_title("ELM-MAXIMIZE-PROBE")
[18:16:26.873864] {Default Queue}  -> xdg_toplevel#8.set_app_id("elm-maximize-probe")
[18:16:26.873865] {Default Queue}  -> wl_surface#3.commit()
[18:16:26.874157] {Default Queue} discarded wl_shm#5.format(0)
[18:16:26.874165] {Default Queue} discarded wl_shm#5.format(1)
[18:16:26.874168] {Default Queue} discarded wl_shm#5.format(875709016)
[18:16:26.874171] {Default Queue} discarded wl_shm#5.format(875708993)
[18:16:26.874172] {Default Queue} discarded wl_shm#5.format(808669784)
[18:16:26.874174] {Default Queue} discarded wl_shm#5.format(808669761)
[18:16:26.874176] {Default Queue} discarded wl_shm#5.format(808665688)
[18:16:26.874178] {Default Queue} discarded wl_shm#5.format(808665665)
[18:16:26.874179] {Default Queue} xdg_toplevel#8.wm_capabilities(array[8])
[18:16:26.874182] {Default Queue} xdg_toplevel#8.configure(800, 600, array[16])
[18:16:26.874185] {Default Queue} xdg_surface#7.configure(1)
[18:16:26.874187] {Default Queue}  -> xdg_surface#7.ack_configure(1)
{"event":"configure","sequence":1,"monotonicNs":102052809944207,"serial":1,"ackedSerial":1,"width":800,"height":600,"maximized":false,"fullscreen":false,"suspended":false,"configuredWidth":800,"configuredHeight":600}
[18:16:26.874910] {Default Queue}  -> wl_shm#5.create_pool(new id wl_shm_pool#9, fd 5, 1920000)
[18:16:26.874918] {Default Queue}  -> wl_shm_pool#9.create_buffer(new id wl_buffer#10, 0, 800, 600, 3200, 0)
[18:16:26.874921] {Default Queue}  -> wl_shm_pool#9.destroy()
[18:16:26.874925] {Default Queue}  -> xdg_surface#7.set_window_geometry(0, 0, 800, 600)
[18:16:26.874928] {Default Queue}  -> wl_surface#3.attach(wl_buffer#10, 0, 0)
[18:16:26.874930] {Default Queue}  -> wl_surface#3.damage(0, 0, 800, 600)
[18:16:26.874933] {Default Queue}  -> wl_surface#3.commit()
{"event":"buffercommit","sequence":2,"monotonicNs":102052810692313,"serial":1,"ackedSerial":1,"width":800,"height":600,"maximized":false,"fullscreen":false,"suspended":false,"bufferWidth":800,"bufferHeight":600,"inflight":1,"argb":"ff2971c8"}
{"event":"ready","sequence":3,"monotonicNs":102052810694126,"serial":1,"ackedSerial":1,"width":800,"height":600,"maximized":false,"fullscreen":false,"suspended":false,"title":"ELM-MAXIMIZE-PROBE","appId":"elm-maximize-probe"}
[18:16:26.876504] {Display Queue} wl_display#1.delete_id(9)
[18:16:26.876523] {Default Queue} wl_buffer#10.release()
{"event":"buffer-release","sequence":4,"monotonicNs":102052812282544,"serial":1,"ackedSerial":1,"width":800,"height":600,"maximized":false,"fullscreen":false,"suspended":false,"bufferSerial":1,"bufferWidth":800,"bufferHeight":600}
[18:16:26.876534] {Default Queue}  -> wl_buffer#10.destroy()
[18:16:26.876598] {Default Queue} xdg_toplevel#8.configure(758, 558, array[20])
[18:16:26.876605] {Default Queue} xdg_surface#7.configure(2)
[18:16:26.876609] {Default Queue}  -> xdg_surface#7.ack_configure(2)
{"event":"configure","sequence":5,"monotonicNs":102052812366186,"serial":2,"ackedSerial":2,"width":758,"height":558,"maximized":false,"fullscreen":false,"suspended":false,"configuredWidth":758,"configuredHeight":558}
[18:16:26.877342] {Default Queue}  -> wl_shm#5.create_pool(new id wl_shm_pool#9, fd 5, 1691856)
[18:16:26.877347] {Default Queue}  -> wl_shm_pool#9.create_buffer(new id wl_buffer#11, 0, 758, 558, 3032, 0)
[18:16:26.877350] {Default Queue}  -> wl_shm_pool#9.destroy()
[18:16:26.877353] {Default Queue}  -> xdg_surface#7.set_window_geometry(0, 0, 758, 558)
[18:16:26.877355] {Default Queue}  -> wl_surface#3.attach(wl_buffer#11, 0, 0)
[18:16:26.877357] {Default Queue}  -> wl_surface#3.damage(0, 0, 758, 558)
[18:16:26.877359] {Default Queue}  -> wl_surface#3.commit()
{"event":"buffercommit","sequence":6,"monotonicNs":102052813118733,"serial":2,"ackedSerial":2,"width":758,"height":558,"maximized":false,"fullscreen":false,"suspended":false,"bufferWidth":758,"bufferHeight":558,"inflight":1,"argb":"ff2a71c8"}
[18:16:26.878804] discarded [unknown]#10.[event 0](0 fd, 8 byte)
[18:16:26.878815] {Display Queue} wl_display#1.delete_id(10)
[18:16:26.878820] {Display Queue} wl_display#1.delete_id(9)
[18:16:26.878822] {Default Queue} wl_buffer#11.release()
{"event":"buffer-release","sequence":7,"monotonicNs":102052814578292,"serial":2,"ackedSerial":2,"width":758,"height":558,"maximized":false,"fullscreen":false,"suspended":false,"bufferSerial":2,"bufferWidth":758,"bufferHeight":558}
[18:16:26.878827] {Default Queue}  -> wl_buffer#11.destroy()
[18:16:26.879108] discarded [unknown]#11.[event 0](0 fd, 8 byte)
[18:16:26.879111] {Display Queue} wl_display#1.delete_id(11)
[18:16:27.024772] {Default Queue} xdg_toplevel#8.configure(800, 600, array[20])
[18:16:27.024786] {Default Queue} xdg_surface#7.configure(3)
[18:16:27.024790] {Default Queue}  -> xdg_surface#7.ack_configure(3)
{"event":"configure","sequence":8,"monotonicNs":102052960546894,"serial":3,"ackedSerial":3,"width":800,"height":600,"maximized":false,"fullscreen":false,"suspended":false,"configuredWidth":800,"configuredHeight":600}
[18:16:27.025421] {Default Queue}  -> wl_shm#5.create_pool(new id wl_shm_pool#11, fd 5, 1920000)
[18:16:27.025428] {Default Queue}  -> wl_shm_pool#11.create_buffer(new id wl_buffer#9, 0, 800, 600, 3200, 0)
[18:16:27.025436] {Default Queue}  -> wl_shm_pool#11.destroy()
[18:16:27.025447] {Default Queue}  -> xdg_surface#7.set_window_geometry(0, 0, 800, 600)
[18:16:27.025450] {Default Queue}  -> wl_surface#3.attach(wl_buffer#9, 0, 0)
[18:16:27.025453] {Default Queue}  -> wl_surface#3.damage(0, 0, 800, 600)
[18:16:27.025455] {Default Queue}  -> wl_surface#3.commit()
{"event":"buffercommit","sequence":9,"monotonicNs":102052961215777,"serial":3,"ackedSerial":3,"width":800,"height":600,"maximized":false,"fullscreen":false,"suspended":false,"bufferWidth":800,"bufferHeight":600,"inflight":1,"argb":"ff2b71c8"}
[18:16:27.025906] {Display Queue} wl_display#1.delete_id(11)
[18:16:27.025918] {Default Queue} wl_buffer#9.release()
{"event":"buffer-release","sequence":10,"monotonicNs":102052961675210,"serial":3,"ackedSerial":3,"width":800,"height":600,"maximized":false,"fullscreen":false,"suspended":false,"bufferSerial":3,"bufferWidth":800,"bufferHeight":600}
[18:16:27.025924] {Default Queue}  -> wl_buffer#9.destroy()
[18:16:27.026072] discarded [unknown]#9.[event 0](0 fd, 8 byte)
[18:16:27.026075] {Display Queue} wl_display#1.delete_id(9)
[18:16:27.028706] {Default Queue} xdg_toplevel#8.configure(320, 180, array[20])
[18:16:27.028718] {Default Queue} xdg_surface#7.configure(4)
[18:16:27.028721] {Default Queue}  -> xdg_surface#7.ack_configure(4)
{"event":"configure","sequence":11,"monotonicNs":102052964477018,"serial":4,"ackedSerial":4,"width":320,"height":180,"maximized":false,"fullscreen":false,"suspended":false,"configuredWidth":320,"configuredHeight":180}
[18:16:27.028836] {Default Queue}  -> wl_shm#5.create_pool(new id wl_shm_pool#9, fd 5, 230400)
[18:16:27.028840] {Default Queue}  -> wl_shm_pool#9.create_buffer(new id wl_buffer#11, 0, 320, 180, 1280, 0)
[18:16:27.028844] {Default Queue}  -> wl_shm_pool#9.destroy()
[18:16:27.028846] {Default Queue}  -> xdg_surface#7.set_window_geometry(0, 0, 320, 180)
[18:16:27.028849] {Default Queue}  -> wl_surface#3.attach(wl_buffer#11, 0, 0)
[18:16:27.028851] {Default Queue}  -> wl_surface#3.damage(0, 0, 320, 180)
[18:16:27.028853] {Default Queue}  -> wl_surface#3.commit()
{"event":"buffercommit","sequence":12,"monotonicNs":102052964613034,"serial":4,"ackedSerial":4,"width":320,"height":180,"maximized":false,"fullscreen":false,"suspended":false,"bufferWidth":320,"bufferHeight":180,"inflight":1,"argb":"ff2c71c8"}
[18:16:27.029113] {Display Queue} wl_display#1.delete_id(9)
[18:16:27.029125] {Default Queue} wl_buffer#11.release()
{"event":"buffer-release","sequence":13,"monotonicNs":102052964881295,"serial":4,"ackedSerial":4,"width":320,"height":180,"maximized":false,"fullscreen":false,"suspended":false,"bufferSerial":4,"bufferWidth":320,"bufferHeight":180}
[18:16:27.029130] {Default Queue}  -> wl_buffer#11.destroy()
[18:16:27.029308] discarded [unknown]#11.[event 0](0 fd, 8 byte)
[18:16:27.029311] {Display Queue} wl_display#1.delete_id(11)
[18:16:27.608477] {Default Queue} xdg_wm_base#6.ping(1337)
[18:16:27.608494] {Default Queue}  -> xdg_wm_base#6.pong(1337)
[18:16:27.678119] {Default Queue} xdg_toplevel#8.configure(320, 180, array[16])
[18:16:27.678132] {Default Queue} xdg_surface#7.configure(18)
[18:16:27.678136] {Default Queue}  -> xdg_surface#7.ack_configure(18)
{"event":"configure","sequence":14,"monotonicNs":102053613893339,"serial":18,"ackedSerial":18,"width":320,"height":180,"maximized":false,"fullscreen":false,"suspended":false,"configuredWidth":320,"configuredHeight":180}
[18:16:27.678335] {Default Queue}  -> wl_shm#5.create_pool(new id wl_shm_pool#11, fd 5, 230400)
[18:16:27.678342] {Default Queue}  -> wl_shm_pool#11.create_buffer(new id wl_buffer#9, 0, 320, 180, 1280, 0)
[18:16:27.678346] {Default Queue}  -> wl_shm_pool#11.destroy()
[18:16:27.678349] {Default Queue}  -> xdg_surface#7.set_window_geometry(0, 0, 320, 180)
[18:16:27.678352] {Default Queue}  -> wl_surface#3.attach(wl_buffer#9, 0, 0)
[18:16:27.678355] {Default Queue}  -> wl_surface#3.damage(0, 0, 320, 180)
[18:16:27.678358] {Default Queue}  -> wl_surface#3.commit()
{"event":"buffercommit","sequence":15,"monotonicNs":102053614123504,"serial":18,"ackedSerial":18,"width":320,"height":180,"maximized":false,"fullscreen":false,"suspended":false,"bufferWidth":320,"bufferHeight":180,"inflight":1,"argb":"ff3a71c8"}
[18:16:27.678970] {Display Queue} wl_display#1.delete_id(11)
[18:16:27.678983] {Default Queue} wl_buffer#9.release()
{"event":"buffer-release","sequence":16,"monotonicNs":102053614739514,"serial":18,"ackedSerial":18,"width":320,"height":180,"maximized":false,"fullscreen":false,"suspended":false,"bufferSerial":18,"bufferWidth":320,"bufferHeight":180}
[18:16:27.678989] {Default Queue}  -> wl_buffer#9.destroy()
[18:16:27.679119] discarded [unknown]#9.[event 0](0 fd, 8 byte)
[18:16:27.679123] {Display Queue} wl_display#1.delete_id(9)
[18:16:27.814058] {Default Queue} xdg_toplevel#8.configure(798, 550, array[20])
[18:16:27.814071] {Default Queue} xdg_surface#7.configure(33)
[18:16:27.814076] {Default Queue}  -> xdg_surface#7.ack_configure(33)
{"event":"configure","sequence":17,"monotonicNs":102053749834238,"serial":33,"ackedSerial":33,"width":798,"height":550,"maximized":true,"fullscreen":false,"suspended":false,"configuredWidth":798,"configuredHeight":550}
[18:16:27.815157] {Default Queue}  -> wl_shm#5.create_pool(new id wl_shm_pool#9, fd 5, 1755600)
[18:16:27.815162] {Default Queue}  -> wl_shm_pool#9.create_buffer(new id wl_buffer#11, 0, 798, 550, 3192, 0)
[18:16:27.815165] {Default Queue}  -> wl_shm_pool#9.destroy()
[18:16:27.815167] {Default Queue}  -> xdg_surface#7.set_window_geometry(0, 0, 798, 550)
[18:16:27.815170] {Default Queue}  -> wl_surface#3.attach(wl_buffer#11, 0, 0)
[18:16:27.815173] {Default Queue}  -> wl_surface#3.damage(0, 0, 798, 550)
[18:16:27.815174] {Default Queue}  -> wl_surface#3.commit()
{"event":"buffercommit","sequence":18,"monotonicNs":102053750934860,"serial":33,"ackedSerial":33,"width":798,"height":550,"maximized":true,"fullscreen":false,"suspended":false,"bufferWidth":798,"bufferHeight":550,"inflight":1,"argb":"ff0971c8"}
[18:16:27.815919] {Display Queue} wl_display#1.delete_id(9)
[18:16:27.815923] {Default Queue} wl_buffer#11.release()
{"event":"buffer-release","sequence":19,"monotonicNs":102053751678478,"serial":33,"ackedSerial":33,"width":798,"height":550,"maximized":true,"fullscreen":false,"suspended":false,"bufferSerial":33,"bufferWidth":798,"bufferHeight":550}
[18:16:27.815927] {Default Queue}  -> wl_buffer#11.destroy()
[18:16:27.816374] discarded [unknown]#11.[event 0](0 fd, 8 byte)
[18:16:27.816379] {Display Queue} wl_display#1.delete_id(11)
[18:16:28.011998] {Default Queue} xdg_toplevel#8.configure(798, 550, array[24])
[18:16:28.012018] {Default Queue} xdg_surface#7.configure(46)
[18:16:28.012024] {Default Queue}  -> xdg_surface#7.ack_configure(46)
{"event":"configure","sequence":20,"monotonicNs":102053947782214,"serial":46,"ackedSerial":46,"width":798,"height":550,"maximized":true,"fullscreen":false,"suspended":false,"configuredWidth":798,"configuredHeight":550}
[18:16:28.012968] {Default Queue}  -> wl_shm#5.create_pool(new id wl_shm_pool#11, fd 5, 1755600)
[18:16:28.012972] {Default Queue}  -> wl_shm_pool#11.create_buffer(new id wl_buffer#9, 0, 798, 550, 3192, 0)
[18:16:28.012975] {Default Queue}  -> wl_shm_pool#11.destroy()
[18:16:28.012977] {Default Queue}  -> xdg_surface#7.set_window_geometry(0, 0, 798, 550)
[18:16:28.012980] {Default Queue}  -> wl_surface#3.attach(wl_buffer#9, 0, 0)
[18:16:28.012982] {Default Queue}  -> wl_surface#3.damage(0, 0, 798, 550)
[18:16:28.012984] {Default Queue}  -> wl_surface#3.commit()
{"event":"buffercommit","sequence":21,"monotonicNs":102053948742843,"serial":46,"ackedSerial":46,"width":798,"height":550,"maximized":true,"fullscreen":false,"suspended":false,"bufferWidth":798,"bufferHeight":550,"inflight":1,"argb":"ff0671c8"}
[18:16:28.013472] {Display Queue} wl_display#1.delete_id(11)
[18:16:28.013479] {Default Queue} wl_buffer#9.release()
{"event":"buffer-release","sequence":22,"monotonicNs":102053949235377,"serial":46,"ackedSerial":46,"width":798,"height":550,"maximized":true,"fullscreen":false,"suspended":false,"bufferSerial":46,"bufferWidth":798,"bufferHeight":550}
[18:16:28.013487] {Default Queue}  -> wl_buffer#9.destroy()
[18:16:28.014054] discarded [unknown]#9.[event 0](0 fd, 8 byte)
[18:16:28.014059] {Display Queue} wl_display#1.delete_id(9)
[18:16:28.018449] {Default Queue} xdg_toplevel#8.configure(798, 550, array[24])
[18:16:28.018467] {Default Queue} xdg_surface#7.configure(48)
[18:16:28.018470] {Default Queue}  -> xdg_surface#7.ack_configure(48)
{"event":"configure","sequence":23,"monotonicNs":102053954227019,"serial":48,"ackedSerial":48,"width":798,"height":550,"maximized":true,"fullscreen":false,"suspended":true,"configuredWidth":798,"configuredHeight":550}
[18:16:28.019564] {Default Queue}  -> wl_shm#5.create_pool(new id wl_shm_pool#9, fd 5, 1755600)
[18:16:28.019569] {Default Queue}  -> wl_shm_pool#9.create_buffer(new id wl_buffer#11, 0, 798, 550, 3192, 0)
[18:16:28.019572] {Default Queue}  -> wl_shm_pool#9.destroy()
[18:16:28.019575] {Default Queue}  -> xdg_surface#7.set_window_geometry(0, 0, 798, 550)
[18:16:28.019577] {Default Queue}  -> wl_surface#3.attach(wl_buffer#11, 0, 0)
[18:16:28.019579] {Default Queue}  -> wl_surface#3.damage(0, 0, 798, 550)
[18:16:28.019581] {Default Queue}  -> wl_surface#3.commit()
{"event":"buffercommit","sequence":24,"monotonicNs":102053955342786,"serial":48,"ackedSerial":48,"width":798,"height":550,"maximized":true,"fullscreen":false,"suspended":true,"bufferWidth":798,"bufferHeight":550,"inflight":1,"argb":"ff1871c8"}
[18:16:28.019916] {Display Queue} wl_display#1.delete_id(9)
[18:16:28.019928] {Default Queue} wl_buffer#11.release()
{"event":"buffer-release","sequence":25,"monotonicNs":102053955684273,"serial":48,"ackedSerial":48,"width":798,"height":550,"maximized":true,"fullscreen":false,"suspended":true,"bufferSerial":48,"bufferWidth":798,"bufferHeight":550}
[18:16:28.019933] {Default Queue}  -> wl_buffer#11.destroy()
[18:16:28.020129] discarded [unknown]#11.[event 0](0 fd, 8 byte)
[18:16:28.020132] {Display Queue} wl_display#1.delete_id(11)
[18:16:28.168864] {Default Queue} xdg_toplevel#8.configure(798, 550, array[24])
[18:16:28.168883] {Default Queue} xdg_surface#7.configure(61)
[18:16:28.168888] {Default Queue}  -> xdg_surface#7.ack_configure(61)
{"event":"configure","sequence":26,"monotonicNs":102054104644841,"serial":61,"ackedSerial":61,"width":798,"height":550,"maximized":true,"fullscreen":false,"suspended":false,"configuredWidth":798,"configuredHeight":550}
[18:16:28.169753] {Default Queue}  -> wl_shm#5.create_pool(new id wl_shm_pool#11, fd 5, 1755600)
[18:16:28.169762] {Default Queue}  -> wl_shm_pool#11.create_buffer(new id wl_buffer#9, 0, 798, 550, 3192, 0)
[18:16:28.169765] {Default Queue}  -> wl_shm_pool#11.destroy()
[18:16:28.169769] {Default Queue}  -> xdg_surface#7.set_window_geometry(0, 0, 798, 550)
[18:16:28.169773] {Default Queue}  -> wl_surface#3.attach(wl_buffer#9, 0, 0)
[18:16:28.169776] {Default Queue}  -> wl_surface#3.damage(0, 0, 798, 550)
[18:16:28.169778] {Default Queue}  -> wl_surface#3.commit()
{"event":"buffercommit","sequence":27,"monotonicNs":102054105543672,"serial":61,"ackedSerial":61,"width":798,"height":550,"maximized":true,"fullscreen":false,"suspended":false,"bufferWidth":798,"bufferHeight":550,"inflight":1,"argb":"ff1571c8"}
[18:16:28.170195] {Display Queue} wl_display#1.delete_id(11)
[18:16:28.170200] {Default Queue} wl_buffer#9.release()
{"event":"buffer-release","sequence":28,"monotonicNs":102054105957080,"serial":61,"ackedSerial":61,"width":798,"height":550,"maximized":true,"fullscreen":false,"suspended":false,"bufferSerial":61,"bufferWidth":798,"bufferHeight":550}
[18:16:28.170206] {Default Queue}  -> wl_buffer#9.destroy()
[18:16:28.170520] discarded [unknown]#9.[event 0](0 fd, 8 byte)
[18:16:28.170530] {Display Queue} wl_display#1.delete_id(9)
[18:16:28.358644] {Default Queue} xdg_toplevel#8.configure(320, 180, array[20])
[18:16:28.358660] {Default Queue} xdg_surface#7.configure(75)
[18:16:28.358664] {Default Queue}  -> xdg_surface#7.ack_configure(75)
{"event":"configure","sequence":29,"monotonicNs":102054294420573,"serial":75,"ackedSerial":75,"width":320,"height":180,"maximized":false,"fullscreen":false,"suspended":false,"configuredWidth":320,"configuredHeight":180}
[18:16:28.358828] {Default Queue}  -> wl_shm#5.create_pool(new id wl_shm_pool#9, fd 5, 230400)
[18:16:28.358840] {Default Queue}  -> wl_shm_pool#9.create_buffer(new id wl_buffer#11, 0, 320, 180, 1280, 0)
[18:16:28.358844] {Default Queue}  -> wl_shm_pool#9.destroy()
[18:16:28.358848] {Default Queue}  -> xdg_surface#7.set_window_geometry(0, 0, 320, 180)
[18:16:28.358851] {Default Queue}  -> wl_surface#3.attach(wl_buffer#11, 0, 0)
[18:16:28.358854] {Default Queue}  -> wl_surface#3.damage(0, 0, 320, 180)
[18:16:28.358856] {Default Queue}  -> wl_surface#3.commit()
{"event":"buffercommit","sequence":30,"monotonicNs":102054294617272,"serial":75,"ackedSerial":75,"width":320,"height":180,"maximized":false,"fullscreen":false,"suspended":false,"bufferWidth":320,"bufferHeight":180,"inflight":1,"argb":"ff2370c8"}
[18:16:28.359313] {Display Queue} wl_display#1.delete_id(9)
[18:16:28.359315] {Default Queue} wl_buffer#11.release()
{"event":"buffer-release","sequence":31,"monotonicNs":102054295070935,"serial":75,"ackedSerial":75,"width":320,"height":180,"maximized":false,"fullscreen":false,"suspended":false,"bufferSerial":75,"bufferWidth":320,"bufferHeight":180}
[18:16:28.359319] {Default Queue}  -> wl_buffer#11.destroy()
[18:16:28.359767] discarded [unknown]#11.[event 0](0 fd, 8 byte)
[18:16:28.359770] {Display Queue} wl_display#1.delete_id(11)
[18:16:28.601878] {Default Queue}  -> xdg_toplevel#8.set_maximized()
{"event":"request","sequence":32,"monotonicNs":102054537644944,"serial":75,"ackedSerial":75,"width":320,"height":180,"maximized":false,"fullscreen":false,"suspended":false,"command":"maximize"}
[18:16:28.601895] {Default Queue}  -> wl_display#1.sync(new id wl_callback#11)
[18:16:28.602120] {Display Queue} wl_display#1.delete_id(11)
[18:16:28.602131] {Default Queue} wl_callback#11.done(76)
{"event":"server-barrier","sequence":33,"monotonicNs":102054537888812,"serial":75,"ackedSerial":75,"width":320,"height":180,"maximized":false,"fullscreen":false,"suspended":false,"requestSequence":32,"requestSerial":75,"command":"maximize","callbackData":76}
[18:16:28.602139] {Default Queue} xdg_toplevel#8.configure(798, 550, array[24])
[18:16:28.602143] {Default Queue} xdg_surface#7.configure(76)
[18:16:28.602146] {Default Queue}  -> xdg_surface#7.ack_configure(76)
{"event":"configure","sequence":34,"monotonicNs":102054537901307,"serial":76,"ackedSerial":76,"width":798,"height":550,"maximized":true,"fullscreen":false,"suspended":false,"configuredWidth":798,"configuredHeight":550}
[18:16:28.602817] {Default Queue}  -> wl_shm#5.create_pool(new id wl_shm_pool#11, fd 5, 1755600)
[18:16:28.602822] {Default Queue}  -> wl_shm_pool#11.create_buffer(new id wl_buffer#9, 0, 798, 550, 3192, 0)
[18:16:28.602825] {Default Queue}  -> wl_shm_pool#11.destroy()
[18:16:28.602828] {Default Queue}  -> xdg_surface#7.set_window_geometry(0, 0, 798, 550)
[18:16:28.602831] {Default Queue}  -> wl_surface#3.attach(wl_buffer#9, 0, 0)
[18:16:28.602833] {Default Queue}  -> wl_surface#3.damage(0, 0, 798, 550)
[18:16:28.602835] {Default Queue}  -> wl_surface#3.commit()
{"event":"buffercommit","sequence":35,"monotonicNs":102054538595778,"serial":76,"ackedSerial":76,"width":798,"height":550,"maximized":true,"fullscreen":false,"suspended":false,"bufferWidth":798,"bufferHeight":550,"inflight":1,"argb":"ff2470c8"}
[18:16:28.603270] {Display Queue} wl_display#1.delete_id(11)
[18:16:28.603281] {Default Queue} wl_buffer#9.release()
{"event":"buffer-release","sequence":36,"monotonicNs":102054539037181,"serial":76,"ackedSerial":76,"width":798,"height":550,"maximized":true,"fullscreen":false,"suspended":false,"bufferSerial":76,"bufferWidth":798,"bufferHeight":550}
[18:16:28.603286] {Default Queue}  -> wl_buffer#9.destroy()
[18:16:28.603613] discarded [unknown]#9.[event 0](0 fd, 8 byte)
[18:16:28.603621] {Display Queue} wl_display#1.delete_id(9)
[18:16:28.781485] {Default Queue}  -> xdg_toplevel#8.unset_maximized()
{"event":"request","sequence":37,"monotonicNs":102054717250049,"serial":76,"ackedSerial":76,"width":798,"height":550,"maximized":true,"fullscreen":false,"suspended":false,"command":"unmaximize"}
[18:16:28.781505] {Default Queue}  -> wl_display#1.sync(new id wl_callback#9)
[18:16:28.781698] {Display Queue} wl_display#1.delete_id(9)
[18:16:28.781709] {Default Queue} wl_callback#9.done(90)
{"event":"server-barrier","sequence":38,"monotonicNs":102054717466347,"serial":76,"ackedSerial":76,"width":798,"height":550,"maximized":true,"fullscreen":false,"suspended":false,"requestSequence":37,"requestSerial":76,"command":"unmaximize","callbackData":90}
[18:16:28.781715] {Default Queue} xdg_toplevel#8.configure(320, 180, array[20])
[18:16:28.781718] {Default Queue} xdg_surface#7.configure(90)
[18:16:28.781721] {Default Queue}  -> xdg_surface#7.ack_configure(90)
{"event":"configure","sequence":39,"monotonicNs":102054717476924,"serial":90,"ackedSerial":90,"width":320,"height":180,"maximized":false,"fullscreen":false,"suspended":false,"configuredWidth":320,"configuredHeight":180}
[18:16:28.781823] {Default Queue}  -> wl_shm#5.create_pool(new id wl_shm_pool#9, fd 5, 230400)
[18:16:28.781827] {Default Queue}  -> wl_shm_pool#9.create_buffer(new id wl_buffer#11, 0, 320, 180, 1280, 0)
[18:16:28.781830] {Default Queue}  -> wl_shm_pool#9.destroy()
[18:16:28.781833] {Default Queue}  -> xdg_surface#7.set_window_geometry(0, 0, 320, 180)
[18:16:28.781835] {Default Queue}  -> wl_surface#3.attach(wl_buffer#11, 0, 0)
[18:16:28.781838] {Default Queue}  -> wl_surface#3.damage(0, 0, 320, 180)
[18:16:28.781840] {Default Queue}  -> wl_surface#3.commit()
{"event":"buffercommit","sequence":40,"monotonicNs":102054717599916,"serial":90,"ackedSerial":90,"width":320,"height":180,"maximized":false,"fullscreen":false,"suspended":false,"bufferWidth":320,"bufferHeight":180,"inflight":1,"argb":"ff3270c8"}
[18:16:28.782176] {Display Queue} wl_display#1.delete_id(9)
[18:16:28.782182] {Default Queue} wl_buffer#11.release()
{"event":"buffer-release","sequence":41,"monotonicNs":102054717937818,"serial":90,"ackedSerial":90,"width":320,"height":180,"maximized":false,"fullscreen":false,"suspended":false,"bufferSerial":90,"bufferWidth":320,"bufferHeight":180}
[18:16:28.782186] {Default Queue}  -> wl_buffer#11.destroy()
[18:16:28.782237] discarded [unknown]#11.[event 0](0 fd, 8 byte)
[18:16:28.782240] {Display Queue} wl_display#1.delete_id(11)
[18:16:28.914713] {Default Queue} xdg_toplevel#8.configure(320, 180, array[16])
[18:16:28.914727] {Default Queue} xdg_surface#7.configure(102)
[18:16:28.914731] {Default Queue}  -> xdg_surface#7.ack_configure(102)
{"event":"configure","sequence":42,"monotonicNs":102054850487245,"serial":102,"ackedSerial":102,"width":320,"height":180,"maximized":false,"fullscreen":false,"suspended":false,"configuredWidth":320,"configuredHeight":180}
[18:16:28.914861] {Default Queue}  -> wl_shm#5.create_pool(new id wl_shm_pool#11, fd 5, 230400)
[18:16:28.914866] {Default Queue}  -> wl_shm_pool#11.create_buffer(new id wl_buffer#9, 0, 320, 180, 1280, 0)
[18:16:28.914870] {Default Queue}  -> wl_shm_pool#11.destroy()
[18:16:28.914873] {Default Queue}  -> xdg_surface#7.set_window_geometry(0, 0, 320, 180)
[18:16:28.914875] {Default Queue}  -> wl_surface#3.attach(wl_buffer#9, 0, 0)
[18:16:28.914878] {Default Queue}  -> wl_surface#3.damage(0, 0, 320, 180)
[18:16:28.914881] {Default Queue}  -> wl_surface#3.commit()
{"event":"buffercommit","sequence":43,"monotonicNs":102054850642967,"serial":102,"ackedSerial":102,"width":320,"height":180,"maximized":false,"fullscreen":false,"suspended":false,"bufferWidth":320,"bufferHeight":180,"inflight":1,"argb":"ff0e70c8"}
[18:16:28.915128] {Display Queue} wl_display#1.delete_id(11)
[18:16:28.915131] {Default Queue} wl_buffer#9.release()
{"event":"buffer-release","sequence":44,"monotonicNs":102054850886353,"serial":102,"ackedSerial":102,"width":320,"height":180,"maximized":false,"fullscreen":false,"suspended":false,"bufferSerial":102,"bufferWidth":320,"bufferHeight":180}
[18:16:28.915135] {Default Queue}  -> wl_buffer#9.destroy()
[18:16:28.915195] discarded [unknown]#9.[event 0](0 fd, 8 byte)
[18:16:28.915203] {Display Queue} wl_display#1.delete_id(9)
[18:16:29.066455] {Default Queue} xdg_toplevel#8.configure(798, 550, array[20])
[18:16:29.066472] {Default Queue} xdg_surface#7.configure(117)
[18:16:29.066477] {Default Queue}  -> xdg_surface#7.ack_configure(117)
{"event":"configure","sequence":45,"monotonicNs":102055002233306,"serial":117,"ackedSerial":117,"width":798,"height":550,"maximized":true,"fullscreen":false,"suspended":false,"configuredWidth":798,"configuredHeight":550}
[18:16:29.067169] {Default Queue}  -> wl_shm#5.create_pool(new id wl_shm_pool#9, fd 5, 1755600)
[18:16:29.067175] {Default Queue}  -> wl_shm_pool#9.create_buffer(new id wl_buffer#11, 0, 798, 550, 3192, 0)
[18:16:29.067178] {Default Queue}  -> wl_shm_pool#9.destroy()
[18:16:29.067181] {Default Queue}  -> xdg_surface#7.set_window_geometry(0, 0, 798, 550)
[18:16:29.067184] {Default Queue}  -> wl_surface#3.attach(wl_buffer#11, 0, 0)
[18:16:29.067186] {Default Queue}  -> wl_surface#3.damage(0, 0, 798, 550)
[18:16:29.067188] {Default Queue}  -> wl_surface#3.commit()
{"event":"buffercommit","sequence":46,"monotonicNs":102055002950667,"serial":117,"ackedSerial":117,"width":798,"height":550,"maximized":true,"fullscreen":false,"suspended":false,"bufferWidth":798,"bufferHeight":550,"inflight":1,"argb":"ff1d70c8"}
[18:16:29.067585] {Display Queue} wl_display#1.delete_id(9)
[18:16:29.067596] {Default Queue} wl_buffer#11.release()
{"event":"buffer-release","sequence":47,"monotonicNs":102055003353719,"serial":117,"ackedSerial":117,"width":798,"height":550,"maximized":true,"fullscreen":false,"suspended":false,"bufferSerial":117,"bufferWidth":798,"bufferHeight":550}
[18:16:29.067603] {Default Queue}  -> wl_buffer#11.destroy()
[18:16:29.067970] discarded [unknown]#11.[event 0](0 fd, 8 byte)
[18:16:29.067973] {Display Queue} wl_display#1.delete_id(11)
[18:16:29.108678] {Default Queue} xdg_wm_base#6.ping(1337)
[18:16:29.108695] {Default Queue}  -> xdg_wm_base#6.pong(1337)
[18:16:29.687613] {Default Queue} xdg_toplevel#8.configure(798, 550, array[24])
[18:16:29.687629] {Default Queue} xdg_surface#7.configure(132)
[18:16:29.687634] {Default Queue}  -> xdg_surface#7.ack_configure(132)
{"event":"configure","sequence":48,"monotonicNs":102055623391213,"serial":132,"ackedSerial":132,"width":798,"height":550,"maximized":true,"fullscreen":false,"suspended":false,"configuredWidth":798,"configuredHeight":550}
[18:16:29.688446] {Default Queue}  -> wl_shm#5.create_pool(new id wl_shm_pool#11, fd 5, 1755600)
[18:16:29.688453] {Default Queue}  -> wl_shm_pool#11.create_buffer(new id wl_buffer#9, 0, 798, 550, 3192, 0)
[18:16:29.688457] {Default Queue}  -> wl_shm_pool#11.destroy()
[18:16:29.688460] {Default Queue}  -> xdg_surface#7.set_window_geometry(0, 0, 798, 550)
[18:16:29.688464] {Default Queue}  -> wl_surface#3.attach(wl_buffer#9, 0, 0)
[18:16:29.688466] {Default Queue}  -> wl_surface#3.damage(0, 0, 798, 550)
[18:16:29.688469] {Default Queue}  -> wl_surface#3.commit()
{"event":"buffercommit","sequence":49,"monotonicNs":102055624230278,"serial":132,"ackedSerial":132,"width":798,"height":550,"maximized":true,"fullscreen":false,"suspended":false,"bufferWidth":798,"bufferHeight":550,"inflight":1,"argb":"ff2c73c8"}
[18:16:29.689046] {Display Queue} wl_display#1.delete_id(11)
[18:16:29.689063] {Default Queue} wl_buffer#9.release()
{"event":"buffer-release","sequence":50,"monotonicNs":102055624821274,"serial":132,"ackedSerial":132,"width":798,"height":550,"maximized":true,"fullscreen":false,"suspended":false,"bufferSerial":132,"bufferWidth":798,"bufferHeight":550}
[18:16:29.689072] {Default Queue}  -> wl_buffer#9.destroy()
[18:16:29.689480] discarded [unknown]#9.[event 0](0 fd, 8 byte)
[18:16:29.689483] {Display Queue} wl_display#1.delete_id(9)
[18:16:30.608689] {Default Queue} xdg_wm_base#6.ping(1337)
[18:16:30.608715] {Default Queue}  -> xdg_wm_base#6.pong(1337)
[18:16:32.108621] {Default Queue} xdg_wm_base#6.ping(1337)
[18:16:32.108637] {Default Queue}  -> xdg_wm_base#6.pong(1337)
[18:16:33.608624] {Default Queue} xdg_wm_base#6.ping(1337)
[18:16:33.608654] {Default Queue}  -> xdg_wm_base#6.pong(1337)
[18:16:35.108886] {Default Queue} xdg_wm_base#6.ping(1337)
[18:16:35.108901] {Default Queue}  -> xdg_wm_base#6.pong(1337)
{"event":"request","sequence":51,"monotonicNs":102061694756442,"serial":132,"ackedSerial":132,"width":798,"height":550,"maximized":true,"fullscreen":false,"suspended":false,"command":"quit"}
[18:16:35.759016] {Default Queue}  -> xdg_toplevel#8.destroy()
[18:16:35.759020] {Default Queue}  -> xdg_surface#7.destroy()
[18:16:35.759022] {Default Queue}  -> wl_surface#3.destroy()
[18:16:35.759024] {Default Queue}  -> xdg_wm_base#6.destroy()
{"event":"normalexit","sequence":52,"monotonicNs":102061694793382,"serial":132,"ackedSerial":132,"width":798,"height":550,"maximized":true,"fullscreen":false,"suspended":false}
