test_actual_overflow_keeps_result_and_reports_incomplete (test_preparation_profile.ProfileTests.test_actual_overflow_keeps_result_and_reports_incomplete) ... ok
test_actual_source_replacement_cannot_claim_complete (test_preparation_profile.ProfileTests.test_actual_source_replacement_cannot_claim_complete) ... ok
test_callback_failure_is_latched_without_changing_return (test_preparation_profile.ProfileTests.test_callback_failure_is_latched_without_changing_return) ... ok
test_exclusive_evidence_never_overwrites_prior_bytes (test_preparation_profile.ProfileTests.test_exclusive_evidence_never_overwrites_prior_bytes) ... ok
test_existing_current_profile_refuses_without_replacement (test_preparation_profile.ProfileTests.test_existing_current_profile_refuses_without_replacement) ... ok
test_existing_global_thread_profile_refuses_without_replacement (test_preparation_profile.ProfileTests.test_existing_global_thread_profile_refuses_without_replacement) ... ok
test_live_span_at_stop_stays_incomplete_after_late_return (test_preparation_profile.ProfileTests.test_live_span_at_stop_stays_incomplete_after_late_return) ... ok
test_original_exception_identity_preserved_without_success_claim (test_preparation_profile.ProfileTests.test_original_exception_identity_preserved_without_success_claim) ... ok
test_real_concurrent_workers_have_distinct_thread_spans (test_preparation_profile.ProfileTests.test_real_concurrent_workers_have_distinct_thread_spans) ... ok
test_real_nested_calls_keep_result_and_code_identity (test_preparation_profile.ProfileTests.test_real_nested_calls_keep_result_and_code_identity) ... ok
test_actual_candidate_and_links (test_actual_binding.LoadedSourceTests.test_actual_candidate_and_links) ... ok
test_actual_link_replacement_persists_raw_refusal (test_actual_binding.LoadedSourceTests.test_actual_link_replacement_persists_raw_refusal) ... ok
test_actual_source_fd_swap_is_refused (test_actual_binding.LoadedSourceTests.test_actual_source_fd_swap_is_refused) ... ok
test_alias_and_unsafe_mode_refuse (test_actual_binding.LoadedSourceTests.test_alias_and_unsafe_mode_refuse) ... ok
test_post_disk_link_replacement_refuses (test_actual_binding.LoadedSourceTests.test_post_disk_link_replacement_refuses) ... ok
test_stale_preloaded_v17_is_not_repaired_by_outer_path (test_actual_binding.LoadedSourceTests.test_stale_preloaded_v17_is_not_repaired_by_outer_path) ... ok
test_valid_module_token_replacement_refuses (test_actual_binding.LoadedSourceTests.test_valid_module_token_replacement_refuses) ... ok
test_actual_held_lease_first_complete_binding (test_actual_binding.OwnerKernelTests.test_actual_held_lease_first_complete_binding) ... ok
test_actual_reader_peer_and_journal_equal_binding (test_actual_binding.OwnerKernelTests.test_actual_reader_peer_and_journal_equal_binding) ... ok
test_actual_recovery_coordinator_binding_before_any_effect (test_actual_binding.OwnerKernelTests.test_actual_recovery_coordinator_binding_before_any_effect) ... ok
test_actual_terminal_closed_lease_and_ledger_then_changed_archive_refuses (test_actual_binding.OwnerKernelTests.test_actual_terminal_closed_lease_and_ledger_then_changed_archive_refuses) ... ok
test_callback_replacement_after_disk_refuses (test_actual_binding.OwnerKernelTests.test_callback_replacement_after_disk_refuses) ... ok
test_exact_actual_actor_class_and_callback_chain (test_actual_binding.OwnerKernelTests.test_exact_actual_actor_class_and_callback_chain) ... ok
test_expected_fault_pending_data_is_retained_without_authority (test_actual_binding.OwnerKernelTests.test_expected_fault_pending_data_is_retained_without_authority) ... ok
test_genuine_owned_data_probe_uses_actual_row_and_no_helper (test_actual_binding.OwnerKernelTests.test_genuine_owned_data_probe_uses_actual_row_and_no_helper) ... ok
test_owner_changed_after_disk_has_raw_confirmation_before_refusal (test_actual_binding.OwnerKernelTests.test_owner_changed_after_disk_has_raw_confirmation_before_refusal) ... ok
test_pending_refused_missing_and_replaced_owner_never_admit (test_actual_binding.OwnerKernelTests.test_pending_refused_missing_and_replaced_owner_never_admit) ... ok
test_probe_wrong_owner_before_bytes_is_persisted_unusable (test_actual_binding.OwnerKernelTests.test_probe_wrong_owner_before_bytes_is_persisted_unusable) ... ok
test_stale_callback_no_actor_preparation_authority (test_actual_binding.OwnerKernelTests.test_stale_callback_no_actor_preparation_authority) ... ok
test_wrong_actual_recovery_factory_refuses_before_effect (test_actual_binding.OwnerKernelTests.test_wrong_actual_recovery_factory_refuses_before_effect) ... ok
test_wrong_collector_digest_persists_no_usable_binding (test_actual_binding.OwnerKernelTests.test_wrong_collector_digest_persists_no_usable_binding) ... ok

----------------------------------------------------------------------
Ran 31 tests in 6.703s

OK
