[21:59:33.269700] {Default Queue}  -> wl_display#1.get_registry(new id wl_registry#2)
[21:59:33.269715] {Default Queue}  -> wl_display#1.sync(new id wl_callback#3)
[21:59:33.269923] {Display Queue} wl_display#1.delete_id(3)
[21:59:33.269927] {Default Queue} wl_registry#2.global(1, "wl_seat", 9)
[21:59:33.269931] {Default Queue} wl_registry#2.global(2, "wl_data_device_manager", 3)
[21:59:33.269933] {Default Queue}  -> wl_registry#2.bind(2, "wl_data_device_manager", 3, new id [unknown]#4)
[21:59:33.269936] {Default Queue} wl_registry#2.global(3, "wl_compositor", 6)
[21:59:33.269938] {Default Queue}  -> wl_registry#2.bind(3, "wl_compositor", 3, new id [unknown]#5)
[21:59:33.269940] {Default Queue} wl_registry#2.global(4, "wl_subcompositor", 1)
[21:59:33.269942] {Default Queue}  -> wl_registry#2.bind(4, "wl_subcompositor", 1, new id [unknown]#6)
[21:59:33.269944] {Default Queue} wl_registry#2.global(5, "wl_shm", 2)
[21:59:33.269946] {Default Queue}  -> wl_registry#2.bind(5, "wl_shm", 1, new id [unknown]#7)
[21:59:33.269948] {Default Queue} wl_registry#2.global(6, "wp_viewporter", 1)
[21:59:33.269950] {Default Queue} wl_registry#2.global(7, "wp_tearing_control_manager_v1", 1)
[21:59:33.269952] {Default Queue} wl_registry#2.global(8, "wp_fractional_scale_manager_v1", 1)
[21:59:33.269954] {Default Queue} wl_registry#2.global(9, "zxdg_output_manager_v1", 3)
[21:59:33.269956] {Default Queue}  -> wl_registry#2.bind(9, "zxdg_output_manager_v1", 3, new id [unknown]#8)
[21:59:33.269958] {Default Queue}  -> wl_display#1.sync(new id wl_callback#9)
[21:59:33.269960] {Default Queue} wl_registry#2.global(10, "wp_cursor_shape_manager_v1", 2)
[21:59:33.269962] {Default Queue}  -> wl_registry#2.bind(10, "wp_cursor_shape_manager_v1", 1, new id [unknown]#10)
[21:59:33.269964] {Default Queue} wl_registry#2.global(11, "zwp_idle_inhibit_manager_v1", 1)
[21:59:33.269966] {Default Queue} wl_registry#2.global(12, "zwp_relative_pointer_manager_v1", 1)
[21:59:33.269968] {Default Queue} wl_registry#2.global(13, "zxdg_decoration_manager_v1", 2)
[21:59:33.269969] {Default Queue} wl_registry#2.global(14, "wp_alpha_modifier_v1", 1)
[21:59:33.269971] {Default Queue} wl_registry#2.global(15, "zwlr_gamma_control_manager_v1", 1)
[21:59:33.269973] {Default Queue} wl_registry#2.global(16, "ext_foreign_toplevel_list_v1", 1)
[21:59:33.269976] {Default Queue} wl_registry#2.global(17, "zwp_pointer_gestures_v1", 3)
[21:59:33.269978] {Default Queue}  -> wl_registry#2.bind(17, "zwp_pointer_gestures_v1", 1, new id [unknown]#11)
[21:59:33.269980] {Default Queue} wl_registry#2.global(18, "zwlr_foreign_toplevel_manager_v1", 3)
[21:59:33.269982] {Default Queue} wl_registry#2.global(19, "zwp_keyboard_shortcuts_inhibit_manager_v1", 1)
[21:59:33.269984] {Default Queue}  -> wl_registry#2.bind(19, "zwp_keyboard_shortcuts_inhibit_manager_v1", 1, new id [unknown]#12)
[21:59:33.269987] {Default Queue} wl_registry#2.global(20, "zwp_text_input_manager_v1", 1)
[21:59:33.269989] {Default Queue} wl_registry#2.global(21, "zwp_text_input_manager_v3", 1)
[21:59:33.269991] {Default Queue} wl_registry#2.global(22, "zwp_pointer_constraints_v1", 1)
[21:59:33.269993] {Default Queue} wl_registry#2.global(23, "zwlr_output_power_manager_v1", 1)
[21:59:33.269994] {Default Queue} wl_registry#2.global(24, "xdg_activation_v1", 1)
[21:59:33.269996] {Default Queue}  -> wl_registry#2.bind(24, "xdg_activation_v1", 1, new id [unknown]#13)
[21:59:33.269998] {Default Queue} wl_registry#2.global(25, "ext_idle_notifier_v1", 2)
[21:59:33.270000] {Default Queue} wl_registry#2.global(26, "hyprland_lock_notifier_v1", 1)
[21:59:33.270002] {Default Queue} wl_registry#2.global(27, "ext_session_lock_manager_v1", 1)
[21:59:33.270004] {Default Queue} wl_registry#2.global(28, "zwp_input_method_manager_v2", 1)
[21:59:33.270006] {Default Queue} wl_registry#2.global(29, "zwp_virtual_keyboard_manager_v1", 1)
[21:59:33.270008] {Default Queue} wl_registry#2.global(30, "zwlr_virtual_pointer_manager_v1", 2)
[21:59:33.270010] {Default Queue} wl_registry#2.global(31, "zwlr_output_manager_v1", 4)
[21:59:33.270012] {Default Queue} wl_registry#2.global(32, "org_kde_kwin_server_decoration_manager", 1)
[21:59:33.270018] {Default Queue}  -> wl_registry#2.bind(32, "org_kde_kwin_server_decoration_manager", 1, new id [unknown]#14)
[21:59:33.270023] {Default Queue} wl_registry#2.global(33, "hyprland_focus_grab_manager_v1", 1)
[21:59:33.270025] {Default Queue} wl_registry#2.global(34, "zwp_tablet_manager_v2", 1)
[21:59:33.270027] {Default Queue}  -> wl_registry#2.bind(34, "zwp_tablet_manager_v2", 1, new id [unknown]#15)
[21:59:33.270029] {Default Queue} wl_registry#2.global(35, "zwlr_layer_shell_v1", 5)
[21:59:33.270031] {Default Queue} wl_registry#2.global(36, "wp_presentation", 2)
[21:59:33.270033] {Default Queue} wl_registry#2.global(37, "xdg_wm_base", 7)
[21:59:33.270035] {Default Queue} wl_registry#2.global(38, "zwlr_data_control_manager_v1", 2)
[21:59:33.270037] {Default Queue} wl_registry#2.global(39, "zwp_primary_selection_device_manager_v1", 1)
[21:59:33.270039] {Default Queue}  -> wl_registry#2.bind(39, "zwp_primary_selection_device_manager_v1", 1, new id [unknown]#16)
[21:59:33.270041] {Default Queue} wl_registry#2.global(40, "xwayland_shell_v1", 1)
[21:59:33.270042] {Default Queue} wl_registry#2.global(41, "hyprland_toplevel_mapping_manager_v1", 1)
[21:59:33.270044] {Default Queue} wl_registry#2.global(42, "hyprland_global_shortcuts_manager_v1", 1)
[21:59:33.270046] {Default Queue} wl_registry#2.global(43, "xdg_wm_dialog_v1", 1)
[21:59:33.270048] {Default Queue} wl_registry#2.global(44, "wp_single_pixel_buffer_manager_v1", 1)
[21:59:33.270050] {Default Queue} wl_registry#2.global(45, "wp_security_context_manager_v1", 1)
[21:59:33.270052] {Default Queue} wl_registry#2.global(46, "hyprland_ctm_control_manager_v1", 2)
[21:59:33.270054] {Default Queue} wl_registry#2.global(47, "hyprland_input_capture_manager_v1", 1)
[21:59:33.270056] {Default Queue} wl_registry#2.global(48, "hyprland_surface_manager_v1", 2)
[21:59:33.270058] {Default Queue} wl_registry#2.global(49, "wp_content_type_manager_v1", 1)
[21:59:33.270060] {Default Queue} wl_registry#2.global(50, "xdg_toplevel_tag_manager_v1", 1)
[21:59:33.270061] {Default Queue} wl_registry#2.global(51, "xdg_system_bell_v1", 1)
[21:59:33.270063] {Default Queue} wl_registry#2.global(52, "vicinae_hotkey_manager_v1", 1)
[21:59:33.270065] {Default Queue} wl_registry#2.global(53, "ext_workspace_manager_v1", 1)
[21:59:33.270067] {Default Queue} wl_registry#2.global(54, "ext_data_control_manager_v1", 1)
[21:59:33.270069] {Default Queue} wl_registry#2.global(55, "wp_pointer_warp_v1", 1)
[21:59:33.270071] {Default Queue} wl_registry#2.global(56, "wp_fifo_manager_v1", 1)
[21:59:33.270073] {Default Queue} wl_registry#2.global(57, "zxdg_exporter_v2", 1)
[21:59:33.270075] {Default Queue}  -> wl_registry#2.bind(57, "zxdg_exporter_v2", 1, new id [unknown]#17)
[21:59:33.270077] {Default Queue} wl_registry#2.global(58, "zxdg_importer_v2", 1)
[21:59:33.270078] {Default Queue}  -> wl_registry#2.bind(58, "zxdg_importer_v2", 1, new id [unknown]#18)
[21:59:33.270081] {Default Queue} wl_registry#2.global(59, "ext_background_effect_manager_v1", 1)
[21:59:33.270084] {Default Queue} wl_registry#2.global(60, "wp_commit_timing_manager_v1", 1)
[21:59:33.270086] {Default Queue} wl_registry#2.global(61, "zwlr_screencopy_manager_v1", 3)
[21:59:33.270089] {Default Queue} wl_registry#2.global(62, "hyprland_toplevel_export_manager_v1", 2)
[21:59:33.270091] {Default Queue} wl_registry#2.global(63, "ext_output_image_capture_source_manager_v1", 1)
[21:59:33.270093] {Default Queue} wl_registry#2.global(64, "ext_foreign_toplevel_image_capture_source_manager_v1", 1)
[21:59:33.270095] {Default Queue} wl_registry#2.global(65, "ext_image_copy_capture_manager_v1", 1)
[21:59:33.270097] {Default Queue} wl_registry#2.global(66, "wp_color_manager_v1", 3)
[21:59:33.270099] {Default Queue} wl_registry#2.global(67, "wl_drm", 2)
[21:59:33.270101] {Default Queue} wl_registry#2.global(68, "zwp_linux_dmabuf_v1", 5)
[21:59:33.270103] {Default Queue} wl_registry#2.global(69, "wl_output", 4)
[21:59:33.270105] {Default Queue}  -> wl_registry#2.bind(69, "wl_output", 2, new id [unknown]#19)
[21:59:33.270126] {Default Queue}  -> zxdg_output_manager_v1#8.get_xdg_output(new id zxdg_output_v1#20, wl_output#19)
[21:59:33.270130] {Default Queue}  -> wl_display#1.sync(new id wl_callback#21)
[21:59:33.270133] {Default Queue} wl_callback#3.done(0)
[21:59:33.270159] {Default Queue}  -> wl_shm#7.create_pool(new id wl_shm_pool#3, fd 10, 2304)
[21:59:33.270236] {Default Queue}  -> wl_shm_pool#3.resize(6912)
[21:59:33.270276] {Default Queue}  -> wl_shm_pool#3.resize(16128)
[21:59:33.270345] {Default Queue}  -> wl_shm_pool#3.resize(34560)
[21:59:33.270470] {Default Queue}  -> wl_shm_pool#3.resize(71424)
[21:59:33.270702] {Default Queue}  -> wl_shm_pool#3.resize(145152)
[21:59:33.271552] {Default Queue}  -> wl_shm_pool#3.resize(292608)
[21:59:33.272502] {Default Queue}  -> wl_shm_pool#3.resize(587520)
[21:59:33.276039] {Default Queue}  -> wl_registry#2.bind(1, "wl_seat", 5, new id [unknown]#22)
[21:59:33.277487] {Default Queue}  -> wl_compositor#5.create_surface(new id wl_surface#23)
[21:59:33.277498] {Default Queue}  -> zwp_primary_selection_device_manager_v1#16.get_device(new id zwp_primary_selection_device_v1#24, wl_seat#22)
[21:59:33.277503] {Default Queue}  -> wl_data_device_manager#4.get_data_device(new id wl_data_device#25, wl_seat#22)
[21:59:33.277541] {Default Queue}  -> wl_compositor#5.create_surface(new id wl_surface#26)
[21:59:33.277544] {Default Queue}  -> zwp_tablet_manager_v2#15.get_tablet_seat(new id zwp_tablet_seat_v2#27, wl_seat#22)
[21:59:33.277548] {Default Queue}  -> wl_display#1.sync(new id wl_callback#28)
[21:59:33.277794] {Display Queue} wl_display#1.delete_id(9)
[21:59:33.277797] {Display Queue} wl_display#1.delete_id(21)
[21:59:33.277799] {Display Queue} wl_display#1.delete_id(28)
[21:59:33.277801] {Default Queue} wl_shm#7.format(0)
[21:59:33.277803] {Default Queue} wl_shm#7.format(1)
[21:59:33.277804] {Default Queue} wl_shm#7.format(875709016)
[21:59:33.277806] {Default Queue} wl_shm#7.format(875708993)
[21:59:33.277808] {Default Queue} wl_shm#7.format(808669784)
[21:59:33.277809] {Default Queue} wl_shm#7.format(808669761)
[21:59:33.277811] {Default Queue} wl_shm#7.format(808665688)
[21:59:33.277812] {Default Queue} wl_shm#7.format(808665665)
[21:59:33.277814] {Default Queue} wl_callback#9.done(0)
[21:59:33.277816] {Default Queue} org_kde_kwin_server_decoration_manager#14.default_mode(2)
[21:59:33.277819] {Default Queue} wl_output#19.scale(1)
[21:59:33.277821] {Default Queue} wl_output#19.mode(1, 800, 600, 60000)
[21:59:33.277824] {Default Queue} wl_output#19.geometry(0, 0, 0, 0, 1, "", "", 0)
[21:59:33.277828] {Default Queue} wl_output#19.done()
[21:59:33.277838] {Default Queue} zxdg_output_v1#20.name("WAYLAND-1")
[21:59:33.277840] {Default Queue} zxdg_output_v1#20.logical_position(0, 0)
[21:59:33.277842] {Default Queue} zxdg_output_v1#20.logical_size(800, 600)
[21:59:33.277844] {Default Queue} wl_output#19.done()
[21:59:33.277847] {Default Queue} wl_callback#21.done(0)
[21:59:33.277849] {Default Queue} wl_seat#22.name("Hyprland")
[21:59:33.277851] {Default Queue} wl_seat#22.capabilities(3)
[21:59:33.277853] {Default Queue}  -> wl_seat#22.get_pointer(new id wl_pointer#21)
[21:59:33.277858] {Default Queue}  -> zwp_pointer_gestures_v1#11.get_swipe_gesture(new id zwp_pointer_gesture_swipe_v1#9, wl_pointer#21)
[21:59:33.277861] {Default Queue}  -> zwp_pointer_gestures_v1#11.get_pinch_gesture(new id zwp_pointer_gesture_pinch_v1#29, wl_pointer#21)
[21:59:33.277864] {Default Queue}  -> wp_cursor_shape_manager_v1#10.get_pointer(new id wp_cursor_shape_device_v1#30, wl_pointer#21)
[21:59:33.277868] {Default Queue}  -> wl_seat#22.get_keyboard(new id wl_keyboard#31)
[21:59:33.277872] {Default Queue} wl_callback#28.done(0)
[21:59:33.277874] {Default Queue}  -> wl_registry#2.bind(37, "xdg_wm_base", 6, new id [unknown]#28)
[21:59:34.156395] {Default Queue} wl_keyboard#31.keymap(1, fd 16, 35572)
[21:59:34.157300] {Default Queue} wl_keyboard#31.repeat_info(25, 600)

(orca:301903): dbind-WARNING **: 15:59:34.425: AT-SPI: Error in GetItems, sender=:1.3, error=Object does not exist at path “/org/a11y/atspi/cache”
Speech system “%s” is unavailable (available: %s)
