	linux-vdso.so.1 (0x00007f79911a8000)
	libwebkit2gtk-4.1.so.0 => /usr/lib/libwebkit2gtk-4.1.so.0 (0x00007f798b600000)
	libsoup-3.0.so.0 => /usr/lib/libsoup-3.0.so.0 (0x00007f799105c000)
	libjavascriptcoregtk-4.1.so.0 => /usr/lib/libjavascriptcoregtk-4.1.so.0 (0x00007f7989000000)
	libgtk-layer-shell.so.0 => /usr/lib/libgtk-layer-shell.so.0 (0x00007f799101e000)
	libgtk-3.so.0 => /usr/lib/libgtk-3.so.0 (0x00007f7988800000)
	libgdk-3.so.0 => /usr/lib/libgdk-3.so.0 (0x00007f798b513000)
	libpangocairo-1.0.so.0 => /usr/lib/libpangocairo-1.0.so.0 (0x00007f799100a000)
	libcairo-gobject.so.2 => /usr/lib/libcairo-gobject.so.2 (0x00007f7991001000)
	libgdk_pixbuf-2.0.so.0 => /usr/lib/libgdk_pixbuf-2.0.so.0 (0x00007f7990fc7000)
	libatk-1.0.so.0 => /usr/lib/libatk-1.0.so.0 (0x00007f7990fa0000)
	libpango-1.0.so.0 => /usr/lib/libpango-1.0.so.0 (0x00007f798b4a4000)
	libcairo.so.2 => /usr/lib/libcairo.so.2 (0x00007f79886c3000)
	libharfbuzz.so.0 => /usr/lib/libharfbuzz.so.0 (0x00007f7988584000)
	libjson-glib-1.0.so.0 => /usr/lib/libjson-glib-1.0.so.0 (0x00007f7990f74000)
	libgio-2.0.so.0 => /usr/lib/libgio-2.0.so.0 (0x00007f79883a5000)
	libgobject-2.0.so.0 => /usr/lib/libgobject-2.0.so.0 (0x00007f798b441000)
	libgmodule-2.0.so.0 => /usr/lib/libgmodule-2.0.so.0 (0x00007f7990f6b000)
	libglib-2.0.so.0 => /usr/lib/libglib-2.0.so.0 (0x00007f7988242000)
	libz.so.1 => /usr/lib/libz.so.1 (0x00007f7990f50000)
	libstdc++.so.6 => /usr/lib/libstdc++.so.6 (0x00007f7987e00000)
	libm.so.6 => /usr/lib/libm.so.6 (0x00007f798810b000)
	libgcc_s.so.1 => /usr/lib/libgcc_s.so.1 (0x00007f798b414000)
	libc.so.6 => /usr/lib/libc.so.6 (0x00007f7987a00000)
	libepoxy.so.0 => /usr/lib/libepoxy.so.0 (0x00007f7987cf3000)
	libatomic.so.1 => /usr/lib/libatomic.so.1 (0x00007f7988ff5000)
	libfreetype.so.6 => /usr/lib/libfreetype.so.6 (0x00007f7988f25000)
	libfontconfig.so.1 => /usr/lib/libfontconfig.so.1 (0x00007f7987c78000)
	libwebpmux.so.3 => /usr/lib/libwebpmux.so.3 (0x00007f7988f19000)
	libexpat.so.1 => /usr/lib/libexpat.so.1 (0x00007f79880dd000)
	libicui18n.so.78 => /usr/lib/libicui18n.so.78 (0x00007f7987600000)
	libsystemd.so.0 => /usr/lib/libsystemd.so.0 (0x00007f79874b8000)
	libjpeg.so.8 => /usr/lib/libjpeg.so.8 (0x00007f7987410000)
	libpng16.so.16 => /usr/lib/libpng16.so.16 (0x00007f7987c3b000)
	libicuuc.so.78 => /usr/lib/libicuuc.so.78 (0x00007f7987200000)
	libxml2.so.16 => /usr/lib/libxml2.so.16 (0x00007f79870bb000)
	libsqlite3.so.0 => /usr/lib/libsqlite3.so.0 (0x00007f7986f22000)
	libxslt.so.1 => /usr/lib/libxslt.so.1 (0x00007f79879c3000)
	liblcms2.so.2 => /usr/lib/liblcms2.so.2 (0x00007f7986eb6000)
	libgcrypt.so.20 => /usr/lib/libgcrypt.so.20 (0x00007f7986d05000)
	libgstallocators-1.0.so.0 => /usr/lib/libgstallocators-1.0.so.0 (0x00007f7988f0f000)
	libgstapp-1.0.so.0 => /usr/lib/libgstapp-1.0.so.0 (0x00007f79879aa000)
	libgstbase-1.0.so.0 => /usr/lib/libgstbase-1.0.so.0 (0x00007f7986c7d000)
	libgstreamer-1.0.so.0 => /usr/lib/libgstreamer-1.0.so.0 (0x00007f7986b0a000)
	libgstpbutils-1.0.so.0 => /usr/lib/libgstpbutils-1.0.so.0 (0x00007f7986ac5000)
	libgstaudio-1.0.so.0 => /usr/lib/libgstaudio-1.0.so.0 (0x00007f7986a3b000)
	libgsttag-1.0.so.0 => /usr/lib/libgsttag-1.0.so.0 (0x00007f79869fc000)
	libgstvideo-1.0.so.0 => /usr/lib/libgstvideo-1.0.so.0 (0x00007f798691d000)
	libgstgl-1.0.so.0 => /usr/lib/libgstgl-1.0.so.0 (0x00007f7986887000)
	libgstfft-1.0.so.0 => /usr/lib/libgstfft-1.0.so.0 (0x00007f7988f04000)
	libwebpdemux.so.2 => /usr/lib/libwebpdemux.so.2 (0x00007f798b40d000)
	libwebp.so.7 => /usr/lib/libwebp.so.7 (0x00007f7986800000)
	libjxl.so.0.12 => /usr/lib/libjxl.so.0.12 (0x00007f7986200000)
	libavif.so.16 => /usr/lib/libavif.so.16 (0x00007f79867b8000)
	libharfbuzz-icu.so.0 => /usr/lib/libharfbuzz-icu.so.0 (0x00007f79880d8000)
	libX11.so.6 => /usr/lib/libX11.so.6 (0x00007f7986676000)
	libwayland-server.so.0 => /usr/lib/libwayland-server.so.0 (0x00007f7987c26000)
	libwayland-client.so.0 => /usr/lib/libwayland-client.so.0 (0x00007f798799a000)
	libmanette-0.2.so.0 => /usr/lib/libmanette-0.2.so.0 (0x00007f79861ae000)
	libseccomp.so.2 => /usr/lib/libseccomp.so.2 (0x00007f7986649000)
	libenchant-2.so.2 => /usr/lib/libenchant-2.so.2 (0x00007f7986637000)
	libgbm.so.1 => /usr/lib/libgbm.so.1 (0x00007f7987994000)
	libdrm.so.2 => /usr/lib/libdrm.so.2 (0x00007f7986197000)
	libtasn1.so.6 => /usr/lib/libtasn1.so.6 (0x00007f7986181000)
	libhyphen.so.0 => /usr/lib/libhyphen.so.0 (0x00007f7986179000)
	libsecret-1.so.0 => /usr/lib/libsecret-1.so.0 (0x00007f798611b000)
	/lib64/ld-linux-x86-64.so.2 => /usr/lib64/ld-linux-x86-64.so.2 (0x00007f79911aa000)
	libpsl.so.5 => /usr/lib/libpsl.so.5 (0x00007f7986107000)
	libbrotlidec.so.1 => /usr/lib/libbrotlidec.so.1 (0x00007f79860f8000)
	libgssapi_krb5.so.2 => /usr/lib/libgssapi_krb5.so.2 (0x00007f79860a0000)
	libnghttp2.so.14 => /usr/lib/libnghttp2.so.14 (0x00007f7986076000)
	libpangoft2-1.0.so.0 => /usr/lib/libpangoft2-1.0.so.0 (0x00007f7986057000)
	libfribidi.so.0 => /usr/lib/libfribidi.so.0 (0x00007f7986037000)
	libXi.so.6 => /usr/lib/libXi.so.6 (0x00007f7986022000)
	libatk-bridge-2.0.so.0 => /usr/lib/libatk-bridge-2.0.so.0 (0x00007f7985fe6000)
	libcloudproviders.so.0 => /usr/lib/libcloudproviders.so.0 (0x00007f7985fce000)
	libtinysparql-3.0.so.0 => /usr/lib/libtinysparql-3.0.so.0 (0x00007f7985efa000)
	libXfixes.so.3 => /usr/lib/libXfixes.so.3 (0x00007f7985ef2000)
	libxkbcommon.so.0 => /usr/lib/libxkbcommon.so.0 (0x00007f7985e93000)
	libwayland-cursor.so.0 => /usr/lib/libwayland-cursor.so.0 (0x00007f7985e8a000)
	libwayland-egl.so.1 => /usr/lib/libwayland-egl.so.1 (0x00007f798798f000)
	libXext.so.6 => /usr/lib/libXext.so.6 (0x00007f7985e76000)
	libXcursor.so.1 => /usr/lib/libXcursor.so.1 (0x00007f7985e69000)
	libXdamage.so.1 => /usr/lib/libXdamage.so.1 (0x00007f7985e64000)
	libXcomposite.so.1 => /usr/lib/libXcomposite.so.1 (0x00007f7985e5f000)
	libXrandr.so.2 => /usr/lib/libXrandr.so.2 (0x00007f7985e52000)
	libXinerama.so.1 => /usr/lib/libXinerama.so.1 (0x00007f7985e4d000)
	libglycin-2.so.0 => /usr/lib/libglycin-2.so.0 (0x00007f7985a00000)
	libthai.so.0 => /usr/lib/libthai.so.0 (0x00007f7985e42000)
	libXrender.so.1 => /usr/lib/libXrender.so.1 (0x00007f7985e36000)
	libxcb.so.1 => /usr/lib/libxcb.so.1 (0x00007f7985e0b000)
	libxcb-render.so.0 => /usr/lib/libxcb-render.so.0 (0x00007f79859f1000)
	libxcb-shm.so.0 => /usr/lib/libxcb-shm.so.0 (0x00007f7985e04000)
	libpixman-1.so.0 => /usr/lib/libpixman-1.so.0 (0x00007f7985942000)
	libgraphite2.so.3 => /usr/lib/libgraphite2.so.3 (0x00007f798591f000)
	libmount.so.1 => /usr/lib/libmount.so.1 (0x00007f79858c2000)
	libffi.so.8 => /usr/lib/libffi.so.8 (0x00007f79858b4000)
	libpcre2-8.so.0 => /usr/lib/libpcre2-8.so.0 (0x00007f7985801000)
	libbz2.so.1.0 => /usr/lib/libbz2.so.1.0 (0x00007f79857ee000)
	libicudata.so.78 => /usr/lib/libicudata.so.78 (0x00007f7983800000)
	libgpg-error.so.0 => /usr/lib/libgpg-error.so.0 (0x00007f79857c1000)
	libunwind.so.8 => /usr/lib/libunwind.so.8 (0x00007f79857a5000)
	libdw.so.1 => /usr/lib/libdw.so.1 (0x00007f798375e000)
	liborc-0.4.so.0 => /usr/lib/liborc-0.4.so.0 (0x00007f798364c000)
	libEGL.so.1 => /usr/lib/libEGL.so.1 (0x00007f798363a000)
	libGLX.so.0 => /usr/lib/libGLX.so.0 (0x00007f7983609000)
	libX11-xcb.so.1 => /usr/lib/libX11-xcb.so.1 (0x00007f79857a0000)
	libgudev-1.0.so.0 => /usr/lib/libgudev-1.0.so.0 (0x00007f79835fd000)
	libsharpyuv.so.0 => /usr/lib/libsharpyuv.so.0 (0x00007f7985797000)
	libjxl_cms.so.0.12 => /usr/lib/libjxl_cms.so.0.12 (0x00007f79835d4000)
	libhwy.so.1 => /usr/lib/libhwy.so.1 (0x00007f79835c5000)
	libbrotlienc.so.1 => /usr/lib/libbrotlienc.so.1 (0x00007f7983505000)
	libyuv.so => /usr/lib/libyuv.so (0x00007f798345e000)
	libdav1d.so.7 => /usr/lib/libdav1d.so.7 (0x00007f798327d000)
	librav1e.so.0.8 => /usr/lib/librav1e.so.0.8 (0x00007f7982e00000)
	libSvtAv1Enc.so.4 => /usr/lib/libSvtAv1Enc.so.4 (0x00007f797a800000)
	libaom.so.3 => /usr/lib/libaom.so.3 (0x00007f7979e00000)
	libhidapi-hidraw.so.0 => /usr/lib/libhidapi-hidraw.so.0 (0x00007f7983273000)
	libevdev.so.2 => /usr/lib/libevdev.so.2 (0x00007f798325d000)
	libtss2-esys.so.0 => /usr/lib/libtss2-esys.so.0 (0x00007f79831cb000)
	libtss2-mu.so.0 => /usr/lib/libtss2-mu.so.0 (0x00007f7983181000)
	libtss2-rc.so.0 => /usr/lib/libtss2-rc.so.0 (0x00007f7983178000)
	libtss2-tctildr.so.0 => /usr/lib/libtss2-tctildr.so.0 (0x00007f798316e000)
	libunistring.so.5 => /usr/lib/libunistring.so.5 (0x00007f7979c19000)
	libidn2.so.0 => /usr/lib/libidn2.so.0 (0x00007f798314c000)
	libbrotlicommon.so.1 => /usr/lib/libbrotlicommon.so.1 (0x00007f7983129000)
	libkrb5.so.3 => /usr/lib/libkrb5.so.3 (0x00007f797a731000)
	libk5crypto.so.3 => /usr/lib/libk5crypto.so.3 (0x00007f7982dd2000)
	libcom_err.so.2 => /usr/lib/libcom_err.so.2 (0x00007f7982dcc000)
	libkrb5support.so.0 => /usr/lib/libkrb5support.so.0 (0x00007f7982dbd000)
	libkeyutils.so.1 => /usr/lib/libkeyutils.so.1 (0x00007f7982db6000)
	libresolv.so.2 => /usr/lib/libresolv.so.2 (0x00007f7982da3000)
	libatspi.so.0 => /usr/lib/libatspi.so.0 (0x00007f797a6f5000)
	libdbus-1.so.3 => /usr/lib/libdbus-1.so.3 (0x00007f7979bc6000)
	libdatrie.so.1 => /usr/lib/libdatrie.so.1 (0x00007f7982d9a000)
	libXau.so.6 => /usr/lib/libXau.so.6 (0x00007f7982d95000)
	libXdmcp.so.6 => /usr/lib/libXdmcp.so.6 (0x00007f7982d8d000)
	libblkid.so.1 => /usr/lib/libblkid.so.1 (0x00007f7979b86000)
	liblzma.so.5 => /usr/lib/liblzma.so.5 (0x00007f7979b51000)
	libelf.so.1 => /usr/lib/libelf.so.1 (0x00007f7979b33000)
	libzstd.so.1 => /usr/lib/libzstd.so.1 (0x00007f7979a4d000)
	libGLdispatch.so.0 => /usr/lib/libGLdispatch.so.0 (0x00007f79799d4000)
	libudev.so.1 => /usr/lib/libudev.so.1 (0x00007f7979984000)
	libcrypto.so.3 => /usr/lib/libcrypto.so.3 (0x00007f7979200000)
	libtss2-sys.so.1 => /usr/lib/libtss2-sys.so.1 (0x00007f7979962000)
