	linux-vdso.so.1 (0x00007fcd279a6000)
	libwebkit2gtk-4.1.so.0 => /usr/lib/libwebkit2gtk-4.1.so.0 (0x00007fcd22000000)
	libsoup-3.0.so.0 => /usr/lib/libsoup-3.0.so.0 (0x00007fcd21f69000)
	libjavascriptcoregtk-4.1.so.0 => /usr/lib/libjavascriptcoregtk-4.1.so.0 (0x00007fcd1fa00000)
	libgtk-layer-shell.so.0 => /usr/lib/libgtk-layer-shell.so.0 (0x00007fcd21f2b000)
	libgtk-3.so.0 => /usr/lib/libgtk-3.so.0 (0x00007fcd1f200000)
	libgdk-3.so.0 => /usr/lib/libgdk-3.so.0 (0x00007fcd21e3e000)
	libpangocairo-1.0.so.0 => /usr/lib/libpangocairo-1.0.so.0 (0x00007fcd21e2c000)
	libcairo-gobject.so.2 => /usr/lib/libcairo-gobject.so.2 (0x00007fcd2794d000)
	libgdk_pixbuf-2.0.so.0 => /usr/lib/libgdk_pixbuf-2.0.so.0 (0x00007fcd1f9c6000)
	libatk-1.0.so.0 => /usr/lib/libatk-1.0.so.0 (0x00007fcd1f99f000)
	libpango-1.0.so.0 => /usr/lib/libpango-1.0.so.0 (0x00007fcd1f930000)
	libcairo.so.2 => /usr/lib/libcairo.so.2 (0x00007fcd1f0c3000)
	libharfbuzz.so.0 => /usr/lib/libharfbuzz.so.0 (0x00007fcd1ef84000)
	libjson-glib-1.0.so.0 => /usr/lib/libjson-glib-1.0.so.0 (0x00007fcd1f906000)
	libgio-2.0.so.0 => /usr/lib/libgio-2.0.so.0 (0x00007fcd1eda5000)
	libgobject-2.0.so.0 => /usr/lib/libgobject-2.0.so.0 (0x00007fcd1ed42000)
	libgmodule-2.0.so.0 => /usr/lib/libgmodule-2.0.so.0 (0x00007fcd21e25000)
	libglib-2.0.so.0 => /usr/lib/libglib-2.0.so.0 (0x00007fcd1ebdf000)
	libz.so.1 => /usr/lib/libz.so.1 (0x00007fcd1ebc4000)
	libc.so.6 => /usr/lib/libc.so.6 (0x00007fcd1e800000)
	libepoxy.so.0 => /usr/lib/libepoxy.so.0 (0x00007fcd1eab7000)
	libatomic.so.1 => /usr/lib/libatomic.so.1 (0x00007fcd21e1a000)
	libfreetype.so.6 => /usr/lib/libfreetype.so.6 (0x00007fcd1e730000)
	libfontconfig.so.1 => /usr/lib/libfontconfig.so.1 (0x00007fcd1ea3c000)
	libwebpmux.so.3 => /usr/lib/libwebpmux.so.3 (0x00007fcd21e0e000)
	libexpat.so.1 => /usr/lib/libexpat.so.1 (0x00007fcd1e702000)
	libicui18n.so.78 => /usr/lib/libicui18n.so.78 (0x00007fcd1e200000)
	libsystemd.so.0 => /usr/lib/libsystemd.so.0 (0x00007fcd1e5ba000)
	libjpeg.so.8 => /usr/lib/libjpeg.so.8 (0x00007fcd1e158000)
	libpng16.so.16 => /usr/lib/libpng16.so.16 (0x00007fcd1e11b000)
	libicuuc.so.78 => /usr/lib/libicuuc.so.78 (0x00007fcd1de00000)
	libxml2.so.16 => /usr/lib/libxml2.so.16 (0x00007fcd1dcbb000)
	libsqlite3.so.0 => /usr/lib/libsqlite3.so.0 (0x00007fcd1db22000)
	libxslt.so.1 => /usr/lib/libxslt.so.1 (0x00007fcd1e0de000)
	liblcms2.so.2 => /usr/lib/liblcms2.so.2 (0x00007fcd1e072000)
	libgcrypt.so.20 => /usr/lib/libgcrypt.so.20 (0x00007fcd1d971000)
	libgstallocators-1.0.so.0 => /usr/lib/libgstallocators-1.0.so.0 (0x00007fcd1ea32000)
	libgstapp-1.0.so.0 => /usr/lib/libgstapp-1.0.so.0 (0x00007fcd1e5a1000)
	libgstbase-1.0.so.0 => /usr/lib/libgstbase-1.0.so.0 (0x00007fcd1d8e9000)
	libgstreamer-1.0.so.0 => /usr/lib/libgstreamer-1.0.so.0 (0x00007fcd1d776000)
	libgstpbutils-1.0.so.0 => /usr/lib/libgstpbutils-1.0.so.0 (0x00007fcd1e02d000)
	libgstaudio-1.0.so.0 => /usr/lib/libgstaudio-1.0.so.0 (0x00007fcd1d6ec000)
	libgsttag-1.0.so.0 => /usr/lib/libgsttag-1.0.so.0 (0x00007fcd1d6ad000)
	libgstvideo-1.0.so.0 => /usr/lib/libgstvideo-1.0.so.0 (0x00007fcd1d5ce000)
	libgstgl-1.0.so.0 => /usr/lib/libgstgl-1.0.so.0 (0x00007fcd1d538000)
	libgstfft-1.0.so.0 => /usr/lib/libgstfft-1.0.so.0 (0x00007fcd1ea27000)
	libwebpdemux.so.2 => /usr/lib/libwebpdemux.so.2 (0x00007fcd1e59a000)
	libwebp.so.7 => /usr/lib/libwebp.so.7 (0x00007fcd1d4b1000)
	libjxl.so.0.12 => /usr/lib/libjxl.so.0.12 (0x00007fcd1d000000)
	libavif.so.16 => /usr/lib/libavif.so.16 (0x00007fcd1d469000)
	libharfbuzz-icu.so.0 => /usr/lib/libharfbuzz-icu.so.0 (0x00007fcd1e595000)
	libX11.so.6 => /usr/lib/libX11.so.6 (0x00007fcd1cebe000)
	libwayland-server.so.0 => /usr/lib/libwayland-server.so.0 (0x00007fcd1e018000)
	libwayland-client.so.0 => /usr/lib/libwayland-client.so.0 (0x00007fcd1d459000)
	libm.so.6 => /usr/lib/libm.so.6 (0x00007fcd1cd87000)
	libmanette-0.2.so.0 => /usr/lib/libmanette-0.2.so.0 (0x00007fcd1cd35000)
	libseccomp.so.2 => /usr/lib/libseccomp.so.2 (0x00007fcd1cd08000)
	libenchant-2.so.2 => /usr/lib/libenchant-2.so.2 (0x00007fcd1d447000)
	libgbm.so.1 => /usr/lib/libgbm.so.1 (0x00007fcd1e58f000)
	libdrm.so.2 => /usr/lib/libdrm.so.2 (0x00007fcd1ccf1000)
	libtasn1.so.6 => /usr/lib/libtasn1.so.6 (0x00007fcd1ccdb000)
	libhyphen.so.0 => /usr/lib/libhyphen.so.0 (0x00007fcd1e010000)
	libsecret-1.so.0 => /usr/lib/libsecret-1.so.0 (0x00007fcd1cc7d000)
	libstdc++.so.6 => /usr/lib/libstdc++.so.6 (0x00007fcd1c800000)
	libgcc_s.so.1 => /usr/lib/libgcc_s.so.1 (0x00007fcd1cc50000)
	/lib64/ld-linux-x86-64.so.2 => /usr/lib64/ld-linux-x86-64.so.2 (0x00007fcd279a8000)
	libpsl.so.5 => /usr/lib/libpsl.so.5 (0x00007fcd1cc3c000)
	libbrotlidec.so.1 => /usr/lib/libbrotlidec.so.1 (0x00007fcd1d438000)
	libgssapi_krb5.so.2 => /usr/lib/libgssapi_krb5.so.2 (0x00007fcd1cbe4000)
	libnghttp2.so.14 => /usr/lib/libnghttp2.so.14 (0x00007fcd1cbba000)
	libpangoft2-1.0.so.0 => /usr/lib/libpangoft2-1.0.so.0 (0x00007fcd1cb9b000)
	libfribidi.so.0 => /usr/lib/libfribidi.so.0 (0x00007fcd1cb7b000)
	libXi.so.6 => /usr/lib/libXi.so.6 (0x00007fcd1cb66000)
	libatk-bridge-2.0.so.0 => /usr/lib/libatk-bridge-2.0.so.0 (0x00007fcd1cb2a000)
	libcloudproviders.so.0 => /usr/lib/libcloudproviders.so.0 (0x00007fcd1cb12000)
	libtinysparql-3.0.so.0 => /usr/lib/libtinysparql-3.0.so.0 (0x00007fcd1c72c000)
	libXfixes.so.3 => /usr/lib/libXfixes.so.3 (0x00007fcd1cb0a000)
	libxkbcommon.so.0 => /usr/lib/libxkbcommon.so.0 (0x00007fcd1c6cd000)
	libwayland-cursor.so.0 => /usr/lib/libwayland-cursor.so.0 (0x00007fcd1cb01000)
	libwayland-egl.so.1 => /usr/lib/libwayland-egl.so.1 (0x00007fcd1cafc000)
	libXext.so.6 => /usr/lib/libXext.so.6 (0x00007fcd1cae8000)
	libXcursor.so.1 => /usr/lib/libXcursor.so.1 (0x00007fcd1cad9000)
	libXdamage.so.1 => /usr/lib/libXdamage.so.1 (0x00007fcd1cad4000)
	libXcomposite.so.1 => /usr/lib/libXcomposite.so.1 (0x00007fcd1c6c8000)
	libXrandr.so.2 => /usr/lib/libXrandr.so.2 (0x00007fcd1c6bb000)
	libXinerama.so.1 => /usr/lib/libXinerama.so.1 (0x00007fcd1c6b6000)
	libglycin-2.so.0 => /usr/lib/libglycin-2.so.0 (0x00007fcd1c200000)
	libthai.so.0 => /usr/lib/libthai.so.0 (0x00007fcd1c6a9000)
	libXrender.so.1 => /usr/lib/libXrender.so.1 (0x00007fcd1c69d000)
	libxcb.so.1 => /usr/lib/libxcb.so.1 (0x00007fcd1c672000)
	libxcb-render.so.0 => /usr/lib/libxcb-render.so.0 (0x00007fcd1c663000)
	libxcb-shm.so.0 => /usr/lib/libxcb-shm.so.0 (0x00007fcd1c65c000)
	libpixman-1.so.0 => /usr/lib/libpixman-1.so.0 (0x00007fcd1c151000)
	libgraphite2.so.3 => /usr/lib/libgraphite2.so.3 (0x00007fcd1c639000)
	libmount.so.1 => /usr/lib/libmount.so.1 (0x00007fcd1c0f4000)
	libffi.so.8 => /usr/lib/libffi.so.8 (0x00007fcd1c62b000)
	libpcre2-8.so.0 => /usr/lib/libpcre2-8.so.0 (0x00007fcd1c041000)
	libbz2.so.1.0 => /usr/lib/libbz2.so.1.0 (0x00007fcd1c616000)
	libicudata.so.78 => /usr/lib/libicudata.so.78 (0x00007fcd1a000000)
	libgpg-error.so.0 => /usr/lib/libgpg-error.so.0 (0x00007fcd1c014000)
	libunwind.so.8 => /usr/lib/libunwind.so.8 (0x00007fcd1bff8000)
	libdw.so.1 => /usr/lib/libdw.so.1 (0x00007fcd19f5e000)
	liborc-0.4.so.0 => /usr/lib/liborc-0.4.so.0 (0x00007fcd19e4c000)
	libEGL.so.1 => /usr/lib/libEGL.so.1 (0x00007fcd1c602000)
	libGLX.so.0 => /usr/lib/libGLX.so.0 (0x00007fcd1bfc7000)
	libX11-xcb.so.1 => /usr/lib/libX11-xcb.so.1 (0x00007fcd1bfc2000)
	libgudev-1.0.so.0 => /usr/lib/libgudev-1.0.so.0 (0x00007fcd1bfb6000)
	libsharpyuv.so.0 => /usr/lib/libsharpyuv.so.0 (0x00007fcd1bfad000)
	libjxl_cms.so.0.12 => /usr/lib/libjxl_cms.so.0.12 (0x00007fcd19e23000)
	libhwy.so.1 => /usr/lib/libhwy.so.1 (0x00007fcd1bf9e000)
	libbrotlienc.so.1 => /usr/lib/libbrotlienc.so.1 (0x00007fcd19d63000)
	libyuv.so => /usr/lib/libyuv.so (0x00007fcd19cbc000)
	libdav1d.so.7 => /usr/lib/libdav1d.so.7 (0x00007fcd19adb000)
	librav1e.so.0.8 => /usr/lib/librav1e.so.0.8 (0x00007fcd19600000)
	libSvtAv1Enc.so.4 => /usr/lib/libSvtAv1Enc.so.4 (0x00007fcd11000000)
	libaom.so.3 => /usr/lib/libaom.so.3 (0x00007fcd10600000)
	libhidapi-hidraw.so.0 => /usr/lib/libhidapi-hidraw.so.0 (0x00007fcd19ad3000)
	libevdev.so.2 => /usr/lib/libevdev.so.2 (0x00007fcd19abd000)
	libtss2-esys.so.0 => /usr/lib/libtss2-esys.so.0 (0x00007fcd19a2b000)
	libtss2-mu.so.0 => /usr/lib/libtss2-mu.so.0 (0x00007fcd199e1000)
	libtss2-rc.so.0 => /usr/lib/libtss2-rc.so.0 (0x00007fcd199d8000)
	libtss2-tctildr.so.0 => /usr/lib/libtss2-tctildr.so.0 (0x00007fcd199d0000)
	libunistring.so.5 => /usr/lib/libunistring.so.5 (0x00007fcd10419000)
	libidn2.so.0 => /usr/lib/libidn2.so.0 (0x00007fcd199ae000)
	libbrotlicommon.so.1 => /usr/lib/libbrotlicommon.so.1 (0x00007fcd1998b000)
	libkrb5.so.3 => /usr/lib/libkrb5.so.3 (0x00007fcd10f31000)
	libk5crypto.so.3 => /usr/lib/libk5crypto.so.3 (0x00007fcd1995d000)
	libcom_err.so.2 => /usr/lib/libcom_err.so.2 (0x00007fcd19957000)
	libkrb5support.so.0 => /usr/lib/libkrb5support.so.0 (0x00007fcd19948000)
	libkeyutils.so.1 => /usr/lib/libkeyutils.so.1 (0x00007fcd19941000)
	libresolv.so.2 => /usr/lib/libresolv.so.2 (0x00007fcd1992e000)
	libatspi.so.0 => /usr/lib/libatspi.so.0 (0x00007fcd195c4000)
	libdbus-1.so.3 => /usr/lib/libdbus-1.so.3 (0x00007fcd19571000)
	libdatrie.so.1 => /usr/lib/libdatrie.so.1 (0x00007fcd19925000)
	libXau.so.6 => /usr/lib/libXau.so.6 (0x00007fcd10f2c000)
	libXdmcp.so.6 => /usr/lib/libXdmcp.so.6 (0x00007fcd10f24000)
	libblkid.so.1 => /usr/lib/libblkid.so.1 (0x00007fcd10ee4000)
	liblzma.so.5 => /usr/lib/liblzma.so.5 (0x00007fcd103e4000)
	libelf.so.1 => /usr/lib/libelf.so.1 (0x00007fcd103c6000)
	libzstd.so.1 => /usr/lib/libzstd.so.1 (0x00007fcd102e0000)
	libGLdispatch.so.0 => /usr/lib/libGLdispatch.so.0 (0x00007fcd10267000)
	libudev.so.1 => /usr/lib/libudev.so.1 (0x00007fcd10217000)
	libcrypto.so.3 => /usr/lib/libcrypto.so.3 (0x00007fcd0fc00000)
	libtss2-sys.so.1 => /usr/lib/libtss2-sys.so.1 (0x00007fcd101f5000)
