{"event":"ack-configure","sequence":1,"controlSequence":0,"rootCommits":1,"childCommits":0,"serial":17,"width":320,"height":240,"monotonicNs":276520806454814}
{"event":"buffercommit","sequence":2,"controlSequence":0,"rootCommits":2,"childCommits":0,"serial":17,"width":320,"height":240,"monotonicNs":276520806581559}
{"event":"ready","sequence":3,"controlSequence":0,"rootCommits":2,"childCommits":0,"serial":17,"width":320,"height":240,"monotonicNs":276520806589625}
{"event":"buffer-release","sequence":4,"controlSequence":0,"rootCommits":2,"childCommits":0,"serial":17,"width":320,"height":240,"monotonicNs":276520807226523}
{"event":"ack-configure","sequence":5,"controlSequence":0,"rootCommits":2,"childCommits":0,"serial":18,"width":320,"height":240,"monotonicNs":276520807244209}
{"event":"ack-configure","sequence":6,"controlSequence":0,"rootCommits":2,"childCommits":0,"serial":35,"width":320,"height":240,"monotonicNs":276526538519212}
{"event":"ack-configure","sequence":7,"controlSequence":0,"rootCommits":2,"childCommits":0,"serial":38,"width":320,"height":240,"monotonicNs":276526551993443}
{"event":"ack-configure","sequence":8,"controlSequence":0,"rootCommits":2,"childCommits":0,"serial":52,"width":320,"height":240,"monotonicNs":276528036479454}
{"event":"ack-configure","sequence":9,"controlSequence":0,"rootCommits":2,"childCommits":0,"serial":55,"width":320,"height":240,"monotonicNs":276528047093018}
{"event":"ack-configure","sequence":10,"controlSequence":0,"rootCommits":2,"childCommits":0,"serial":69,"width":320,"height":240,"monotonicNs":276534425652809}
{"event":"ack-configure","sequence":11,"controlSequence":0,"rootCommits":2,"childCommits":0,"serial":72,"width":320,"height":240,"monotonicNs":276534438154386}
{"event":"ack-configure","sequence":12,"controlSequence":0,"rootCommits":2,"childCommits":0,"serial":74,"width":320,"height":240,"monotonicNs":276535071940027}
{"event":"ack-configure","sequence":13,"controlSequence":0,"rootCommits":2,"childCommits":0,"serial":148,"width":320,"height":240,"monotonicNs":276550340820965}
{"event":"ack-configure","sequence":14,"controlSequence":0,"rootCommits":2,"childCommits":0,"serial":149,"width":320,"height":240,"monotonicNs":276550383334879}
{"event":"ack-configure","sequence":15,"controlSequence":0,"rootCommits":2,"childCommits":0,"serial":173,"width":320,"height":240,"monotonicNs":276557507974950}
{"event":"ack-configure","sequence":16,"controlSequence":0,"rootCommits":2,"childCommits":0,"serial":250,"width":320,"height":240,"monotonicNs":276577266746578}
{"event":"ack-configure","sequence":17,"controlSequence":0,"rootCommits":2,"childCommits":0,"serial":253,"width":320,"height":240,"monotonicNs":276577268116570}
{"event":"ack-configure","sequence":18,"controlSequence":0,"rootCommits":2,"childCommits":0,"serial":254,"width":320,"height":240,"monotonicNs":276577293517712}
{"event":"ack-configure","sequence":19,"controlSequence":0,"rootCommits":2,"childCommits":0,"serial":259,"width":320,"height":240,"monotonicNs":276577319377762}
{"event":"ack-configure","sequence":20,"controlSequence":0,"rootCommits":2,"childCommits":0,"serial":260,"width":320,"height":240,"monotonicNs":276577370467630}
{"event":"ack-configure","sequence":21,"controlSequence":0,"rootCommits":2,"childCommits":0,"serial":265,"width":320,"height":240,"monotonicNs":276577421760135}
{"event":"ack-configure","sequence":22,"controlSequence":0,"rootCommits":2,"childCommits":0,"serial":266,"width":320,"height":240,"monotonicNs":276577473594414}
{"event":"ack-configure","sequence":23,"controlSequence":0,"rootCommits":2,"childCommits":0,"serial":271,"width":320,"height":240,"monotonicNs":276577524539662}
{"event":"ack-configure","sequence":24,"controlSequence":0,"rootCommits":2,"childCommits":0,"serial":272,"width":320,"height":240,"monotonicNs":276577651866639}
{"event":"ack-configure","sequence":25,"controlSequence":0,"rootCommits":2,"childCommits":0,"serial":277,"width":320,"height":240,"monotonicNs":276577703023654}
{"event":"ack-configure","sequence":26,"controlSequence":0,"rootCommits":2,"childCommits":0,"serial":278,"width":320,"height":240,"monotonicNs":276577830143116}
{"event":"ack-configure","sequence":27,"controlSequence":0,"rootCommits":2,"childCommits":0,"serial":283,"width":320,"height":240,"monotonicNs":276577881104867}
{"event":"ack-configure","sequence":28,"controlSequence":0,"rootCommits":2,"childCommits":0,"serial":284,"width":320,"height":240,"monotonicNs":276577958381919}
{"event":"ack-configure","sequence":29,"controlSequence":0,"rootCommits":2,"childCommits":0,"serial":289,"width":320,"height":240,"monotonicNs":276578009654403}
{"event":"ack-configure","sequence":30,"controlSequence":0,"rootCommits":2,"childCommits":0,"serial":290,"width":320,"height":240,"monotonicNs":276578061032418}
{"event":"ack-configure","sequence":31,"controlSequence":0,"rootCommits":2,"childCommits":0,"serial":295,"width":320,"height":240,"monotonicNs":276578086976088}
{"event":"ack-configure","sequence":32,"controlSequence":0,"rootCommits":2,"childCommits":0,"serial":296,"width":320,"height":240,"monotonicNs":276578138338503}
{"event":"ack-configure","sequence":33,"controlSequence":0,"rootCommits":2,"childCommits":0,"serial":301,"width":320,"height":240,"monotonicNs":276578264910548}
{"event":"ack-configure","sequence":34,"controlSequence":0,"rootCommits":2,"childCommits":0,"serial":303,"width":320,"height":240,"monotonicNs":276578771363645}
{"event":"ack-configure","sequence":35,"controlSequence":0,"rootCommits":2,"childCommits":0,"serial":308,"width":320,"height":240,"monotonicNs":276578897673324}
{"event":"ack-configure","sequence":36,"controlSequence":0,"rootCommits":2,"childCommits":0,"serial":310,"width":320,"height":240,"monotonicNs":276579127552031}
{"event":"ack-configure","sequence":37,"controlSequence":0,"rootCommits":2,"childCommits":0,"serial":313,"width":320,"height":240,"monotonicNs":276579173145207}
{"event":"ack-configure","sequence":38,"controlSequence":0,"rootCommits":2,"childCommits":0,"serial":337,"width":320,"height":240,"monotonicNs":276579666568842}
{"event":"ack-configure","sequence":39,"controlSequence":0,"rootCommits":2,"childCommits":0,"serial":367,"width":320,"height":240,"monotonicNs":276586284533106}
{"event":"ack-configure","sequence":40,"controlSequence":0,"rootCommits":2,"childCommits":0,"serial":424,"width":320,"height":240,"monotonicNs":276592890448313}
{"event":"ack-configure","sequence":41,"controlSequence":0,"rootCommits":2,"childCommits":0,"serial":532,"width":320,"height":240,"monotonicNs":276611105307888}
{"event":"ack-configure","sequence":42,"controlSequence":0,"rootCommits":2,"childCommits":0,"serial":559,"width":320,"height":240,"monotonicNs":276612204153740}
{"event":"ack-configure","sequence":43,"controlSequence":0,"rootCommits":2,"childCommits":0,"serial":565,"width":320,"height":240,"monotonicNs":276612312325376}
{"event":"ack-configure","sequence":44,"controlSequence":0,"rootCommits":2,"childCommits":0,"serial":577,"width":320,"height":240,"monotonicNs":276613165871631}
{"event":"request","sequence":45,"controlSequence":1,"rootCommits":2,"childCommits":0,"serial":577,"width":320,"height":240,"monotonicNs":276613880046479,"command":"quit"}
{"event":"normalexit","sequence":46,"controlSequence":1,"rootCommits":2,"childCommits":0,"serial":577,"width":320,"height":240,"monotonicNs":276613880104683}
