{"event":"ack-configure","sequence":1,"controlSequence":0,"rootCommits":1,"childCommits":0,"serial":6,"width":320,"height":240,"monotonicNs":225979603531180}
{"event":"buffercommit","sequence":2,"controlSequence":0,"rootCommits":2,"childCommits":0,"serial":6,"width":320,"height":240,"monotonicNs":225979603676413}
{"event":"ready","sequence":3,"controlSequence":0,"rootCommits":2,"childCommits":0,"serial":6,"width":320,"height":240,"monotonicNs":225979603685549}
{"event":"buffer-release","sequence":4,"controlSequence":0,"rootCommits":2,"childCommits":0,"serial":6,"width":320,"height":240,"monotonicNs":225979604276329}
{"event":"ack-configure","sequence":5,"controlSequence":0,"rootCommits":2,"childCommits":0,"serial":7,"width":320,"height":240,"monotonicNs":225979604289303}
{"event":"ack-configure","sequence":6,"controlSequence":0,"rootCommits":2,"childCommits":0,"serial":13,"width":320,"height":240,"monotonicNs":225979675829147}
{"event":"buffercommit","sequence":7,"controlSequence":1,"rootCommits":2,"childCommits":1,"serial":13,"width":320,"height":240,"monotonicNs":225979851664062}
{"event":"request","sequence":8,"controlSequence":1,"rootCommits":3,"childCommits":1,"serial":13,"width":320,"height":240,"monotonicNs":225979851678822,"command":"child-create"}
{"event":"buffer-release","sequence":9,"controlSequence":1,"rootCommits":3,"childCommits":1,"serial":13,"width":320,"height":240,"monotonicNs":225979852143349}
{"event":"server-barrier","sequence":10,"controlSequence":1,"rootCommits":3,"childCommits":1,"serial":13,"width":320,"height":240,"monotonicNs":225979852163047,"command":"child-create","barrierControl":1}
{"event":"buffercommit","sequence":11,"controlSequence":2,"rootCommits":3,"childCommits":2,"serial":13,"width":320,"height":240,"monotonicNs":225979902801574}
{"event":"request","sequence":12,"controlSequence":2,"rootCommits":3,"childCommits":2,"serial":13,"width":320,"height":240,"monotonicNs":225979902813086,"command":"child-yellow"}
{"event":"buffer-release","sequence":13,"controlSequence":2,"rootCommits":3,"childCommits":2,"serial":13,"width":320,"height":240,"monotonicNs":225979903128859}
{"event":"server-barrier","sequence":14,"controlSequence":2,"rootCommits":3,"childCommits":2,"serial":13,"width":320,"height":240,"monotonicNs":225979903141922,"command":"child-yellow","barrierControl":2}
{"event":"request","sequence":15,"controlSequence":3,"rootCommits":3,"childCommits":2,"serial":13,"width":320,"height":240,"monotonicNs":225979953557921,"command":"child-sync"}
{"event":"server-barrier","sequence":16,"controlSequence":3,"rootCommits":3,"childCommits":2,"serial":13,"width":320,"height":240,"monotonicNs":225979953714983,"command":"child-sync","barrierControl":3}
{"event":"buffercommit","sequence":17,"controlSequence":4,"rootCommits":3,"childCommits":3,"serial":13,"width":320,"height":240,"monotonicNs":225979978910092}
{"event":"request","sequence":18,"controlSequence":4,"rootCommits":3,"childCommits":3,"serial":13,"width":320,"height":240,"monotonicNs":225979978917173,"command":"child-blue"}
{"event":"server-barrier","sequence":19,"controlSequence":4,"rootCommits":3,"childCommits":3,"serial":13,"width":320,"height":240,"monotonicNs":225979979069521,"command":"child-blue","barrierControl":4}
{"event":"request","sequence":20,"controlSequence":5,"rootCommits":4,"childCommits":3,"serial":13,"width":320,"height":240,"monotonicNs":225980029484410,"command":"root-commit"}
{"event":"buffer-release","sequence":21,"controlSequence":5,"rootCommits":4,"childCommits":3,"serial":13,"width":320,"height":240,"monotonicNs":225980029837609}
{"event":"server-barrier","sequence":22,"controlSequence":5,"rootCommits":4,"childCommits":3,"serial":13,"width":320,"height":240,"monotonicNs":225980029873984,"command":"root-commit","barrierControl":5}
{"event":"request","sequence":23,"controlSequence":6,"rootCommits":4,"childCommits":3,"serial":13,"width":320,"height":240,"monotonicNs":225980081234065,"command":"child-desync"}
{"event":"server-barrier","sequence":24,"controlSequence":6,"rootCommits":4,"childCommits":3,"serial":13,"width":320,"height":240,"monotonicNs":225980081372647,"command":"child-desync","barrierControl":6}
{"event":"request","sequence":25,"controlSequence":7,"rootCommits":5,"childCommits":3,"serial":13,"width":320,"height":240,"monotonicNs":225980131524546,"command":"child-move"}
{"event":"server-barrier","sequence":26,"controlSequence":7,"rootCommits":5,"childCommits":3,"serial":13,"width":320,"height":240,"monotonicNs":225980131793127,"command":"child-move","barrierControl":7}
{"event":"request","sequence":27,"controlSequence":8,"rootCommits":6,"childCommits":3,"serial":13,"width":320,"height":240,"monotonicNs":225980182177573,"command":"child-below"}
{"event":"server-barrier","sequence":28,"controlSequence":8,"rootCommits":6,"childCommits":3,"serial":13,"width":320,"height":240,"monotonicNs":225980182465394,"command":"child-below","barrierControl":8}
{"event":"request","sequence":29,"controlSequence":9,"rootCommits":7,"childCommits":3,"serial":13,"width":320,"height":240,"monotonicNs":225980232788998,"command":"child-above"}
{"event":"server-barrier","sequence":30,"controlSequence":9,"rootCommits":7,"childCommits":3,"serial":13,"width":320,"height":240,"monotonicNs":225980233136483,"command":"child-above","barrierControl":9}
{"event":"buffercommit","sequence":31,"controlSequence":10,"rootCommits":7,"childCommits":4,"serial":13,"width":320,"height":240,"monotonicNs":225980283520110}
{"event":"request","sequence":32,"controlSequence":10,"rootCommits":7,"childCommits":5,"serial":13,"width":320,"height":240,"monotonicNs":225980283529095,"command":"grand-create"}
{"event":"buffer-release","sequence":33,"controlSequence":10,"rootCommits":7,"childCommits":5,"serial":13,"width":320,"height":240,"monotonicNs":225980283905619}
{"event":"server-barrier","sequence":34,"controlSequence":10,"rootCommits":7,"childCommits":5,"serial":13,"width":320,"height":240,"monotonicNs":225980283923072,"command":"grand-create","barrierControl":10}
{"event":"request","sequence":35,"controlSequence":11,"rootCommits":7,"childCommits":6,"serial":13,"width":320,"height":240,"monotonicNs":225980334624859,"command":"child-detach"}
{"event":"server-barrier","sequence":36,"controlSequence":11,"rootCommits":7,"childCommits":6,"serial":13,"width":320,"height":240,"monotonicNs":225980334961388,"command":"child-detach","barrierControl":11}
{"event":"buffercommit","sequence":37,"controlSequence":12,"rootCommits":7,"childCommits":7,"serial":13,"width":320,"height":240,"monotonicNs":225980385242168}
{"event":"request","sequence":38,"controlSequence":12,"rootCommits":7,"childCommits":7,"serial":13,"width":320,"height":240,"monotonicNs":225980385251017,"command":"child-reattach"}
{"event":"buffer-release","sequence":39,"controlSequence":12,"rootCommits":7,"childCommits":7,"serial":13,"width":320,"height":240,"monotonicNs":225980385572690}
{"event":"server-barrier","sequence":40,"controlSequence":12,"rootCommits":7,"childCommits":7,"serial":13,"width":320,"height":240,"monotonicNs":225980385590339,"command":"child-reattach","barrierControl":12}
{"event":"request","sequence":41,"controlSequence":13,"rootCommits":7,"childCommits":7,"serial":13,"width":320,"height":240,"monotonicNs":225980436223152,"command":"child-destroy"}
{"event":"server-barrier","sequence":42,"controlSequence":13,"rootCommits":7,"childCommits":7,"serial":13,"width":320,"height":240,"monotonicNs":225980436575398,"command":"child-destroy","barrierControl":13}
{"event":"buffercommit","sequence":43,"controlSequence":14,"rootCommits":7,"childCommits":8,"serial":13,"width":320,"height":240,"monotonicNs":225980486923960}
{"event":"request","sequence":44,"controlSequence":14,"rootCommits":8,"childCommits":8,"serial":13,"width":320,"height":240,"monotonicNs":225980486932632,"command":"child-create"}
{"event":"buffer-release","sequence":45,"controlSequence":14,"rootCommits":8,"childCommits":8,"serial":13,"width":320,"height":240,"monotonicNs":225980487322322}
{"event":"server-barrier","sequence":46,"controlSequence":14,"rootCommits":8,"childCommits":8,"serial":13,"width":320,"height":240,"monotonicNs":225980487337945,"command":"child-create","barrierControl":14}
{"event":"request","sequence":47,"controlSequence":15,"rootCommits":8,"childCommits":8,"serial":13,"width":320,"height":240,"monotonicNs":225980537973625,"command":"child-destroy"}
{"event":"server-barrier","sequence":48,"controlSequence":15,"rootCommits":8,"childCommits":8,"serial":13,"width":320,"height":240,"monotonicNs":225980538326219,"command":"child-destroy","barrierControl":15}
{"event":"buffercommit","sequence":49,"controlSequence":16,"rootCommits":8,"childCommits":9,"serial":13,"width":320,"height":240,"monotonicNs":225980588501970}
{"event":"request","sequence":50,"controlSequence":16,"rootCommits":8,"childCommits":9,"serial":13,"width":320,"height":240,"monotonicNs":225980588510494,"command":"child-create-sync"}
{"event":"server-barrier","sequence":51,"controlSequence":16,"rootCommits":8,"childCommits":9,"serial":13,"width":320,"height":240,"monotonicNs":225980588795027,"command":"child-create-sync","barrierControl":16}
{"event":"request","sequence":52,"controlSequence":17,"rootCommits":9,"childCommits":9,"serial":13,"width":320,"height":240,"monotonicNs":225980639105275,"command":"root-commit"}
{"event":"buffer-release","sequence":53,"controlSequence":17,"rootCommits":9,"childCommits":9,"serial":13,"width":320,"height":240,"monotonicNs":225980640011756}
{"event":"server-barrier","sequence":54,"controlSequence":17,"rootCommits":9,"childCommits":9,"serial":13,"width":320,"height":240,"monotonicNs":225980640150587,"command":"root-commit","barrierControl":17}
{"event":"request","sequence":55,"controlSequence":18,"rootCommits":9,"childCommits":9,"serial":13,"width":320,"height":240,"monotonicNs":225980715676101,"command":"child-destroy"}
{"event":"server-barrier","sequence":56,"controlSequence":18,"rootCommits":9,"childCommits":9,"serial":13,"width":320,"height":240,"monotonicNs":225980716007649,"command":"child-destroy","barrierControl":18}
{"event":"buffercommit","sequence":57,"controlSequence":19,"rootCommits":9,"childCommits":10,"serial":13,"width":320,"height":240,"monotonicNs":225980766244785}
{"event":"request","sequence":58,"controlSequence":19,"rootCommits":9,"childCommits":10,"serial":13,"width":320,"height":240,"monotonicNs":225980766253573,"command":"child-create-sync"}
{"event":"server-barrier","sequence":59,"controlSequence":19,"rootCommits":9,"childCommits":10,"serial":13,"width":320,"height":240,"monotonicNs":225980766540807,"command":"child-create-sync","barrierControl":19}
{"event":"request","sequence":60,"controlSequence":20,"rootCommits":10,"childCommits":10,"serial":13,"width":320,"height":240,"monotonicNs":225980816869685,"command":"root-commit"}
{"event":"buffer-release","sequence":61,"controlSequence":20,"rootCommits":10,"childCommits":10,"serial":13,"width":320,"height":240,"monotonicNs":225980817264966}
{"event":"server-barrier","sequence":62,"controlSequence":20,"rootCommits":10,"childCommits":10,"serial":13,"width":320,"height":240,"monotonicNs":225980817285013,"command":"root-commit","barrierControl":20}
{"event":"buffercommit","sequence":63,"controlSequence":21,"rootCommits":10,"childCommits":11,"serial":13,"width":320,"height":240,"monotonicNs":225980867988769}
{"event":"request","sequence":64,"controlSequence":21,"rootCommits":10,"childCommits":11,"serial":13,"width":320,"height":240,"monotonicNs":225980868011450,"command":"child-yellow"}
{"event":"server-barrier","sequence":65,"controlSequence":21,"rootCommits":10,"childCommits":11,"serial":13,"width":320,"height":240,"monotonicNs":225980868321842,"command":"child-yellow","barrierControl":21}
{"event":"request","sequence":66,"controlSequence":22,"rootCommits":10,"childCommits":11,"serial":13,"width":320,"height":240,"monotonicNs":225980918474404,"command":"child-destroy"}
{"event":"buffer-release","sequence":67,"controlSequence":22,"rootCommits":10,"childCommits":11,"serial":13,"width":320,"height":240,"monotonicNs":225980918709751}
{"event":"server-barrier","sequence":68,"controlSequence":22,"rootCommits":10,"childCommits":11,"serial":13,"width":320,"height":240,"monotonicNs":225980918722240,"command":"child-destroy","barrierControl":22}
{"event":"request","sequence":69,"controlSequence":23,"rootCommits":11,"childCommits":11,"serial":13,"width":320,"height":240,"monotonicNs":225980949385281,"command":"root-commit"}
{"event":"server-barrier","sequence":70,"controlSequence":23,"rootCommits":11,"childCommits":11,"serial":13,"width":320,"height":240,"monotonicNs":225980949435593,"command":"root-commit","barrierControl":23}
{"event":"buffercommit","sequence":71,"controlSequence":24,"rootCommits":11,"childCommits":12,"serial":13,"width":320,"height":240,"monotonicNs":225981024874493}
{"event":"request","sequence":72,"controlSequence":24,"rootCommits":11,"childCommits":12,"serial":13,"width":320,"height":240,"monotonicNs":225981024883894,"command":"child-create-sync"}
{"event":"server-barrier","sequence":73,"controlSequence":24,"rootCommits":11,"childCommits":12,"serial":13,"width":320,"height":240,"monotonicNs":225981025261154,"command":"child-create-sync","barrierControl":24}
{"event":"request","sequence":74,"controlSequence":25,"rootCommits":12,"childCommits":12,"serial":13,"width":320,"height":240,"monotonicNs":225981075623130,"command":"root-commit"}
{"event":"buffer-release","sequence":75,"controlSequence":25,"rootCommits":12,"childCommits":12,"serial":13,"width":320,"height":240,"monotonicNs":225981075939255}
{"event":"server-barrier","sequence":76,"controlSequence":25,"rootCommits":12,"childCommits":12,"serial":13,"width":320,"height":240,"monotonicNs":225981075959095,"command":"root-commit","barrierControl":25}
{"event":"request","sequence":77,"controlSequence":26,"rootCommits":12,"childCommits":12,"serial":13,"width":320,"height":240,"monotonicNs":225981126882724,"command":"child-destroy"}
{"event":"server-barrier","sequence":78,"controlSequence":26,"rootCommits":12,"childCommits":12,"serial":13,"width":320,"height":240,"monotonicNs":225981127272220,"command":"child-destroy","barrierControl":26}
{"event":"buffercommit","sequence":79,"controlSequence":27,"rootCommits":12,"childCommits":13,"serial":13,"width":320,"height":240,"monotonicNs":225981177687164}
{"event":"request","sequence":80,"controlSequence":27,"rootCommits":12,"childCommits":13,"serial":13,"width":320,"height":240,"monotonicNs":225981177698254,"command":"child-create-sync"}
{"event":"server-barrier","sequence":81,"controlSequence":27,"rootCommits":12,"childCommits":13,"serial":13,"width":320,"height":240,"monotonicNs":225981177936697,"command":"child-create-sync","barrierControl":27}
{"event":"request","sequence":82,"controlSequence":28,"rootCommits":13,"childCommits":13,"serial":13,"width":320,"height":240,"monotonicNs":225981228416209,"command":"root-commit"}
{"event":"buffer-release","sequence":83,"controlSequence":28,"rootCommits":13,"childCommits":13,"serial":13,"width":320,"height":240,"monotonicNs":225981228648360}
{"event":"server-barrier","sequence":84,"controlSequence":28,"rootCommits":13,"childCommits":13,"serial":13,"width":320,"height":240,"monotonicNs":225981228666985,"command":"root-commit","barrierControl":28}
{"event":"buffercommit","sequence":85,"controlSequence":29,"rootCommits":13,"childCommits":14,"serial":13,"width":320,"height":240,"monotonicNs":225981304422068}
{"event":"request","sequence":86,"controlSequence":29,"rootCommits":13,"childCommits":15,"serial":13,"width":320,"height":240,"monotonicNs":225981304432038,"command":"grand-create"}
{"event":"server-barrier","sequence":87,"controlSequence":29,"rootCommits":13,"childCommits":15,"serial":13,"width":320,"height":240,"monotonicNs":225981304768870,"command":"grand-create","barrierControl":29}
{"event":"request","sequence":88,"controlSequence":30,"rootCommits":14,"childCommits":15,"serial":13,"width":320,"height":240,"monotonicNs":225981355213292,"command":"root-commit"}
{"event":"buffer-release","sequence":89,"controlSequence":30,"rootCommits":14,"childCommits":15,"serial":13,"width":320,"height":240,"monotonicNs":225981355585094}
{"event":"server-barrier","sequence":90,"controlSequence":30,"rootCommits":14,"childCommits":15,"serial":13,"width":320,"height":240,"monotonicNs":225981355604971,"command":"root-commit","barrierControl":30}
{"event":"buffercommit","sequence":91,"controlSequence":31,"rootCommits":14,"childCommits":16,"serial":13,"width":320,"height":240,"monotonicNs":225981406357933}
{"event":"request","sequence":92,"controlSequence":31,"rootCommits":14,"childCommits":16,"serial":13,"width":320,"height":240,"monotonicNs":225981406371847,"command":"grand-yellow"}
{"event":"server-barrier","sequence":93,"controlSequence":31,"rootCommits":14,"childCommits":16,"serial":13,"width":320,"height":240,"monotonicNs":225981406561040,"command":"grand-yellow","barrierControl":31}
{"event":"request","sequence":94,"controlSequence":32,"rootCommits":14,"childCommits":16,"serial":13,"width":320,"height":240,"monotonicNs":225981456961520,"command":"grand-desync"}
{"event":"server-barrier","sequence":95,"controlSequence":32,"rootCommits":14,"childCommits":16,"serial":13,"width":320,"height":240,"monotonicNs":225981457314446,"command":"grand-desync","barrierControl":32}
{"event":"request","sequence":96,"controlSequence":33,"rootCommits":14,"childCommits":16,"serial":13,"width":320,"height":240,"monotonicNs":225981532851376,"command":"child-desync"}
{"event":"buffer-release","sequence":97,"controlSequence":33,"rootCommits":14,"childCommits":16,"serial":13,"width":320,"height":240,"monotonicNs":225981533202990}
{"event":"server-barrier","sequence":98,"controlSequence":33,"rootCommits":14,"childCommits":16,"serial":13,"width":320,"height":240,"monotonicNs":225981533220300,"command":"child-desync","barrierControl":33}
{"event":"request","sequence":99,"controlSequence":34,"rootCommits":14,"childCommits":16,"serial":13,"width":320,"height":240,"monotonicNs":225981608894715,"command":"child-destroy"}
{"event":"server-barrier","sequence":100,"controlSequence":34,"rootCommits":14,"childCommits":16,"serial":13,"width":320,"height":240,"monotonicNs":225981609162986,"command":"child-destroy","barrierControl":34}
{"event":"buffercommit","sequence":101,"controlSequence":35,"rootCommits":14,"childCommits":17,"serial":13,"width":320,"height":240,"monotonicNs":225981659545107}
{"event":"request","sequence":102,"controlSequence":35,"rootCommits":14,"childCommits":17,"serial":13,"width":320,"height":240,"monotonicNs":225981659554964,"command":"child-create-sync"}
{"event":"server-barrier","sequence":103,"controlSequence":35,"rootCommits":14,"childCommits":17,"serial":13,"width":320,"height":240,"monotonicNs":225981659885831,"command":"child-create-sync","barrierControl":35}
{"event":"request","sequence":104,"controlSequence":36,"rootCommits":15,"childCommits":17,"serial":13,"width":320,"height":240,"monotonicNs":225981710237933,"command":"root-commit"}
{"event":"buffer-release","sequence":105,"controlSequence":36,"rootCommits":15,"childCommits":17,"serial":13,"width":320,"height":240,"monotonicNs":225981710558151}
{"event":"server-barrier","sequence":106,"controlSequence":36,"rootCommits":15,"childCommits":17,"serial":13,"width":320,"height":240,"monotonicNs":225981710686397,"command":"root-commit","barrierControl":36}
{"event":"buffercommit","sequence":107,"controlSequence":37,"rootCommits":15,"childCommits":18,"serial":13,"width":320,"height":240,"monotonicNs":225981761331550}
{"event":"request","sequence":108,"controlSequence":37,"rootCommits":15,"childCommits":18,"serial":13,"width":320,"height":240,"monotonicNs":225981761350996,"command":"child-yellow"}
{"event":"server-barrier","sequence":109,"controlSequence":37,"rootCommits":15,"childCommits":18,"serial":13,"width":320,"height":240,"monotonicNs":225981761679983,"command":"child-yellow","barrierControl":37}
{"event":"buffercommit","sequence":110,"controlSequence":38,"rootCommits":15,"childCommits":19,"serial":13,"width":320,"height":240,"monotonicNs":225981811853362}
{"event":"request","sequence":111,"controlSequence":38,"rootCommits":15,"childCommits":19,"serial":13,"width":320,"height":240,"monotonicNs":225981811861428,"command":"child-blue"}
{"event":"buffer-release","sequence":112,"controlSequence":38,"rootCommits":15,"childCommits":19,"serial":13,"width":320,"height":240,"monotonicNs":225981812841966}
{"event":"server-barrier","sequence":113,"controlSequence":38,"rootCommits":15,"childCommits":19,"serial":13,"width":320,"height":240,"monotonicNs":225981812864659,"command":"child-blue","barrierControl":38}
{"event":"buffercommit","sequence":114,"controlSequence":39,"rootCommits":15,"childCommits":20,"serial":13,"width":320,"height":240,"monotonicNs":225981863694511}
{"event":"request","sequence":115,"controlSequence":39,"rootCommits":15,"childCommits":20,"serial":13,"width":320,"height":240,"monotonicNs":225981863704681,"command":"child-yellow"}
{"event":"buffer-release","sequence":116,"controlSequence":39,"rootCommits":15,"childCommits":20,"serial":13,"width":320,"height":240,"monotonicNs":225981864021703}
{"event":"server-barrier","sequence":117,"controlSequence":39,"rootCommits":15,"childCommits":20,"serial":13,"width":320,"height":240,"monotonicNs":225981864041483,"command":"child-yellow","barrierControl":39}
{"event":"request","sequence":118,"controlSequence":40,"rootCommits":15,"childCommits":21,"serial":13,"width":320,"height":240,"monotonicNs":225981914536766,"command":"child-empty"}
{"event":"server-barrier","sequence":119,"controlSequence":40,"rootCommits":15,"childCommits":21,"serial":13,"width":320,"height":240,"monotonicNs":225981915248691,"command":"child-empty","barrierControl":40}
{"event":"request","sequence":120,"controlSequence":41,"rootCommits":16,"childCommits":21,"serial":13,"width":320,"height":240,"monotonicNs":225981990532634,"command":"root-commit"}
{"event":"buffer-release","sequence":121,"controlSequence":41,"rootCommits":16,"childCommits":21,"serial":13,"width":320,"height":240,"monotonicNs":225981990656155}
{"event":"server-barrier","sequence":122,"controlSequence":41,"rootCommits":16,"childCommits":21,"serial":13,"width":320,"height":240,"monotonicNs":225981990668663,"command":"root-commit","barrierControl":41}
{"event":"request","sequence":123,"controlSequence":42,"rootCommits":16,"childCommits":21,"serial":13,"width":320,"height":240,"monotonicNs":225982040981272,"command":"child-destroy"}
{"event":"server-barrier","sequence":124,"controlSequence":42,"rootCommits":16,"childCommits":21,"serial":13,"width":320,"height":240,"monotonicNs":225982041160812,"command":"child-destroy","barrierControl":42}
{"event":"buffercommit","sequence":125,"controlSequence":43,"rootCommits":16,"childCommits":22,"serial":13,"width":320,"height":240,"monotonicNs":225982116797594}
{"event":"request","sequence":126,"controlSequence":43,"rootCommits":16,"childCommits":22,"serial":13,"width":320,"height":240,"monotonicNs":225982116808988,"command":"child-create-sync"}
{"event":"server-barrier","sequence":127,"controlSequence":43,"rootCommits":16,"childCommits":22,"serial":13,"width":320,"height":240,"monotonicNs":225982116993944,"command":"child-create-sync","barrierControl":43}
{"event":"request","sequence":128,"controlSequence":44,"rootCommits":17,"childCommits":22,"serial":13,"width":320,"height":240,"monotonicNs":225982167421018,"command":"root-commit"}
{"event":"buffer-release","sequence":129,"controlSequence":44,"rootCommits":17,"childCommits":22,"serial":13,"width":320,"height":240,"monotonicNs":225982167592031}
{"event":"server-barrier","sequence":130,"controlSequence":44,"rootCommits":17,"childCommits":22,"serial":13,"width":320,"height":240,"monotonicNs":225982167608486,"command":"root-commit","barrierControl":44}
{"event":"buffercommit","sequence":131,"controlSequence":45,"rootCommits":17,"childCommits":23,"serial":13,"width":320,"height":240,"monotonicNs":225982218227403}
{"event":"request","sequence":132,"controlSequence":45,"rootCommits":17,"childCommits":24,"serial":13,"width":320,"height":240,"monotonicNs":225982218238639,"command":"grand-create"}
{"event":"server-barrier","sequence":133,"controlSequence":45,"rootCommits":17,"childCommits":24,"serial":13,"width":320,"height":240,"monotonicNs":225982218368383,"command":"grand-create","barrierControl":45}
{"event":"request","sequence":134,"controlSequence":46,"rootCommits":18,"childCommits":24,"serial":13,"width":320,"height":240,"monotonicNs":225982268609167,"command":"root-commit"}
{"event":"buffer-release","sequence":135,"controlSequence":46,"rootCommits":18,"childCommits":24,"serial":13,"width":320,"height":240,"monotonicNs":225982268767166}
{"event":"server-barrier","sequence":136,"controlSequence":46,"rootCommits":18,"childCommits":24,"serial":13,"width":320,"height":240,"monotonicNs":225982268785932,"command":"root-commit","barrierControl":46}
{"event":"request","sequence":137,"controlSequence":47,"rootCommits":18,"childCommits":25,"serial":13,"width":320,"height":240,"monotonicNs":225982319331814,"command":"child-detach"}
{"event":"server-barrier","sequence":138,"controlSequence":47,"rootCommits":18,"childCommits":25,"serial":13,"width":320,"height":240,"monotonicNs":225982319418314,"command":"child-detach","barrierControl":47}
{"event":"request","sequence":139,"controlSequence":48,"rootCommits":19,"childCommits":25,"serial":13,"width":320,"height":240,"monotonicNs":225982369849977,"command":"root-commit"}
{"event":"server-barrier","sequence":140,"controlSequence":48,"rootCommits":19,"childCommits":25,"serial":13,"width":320,"height":240,"monotonicNs":225982370178289,"command":"root-commit","barrierControl":48}
{"event":"request","sequence":141,"controlSequence":49,"rootCommits":19,"childCommits":25,"serial":13,"width":320,"height":240,"monotonicNs":225982445576685,"command":"child-destroy"}
{"event":"server-barrier","sequence":142,"controlSequence":49,"rootCommits":19,"childCommits":25,"serial":13,"width":320,"height":240,"monotonicNs":225982445757421,"command":"child-destroy","barrierControl":49}
{"event":"buffercommit","sequence":143,"controlSequence":50,"rootCommits":19,"childCommits":26,"serial":13,"width":320,"height":240,"monotonicNs":225982474475076}
{"event":"request","sequence":144,"controlSequence":50,"rootCommits":20,"childCommits":26,"serial":13,"width":320,"height":240,"monotonicNs":225982474485085,"command":"child-create"}
{"event":"buffer-release","sequence":145,"controlSequence":50,"rootCommits":20,"childCommits":26,"serial":13,"width":320,"height":240,"monotonicNs":225982474704432}
{"event":"server-barrier","sequence":146,"controlSequence":50,"rootCommits":20,"childCommits":26,"serial":13,"width":320,"height":240,"monotonicNs":225982474720233,"command":"child-create","barrierControl":50}
{"event":"request","sequence":147,"controlSequence":51,"rootCommits":20,"childCommits":26,"serial":13,"width":320,"height":240,"monotonicNs":225982524925930,"command":"child-move-pending"}
{"event":"server-barrier","sequence":148,"controlSequence":51,"rootCommits":20,"childCommits":26,"serial":13,"width":320,"height":240,"monotonicNs":225982524952080,"command":"child-move-pending","barrierControl":51}
{"event":"request","sequence":149,"controlSequence":52,"rootCommits":21,"childCommits":26,"serial":13,"width":320,"height":240,"monotonicNs":225982575111201,"command":"root-commit"}
{"event":"server-barrier","sequence":150,"controlSequence":52,"rootCommits":21,"childCommits":26,"serial":13,"width":320,"height":240,"monotonicNs":225982575196482,"command":"root-commit","barrierControl":52}
{"event":"request","sequence":151,"controlSequence":53,"rootCommits":21,"childCommits":26,"serial":13,"width":320,"height":240,"monotonicNs":225982625348508,"command":"child-below-pending"}
{"event":"server-barrier","sequence":152,"controlSequence":53,"rootCommits":21,"childCommits":26,"serial":13,"width":320,"height":240,"monotonicNs":225982625376967,"command":"child-below-pending","barrierControl":53}
{"event":"request","sequence":153,"controlSequence":54,"rootCommits":22,"childCommits":26,"serial":13,"width":320,"height":240,"monotonicNs":225982675749100,"command":"root-commit"}
{"event":"server-barrier","sequence":154,"controlSequence":54,"rootCommits":22,"childCommits":26,"serial":13,"width":320,"height":240,"monotonicNs":225982675854115,"command":"root-commit","barrierControl":54}
{"event":"request","sequence":155,"controlSequence":55,"rootCommits":22,"childCommits":26,"serial":13,"width":320,"height":240,"monotonicNs":225982726167278,"command":"child-above-pending"}
{"event":"server-barrier","sequence":156,"controlSequence":55,"rootCommits":22,"childCommits":26,"serial":13,"width":320,"height":240,"monotonicNs":225982726257095,"command":"child-above-pending","barrierControl":55}
{"event":"request","sequence":157,"controlSequence":56,"rootCommits":23,"childCommits":26,"serial":13,"width":320,"height":240,"monotonicNs":225982776518333,"command":"root-commit"}
{"event":"server-barrier","sequence":158,"controlSequence":56,"rootCommits":23,"childCommits":26,"serial":13,"width":320,"height":240,"monotonicNs":225982776616121,"command":"root-commit","barrierControl":56}
{"event":"buffercommit","sequence":159,"controlSequence":57,"rootCommits":23,"childCommits":27,"serial":13,"width":320,"height":240,"monotonicNs":225989975183640}
{"event":"request","sequence":160,"controlSequence":57,"rootCommits":23,"childCommits":27,"serial":13,"width":320,"height":240,"monotonicNs":225989975193181,"command":"child-yellow"}
{"event":"buffer-release","sequence":161,"controlSequence":57,"rootCommits":23,"childCommits":27,"serial":13,"width":320,"height":240,"monotonicNs":225989975568038}
{"event":"server-barrier","sequence":162,"controlSequence":57,"rootCommits":23,"childCommits":27,"serial":13,"width":320,"height":240,"monotonicNs":225989975758764,"command":"child-yellow","barrierControl":57}
{"event":"buffercommit","sequence":163,"controlSequence":58,"rootCommits":23,"childCommits":28,"serial":13,"width":320,"height":240,"monotonicNs":225998104542023}
{"event":"request","sequence":164,"controlSequence":58,"rootCommits":23,"childCommits":28,"serial":13,"width":320,"height":240,"monotonicNs":225998104554876,"command":"child-blue"}
{"event":"buffer-release","sequence":165,"controlSequence":58,"rootCommits":23,"childCommits":28,"serial":13,"width":320,"height":240,"monotonicNs":225998104833950}
{"event":"server-barrier","sequence":166,"controlSequence":58,"rootCommits":23,"childCommits":28,"serial":13,"width":320,"height":240,"monotonicNs":225998105005922,"command":"child-blue","barrierControl":58}
{"event":"ack-configure","sequence":167,"controlSequence":58,"rootCommits":23,"childCommits":28,"serial":114,"width":320,"height":240,"monotonicNs":226004823997353}
{"event":"ack-configure","sequence":168,"controlSequence":58,"rootCommits":23,"childCommits":28,"serial":129,"width":320,"height":240,"monotonicNs":226010404407310}
{"event":"ack-configure","sequence":169,"controlSequence":58,"rootCommits":23,"childCommits":28,"serial":130,"width":320,"height":240,"monotonicNs":226010500394760}
{"event":"ack-configure","sequence":170,"controlSequence":58,"rootCommits":23,"childCommits":28,"serial":133,"width":320,"height":240,"monotonicNs":226010671478595}
{"event":"buffercommit","sequence":171,"controlSequence":59,"rootCommits":23,"childCommits":29,"serial":133,"width":320,"height":240,"monotonicNs":226010696735812}
{"event":"request","sequence":172,"controlSequence":59,"rootCommits":23,"childCommits":29,"serial":133,"width":320,"height":240,"monotonicNs":226010696754718,"command":"child-blue"}
{"event":"buffer-release","sequence":173,"controlSequence":59,"rootCommits":23,"childCommits":29,"serial":133,"width":320,"height":240,"monotonicNs":226010697023453}
{"event":"server-barrier","sequence":174,"controlSequence":59,"rootCommits":23,"childCommits":29,"serial":133,"width":320,"height":240,"monotonicNs":226010697240848,"command":"child-blue","barrierControl":59}
{"event":"buffercommit","sequence":175,"controlSequence":60,"rootCommits":23,"childCommits":30,"serial":133,"width":320,"height":240,"monotonicNs":226010848248060}
{"event":"request","sequence":176,"controlSequence":60,"rootCommits":23,"childCommits":30,"serial":133,"width":320,"height":240,"monotonicNs":226010848261773,"command":"child-yellow"}
{"event":"buffer-release","sequence":177,"controlSequence":60,"rootCommits":23,"childCommits":30,"serial":133,"width":320,"height":240,"monotonicNs":226010848636185}
{"event":"server-barrier","sequence":178,"controlSequence":60,"rootCommits":23,"childCommits":30,"serial":133,"width":320,"height":240,"monotonicNs":226010848668121,"command":"child-yellow","barrierControl":60}
{"event":"buffercommit","sequence":179,"controlSequence":61,"rootCommits":23,"childCommits":31,"serial":133,"width":320,"height":240,"monotonicNs":226010976893720}
{"event":"request","sequence":180,"controlSequence":61,"rootCommits":23,"childCommits":31,"serial":133,"width":320,"height":240,"monotonicNs":226010976908912,"command":"child-blue"}
{"event":"buffer-release","sequence":181,"controlSequence":61,"rootCommits":23,"childCommits":31,"serial":133,"width":320,"height":240,"monotonicNs":226010977206110}
{"event":"server-barrier","sequence":182,"controlSequence":61,"rootCommits":23,"childCommits":31,"serial":133,"width":320,"height":240,"monotonicNs":226010977214274,"command":"child-blue","barrierControl":61}
{"event":"buffercommit","sequence":183,"controlSequence":62,"rootCommits":23,"childCommits":32,"serial":133,"width":320,"height":240,"monotonicNs":226016834832871}
{"event":"request","sequence":184,"controlSequence":62,"rootCommits":23,"childCommits":32,"serial":133,"width":320,"height":240,"monotonicNs":226016834845227,"command":"child-yellow"}
{"event":"buffer-release","sequence":185,"controlSequence":62,"rootCommits":23,"childCommits":32,"serial":133,"width":320,"height":240,"monotonicNs":226016835229377}
{"event":"server-barrier","sequence":186,"controlSequence":62,"rootCommits":23,"childCommits":32,"serial":133,"width":320,"height":240,"monotonicNs":226016835380791,"command":"child-yellow","barrierControl":62}
{"event":"ack-configure","sequence":187,"controlSequence":62,"rootCommits":23,"childCommits":32,"serial":147,"width":320,"height":240,"monotonicNs":226016976383086}
{"event":"buffercommit","sequence":188,"controlSequence":63,"rootCommits":23,"childCommits":33,"serial":147,"width":320,"height":240,"monotonicNs":226023102965519}
{"event":"request","sequence":189,"controlSequence":63,"rootCommits":23,"childCommits":33,"serial":147,"width":320,"height":240,"monotonicNs":226023102978200,"command":"child-blue"}
{"event":"buffer-release","sequence":190,"controlSequence":63,"rootCommits":23,"childCommits":33,"serial":147,"width":320,"height":240,"monotonicNs":226023103730841}
{"event":"server-barrier","sequence":191,"controlSequence":63,"rootCommits":23,"childCommits":33,"serial":147,"width":320,"height":240,"monotonicNs":226023103871792,"command":"child-blue","barrierControl":63}
{"event":"ack-configure","sequence":192,"controlSequence":63,"rootCommits":23,"childCommits":33,"serial":172,"width":320,"height":240,"monotonicNs":226023909546809}
{"event":"ack-configure","sequence":193,"controlSequence":63,"rootCommits":23,"childCommits":33,"serial":187,"width":320,"height":240,"monotonicNs":226029494531231}
{"event":"request","sequence":194,"controlSequence":64,"rootCommits":23,"childCommits":33,"serial":187,"width":320,"height":240,"monotonicNs":226029519748922,"command":"popup-create"}
{"event":"server-barrier","sequence":195,"controlSequence":64,"rootCommits":23,"childCommits":33,"serial":187,"width":320,"height":240,"monotonicNs":226029519977771,"command":"popup-create","barrierControl":64}
{"event":"buffercommit","sequence":196,"controlSequence":64,"rootCommits":23,"childCommits":33,"serial":187,"width":320,"height":240,"monotonicNs":226029520024892}
{"event":"popup-buffercommit","sequence":197,"controlSequence":64,"rootCommits":23,"childCommits":33,"serial":187,"width":320,"height":240,"monotonicNs":226029520028421,"popupCommits":2,"popupSerial":188,"popupColor":4278255615}
{"event":"popup-configured","sequence":198,"controlSequence":64,"rootCommits":23,"childCommits":33,"serial":187,"width":320,"height":240,"monotonicNs":226029520030099,"popupSerial":188,"popupCommits":2,"popupGeometry":[291,211,64,48]}
{"event":"buffer-release","sequence":199,"controlSequence":64,"rootCommits":23,"childCommits":33,"serial":187,"width":320,"height":240,"monotonicNs":226029520337950}
{"event":"buffercommit","sequence":200,"controlSequence":65,"rootCommits":23,"childCommits":33,"serial":187,"width":320,"height":240,"monotonicNs":226029621461724}
{"event":"popup-buffercommit","sequence":201,"controlSequence":65,"rootCommits":23,"childCommits":33,"serial":187,"width":320,"height":240,"monotonicNs":226029621478638,"popupCommits":3,"popupSerial":188,"popupColor":4294967040}
{"event":"request","sequence":202,"controlSequence":65,"rootCommits":23,"childCommits":33,"serial":187,"width":320,"height":240,"monotonicNs":226029621488211,"command":"popup-yellow"}
{"event":"buffer-release","sequence":203,"controlSequence":65,"rootCommits":23,"childCommits":33,"serial":187,"width":320,"height":240,"monotonicNs":226029621728758}
{"event":"server-barrier","sequence":204,"controlSequence":65,"rootCommits":23,"childCommits":33,"serial":187,"width":320,"height":240,"monotonicNs":226029621743180,"command":"popup-yellow","barrierControl":65}
{"event":"request","sequence":205,"controlSequence":66,"rootCommits":23,"childCommits":33,"serial":187,"width":320,"height":240,"monotonicNs":226029723060138,"command":"popup-reposition"}
{"event":"popup-repositioned","sequence":206,"controlSequence":66,"rootCommits":23,"childCommits":33,"serial":187,"width":320,"height":240,"monotonicNs":226029723185235,"repositionToken":1}
{"event":"server-barrier","sequence":207,"controlSequence":66,"rootCommits":23,"childCommits":33,"serial":187,"width":320,"height":240,"monotonicNs":226029723191910,"command":"popup-reposition","barrierControl":66}
{"event":"buffercommit","sequence":208,"controlSequence":66,"rootCommits":23,"childCommits":33,"serial":187,"width":320,"height":240,"monotonicNs":226029723230267}
{"event":"popup-buffercommit","sequence":209,"controlSequence":66,"rootCommits":23,"childCommits":33,"serial":187,"width":320,"height":240,"monotonicNs":226029723233746,"popupCommits":4,"popupSerial":189,"popupColor":4294967040}
{"event":"popup-configured","sequence":210,"controlSequence":66,"rootCommits":23,"childCommits":33,"serial":187,"width":320,"height":240,"monotonicNs":226029723235925,"popupSerial":189,"popupCommits":4,"popupGeometry":[101,81,64,48]}
{"event":"buffer-release","sequence":211,"controlSequence":66,"rootCommits":23,"childCommits":33,"serial":187,"width":320,"height":240,"monotonicNs":226029723537161}
{"event":"popup-destroyed","sequence":212,"controlSequence":67,"rootCommits":23,"childCommits":33,"serial":187,"width":320,"height":240,"monotonicNs":226029774314860}
{"event":"request","sequence":213,"controlSequence":67,"rootCommits":23,"childCommits":33,"serial":187,"width":320,"height":240,"monotonicNs":226029774327982,"command":"popup-destroy"}
{"event":"server-barrier","sequence":214,"controlSequence":67,"rootCommits":23,"childCommits":33,"serial":187,"width":320,"height":240,"monotonicNs":226029774552131,"command":"popup-destroy","barrierControl":67}
{"event":"request","sequence":215,"controlSequence":68,"rootCommits":23,"childCommits":33,"serial":187,"width":320,"height":240,"monotonicNs":226029850121073,"command":"popup-create"}
{"event":"server-barrier","sequence":216,"controlSequence":68,"rootCommits":23,"childCommits":33,"serial":187,"width":320,"height":240,"monotonicNs":226029850280246,"command":"popup-create","barrierControl":68}
{"event":"buffercommit","sequence":217,"controlSequence":68,"rootCommits":23,"childCommits":33,"serial":187,"width":320,"height":240,"monotonicNs":226029850318957}
{"event":"popup-buffercommit","sequence":218,"controlSequence":68,"rootCommits":23,"childCommits":33,"serial":187,"width":320,"height":240,"monotonicNs":226029850323316,"popupCommits":6,"popupSerial":190,"popupColor":4278255615}
{"event":"popup-configured","sequence":219,"controlSequence":68,"rootCommits":23,"childCommits":33,"serial":187,"width":320,"height":240,"monotonicNs":226029850325376,"popupSerial":190,"popupCommits":6,"popupGeometry":[291,211,64,48]}
{"event":"buffer-release","sequence":220,"controlSequence":68,"rootCommits":23,"childCommits":33,"serial":187,"width":320,"height":240,"monotonicNs":226029850656818}
{"event":"popup-destroyed","sequence":221,"controlSequence":69,"rootCommits":23,"childCommits":33,"serial":187,"width":320,"height":240,"monotonicNs":226029926714466}
{"event":"request","sequence":222,"controlSequence":69,"rootCommits":23,"childCommits":33,"serial":187,"width":320,"height":240,"monotonicNs":226029926733216,"command":"popup-destroy"}
{"event":"server-barrier","sequence":223,"controlSequence":69,"rootCommits":23,"childCommits":33,"serial":187,"width":320,"height":240,"monotonicNs":226029927052791,"command":"popup-destroy","barrierControl":69}
{"event":"request","sequence":224,"controlSequence":70,"rootCommits":23,"childCommits":33,"serial":187,"width":320,"height":240,"monotonicNs":226029977214110,"command":"popup-create"}
{"event":"server-barrier","sequence":225,"controlSequence":70,"rootCommits":23,"childCommits":33,"serial":187,"width":320,"height":240,"monotonicNs":226029977315886,"command":"popup-create","barrierControl":70}
{"event":"buffercommit","sequence":226,"controlSequence":70,"rootCommits":23,"childCommits":33,"serial":187,"width":320,"height":240,"monotonicNs":226029977349532}
{"event":"popup-buffercommit","sequence":227,"controlSequence":70,"rootCommits":23,"childCommits":33,"serial":187,"width":320,"height":240,"monotonicNs":226029977353019,"popupCommits":8,"popupSerial":191,"popupColor":4278255615}
{"event":"popup-configured","sequence":228,"controlSequence":70,"rootCommits":23,"childCommits":33,"serial":187,"width":320,"height":240,"monotonicNs":226029977355456,"popupSerial":191,"popupCommits":8,"popupGeometry":[291,211,64,48]}
{"event":"buffer-release","sequence":229,"controlSequence":70,"rootCommits":23,"childCommits":33,"serial":187,"width":320,"height":240,"monotonicNs":226029977529456}
{"event":"buffercommit","sequence":230,"controlSequence":71,"rootCommits":23,"childCommits":33,"serial":187,"width":320,"height":240,"monotonicNs":226030028645780}
{"event":"popup-buffercommit","sequence":231,"controlSequence":71,"rootCommits":23,"childCommits":33,"serial":187,"width":320,"height":240,"monotonicNs":226030028659275,"popupCommits":9,"popupSerial":191,"popupColor":4294967040}
{"event":"request","sequence":232,"controlSequence":71,"rootCommits":23,"childCommits":33,"serial":187,"width":320,"height":240,"monotonicNs":226030028662138,"command":"popup-yellow"}
{"event":"buffer-release","sequence":233,"controlSequence":71,"rootCommits":23,"childCommits":33,"serial":187,"width":320,"height":240,"monotonicNs":226030028894759}
{"event":"server-barrier","sequence":234,"controlSequence":71,"rootCommits":23,"childCommits":33,"serial":187,"width":320,"height":240,"monotonicNs":226030028912100,"command":"popup-yellow","barrierControl":71}
{"event":"popup-destroyed","sequence":235,"controlSequence":72,"rootCommits":23,"childCommits":33,"serial":187,"width":320,"height":240,"monotonicNs":226030079634425}
{"event":"request","sequence":236,"controlSequence":72,"rootCommits":23,"childCommits":33,"serial":187,"width":320,"height":240,"monotonicNs":226030079645432,"command":"popup-destroy"}
{"event":"server-barrier","sequence":237,"controlSequence":72,"rootCommits":23,"childCommits":33,"serial":187,"width":320,"height":240,"monotonicNs":226030079817462,"command":"popup-destroy","barrierControl":72}
{"event":"request","sequence":238,"controlSequence":73,"rootCommits":23,"childCommits":33,"serial":187,"width":320,"height":240,"monotonicNs":226030130029998,"command":"popup-create"}
{"event":"server-barrier","sequence":239,"controlSequence":73,"rootCommits":23,"childCommits":33,"serial":187,"width":320,"height":240,"monotonicNs":226030130330011,"command":"popup-create","barrierControl":73}
{"event":"buffercommit","sequence":240,"controlSequence":73,"rootCommits":23,"childCommits":33,"serial":187,"width":320,"height":240,"monotonicNs":226030130364695}
{"event":"popup-buffercommit","sequence":241,"controlSequence":73,"rootCommits":23,"childCommits":33,"serial":187,"width":320,"height":240,"monotonicNs":226030130368355,"popupCommits":11,"popupSerial":192,"popupColor":4278255615}
{"event":"popup-configured","sequence":242,"controlSequence":73,"rootCommits":23,"childCommits":33,"serial":187,"width":320,"height":240,"monotonicNs":226030130370285,"popupSerial":192,"popupCommits":11,"popupGeometry":[291,211,64,48]}
{"event":"buffer-release","sequence":243,"controlSequence":73,"rootCommits":23,"childCommits":33,"serial":187,"width":320,"height":240,"monotonicNs":226030130696133}
{"event":"request","sequence":244,"controlSequence":74,"rootCommits":23,"childCommits":33,"serial":187,"width":320,"height":240,"monotonicNs":226030156417037,"command":"popup-reposition"}
{"event":"popup-repositioned","sequence":245,"controlSequence":74,"rootCommits":23,"childCommits":33,"serial":187,"width":320,"height":240,"monotonicNs":226030156561733,"repositionToken":2}
{"event":"server-barrier","sequence":246,"controlSequence":74,"rootCommits":23,"childCommits":33,"serial":187,"width":320,"height":240,"monotonicNs":226030156569480,"command":"popup-reposition","barrierControl":74}
{"event":"buffercommit","sequence":247,"controlSequence":74,"rootCommits":23,"childCommits":33,"serial":187,"width":320,"height":240,"monotonicNs":226030156601344}
{"event":"popup-buffercommit","sequence":248,"controlSequence":74,"rootCommits":23,"childCommits":33,"serial":187,"width":320,"height":240,"monotonicNs":226030156604136,"popupCommits":12,"popupSerial":193,"popupColor":4278255615}
{"event":"popup-configured","sequence":249,"controlSequence":74,"rootCommits":23,"childCommits":33,"serial":187,"width":320,"height":240,"monotonicNs":226030156606139,"popupSerial":193,"popupCommits":12,"popupGeometry":[101,81,64,48]}
{"event":"buffer-release","sequence":250,"controlSequence":74,"rootCommits":23,"childCommits":33,"serial":187,"width":320,"height":240,"monotonicNs":226030156696376}
{"event":"popup-destroyed","sequence":251,"controlSequence":75,"rootCommits":23,"childCommits":33,"serial":187,"width":320,"height":240,"monotonicNs":226030207714862}
{"event":"request","sequence":252,"controlSequence":75,"rootCommits":23,"childCommits":33,"serial":187,"width":320,"height":240,"monotonicNs":226030207723398,"command":"popup-destroy"}
{"event":"server-barrier","sequence":253,"controlSequence":75,"rootCommits":23,"childCommits":33,"serial":187,"width":320,"height":240,"monotonicNs":226030207874647,"command":"popup-destroy","barrierControl":75}
{"event":"request","sequence":254,"controlSequence":76,"rootCommits":23,"childCommits":33,"serial":187,"width":320,"height":240,"monotonicNs":226030258160960,"command":"popup-create"}
{"event":"server-barrier","sequence":255,"controlSequence":76,"rootCommits":23,"childCommits":33,"serial":187,"width":320,"height":240,"monotonicNs":226030258347135,"command":"popup-create","barrierControl":76}
{"event":"buffercommit","sequence":256,"controlSequence":76,"rootCommits":23,"childCommits":33,"serial":187,"width":320,"height":240,"monotonicNs":226030258387352}
{"event":"popup-buffercommit","sequence":257,"controlSequence":76,"rootCommits":23,"childCommits":33,"serial":187,"width":320,"height":240,"monotonicNs":226030258390623,"popupCommits":14,"popupSerial":194,"popupColor":4278255615}
{"event":"popup-configured","sequence":258,"controlSequence":76,"rootCommits":23,"childCommits":33,"serial":187,"width":320,"height":240,"monotonicNs":226030258392383,"popupSerial":194,"popupCommits":14,"popupGeometry":[291,211,64,48]}
{"event":"buffer-release","sequence":259,"controlSequence":76,"rootCommits":23,"childCommits":33,"serial":187,"width":320,"height":240,"monotonicNs":226030258599593}
{"event":"buffercommit","sequence":260,"controlSequence":77,"rootCommits":23,"childCommits":33,"serial":187,"width":320,"height":240,"monotonicNs":226030309458743}
{"event":"popup-buffercommit","sequence":261,"controlSequence":77,"rootCommits":23,"childCommits":33,"serial":187,"width":320,"height":240,"monotonicNs":226030309468947,"popupCommits":15,"popupSerial":194,"popupColor":4294967040}
{"event":"request","sequence":262,"controlSequence":77,"rootCommits":23,"childCommits":33,"serial":187,"width":320,"height":240,"monotonicNs":226030309471537,"command":"popup-yellow"}
{"event":"buffer-release","sequence":263,"controlSequence":77,"rootCommits":23,"childCommits":33,"serial":187,"width":320,"height":240,"monotonicNs":226030309630528}
{"event":"server-barrier","sequence":264,"controlSequence":77,"rootCommits":23,"childCommits":33,"serial":187,"width":320,"height":240,"monotonicNs":226030309648853,"command":"popup-yellow","barrierControl":77}
{"event":"popup-destroyed","sequence":265,"controlSequence":78,"rootCommits":23,"childCommits":33,"serial":187,"width":320,"height":240,"monotonicNs":226030360504333}
{"event":"request","sequence":266,"controlSequence":78,"rootCommits":23,"childCommits":33,"serial":187,"width":320,"height":240,"monotonicNs":226030360511989,"command":"popup-destroy"}
{"event":"server-barrier","sequence":267,"controlSequence":78,"rootCommits":23,"childCommits":33,"serial":187,"width":320,"height":240,"monotonicNs":226030360725808,"command":"popup-destroy","barrierControl":78}
{"event":"request","sequence":268,"controlSequence":79,"rootCommits":23,"childCommits":33,"serial":187,"width":320,"height":240,"monotonicNs":226030411041588,"command":"popup-create"}
{"event":"server-barrier","sequence":269,"controlSequence":79,"rootCommits":23,"childCommits":33,"serial":187,"width":320,"height":240,"monotonicNs":226030411170772,"command":"popup-create","barrierControl":79}
{"event":"buffercommit","sequence":270,"controlSequence":79,"rootCommits":23,"childCommits":33,"serial":187,"width":320,"height":240,"monotonicNs":226030411214390}
{"event":"popup-buffercommit","sequence":271,"controlSequence":79,"rootCommits":23,"childCommits":33,"serial":187,"width":320,"height":240,"monotonicNs":226030411218214,"popupCommits":17,"popupSerial":195,"popupColor":4278255615}
{"event":"popup-configured","sequence":272,"controlSequence":79,"rootCommits":23,"childCommits":33,"serial":187,"width":320,"height":240,"monotonicNs":226030411220535,"popupSerial":195,"popupCommits":17,"popupGeometry":[291,211,64,48]}
{"event":"buffer-release","sequence":273,"controlSequence":79,"rootCommits":23,"childCommits":33,"serial":187,"width":320,"height":240,"monotonicNs":226030411479408}
{"event":"popup-destroyed","sequence":274,"controlSequence":80,"rootCommits":23,"childCommits":33,"serial":187,"width":320,"height":240,"monotonicNs":226030436923713}
{"event":"request","sequence":275,"controlSequence":80,"rootCommits":23,"childCommits":33,"serial":187,"width":320,"height":240,"monotonicNs":226030436931391,"command":"popup-destroy"}
{"event":"server-barrier","sequence":276,"controlSequence":80,"rootCommits":23,"childCommits":33,"serial":187,"width":320,"height":240,"monotonicNs":226030437307684,"command":"popup-destroy","barrierControl":80}
{"event":"request","sequence":277,"controlSequence":81,"rootCommits":23,"childCommits":33,"serial":187,"width":320,"height":240,"monotonicNs":226030503151101,"command":"modal-create"}
{"event":"server-barrier","sequence":278,"controlSequence":81,"rootCommits":23,"childCommits":33,"serial":187,"width":320,"height":240,"monotonicNs":226030503408089,"command":"modal-create","barrierControl":81}
{"event":"buffercommit","sequence":279,"controlSequence":81,"rootCommits":23,"childCommits":33,"serial":187,"width":320,"height":240,"monotonicNs":226030503457534}
{"event":"modal-buffercommit","sequence":280,"controlSequence":81,"rootCommits":23,"childCommits":33,"serial":187,"width":320,"height":240,"monotonicNs":226030503461026,"modalCommits":2,"modalSerial":196,"modalColor":4294902015,"modalSize":[96,64]}
{"event":"modal-configured","sequence":281,"controlSequence":81,"rootCommits":23,"childCommits":33,"serial":187,"width":320,"height":240,"monotonicNs":226030503462819,"modalSerial":196,"modalCommits":2}
{"event":"buffer-release","sequence":282,"controlSequence":81,"rootCommits":23,"childCommits":33,"serial":187,"width":320,"height":240,"monotonicNs":226030503890970}
{"event":"modal-configured","sequence":283,"controlSequence":81,"rootCommits":23,"childCommits":33,"serial":187,"width":320,"height":240,"monotonicNs":226030503909352,"modalSerial":197,"modalCommits":2}
{"event":"ack-configure","sequence":284,"controlSequence":81,"rootCommits":23,"childCommits":33,"serial":198,"width":320,"height":240,"monotonicNs":226030503912598}
{"event":"modal-configured","sequence":285,"controlSequence":81,"rootCommits":23,"childCommits":33,"serial":198,"width":320,"height":240,"monotonicNs":226030544730411,"modalSerial":199,"modalCommits":2}
{"event":"buffercommit","sequence":286,"controlSequence":82,"rootCommits":23,"childCommits":33,"serial":198,"width":320,"height":240,"monotonicNs":226030569923162}
{"event":"modal-buffercommit","sequence":287,"controlSequence":82,"rootCommits":23,"childCommits":33,"serial":198,"width":320,"height":240,"monotonicNs":226030569931040,"modalCommits":3,"modalSerial":199,"modalColor":4294967040,"modalSize":[96,64]}
{"event":"request","sequence":288,"controlSequence":82,"rootCommits":23,"childCommits":33,"serial":198,"width":320,"height":240,"monotonicNs":226030569933552,"command":"modal-yellow"}
{"event":"buffer-release","sequence":289,"controlSequence":82,"rootCommits":23,"childCommits":33,"serial":198,"width":320,"height":240,"monotonicNs":226030570121524}
{"event":"server-barrier","sequence":290,"controlSequence":82,"rootCommits":23,"childCommits":33,"serial":198,"width":320,"height":240,"monotonicNs":226030570282542,"command":"modal-yellow","barrierControl":82}
{"event":"request","sequence":291,"controlSequence":83,"rootCommits":23,"childCommits":33,"serial":198,"width":320,"height":240,"monotonicNs":226030595722981,"command":"modal-unset"}
{"event":"server-barrier","sequence":292,"controlSequence":83,"rootCommits":23,"childCommits":33,"serial":198,"width":320,"height":240,"monotonicNs":226030595903311,"command":"modal-unset","barrierControl":83}
{"event":"modal-configured","sequence":293,"controlSequence":83,"rootCommits":23,"childCommits":33,"serial":198,"width":320,"height":240,"monotonicNs":226030636069475,"modalSerial":200,"modalCommits":3}
{"event":"ack-configure","sequence":294,"controlSequence":83,"rootCommits":23,"childCommits":33,"serial":201,"width":320,"height":240,"monotonicNs":226030636082211}
{"event":"request","sequence":295,"controlSequence":84,"rootCommits":23,"childCommits":33,"serial":201,"width":320,"height":240,"monotonicNs":226030661273765,"command":"modal-set"}
{"event":"server-barrier","sequence":296,"controlSequence":84,"rootCommits":23,"childCommits":33,"serial":201,"width":320,"height":240,"monotonicNs":226030661367147,"command":"modal-set","barrierControl":84}
{"event":"ack-configure","sequence":297,"controlSequence":84,"rootCommits":23,"childCommits":33,"serial":202,"width":320,"height":240,"monotonicNs":226030679470863}
{"event":"modal-configured","sequence":298,"controlSequence":84,"rootCommits":23,"childCommits":33,"serial":202,"width":320,"height":240,"monotonicNs":226030679483977,"modalSerial":203,"modalCommits":3}
{"event":"request","sequence":299,"controlSequence":85,"rootCommits":23,"childCommits":33,"serial":202,"width":320,"height":240,"monotonicNs":226030704639405,"command":"modal-unparent"}
{"event":"server-barrier","sequence":300,"controlSequence":85,"rootCommits":23,"childCommits":33,"serial":202,"width":320,"height":240,"monotonicNs":226030704732822,"command":"modal-unparent","barrierControl":85}
{"event":"modal-configured","sequence":301,"controlSequence":85,"rootCommits":23,"childCommits":33,"serial":202,"width":320,"height":240,"monotonicNs":226030724100063,"modalSerial":204,"modalCommits":3}
{"event":"ack-configure","sequence":302,"controlSequence":85,"rootCommits":23,"childCommits":33,"serial":205,"width":320,"height":240,"monotonicNs":226030724114255}
{"event":"request","sequence":303,"controlSequence":86,"rootCommits":23,"childCommits":33,"serial":205,"width":320,"height":240,"monotonicNs":226030749276849,"command":"modal-reparent"}
{"event":"server-barrier","sequence":304,"controlSequence":86,"rootCommits":23,"childCommits":33,"serial":205,"width":320,"height":240,"monotonicNs":226030749345834,"command":"modal-reparent","barrierControl":86}
{"event":"ack-configure","sequence":305,"controlSequence":86,"rootCommits":23,"childCommits":33,"serial":206,"width":320,"height":240,"monotonicNs":226030768304815}
{"event":"modal-configured","sequence":306,"controlSequence":86,"rootCommits":23,"childCommits":33,"serial":206,"width":320,"height":240,"monotonicNs":226030768316891,"modalSerial":207,"modalCommits":3}
{"event":"ack-configure","sequence":307,"controlSequence":86,"rootCommits":23,"childCommits":33,"serial":208,"width":320,"height":240,"monotonicNs":226030769885598}
{"event":"modal-configured","sequence":308,"controlSequence":86,"rootCommits":23,"childCommits":33,"serial":208,"width":320,"height":240,"monotonicNs":226030769901719,"modalSerial":209,"modalCommits":3}
{"event":"ack-configure","sequence":309,"controlSequence":86,"rootCommits":23,"childCommits":33,"serial":211,"width":320,"height":240,"monotonicNs":226030771497039}
{"event":"modal-configured","sequence":310,"controlSequence":86,"rootCommits":23,"childCommits":33,"serial":211,"width":320,"height":240,"monotonicNs":226030771516683,"modalSerial":212,"modalCommits":3}
{"event":"modal-destroyed","sequence":311,"controlSequence":87,"rootCommits":23,"childCommits":33,"serial":211,"width":320,"height":240,"monotonicNs":226030796616840}
{"event":"request","sequence":312,"controlSequence":87,"rootCommits":23,"childCommits":33,"serial":211,"width":320,"height":240,"monotonicNs":226030796626796,"command":"modal-destroy"}
{"event":"server-barrier","sequence":313,"controlSequence":87,"rootCommits":23,"childCommits":33,"serial":211,"width":320,"height":240,"monotonicNs":226030796980591,"command":"modal-destroy","barrierControl":87}
{"event":"ack-configure","sequence":314,"controlSequence":87,"rootCommits":23,"childCommits":33,"serial":216,"width":320,"height":240,"monotonicNs":226030796983446}
{"event":"request","sequence":315,"controlSequence":88,"rootCommits":23,"childCommits":33,"serial":216,"width":320,"height":240,"monotonicNs":226030822158860,"command":"modal-create"}
{"event":"server-barrier","sequence":316,"controlSequence":88,"rootCommits":23,"childCommits":33,"serial":216,"width":320,"height":240,"monotonicNs":226030822574472,"command":"modal-create","barrierControl":88}
{"event":"buffercommit","sequence":317,"controlSequence":88,"rootCommits":23,"childCommits":33,"serial":216,"width":320,"height":240,"monotonicNs":226030822622317}
{"event":"modal-buffercommit","sequence":318,"controlSequence":88,"rootCommits":23,"childCommits":33,"serial":216,"width":320,"height":240,"monotonicNs":226030822625309,"modalCommits":5,"modalSerial":217,"modalColor":4294902015,"modalSize":[96,64]}
{"event":"modal-configured","sequence":319,"controlSequence":88,"rootCommits":23,"childCommits":33,"serial":216,"width":320,"height":240,"monotonicNs":226030822626822,"modalSerial":217,"modalCommits":5}
{"event":"buffer-release","sequence":320,"controlSequence":88,"rootCommits":23,"childCommits":33,"serial":216,"width":320,"height":240,"monotonicNs":226030823074951}
{"event":"modal-configured","sequence":321,"controlSequence":88,"rootCommits":23,"childCommits":33,"serial":216,"width":320,"height":240,"monotonicNs":226030823096407,"modalSerial":218,"modalCommits":5}
{"event":"modal-destroyed","sequence":322,"controlSequence":89,"rootCommits":23,"childCommits":33,"serial":216,"width":320,"height":240,"monotonicNs":226030874045060}
{"event":"request","sequence":323,"controlSequence":89,"rootCommits":23,"childCommits":33,"serial":216,"width":320,"height":240,"monotonicNs":226030874063846,"command":"modal-destroy"}
{"event":"server-barrier","sequence":324,"controlSequence":89,"rootCommits":23,"childCommits":33,"serial":216,"width":320,"height":240,"monotonicNs":226030874445562,"command":"modal-destroy","barrierControl":89}
{"event":"ack-configure","sequence":325,"controlSequence":89,"rootCommits":23,"childCommits":33,"serial":222,"width":320,"height":240,"monotonicNs":226030874448306}
{"event":"request","sequence":326,"controlSequence":90,"rootCommits":23,"childCommits":33,"serial":222,"width":320,"height":240,"monotonicNs":226030924772081,"command":"modal-create"}
{"event":"server-barrier","sequence":327,"controlSequence":90,"rootCommits":23,"childCommits":33,"serial":222,"width":320,"height":240,"monotonicNs":226030925033169,"command":"modal-create","barrierControl":90}
{"event":"buffercommit","sequence":328,"controlSequence":90,"rootCommits":23,"childCommits":33,"serial":222,"width":320,"height":240,"monotonicNs":226030925090003}
{"event":"modal-buffercommit","sequence":329,"controlSequence":90,"rootCommits":23,"childCommits":33,"serial":222,"width":320,"height":240,"monotonicNs":226030925098452,"modalCommits":7,"modalSerial":223,"modalColor":4294902015,"modalSize":[96,64]}
{"event":"modal-configured","sequence":330,"controlSequence":90,"rootCommits":23,"childCommits":33,"serial":222,"width":320,"height":240,"monotonicNs":226030925100383,"modalSerial":223,"modalCommits":7}
{"event":"buffer-release","sequence":331,"controlSequence":90,"rootCommits":23,"childCommits":33,"serial":222,"width":320,"height":240,"monotonicNs":226030925527157}
{"event":"modal-configured","sequence":332,"controlSequence":90,"rootCommits":23,"childCommits":33,"serial":222,"width":320,"height":240,"monotonicNs":226030925549007,"modalSerial":224,"modalCommits":7}
{"event":"modal-destroyed","sequence":333,"controlSequence":91,"rootCommits":23,"childCommits":33,"serial":222,"width":320,"height":240,"monotonicNs":226030976814334}
{"event":"request","sequence":334,"controlSequence":91,"rootCommits":23,"childCommits":33,"serial":222,"width":320,"height":240,"monotonicNs":226030976825178,"command":"modal-destroy"}
{"event":"server-barrier","sequence":335,"controlSequence":91,"rootCommits":23,"childCommits":33,"serial":222,"width":320,"height":240,"monotonicNs":226030977204566,"command":"modal-destroy","barrierControl":91}
{"event":"ack-configure","sequence":336,"controlSequence":91,"rootCommits":23,"childCommits":33,"serial":228,"width":320,"height":240,"monotonicNs":226030977208046}
{"event":"request","sequence":337,"controlSequence":92,"rootCommits":23,"childCommits":33,"serial":228,"width":320,"height":240,"monotonicNs":226031027356366,"command":"modal-create"}
{"event":"server-barrier","sequence":338,"controlSequence":92,"rootCommits":23,"childCommits":33,"serial":228,"width":320,"height":240,"monotonicNs":226031027521002,"command":"modal-create","barrierControl":92}
{"event":"buffercommit","sequence":339,"controlSequence":92,"rootCommits":23,"childCommits":33,"serial":228,"width":320,"height":240,"monotonicNs":226031027569626}
{"event":"modal-buffercommit","sequence":340,"controlSequence":92,"rootCommits":23,"childCommits":33,"serial":228,"width":320,"height":240,"monotonicNs":226031027573307,"modalCommits":9,"modalSerial":229,"modalColor":4294902015,"modalSize":[96,64]}
{"event":"modal-configured","sequence":341,"controlSequence":92,"rootCommits":23,"childCommits":33,"serial":228,"width":320,"height":240,"monotonicNs":226031027575494,"modalSerial":229,"modalCommits":9}
{"event":"buffer-release","sequence":342,"controlSequence":92,"rootCommits":23,"childCommits":33,"serial":228,"width":320,"height":240,"monotonicNs":226031028031251}
{"event":"modal-configured","sequence":343,"controlSequence":92,"rootCommits":23,"childCommits":33,"serial":228,"width":320,"height":240,"monotonicNs":226031028049635,"modalSerial":230,"modalCommits":9}
{"event":"request","sequence":344,"controlSequence":93,"rootCommits":23,"childCommits":33,"serial":228,"width":320,"height":240,"monotonicNs":226031054104320,"command":"modal-unset"}
{"event":"server-barrier","sequence":345,"controlSequence":93,"rootCommits":23,"childCommits":33,"serial":228,"width":320,"height":240,"monotonicNs":226031054166973,"command":"modal-unset","barrierControl":93}
{"event":"request","sequence":346,"controlSequence":94,"rootCommits":23,"childCommits":33,"serial":228,"width":320,"height":240,"monotonicNs":226031104325146,"command":"modal-set"}
{"event":"server-barrier","sequence":347,"controlSequence":94,"rootCommits":23,"childCommits":33,"serial":228,"width":320,"height":240,"monotonicNs":226031104429644,"command":"modal-set","barrierControl":94}
{"event":"modal-destroyed","sequence":348,"controlSequence":95,"rootCommits":23,"childCommits":33,"serial":228,"width":320,"height":240,"monotonicNs":226031154671205}
{"event":"request","sequence":349,"controlSequence":95,"rootCommits":23,"childCommits":33,"serial":228,"width":320,"height":240,"monotonicNs":226031154682805,"command":"modal-destroy"}
{"event":"server-barrier","sequence":350,"controlSequence":95,"rootCommits":23,"childCommits":33,"serial":228,"width":320,"height":240,"monotonicNs":226031155085008,"command":"modal-destroy","barrierControl":95}
{"event":"ack-configure","sequence":351,"controlSequence":95,"rootCommits":23,"childCommits":33,"serial":234,"width":320,"height":240,"monotonicNs":226031155093359}
{"event":"request","sequence":352,"controlSequence":96,"rootCommits":23,"childCommits":33,"serial":234,"width":320,"height":240,"monotonicNs":226031205380214,"command":"modal-create"}
{"event":"server-barrier","sequence":353,"controlSequence":96,"rootCommits":23,"childCommits":33,"serial":234,"width":320,"height":240,"monotonicNs":226031205566285,"command":"modal-create","barrierControl":96}
{"event":"buffercommit","sequence":354,"controlSequence":96,"rootCommits":23,"childCommits":33,"serial":234,"width":320,"height":240,"monotonicNs":226031205615873}
{"event":"modal-buffercommit","sequence":355,"controlSequence":96,"rootCommits":23,"childCommits":33,"serial":234,"width":320,"height":240,"monotonicNs":226031205619162,"modalCommits":11,"modalSerial":235,"modalColor":4294902015,"modalSize":[96,64]}
{"event":"modal-configured","sequence":356,"controlSequence":96,"rootCommits":23,"childCommits":33,"serial":234,"width":320,"height":240,"monotonicNs":226031205620793,"modalSerial":235,"modalCommits":11}
{"event":"buffer-release","sequence":357,"controlSequence":96,"rootCommits":23,"childCommits":33,"serial":234,"width":320,"height":240,"monotonicNs":226031206050270}
{"event":"modal-configured","sequence":358,"controlSequence":96,"rootCommits":23,"childCommits":33,"serial":234,"width":320,"height":240,"monotonicNs":226031206068270,"modalSerial":236,"modalCommits":11}
{"event":"request","sequence":359,"controlSequence":97,"rootCommits":23,"childCommits":33,"serial":234,"width":320,"height":240,"monotonicNs":226031231913173,"command":"modal-unparent"}
{"event":"server-barrier","sequence":360,"controlSequence":97,"rootCommits":23,"childCommits":33,"serial":234,"width":320,"height":240,"monotonicNs":226031232070119,"command":"modal-unparent","barrierControl":97}
{"event":"request","sequence":361,"controlSequence":98,"rootCommits":23,"childCommits":33,"serial":234,"width":320,"height":240,"monotonicNs":226031282177941,"command":"modal-reparent"}
{"event":"server-barrier","sequence":362,"controlSequence":98,"rootCommits":23,"childCommits":33,"serial":234,"width":320,"height":240,"monotonicNs":226031282268875,"command":"modal-reparent","barrierControl":98}
{"event":"modal-destroyed","sequence":363,"controlSequence":99,"rootCommits":23,"childCommits":33,"serial":234,"width":320,"height":240,"monotonicNs":226031332421488}
{"event":"request","sequence":364,"controlSequence":99,"rootCommits":23,"childCommits":33,"serial":234,"width":320,"height":240,"monotonicNs":226031332433115,"command":"modal-destroy"}
{"event":"server-barrier","sequence":365,"controlSequence":99,"rootCommits":23,"childCommits":33,"serial":234,"width":320,"height":240,"monotonicNs":226031332867812,"command":"modal-destroy","barrierControl":99}
{"event":"ack-configure","sequence":366,"controlSequence":99,"rootCommits":23,"childCommits":33,"serial":240,"width":320,"height":240,"monotonicNs":226031332875237}
{"event":"request","sequence":367,"controlSequence":100,"rootCommits":23,"childCommits":33,"serial":240,"width":320,"height":240,"monotonicNs":226031383127078,"command":"modal-create"}
{"event":"server-barrier","sequence":368,"controlSequence":100,"rootCommits":23,"childCommits":33,"serial":240,"width":320,"height":240,"monotonicNs":226031383308622,"command":"modal-create","barrierControl":100}
{"event":"buffercommit","sequence":369,"controlSequence":100,"rootCommits":23,"childCommits":33,"serial":240,"width":320,"height":240,"monotonicNs":226031383359605}
{"event":"modal-buffercommit","sequence":370,"controlSequence":100,"rootCommits":23,"childCommits":33,"serial":240,"width":320,"height":240,"monotonicNs":226031383362943,"modalCommits":13,"modalSerial":241,"modalColor":4294902015,"modalSize":[96,64]}
{"event":"modal-configured","sequence":371,"controlSequence":100,"rootCommits":23,"childCommits":33,"serial":240,"width":320,"height":240,"monotonicNs":226031383367386,"modalSerial":241,"modalCommits":13}
{"event":"buffer-release","sequence":372,"controlSequence":100,"rootCommits":23,"childCommits":33,"serial":240,"width":320,"height":240,"monotonicNs":226031383793122}
{"event":"modal-configured","sequence":373,"controlSequence":100,"rootCommits":23,"childCommits":33,"serial":240,"width":320,"height":240,"monotonicNs":226031383811107,"modalSerial":242,"modalCommits":13}
{"event":"buffercommit","sequence":374,"controlSequence":101,"rootCommits":23,"childCommits":33,"serial":240,"width":320,"height":240,"monotonicNs":226031434736119}
{"event":"modal-buffercommit","sequence":375,"controlSequence":101,"rootCommits":23,"childCommits":33,"serial":240,"width":320,"height":240,"monotonicNs":226031434750528,"modalCommits":14,"modalSerial":242,"modalColor":4294967040,"modalSize":[96,64]}
{"event":"request","sequence":376,"controlSequence":101,"rootCommits":23,"childCommits":33,"serial":240,"width":320,"height":240,"monotonicNs":226031434753305,"command":"modal-yellow"}
{"event":"buffer-release","sequence":377,"controlSequence":101,"rootCommits":23,"childCommits":33,"serial":240,"width":320,"height":240,"monotonicNs":226031434989581}
{"event":"server-barrier","sequence":378,"controlSequence":101,"rootCommits":23,"childCommits":33,"serial":240,"width":320,"height":240,"monotonicNs":226031435007813,"command":"modal-yellow","barrierControl":101}
{"event":"modal-destroyed","sequence":379,"controlSequence":102,"rootCommits":23,"childCommits":33,"serial":240,"width":320,"height":240,"monotonicNs":226031460887607}
{"event":"request","sequence":380,"controlSequence":102,"rootCommits":23,"childCommits":33,"serial":240,"width":320,"height":240,"monotonicNs":226031460897212,"command":"modal-destroy"}
{"event":"server-barrier","sequence":381,"controlSequence":102,"rootCommits":23,"childCommits":33,"serial":240,"width":320,"height":240,"monotonicNs":226031461288806,"command":"modal-destroy","barrierControl":102}
{"event":"ack-configure","sequence":382,"controlSequence":102,"rootCommits":23,"childCommits":33,"serial":246,"width":320,"height":240,"monotonicNs":226031461300414}
{"event":"request","sequence":383,"controlSequence":103,"rootCommits":23,"childCommits":33,"serial":246,"width":320,"height":240,"monotonicNs":226031511464050,"command":"modal-create"}
{"event":"server-barrier","sequence":384,"controlSequence":103,"rootCommits":23,"childCommits":33,"serial":246,"width":320,"height":240,"monotonicNs":226031511672243,"command":"modal-create","barrierControl":103}
{"event":"buffercommit","sequence":385,"controlSequence":103,"rootCommits":23,"childCommits":33,"serial":246,"width":320,"height":240,"monotonicNs":226031511722779}
{"event":"modal-buffercommit","sequence":386,"controlSequence":103,"rootCommits":23,"childCommits":33,"serial":246,"width":320,"height":240,"monotonicNs":226031511726213,"modalCommits":16,"modalSerial":247,"modalColor":4294902015,"modalSize":[96,64]}
{"event":"modal-configured","sequence":387,"controlSequence":103,"rootCommits":23,"childCommits":33,"serial":246,"width":320,"height":240,"monotonicNs":226031511727807,"modalSerial":247,"modalCommits":16}
{"event":"buffer-release","sequence":388,"controlSequence":103,"rootCommits":23,"childCommits":33,"serial":246,"width":320,"height":240,"monotonicNs":226031512182557}
{"event":"modal-configured","sequence":389,"controlSequence":103,"rootCommits":23,"childCommits":33,"serial":246,"width":320,"height":240,"monotonicNs":226031512201124,"modalSerial":248,"modalCommits":16}
{"event":"modal-destroyed","sequence":390,"controlSequence":104,"rootCommits":23,"childCommits":33,"serial":246,"width":320,"height":240,"monotonicNs":226031563178113}
{"event":"request","sequence":391,"controlSequence":104,"rootCommits":23,"childCommits":33,"serial":246,"width":320,"height":240,"monotonicNs":226031563190493,"command":"modal-destroy"}
{"event":"server-barrier","sequence":392,"controlSequence":104,"rootCommits":23,"childCommits":33,"serial":246,"width":320,"height":240,"monotonicNs":226031563709962,"command":"modal-destroy","barrierControl":104}
{"event":"ack-configure","sequence":393,"controlSequence":104,"rootCommits":23,"childCommits":33,"serial":252,"width":320,"height":240,"monotonicNs":226031563722637}
{"event":"request","sequence":394,"controlSequence":105,"rootCommits":23,"childCommits":33,"serial":252,"width":320,"height":240,"monotonicNs":226031588803679,"command":"modal-create"}
{"event":"server-barrier","sequence":395,"controlSequence":105,"rootCommits":23,"childCommits":33,"serial":252,"width":320,"height":240,"monotonicNs":226031589025170,"command":"modal-create","barrierControl":105}
{"event":"buffercommit","sequence":396,"controlSequence":105,"rootCommits":23,"childCommits":33,"serial":252,"width":320,"height":240,"monotonicNs":226031589077350}
{"event":"modal-buffercommit","sequence":397,"controlSequence":105,"rootCommits":23,"childCommits":33,"serial":252,"width":320,"height":240,"monotonicNs":226031589080625,"modalCommits":18,"modalSerial":253,"modalColor":4294902015,"modalSize":[96,64]}
{"event":"modal-configured","sequence":398,"controlSequence":105,"rootCommits":23,"childCommits":33,"serial":252,"width":320,"height":240,"monotonicNs":226031589082285,"modalSerial":253,"modalCommits":18}
{"event":"buffer-release","sequence":399,"controlSequence":105,"rootCommits":23,"childCommits":33,"serial":252,"width":320,"height":240,"monotonicNs":226031589472286}
{"event":"modal-configured","sequence":400,"controlSequence":105,"rootCommits":23,"childCommits":33,"serial":252,"width":320,"height":240,"monotonicNs":226031589588931,"modalSerial":254,"modalCommits":18}
{"event":"modal-destroyed","sequence":401,"controlSequence":106,"rootCommits":23,"childCommits":33,"serial":252,"width":320,"height":240,"monotonicNs":226031640237187}
{"event":"request","sequence":402,"controlSequence":106,"rootCommits":23,"childCommits":33,"serial":252,"width":320,"height":240,"monotonicNs":226031640249654,"command":"modal-destroy"}
{"event":"server-barrier","sequence":403,"controlSequence":106,"rootCommits":23,"childCommits":33,"serial":252,"width":320,"height":240,"monotonicNs":226031640708696,"command":"modal-destroy","barrierControl":106}
{"event":"ack-configure","sequence":404,"controlSequence":106,"rootCommits":23,"childCommits":33,"serial":258,"width":320,"height":240,"monotonicNs":226031640719547}
{"event":"request","sequence":405,"controlSequence":107,"rootCommits":23,"childCommits":33,"serial":258,"width":320,"height":240,"monotonicNs":226031741242269,"command":"modal-create"}
{"event":"server-barrier","sequence":406,"controlSequence":107,"rootCommits":23,"childCommits":33,"serial":258,"width":320,"height":240,"monotonicNs":226031741430216,"command":"modal-create","barrierControl":107}
{"event":"buffercommit","sequence":407,"controlSequence":107,"rootCommits":23,"childCommits":33,"serial":258,"width":320,"height":240,"monotonicNs":226031741477150}
{"event":"modal-buffercommit","sequence":408,"controlSequence":107,"rootCommits":23,"childCommits":33,"serial":258,"width":320,"height":240,"monotonicNs":226031741480825,"modalCommits":20,"modalSerial":259,"modalColor":4294902015,"modalSize":[96,64]}
{"event":"modal-configured","sequence":409,"controlSequence":107,"rootCommits":23,"childCommits":33,"serial":258,"width":320,"height":240,"monotonicNs":226031741482957,"modalSerial":259,"modalCommits":20}
{"event":"buffer-release","sequence":410,"controlSequence":107,"rootCommits":23,"childCommits":33,"serial":258,"width":320,"height":240,"monotonicNs":226031741967415}
{"event":"modal-configured","sequence":411,"controlSequence":107,"rootCommits":23,"childCommits":33,"serial":258,"width":320,"height":240,"monotonicNs":226031741988318,"modalSerial":260,"modalCommits":20}
{"event":"buffercommit","sequence":412,"controlSequence":108,"rootCommits":23,"childCommits":33,"serial":258,"width":320,"height":240,"monotonicNs":226031843284099}
{"event":"modal-buffercommit","sequence":413,"controlSequence":108,"rootCommits":23,"childCommits":33,"serial":258,"width":320,"height":240,"monotonicNs":226031843298971,"modalCommits":21,"modalSerial":260,"modalColor":4294967040,"modalSize":[96,64]}
{"event":"request","sequence":414,"controlSequence":108,"rootCommits":23,"childCommits":33,"serial":258,"width":320,"height":240,"monotonicNs":226031843307459,"command":"modal-yellow"}
{"event":"buffer-release","sequence":415,"controlSequence":108,"rootCommits":23,"childCommits":33,"serial":258,"width":320,"height":240,"monotonicNs":226031843592411}
{"event":"server-barrier","sequence":416,"controlSequence":108,"rootCommits":23,"childCommits":33,"serial":258,"width":320,"height":240,"monotonicNs":226031843605629,"command":"modal-yellow","barrierControl":108}
{"event":"request","sequence":417,"controlSequence":109,"rootCommits":23,"childCommits":33,"serial":258,"width":320,"height":240,"monotonicNs":226031944675749,"command":"popup-create"}
{"event":"server-barrier","sequence":418,"controlSequence":109,"rootCommits":23,"childCommits":33,"serial":258,"width":320,"height":240,"monotonicNs":226031944881584,"command":"popup-create","barrierControl":109}
{"event":"buffercommit","sequence":419,"controlSequence":109,"rootCommits":23,"childCommits":33,"serial":258,"width":320,"height":240,"monotonicNs":226031944914536}
{"event":"popup-buffercommit","sequence":420,"controlSequence":109,"rootCommits":23,"childCommits":33,"serial":258,"width":320,"height":240,"monotonicNs":226031944917609,"popupCommits":19,"popupSerial":262,"popupColor":4278255615}
{"event":"popup-configured","sequence":421,"controlSequence":109,"rootCommits":23,"childCommits":33,"serial":258,"width":320,"height":240,"monotonicNs":226031944919270,"popupSerial":262,"popupCommits":19,"popupGeometry":[291,211,64,48]}
{"event":"buffer-release","sequence":422,"controlSequence":109,"rootCommits":23,"childCommits":33,"serial":258,"width":320,"height":240,"monotonicNs":226031945320785}
{"event":"popup-destroyed","sequence":423,"controlSequence":110,"rootCommits":23,"childCommits":33,"serial":258,"width":320,"height":240,"monotonicNs":226032028266687}
{"event":"request","sequence":424,"controlSequence":110,"rootCommits":23,"childCommits":33,"serial":258,"width":320,"height":240,"monotonicNs":226032028277802,"command":"popup-destroy"}
{"event":"server-barrier","sequence":425,"controlSequence":110,"rootCommits":23,"childCommits":33,"serial":258,"width":320,"height":240,"monotonicNs":226032028844090,"command":"popup-destroy","barrierControl":110}
{"event":"request","sequence":426,"controlSequence":111,"rootCommits":23,"childCommits":33,"serial":258,"width":320,"height":240,"monotonicNs":226032079153866,"command":"modal-unparent"}
{"event":"server-barrier","sequence":427,"controlSequence":111,"rootCommits":23,"childCommits":33,"serial":258,"width":320,"height":240,"monotonicNs":226032079244460,"command":"modal-unparent","barrierControl":111}
{"event":"request","sequence":428,"controlSequence":112,"rootCommits":23,"childCommits":33,"serial":258,"width":320,"height":240,"monotonicNs":226032179818986,"command":"modal-reparent"}
{"event":"server-barrier","sequence":429,"controlSequence":112,"rootCommits":23,"childCommits":33,"serial":258,"width":320,"height":240,"monotonicNs":226032179933396,"command":"modal-reparent","barrierControl":112}
{"event":"modal-destroyed","sequence":430,"controlSequence":113,"rootCommits":23,"childCommits":33,"serial":258,"width":320,"height":240,"monotonicNs":226032280664514}
{"event":"request","sequence":431,"controlSequence":113,"rootCommits":23,"childCommits":33,"serial":258,"width":320,"height":240,"monotonicNs":226032280676119,"command":"modal-destroy"}
{"event":"server-barrier","sequence":432,"controlSequence":113,"rootCommits":23,"childCommits":33,"serial":258,"width":320,"height":240,"monotonicNs":226032281099193,"command":"modal-destroy","barrierControl":113}
{"event":"ack-configure","sequence":433,"controlSequence":113,"rootCommits":23,"childCommits":33,"serial":265,"width":320,"height":240,"monotonicNs":226032281106785}
{"event":"request","sequence":434,"controlSequence":114,"rootCommits":23,"childCommits":33,"serial":265,"width":320,"height":240,"monotonicNs":226032381791085,"command":"modal-create"}
{"event":"server-barrier","sequence":435,"controlSequence":114,"rootCommits":23,"childCommits":33,"serial":265,"width":320,"height":240,"monotonicNs":226032382026136,"command":"modal-create","barrierControl":114}
{"event":"buffercommit","sequence":436,"controlSequence":114,"rootCommits":23,"childCommits":33,"serial":265,"width":320,"height":240,"monotonicNs":226032382065834}
{"event":"modal-buffercommit","sequence":437,"controlSequence":114,"rootCommits":23,"childCommits":33,"serial":265,"width":320,"height":240,"monotonicNs":226032382069474,"modalCommits":23,"modalSerial":266,"modalColor":4294902015,"modalSize":[96,64]}
{"event":"modal-configured","sequence":438,"controlSequence":114,"rootCommits":23,"childCommits":33,"serial":265,"width":320,"height":240,"monotonicNs":226032382071719,"modalSerial":266,"modalCommits":23}
{"event":"buffer-release","sequence":439,"controlSequence":114,"rootCommits":23,"childCommits":33,"serial":265,"width":320,"height":240,"monotonicNs":226032382556166}
{"event":"modal-configured","sequence":440,"controlSequence":114,"rootCommits":23,"childCommits":33,"serial":265,"width":320,"height":240,"monotonicNs":226032382574674,"modalSerial":267,"modalCommits":23}
{"event":"buffercommit","sequence":441,"controlSequence":115,"rootCommits":23,"childCommits":33,"serial":265,"width":320,"height":240,"monotonicNs":226032433583182}
{"event":"modal-buffercommit","sequence":442,"controlSequence":115,"rootCommits":23,"childCommits":33,"serial":265,"width":320,"height":240,"monotonicNs":226032433594130,"modalCommits":24,"modalSerial":267,"modalColor":4294967040,"modalSize":[96,64]}
{"event":"request","sequence":443,"controlSequence":115,"rootCommits":23,"childCommits":33,"serial":265,"width":320,"height":240,"monotonicNs":226032433596629,"command":"modal-yellow"}
{"event":"buffer-release","sequence":444,"controlSequence":115,"rootCommits":23,"childCommits":33,"serial":265,"width":320,"height":240,"monotonicNs":226032433835113}
{"event":"server-barrier","sequence":445,"controlSequence":115,"rootCommits":23,"childCommits":33,"serial":265,"width":320,"height":240,"monotonicNs":226032433850330,"command":"modal-yellow","barrierControl":115}
{"event":"request","sequence":446,"controlSequence":116,"rootCommits":23,"childCommits":33,"serial":265,"width":320,"height":240,"monotonicNs":226032484838131,"command":"popup-create"}
{"event":"server-barrier","sequence":447,"controlSequence":116,"rootCommits":23,"childCommits":33,"serial":265,"width":320,"height":240,"monotonicNs":226032485037626,"command":"popup-create","barrierControl":116}
{"event":"buffercommit","sequence":448,"controlSequence":116,"rootCommits":23,"childCommits":33,"serial":265,"width":320,"height":240,"monotonicNs":226032485078084}
{"event":"popup-buffercommit","sequence":449,"controlSequence":116,"rootCommits":23,"childCommits":33,"serial":265,"width":320,"height":240,"monotonicNs":226032485081176,"popupCommits":21,"popupSerial":269,"popupColor":4278255615}
{"event":"popup-configured","sequence":450,"controlSequence":116,"rootCommits":23,"childCommits":33,"serial":265,"width":320,"height":240,"monotonicNs":226032485082889,"popupSerial":269,"popupCommits":21,"popupGeometry":[291,211,64,48]}
{"event":"buffer-release","sequence":451,"controlSequence":116,"rootCommits":23,"childCommits":33,"serial":265,"width":320,"height":240,"monotonicNs":226032485335773}
{"event":"popup-destroyed","sequence":452,"controlSequence":117,"rootCommits":23,"childCommits":33,"serial":265,"width":320,"height":240,"monotonicNs":226032536464111}
{"event":"request","sequence":453,"controlSequence":117,"rootCommits":23,"childCommits":33,"serial":265,"width":320,"height":240,"monotonicNs":226032536474010,"command":"popup-destroy"}
{"event":"server-barrier","sequence":454,"controlSequence":117,"rootCommits":23,"childCommits":33,"serial":265,"width":320,"height":240,"monotonicNs":226032536625907,"command":"popup-destroy","barrierControl":117}
{"event":"modal-destroyed","sequence":455,"controlSequence":118,"rootCommits":23,"childCommits":33,"serial":265,"width":320,"height":240,"monotonicNs":226032637270390}
{"event":"request","sequence":456,"controlSequence":118,"rootCommits":23,"childCommits":33,"serial":265,"width":320,"height":240,"monotonicNs":226032637286968,"command":"modal-destroy"}
{"event":"server-barrier","sequence":457,"controlSequence":118,"rootCommits":23,"childCommits":33,"serial":265,"width":320,"height":240,"monotonicNs":226032637734001,"command":"modal-destroy","barrierControl":118}
{"event":"ack-configure","sequence":458,"controlSequence":118,"rootCommits":23,"childCommits":33,"serial":272,"width":320,"height":240,"monotonicNs":226032637752833}
{"event":"ack-configure","sequence":459,"controlSequence":118,"rootCommits":23,"childCommits":33,"serial":274,"width":320,"height":240,"monotonicNs":226032675668746}
{"event":"ack-configure","sequence":460,"controlSequence":118,"rootCommits":23,"childCommits":33,"serial":275,"width":320,"height":240,"monotonicNs":226032684183599}
{"event":"ack-configure","sequence":461,"controlSequence":118,"rootCommits":23,"childCommits":33,"serial":280,"width":320,"height":240,"monotonicNs":226032751170964}
{"event":"request","sequence":462,"controlSequence":119,"rootCommits":23,"childCommits":33,"serial":280,"width":320,"height":240,"monotonicNs":226032776263833,"command":"quit"}
{"event":"normalexit","sequence":463,"controlSequence":119,"rootCommits":23,"childCommits":33,"serial":280,"width":320,"height":240,"monotonicNs":226032776287294}
