[00:13:45.982820] {Default Queue}  -> wl_display#1.get_registry(new id wl_registry#2)
[00:13:45.982882] {Default Queue}  -> wl_display#1.sync(new id wl_callback#3)
[00:13:45.983549] {Display Queue} wl_display#1.delete_id(3)
[00:13:45.983582] {Default Queue} wl_registry#2.global(1, "wl_seat", 9)
[00:13:45.983601] {Default Queue} wl_registry#2.global(2, "wl_data_device_manager", 3)
[00:13:45.983616] {Default Queue}  -> wl_registry#2.bind(2, "wl_data_device_manager", 3, new id [unknown]#4)
[00:13:45.983630] {Default Queue} wl_registry#2.global(3, "wl_compositor", 6)
[00:13:45.983638] {Default Queue}  -> wl_registry#2.bind(3, "wl_compositor", 3, new id [unknown]#5)
[00:13:45.983648] {Default Queue} wl_registry#2.global(4, "wl_subcompositor", 1)
[00:13:45.983656] {Default Queue}  -> wl_registry#2.bind(4, "wl_subcompositor", 1, new id [unknown]#6)
[00:13:45.983665] {Default Queue} wl_registry#2.global(5, "wl_shm", 2)
[00:13:45.983672] {Default Queue}  -> wl_registry#2.bind(5, "wl_shm", 1, new id [unknown]#7)
[00:13:45.983682] {Default Queue} wl_registry#2.global(6, "wp_viewporter", 1)
[00:13:45.983691] {Default Queue} wl_registry#2.global(7, "wp_tearing_control_manager_v1", 1)
[00:13:45.983700] {Default Queue} wl_registry#2.global(8, "wp_fractional_scale_manager_v1", 1)
[00:13:45.983711] {Default Queue} wl_registry#2.global(9, "zxdg_output_manager_v1", 3)
[00:13:45.983719] {Default Queue}  -> wl_registry#2.bind(9, "zxdg_output_manager_v1", 3, new id [unknown]#8)
[00:13:45.983731] {Default Queue}  -> wl_display#1.sync(new id wl_callback#9)
[00:13:45.983739] {Default Queue} wl_registry#2.global(10, "wp_cursor_shape_manager_v1", 2)
[00:13:45.983747] {Default Queue}  -> wl_registry#2.bind(10, "wp_cursor_shape_manager_v1", 1, new id [unknown]#10)
[00:13:45.983755] {Default Queue} wl_registry#2.global(11, "zwp_idle_inhibit_manager_v1", 1)
[00:13:45.983763] {Default Queue} wl_registry#2.global(12, "zwp_relative_pointer_manager_v1", 1)
[00:13:45.983772] {Default Queue} wl_registry#2.global(13, "zxdg_decoration_manager_v1", 2)
[00:13:45.983781] {Default Queue} wl_registry#2.global(14, "wp_alpha_modifier_v1", 1)
[00:13:45.983789] {Default Queue} wl_registry#2.global(15, "zwlr_gamma_control_manager_v1", 1)
[00:13:45.983798] {Default Queue} wl_registry#2.global(16, "ext_foreign_toplevel_list_v1", 1)
[00:13:45.983813] {Default Queue} wl_registry#2.global(17, "zwp_pointer_gestures_v1", 3)
[00:13:45.983823] {Default Queue}  -> wl_registry#2.bind(17, "zwp_pointer_gestures_v1", 1, new id [unknown]#11)
[00:13:45.983832] {Default Queue} wl_registry#2.global(18, "zwlr_foreign_toplevel_manager_v1", 3)
[00:13:45.983840] {Default Queue} wl_registry#2.global(19, "zwp_keyboard_shortcuts_inhibit_manager_v1", 1)
[00:13:45.983849] {Default Queue}  -> wl_registry#2.bind(19, "zwp_keyboard_shortcuts_inhibit_manager_v1", 1, new id [unknown]#12)
[00:13:45.983863] {Default Queue} wl_registry#2.global(20, "zwp_text_input_manager_v1", 1)
[00:13:45.983871] {Default Queue} wl_registry#2.global(21, "zwp_text_input_manager_v3", 1)
[00:13:45.983880] {Default Queue} wl_registry#2.global(22, "zwp_pointer_constraints_v1", 1)
[00:13:45.983888] {Default Queue} wl_registry#2.global(23, "zwlr_output_power_manager_v1", 1)
[00:13:45.983897] {Default Queue} wl_registry#2.global(24, "xdg_activation_v1", 1)
[00:13:45.983904] {Default Queue}  -> wl_registry#2.bind(24, "xdg_activation_v1", 1, new id [unknown]#13)
[00:13:45.983914] {Default Queue} wl_registry#2.global(25, "ext_idle_notifier_v1", 2)
[00:13:45.983923] {Default Queue} wl_registry#2.global(26, "hyprland_lock_notifier_v1", 1)
[00:13:45.983930] {Default Queue} wl_registry#2.global(27, "ext_session_lock_manager_v1", 1)
[00:13:45.983939] {Default Queue} wl_registry#2.global(28, "zwp_input_method_manager_v2", 1)
[00:13:45.983947] {Default Queue} wl_registry#2.global(29, "zwp_virtual_keyboard_manager_v1", 1)
[00:13:45.983956] {Default Queue} wl_registry#2.global(30, "zwlr_virtual_pointer_manager_v1", 2)
[00:13:45.983964] {Default Queue} wl_registry#2.global(31, "zwlr_output_manager_v1", 4)
[00:13:45.983975] {Default Queue} wl_registry#2.global(32, "org_kde_kwin_server_decoration_manager", 1)
[00:13:45.984003] {Default Queue}  -> wl_registry#2.bind(32, "org_kde_kwin_server_decoration_manager", 1, new id [unknown]#14)
[00:13:45.984027] {Default Queue} wl_registry#2.global(33, "hyprland_focus_grab_manager_v1", 1)
[00:13:45.984036] {Default Queue} wl_registry#2.global(34, "zwp_tablet_manager_v2", 1)
[00:13:45.984043] {Default Queue}  -> wl_registry#2.bind(34, "zwp_tablet_manager_v2", 1, new id [unknown]#15)
[00:13:45.984051] {Default Queue} wl_registry#2.global(35, "zwlr_layer_shell_v1", 5)
[00:13:45.984059] {Default Queue} wl_registry#2.global(36, "wp_presentation", 2)
[00:13:45.984067] {Default Queue} wl_registry#2.global(37, "xdg_wm_base", 7)
[00:13:45.984075] {Default Queue} wl_registry#2.global(38, "zwlr_data_control_manager_v1", 2)
[00:13:45.984083] {Default Queue} wl_registry#2.global(39, "zwp_primary_selection_device_manager_v1", 1)
[00:13:45.984091] {Default Queue}  -> wl_registry#2.bind(39, "zwp_primary_selection_device_manager_v1", 1, new id [unknown]#16)
[00:13:45.984099] {Default Queue} wl_registry#2.global(40, "xwayland_shell_v1", 1)
[00:13:45.984108] {Default Queue} wl_registry#2.global(41, "hyprland_toplevel_mapping_manager_v1", 1)
[00:13:45.984116] {Default Queue} wl_registry#2.global(42, "hyprland_global_shortcuts_manager_v1", 1)
[00:13:45.984127] {Default Queue} wl_registry#2.global(43, "xdg_wm_dialog_v1", 1)
[00:13:45.984136] {Default Queue} wl_registry#2.global(44, "wp_single_pixel_buffer_manager_v1", 1)
[00:13:45.984143] {Default Queue} wl_registry#2.global(45, "wp_security_context_manager_v1", 1)
[00:13:45.984151] {Default Queue} wl_registry#2.global(46, "hyprland_ctm_control_manager_v1", 2)
[00:13:45.984159] {Default Queue} wl_registry#2.global(47, "hyprland_input_capture_manager_v1", 1)
[00:13:45.984166] {Default Queue} wl_registry#2.global(48, "hyprland_surface_manager_v1", 2)
[00:13:45.984174] {Default Queue} wl_registry#2.global(49, "wp_content_type_manager_v1", 1)
[00:13:45.984182] {Default Queue} wl_registry#2.global(50, "xdg_toplevel_tag_manager_v1", 1)
[00:13:45.984190] {Default Queue} wl_registry#2.global(51, "xdg_system_bell_v1", 1)
[00:13:45.984198] {Default Queue} wl_registry#2.global(52, "vicinae_hotkey_manager_v1", 1)
[00:13:45.984206] {Default Queue} wl_registry#2.global(53, "ext_workspace_manager_v1", 1)
[00:13:45.984213] {Default Queue} wl_registry#2.global(54, "ext_data_control_manager_v1", 1)
[00:13:45.984220] {Default Queue} wl_registry#2.global(55, "wp_pointer_warp_v1", 1)
[00:13:45.984228] {Default Queue} wl_registry#2.global(56, "wp_fifo_manager_v1", 1)
[00:13:45.984236] {Default Queue} wl_registry#2.global(57, "zxdg_exporter_v2", 1)
[00:13:45.984244] {Default Queue}  -> wl_registry#2.bind(57, "zxdg_exporter_v2", 1, new id [unknown]#17)
[00:13:45.984263] {Default Queue} wl_registry#2.global(58, "zxdg_importer_v2", 1)
[00:13:45.984272] {Default Queue}  -> wl_registry#2.bind(58, "zxdg_importer_v2", 1, new id [unknown]#18)
[00:13:45.984280] {Default Queue} wl_registry#2.global(59, "ext_background_effect_manager_v1", 1)
[00:13:45.984287] {Default Queue} wl_registry#2.global(60, "wp_commit_timing_manager_v1", 1)
[00:13:45.984296] {Default Queue} wl_registry#2.global(61, "zwlr_screencopy_manager_v1", 3)
[00:13:45.984307] {Default Queue} wl_registry#2.global(62, "hyprland_toplevel_export_manager_v1", 2)
[00:13:45.984326] {Default Queue} wl_registry#2.global(63, "ext_output_image_capture_source_manager_v1", 1)
[00:13:45.984335] {Default Queue} wl_registry#2.global(64, "ext_foreign_toplevel_image_capture_source_manager_v1", 1)
[00:13:45.984342] {Default Queue} wl_registry#2.global(65, "ext_image_copy_capture_manager_v1", 1)
[00:13:45.984350] {Default Queue} wl_registry#2.global(66, "wp_color_manager_v1", 3)
[00:13:45.984357] {Default Queue} wl_registry#2.global(67, "wl_drm", 2)
[00:13:45.984365] {Default Queue} wl_registry#2.global(68, "zwp_linux_dmabuf_v1", 5)
[00:13:45.984373] {Default Queue} wl_registry#2.global(69, "wl_output", 4)
[00:13:45.984380] {Default Queue}  -> wl_registry#2.bind(69, "wl_output", 2, new id [unknown]#19)
[00:13:45.984483] {Default Queue}  -> zxdg_output_manager_v1#8.get_xdg_output(new id zxdg_output_v1#20, wl_output#19)
[00:13:45.984503] {Default Queue}  -> wl_display#1.sync(new id wl_callback#21)
[00:13:45.984512] {Default Queue} wl_callback#3.done(13)
[00:13:45.984602] {Default Queue}  -> wl_shm#7.create_pool(new id wl_shm_pool#3, fd 10, 2304)
[00:13:45.984811] {Default Queue}  -> wl_shm_pool#3.resize(6912)
[00:13:45.984939] {Default Queue}  -> wl_shm_pool#3.resize(16128)
[00:13:45.985151] {Default Queue}  -> wl_shm_pool#3.resize(34560)
[00:13:45.985536] {Default Queue}  -> wl_shm_pool#3.resize(71424)
[00:13:45.986262] {Default Queue}  -> wl_shm_pool#3.resize(145152)
[00:13:45.988933] {Default Queue}  -> wl_shm_pool#3.resize(292608)
[00:13:45.991938] {Default Queue}  -> wl_shm_pool#3.resize(587520)
[00:13:46.003975] {Default Queue}  -> wl_registry#2.bind(1, "wl_seat", 5, new id [unknown]#22)
[00:13:46.008648] {Default Queue}  -> wl_compositor#5.create_surface(new id wl_surface#23)
[00:13:46.008697] {Default Queue}  -> zwp_primary_selection_device_manager_v1#16.get_device(new id zwp_primary_selection_device_v1#24, wl_seat#22)
[00:13:46.008718] {Default Queue}  -> wl_data_device_manager#4.get_data_device(new id wl_data_device#25, wl_seat#22)
[00:13:46.008849] {Default Queue}  -> wl_compositor#5.create_surface(new id wl_surface#26)
[00:13:46.008863] {Default Queue}  -> zwp_tablet_manager_v2#15.get_tablet_seat(new id zwp_tablet_seat_v2#27, wl_seat#22)
[00:13:46.008878] {Default Queue}  -> wl_display#1.sync(new id wl_callback#28)
[00:13:46.009894] {Display Queue} wl_display#1.delete_id(9)
[00:13:46.009935] {Display Queue} wl_display#1.delete_id(21)
[00:13:46.009948] {Display Queue} wl_display#1.delete_id(28)
[00:13:46.009956] {Default Queue} wl_shm#7.format(0)
[00:13:46.009963] {Default Queue} wl_shm#7.format(1)
[00:13:46.009971] {Default Queue} wl_shm#7.format(875709016)
[00:13:46.009978] {Default Queue} wl_shm#7.format(875708993)
[00:13:46.009984] {Default Queue} wl_shm#7.format(808669784)
[00:13:46.009990] {Default Queue} wl_shm#7.format(808669761)
[00:13:46.009996] {Default Queue} wl_shm#7.format(808665688)
[00:13:46.010003] {Default Queue} wl_shm#7.format(808665665)
[00:13:46.010010] {Default Queue} wl_callback#9.done(13)
[00:13:46.010020] {Default Queue} org_kde_kwin_server_decoration_manager#14.default_mode(2)
[00:13:46.010033] {Default Queue} wl_output#19.scale(1)
[00:13:46.010041] {Default Queue} wl_output#19.mode(1, 800, 600, 60000)
[00:13:46.010054] {Default Queue} wl_output#19.geometry(0, 0, 0, 0, 1, "", "", 0)
[00:13:46.010077] {Default Queue} wl_output#19.done()
[00:13:46.010102] {Default Queue} zxdg_output_v1#20.name("WAYLAND-1")
[00:13:46.010114] {Default Queue} zxdg_output_v1#20.logical_position(0, 0)
[00:13:46.010123] {Default Queue} zxdg_output_v1#20.logical_size(800, 600)
[00:13:46.010131] {Default Queue} wl_output#19.done()
[00:13:46.010145] {Default Queue} wl_callback#21.done(13)
[00:13:46.010154] {Default Queue} wl_seat#22.name("Hyprland")
[00:13:46.010162] {Default Queue} wl_seat#22.capabilities(3)
[00:13:46.010171] {Default Queue}  -> wl_seat#22.get_pointer(new id wl_pointer#21)
[00:13:46.010202] {Default Queue}  -> zwp_pointer_gestures_v1#11.get_swipe_gesture(new id zwp_pointer_gesture_swipe_v1#9, wl_pointer#21)
[00:13:46.010219] {Default Queue}  -> zwp_pointer_gestures_v1#11.get_pinch_gesture(new id zwp_pointer_gesture_pinch_v1#29, wl_pointer#21)
[00:13:46.010231] {Default Queue}  -> wp_cursor_shape_manager_v1#10.get_pointer(new id wp_cursor_shape_device_v1#30, wl_pointer#21)
[00:13:46.010263] {Default Queue}  -> wl_seat#22.get_keyboard(new id wl_keyboard#31)
[00:13:46.010283] {Default Queue} wl_callback#28.done(13)
[00:13:46.010294] {Default Queue}  -> wl_registry#2.bind(37, "xdg_wm_base", 6, new id [unknown]#28)
[00:13:46.055287] {Default Queue}  -> wl_display#1.get_registry(new id wl_registry#32)
[00:13:46.055337] {Default Queue}  -> wl_display#1.sync(new id wl_callback#33)
[00:13:46.055646] {Display Queue} wl_display#1.delete_id(33)
[00:13:46.055695] {Default Queue} wl_keyboard#31.keymap(1, fd 4, 35572)
[00:13:46.058044] {Default Queue} wl_keyboard#31.repeat_info(25, 600)
[00:13:46.058087] {Default Queue} wl_registry#32.global(1, "wl_seat", 9)
[00:13:46.058111] {Default Queue} wl_registry#32.global(2, "wl_data_device_manager", 3)
[00:13:46.058121] {Default Queue} wl_registry#32.global(3, "wl_compositor", 6)
[00:13:46.058129] {Default Queue} wl_registry#32.global(4, "wl_subcompositor", 1)
[00:13:46.058137] {Default Queue} wl_registry#32.global(5, "wl_shm", 2)
[00:13:46.058145] {Default Queue} wl_registry#32.global(6, "wp_viewporter", 1)
[00:13:46.058152] {Default Queue} wl_registry#32.global(7, "wp_tearing_control_manager_v1", 1)
[00:13:46.058160] {Default Queue} wl_registry#32.global(8, "wp_fractional_scale_manager_v1", 1)
[00:13:46.058168] {Default Queue} wl_registry#32.global(9, "zxdg_output_manager_v1", 3)
[00:13:46.058177] {Default Queue} wl_registry#32.global(10, "wp_cursor_shape_manager_v1", 2)
[00:13:46.058185] {Default Queue} wl_registry#32.global(11, "zwp_idle_inhibit_manager_v1", 1)
[00:13:46.058192] {Default Queue} wl_registry#32.global(12, "zwp_relative_pointer_manager_v1", 1)
[00:13:46.058200] {Default Queue} wl_registry#32.global(13, "zxdg_decoration_manager_v1", 2)
[00:13:46.058208] {Default Queue} wl_registry#32.global(14, "wp_alpha_modifier_v1", 1)
[00:13:46.058215] {Default Queue} wl_registry#32.global(15, "zwlr_gamma_control_manager_v1", 1)
[00:13:46.058222] {Default Queue} wl_registry#32.global(16, "ext_foreign_toplevel_list_v1", 1)
[00:13:46.058229] {Default Queue} wl_registry#32.global(17, "zwp_pointer_gestures_v1", 3)
[00:13:46.058237] {Default Queue} wl_registry#32.global(18, "zwlr_foreign_toplevel_manager_v1", 3)
[00:13:46.058245] {Default Queue} wl_registry#32.global(19, "zwp_keyboard_shortcuts_inhibit_manager_v1", 1)
[00:13:46.058312] {Default Queue} wl_registry#32.global(20, "zwp_text_input_manager_v1", 1)
[00:13:46.058320] {Default Queue} wl_registry#32.global(21, "zwp_text_input_manager_v3", 1)
[00:13:46.058328] {Default Queue} wl_registry#32.global(22, "zwp_pointer_constraints_v1", 1)
[00:13:46.058335] {Default Queue} wl_registry#32.global(23, "zwlr_output_power_manager_v1", 1)
[00:13:46.058342] {Default Queue} wl_registry#32.global(24, "xdg_activation_v1", 1)
[00:13:46.058349] {Default Queue} wl_registry#32.global(25, "ext_idle_notifier_v1", 2)
[00:13:46.058356] {Default Queue} wl_registry#32.global(26, "hyprland_lock_notifier_v1", 1)
[00:13:46.058364] {Default Queue} wl_registry#32.global(27, "ext_session_lock_manager_v1", 1)
[00:13:46.058370] {Default Queue} wl_registry#32.global(28, "zwp_input_method_manager_v2", 1)
[00:13:46.058378] {Default Queue} wl_registry#32.global(29, "zwp_virtual_keyboard_manager_v1", 1)
[00:13:46.058385] {Default Queue} wl_registry#32.global(30, "zwlr_virtual_pointer_manager_v1", 2)
[00:13:46.058392] {Default Queue} wl_registry#32.global(31, "zwlr_output_manager_v1", 4)
[00:13:46.058400] {Default Queue} wl_registry#32.global(32, "org_kde_kwin_server_decoration_manager", 1)
[00:13:46.058407] {Default Queue} wl_registry#32.global(33, "hyprland_focus_grab_manager_v1", 1)
[00:13:46.058415] {Default Queue} wl_registry#32.global(34, "zwp_tablet_manager_v2", 1)
[00:13:46.058423] {Default Queue} wl_registry#32.global(35, "zwlr_layer_shell_v1", 5)
[00:13:46.058432] {Default Queue}  -> wl_registry#32.bind(35, "zwlr_layer_shell_v1", 4, new id [unknown]#34)
[00:13:46.058442] {Default Queue} wl_registry#32.global(36, "wp_presentation", 2)
[00:13:46.058450] {Default Queue} wl_registry#32.global(37, "xdg_wm_base", 7)
[00:13:46.058457] {Default Queue}  -> wl_registry#32.bind(37, "xdg_wm_base", 7, new id [unknown]#35)
[00:13:46.058467] {Default Queue} wl_registry#32.global(38, "zwlr_data_control_manager_v1", 2)
[00:13:46.058474] {Default Queue} wl_registry#32.global(39, "zwp_primary_selection_device_manager_v1", 1)
[00:13:46.058482] {Default Queue} wl_registry#32.global(40, "xwayland_shell_v1", 1)
[00:13:46.058489] {Default Queue} wl_registry#32.global(41, "hyprland_toplevel_mapping_manager_v1", 1)
[00:13:46.058497] {Default Queue} wl_registry#32.global(42, "hyprland_global_shortcuts_manager_v1", 1)
[00:13:46.058515] {Default Queue} wl_registry#32.global(43, "xdg_wm_dialog_v1", 1)
[00:13:46.058529] {Default Queue} wl_registry#32.global(44, "wp_single_pixel_buffer_manager_v1", 1)
[00:13:46.058537] {Default Queue} wl_registry#32.global(45, "wp_security_context_manager_v1", 1)
[00:13:46.058544] {Default Queue} wl_registry#32.global(46, "hyprland_ctm_control_manager_v1", 2)
[00:13:46.058551] {Default Queue} wl_registry#32.global(47, "hyprland_input_capture_manager_v1", 1)
[00:13:46.058558] {Default Queue} wl_registry#32.global(48, "hyprland_surface_manager_v1", 2)
[00:13:46.058565] {Default Queue} wl_registry#32.global(49, "wp_content_type_manager_v1", 1)
[00:13:46.058572] {Default Queue} wl_registry#32.global(50, "xdg_toplevel_tag_manager_v1", 1)
[00:13:46.058579] {Default Queue} wl_registry#32.global(51, "xdg_system_bell_v1", 1)
[00:13:46.058587] {Default Queue} wl_registry#32.global(52, "vicinae_hotkey_manager_v1", 1)
[00:13:46.058593] {Default Queue} wl_registry#32.global(53, "ext_workspace_manager_v1", 1)
[00:13:46.058600] {Default Queue} wl_registry#32.global(54, "ext_data_control_manager_v1", 1)
[00:13:46.058607] {Default Queue} wl_registry#32.global(55, "wp_pointer_warp_v1", 1)
[00:13:46.058614] {Default Queue} wl_registry#32.global(56, "wp_fifo_manager_v1", 1)
[00:13:46.058621] {Default Queue} wl_registry#32.global(57, "zxdg_exporter_v2", 1)
[00:13:46.058628] {Default Queue} wl_registry#32.global(58, "zxdg_importer_v2", 1)
[00:13:46.058635] {Default Queue} wl_registry#32.global(59, "ext_background_effect_manager_v1", 1)
[00:13:46.058642] {Default Queue} wl_registry#32.global(60, "wp_commit_timing_manager_v1", 1)
[00:13:46.058649] {Default Queue} wl_registry#32.global(61, "zwlr_screencopy_manager_v1", 3)
[00:13:46.058656] {Default Queue} wl_registry#32.global(62, "hyprland_toplevel_export_manager_v1", 2)
[00:13:46.058663] {Default Queue} wl_registry#32.global(63, "ext_output_image_capture_source_manager_v1", 1)
[00:13:46.058671] {Default Queue} wl_registry#32.global(64, "ext_foreign_toplevel_image_capture_source_manager_v1", 1)
[00:13:46.058678] {Default Queue} wl_registry#32.global(65, "ext_image_copy_capture_manager_v1", 1)
[00:13:46.058685] {Default Queue} wl_registry#32.global(66, "wp_color_manager_v1", 3)
[00:13:46.058691] {Default Queue} wl_registry#32.global(67, "wl_drm", 2)
[00:13:46.058698] {Default Queue} wl_registry#32.global(68, "zwp_linux_dmabuf_v1", 5)
[00:13:46.058705] {Default Queue} wl_registry#32.global(69, "wl_output", 4)
[00:13:46.058712] {Default Queue} wl_callback#33.done(13)
[00:13:46.135352] {Default Queue}  -> wl_compositor#5.create_surface(new id wl_surface#33)
[00:13:46.136179] {mesa egl display queue}  -> wl_display#1.get_registry(new id wl_registry#36)
[00:13:46.136206] {mesa egl display queue}  -> wl_display#1.sync(new id wl_callback#37)
[00:13:46.136436] {Display Queue} wl_display#1.delete_id(37)
[00:13:46.136453] {mesa egl display queue} wl_registry#36.global(1, "wl_seat", 9)
[00:13:46.136464] {mesa egl display queue} wl_registry#36.global(2, "wl_data_device_manager", 3)
[00:13:46.136473] {mesa egl display queue} wl_registry#36.global(3, "wl_compositor", 6)
[00:13:46.136480] {mesa egl display queue} wl_registry#36.global(4, "wl_subcompositor", 1)
[00:13:46.136487] {mesa egl display queue} wl_registry#36.global(5, "wl_shm", 2)
[00:13:46.136494] {mesa egl display queue} wl_registry#36.global(6, "wp_viewporter", 1)
[00:13:46.136501] {mesa egl display queue} wl_registry#36.global(7, "wp_tearing_control_manager_v1", 1)
[00:13:46.136507] {mesa egl display queue} wl_registry#36.global(8, "wp_fractional_scale_manager_v1", 1)
[00:13:46.136514] {mesa egl display queue} wl_registry#36.global(9, "zxdg_output_manager_v1", 3)
[00:13:46.136520] {mesa egl display queue} wl_registry#36.global(10, "wp_cursor_shape_manager_v1", 2)
[00:13:46.136527] {mesa egl display queue} wl_registry#36.global(11, "zwp_idle_inhibit_manager_v1", 1)
[00:13:46.136534] {mesa egl display queue} wl_registry#36.global(12, "zwp_relative_pointer_manager_v1", 1)
[00:13:46.136541] {mesa egl display queue} wl_registry#36.global(13, "zxdg_decoration_manager_v1", 2)
[00:13:46.136562] {mesa egl display queue} wl_registry#36.global(14, "wp_alpha_modifier_v1", 1)
[00:13:46.136587] {mesa egl display queue} wl_registry#36.global(15, "zwlr_gamma_control_manager_v1", 1)
[00:13:46.136595] {mesa egl display queue} wl_registry#36.global(16, "ext_foreign_toplevel_list_v1", 1)
[00:13:46.136603] {mesa egl display queue} wl_registry#36.global(17, "zwp_pointer_gestures_v1", 3)
[00:13:46.136610] {mesa egl display queue} wl_registry#36.global(18, "zwlr_foreign_toplevel_manager_v1", 3)
[00:13:46.136617] {mesa egl display queue} wl_registry#36.global(19, "zwp_keyboard_shortcuts_inhibit_manager_v1", 1)
[00:13:46.136624] {mesa egl display queue} wl_registry#36.global(20, "zwp_text_input_manager_v1", 1)
[00:13:46.136632] {mesa egl display queue} wl_registry#36.global(21, "zwp_text_input_manager_v3", 1)
[00:13:46.136639] {mesa egl display queue} wl_registry#36.global(22, "zwp_pointer_constraints_v1", 1)
[00:13:46.136647] {mesa egl display queue} wl_registry#36.global(23, "zwlr_output_power_manager_v1", 1)
[00:13:46.136654] {mesa egl display queue} wl_registry#36.global(24, "xdg_activation_v1", 1)
[00:13:46.136662] {mesa egl display queue} wl_registry#36.global(25, "ext_idle_notifier_v1", 2)
[00:13:46.136669] {mesa egl display queue} wl_registry#36.global(26, "hyprland_lock_notifier_v1", 1)
[00:13:46.136676] {mesa egl display queue} wl_registry#36.global(27, "ext_session_lock_manager_v1", 1)
[00:13:46.136684] {mesa egl display queue} wl_registry#36.global(28, "zwp_input_method_manager_v2", 1)
[00:13:46.136691] {mesa egl display queue} wl_registry#36.global(29, "zwp_virtual_keyboard_manager_v1", 1)
[00:13:46.136698] {mesa egl display queue} wl_registry#36.global(30, "zwlr_virtual_pointer_manager_v1", 2)
[00:13:46.136705] {mesa egl display queue} wl_registry#36.global(31, "zwlr_output_manager_v1", 4)
[00:13:46.136713] {mesa egl display queue} wl_registry#36.global(32, "org_kde_kwin_server_decoration_manager", 1)
[00:13:46.136720] {mesa egl display queue} wl_registry#36.global(33, "hyprland_focus_grab_manager_v1", 1)
[00:13:46.136728] {mesa egl display queue} wl_registry#36.global(34, "zwp_tablet_manager_v2", 1)
[00:13:46.136735] {mesa egl display queue} wl_registry#36.global(35, "zwlr_layer_shell_v1", 5)
[00:13:46.136742] {mesa egl display queue} wl_registry#36.global(36, "wp_presentation", 2)
[00:13:46.136751] {mesa egl display queue}  -> wl_registry#36.bind(36, "wp_presentation", 1, new id [unknown]#38)
[00:13:46.136760] {mesa egl display queue} wl_registry#36.global(37, "xdg_wm_base", 7)
[00:13:46.136768] {mesa egl display queue} wl_registry#36.global(38, "zwlr_data_control_manager_v1", 2)
[00:13:46.136775] {mesa egl display queue} wl_registry#36.global(39, "zwp_primary_selection_device_manager_v1", 1)
[00:13:46.136782] {mesa egl display queue} wl_registry#36.global(40, "xwayland_shell_v1", 1)
[00:13:46.136790] {mesa egl display queue} wl_registry#36.global(41, "hyprland_toplevel_mapping_manager_v1", 1)
[00:13:46.136797] {mesa egl display queue} wl_registry#36.global(42, "hyprland_global_shortcuts_manager_v1", 1)
[00:13:46.136804] {mesa egl display queue} wl_registry#36.global(43, "xdg_wm_dialog_v1", 1)
[00:13:46.136811] {mesa egl display queue} wl_registry#36.global(44, "wp_single_pixel_buffer_manager_v1", 1)
[00:13:46.136818] {mesa egl display queue} wl_registry#36.global(45, "wp_security_context_manager_v1", 1)
[00:13:46.136826] {mesa egl display queue} wl_registry#36.global(46, "hyprland_ctm_control_manager_v1", 2)
[00:13:46.136833] {mesa egl display queue} wl_registry#36.global(47, "hyprland_input_capture_manager_v1", 1)
[00:13:46.136840] {mesa egl display queue} wl_registry#36.global(48, "hyprland_surface_manager_v1", 2)
[00:13:46.136848] {mesa egl display queue} wl_registry#36.global(49, "wp_content_type_manager_v1", 1)
[00:13:46.136855] {mesa egl display queue} wl_registry#36.global(50, "xdg_toplevel_tag_manager_v1", 1)
[00:13:46.136862] {mesa egl display queue} wl_registry#36.global(51, "xdg_system_bell_v1", 1)
[00:13:46.136876] {mesa egl display queue} wl_registry#36.global(52, "vicinae_hotkey_manager_v1", 1)
[00:13:46.136887] {mesa egl display queue} wl_registry#36.global(53, "ext_workspace_manager_v1", 1)
[00:13:46.136895] {mesa egl display queue} wl_registry#36.global(54, "ext_data_control_manager_v1", 1)
[00:13:46.136902] {mesa egl display queue} wl_registry#36.global(55, "wp_pointer_warp_v1", 1)
[00:13:46.136910] {mesa egl display queue} wl_registry#36.global(56, "wp_fifo_manager_v1", 1)
[00:13:46.136917] {mesa egl display queue} wl_registry#36.global(57, "zxdg_exporter_v2", 1)
[00:13:46.136924] {mesa egl display queue} wl_registry#36.global(58, "zxdg_importer_v2", 1)
[00:13:46.136931] {mesa egl display queue} wl_registry#36.global(59, "ext_background_effect_manager_v1", 1)
[00:13:46.136938] {mesa egl display queue} wl_registry#36.global(60, "wp_commit_timing_manager_v1", 1)
[00:13:46.136945] {mesa egl display queue} wl_registry#36.global(61, "zwlr_screencopy_manager_v1", 3)
[00:13:46.136953] {mesa egl display queue} wl_registry#36.global(62, "hyprland_toplevel_export_manager_v1", 2)
[00:13:46.136961] {mesa egl display queue} wl_registry#36.global(63, "ext_output_image_capture_source_manager_v1", 1)
[00:13:46.136968] {mesa egl display queue} wl_registry#36.global(64, "ext_foreign_toplevel_image_capture_source_manager_v1", 1)
[00:13:46.136975] {mesa egl display queue} wl_registry#36.global(65, "ext_image_copy_capture_manager_v1", 1)
[00:13:46.136982] {mesa egl display queue} wl_registry#36.global(66, "wp_color_manager_v1", 3)
[00:13:46.136991] {mesa egl display queue} wl_registry#36.global(67, "wl_drm", 2)
[00:13:46.136998] {mesa egl display queue} wl_registry#36.global(68, "zwp_linux_dmabuf_v1", 5)
[00:13:46.137006] {mesa egl display queue}  -> wl_registry#36.bind(68, "zwp_linux_dmabuf_v1", 4, new id [unknown]#39)
[00:13:46.137014] {mesa egl display queue} wl_registry#36.global(69, "wl_output", 4)
[00:13:46.137022] {mesa egl display queue} wl_callback#37.done(13)
[00:13:46.137030] {mesa egl display queue}  -> zwp_linux_dmabuf_v1#39.get_default_feedback(new id zwp_linux_dmabuf_feedback_v1#37)
[00:13:46.137042] {mesa egl display queue}  -> wl_display#1.sync(new id wl_callback#40)
[00:13:46.137652] {Display Queue} wl_display#1.delete_id(40)
[00:13:46.137687] {mesa egl display queue} wp_presentation#38.clock_id(1)
[00:13:46.137700] {mesa egl display queue} zwp_linux_dmabuf_feedback_v1#37.format_table(fd 12, 2960)
[00:13:46.137732] {mesa egl display queue} zwp_linux_dmabuf_feedback_v1#37.main_device(array[8])
[00:13:46.138481] {mesa egl display queue} zwp_linux_dmabuf_feedback_v1#37.tranche_target_device(array[8])
[00:13:46.138499] {mesa egl display queue} zwp_linux_dmabuf_feedback_v1#37.tranche_flags(0)
[00:13:46.138508] {mesa egl display queue} zwp_linux_dmabuf_feedback_v1#37.tranche_formats(array[370])
[00:13:46.138538] {mesa egl display queue} zwp_linux_dmabuf_feedback_v1#37.tranche_done()
[00:13:46.138546] {mesa egl display queue} zwp_linux_dmabuf_feedback_v1#37.done()
[00:13:46.138553] {mesa egl display queue} wl_callback#40.done(13)
[00:13:46.138562] {mesa egl display queue}  -> zwp_linux_dmabuf_feedback_v1#37.destroy()
[00:13:46.171330] {Default Queue}  -> wl_surface#33.destroy()
[00:13:46.171513] {Default Queue}  -> wl_compositor#5.create_surface(new id wl_surface#40)
[00:13:46.177586] {Default Queue}  -> wl_surface#40.destroy()
view-process-policy: related=1 distinct-manager=1
view-process-policy: related=1 distinct-manager=1
[00:13:46.207488] {Default Queue}  -> wl_compositor#5.create_surface(new id wl_surface#41)
[00:13:46.208938] {Default Queue}  -> wl_display#1.get_registry(new id wl_registry#42)
[00:13:46.209143] {Default Queue}  -> wl_surface#41.attach(nil, 0, 0)
[00:13:46.209168] {Default Queue}  -> zwlr_layer_shell_v1#34.get_layer_surface(new id zwlr_layer_surface_v1#43, wl_surface#41, wl_output#19, 2, "elm-shell-recovery-v17")
[00:13:46.209188] {Default Queue}  -> zwlr_layer_surface_v1#43.set_keyboard_interactivity(0)
[00:13:46.209201] {Default Queue}  -> zwlr_layer_surface_v1#43.set_exclusive_zone(48)
[00:13:46.209225] {Default Queue}  -> zwlr_layer_surface_v1#43.set_anchor(13)
[00:13:46.209263] {Default Queue}  -> zwlr_layer_surface_v1#43.set_margin(0, 0, 0, 0)
[00:13:46.209276] {Default Queue}  -> zwlr_layer_surface_v1#43.set_size(0, 48)
[00:13:46.209287] {Default Queue}  -> wl_surface#41.commit()
[00:13:46.209297] {Default Queue}  -> wl_display#1.sync(new id wl_callback#44)
[00:13:46.209797] {Display Queue} wl_display#1.delete_id(37)
[00:13:46.209859] {Display Queue} wl_display#1.delete_id(33)
[00:13:46.209874] {Display Queue} wl_display#1.delete_id(40)
[00:13:46.209884] {Display Queue} wl_display#1.delete_id(44)
[00:13:46.209892] {Default Queue} wl_registry#42.global(1, "wl_seat", 9)
[00:13:46.209905] {Default Queue} wl_registry#42.global(2, "wl_data_device_manager", 3)
[00:13:46.209914] {Default Queue} wl_registry#42.global(3, "wl_compositor", 6)
[00:13:46.209922] {Default Queue} wl_registry#42.global(4, "wl_subcompositor", 1)
[00:13:46.209931] {Default Queue} wl_registry#42.global(5, "wl_shm", 2)
[00:13:46.209939] {Default Queue} wl_registry#42.global(6, "wp_viewporter", 1)
[00:13:46.209947] {Default Queue} wl_registry#42.global(7, "wp_tearing_control_manager_v1", 1)
[00:13:46.209955] {Default Queue} wl_registry#42.global(8, "wp_fractional_scale_manager_v1", 1)
[00:13:46.209963] {Default Queue} wl_registry#42.global(9, "zxdg_output_manager_v1", 3)
[00:13:46.209971] {Default Queue} wl_registry#42.global(10, "wp_cursor_shape_manager_v1", 2)
[00:13:46.209979] {Default Queue} wl_registry#42.global(11, "zwp_idle_inhibit_manager_v1", 1)
[00:13:46.209987] {Default Queue} wl_registry#42.global(12, "zwp_relative_pointer_manager_v1", 1)
[00:13:46.209994] {Default Queue} wl_registry#42.global(13, "zxdg_decoration_manager_v1", 2)
[00:13:46.210002] {Default Queue} wl_registry#42.global(14, "wp_alpha_modifier_v1", 1)
[00:13:46.210010] {Default Queue} wl_registry#42.global(15, "zwlr_gamma_control_manager_v1", 1)
[00:13:46.210019] {Default Queue} wl_registry#42.global(16, "ext_foreign_toplevel_list_v1", 1)
[00:13:46.210027] {Default Queue} wl_registry#42.global(17, "zwp_pointer_gestures_v1", 3)
[00:13:46.210035] {Default Queue} wl_registry#42.global(18, "zwlr_foreign_toplevel_manager_v1", 3)
[00:13:46.210044] {Default Queue} wl_registry#42.global(19, "zwp_keyboard_shortcuts_inhibit_manager_v1", 1)
[00:13:46.210053] {Default Queue} wl_registry#42.global(20, "zwp_text_input_manager_v1", 1)
[00:13:46.210061] {Default Queue} wl_registry#42.global(21, "zwp_text_input_manager_v3", 1)
[00:13:46.210072] {Default Queue}  -> wl_registry#42.bind(21, "zwp_text_input_manager_v3", 1, new id [unknown]#40)
[00:13:46.210085] {Default Queue}  -> zwp_text_input_manager_v3#40.get_text_input(new id zwp_text_input_v3#33, wl_seat#22)
[00:13:46.210095] {Default Queue} wl_registry#42.global(22, "zwp_pointer_constraints_v1", 1)
[00:13:46.210103] {Default Queue} wl_registry#42.global(23, "zwlr_output_power_manager_v1", 1)
[00:13:46.210111] {Default Queue} wl_registry#42.global(24, "xdg_activation_v1", 1)
[00:13:46.210119] {Default Queue} wl_registry#42.global(25, "ext_idle_notifier_v1", 2)
[00:13:46.210127] {Default Queue} wl_registry#42.global(26, "hyprland_lock_notifier_v1", 1)
[00:13:46.210135] {Default Queue} wl_registry#42.global(27, "ext_session_lock_manager_v1", 1)
[00:13:46.210143] {Default Queue} wl_registry#42.global(28, "zwp_input_method_manager_v2", 1)
[00:13:46.210151] {Default Queue} wl_registry#42.global(29, "zwp_virtual_keyboard_manager_v1", 1)
[00:13:46.210158] {Default Queue} wl_registry#42.global(30, "zwlr_virtual_pointer_manager_v1", 2)
[00:13:46.210166] {Default Queue} wl_registry#42.global(31, "zwlr_output_manager_v1", 4)
[00:13:46.210173] {Default Queue} wl_registry#42.global(32, "org_kde_kwin_server_decoration_manager", 1)
[00:13:46.210181] {Default Queue} wl_registry#42.global(33, "hyprland_focus_grab_manager_v1", 1)
[00:13:46.210188] {Default Queue} wl_registry#42.global(34, "zwp_tablet_manager_v2", 1)
[00:13:46.210196] {Default Queue} wl_registry#42.global(35, "zwlr_layer_shell_v1", 5)
[00:13:46.210203] {Default Queue} wl_registry#42.global(36, "wp_presentation", 2)
[00:13:46.210226] {Default Queue} wl_registry#42.global(37, "xdg_wm_base", 7)
[00:13:46.210259] {Default Queue} wl_registry#42.global(38, "zwlr_data_control_manager_v1", 2)
[00:13:46.210268] {Default Queue} wl_registry#42.global(39, "zwp_primary_selection_device_manager_v1", 1)
[00:13:46.210276] {Default Queue} wl_registry#42.global(40, "xwayland_shell_v1", 1)
[00:13:46.210284] {Default Queue} wl_registry#42.global(41, "hyprland_toplevel_mapping_manager_v1", 1)
[00:13:46.210291] {Default Queue} wl_registry#42.global(42, "hyprland_global_shortcuts_manager_v1", 1)
[00:13:46.210299] {Default Queue} wl_registry#42.global(43, "xdg_wm_dialog_v1", 1)
[00:13:46.210306] {Default Queue} wl_registry#42.global(44, "wp_single_pixel_buffer_manager_v1", 1)
[00:13:46.210315] {Default Queue} wl_registry#42.global(45, "wp_security_context_manager_v1", 1)
[00:13:46.210323] {Default Queue} wl_registry#42.global(46, "hyprland_ctm_control_manager_v1", 2)
[00:13:46.210331] {Default Queue} wl_registry#42.global(47, "hyprland_input_capture_manager_v1", 1)
[00:13:46.210338] {Default Queue} wl_registry#42.global(48, "hyprland_surface_manager_v1", 2)
[00:13:46.210346] {Default Queue} wl_registry#42.global(49, "wp_content_type_manager_v1", 1)
[00:13:46.210354] {Default Queue} wl_registry#42.global(50, "xdg_toplevel_tag_manager_v1", 1)
[00:13:46.210362] {Default Queue} wl_registry#42.global(51, "xdg_system_bell_v1", 1)
[00:13:46.210370] {Default Queue} wl_registry#42.global(52, "vicinae_hotkey_manager_v1", 1)
[00:13:46.210378] {Default Queue} wl_registry#42.global(53, "ext_workspace_manager_v1", 1)
[00:13:46.210386] {Default Queue} wl_registry#42.global(54, "ext_data_control_manager_v1", 1)
[00:13:46.210393] {Default Queue} wl_registry#42.global(55, "wp_pointer_warp_v1", 1)
[00:13:46.210401] {Default Queue} wl_registry#42.global(56, "wp_fifo_manager_v1", 1)
[00:13:46.210409] {Default Queue} wl_registry#42.global(57, "zxdg_exporter_v2", 1)
[00:13:46.210418] {Default Queue} wl_registry#42.global(58, "zxdg_importer_v2", 1)
[00:13:46.210426] {Default Queue} wl_registry#42.global(59, "ext_background_effect_manager_v1", 1)
[00:13:46.210434] {Default Queue} wl_registry#42.global(60, "wp_commit_timing_manager_v1", 1)
[00:13:46.210443] {Default Queue} wl_registry#42.global(61, "zwlr_screencopy_manager_v1", 3)
[00:13:46.210451] {Default Queue} wl_registry#42.global(62, "hyprland_toplevel_export_manager_v1", 2)
[00:13:46.210459] {Default Queue} wl_registry#42.global(63, "ext_output_image_capture_source_manager_v1", 1)
[00:13:46.210467] {Default Queue} wl_registry#42.global(64, "ext_foreign_toplevel_image_capture_source_manager_v1", 1)
[00:13:46.210475] {Default Queue} wl_registry#42.global(65, "ext_image_copy_capture_manager_v1", 1)
[00:13:46.210483] {Default Queue} wl_registry#42.global(66, "wp_color_manager_v1", 3)
[00:13:46.210491] {Default Queue} wl_registry#42.global(67, "wl_drm", 2)
[00:13:46.210499] {Default Queue} wl_registry#42.global(68, "zwp_linux_dmabuf_v1", 5)
[00:13:46.210507] {Default Queue} wl_registry#42.global(69, "wl_output", 4)
[00:13:46.210515] {Default Queue} zwlr_layer_surface_v1#43.configure(14, 800, 48)
[00:13:46.210525] {Default Queue}  -> zwlr_layer_surface_v1#43.ack_configure(14)
[00:13:46.210536] {Default Queue} wl_callback#44.done(15)
[00:13:46.210682] {Default Queue}  -> wl_surface#41.commit()
view-added: id=1 geometry=0,0,800,600
shared-host-start: views=1 controllers=1 backend-clients=1 sandbox=1
[00:13:46.212101] {Default Queue} zwlr_layer_surface_v1#43.configure(16, 800, 48)
[00:13:46.212139] {Default Queue}  -> zwlr_layer_surface_v1#43.ack_configure(16)
[00:13:46.223229] {Default Queue}  -> wl_surface#41.set_buffer_scale(1)
[00:13:46.223496] {Default Queue}  -> wl_shm#7.create_pool(new id wl_shm_pool#44, fd 24, 153600)
[00:13:46.223526] {Default Queue}  -> wl_shm_pool#44.create_buffer(new id wl_buffer#37, 0, 800, 48, 3200, 0)
[00:13:46.223820] {Default Queue}  -> wl_surface#41.attach(wl_buffer#37, 0, 0)
[00:13:46.223838] {Default Queue}  -> wl_surface#41.set_buffer_scale(1)
[00:13:46.223849] {Default Queue}  -> wl_surface#41.damage(0, 0, 800, 48)
[00:13:46.223880] {Default Queue}  -> wl_compositor#5.create_region(new id wl_region#45)
[00:13:46.223903] {Default Queue}  -> wl_region#45.add(0, 0, 800, 48)
[00:13:46.223914] {Default Queue}  -> wl_surface#41.set_opaque_region(wl_region#45)
[00:13:46.223923] {Default Queue}  -> wl_region#45.destroy()
[00:13:46.223932] {Default Queue}  -> wl_surface#41.set_input_region(nil)
[00:13:46.223951] {Default Queue}  -> wl_surface#41.frame(new id wl_callback#46)
[00:13:46.223963] {Default Queue}  -> wl_surface#41.commit()
[00:13:46.225032] {Display Queue} wl_display#1.delete_id(45)
[00:13:46.225083] {Display Queue} wl_display#1.delete_id(46)
[00:13:46.225097] {Default Queue} wl_callback#46.done(123492160)
[00:13:46.225111] {Default Queue} wl_surface#41.enter(wl_output#19)
[00:13:46.225121] {Default Queue} wl_buffer#37.release()

** (process:2): WARNING **: 18:13:46.322: Can't connect to a11y bus: Could not connect: No such file or directory
[00:13:46.517528] {Default Queue}  -> wl_surface#41.set_buffer_scale(1)
[00:13:46.517587] {mesa egl surface queue}  -> zwp_linux_dmabuf_v1#39.get_surface_feedback(new id zwp_linux_dmabuf_feedback_v1#46, wl_surface#41)
[00:13:46.517617] {mesa egl display queue}  -> wl_display#1.sync(new id wl_callback#45)
[00:13:46.517723] {Display Queue} wl_display#1.delete_id(45)
[00:13:46.517738] {mesa egl display queue} wl_callback#45.done(16)
[00:13:46.517764] {mesa egl surface queue} zwp_linux_dmabuf_feedback_v1#46.format_table(fd 32, 2960)
[00:13:46.517794] {mesa egl surface queue} zwp_linux_dmabuf_feedback_v1#46.main_device(array[8])
[00:13:46.517805] {mesa egl surface queue} zwp_linux_dmabuf_feedback_v1#46.tranche_target_device(array[8])
[00:13:46.517813] {mesa egl surface queue} zwp_linux_dmabuf_feedback_v1#46.tranche_flags(0)
[00:13:46.517820] {mesa egl surface queue} zwp_linux_dmabuf_feedback_v1#46.tranche_formats(array[370])
[00:13:46.517835] {mesa egl surface queue} zwp_linux_dmabuf_feedback_v1#46.tranche_done()
[00:13:46.517847] {mesa egl surface queue} zwp_linux_dmabuf_feedback_v1#46.done()
[00:13:46.525868] {Default Queue}  -> wl_surface#41.attach(wl_buffer#37, 0, 0)
[00:13:46.525922] {Default Queue}  -> wl_surface#41.set_buffer_scale(1)
[00:13:46.525938] {Default Queue}  -> wl_surface#41.damage(0, 0, 800, 48)
[00:13:46.525980] {Default Queue}  -> wl_surface#41.frame(new id wl_callback#45)
[00:13:46.525993] {Default Queue}  -> wl_surface#41.commit()
[00:13:46.529014] {Default Queue} wl_buffer#37.release()
[00:13:46.533041] {Display Queue} wl_display#1.delete_id(45)
[00:13:46.533081] {Default Queue} wl_callback#45.done(123492467)
view-topology: {"viewProtocol":1,"kind":"view-topology","revision":"1","views":[{"id":"1","generation":"1"}]}
surface-report: origin=bar {"kind":"surface-report","body":{"publication":null,"lease":null,"buttons":[],"focus":"","text":""}}
view-report: id=1 x=0 y=0 {"kind":"surface-report","body":{"publication":null,"lease":null,"buttons":[],"focus":"","text":""}}
surface-commit: publication=3 lease=0 open=0
view-commit: popup=0 focus=1 publication=3
surface-inspection: {"surfaceProtocol":2,"kind":"surface-inspection","publication":"3","lease":"0","body":{"phase":"Detached","transaction":"Idle","groups":[],"menu":null,"mode":"closed","outstanding":0,"registry":0,"picker":null,"openerId":"applications:detached:2:control:opener","reconnectId":"reconnect"}}
[00:13:46.615640] {Default Queue}  -> wl_buffer#37.destroy()
[00:13:46.615692] {Default Queue}  -> wl_shm_pool#44.destroy()
[00:13:46.630021] {mesa egl display queue}  -> zwp_linux_dmabuf_v1#39.create_params(new id zwp_linux_buffer_params_v1#45)
[00:13:46.630101] {mesa egl surface queue}  -> zwp_linux_buffer_params_v1#45.add(fd 29, 0, 0, 3584, 16777216, 15)
[00:13:46.630126] {mesa egl surface queue}  -> zwp_linux_buffer_params_v1#45.add(fd 31, 1, 229376, 448, 16777216, 15)
[00:13:46.630141] {mesa egl surface queue}  -> zwp_linux_buffer_params_v1#45.add(fd 40, 2, 233472, 64, 16777216, 15)
[00:13:46.630153] {mesa egl surface queue}  -> zwp_linux_buffer_params_v1#45.create_immed(new id wl_buffer#47, 800, 48, 875713089, 0)
[00:13:46.630200] {mesa egl surface queue}  -> zwp_linux_buffer_params_v1#45.destroy()
[00:13:46.630213] {mesa egl surface queue}  -> wl_surface#41.attach(wl_buffer#47, 0, 0)
[00:13:46.630226] {mesa egl surface queue}  -> wl_surface#41.damage(0, 0, 2147483647, 2147483647)
[00:13:46.630236] {mesa egl surface queue}  -> wl_surface#41.commit()
[00:13:46.630245] {mesa egl surface queue}  -> wl_display#1.sync(new id wl_callback#48)
[00:13:46.630736] discarded [unknown]#37.[event 0](0 fd, 8 byte)
[00:13:46.630798] {Display Queue} wl_display#1.delete_id(37)
[00:13:46.630817] {Display Queue} wl_display#1.delete_id(44)
[00:13:46.630829] {Display Queue} wl_display#1.delete_id(45)
[00:13:46.630837] {Display Queue} wl_display#1.delete_id(48)
surface-report: origin=bar {"kind":"surface-report","body":{"publication":"3","lease":"0","buttons":[{"id":"reconnect","label":"Reconnect","accessibleName":"Reconnect to the window system","disabled":true,"x":3,"y":6,"width":98.5,"height":36}],"focus":"","text":"\nReconnect\nConnecting…"}}
view-report: id=1 x=0 y=0 {"kind":"surface-report","body":{"publication":"3","lease":"0","buttons":[{"id":"reconnect","label":"Reconnect","accessibleName":"Reconnect to the window system","disabled":true,"x":3,"y":6,"width":98.5,"height":36}],"focus":"","text":"\nReconnect\nConnecting…"}}
[00:13:46.690171] {mesa egl surface queue} wl_callback#48.done(16)
[00:13:46.690727] {mesa egl display queue}  -> zwp_linux_dmabuf_v1#39.create_params(new id zwp_linux_buffer_params_v1#48)
[00:13:46.690754] {mesa egl surface queue}  -> zwp_linux_buffer_params_v1#48.add(fd 29, 0, 0, 3584, 16777216, 15)
[00:13:46.690766] {mesa egl surface queue}  -> zwp_linux_buffer_params_v1#48.add(fd 31, 1, 229376, 448, 16777216, 15)
[00:13:46.690775] {mesa egl surface queue}  -> zwp_linux_buffer_params_v1#48.add(fd 40, 2, 233472, 64, 16777216, 15)
[00:13:46.690781] {mesa egl surface queue}  -> zwp_linux_buffer_params_v1#48.create_immed(new id wl_buffer#45, 800, 48, 875713089, 0)
[00:13:46.690789] {mesa egl surface queue}  -> zwp_linux_buffer_params_v1#48.destroy()
[00:13:46.690795] {mesa egl surface queue}  -> wl_surface#41.attach(wl_buffer#45, 0, 0)
[00:13:46.690802] {mesa egl surface queue}  -> wl_surface#41.damage(0, 0, 2147483647, 2147483647)
[00:13:46.690807] {mesa egl surface queue}  -> wl_surface#41.commit()
[00:13:46.690813] {mesa egl surface queue}  -> wl_display#1.sync(new id wl_callback#44)
[00:13:46.691213] {Display Queue} wl_display#1.delete_id(48)
[00:13:46.691281] {Display Queue} wl_display#1.delete_id(44)
backend-frame: {"protocolVersion":3,"kind":"attached","binding":{"lifetime":"16650415918116054614","session":"2","frontend":"1"},"compositor":{"pid":345717,"instance":"efb50993780079460b0cbed1363e2166a2de1d9f_1791159220_1424059871","coreHash":"efb50993780079460b0cbed1363e2166a2de1d9f_aq_0.15_hu_0.14_hg_0.5_hc_0.1_hlg_0.6"},"capabilities":{"observe":true,"effects":true,"minimizedState":true,"effectProtocol":1,"operations":["minimize","restore","activate"],"canonicalScene":false,"taskbarProjectionProtocol":1,"effectInvalidationProtocol":1}}
backend-frame: {"protocolVersion":3,"kind":"host-recovery-watermarks","binding":{"lifetime":"16650415918116054614","session":"2","frontend":"1"},"request":"0","generation":"0"}
backend-frame: {"protocolVersion":3,"kind":"host-geometry-negotiate"}
frontend-request: {"protocolVersion":3,"kind":"projection-request","binding":{"lifetime":"16650415918116054614","session":"2","frontend":"1"},"requestId":"1"}
surface-commit: publication=4 lease=0 open=0
view-commit: popup=0 focus=1 publication=4
surface-inspection: {"surfaceProtocol":2,"kind":"surface-inspection","publication":"4","lease":"0","body":{"phase":"Awaiting","transaction":"Idle","groups":[],"menu":null,"mode":"closed","outstanding":0,"registry":0,"picker":null,"openerId":"applications:{\"lifetime\":\"16650415918116054614\",\"session\":\"2\",\"frontend\":\"1\"}:3:control:opener","reconnectId":"reconnect"}}
surface-inspection: {"surfaceProtocol":2,"kind":"surface-inspection","publication":"4","lease":"0","body":{"phase":"Awaiting","transaction":"Idle","groups":[],"menu":null,"mode":"closed","outstanding":0,"registry":0,"picker":null,"openerId":"applications:{\"lifetime\":\"16650415918116054614\",\"session\":\"2\",\"frontend\":\"1\"}:3:control:opener","reconnectId":"reconnect"}}
frontend-request: {"protocolVersion":3,"kind":"geometry-attach","geometryProtocol":2,"binding":{"lifetime":"16650415918116054614","session":"2","frontend":"1"},"requestId":"2"}
surface-commit: publication=5 lease=0 open=0
view-commit: popup=0 focus=1 publication=5
surface-inspection: {"surfaceProtocol":2,"kind":"surface-inspection","publication":"5","lease":"0","body":{"phase":"Awaiting","transaction":"Idle","groups":[],"menu":null,"mode":"closed","outstanding":0,"registry":0,"picker":null,"openerId":"applications:{\"lifetime\":\"16650415918116054614\",\"session\":\"2\",\"frontend\":\"1\"}:3:control:opener","reconnectId":"reconnect"}}
backend-frame: {"protocolVersion":3,"kind":"action-projection","binding":{"lifetime":"16650415918116054614","session":"2","frontend":"1"},"requestId":"1","context":{"lifetime":"16650415918116054614","epoch":"1","output":"1","revision":"1"},"scene":{"revision":"1","focused":"2","windows":[{"incarnation":"2","application":"GTK Application","label":"ELM-AUTHORITY-FIXTURE","minimized":false,"owner":null,"available":true}]}}
surface-inspection: {"surfaceProtocol":2,"kind":"surface-inspection","publication":"5","lease":"0","body":{"phase":"Awaiting","transaction":"Idle","groups":[],"menu":null,"mode":"closed","outstanding":0,"registry":0,"picker":null,"openerId":"applications:{\"lifetime\":\"16650415918116054614\",\"session\":\"2\",\"frontend\":\"1\"}:3:control:opener","reconnectId":"reconnect"}}
backend-frame: {"protocolVersion":3,"kind":"geometry-attached","geometryProtocol":2,"binding":{"lifetime":"16650415918116054614","session":"2","frontend":"1"},"requestId":"2","capabilities":{"observe":true,"effects":true,"effectProtocol":2,"operations":["maximize","restore-geometry"],"placementCapacity":256,"canonicalScene":false}}
surface-inspection: {"surfaceProtocol":2,"kind":"surface-inspection","publication":"5","lease":"0","body":{"phase":"Awaiting","transaction":"Idle","groups":[],"menu":null,"mode":"closed","outstanding":0,"registry":0,"picker":null,"openerId":"applications:{\"lifetime\":\"16650415918116054614\",\"session\":\"2\",\"frontend\":\"1\"}:3:control:opener","reconnectId":"reconnect"}}
surface-commit: publication=6 lease=0 open=0
view-commit: popup=0 focus=1 publication=6
surface-inspection: {"surfaceProtocol":2,"kind":"surface-inspection","publication":"6","lease":"0","body":{"phase":"Coherent","transaction":"Idle","groups":[{"key":"application:GTK Application","domId":"group:{\"lifetime\":\"16650415918116054614\",\"session\":\"2\",\"frontend\":\"1\"}:1:1:application:GTK Application","title":"ELM-AUTHORITY-FIXTURE","active":true,"expanded":false}],"menu":null,"mode":"closed","outstanding":0,"registry":0,"picker":null,"openerId":"applications:{\"lifetime\":\"16650415918116054614\",\"session\":\"2\",\"frontend\":\"1\"}:3:control:opener","reconnectId":"reconnect"}}
frontend-request: {"protocolVersion":3,"kind":"geometry-facts-request","geometryProtocol":2,"binding":{"lifetime":"16650415918116054614","session":"2","frontend":"1"},"requestId":"3","minimumWatermark":"0"}
surface-commit: publication=7 lease=0 open=0
view-commit: popup=0 focus=1 publication=7
surface-inspection: {"surfaceProtocol":2,"kind":"surface-inspection","publication":"7","lease":"0","body":{"phase":"Coherent","transaction":"Idle","groups":[{"key":"application:GTK Application","domId":"group:{\"lifetime\":\"16650415918116054614\",\"session\":\"2\",\"frontend\":\"1\"}:1:1:application:GTK Application","title":"ELM-AUTHORITY-FIXTURE","active":true,"expanded":false}],"menu":null,"mode":"closed","outstanding":0,"registry":0,"picker":null,"openerId":"applications:{\"lifetime\":\"16650415918116054614\",\"session\":\"2\",\"frontend\":\"1\"}:3:control:opener","reconnectId":"reconnect"}}
backend-frame: {"protocolVersion":3,"kind":"geometry-facts","geometryProtocol":2,"binding":{"lifetime":"16650415918116054614","session":"2","frontend":"1"},"requestId":"3","sequence":"1","revision":"1","outputGeneration":"1","facts":{"focused":"2","inputBlocked":false,"windows":[{"incarnation":"2","owner":null,"workspace":"1","workspaceGeneration":"1","monitor":"0","outputOwnershipGeneration":"1","workAreaRevision":"1","workArea":[0,48,800,552],"logicalGeometry":[20,68,760,512],"visualGeometry":[21,69,758,510],"nativeMode":"ordinary","clientMode":"ordinary","minimized":false,"floating":false,"grouped":false,"fixedSize":false,"constrainedSize":true,"geometryEligible":false,"ordinaryPlacementKnown":false,"sizePolicy":{"inputs":{"profile":"wayland-zero-origin-v1","rawMinimum":[108,42],"rawMaximum":[0,0],"layoutMinimum":[108,42],"layoutMaximum":[1.7976931348623157e+308,1.7976931348623157e+308],"geometryOrigin":[0,0],"reservedTopLeft":[1,1],"reservedBottomRight":[1,1],"monitorScale":1},"maximize":{"logical":[0,48,800,552],"visual":null,"real":[1,49,798,550],"configure":[798,550]},"restoreGeometry":null},"capabilities":{"maximize":false,"restoreGeometry":false}}]}}
surface-inspection: {"surfaceProtocol":2,"kind":"surface-inspection","publication":"7","lease":"0","body":{"phase":"Coherent","transaction":"Idle","groups":[{"key":"application:GTK Application","domId":"group:{\"lifetime\":\"16650415918116054614\",\"session\":\"2\",\"frontend\":\"1\"}:1:1:application:GTK Application","title":"ELM-AUTHORITY-FIXTURE","active":true,"expanded":false}],"menu":null,"mode":"closed","outstanding":0,"registry":0,"picker":null,"openerId":"applications:{\"lifetime\":\"16650415918116054614\",\"session\":\"2\",\"frontend\":\"1\"}:3:control:opener","reconnectId":"reconnect"}}
surface-commit: publication=8 lease=0 open=0
view-commit: popup=0 focus=1 publication=8
surface-inspection: {"surfaceProtocol":2,"kind":"surface-inspection","publication":"8","lease":"0","body":{"phase":"Coherent","transaction":"Idle","groups":[{"key":"application:GTK Application","domId":"group:{\"lifetime\":\"16650415918116054614\",\"session\":\"2\",\"frontend\":\"1\"}:1:1:application:GTK Application","title":"ELM-AUTHORITY-FIXTURE","active":true,"expanded":false}],"menu":null,"mode":"closed","outstanding":0,"registry":0,"picker":null,"openerId":"applications:{\"lifetime\":\"16650415918116054614\",\"session\":\"2\",\"frontend\":\"1\"}:3:control:opener","reconnectId":"reconnect"}}
[00:13:46.826584] {mesa egl surface queue} wl_buffer#47.release()
[00:13:46.826613] {mesa egl surface queue}  -> wl_buffer#47.destroy()
[00:13:46.826623] {mesa egl surface queue} wl_callback#44.done(16)
[00:13:46.827286] {mesa egl display queue}  -> zwp_linux_dmabuf_v1#39.create_params(new id zwp_linux_buffer_params_v1#44)
[00:13:46.827314] {mesa egl surface queue}  -> zwp_linux_buffer_params_v1#44.add(fd 42, 0, 0, 3584, 16777216, 15)
[00:13:46.827325] {mesa egl surface queue}  -> zwp_linux_buffer_params_v1#44.add(fd 43, 1, 229376, 448, 16777216, 15)
[00:13:46.827333] {mesa egl surface queue}  -> zwp_linux_buffer_params_v1#44.add(fd 44, 2, 233472, 64, 16777216, 15)
[00:13:46.827340] {mesa egl surface queue}  -> zwp_linux_buffer_params_v1#44.create_immed(new id wl_buffer#48, 800, 48, 875713089, 0)
[00:13:46.827349] {mesa egl surface queue}  -> zwp_linux_buffer_params_v1#44.destroy()
[00:13:46.827357] {mesa egl surface queue}  -> wl_surface#41.attach(wl_buffer#48, 0, 0)
[00:13:46.827364] {mesa egl surface queue}  -> wl_surface#41.damage(0, 0, 2147483647, 2147483647)
[00:13:46.827372] {mesa egl surface queue}  -> wl_surface#41.commit()
[00:13:46.827378] {mesa egl surface queue}  -> wl_display#1.sync(new id wl_callback#37)
[00:13:46.827784] discarded [unknown]#47.[event 0](0 fd, 8 byte)
[00:13:46.827828] discarded [unknown]#47.[event 0](0 fd, 8 byte)
[00:13:46.827870] {Display Queue} wl_display#1.delete_id(47)
[00:13:46.827888] {Display Queue} wl_display#1.delete_id(44)
[00:13:46.827898] {Display Queue} wl_display#1.delete_id(37)
surface-report: origin=bar {"kind":"surface-report","body":{"publication":"8","lease":"0","buttons":[{"id":"applications:{\"lifetime\":\"16650415918116054614\",\"session\":\"2\",\"frontend\":\"1\"}:3:control:opener","label":"Applications","accessibleName":"Open applications","disabled":false,"x":3,"y":6,"width":108.28125,"height":36},{"id":"group:{\"lifetime\":\"16650415918116054614\",\"session\":\"2\",\"frontend\":\"1\"}:1:1:application:GTK Application","label":"ELM-AUTHORITY-FIXTURE1","accessibleName":"Minimize ELM-AUTHORITY-FIXTURE","disabled":false,"x":117.28125,"y":5,"width":224.984375,"height":38}],"focus":"","text":"\nApplications\n\nELM-AUTHORITY-FIXTURE\n1\nConnected"}}
view-report: id=1 x=0 y=0 {"kind":"surface-report","body":{"publication":"8","lease":"0","buttons":[{"id":"applications:{\"lifetime\":\"16650415918116054614\",\"session\":\"2\",\"frontend\":\"1\"}:3:control:opener","label":"Applications","accessibleName":"Open applications","disabled":false,"x":3,"y":6,"width":108.28125,"height":36},{"id":"group:{\"lifetime\":\"16650415918116054614\",\"session\":\"2\",\"frontend\":\"1\"}:1:1:application:GTK Application","label":"ELM-AUTHORITY-FIXTURE1","accessibleName":"Minimize ELM-AUTHORITY-FIXTURE","disabled":false,"x":117.28125,"y":5,"width":224.984375,"height":38}],"focus":"","text":"\nApplications\n\nELM-AUTHORITY-FIXTURE\n1\nConnected"}}
[00:13:46.840280] {mesa egl surface queue} wl_buffer#45.release()
[00:13:46.840319] {mesa egl surface queue} wl_callback#37.done(16)
[00:13:46.840682] {mesa egl surface queue}  -> wl_surface#41.attach(wl_buffer#45, 0, 0)
[00:13:46.840708] {mesa egl surface queue}  -> wl_surface#41.damage(0, 0, 2147483647, 2147483647)
[00:13:46.840721] {mesa egl surface queue}  -> wl_surface#41.commit()
[00:13:46.840731] {mesa egl surface queue}  -> wl_display#1.sync(new id wl_callback#37)
[00:13:46.840852] {Display Queue} wl_display#1.delete_id(37)
[00:13:49.122895] {Default Queue} wl_pointer#21.enter(22, wl_surface#41, 230.00000000, 24.00000000)
[00:13:49.122950] {Default Queue} wl_pointer#21.frame()
[00:13:49.123042] {Default Queue}  -> wp_cursor_shape_device_v1#30.set_shape(22, 1)
[00:13:49.123061] {Default Queue} wl_pointer#21.motion(123495058, 230.00000000, 24.00000000)
[00:13:49.123074] {Default Queue} wl_pointer#21.frame()
[00:13:49.223278] {Default Queue} wl_pointer#21.button(23, 123495158, 272, 1)
[00:13:49.223335] {Default Queue} wl_pointer#21.frame()
context-input-report: {"kind":"context-input-report","phase":"press","button":0,"buttons":1,"trusted":true,"id":"bar:group:application:GTK Application"}
surface-report: origin=bar {"kind":"surface-report","body":{"publication":"8","lease":"0","buttons":[{"id":"applications:{\"lifetime\":\"16650415918116054614\",\"session\":\"2\",\"frontend\":\"1\"}:3:control:opener","label":"Applications","accessibleName":"Open applications","disabled":false,"x":3,"y":6,"width":108.28125,"height":36},{"id":"group:{\"lifetime\":\"16650415918116054614\",\"session\":\"2\",\"frontend\":\"1\"}:1:1:application:GTK Application","label":"ELM-AUTHORITY-FIXTURE1","accessibleName":"Minimize ELM-AUTHORITY-FIXTURE","disabled":false,"x":117.28125,"y":5,"width":224.984375,"height":38}],"focus":"group:{\"lifetime\":\"16650415918116054614\",\"session\":\"2\",\"frontend\":\"1\"}:1:1:application:GTK Application","text":"\nApplications\n\nELM-AUTHORITY-FIXTURE\n1\nConnected"}}
view-report: id=1 x=0 y=0 {"kind":"surface-report","body":{"publication":"8","lease":"0","buttons":[{"id":"applications:{\"lifetime\":\"16650415918116054614\",\"session\":\"2\",\"frontend\":\"1\"}:3:control:opener","label":"Applications","accessibleName":"Open applications","disabled":false,"x":3,"y":6,"width":108.28125,"height":36},{"id":"group:{\"lifetime\":\"16650415918116054614\",\"session\":\"2\",\"frontend\":\"1\"}:1:1:application:GTK Application","label":"ELM-AUTHORITY-FIXTURE1","accessibleName":"Minimize ELM-AUTHORITY-FIXTURE","disabled":false,"x":117.28125,"y":5,"width":224.984375,"height":38}],"focus":"group:{\"lifetime\":\"16650415918116054614\",\"session\":\"2\",\"frontend\":\"1\"}:1:1:application:GTK Application","text":"\nApplications\n\nELM-AUTHORITY-FIXTURE\n1\nConnected"}}
[00:13:49.273578] {Default Queue} wl_pointer#21.button(24, 123495209, 272, 0)
[00:13:49.273649] {Default Queue} wl_pointer#21.frame()
context-input-report: {"kind":"context-input-report","phase":"release","button":0,"buttons":0,"trusted":true,"id":"bar:group:application:GTK Application"}
host-intent-durable: {"schema":2,"effectProtocol":1,"binding":{"lifetime":"16650415918116054614","session":"2","frontend":"1"},"intent":{"request":"1","generation":"1","incarnation":"2","operation":"minimize","context":{"lifetime":"16650415918116054614","epoch":"1","output":"1","revision":"1"}},"status":"Pending"}
frontend-request: {"protocolVersion":3,"kind":"window-effect","effectProtocol":1,"binding":{"lifetime":"16650415918116054614","session":"2","frontend":"1"},"intent":{"request":"1","generation":"1","incarnation":"2","operation":"minimize","context":{"lifetime":"16650415918116054614","epoch":"1","output":"1","revision":"1"}}}
surface-commit: publication=9 lease=0 open=0
view-commit: popup=0 focus=1 publication=9
surface-inspection: {"surfaceProtocol":2,"kind":"surface-inspection","publication":"9","lease":"0","body":{"phase":"Coherent","transaction":"Pending","groups":[{"key":"application:GTK Application","domId":"group:{\"lifetime\":\"16650415918116054614\",\"session\":\"2\",\"frontend\":\"1\"}:1:1:application:GTK Application","title":"ELM-AUTHORITY-FIXTURE","active":true,"expanded":false}],"menu":null,"mode":"closed","outstanding":0,"registry":0,"picker":null,"openerId":"applications:{\"lifetime\":\"16650415918116054614\",\"session\":\"2\",\"frontend\":\"1\"}:3:control:opener","reconnectId":"reconnect"}}
surface-inspection: {"surfaceProtocol":2,"kind":"surface-inspection","publication":"9","lease":"0","body":{"phase":"Coherent","transaction":"Pending","groups":[{"key":"application:GTK Application","domId":"group:{\"lifetime\":\"16650415918116054614\",\"session\":\"2\",\"frontend\":\"1\"}:1:1:application:GTK Application","title":"ELM-AUTHORITY-FIXTURE","active":true,"expanded":false}],"menu":null,"mode":"closed","outstanding":0,"registry":0,"picker":null,"openerId":"applications:{\"lifetime\":\"16650415918116054614\",\"session\":\"2\",\"frontend\":\"1\"}:3:control:opener","reconnectId":"reconnect"}}
[00:13:49.292583] {mesa egl surface queue} wl_callback#37.done(16)
[00:13:49.292633] {mesa egl surface queue} wl_buffer#48.release()
[00:13:49.294662] {mesa egl surface queue}  -> wl_surface#41.attach(wl_buffer#48, 0, 0)
[00:13:49.294706] {mesa egl surface queue}  -> wl_surface#41.damage(0, 0, 2147483647, 2147483647)
[00:13:49.294721] {mesa egl surface queue}  -> wl_surface#41.commit()
[00:13:49.294731] {mesa egl surface queue}  -> wl_display#1.sync(new id wl_callback#37)
[00:13:49.294931] {Display Queue} wl_display#1.delete_id(37)
backend-frame: {"protocolVersion":3,"kind":"effect-outcome","effectProtocol":1,"binding":{"lifetime":"16650415918116054614","session":"2","frontend":"1"},"intent":{"request":"1","generation":"1","incarnation":"2","operation":"minimize","context":{"lifetime":"16650415918116054614","epoch":"1","output":"1","revision":"1"}},"status":"Committed","reason":"applied","revision":"2","outputGeneration":"1"}
backend-frame: {"protocolVersion":3,"kind":"host-refresh"}
frontend-request: {"protocolVersion":3,"kind":"projection-request","binding":{"lifetime":"16650415918116054614","session":"2","frontend":"1"},"requestId":"4"}
frontend-request: {"protocolVersion":3,"kind":"geometry-facts-request","geometryProtocol":2,"binding":{"lifetime":"16650415918116054614","session":"2","frontend":"1"},"requestId":"5","minimumWatermark":"1"}
surface-commit: publication=10 lease=0 open=0
view-commit: popup=0 focus=1 publication=10
surface-inspection: {"surfaceProtocol":2,"kind":"surface-inspection","publication":"10","lease":"0","body":{"phase":"Awaiting","transaction":"Committed","groups":[{"key":"application:GTK Application","domId":"group:{\"lifetime\":\"16650415918116054614\",\"session\":\"2\",\"frontend\":\"1\"}:1:1:application:GTK Application","title":"ELM-AUTHORITY-FIXTURE","active":true,"expanded":false}],"menu":null,"mode":"closed","outstanding":0,"registry":0,"picker":null,"openerId":"applications:{\"lifetime\":\"16650415918116054614\",\"session\":\"2\",\"frontend\":\"1\"}:3:control:opener","reconnectId":"reconnect"}}
surface-commit: publication=11 lease=0 open=0
view-commit: popup=0 focus=1 publication=11
surface-inspection: {"surfaceProtocol":2,"kind":"surface-inspection","publication":"11","lease":"0","body":{"phase":"Awaiting","transaction":"Committed","groups":[{"key":"application:GTK Application","domId":"group:{\"lifetime\":\"16650415918116054614\",\"session\":\"2\",\"frontend\":\"1\"}:1:1:application:GTK Application","title":"ELM-AUTHORITY-FIXTURE","active":true,"expanded":false}],"menu":null,"mode":"closed","outstanding":0,"registry":0,"picker":null,"openerId":"applications:{\"lifetime\":\"16650415918116054614\",\"session\":\"2\",\"frontend\":\"1\"}:3:control:opener","reconnectId":"reconnect"}}
surface-report: origin=bar {"kind":"surface-report","body":{"publication":"9","lease":"0","buttons":[{"id":"applications:{\"lifetime\":\"16650415918116054614\",\"session\":\"2\",\"frontend\":\"1\"}:3:control:opener","label":"Applications","accessibleName":"Open applications","disabled":false,"x":3,"y":6,"width":108.28125,"height":36},{"id":"group:{\"lifetime\":\"16650415918116054614\",\"session\":\"2\",\"frontend\":\"1\"}:1:1:application:GTK Application","label":"ELM-AUTHORITY-FIXTUREAwaiting native confirmation","accessibleName":"Minimize ELM-AUTHORITY-FIXTURE; awaiting native confirmation","disabled":true,"x":117.28125,"y":5,"width":224.984375,"height":38},{"id":"applications:{\"lifetime\":\"16650415918116054614\",\"session\":\"2\",\"frontend\":\"1\"}:3:bar:recovery-refresh","label":"Refresh window statusObservation only","accessibleName":"Refresh window status; read observations without retrying actions","disabled":true,"x":348.265625,"y":5,"width":182.96875,"height":38}],"focus":"","text":"\nApplications\n\nELM-AUTHORITY-FIXTURE\nAwaiting native confirmation\n\nRefresh window status\nObservation only\nWindow action awaits native confirmation. Refresh status only reads observations; it does not retry the action."}}
view-report: id=1 x=0 y=0 {"kind":"surface-report","body":{"publication":"9","lease":"0","buttons":[{"id":"applications:{\"lifetime\":\"16650415918116054614\",\"session\":\"2\",\"frontend\":\"1\"}:3:control:opener","label":"Applications","accessibleName":"Open applications","disabled":false,"x":3,"y":6,"width":108.28125,"height":36},{"id":"group:{\"lifetime\":\"16650415918116054614\",\"session\":\"2\",\"frontend\":\"1\"}:1:1:application:GTK Application","label":"ELM-AUTHORITY-FIXTUREAwaiting native confirmation","accessibleName":"Minimize ELM-AUTHORITY-FIXTURE; awaiting native confirmation","disabled":true,"x":117.28125,"y":5,"width":224.984375,"height":38},{"id":"applications:{\"lifetime\":\"16650415918116054614\",\"session\":\"2\",\"frontend\":\"1\"}:3:bar:recovery-refresh","label":"Refresh window statusObservation only","accessibleName":"Refresh window status; read observations without retrying actions","disabled":true,"x":348.265625,"y":5,"width":182.96875,"height":38}],"focus":"","text":"\nApplications\n\nELM-AUTHORITY-FIXTURE\nAwaiting native confirmation\n\nRefresh window status\nObservation only\nWindow action awaits native confirmation. Refresh status only reads observations; it does not retry the action."}}
surface-inspection: {"surfaceProtocol":2,"kind":"surface-inspection","publication":"11","lease":"0","body":{"phase":"Awaiting","transaction":"Committed","groups":[{"key":"application:GTK Application","domId":"group:{\"lifetime\":\"16650415918116054614\",\"session\":\"2\",\"frontend\":\"1\"}:1:1:application:GTK Application","title":"ELM-AUTHORITY-FIXTURE","active":true,"expanded":false}],"menu":null,"mode":"closed","outstanding":0,"registry":0,"picker":null,"openerId":"applications:{\"lifetime\":\"16650415918116054614\",\"session\":\"2\",\"frontend\":\"1\"}:3:control:opener","reconnectId":"reconnect"}}
backend-frame: {"protocolVersion":3,"kind":"action-projection","binding":{"lifetime":"16650415918116054614","session":"2","frontend":"1"},"requestId":"4","context":{"lifetime":"16650415918116054614","epoch":"1","output":"1","revision":"2"},"scene":{"revision":"2","focused":null,"windows":[{"incarnation":"2","application":"GTK Application","label":"ELM-AUTHORITY-FIXTURE","minimized":true,"owner":null,"available":true}]}}
backend-frame: {"protocolVersion":3,"kind":"geometry-facts","geometryProtocol":2,"binding":{"lifetime":"16650415918116054614","session":"2","frontend":"1"},"requestId":"5","sequence":"2","revision":"2","outputGeneration":"1","facts":{"focused":null,"inputBlocked":false,"windows":[{"incarnation":"2","owner":null,"workspace":"1","workspaceGeneration":"1","monitor":"0","outputOwnershipGeneration":"1","workAreaRevision":"1","workArea":[0,48,800,552],"logicalGeometry":[20,68,760,512],"visualGeometry":[21,69,758,510],"nativeMode":"ordinary","clientMode":"ordinary","minimized":true,"floating":false,"grouped":false,"fixedSize":false,"constrainedSize":true,"geometryEligible":false,"ordinaryPlacementKnown":false,"sizePolicy":{"inputs":{"profile":"wayland-zero-origin-v1","rawMinimum":[108,42],"rawMaximum":[0,0],"layoutMinimum":[108,42],"layoutMaximum":[1.7976931348623157e+308,1.7976931348623157e+308],"geometryOrigin":[0,0],"reservedTopLeft":[1,1],"reservedBottomRight":[1,1],"monitorScale":1},"maximize":{"logical":[0,48,800,552],"visual":null,"real":[1,49,798,550],"configure":[798,550]},"restoreGeometry":null},"capabilities":{"maximize":false,"restoreGeometry":false}}]}}
surface-commit: publication=12 lease=0 open=0
view-commit: popup=0 focus=1 publication=12
surface-inspection: {"surfaceProtocol":2,"kind":"surface-inspection","publication":"12","lease":"0","body":{"phase":"Coherent","transaction":"Committed","groups":[{"key":"application:GTK Application","domId":"group:{\"lifetime\":\"16650415918116054614\",\"session\":\"2\",\"frontend\":\"1\"}:1:2:application:GTK Application","title":"ELM-AUTHORITY-FIXTURE","active":false,"expanded":false}],"menu":null,"mode":"closed","outstanding":0,"registry":0,"picker":null,"openerId":"applications:{\"lifetime\":\"16650415918116054614\",\"session\":\"2\",\"frontend\":\"1\"}:3:control:opener","reconnectId":"reconnect"}}
frontend-request: {"protocolVersion":3,"kind":"projection-request","binding":{"lifetime":"16650415918116054614","session":"2","frontend":"1"},"requestId":"6"}
frontend-request: {"protocolVersion":3,"kind":"geometry-facts-request","geometryProtocol":2,"binding":{"lifetime":"16650415918116054614","session":"2","frontend":"1"},"requestId":"7","minimumWatermark":"2"}
surface-commit: publication=13 lease=0 open=0
view-commit: popup=0 focus=1 publication=13
surface-inspection: {"surfaceProtocol":2,"kind":"surface-inspection","publication":"13","lease":"0","body":{"phase":"Awaiting","transaction":"Committed","groups":[{"key":"application:GTK Application","domId":"group:{\"lifetime\":\"16650415918116054614\",\"session\":\"2\",\"frontend\":\"1\"}:1:2:application:GTK Application","title":"ELM-AUTHORITY-FIXTURE","active":false,"expanded":false}],"menu":null,"mode":"closed","outstanding":0,"registry":0,"picker":null,"openerId":"applications:{\"lifetime\":\"16650415918116054614\",\"session\":\"2\",\"frontend\":\"1\"}:3:control:opener","reconnectId":"reconnect"}}
surface-inspection: {"surfaceProtocol":2,"kind":"surface-inspection","publication":"13","lease":"0","body":{"phase":"Awaiting","transaction":"Committed","groups":[{"key":"application:GTK Application","domId":"group:{\"lifetime\":\"16650415918116054614\",\"session\":\"2\",\"frontend\":\"1\"}:1:2:application:GTK Application","title":"ELM-AUTHORITY-FIXTURE","active":false,"expanded":false}],"menu":null,"mode":"closed","outstanding":0,"registry":0,"picker":null,"openerId":"applications:{\"lifetime\":\"16650415918116054614\",\"session\":\"2\",\"frontend\":\"1\"}:3:control:opener","reconnectId":"reconnect"}}
backend-frame: {"protocolVersion":3,"kind":"action-projection","binding":{"lifetime":"16650415918116054614","session":"2","frontend":"1"},"requestId":"6","context":{"lifetime":"16650415918116054614","epoch":"1","output":"1","revision":"2"},"scene":{"revision":"2","focused":null,"windows":[{"incarnation":"2","application":"GTK Application","label":"ELM-AUTHORITY-FIXTURE","minimized":true,"owner":null,"available":true}]}}
backend-frame: {"protocolVersion":3,"kind":"geometry-facts","geometryProtocol":2,"binding":{"lifetime":"16650415918116054614","session":"2","frontend":"1"},"requestId":"7","sequence":"3","revision":"2","outputGeneration":"1","facts":{"focused":null,"inputBlocked":false,"windows":[{"incarnation":"2","owner":null,"workspace":"1","workspaceGeneration":"1","monitor":"0","outputOwnershipGeneration":"1","workAreaRevision":"1","workArea":[0,48,800,552],"logicalGeometry":[20,68,760,512],"visualGeometry":[21,69,758,510],"nativeMode":"ordinary","clientMode":"ordinary","minimized":true,"floating":false,"grouped":false,"fixedSize":false,"constrainedSize":true,"geometryEligible":false,"ordinaryPlacementKnown":false,"sizePolicy":{"inputs":{"profile":"wayland-zero-origin-v1","rawMinimum":[108,42],"rawMaximum":[0,0],"layoutMinimum":[108,42],"layoutMaximum":[1.7976931348623157e+308,1.7976931348623157e+308],"geometryOrigin":[0,0],"reservedTopLeft":[1,1],"reservedBottomRight":[1,1],"monitorScale":1},"maximize":{"logical":[0,48,800,552],"visual":null,"real":[1,49,798,550],"configure":[798,550]},"restoreGeometry":null},"capabilities":{"maximize":false,"restoreGeometry":false}}]}}
[00:13:49.322835] {mesa egl surface queue} wl_buffer#45.release()
[00:13:49.322862] {mesa egl surface queue} wl_callback#37.done(27)
[00:13:49.323557] {mesa egl surface queue}  -> wl_surface#41.attach(wl_buffer#45, 0, 0)
[00:13:49.323588] {mesa egl surface queue}  -> wl_surface#41.damage(0, 0, 2147483647, 2147483647)
[00:13:49.323601] {mesa egl surface queue}  -> wl_surface#41.commit()
[00:13:49.323610] {mesa egl surface queue}  -> wl_display#1.sync(new id wl_callback#37)
surface-commit: publication=14 lease=0 open=0
view-commit: popup=0 focus=1 publication=14
surface-inspection: {"surfaceProtocol":2,"kind":"surface-inspection","publication":"14","lease":"0","body":{"phase":"Coherent","transaction":"Committed","groups":[{"key":"application:GTK Application","domId":"group:{\"lifetime\":\"16650415918116054614\",\"session\":\"2\",\"frontend\":\"1\"}:1:2:application:GTK Application","title":"ELM-AUTHORITY-FIXTURE","active":false,"expanded":false}],"menu":null,"mode":"closed","outstanding":0,"registry":0,"picker":null,"openerId":"applications:{\"lifetime\":\"16650415918116054614\",\"session\":\"2\",\"frontend\":\"1\"}:3:control:opener","reconnectId":"reconnect"}}
[00:13:49.324277] {Display Queue} wl_display#1.delete_id(37)
surface-commit: publication=15 lease=0 open=0
view-commit: popup=0 focus=1 publication=15
surface-inspection: {"surfaceProtocol":2,"kind":"surface-inspection","publication":"15","lease":"0","body":{"phase":"Coherent","transaction":"Committed","groups":[{"key":"application:GTK Application","domId":"group:{\"lifetime\":\"16650415918116054614\",\"session\":\"2\",\"frontend\":\"1\"}:1:2:application:GTK Application","title":"ELM-AUTHORITY-FIXTURE","active":false,"expanded":false}],"menu":null,"mode":"closed","outstanding":0,"registry":0,"picker":null,"openerId":"applications:{\"lifetime\":\"16650415918116054614\",\"session\":\"2\",\"frontend\":\"1\"}:3:control:opener","reconnectId":"reconnect"}}
surface-report: origin=bar {"kind":"surface-report","body":{"publication":"15","lease":"0","buttons":[{"id":"applications:{\"lifetime\":\"16650415918116054614\",\"session\":\"2\",\"frontend\":\"1\"}:3:control:opener","label":"Applications","accessibleName":"Open applications","disabled":false,"x":3,"y":6,"width":108.28125,"height":36},{"id":"group:{\"lifetime\":\"16650415918116054614\",\"session\":\"2\",\"frontend\":\"1\"}:1:2:application:GTK Application","label":"ELM-AUTHORITY-FIXTURE1","accessibleName":"Restore ELM-AUTHORITY-FIXTURE","disabled":false,"x":117.28125,"y":5,"width":224.984375,"height":38}],"focus":"","text":"\nApplications\n\nELM-AUTHORITY-FIXTURE\n1\nConnected"}}
view-report: id=1 x=0 y=0 {"kind":"surface-report","body":{"publication":"15","lease":"0","buttons":[{"id":"applications:{\"lifetime\":\"16650415918116054614\",\"session\":\"2\",\"frontend\":\"1\"}:3:control:opener","label":"Applications","accessibleName":"Open applications","disabled":false,"x":3,"y":6,"width":108.28125,"height":36},{"id":"group:{\"lifetime\":\"16650415918116054614\",\"session\":\"2\",\"frontend\":\"1\"}:1:2:application:GTK Application","label":"ELM-AUTHORITY-FIXTURE1","accessibleName":"Restore ELM-AUTHORITY-FIXTURE","disabled":false,"x":117.28125,"y":5,"width":224.984375,"height":38}],"focus":"","text":"\nApplications\n\nELM-AUTHORITY-FIXTURE\n1\nConnected"}}
[00:13:49.340889] {mesa egl surface queue} wl_callback#37.done(27)
[00:13:49.340960] {mesa egl surface queue} wl_buffer#48.release()
[00:13:49.341385] {mesa egl surface queue}  -> wl_surface#41.attach(wl_buffer#48, 0, 0)
[00:13:49.341419] {mesa egl surface queue}  -> wl_surface#41.damage(0, 0, 2147483647, 2147483647)
[00:13:49.341433] {mesa egl surface queue}  -> wl_surface#41.commit()
[00:13:49.341444] {mesa egl surface queue}  -> wl_display#1.sync(new id wl_callback#37)
[00:13:49.341742] {Display Queue} wl_display#1.delete_id(37)
[00:13:50.378491] {Default Queue} wl_pointer#21.frame()
[00:13:50.478890] {Default Queue} wl_pointer#21.button(28, 123496414, 272, 1)
[00:13:50.478947] {Default Queue} wl_pointer#21.frame()
context-input-report: {"kind":"context-input-report","phase":"press","button":0,"buttons":1,"trusted":true,"id":"bar:group:application:GTK Application"}
surface-report: origin=bar {"kind":"surface-report","body":{"publication":"15","lease":"0","buttons":[{"id":"applications:{\"lifetime\":\"16650415918116054614\",\"session\":\"2\",\"frontend\":\"1\"}:3:control:opener","label":"Applications","accessibleName":"Open applications","disabled":false,"x":3,"y":6,"width":108.28125,"height":36},{"id":"group:{\"lifetime\":\"16650415918116054614\",\"session\":\"2\",\"frontend\":\"1\"}:1:2:application:GTK Application","label":"ELM-AUTHORITY-FIXTURE1","accessibleName":"Restore ELM-AUTHORITY-FIXTURE","disabled":false,"x":117.28125,"y":5,"width":224.984375,"height":38}],"focus":"group:{\"lifetime\":\"16650415918116054614\",\"session\":\"2\",\"frontend\":\"1\"}:1:2:application:GTK Application","text":"\nApplications\n\nELM-AUTHORITY-FIXTURE\n1\nConnected"}}
view-report: id=1 x=0 y=0 {"kind":"surface-report","body":{"publication":"15","lease":"0","buttons":[{"id":"applications:{\"lifetime\":\"16650415918116054614\",\"session\":\"2\",\"frontend\":\"1\"}:3:control:opener","label":"Applications","accessibleName":"Open applications","disabled":false,"x":3,"y":6,"width":108.28125,"height":36},{"id":"group:{\"lifetime\":\"16650415918116054614\",\"session\":\"2\",\"frontend\":\"1\"}:1:2:application:GTK Application","label":"ELM-AUTHORITY-FIXTURE1","accessibleName":"Restore ELM-AUTHORITY-FIXTURE","disabled":false,"x":117.28125,"y":5,"width":224.984375,"height":38}],"focus":"group:{\"lifetime\":\"16650415918116054614\",\"session\":\"2\",\"frontend\":\"1\"}:1:2:application:GTK Application","text":"\nApplications\n\nELM-AUTHORITY-FIXTURE\n1\nConnected"}}
[00:13:50.529256] {Default Queue} wl_pointer#21.button(29, 123496464, 272, 0)
[00:13:50.529310] {Default Queue} wl_pointer#21.frame()
context-input-report: {"kind":"context-input-report","phase":"release","button":0,"buttons":0,"trusted":true,"id":"bar:group:application:GTK Application"}
host-intent-durable: {"schema":2,"effectProtocol":1,"binding":{"lifetime":"16650415918116054614","session":"2","frontend":"1"},"intent":{"request":"2","generation":"2","incarnation":"2","operation":"restore","context":{"lifetime":"16650415918116054614","epoch":"1","output":"1","revision":"2"}},"status":"Pending"}
frontend-request: {"protocolVersion":3,"kind":"window-effect","effectProtocol":1,"binding":{"lifetime":"16650415918116054614","session":"2","frontend":"1"},"intent":{"request":"2","generation":"2","incarnation":"2","operation":"restore","context":{"lifetime":"16650415918116054614","epoch":"1","output":"1","revision":"2"}}}
surface-commit: publication=16 lease=0 open=0
view-commit: popup=0 focus=1 publication=16
surface-inspection: {"surfaceProtocol":2,"kind":"surface-inspection","publication":"16","lease":"0","body":{"phase":"Coherent","transaction":"Pending","groups":[{"key":"application:GTK Application","domId":"group:{\"lifetime\":\"16650415918116054614\",\"session\":\"2\",\"frontend\":\"1\"}:1:2:application:GTK Application","title":"ELM-AUTHORITY-FIXTURE","active":false,"expanded":false}],"menu":null,"mode":"closed","outstanding":0,"registry":0,"picker":null,"openerId":"applications:{\"lifetime\":\"16650415918116054614\",\"session\":\"2\",\"frontend\":\"1\"}:3:control:opener","reconnectId":"reconnect"}}
surface-inspection: {"surfaceProtocol":2,"kind":"surface-inspection","publication":"16","lease":"0","body":{"phase":"Coherent","transaction":"Pending","groups":[{"key":"application:GTK Application","domId":"group:{\"lifetime\":\"16650415918116054614\",\"session\":\"2\",\"frontend\":\"1\"}:1:2:application:GTK Application","title":"ELM-AUTHORITY-FIXTURE","active":false,"expanded":false}],"menu":null,"mode":"closed","outstanding":0,"registry":0,"picker":null,"openerId":"applications:{\"lifetime\":\"16650415918116054614\",\"session\":\"2\",\"frontend\":\"1\"}:3:control:opener","reconnectId":"reconnect"}}
[00:13:50.552805] {mesa egl surface queue} wl_callback#37.done(27)
[00:13:50.552856] {mesa egl surface queue} wl_buffer#45.release()
[00:13:50.553282] {mesa egl surface queue}  -> wl_surface#41.attach(wl_buffer#45, 0, 0)
[00:13:50.553312] {mesa egl surface queue}  -> wl_surface#41.damage(0, 0, 2147483647, 2147483647)
[00:13:50.553324] {mesa egl surface queue}  -> wl_surface#41.commit()
[00:13:50.553333] {mesa egl surface queue}  -> wl_display#1.sync(new id wl_callback#37)
[00:13:50.553509] {Display Queue} wl_display#1.delete_id(37)
surface-report: origin=bar {"kind":"surface-report","body":{"publication":"16","lease":"0","buttons":[{"id":"applications:{\"lifetime\":\"16650415918116054614\",\"session\":\"2\",\"frontend\":\"1\"}:3:control:opener","label":"Applications","accessibleName":"Open applications","disabled":false,"x":3,"y":6,"width":108.28125,"height":36},{"id":"group:{\"lifetime\":\"16650415918116054614\",\"session\":\"2\",\"frontend\":\"1\"}:1:2:application:GTK Application","label":"ELM-AUTHORITY-FIXTUREAwaiting native confirmation","accessibleName":"Restore ELM-AUTHORITY-FIXTURE; awaiting native confirmation","disabled":true,"x":117.28125,"y":5,"width":224.984375,"height":38},{"id":"applications:{\"lifetime\":\"16650415918116054614\",\"session\":\"2\",\"frontend\":\"1\"}:3:bar:recovery-refresh","label":"Refresh window statusObservation only","accessibleName":"Refresh window status; read observations without retrying actions","disabled":true,"x":348.265625,"y":5,"width":182.96875,"height":38}],"focus":"","text":"\nApplications\n\nELM-AUTHORITY-FIXTURE\nAwaiting native confirmation\n\nRefresh window status\nObservation only\nWindow action awaits native confirmation. Refresh status only reads observations; it does not retry the action."}}
view-report: id=1 x=0 y=0 {"kind":"surface-report","body":{"publication":"16","lease":"0","buttons":[{"id":"applications:{\"lifetime\":\"16650415918116054614\",\"session\":\"2\",\"frontend\":\"1\"}:3:control:opener","label":"Applications","accessibleName":"Open applications","disabled":false,"x":3,"y":6,"width":108.28125,"height":36},{"id":"group:{\"lifetime\":\"16650415918116054614\",\"session\":\"2\",\"frontend\":\"1\"}:1:2:application:GTK Application","label":"ELM-AUTHORITY-FIXTUREAwaiting native confirmation","accessibleName":"Restore ELM-AUTHORITY-FIXTURE; awaiting native confirmation","disabled":true,"x":117.28125,"y":5,"width":224.984375,"height":38},{"id":"applications:{\"lifetime\":\"16650415918116054614\",\"session\":\"2\",\"frontend\":\"1\"}:3:bar:recovery-refresh","label":"Refresh window statusObservation only","accessibleName":"Refresh window status; read observations without retrying actions","disabled":true,"x":348.265625,"y":5,"width":182.96875,"height":38}],"focus":"","text":"\nApplications\n\nELM-AUTHORITY-FIXTURE\nAwaiting native confirmation\n\nRefresh window status\nObservation only\nWindow action awaits native confirmation. Refresh status only reads observations; it does not retry the action."}}
backend-exit: waited=1 normal=0 code=-1
surface-commit: publication=17 lease=0 open=0
view-commit: popup=0 focus=1 publication=17
surface-inspection: {"surfaceProtocol":2,"kind":"surface-inspection","publication":"17","lease":"0","body":{"phase":"Detached","transaction":"Unknown","groups":[{"key":"application:GTK Application","domId":"group:{\"lifetime\":\"16650415918116054614\",\"session\":\"2\",\"frontend\":\"1\"}:1:2:application:GTK Application","title":"ELM-AUTHORITY-FIXTURE","active":false,"expanded":false}],"menu":null,"mode":"closed","outstanding":0,"registry":0,"picker":null,"openerId":"applications:{\"lifetime\":\"16650415918116054614\",\"session\":\"2\",\"frontend\":\"1\"}:4:control:opener","reconnectId":"reconnect"}}
[00:13:51.342985] {mesa egl surface queue} wl_callback#37.done(32)
[00:13:51.343019] {mesa egl surface queue} wl_buffer#48.release()
[00:13:51.343387] {mesa egl surface queue}  -> wl_surface#41.attach(wl_buffer#48, 0, 0)
[00:13:51.343403] {mesa egl surface queue}  -> wl_surface#41.damage(0, 0, 2147483647, 2147483647)
[00:13:51.343411] {mesa egl surface queue}  -> wl_surface#41.commit()
[00:13:51.343417] {mesa egl surface queue}  -> wl_display#1.sync(new id wl_callback#37)
[00:13:51.343770] {Display Queue} wl_display#1.delete_id(37)
surface-report: origin=bar {"kind":"surface-report","body":{"publication":"17","lease":"0","buttons":[{"id":"reconnect","label":"Reconnect","accessibleName":"Reconnect to the window system","disabled":false,"x":3,"y":6,"width":98.5,"height":36},{"id":"group:{\"lifetime\":\"16650415918116054614\",\"session\":\"2\",\"frontend\":\"1\"}:1:2:application:GTK Application","label":"ELM-AUTHORITY-FIXTUREAwaiting native confirmation","accessibleName":"Restore ELM-AUTHORITY-FIXTURE; awaiting native confirmation","disabled":true,"x":107.5,"y":5,"width":224.984375,"height":38}],"focus":"","text":"\nReconnect\n\nELM-AUTHORITY-FIXTURE\nAwaiting native confirmation\nConnection lost. Reconnect to continue. The last request could not be confirmed."}}
view-report: id=1 x=0 y=0 {"kind":"surface-report","body":{"publication":"17","lease":"0","buttons":[{"id":"reconnect","label":"Reconnect","accessibleName":"Reconnect to the window system","disabled":false,"x":3,"y":6,"width":98.5,"height":36},{"id":"group:{\"lifetime\":\"16650415918116054614\",\"session\":\"2\",\"frontend\":\"1\"}:1:2:application:GTK Application","label":"ELM-AUTHORITY-FIXTUREAwaiting native confirmation","accessibleName":"Restore ELM-AUTHORITY-FIXTURE; awaiting native confirmation","disabled":true,"x":107.5,"y":5,"width":224.984375,"height":38}],"focus":"","text":"\nReconnect\n\nELM-AUTHORITY-FIXTURE\nAwaiting native confirmation\nConnection lost. Reconnect to continue. The last request could not be confirmed."}}
Web process terminated: 0
Web process terminated: 0
Web process terminated: 0
[00:13:51.454782] {Default Queue}  -> wl_display#1.sync(new id wl_callback#44)
[00:13:51.454910] {Display Queue} wl_display#1.delete_id(44)
[00:13:51.454933] {Default Queue} wl_callback#44.done(36)
native-recovery-ready: views=1 backend-normal=1
recovery-control: id=1 x=195 y=4 w=84 h=40
[00:13:51.458704] {mesa egl surface queue} wl_buffer#45.release()
[00:13:51.458730] {mesa egl surface queue} wl_callback#37.done(36)
[00:13:51.460800] {Default Queue}  -> wl_surface#41.set_input_region(nil)
[00:13:51.465414] {mesa egl surface queue}  -> wl_surface#41.attach(wl_buffer#45, 0, 0)
[00:13:51.465461] {mesa egl surface queue}  -> wl_surface#41.damage(0, 0, 2147483647, 2147483647)
[00:13:51.465478] {mesa egl surface queue}  -> wl_surface#41.commit()
[00:13:51.465488] {mesa egl surface queue}  -> wl_display#1.sync(new id wl_callback#37)
[00:13:51.466360] {Display Queue} wl_display#1.delete_id(37)
[00:13:51.475142] {mesa egl surface queue} wl_callback#37.done(36)
[00:13:51.475192] {mesa egl surface queue} wl_buffer#48.release()
[00:13:51.476748] {mesa egl surface queue}  -> wl_surface#41.attach(wl_buffer#48, 0, 0)
[00:13:51.476802] {mesa egl surface queue}  -> wl_surface#41.damage(0, 0, 2147483647, 2147483647)
[00:13:51.476835] {mesa egl surface queue}  -> wl_surface#41.commit()
[00:13:51.476866] {mesa egl surface queue}  -> wl_display#1.sync(new id wl_callback#37)
[00:13:51.477059] {Display Queue} wl_display#1.delete_id(37)
[00:13:51.492351] {mesa egl surface queue} wl_callback#37.done(36)
[00:13:51.492407] {mesa egl surface queue} wl_buffer#45.release()
[00:13:51.493994] {mesa egl surface queue}  -> wl_surface#41.attach(wl_buffer#45, 0, 0)
[00:13:51.494039] {mesa egl surface queue}  -> wl_surface#41.damage(0, 0, 2147483647, 2147483647)
[00:13:51.494054] {mesa egl surface queue}  -> wl_surface#41.commit()
[00:13:51.494064] {mesa egl surface queue}  -> wl_display#1.sync(new id wl_callback#37)
[00:13:51.494223] {Display Queue} wl_display#1.delete_id(37)
[00:13:51.509471] {mesa egl surface queue} wl_callback#37.done(36)
[00:13:51.509533] {mesa egl surface queue} wl_buffer#48.release()
[00:13:51.511138] {mesa egl surface queue}  -> wl_surface#41.attach(wl_buffer#48, 0, 0)
[00:13:51.511176] {mesa egl surface queue}  -> wl_surface#41.damage(0, 0, 2147483647, 2147483647)
[00:13:51.511189] {mesa egl surface queue}  -> wl_surface#41.commit()
[00:13:51.511199] {mesa egl surface queue}  -> wl_display#1.sync(new id wl_callback#37)
[00:13:51.511608] {Display Queue} wl_display#1.delete_id(37)
[00:13:51.526604] {mesa egl surface queue} wl_callback#37.done(36)
[00:13:51.526652] {mesa egl surface queue} wl_buffer#45.release()
[00:13:51.527906] {mesa egl surface queue}  -> wl_surface#41.attach(wl_buffer#45, 0, 0)
[00:13:51.527939] {mesa egl surface queue}  -> wl_surface#41.damage(0, 0, 2147483647, 2147483647)
[00:13:51.527951] {mesa egl surface queue}  -> wl_surface#41.commit()
[00:13:51.527961] {mesa egl surface queue}  -> wl_display#1.sync(new id wl_callback#37)
[00:13:51.539183] {Display Queue} wl_display#1.delete_id(37)
[00:13:51.543341] {mesa egl surface queue} wl_callback#37.done(36)
[00:13:51.544804] {mesa egl display queue}  -> zwp_linux_dmabuf_v1#39.create_params(new id zwp_linux_buffer_params_v1#37)
[00:13:51.544865] {mesa egl surface queue}  -> zwp_linux_buffer_params_v1#37.add(fd 22, 0, 0, 3584, 16777216, 15)
[00:13:51.544887] {mesa egl surface queue}  -> zwp_linux_buffer_params_v1#37.add(fd 24, 1, 229376, 448, 16777216, 15)
[00:13:51.544900] {mesa egl surface queue}  -> zwp_linux_buffer_params_v1#37.add(fd 25, 2, 233472, 64, 16777216, 15)
[00:13:51.544913] {mesa egl surface queue}  -> zwp_linux_buffer_params_v1#37.create_immed(new id wl_buffer#44, 800, 48, 875713089, 0)
[00:13:51.544931] {mesa egl surface queue}  -> zwp_linux_buffer_params_v1#37.destroy()
[00:13:51.544942] {mesa egl surface queue}  -> wl_surface#41.attach(wl_buffer#44, 0, 0)
[00:13:51.544953] {mesa egl surface queue}  -> wl_surface#41.damage(0, 0, 2147483647, 2147483647)
[00:13:51.544966] {mesa egl surface queue}  -> wl_surface#41.commit()
[00:13:51.544977] {mesa egl surface queue}  -> wl_display#1.sync(new id wl_callback#47)
[00:13:51.545439] {Display Queue} wl_display#1.delete_id(37)
[00:13:51.545483] {Display Queue} wl_display#1.delete_id(47)
[00:13:51.560300] {mesa egl surface queue} wl_callback#47.done(36)
[00:13:51.560335] {mesa egl surface queue} wl_buffer#48.release()
[00:13:51.560344] {mesa egl surface queue} wl_buffer#45.release()
[00:13:51.561199] {mesa egl surface queue}  -> wl_surface#41.attach(wl_buffer#45, 0, 0)
[00:13:51.561217] {mesa egl surface queue}  -> wl_surface#41.damage(0, 0, 2147483647, 2147483647)
[00:13:51.561225] {mesa egl surface queue}  -> wl_surface#41.commit()
[00:13:51.561231] {mesa egl surface queue}  -> wl_display#1.sync(new id wl_callback#47)
[00:13:51.561407] {Display Queue} wl_display#1.delete_id(47)
[00:13:51.577563] {mesa egl surface queue} wl_callback#47.done(36)
[00:13:51.577599] {mesa egl surface queue} wl_buffer#44.release()
[00:13:51.578427] {mesa egl surface queue}  -> wl_surface#41.attach(wl_buffer#44, 0, 0)
[00:13:51.578448] {mesa egl surface queue}  -> wl_surface#41.damage(0, 0, 2147483647, 2147483647)
[00:13:51.578457] {mesa egl surface queue}  -> wl_surface#41.commit()
[00:13:51.578472] {mesa egl surface queue}  -> wl_display#1.sync(new id wl_callback#47)
[00:13:51.578693] {Display Queue} wl_display#1.delete_id(47)
[00:13:51.594863] {mesa egl surface queue} wl_callback#47.done(36)
[00:13:51.594915] {mesa egl surface queue} wl_buffer#45.release()
[00:13:51.596401] {mesa egl surface queue}  -> wl_surface#41.attach(wl_buffer#45, 0, 0)
[00:13:51.596443] {mesa egl surface queue}  -> wl_surface#41.damage(0, 0, 2147483647, 2147483647)
[00:13:51.596457] {mesa egl surface queue}  -> wl_surface#41.commit()
[00:13:51.596468] {mesa egl surface queue}  -> wl_display#1.sync(new id wl_callback#47)
[00:13:51.596685] {Display Queue} wl_display#1.delete_id(47)
[00:13:51.612016] {mesa egl surface queue} wl_callback#47.done(36)
[00:13:51.612064] {mesa egl surface queue} wl_buffer#44.release()
[00:13:51.613315] {mesa egl surface queue}  -> wl_surface#41.attach(wl_buffer#44, 0, 0)
[00:13:51.613358] {mesa egl surface queue}  -> wl_surface#41.damage(0, 0, 2147483647, 2147483647)
[00:13:51.613374] {mesa egl surface queue}  -> wl_surface#41.commit()
[00:13:51.613385] {mesa egl surface queue}  -> wl_display#1.sync(new id wl_callback#47)
[00:13:51.613551] {Display Queue} wl_display#1.delete_id(47)
[00:13:51.628770] {mesa egl surface queue} wl_callback#47.done(36)
[00:13:51.628829] {mesa egl surface queue} wl_buffer#45.release()
[00:13:51.630332] {mesa egl surface queue}  -> wl_surface#41.attach(wl_buffer#45, 0, 0)
[00:13:51.630374] {mesa egl surface queue}  -> wl_surface#41.damage(0, 0, 2147483647, 2147483647)
[00:13:51.630389] {mesa egl surface queue}  -> wl_surface#41.commit()
[00:13:51.630400] {mesa egl surface queue}  -> wl_display#1.sync(new id wl_callback#47)
[00:13:51.630573] {Display Queue} wl_display#1.delete_id(47)
[00:13:51.645790] {mesa egl surface queue} wl_callback#47.done(36)
[00:13:51.645838] {mesa egl surface queue} wl_buffer#44.release()
[00:13:51.647304] {mesa egl surface queue}  -> wl_surface#41.attach(wl_buffer#44, 0, 0)
[00:13:51.647338] {mesa egl surface queue}  -> wl_surface#41.damage(0, 0, 2147483647, 2147483647)
[00:13:51.647352] {mesa egl surface queue}  -> wl_surface#41.commit()
[00:13:51.647362] {mesa egl surface queue}  -> wl_display#1.sync(new id wl_callback#47)
[00:13:51.647505] {Display Queue} wl_display#1.delete_id(47)
[00:13:51.662732] {mesa egl surface queue} wl_callback#47.done(36)
[00:13:51.662787] {mesa egl surface queue} wl_buffer#45.release()
[00:13:51.663887] {mesa egl surface queue}  -> wl_surface#41.attach(wl_buffer#45, 0, 0)
[00:13:51.663922] {mesa egl surface queue}  -> wl_surface#41.damage(0, 0, 2147483647, 2147483647)
[00:13:51.663934] {mesa egl surface queue}  -> wl_surface#41.commit()
[00:13:51.663944] {mesa egl surface queue}  -> wl_display#1.sync(new id wl_callback#47)
[00:13:51.664110] {Display Queue} wl_display#1.delete_id(47)
[00:13:51.679328] {mesa egl surface queue} wl_callback#47.done(36)
[00:13:51.679379] {mesa egl surface queue} wl_buffer#44.release()
[00:13:51.680779] {mesa egl surface queue}  -> wl_surface#41.attach(wl_buffer#44, 0, 0)
[00:13:51.680817] {mesa egl surface queue}  -> wl_surface#41.damage(0, 0, 2147483647, 2147483647)
[00:13:51.680831] {mesa egl surface queue}  -> wl_surface#41.commit()
[00:13:51.680840] {mesa egl surface queue}  -> wl_display#1.sync(new id wl_callback#47)
[00:13:51.680978] {Display Queue} wl_display#1.delete_id(47)
[00:13:52.255050] {Default Queue} wl_pointer#21.motion(123498190, 237.00000000, 24.00000000)
[00:13:52.255104] {Default Queue} wl_pointer#21.frame()
[00:13:52.355338] {Default Queue} wl_pointer#21.button(41, 123498290, 272, 1)
[00:13:52.355393] {Default Queue} wl_pointer#21.frame()
recovery-control: id=1 x=195 y=4 w=84 h=40
[00:13:52.372527] {mesa egl surface queue} wl_callback#47.done(36)
[00:13:52.372556] {mesa egl surface queue} wl_buffer#45.release()
[00:13:52.374060] {mesa egl surface queue}  -> wl_surface#41.attach(wl_buffer#45, 0, 0)
[00:13:52.374102] {mesa egl surface queue}  -> wl_surface#41.damage(0, 0, 2147483647, 2147483647)
[00:13:52.374118] {mesa egl surface queue}  -> wl_surface#41.commit()
[00:13:52.374150] {mesa egl surface queue}  -> wl_display#1.sync(new id wl_callback#47)
[00:13:52.374396] {Display Queue} wl_display#1.delete_id(47)
recovery-control: id=1 x=195 y=4 w=84 h=40
[00:13:52.388732] {mesa egl surface queue} wl_callback#47.done(41)
[00:13:52.388759] {mesa egl surface queue} wl_buffer#44.release()
[00:13:52.390294] {mesa egl surface queue}  -> wl_surface#41.attach(wl_buffer#44, 0, 0)
[00:13:52.390339] {mesa egl surface queue}  -> wl_surface#41.damage(0, 0, 2147483647, 2147483647)
[00:13:52.390355] {mesa egl surface queue}  -> wl_surface#41.commit()
[00:13:52.390365] {mesa egl surface queue}  -> wl_display#1.sync(new id wl_callback#47)
[00:13:52.390617] {Display Queue} wl_display#1.delete_id(47)
recovery-control: id=1 x=195 y=4 w=84 h=40
[00:13:52.405948] {mesa egl surface queue} wl_callback#47.done(41)
[00:13:52.405974] {mesa egl surface queue} wl_buffer#45.release()
[00:13:52.406785] {mesa egl surface queue}  -> wl_surface#41.attach(wl_buffer#45, 0, 0)
[00:13:52.406821] {mesa egl surface queue}  -> wl_surface#41.damage(0, 0, 2147483647, 2147483647)
[00:13:52.406834] {mesa egl surface queue}  -> wl_surface#41.commit()
[00:13:52.406844] {mesa egl surface queue}  -> wl_display#1.sync(new id wl_callback#47)
[00:13:52.406952] {Default Queue} wl_pointer#21.button(42, 123498341, 272, 0)
[00:13:52.406981] {Default Queue} wl_pointer#21.frame()
recovery-restart-requested
[00:13:52.407097] {Default Queue}  -> wl_display#1.sync(new id wl_callback#37)
[00:13:52.407122] {Display Queue} wl_display#1.delete_id(47)
[00:13:52.407308] {Display Queue} wl_display#1.delete_id(37)
[00:13:52.407318] {Default Queue} wl_callback#37.done(42)
[00:13:52.407378] {Default Queue}  -> zwlr_layer_surface_v1#43.destroy()
[00:13:52.407414] {Default Queue}  -> wl_surface#41.destroy()
[00:13:52.407460] {mesa egl surface queue}  -> wl_buffer#44.destroy()
[00:13:52.407519] {mesa egl surface queue}  -> wl_buffer#45.destroy()
[00:13:52.407530] {mesa egl surface queue}  -> wl_buffer#48.destroy()
[00:13:52.407553] {mesa egl surface queue}  -> zwp_linux_dmabuf_feedback_v1#46.destroy()
view-retired: id=1
[00:13:52.411355] discarded [unknown]#44.[event 0](0 fd, 8 byte)
[00:13:52.417544] discarded [unknown]#44.[event 0](0 fd, 8 byte)
[00:13:52.417578] discarded [unknown]#44.[event 0](0 fd, 8 byte)
[00:13:52.417588] discarded [unknown]#45.[event 0](0 fd, 8 byte)
[00:13:52.417594] discarded [unknown]#48.[event 0](0 fd, 8 byte)
[00:13:52.417600] discarded [unknown]#48.[event 0](0 fd, 8 byte)
[00:13:52.417617] {Display Queue} wl_display#1.delete_id(43)
[00:13:52.417642] {Display Queue} wl_display#1.delete_id(44)
[00:13:52.417664] {Display Queue} wl_display#1.delete_id(48)
[00:13:52.417673] {Display Queue} wl_display#1.delete_id(46)
[00:13:52.417683] {Display Queue} wl_display#1.delete_id(41)
[00:13:52.417691] {Default Queue} wl_pointer#21.leave(44, nil)
[00:13:52.417700] {Default Queue} wl_pointer#21.frame()
[00:13:52.422817] discarded [unknown]#45.[event 0](0 fd, 8 byte)
[00:13:52.422847] discarded [unknown]#45.[event 0](0 fd, 8 byte)
[00:13:52.422871] {Display Queue} wl_display#1.delete_id(45)
shared-host-exit: failure=1 rendered=1
