node:internal/assert/utils:146
  throw error;
  ^

AssertionError [ERR_ASSERTION]: Exact ordered transmission attempts
+ actual - expected

  [
    1n,
    2n,
+   2n
  ]

    at Object.<anonymous> (/home/hoskinson/omarchy-windows-parity/implementation/warlock-preview-provider-v96/qa/control-outbox-confirmation-model-check-1791330616698785550/replay-packet-on-old-receipt/qa/control-outbox-confirmation-replay.js:40:9)
    at Module._compile (node:internal/modules/cjs/loader:1956:14)
    at Object..js (node:internal/modules/cjs/loader:2096:10)
    at Module.load (node:internal/modules/cjs/loader:1678:32)
    at Module._load (node:internal/modules/cjs/loader:1470:12)
    at wrapModuleLoad (node:internal/modules/cjs/loader:261:19)
    at Module.executeUserEntryPoint [as runMain] (node:internal/modules/run_main:171:5)
    at node:internal/main/run_main_module:33:47 {
  generatedMessage: false,
  code: 'ERR_ASSERTION',
  actual: [ 1n, 2n, 2n ],
  expected: [ 1n, 2n ],
  operator: 'deepStrictEqual',
  diff: 'simple'
}

Node.js v26.10.0
