[19:16:52.767764] {Default Queue}  -> wl_display#1.get_registry(new id wl_registry#2)
[19:16:52.767805] {Default Queue}  -> wl_display#1.sync(new id wl_callback#3)
[19:16:52.896919] {Display Queue} wl_display#1.delete_id(3)
[19:16:52.896941] {Default Queue} wl_registry#2.global(1, "wl_seat", 9)
[19:16:52.896953] {Default Queue} wl_registry#2.global(2, "wl_data_device_manager", 3)
[19:16:52.896960] {Default Queue}  -> wl_registry#2.bind(2, "wl_data_device_manager", 3, new id [unknown]#4)
[19:16:52.896965] {Default Queue} wl_registry#2.global(3, "wl_compositor", 6)
[19:16:52.896969] {Default Queue}  -> wl_registry#2.bind(3, "wl_compositor", 3, new id [unknown]#5)
[19:16:52.896974] {Default Queue} wl_registry#2.global(4, "wl_subcompositor", 1)
[19:16:52.896978] {Default Queue}  -> wl_registry#2.bind(4, "wl_subcompositor", 1, new id [unknown]#6)
[19:16:52.896982] {Default Queue} wl_registry#2.global(5, "wl_shm", 2)
[19:16:52.896985] {Default Queue}  -> wl_registry#2.bind(5, "wl_shm", 1, new id [unknown]#7)
[19:16:52.896989] {Default Queue} wl_registry#2.global(6, "wp_viewporter", 1)
[19:16:52.896993] {Default Queue} wl_registry#2.global(7, "wp_tearing_control_manager_v1", 1)
[19:16:52.896997] {Default Queue} wl_registry#2.global(8, "wp_fractional_scale_manager_v1", 1)
[19:16:52.897002] {Default Queue} wl_registry#2.global(9, "zxdg_output_manager_v1", 3)
[19:16:52.897006] {Default Queue}  -> wl_registry#2.bind(9, "zxdg_output_manager_v1", 3, new id [unknown]#8)
[19:16:52.897011] {Default Queue}  -> wl_display#1.sync(new id wl_callback#9)
[19:16:52.897015] {Default Queue} wl_registry#2.global(10, "wp_cursor_shape_manager_v1", 2)
[19:16:52.897019] {Default Queue}  -> wl_registry#2.bind(10, "wp_cursor_shape_manager_v1", 1, new id [unknown]#10)
[19:16:52.897022] {Default Queue} wl_registry#2.global(11, "zwp_idle_inhibit_manager_v1", 1)
[19:16:52.897026] {Default Queue} wl_registry#2.global(12, "zwp_relative_pointer_manager_v1", 1)
[19:16:52.897030] {Default Queue} wl_registry#2.global(13, "zxdg_decoration_manager_v1", 2)
[19:16:52.897034] {Default Queue} wl_registry#2.global(14, "wp_alpha_modifier_v1", 1)
[19:16:52.897037] {Default Queue} wl_registry#2.global(15, "zwlr_gamma_control_manager_v1", 1)
[19:16:52.897041] {Default Queue} wl_registry#2.global(16, "ext_foreign_toplevel_list_v1", 1)
[19:16:52.897045] {Default Queue} wl_registry#2.global(17, "zwp_pointer_gestures_v1", 3)
[19:16:52.897051] {Default Queue}  -> wl_registry#2.bind(17, "zwp_pointer_gestures_v1", 1, new id [unknown]#11)
[19:16:52.897055] {Default Queue} wl_registry#2.global(18, "zwlr_foreign_toplevel_manager_v1", 3)
[19:16:52.897059] {Default Queue} wl_registry#2.global(19, "zwp_keyboard_shortcuts_inhibit_manager_v1", 1)
[19:16:52.897063] {Default Queue}  -> wl_registry#2.bind(19, "zwp_keyboard_shortcuts_inhibit_manager_v1", 1, new id [unknown]#12)
[19:16:52.897069] {Default Queue} wl_registry#2.global(20, "zwp_text_input_manager_v1", 1)
[19:16:52.897073] {Default Queue} wl_registry#2.global(21, "zwp_text_input_manager_v3", 1)
[19:16:52.897076] {Default Queue} wl_registry#2.global(22, "zwp_pointer_constraints_v1", 1)
[19:16:52.897080] {Default Queue} wl_registry#2.global(23, "zwlr_output_power_manager_v1", 1)
[19:16:52.897083] {Default Queue} wl_registry#2.global(24, "xdg_activation_v1", 1)
[19:16:52.897087] {Default Queue}  -> wl_registry#2.bind(24, "xdg_activation_v1", 1, new id [unknown]#13)
[19:16:52.897091] {Default Queue} wl_registry#2.global(25, "ext_idle_notifier_v1", 2)
[19:16:52.897095] {Default Queue} wl_registry#2.global(26, "hyprland_lock_notifier_v1", 1)
[19:16:52.897099] {Default Queue} wl_registry#2.global(27, "ext_session_lock_manager_v1", 1)
[19:16:52.897103] {Default Queue} wl_registry#2.global(28, "zwp_input_method_manager_v2", 1)
[19:16:52.897107] {Default Queue} wl_registry#2.global(29, "zwp_virtual_keyboard_manager_v1", 1)
[19:16:52.897111] {Default Queue} wl_registry#2.global(30, "zwlr_virtual_pointer_manager_v1", 2)
[19:16:52.897115] {Default Queue} wl_registry#2.global(31, "zwlr_output_manager_v1", 4)
[19:16:52.897120] {Default Queue} wl_registry#2.global(32, "org_kde_kwin_server_decoration_manager", 1)
[19:16:52.897131] {Default Queue}  -> wl_registry#2.bind(32, "org_kde_kwin_server_decoration_manager", 1, new id [unknown]#14)
[19:16:52.897139] {Default Queue} wl_registry#2.global(33, "hyprland_focus_grab_manager_v1", 1)
[19:16:52.897143] {Default Queue} wl_registry#2.global(34, "zwp_tablet_manager_v2", 1)
[19:16:52.897147] {Default Queue}  -> wl_registry#2.bind(34, "zwp_tablet_manager_v2", 1, new id [unknown]#15)
[19:16:52.897150] {Default Queue} wl_registry#2.global(35, "zwlr_layer_shell_v1", 5)
[19:16:52.897154] {Default Queue} wl_registry#2.global(36, "wp_presentation", 2)
[19:16:52.897158] {Default Queue} wl_registry#2.global(37, "xdg_wm_base", 7)
[19:16:52.897162] {Default Queue} wl_registry#2.global(38, "zwlr_data_control_manager_v1", 2)
[19:16:52.897165] {Default Queue} wl_registry#2.global(39, "zwp_primary_selection_device_manager_v1", 1)
[19:16:52.897169] {Default Queue}  -> wl_registry#2.bind(39, "zwp_primary_selection_device_manager_v1", 1, new id [unknown]#16)
[19:16:52.897172] {Default Queue} wl_registry#2.global(40, "xwayland_shell_v1", 1)
[19:16:52.897176] {Default Queue} wl_registry#2.global(41, "hyprland_toplevel_mapping_manager_v1", 1)
[19:16:52.897180] {Default Queue} wl_registry#2.global(42, "hyprland_global_shortcuts_manager_v1", 1)
[19:16:52.897184] {Default Queue} wl_registry#2.global(43, "xdg_wm_dialog_v1", 1)
[19:16:52.897187] {Default Queue} wl_registry#2.global(44, "wp_single_pixel_buffer_manager_v1", 1)
[19:16:52.897191] {Default Queue} wl_registry#2.global(45, "wp_security_context_manager_v1", 1)
[19:16:52.897194] {Default Queue} wl_registry#2.global(46, "hyprland_ctm_control_manager_v1", 2)
[19:16:52.897198] {Default Queue} wl_registry#2.global(47, "hyprland_input_capture_manager_v1", 1)
[19:16:52.897201] {Default Queue} wl_registry#2.global(48, "hyprland_surface_manager_v1", 2)
[19:16:52.897205] {Default Queue} wl_registry#2.global(49, "wp_content_type_manager_v1", 1)
[19:16:52.897209] {Default Queue} wl_registry#2.global(50, "xdg_toplevel_tag_manager_v1", 1)
[19:16:52.897212] {Default Queue} wl_registry#2.global(51, "xdg_system_bell_v1", 1)
[19:16:52.897216] {Default Queue} wl_registry#2.global(52, "vicinae_hotkey_manager_v1", 1)
[19:16:52.897220] {Default Queue} wl_registry#2.global(53, "ext_workspace_manager_v1", 1)
[19:16:52.897224] {Default Queue} wl_registry#2.global(54, "ext_data_control_manager_v1", 1)
[19:16:52.897228] {Default Queue} wl_registry#2.global(55, "wp_pointer_warp_v1", 1)
[19:16:52.897231] {Default Queue} wl_registry#2.global(56, "wp_fifo_manager_v1", 1)
[19:16:52.897235] {Default Queue} wl_registry#2.global(57, "zxdg_exporter_v2", 1)
[19:16:52.897239] {Default Queue}  -> wl_registry#2.bind(57, "zxdg_exporter_v2", 1, new id [unknown]#17)
[19:16:52.897242] {Default Queue} wl_registry#2.global(58, "zxdg_importer_v2", 1)
[19:16:52.897246] {Default Queue}  -> wl_registry#2.bind(58, "zxdg_importer_v2", 1, new id [unknown]#18)
[19:16:52.897254] {Default Queue} wl_registry#2.global(59, "ext_background_effect_manager_v1", 1)
[19:16:52.897258] {Default Queue} wl_registry#2.global(60, "wp_commit_timing_manager_v1", 1)
[19:16:52.897261] {Default Queue} wl_registry#2.global(61, "zwlr_screencopy_manager_v1", 3)
[19:16:52.897267] {Default Queue} wl_registry#2.global(62, "hyprland_toplevel_export_manager_v1", 2)
[19:16:52.897271] {Default Queue} wl_registry#2.global(63, "ext_output_image_capture_source_manager_v1", 1)
[19:16:52.897277] {Default Queue} wl_registry#2.global(64, "ext_foreign_toplevel_image_capture_source_manager_v1", 1)
[19:16:52.897281] {Default Queue} wl_registry#2.global(65, "ext_image_copy_capture_manager_v1", 1)
[19:16:52.897284] {Default Queue} wl_registry#2.global(66, "wp_color_manager_v1", 3)
[19:16:52.897288] {Default Queue} wl_registry#2.global(67, "wl_drm", 2)
[19:16:52.897291] {Default Queue} wl_registry#2.global(68, "zwp_linux_dmabuf_v1", 5)
[19:16:52.897295] {Default Queue} wl_registry#2.global(69, "wl_output", 4)
[19:16:52.897298] {Default Queue}  -> wl_registry#2.bind(69, "wl_output", 2, new id [unknown]#19)
[19:16:52.897362] {Default Queue}  -> zxdg_output_manager_v1#8.get_xdg_output(new id zxdg_output_v1#20, wl_output#19)
[19:16:52.897370] {Default Queue}  -> wl_display#1.sync(new id wl_callback#21)
[19:16:52.897374] {Default Queue} wl_callback#3.done(11)
[19:16:52.897434] {Default Queue}  -> wl_shm#7.create_pool(new id wl_shm_pool#3, fd 9, 2304)
[19:16:52.897538] {Default Queue}  -> wl_shm_pool#3.resize(6912)
[19:16:52.897600] {Default Queue}  -> wl_shm_pool#3.resize(16128)
[19:16:52.897699] {Default Queue}  -> wl_shm_pool#3.resize(34560)
[19:16:52.897893] {Default Queue}  -> wl_shm_pool#3.resize(71424)
[19:16:52.898240] {Default Queue}  -> wl_shm_pool#3.resize(145152)
[19:16:52.899556] {Default Queue}  -> wl_shm_pool#3.resize(292608)
[19:16:52.901062] {Default Queue}  -> wl_shm_pool#3.resize(587520)
[19:16:52.906817] {Default Queue}  -> wl_registry#2.bind(1, "wl_seat", 5, new id [unknown]#22)
[19:16:52.909110] {Default Queue}  -> wl_compositor#5.create_surface(new id wl_surface#23)
[19:16:52.909132] {Default Queue}  -> zwp_primary_selection_device_manager_v1#16.get_device(new id zwp_primary_selection_device_v1#24, wl_seat#22)
[19:16:52.909142] {Default Queue}  -> wl_data_device_manager#4.get_data_device(new id wl_data_device#25, wl_seat#22)
[19:16:52.909209] {Default Queue}  -> wl_compositor#5.create_surface(new id wl_surface#26)
[19:16:52.909215] {Default Queue}  -> zwp_tablet_manager_v2#15.get_tablet_seat(new id zwp_tablet_seat_v2#27, wl_seat#22)
[19:16:52.909222] {Default Queue}  -> wl_display#1.sync(new id wl_callback#28)
[19:16:52.909428] {Display Queue} wl_display#1.delete_id(9)
[19:16:52.909436] {Display Queue} wl_display#1.delete_id(21)
[19:16:52.909440] {Display Queue} wl_display#1.delete_id(28)
[19:16:52.909444] {Default Queue} wl_shm#7.format(0)
[19:16:52.909447] {Default Queue} wl_shm#7.format(1)
[19:16:52.909450] {Default Queue} wl_shm#7.format(875709016)
[19:16:52.909454] {Default Queue} wl_shm#7.format(875708993)
[19:16:52.909457] {Default Queue} wl_shm#7.format(808669784)
[19:16:52.909460] {Default Queue} wl_shm#7.format(808669761)
[19:16:52.909463] {Default Queue} wl_shm#7.format(808665688)
[19:16:52.909466] {Default Queue} wl_shm#7.format(808665665)
[19:16:52.909469] {Default Queue} wl_callback#9.done(11)
[19:16:52.909473] {Default Queue} org_kde_kwin_server_decoration_manager#14.default_mode(2)
[19:16:52.909478] {Default Queue} wl_output#19.scale(1)
[19:16:52.909482] {Default Queue} wl_output#19.mode(1, 800, 600, 60000)
[19:16:52.909487] {Default Queue} wl_output#19.geometry(0, 0, 0, 0, 1, "", "", 0)
[19:16:52.909495] {Default Queue} wl_output#19.done()
[19:16:52.909504] {Default Queue} zxdg_output_v1#20.name("WAYLAND-1")
[19:16:52.909509] {Default Queue} zxdg_output_v1#20.logical_position(0, 0)
[19:16:52.909513] {Default Queue} zxdg_output_v1#20.logical_size(800, 600)
[19:16:52.909516] {Default Queue} wl_output#19.done()
[19:16:52.909521] {Default Queue} wl_callback#21.done(11)
[19:16:52.909525] {Default Queue} wl_seat#22.name("Hyprland")
[19:16:52.909529] {Default Queue} wl_seat#22.capabilities(3)
[19:16:52.909532] {Default Queue}  -> wl_seat#22.get_pointer(new id wl_pointer#21)
[19:16:52.909541] {Default Queue}  -> zwp_pointer_gestures_v1#11.get_swipe_gesture(new id zwp_pointer_gesture_swipe_v1#9, wl_pointer#21)
[19:16:52.909548] {Default Queue}  -> zwp_pointer_gestures_v1#11.get_pinch_gesture(new id zwp_pointer_gesture_pinch_v1#29, wl_pointer#21)
[19:16:52.909553] {Default Queue}  -> wp_cursor_shape_manager_v1#10.get_pointer(new id wp_cursor_shape_device_v1#30, wl_pointer#21)
[19:16:52.909560] {Default Queue}  -> wl_seat#22.get_keyboard(new id wl_keyboard#31)
[19:16:52.909568] {Default Queue} wl_callback#28.done(11)
[19:16:52.909572] {Default Queue}  -> wl_registry#2.bind(37, "xdg_wm_base", 6, new id [unknown]#28)
[19:16:52.931475] {Default Queue}  -> wl_display#1.get_registry(new id wl_registry#32)
[19:16:52.931502] {Default Queue}  -> wl_display#1.sync(new id wl_callback#33)
[19:16:52.931851] {Display Queue} wl_display#1.delete_id(33)
[19:16:52.931882] {Default Queue} wl_keyboard#31.keymap(1, fd 9, 35572)
[19:16:52.933067] {Default Queue} wl_keyboard#31.repeat_info(25, 600)
[19:16:52.933092] {Default Queue} wl_registry#32.global(1, "wl_seat", 9)
[19:16:52.933106] {Default Queue} wl_registry#32.global(2, "wl_data_device_manager", 3)
[19:16:52.933111] {Default Queue} wl_registry#32.global(3, "wl_compositor", 6)
[19:16:52.933116] {Default Queue} wl_registry#32.global(4, "wl_subcompositor", 1)
[19:16:52.933120] {Default Queue} wl_registry#32.global(5, "wl_shm", 2)
[19:16:52.933123] {Default Queue} wl_registry#32.global(6, "wp_viewporter", 1)
[19:16:52.933127] {Default Queue} wl_registry#32.global(7, "wp_tearing_control_manager_v1", 1)
[19:16:52.933130] {Default Queue} wl_registry#32.global(8, "wp_fractional_scale_manager_v1", 1)
[19:16:52.933134] {Default Queue} wl_registry#32.global(9, "zxdg_output_manager_v1", 3)
[19:16:52.933137] {Default Queue} wl_registry#32.global(10, "wp_cursor_shape_manager_v1", 2)
[19:16:52.933141] {Default Queue} wl_registry#32.global(11, "zwp_idle_inhibit_manager_v1", 1)
[19:16:52.933145] {Default Queue} wl_registry#32.global(12, "zwp_relative_pointer_manager_v1", 1)
[19:16:52.933149] {Default Queue} wl_registry#32.global(13, "zxdg_decoration_manager_v1", 2)
[19:16:52.933153] {Default Queue} wl_registry#32.global(14, "wp_alpha_modifier_v1", 1)
[19:16:52.933156] {Default Queue} wl_registry#32.global(15, "zwlr_gamma_control_manager_v1", 1)
[19:16:52.933160] {Default Queue} wl_registry#32.global(16, "ext_foreign_toplevel_list_v1", 1)
[19:16:52.933163] {Default Queue} wl_registry#32.global(17, "zwp_pointer_gestures_v1", 3)
[19:16:52.933167] {Default Queue} wl_registry#32.global(18, "zwlr_foreign_toplevel_manager_v1", 3)
[19:16:52.933171] {Default Queue} wl_registry#32.global(19, "zwp_keyboard_shortcuts_inhibit_manager_v1", 1)
[19:16:52.933175] {Default Queue} wl_registry#32.global(20, "zwp_text_input_manager_v1", 1)
[19:16:52.933178] {Default Queue} wl_registry#32.global(21, "zwp_text_input_manager_v3", 1)
[19:16:52.933182] {Default Queue} wl_registry#32.global(22, "zwp_pointer_constraints_v1", 1)
[19:16:52.933186] {Default Queue} wl_registry#32.global(23, "zwlr_output_power_manager_v1", 1)
[19:16:52.933189] {Default Queue} wl_registry#32.global(24, "xdg_activation_v1", 1)
[19:16:52.933193] {Default Queue} wl_registry#32.global(25, "ext_idle_notifier_v1", 2)
[19:16:52.933196] {Default Queue} wl_registry#32.global(26, "hyprland_lock_notifier_v1", 1)
[19:16:52.933200] {Default Queue} wl_registry#32.global(27, "ext_session_lock_manager_v1", 1)
[19:16:52.933204] {Default Queue} wl_registry#32.global(28, "zwp_input_method_manager_v2", 1)
[19:16:52.933207] {Default Queue} wl_registry#32.global(29, "zwp_virtual_keyboard_manager_v1", 1)
[19:16:52.933211] {Default Queue} wl_registry#32.global(30, "zwlr_virtual_pointer_manager_v1", 2)
[19:16:52.933215] {Default Queue} wl_registry#32.global(31, "zwlr_output_manager_v1", 4)
[19:16:52.933219] {Default Queue} wl_registry#32.global(32, "org_kde_kwin_server_decoration_manager", 1)
[19:16:52.933223] {Default Queue} wl_registry#32.global(33, "hyprland_focus_grab_manager_v1", 1)
[19:16:52.933227] {Default Queue} wl_registry#32.global(34, "zwp_tablet_manager_v2", 1)
[19:16:52.933231] {Default Queue} wl_registry#32.global(35, "zwlr_layer_shell_v1", 5)
[19:16:52.933236] {Default Queue}  -> wl_registry#32.bind(35, "zwlr_layer_shell_v1", 4, new id [unknown]#34)
[19:16:52.933242] {Default Queue} wl_registry#32.global(36, "wp_presentation", 2)
[19:16:52.933251] {Default Queue} wl_registry#32.global(37, "xdg_wm_base", 7)
[19:16:52.933256] {Default Queue}  -> wl_registry#32.bind(37, "xdg_wm_base", 7, new id [unknown]#35)
[19:16:52.933261] {Default Queue} wl_registry#32.global(38, "zwlr_data_control_manager_v1", 2)
[19:16:52.933264] {Default Queue} wl_registry#32.global(39, "zwp_primary_selection_device_manager_v1", 1)
[19:16:52.933268] {Default Queue} wl_registry#32.global(40, "xwayland_shell_v1", 1)
[19:16:52.933272] {Default Queue} wl_registry#32.global(41, "hyprland_toplevel_mapping_manager_v1", 1)
[19:16:52.933276] {Default Queue} wl_registry#32.global(42, "hyprland_global_shortcuts_manager_v1", 1)
[19:16:52.933285] {Default Queue} wl_registry#32.global(43, "xdg_wm_dialog_v1", 1)
[19:16:52.933292] {Default Queue} wl_registry#32.global(44, "wp_single_pixel_buffer_manager_v1", 1)
[19:16:52.933295] {Default Queue} wl_registry#32.global(45, "wp_security_context_manager_v1", 1)
[19:16:52.933299] {Default Queue} wl_registry#32.global(46, "hyprland_ctm_control_manager_v1", 2)
[19:16:52.933303] {Default Queue} wl_registry#32.global(47, "hyprland_input_capture_manager_v1", 1)
[19:16:52.933307] {Default Queue} wl_registry#32.global(48, "hyprland_surface_manager_v1", 2)
[19:16:52.933311] {Default Queue} wl_registry#32.global(49, "wp_content_type_manager_v1", 1)
[19:16:52.933314] {Default Queue} wl_registry#32.global(50, "xdg_toplevel_tag_manager_v1", 1)
[19:16:52.933318] {Default Queue} wl_registry#32.global(51, "xdg_system_bell_v1", 1)
[19:16:52.933321] {Default Queue} wl_registry#32.global(52, "vicinae_hotkey_manager_v1", 1)
[19:16:52.933325] {Default Queue} wl_registry#32.global(53, "ext_workspace_manager_v1", 1)
[19:16:52.933329] {Default Queue} wl_registry#32.global(54, "ext_data_control_manager_v1", 1)
[19:16:52.933332] {Default Queue} wl_registry#32.global(55, "wp_pointer_warp_v1", 1)
[19:16:52.933336] {Default Queue} wl_registry#32.global(56, "wp_fifo_manager_v1", 1)
[19:16:52.933339] {Default Queue} wl_registry#32.global(57, "zxdg_exporter_v2", 1)
[19:16:52.933343] {Default Queue} wl_registry#32.global(58, "zxdg_importer_v2", 1)
[19:16:52.933346] {Default Queue} wl_registry#32.global(59, "ext_background_effect_manager_v1", 1)
[19:16:52.933350] {Default Queue} wl_registry#32.global(60, "wp_commit_timing_manager_v1", 1)
[19:16:52.933353] {Default Queue} wl_registry#32.global(61, "zwlr_screencopy_manager_v1", 3)
[19:16:52.933357] {Default Queue} wl_registry#32.global(62, "hyprland_toplevel_export_manager_v1", 2)
[19:16:52.933361] {Default Queue} wl_registry#32.global(63, "ext_output_image_capture_source_manager_v1", 1)
[19:16:52.933365] {Default Queue} wl_registry#32.global(64, "ext_foreign_toplevel_image_capture_source_manager_v1", 1)
[19:16:52.933369] {Default Queue} wl_registry#32.global(65, "ext_image_copy_capture_manager_v1", 1)
[19:16:52.933372] {Default Queue} wl_registry#32.global(66, "wp_color_manager_v1", 3)
[19:16:52.933376] {Default Queue} wl_registry#32.global(67, "wl_drm", 2)
[19:16:52.933380] {Default Queue} wl_registry#32.global(68, "zwp_linux_dmabuf_v1", 5)
[19:16:52.933384] {Default Queue} wl_registry#32.global(69, "wl_output", 4)
[19:16:52.933387] {Default Queue} wl_callback#33.done(11)
[19:16:52.972694] {Default Queue}  -> wl_compositor#5.create_surface(new id wl_surface#33)
[19:16:52.973160] {mesa egl display queue}  -> wl_display#1.get_registry(new id wl_registry#36)
[19:16:52.973172] {mesa egl display queue}  -> wl_display#1.sync(new id wl_callback#37)
[19:16:52.973334] {Display Queue} wl_display#1.delete_id(37)
[19:16:52.973342] {mesa egl display queue} wl_registry#36.global(1, "wl_seat", 9)
[19:16:52.973349] {mesa egl display queue} wl_registry#36.global(2, "wl_data_device_manager", 3)
[19:16:52.973353] {mesa egl display queue} wl_registry#36.global(3, "wl_compositor", 6)
[19:16:52.973357] {mesa egl display queue} wl_registry#36.global(4, "wl_subcompositor", 1)
[19:16:52.973360] {mesa egl display queue} wl_registry#36.global(5, "wl_shm", 2)
[19:16:52.973364] {mesa egl display queue} wl_registry#36.global(6, "wp_viewporter", 1)
[19:16:52.973367] {mesa egl display queue} wl_registry#36.global(7, "wp_tearing_control_manager_v1", 1)
[19:16:52.973370] {mesa egl display queue} wl_registry#36.global(8, "wp_fractional_scale_manager_v1", 1)
[19:16:52.973374] {mesa egl display queue} wl_registry#36.global(9, "zxdg_output_manager_v1", 3)
[19:16:52.973377] {mesa egl display queue} wl_registry#36.global(10, "wp_cursor_shape_manager_v1", 2)
[19:16:52.973380] {mesa egl display queue} wl_registry#36.global(11, "zwp_idle_inhibit_manager_v1", 1)
[19:16:52.973384] {mesa egl display queue} wl_registry#36.global(12, "zwp_relative_pointer_manager_v1", 1)
[19:16:52.973387] {mesa egl display queue} wl_registry#36.global(13, "zxdg_decoration_manager_v1", 2)
[19:16:52.973398] {mesa egl display queue} wl_registry#36.global(14, "wp_alpha_modifier_v1", 1)
[19:16:52.973410] {mesa egl display queue} wl_registry#36.global(15, "zwlr_gamma_control_manager_v1", 1)
[19:16:52.973414] {mesa egl display queue} wl_registry#36.global(16, "ext_foreign_toplevel_list_v1", 1)
[19:16:52.973418] {mesa egl display queue} wl_registry#36.global(17, "zwp_pointer_gestures_v1", 3)
[19:16:52.973421] {mesa egl display queue} wl_registry#36.global(18, "zwlr_foreign_toplevel_manager_v1", 3)
[19:16:52.973424] {mesa egl display queue} wl_registry#36.global(19, "zwp_keyboard_shortcuts_inhibit_manager_v1", 1)
[19:16:52.973428] {mesa egl display queue} wl_registry#36.global(20, "zwp_text_input_manager_v1", 1)
[19:16:52.973431] {mesa egl display queue} wl_registry#36.global(21, "zwp_text_input_manager_v3", 1)
[19:16:52.973435] {mesa egl display queue} wl_registry#36.global(22, "zwp_pointer_constraints_v1", 1)
[19:16:52.973438] {mesa egl display queue} wl_registry#36.global(23, "zwlr_output_power_manager_v1", 1)
[19:16:52.973441] {mesa egl display queue} wl_registry#36.global(24, "xdg_activation_v1", 1)
[19:16:52.973445] {mesa egl display queue} wl_registry#36.global(25, "ext_idle_notifier_v1", 2)
[19:16:52.973448] {mesa egl display queue} wl_registry#36.global(26, "hyprland_lock_notifier_v1", 1)
[19:16:52.973451] {mesa egl display queue} wl_registry#36.global(27, "ext_session_lock_manager_v1", 1)
[19:16:52.973454] {mesa egl display queue} wl_registry#36.global(28, "zwp_input_method_manager_v2", 1)
[19:16:52.973458] {mesa egl display queue} wl_registry#36.global(29, "zwp_virtual_keyboard_manager_v1", 1)
[19:16:52.973461] {mesa egl display queue} wl_registry#36.global(30, "zwlr_virtual_pointer_manager_v1", 2)
[19:16:52.973464] {mesa egl display queue} wl_registry#36.global(31, "zwlr_output_manager_v1", 4)
[19:16:52.973468] {mesa egl display queue} wl_registry#36.global(32, "org_kde_kwin_server_decoration_manager", 1)
[19:16:52.973471] {mesa egl display queue} wl_registry#36.global(33, "hyprland_focus_grab_manager_v1", 1)
[19:16:52.973474] {mesa egl display queue} wl_registry#36.global(34, "zwp_tablet_manager_v2", 1)
[19:16:52.973478] {mesa egl display queue} wl_registry#36.global(35, "zwlr_layer_shell_v1", 5)
[19:16:52.973481] {mesa egl display queue} wl_registry#36.global(36, "wp_presentation", 2)
[19:16:52.973485] {mesa egl display queue}  -> wl_registry#36.bind(36, "wp_presentation", 1, new id [unknown]#38)
[19:16:52.973489] {mesa egl display queue} wl_registry#36.global(37, "xdg_wm_base", 7)
[19:16:52.973493] {mesa egl display queue} wl_registry#36.global(38, "zwlr_data_control_manager_v1", 2)
[19:16:52.973496] {mesa egl display queue} wl_registry#36.global(39, "zwp_primary_selection_device_manager_v1", 1)
[19:16:52.973500] {mesa egl display queue} wl_registry#36.global(40, "xwayland_shell_v1", 1)
[19:16:52.973503] {mesa egl display queue} wl_registry#36.global(41, "hyprland_toplevel_mapping_manager_v1", 1)
[19:16:52.973506] {mesa egl display queue} wl_registry#36.global(42, "hyprland_global_shortcuts_manager_v1", 1)
[19:16:52.973510] {mesa egl display queue} wl_registry#36.global(43, "xdg_wm_dialog_v1", 1)
[19:16:52.973513] {mesa egl display queue} wl_registry#36.global(44, "wp_single_pixel_buffer_manager_v1", 1)
[19:16:52.973516] {mesa egl display queue} wl_registry#36.global(45, "wp_security_context_manager_v1", 1)
[19:16:52.973520] {mesa egl display queue} wl_registry#36.global(46, "hyprland_ctm_control_manager_v1", 2)
[19:16:52.973523] {mesa egl display queue} wl_registry#36.global(47, "hyprland_input_capture_manager_v1", 1)
[19:16:52.973527] {mesa egl display queue} wl_registry#36.global(48, "hyprland_surface_manager_v1", 2)
[19:16:52.973530] {mesa egl display queue} wl_registry#36.global(49, "wp_content_type_manager_v1", 1)
[19:16:52.973534] {mesa egl display queue} wl_registry#36.global(50, "xdg_toplevel_tag_manager_v1", 1)
[19:16:52.973537] {mesa egl display queue} wl_registry#36.global(51, "xdg_system_bell_v1", 1)
[19:16:52.973544] {mesa egl display queue} wl_registry#36.global(52, "vicinae_hotkey_manager_v1", 1)
[19:16:52.973550] {mesa egl display queue} wl_registry#36.global(53, "ext_workspace_manager_v1", 1)
[19:16:52.973554] {mesa egl display queue} wl_registry#36.global(54, "ext_data_control_manager_v1", 1)
[19:16:52.973558] {mesa egl display queue} wl_registry#36.global(55, "wp_pointer_warp_v1", 1)
[19:16:52.973561] {mesa egl display queue} wl_registry#36.global(56, "wp_fifo_manager_v1", 1)
[19:16:52.973565] {mesa egl display queue} wl_registry#36.global(57, "zxdg_exporter_v2", 1)
[19:16:52.973568] {mesa egl display queue} wl_registry#36.global(58, "zxdg_importer_v2", 1)
[19:16:52.973571] {mesa egl display queue} wl_registry#36.global(59, "ext_background_effect_manager_v1", 1)
[19:16:52.973575] {mesa egl display queue} wl_registry#36.global(60, "wp_commit_timing_manager_v1", 1)
[19:16:52.973579] {mesa egl display queue} wl_registry#36.global(61, "zwlr_screencopy_manager_v1", 3)
[19:16:52.973582] {mesa egl display queue} wl_registry#36.global(62, "hyprland_toplevel_export_manager_v1", 2)
[19:16:52.973587] {mesa egl display queue} wl_registry#36.global(63, "ext_output_image_capture_source_manager_v1", 1)
[19:16:52.973590] {mesa egl display queue} wl_registry#36.global(64, "ext_foreign_toplevel_image_capture_source_manager_v1", 1)
[19:16:52.973594] {mesa egl display queue} wl_registry#36.global(65, "ext_image_copy_capture_manager_v1", 1)
[19:16:52.973597] {mesa egl display queue} wl_registry#36.global(66, "wp_color_manager_v1", 3)
[19:16:52.973602] {mesa egl display queue} wl_registry#36.global(67, "wl_drm", 2)
[19:16:52.973605] {mesa egl display queue} wl_registry#36.global(68, "zwp_linux_dmabuf_v1", 5)
[19:16:52.973609] {mesa egl display queue}  -> wl_registry#36.bind(68, "zwp_linux_dmabuf_v1", 4, new id [unknown]#39)
[19:16:52.973613] {mesa egl display queue} wl_registry#36.global(69, "wl_output", 4)
[19:16:52.973617] {mesa egl display queue} wl_callback#37.done(11)
[19:16:52.973622] {mesa egl display queue}  -> zwp_linux_dmabuf_v1#39.get_default_feedback(new id zwp_linux_dmabuf_feedback_v1#37)
[19:16:52.973629] {mesa egl display queue}  -> wl_display#1.sync(new id wl_callback#40)
[19:16:52.974216] {Display Queue} wl_display#1.delete_id(40)
[19:16:52.974243] {mesa egl display queue} wp_presentation#38.clock_id(1)
[19:16:52.974259] {mesa egl display queue} zwp_linux_dmabuf_feedback_v1#37.format_table(fd 12, 2960)
[19:16:52.974280] {mesa egl display queue} zwp_linux_dmabuf_feedback_v1#37.main_device(array[8])
[19:16:52.974716] {mesa egl display queue} zwp_linux_dmabuf_feedback_v1#37.tranche_target_device(array[8])
[19:16:52.974723] {mesa egl display queue} zwp_linux_dmabuf_feedback_v1#37.tranche_flags(0)
[19:16:52.974727] {mesa egl display queue} zwp_linux_dmabuf_feedback_v1#37.tranche_formats(array[370])
[19:16:52.974740] {mesa egl display queue} zwp_linux_dmabuf_feedback_v1#37.tranche_done()
[19:16:52.974743] {mesa egl display queue} zwp_linux_dmabuf_feedback_v1#37.done()
[19:16:52.974747] {mesa egl display queue} wl_callback#40.done(11)
[19:16:52.974752] {mesa egl display queue}  -> zwp_linux_dmabuf_feedback_v1#37.destroy()
[19:16:52.992775] {Default Queue}  -> wl_surface#33.destroy()
[19:16:52.992914] {Default Queue}  -> wl_compositor#5.create_surface(new id wl_surface#40)
[19:16:52.997546] {Default Queue}  -> wl_surface#40.destroy()
view-process-policy: related=1 distinct-manager=1
view-process-policy: related=1 distinct-manager=1
[19:16:53.013708] {Default Queue}  -> wl_compositor#5.create_surface(new id wl_surface#41)
[19:16:53.014556] {Default Queue}  -> wl_display#1.get_registry(new id wl_registry#42)
[19:16:53.014644] {Default Queue}  -> wl_surface#41.attach(nil, 0, 0)
[19:16:53.014655] {Default Queue}  -> zwlr_layer_shell_v1#34.get_layer_surface(new id zwlr_layer_surface_v1#43, wl_surface#41, wl_output#19, 2, "elm-shell-recovery-v17")
[19:16:53.014665] {Default Queue}  -> zwlr_layer_surface_v1#43.set_keyboard_interactivity(0)
[19:16:53.014669] {Default Queue}  -> zwlr_layer_surface_v1#43.set_exclusive_zone(48)
[19:16:53.014679] {Default Queue}  -> zwlr_layer_surface_v1#43.set_anchor(13)
[19:16:53.014693] {Default Queue}  -> zwlr_layer_surface_v1#43.set_margin(0, 0, 0, 0)
[19:16:53.014697] {Default Queue}  -> zwlr_layer_surface_v1#43.set_size(0, 48)
[19:16:53.014702] {Default Queue}  -> wl_surface#41.commit()
[19:16:53.014707] {Default Queue}  -> wl_display#1.sync(new id wl_callback#44)
[19:16:53.015171] {Display Queue} wl_display#1.delete_id(37)
[19:16:53.015195] {Display Queue} wl_display#1.delete_id(33)
[19:16:53.015200] {Display Queue} wl_display#1.delete_id(40)
[19:16:53.015204] {Display Queue} wl_display#1.delete_id(44)
[19:16:53.015208] {Default Queue} wl_registry#42.global(1, "wl_seat", 9)
[19:16:53.015214] {Default Queue} wl_registry#42.global(2, "wl_data_device_manager", 3)
[19:16:53.015218] {Default Queue} wl_registry#42.global(3, "wl_compositor", 6)
[19:16:53.015222] {Default Queue} wl_registry#42.global(4, "wl_subcompositor", 1)
[19:16:53.015226] {Default Queue} wl_registry#42.global(5, "wl_shm", 2)
[19:16:53.015229] {Default Queue} wl_registry#42.global(6, "wp_viewporter", 1)
[19:16:53.015233] {Default Queue} wl_registry#42.global(7, "wp_tearing_control_manager_v1", 1)
[19:16:53.015236] {Default Queue} wl_registry#42.global(8, "wp_fractional_scale_manager_v1", 1)
[19:16:53.015240] {Default Queue} wl_registry#42.global(9, "zxdg_output_manager_v1", 3)
[19:16:53.015243] {Default Queue} wl_registry#42.global(10, "wp_cursor_shape_manager_v1", 2)
[19:16:53.015255] {Default Queue} wl_registry#42.global(11, "zwp_idle_inhibit_manager_v1", 1)
[19:16:53.015259] {Default Queue} wl_registry#42.global(12, "zwp_relative_pointer_manager_v1", 1)
[19:16:53.015263] {Default Queue} wl_registry#42.global(13, "zxdg_decoration_manager_v1", 2)
[19:16:53.015266] {Default Queue} wl_registry#42.global(14, "wp_alpha_modifier_v1", 1)
[19:16:53.015270] {Default Queue} wl_registry#42.global(15, "zwlr_gamma_control_manager_v1", 1)
[19:16:53.015273] {Default Queue} wl_registry#42.global(16, "ext_foreign_toplevel_list_v1", 1)
[19:16:53.015277] {Default Queue} wl_registry#42.global(17, "zwp_pointer_gestures_v1", 3)
[19:16:53.015280] {Default Queue} wl_registry#42.global(18, "zwlr_foreign_toplevel_manager_v1", 3)
[19:16:53.015284] {Default Queue} wl_registry#42.global(19, "zwp_keyboard_shortcuts_inhibit_manager_v1", 1)
[19:16:53.015288] {Default Queue} wl_registry#42.global(20, "zwp_text_input_manager_v1", 1)
[19:16:53.015291] {Default Queue} wl_registry#42.global(21, "zwp_text_input_manager_v3", 1)
[19:16:53.015296] {Default Queue}  -> wl_registry#42.bind(21, "zwp_text_input_manager_v3", 1, new id [unknown]#40)
[19:16:53.015302] {Default Queue}  -> zwp_text_input_manager_v3#40.get_text_input(new id zwp_text_input_v3#33, wl_seat#22)
[19:16:53.015307] {Default Queue} wl_registry#42.global(22, "zwp_pointer_constraints_v1", 1)
[19:16:53.015311] {Default Queue} wl_registry#42.global(23, "zwlr_output_power_manager_v1", 1)
[19:16:53.015314] {Default Queue} wl_registry#42.global(24, "xdg_activation_v1", 1)
[19:16:53.015318] {Default Queue} wl_registry#42.global(25, "ext_idle_notifier_v1", 2)
[19:16:53.015322] {Default Queue} wl_registry#42.global(26, "hyprland_lock_notifier_v1", 1)
[19:16:53.015325] {Default Queue} wl_registry#42.global(27, "ext_session_lock_manager_v1", 1)
[19:16:53.015328] {Default Queue} wl_registry#42.global(28, "zwp_input_method_manager_v2", 1)
[19:16:53.015332] {Default Queue} wl_registry#42.global(29, "zwp_virtual_keyboard_manager_v1", 1)
[19:16:53.015335] {Default Queue} wl_registry#42.global(30, "zwlr_virtual_pointer_manager_v1", 2)
[19:16:53.015339] {Default Queue} wl_registry#42.global(31, "zwlr_output_manager_v1", 4)
[19:16:53.015342] {Default Queue} wl_registry#42.global(32, "org_kde_kwin_server_decoration_manager", 1)
[19:16:53.015346] {Default Queue} wl_registry#42.global(33, "hyprland_focus_grab_manager_v1", 1)
[19:16:53.015349] {Default Queue} wl_registry#42.global(34, "zwp_tablet_manager_v2", 1)
[19:16:53.015353] {Default Queue} wl_registry#42.global(35, "zwlr_layer_shell_v1", 5)
[19:16:53.015356] {Default Queue} wl_registry#42.global(36, "wp_presentation", 2)
[19:16:53.015367] {Default Queue} wl_registry#42.global(37, "xdg_wm_base", 7)
[19:16:53.015379] {Default Queue} wl_registry#42.global(38, "zwlr_data_control_manager_v1", 2)
[19:16:53.015383] {Default Queue} wl_registry#42.global(39, "zwp_primary_selection_device_manager_v1", 1)
[19:16:53.015387] {Default Queue} wl_registry#42.global(40, "xwayland_shell_v1", 1)
[19:16:53.015390] {Default Queue} wl_registry#42.global(41, "hyprland_toplevel_mapping_manager_v1", 1)
[19:16:53.015394] {Default Queue} wl_registry#42.global(42, "hyprland_global_shortcuts_manager_v1", 1)
[19:16:53.015397] {Default Queue} wl_registry#42.global(43, "xdg_wm_dialog_v1", 1)
[19:16:53.015401] {Default Queue} wl_registry#42.global(44, "wp_single_pixel_buffer_manager_v1", 1)
[19:16:53.015405] {Default Queue} wl_registry#42.global(45, "wp_security_context_manager_v1", 1)
[19:16:53.015408] {Default Queue} wl_registry#42.global(46, "hyprland_ctm_control_manager_v1", 2)
[19:16:53.015412] {Default Queue} wl_registry#42.global(47, "hyprland_input_capture_manager_v1", 1)
[19:16:53.015415] {Default Queue} wl_registry#42.global(48, "hyprland_surface_manager_v1", 2)
[19:16:53.015419] {Default Queue} wl_registry#42.global(49, "wp_content_type_manager_v1", 1)
[19:16:53.015423] {Default Queue} wl_registry#42.global(50, "xdg_toplevel_tag_manager_v1", 1)
[19:16:53.015426] {Default Queue} wl_registry#42.global(51, "xdg_system_bell_v1", 1)
[19:16:53.015430] {Default Queue} wl_registry#42.global(52, "vicinae_hotkey_manager_v1", 1)
[19:16:53.015433] {Default Queue} wl_registry#42.global(53, "ext_workspace_manager_v1", 1)
[19:16:53.015437] {Default Queue} wl_registry#42.global(54, "ext_data_control_manager_v1", 1)
[19:16:53.015440] {Default Queue} wl_registry#42.global(55, "wp_pointer_warp_v1", 1)
[19:16:53.015444] {Default Queue} wl_registry#42.global(56, "wp_fifo_manager_v1", 1)
[19:16:53.015447] {Default Queue} wl_registry#42.global(57, "zxdg_exporter_v2", 1)
[19:16:53.015451] {Default Queue} wl_registry#42.global(58, "zxdg_importer_v2", 1)
[19:16:53.015454] {Default Queue} wl_registry#42.global(59, "ext_background_effect_manager_v1", 1)
[19:16:53.015457] {Default Queue} wl_registry#42.global(60, "wp_commit_timing_manager_v1", 1)
[19:16:53.015461] {Default Queue} wl_registry#42.global(61, "zwlr_screencopy_manager_v1", 3)
[19:16:53.015464] {Default Queue} wl_registry#42.global(62, "hyprland_toplevel_export_manager_v1", 2)
[19:16:53.015468] {Default Queue} wl_registry#42.global(63, "ext_output_image_capture_source_manager_v1", 1)
[19:16:53.015471] {Default Queue} wl_registry#42.global(64, "ext_foreign_toplevel_image_capture_source_manager_v1", 1)
[19:16:53.015475] {Default Queue} wl_registry#42.global(65, "ext_image_copy_capture_manager_v1", 1)
[19:16:53.015478] {Default Queue} wl_registry#42.global(66, "wp_color_manager_v1", 3)
[19:16:53.015482] {Default Queue} wl_registry#42.global(67, "wl_drm", 2)
[19:16:53.015485] {Default Queue} wl_registry#42.global(68, "zwp_linux_dmabuf_v1", 5)
[19:16:53.015488] {Default Queue} wl_registry#42.global(69, "wl_output", 4)
[19:16:53.015492] {Default Queue} zwlr_layer_surface_v1#43.configure(12, 800, 48)
[19:16:53.015496] {Default Queue}  -> zwlr_layer_surface_v1#43.ack_configure(12)
[19:16:53.015501] {Default Queue} wl_callback#44.done(14)
[19:16:53.015579] {Default Queue}  -> wl_surface#41.commit()
view-added: id=1 geometry=0,0,800,600
shared-host-start: views=1 controllers=1 backend-clients=1 sandbox=1
[19:16:53.017004] {Default Queue} zwlr_layer_surface_v1#43.configure(15, 800, 48)
[19:16:53.017026] {Default Queue}  -> zwlr_layer_surface_v1#43.ack_configure(15)
[19:16:53.021436] {Default Queue}  -> wl_surface#41.set_buffer_scale(1)
[19:16:53.021560] {Default Queue}  -> wl_shm#7.create_pool(new id wl_shm_pool#44, fd 24, 153600)
[19:16:53.021575] {Default Queue}  -> wl_shm_pool#44.create_buffer(new id wl_buffer#37, 0, 800, 48, 3200, 0)
[19:16:53.021758] {Default Queue}  -> wl_surface#41.attach(wl_buffer#37, 0, 0)
[19:16:53.021765] {Default Queue}  -> wl_surface#41.set_buffer_scale(1)
[19:16:53.021769] {Default Queue}  -> wl_surface#41.damage(0, 0, 800, 48)
[19:16:53.021781] {Default Queue}  -> wl_compositor#5.create_region(new id wl_region#45)
[19:16:53.021796] {Default Queue}  -> wl_region#45.add(0, 0, 800, 48)
[19:16:53.021800] {Default Queue}  -> wl_surface#41.set_opaque_region(wl_region#45)
[19:16:53.021804] {Default Queue}  -> wl_region#45.destroy()
[19:16:53.021808] {Default Queue}  -> wl_surface#41.set_input_region(nil)
[19:16:53.021815] {Default Queue}  -> wl_surface#41.frame(new id wl_callback#46)
[19:16:53.021820] {Default Queue}  -> wl_surface#41.commit()
[19:16:53.022491] {Display Queue} wl_display#1.delete_id(45)
[19:16:53.022498] {Display Queue} wl_display#1.delete_id(46)
[19:16:53.022502] {Default Queue} wl_callback#46.done(105678958)
[19:16:53.022506] {Default Queue} wl_surface#41.enter(wl_output#19)
[19:16:53.022510] {Default Queue} wl_buffer#37.release()
[19:16:53.159701] {Default Queue}  -> wl_surface#41.set_buffer_scale(1)
[19:16:53.159735] {mesa egl surface queue}  -> zwp_linux_dmabuf_v1#39.get_surface_feedback(new id zwp_linux_dmabuf_feedback_v1#46, wl_surface#41)
[19:16:53.159751] {mesa egl display queue}  -> wl_display#1.sync(new id wl_callback#45)
[19:16:53.159818] {Display Queue} wl_display#1.delete_id(45)
[19:16:53.159831] {mesa egl display queue} wl_callback#45.done(15)
[19:16:53.159855] {mesa egl surface queue} zwp_linux_dmabuf_feedback_v1#46.format_table(fd 32, 2960)
[19:16:53.159879] {mesa egl surface queue} zwp_linux_dmabuf_feedback_v1#46.main_device(array[8])
[19:16:53.159884] {mesa egl surface queue} zwp_linux_dmabuf_feedback_v1#46.tranche_target_device(array[8])
[19:16:53.159888] {mesa egl surface queue} zwp_linux_dmabuf_feedback_v1#46.tranche_flags(0)
[19:16:53.159891] {mesa egl surface queue} zwp_linux_dmabuf_feedback_v1#46.tranche_formats(array[370])
[19:16:53.159900] {mesa egl surface queue} zwp_linux_dmabuf_feedback_v1#46.tranche_done()
[19:16:53.159905] {mesa egl surface queue} zwp_linux_dmabuf_feedback_v1#46.done()
[19:16:53.163300] {Default Queue}  -> wl_surface#41.attach(wl_buffer#37, 0, 0)
[19:16:53.163323] {Default Queue}  -> wl_surface#41.set_buffer_scale(1)
[19:16:53.163329] {Default Queue}  -> wl_surface#41.damage(0, 0, 800, 48)
[19:16:53.163352] {Default Queue}  -> wl_surface#41.frame(new id wl_callback#45)
[19:16:53.163358] {Default Queue}  -> wl_surface#41.commit()
[19:16:53.164988] {Default Queue} wl_buffer#37.release()
[19:16:53.174065] {Display Queue} wl_display#1.delete_id(45)
[19:16:53.174096] {Default Queue} wl_callback#45.done(105679109)
view-topology: {"viewProtocol":1,"kind":"view-topology","revision":"1","views":[{"id":"1","generation":"1"}]}
surface-report: origin=bar {"kind":"surface-report","body":{"publication":null,"lease":null,"buttons":[],"focus":"","text":""}}
view-report: id=1 x=0 y=0 {"kind":"surface-report","body":{"publication":null,"lease":null,"buttons":[],"focus":"","text":""}}

** (process:2): WARNING **: 13:16:53.190: Failed to get atspi registered event listeners: GDBus.Error:org.freedesktop.DBus.Error.NameHasNoOwner: Could not activate remote peer 'org.a11y.atspi.Registry': unit failed

qa-bridge-input: origin=controller view=0 generation=0 json={"viewProtocol":1,"kind":"view-commit","projection":{"viewProtocol":1,"kind":"view-frame","revision":"1","views":[{"id":"1","generation":"1"}],"focusOwner":{"id":"1","generation":"1"},"popupOwner":null,"frame":{"surfaceProtocol":2,"publication":"3","lease":"0","mode":"closed","status":"Connecting…","bar":[{"id":"bar:reconnect","domId":"reconnect","label":"Reconnect","ariaLabel":"Reconnect to the window system","detail":"","enabled":false}],"popup":[]}},"requests":[],"focus":[]}
surface-commit: publication=3 lease=0 open=0
view-commit: popup=0 focus=1 publication=3
surface-inspection: {"surfaceProtocol":2,"kind":"surface-inspection","publication":"3","lease":"0","body":{"phase":"Detached","transaction":"Idle","groups":[],"menu":null,"mode":"closed","outstanding":0,"registry":0,"picker":null,"openerId":"applications:detached:2:control:opener","reconnectId":"reconnect"}}
[19:16:53.207800] {Default Queue}  -> wl_buffer#37.destroy()
[19:16:53.207832] {Default Queue}  -> wl_shm_pool#44.destroy()
[19:16:53.215810] {mesa egl display queue}  -> zwp_linux_dmabuf_v1#39.create_params(new id zwp_linux_buffer_params_v1#45)
[19:16:53.215842] {mesa egl surface queue}  -> zwp_linux_buffer_params_v1#45.add(fd 29, 0, 0, 3584, 16777216, 15)
[19:16:53.215852] {mesa egl surface queue}  -> zwp_linux_buffer_params_v1#45.add(fd 31, 1, 229376, 448, 16777216, 15)
[19:16:53.215858] {mesa egl surface queue}  -> zwp_linux_buffer_params_v1#45.add(fd 40, 2, 233472, 64, 16777216, 15)
[19:16:53.215863] {mesa egl surface queue}  -> zwp_linux_buffer_params_v1#45.create_immed(new id wl_buffer#47, 800, 48, 875713089, 0)
[19:16:53.215872] {mesa egl surface queue}  -> zwp_linux_buffer_params_v1#45.destroy()
[19:16:53.215877] {mesa egl surface queue}  -> wl_surface#41.attach(wl_buffer#47, 0, 0)
[19:16:53.215882] {mesa egl surface queue}  -> wl_surface#41.damage(0, 0, 2147483647, 2147483647)
[19:16:53.215887] {mesa egl surface queue}  -> wl_surface#41.commit()
[19:16:53.215890] {mesa egl surface queue}  -> wl_display#1.sync(new id wl_callback#48)
[19:16:53.216133] discarded [unknown]#37.[event 0](0 fd, 8 byte)
[19:16:53.216143] {Display Queue} wl_display#1.delete_id(37)
[19:16:53.216149] {Display Queue} wl_display#1.delete_id(44)
[19:16:53.216153] {Display Queue} wl_display#1.delete_id(45)
[19:16:53.216155] {Display Queue} wl_display#1.delete_id(48)
surface-report: origin=bar {"kind":"surface-report","body":{"publication":"3","lease":"0","buttons":[{"id":"reconnect","label":"Reconnect","accessibleName":"Reconnect to the window system","disabled":true,"x":3,"y":3,"width":102.5,"height":36}],"focus":"","text":"ReconnectConnecting…"}}
view-report: id=1 x=0 y=0 {"kind":"surface-report","body":{"publication":"3","lease":"0","buttons":[{"id":"reconnect","label":"Reconnect","accessibleName":"Reconnect to the window system","disabled":true,"x":3,"y":3,"width":102.5,"height":36}],"focus":"","text":"ReconnectConnecting…"}}
[19:16:53.241746] {mesa egl surface queue} wl_callback#48.done(15)
[19:16:53.242181] {mesa egl display queue}  -> zwp_linux_dmabuf_v1#39.create_params(new id zwp_linux_buffer_params_v1#48)
[19:16:53.242202] {mesa egl surface queue}  -> zwp_linux_buffer_params_v1#48.add(fd 29, 0, 0, 3584, 16777216, 15)
[19:16:53.242210] {mesa egl surface queue}  -> zwp_linux_buffer_params_v1#48.add(fd 31, 1, 229376, 448, 16777216, 15)
[19:16:53.242216] {mesa egl surface queue}  -> zwp_linux_buffer_params_v1#48.add(fd 40, 2, 233472, 64, 16777216, 15)
[19:16:53.242221] {mesa egl surface queue}  -> zwp_linux_buffer_params_v1#48.create_immed(new id wl_buffer#45, 800, 48, 875713089, 0)
[19:16:53.242228] {mesa egl surface queue}  -> zwp_linux_buffer_params_v1#48.destroy()
[19:16:53.242232] {mesa egl surface queue}  -> wl_surface#41.attach(wl_buffer#45, 0, 0)
[19:16:53.242238] {mesa egl surface queue}  -> wl_surface#41.damage(0, 0, 2147483647, 2147483647)
[19:16:53.242242] {mesa egl surface queue}  -> wl_surface#41.commit()
[19:16:53.242246] {mesa egl surface queue}  -> wl_display#1.sync(new id wl_callback#44)
[19:16:53.242599] {Display Queue} wl_display#1.delete_id(48)
[19:16:53.242623] {Display Queue} wl_display#1.delete_id(44)
backend-frame: {"protocolVersion":3,"kind":"attached","binding":{"lifetime":"13211915862968264551","session":"12276951925205790509","frontend":"1"},"compositor":{"pid":3179473,"instance":"efb50993780079460b0cbed1363e2166a2de1d9f_1791141410_1909771839","coreHash":"efb50993780079460b0cbed1363e2166a2de1d9f_aq_0.15_hu_0.14_hg_0.5_hc_0.1_hlg_0.6"},"capabilities":{"observe":true,"effects":true,"minimizedState":true,"effectProtocol":1,"operations":["minimize","restore","activate"],"canonicalScene":false,"taskbarProjectionProtocol":1,"effectInvalidationProtocol":1}}
backend-frame: {"protocolVersion":3,"kind":"host-recovery-watermarks","binding":{"lifetime":"13211915862968264551","session":"12276951925205790509","frontend":"1"},"request":"0","generation":"0"}
backend-frame: {"protocolVersion":3,"kind":"host-geometry-negotiate"}
qa-bridge-input: origin=controller view=0 generation=0 json={"viewProtocol":1,"kind":"view-commit","projection":{"viewProtocol":1,"kind":"view-frame","revision":"1","views":[{"id":"1","generation":"1"}],"focusOwner":{"id":"1","generation":"1"},"popupOwner":null,"frame":{"surfaceProtocol":2,"publication":"4","lease":"0","mode":"closed","status":"Updating window information…","bar":[{"id":"bar:applications","domId":"applications:{\"lifetime\":\"13211915862968264551\",\"session\":\"12276951925205790509\",\"frontend\":\"1\"}:3:control:opener","label":"Applications","ariaLabel":"Open applications","detail":"","enabled":true}],"popup":[]}},"requests":[{"protocolVersion":3,"kind":"projection-request","binding":{"lifetime":"13211915862968264551","session":"12276951925205790509","frontend":"1"},"requestId":"1"}],"focus":[]}
frontend-request: {"protocolVersion":3,"kind":"projection-request","binding":{"lifetime":"13211915862968264551","session":"12276951925205790509","frontend":"1"},"requestId":"1"}
surface-commit: publication=4 lease=0 open=0
view-commit: popup=0 focus=1 publication=4
surface-inspection: {"surfaceProtocol":2,"kind":"surface-inspection","publication":"4","lease":"0","body":{"phase":"Awaiting","transaction":"Idle","groups":[],"menu":null,"mode":"closed","outstanding":0,"registry":0,"picker":null,"openerId":"applications:{\"lifetime\":\"13211915862968264551\",\"session\":\"12276951925205790509\",\"frontend\":\"1\"}:3:control:opener","reconnectId":"reconnect"}}
surface-inspection: {"surfaceProtocol":2,"kind":"surface-inspection","publication":"4","lease":"0","body":{"phase":"Awaiting","transaction":"Idle","groups":[],"menu":null,"mode":"closed","outstanding":0,"registry":0,"picker":null,"openerId":"applications:{\"lifetime\":\"13211915862968264551\",\"session\":\"12276951925205790509\",\"frontend\":\"1\"}:3:control:opener","reconnectId":"reconnect"}}
qa-bridge-input: origin=controller view=0 generation=0 json={"viewProtocol":1,"kind":"view-commit","projection":{"viewProtocol":1,"kind":"view-frame","revision":"1","views":[{"id":"1","generation":"1"}],"focusOwner":{"id":"1","generation":"1"},"popupOwner":null,"frame":{"surfaceProtocol":2,"publication":"5","lease":"0","mode":"closed","status":"Updating window information…","bar":[{"id":"bar:applications","domId":"applications:{\"lifetime\":\"13211915862968264551\",\"session\":\"12276951925205790509\",\"frontend\":\"1\"}:3:control:opener","label":"Applications","ariaLabel":"Open applications","detail":"","enabled":true}],"popup":[]}},"requests":[{"protocolVersion":3,"kind":"geometry-attach","geometryProtocol":2,"binding":{"lifetime":"13211915862968264551","session":"12276951925205790509","frontend":"1"},"requestId":"2"}],"focus":[]}
frontend-request: {"protocolVersion":3,"kind":"geometry-attach","geometryProtocol":2,"binding":{"lifetime":"13211915862968264551","session":"12276951925205790509","frontend":"1"},"requestId":"2"}
surface-commit: publication=5 lease=0 open=0
view-commit: popup=0 focus=1 publication=5
surface-inspection: {"surfaceProtocol":2,"kind":"surface-inspection","publication":"5","lease":"0","body":{"phase":"Awaiting","transaction":"Idle","groups":[],"menu":null,"mode":"closed","outstanding":0,"registry":0,"picker":null,"openerId":"applications:{\"lifetime\":\"13211915862968264551\",\"session\":\"12276951925205790509\",\"frontend\":\"1\"}:3:control:opener","reconnectId":"reconnect"}}
backend-frame: {"protocolVersion":3,"kind":"action-projection","binding":{"lifetime":"13211915862968264551","session":"12276951925205790509","frontend":"1"},"requestId":"1","context":{"lifetime":"13211915862968264551","epoch":"1","output":"1","revision":"1"},"scene":{"revision":"1","focused":"2","windows":[{"incarnation":"2","application":"GTK Application","label":"ELM-AUTHORITY-FIXTURE","minimized":false,"owner":null,"available":true},{"incarnation":"1","application":"GTK Application","label":"ELM-ACTIVATION-PEER","minimized":false,"owner":null,"available":true}]}}
surface-inspection: {"surfaceProtocol":2,"kind":"surface-inspection","publication":"5","lease":"0","body":{"phase":"Awaiting","transaction":"Idle","groups":[],"menu":null,"mode":"closed","outstanding":0,"registry":0,"picker":null,"openerId":"applications:{\"lifetime\":\"13211915862968264551\",\"session\":\"12276951925205790509\",\"frontend\":\"1\"}:3:control:opener","reconnectId":"reconnect"}}
backend-frame: {"protocolVersion":3,"kind":"geometry-attached","geometryProtocol":2,"binding":{"lifetime":"13211915862968264551","session":"12276951925205790509","frontend":"1"},"requestId":"2","capabilities":{"observe":true,"effects":true,"effectProtocol":2,"operations":["maximize","restore-geometry"],"placementCapacity":256,"canonicalScene":false}}
surface-inspection: {"surfaceProtocol":2,"kind":"surface-inspection","publication":"5","lease":"0","body":{"phase":"Awaiting","transaction":"Idle","groups":[],"menu":null,"mode":"closed","outstanding":0,"registry":0,"picker":null,"openerId":"applications:{\"lifetime\":\"13211915862968264551\",\"session\":\"12276951925205790509\",\"frontend\":\"1\"}:3:control:opener","reconnectId":"reconnect"}}
qa-bridge-input: origin=controller view=0 generation=0 json={"viewProtocol":1,"kind":"view-commit","projection":{"viewProtocol":1,"kind":"view-frame","revision":"1","views":[{"id":"1","generation":"1"}],"focusOwner":{"id":"1","generation":"1"},"popupOwner":null,"frame":{"surfaceProtocol":2,"publication":"6","lease":"0","mode":"closed","status":"Connected","bar":[{"id":"bar:applications","domId":"applications:{\"lifetime\":\"13211915862968264551\",\"session\":\"12276951925205790509\",\"frontend\":\"1\"}:3:control:opener","label":"Applications","ariaLabel":"Open applications","detail":"","enabled":true},{"id":"bar:group:application:GTK Application","domId":"group:{\"lifetime\":\"13211915862968264551\",\"session\":\"12276951925205790509\",\"frontend\":\"1\"}:1:1:application:GTK Application","label":"ELM-ACTIVATION-PEER","ariaLabel":"Choose a window from ELM-ACTIVATION-PEER","detail":"2","enabled":false}],"popup":[]}},"requests":[],"focus":[]}
surface-commit: publication=6 lease=0 open=0
view-commit: popup=0 focus=1 publication=6
surface-inspection: {"surfaceProtocol":2,"kind":"surface-inspection","publication":"6","lease":"0","body":{"phase":"Coherent","transaction":"Idle","groups":[{"key":"application:GTK Application","domId":"group:{\"lifetime\":\"13211915862968264551\",\"session\":\"12276951925205790509\",\"frontend\":\"1\"}:1:1:application:GTK Application","title":"ELM-ACTIVATION-PEER","active":true,"expanded":false}],"menu":null,"mode":"closed","outstanding":0,"registry":0,"picker":null,"openerId":"applications:{\"lifetime\":\"13211915862968264551\",\"session\":\"12276951925205790509\",\"frontend\":\"1\"}:3:control:opener","reconnectId":"reconnect"}}
qa-bridge-input: origin=controller view=0 generation=0 json={"viewProtocol":1,"kind":"view-commit","projection":{"viewProtocol":1,"kind":"view-frame","revision":"1","views":[{"id":"1","generation":"1"}],"focusOwner":{"id":"1","generation":"1"},"popupOwner":null,"frame":{"surfaceProtocol":2,"publication":"7","lease":"0","mode":"closed","status":"Connected","bar":[{"id":"bar:applications","domId":"applications:{\"lifetime\":\"13211915862968264551\",\"session\":\"12276951925205790509\",\"frontend\":\"1\"}:3:control:opener","label":"Applications","ariaLabel":"Open applications","detail":"","enabled":true},{"id":"bar:group:application:GTK Application","domId":"group:{\"lifetime\":\"13211915862968264551\",\"session\":\"12276951925205790509\",\"frontend\":\"1\"}:1:1:application:GTK Application","label":"ELM-ACTIVATION-PEER","ariaLabel":"Choose a window from ELM-ACTIVATION-PEER","detail":"2","enabled":false}],"popup":[]}},"requests":[{"protocolVersion":3,"kind":"geometry-facts-request","geometryProtocol":2,"binding":{"lifetime":"13211915862968264551","session":"12276951925205790509","frontend":"1"},"requestId":"3","minimumWatermark":"0"}],"focus":[]}
frontend-request: {"protocolVersion":3,"kind":"geometry-facts-request","geometryProtocol":2,"binding":{"lifetime":"13211915862968264551","session":"12276951925205790509","frontend":"1"},"requestId":"3","minimumWatermark":"0"}
surface-commit: publication=7 lease=0 open=0
view-commit: popup=0 focus=1 publication=7
surface-inspection: {"surfaceProtocol":2,"kind":"surface-inspection","publication":"7","lease":"0","body":{"phase":"Coherent","transaction":"Idle","groups":[{"key":"application:GTK Application","domId":"group:{\"lifetime\":\"13211915862968264551\",\"session\":\"12276951925205790509\",\"frontend\":\"1\"}:1:1:application:GTK Application","title":"ELM-ACTIVATION-PEER","active":true,"expanded":false}],"menu":null,"mode":"closed","outstanding":0,"registry":0,"picker":null,"openerId":"applications:{\"lifetime\":\"13211915862968264551\",\"session\":\"12276951925205790509\",\"frontend\":\"1\"}:3:control:opener","reconnectId":"reconnect"}}
backend-frame: {"protocolVersion":3,"kind":"geometry-facts","geometryProtocol":2,"binding":{"lifetime":"13211915862968264551","session":"12276951925205790509","frontend":"1"},"requestId":"3","sequence":"1","revision":"1","outputGeneration":"1","facts":{"focused":"2","inputBlocked":false,"windows":[{"incarnation":"2","owner":null,"workspace":"1","workspaceGeneration":"1","monitor":"0","outputOwnershipGeneration":"1","workAreaRevision":"1","workArea":[0,48,800,552],"logicalGeometry":[20,68,380,512],"visualGeometry":[21,69,373,510],"nativeMode":"ordinary","clientMode":"ordinary","minimized":false,"floating":false,"grouped":false,"fixedSize":false,"constrainedSize":true,"geometryEligible":false,"ordinaryPlacementKnown":false,"sizePolicy":{"inputs":{"profile":"wayland-zero-origin-v1","rawMinimum":[108,42],"rawMaximum":[0,0],"layoutMinimum":[108,42],"layoutMaximum":[1.7976931348623157e+308,1.7976931348623157e+308],"geometryOrigin":[0,0],"reservedTopLeft":[1,1],"reservedBottomRight":[1,1],"monitorScale":1},"maximize":{"logical":[0,48,800,552],"visual":null,"real":[1,49,798,550],"configure":[798,550]},"restoreGeometry":null},"capabilities":{"maximize":false,"restoreGeometry":false}},{"incarnation":"1","owner":null,"workspace":"1","workspaceGeneration":"1","monitor":"0","outputOwnershipGeneration":"1","workAreaRevision":"1","workArea":[0,48,800,552],"logicalGeometry":[400,68,380,512],"visualGeometry":[406,69,373,510],"nativeMode":"ordinary","clientMode":"ordinary","minimized":false,"floating":false,"grouped":false,"fixedSize":false,"constrainedSize":true,"geometryEligible":false,"ordinaryPlacementKnown":false,"sizePolicy":{"inputs":{"profile":"wayland-zero-origin-v1","rawMinimum":[108,124],"rawMaximum":[0,0],"layoutMinimum":[108,124],"layoutMaximum":[1.7976931348623157e+308,1.7976931348623157e+308],"geometryOrigin":[0,0],"reservedTopLeft":[1,1],"reservedBottomRight":[1,1],"monitorScale":1},"maximize":{"logical":[0,48,800,552],"visual":null,"real":[1,49,798,550],"configure":[798,550]},"restoreGeometry":null},"capabilities":{"maximize":false,"restoreGeometry":false}}]}}
surface-inspection: {"surfaceProtocol":2,"kind":"surface-inspection","publication":"7","lease":"0","body":{"phase":"Coherent","transaction":"Idle","groups":[{"key":"application:GTK Application","domId":"group:{\"lifetime\":\"13211915862968264551\",\"session\":\"12276951925205790509\",\"frontend\":\"1\"}:1:1:application:GTK Application","title":"ELM-ACTIVATION-PEER","active":true,"expanded":false}],"menu":null,"mode":"closed","outstanding":0,"registry":0,"picker":null,"openerId":"applications:{\"lifetime\":\"13211915862968264551\",\"session\":\"12276951925205790509\",\"frontend\":\"1\"}:3:control:opener","reconnectId":"reconnect"}}
qa-bridge-input: origin=controller view=0 generation=0 json={"viewProtocol":1,"kind":"view-commit","projection":{"viewProtocol":1,"kind":"view-frame","revision":"1","views":[{"id":"1","generation":"1"}],"focusOwner":{"id":"1","generation":"1"},"popupOwner":null,"frame":{"surfaceProtocol":2,"publication":"8","lease":"0","mode":"closed","status":"Connected","bar":[{"id":"bar:applications","domId":"applications:{\"lifetime\":\"13211915862968264551\",\"session\":\"12276951925205790509\",\"frontend\":\"1\"}:3:control:opener","label":"Applications","ariaLabel":"Open applications","detail":"","enabled":true},{"id":"bar:group:application:GTK Application","domId":"group:{\"lifetime\":\"13211915862968264551\",\"session\":\"12276951925205790509\",\"frontend\":\"1\"}:1:1:application:GTK Application","label":"ELM-ACTIVATION-PEER","ariaLabel":"Choose a window from ELM-ACTIVATION-PEER","detail":"2","enabled":true}],"popup":[]}},"requests":[],"focus":[]}
surface-commit: publication=8 lease=0 open=0
view-commit: popup=0 focus=1 publication=8
surface-inspection: {"surfaceProtocol":2,"kind":"surface-inspection","publication":"8","lease":"0","body":{"phase":"Coherent","transaction":"Idle","groups":[{"key":"application:GTK Application","domId":"group:{\"lifetime\":\"13211915862968264551\",\"session\":\"12276951925205790509\",\"frontend\":\"1\"}:1:1:application:GTK Application","title":"ELM-ACTIVATION-PEER","active":true,"expanded":false}],"menu":null,"mode":"closed","outstanding":0,"registry":0,"picker":null,"openerId":"applications:{\"lifetime\":\"13211915862968264551\",\"session\":\"12276951925205790509\",\"frontend\":\"1\"}:3:control:opener","reconnectId":"reconnect"}}
[19:16:53.320293] {mesa egl surface queue} wl_buffer#47.release()
[19:16:53.320315] {mesa egl surface queue}  -> wl_buffer#47.destroy()
[19:16:53.320321] {mesa egl surface queue} wl_callback#44.done(15)
[19:16:53.320775] {mesa egl display queue}  -> zwp_linux_dmabuf_v1#39.create_params(new id zwp_linux_buffer_params_v1#44)
[19:16:53.320809] {mesa egl surface queue}  -> zwp_linux_buffer_params_v1#44.add(fd 42, 0, 0, 3584, 16777216, 15)
[19:16:53.320820] {mesa egl surface queue}  -> zwp_linux_buffer_params_v1#44.add(fd 43, 1, 229376, 448, 16777216, 15)
[19:16:53.320828] {mesa egl surface queue}  -> zwp_linux_buffer_params_v1#44.add(fd 44, 2, 233472, 64, 16777216, 15)
[19:16:53.320834] {mesa egl surface queue}  -> zwp_linux_buffer_params_v1#44.create_immed(new id wl_buffer#48, 800, 48, 875713089, 0)
[19:16:53.320843] {mesa egl surface queue}  -> zwp_linux_buffer_params_v1#44.destroy()
[19:16:53.320849] {mesa egl surface queue}  -> wl_surface#41.attach(wl_buffer#48, 0, 0)
[19:16:53.320856] {mesa egl surface queue}  -> wl_surface#41.damage(0, 0, 2147483647, 2147483647)
[19:16:53.320861] {mesa egl surface queue}  -> wl_surface#41.commit()
[19:16:53.320866] {mesa egl surface queue}  -> wl_display#1.sync(new id wl_callback#37)
[19:16:53.321098] discarded [unknown]#47.[event 0](0 fd, 8 byte)
[19:16:53.321119] discarded [unknown]#47.[event 0](0 fd, 8 byte)
[19:16:53.321135] {Display Queue} wl_display#1.delete_id(47)
[19:16:53.321144] {Display Queue} wl_display#1.delete_id(44)
[19:16:53.321149] {Display Queue} wl_display#1.delete_id(37)
surface-report: origin=bar {"kind":"surface-report","body":{"publication":"8","lease":"0","buttons":[{"id":"applications:{\"lifetime\":\"13211915862968264551\",\"session\":\"12276951925205790509\",\"frontend\":\"1\"}:3:control:opener","label":"Applications","accessibleName":"Open applications","disabled":false,"x":3,"y":3,"width":112.28125,"height":36},{"id":"group:{\"lifetime\":\"13211915862968264551\",\"session\":\"12276951925205790509\",\"frontend\":\"1\"}:1:1:application:GTK Application","label":"ELM-ACTIVATION-PEER2","accessibleName":"Choose a window from ELM-ACTIVATION-PEER","disabled":false,"x":121.28125,"y":3,"width":215.65625,"height":36}],"focus":"","text":"ApplicationsELM-ACTIVATION-PEER2Connected"}}
view-report: id=1 x=0 y=0 {"kind":"surface-report","body":{"publication":"8","lease":"0","buttons":[{"id":"applications:{\"lifetime\":\"13211915862968264551\",\"session\":\"12276951925205790509\",\"frontend\":\"1\"}:3:control:opener","label":"Applications","accessibleName":"Open applications","disabled":false,"x":3,"y":3,"width":112.28125,"height":36},{"id":"group:{\"lifetime\":\"13211915862968264551\",\"session\":\"12276951925205790509\",\"frontend\":\"1\"}:1:1:application:GTK Application","label":"ELM-ACTIVATION-PEER2","accessibleName":"Choose a window from ELM-ACTIVATION-PEER","disabled":false,"x":121.28125,"y":3,"width":215.65625,"height":36}],"focus":"","text":"ApplicationsELM-ACTIVATION-PEER2Connected"}}
[19:16:53.336871] {Default Queue} wl_pointer#21.enter(16, wl_surface#41, 229.00000000, 21.00000000)
[19:16:53.336911] {Default Queue} wl_pointer#21.frame()
[19:16:53.336995] {Default Queue}  -> wp_cursor_shape_device_v1#30.set_shape(16, 1)
[19:16:53.337005] {Default Queue} wl_pointer#21.motion(105679272, 229.00000000, 21.00000000)
[19:16:53.337013] {Default Queue} wl_pointer#21.frame()
[19:16:53.437283] {Default Queue} wl_pointer#21.button(17, 105679372, 273, 1)
[19:16:53.437319] {Default Queue} wl_pointer#21.frame()
context-input-report: {"kind":"context-input-report","phase":"press","button":2,"buttons":2,"trusted":true,"id":"bar:group:application:GTK Application"}
surface-report: origin=bar {"kind":"surface-report","body":{"publication":"8","lease":"0","buttons":[{"id":"applications:{\"lifetime\":\"13211915862968264551\",\"session\":\"12276951925205790509\",\"frontend\":\"1\"}:3:control:opener","label":"Applications","accessibleName":"Open applications","disabled":false,"x":3,"y":3,"width":112.28125,"height":36},{"id":"group:{\"lifetime\":\"13211915862968264551\",\"session\":\"12276951925205790509\",\"frontend\":\"1\"}:1:1:application:GTK Application","label":"ELM-ACTIVATION-PEER2","accessibleName":"Choose a window from ELM-ACTIVATION-PEER","disabled":false,"x":121.28125,"y":3,"width":215.65625,"height":36}],"focus":"group:{\"lifetime\":\"13211915862968264551\",\"session\":\"12276951925205790509\",\"frontend\":\"1\"}:1:1:application:GTK Application","text":"ApplicationsELM-ACTIVATION-PEER2Connected"}}
view-report: id=1 x=0 y=0 {"kind":"surface-report","body":{"publication":"8","lease":"0","buttons":[{"id":"applications:{\"lifetime\":\"13211915862968264551\",\"session\":\"12276951925205790509\",\"frontend\":\"1\"}:3:control:opener","label":"Applications","accessibleName":"Open applications","disabled":false,"x":3,"y":3,"width":112.28125,"height":36},{"id":"group:{\"lifetime\":\"13211915862968264551\",\"session\":\"12276951925205790509\",\"frontend\":\"1\"}:1:1:application:GTK Application","label":"ELM-ACTIVATION-PEER2","accessibleName":"Choose a window from ELM-ACTIVATION-PEER","disabled":false,"x":121.28125,"y":3,"width":215.65625,"height":36}],"focus":"group:{\"lifetime\":\"13211915862968264551\",\"session\":\"12276951925205790509\",\"frontend\":\"1\"}:1:1:application:GTK Application","text":"ApplicationsELM-ACTIVATION-PEER2Connected"}}
[19:16:53.487829] {Default Queue} wl_pointer#21.button(18, 105679423, 273, 0)
[19:16:53.487862] {Default Queue} wl_pointer#21.frame()
context-input-report: {"kind":"context-input-report","phase":"release","button":2,"buttons":0,"trusted":true,"id":"bar:group:application:GTK Application"}
qa-bridge-input: origin=bar view=1 generation=1 json={"surfaceProtocol":2,"kind":"surface-context","surface":"bar","publication":"8","lease":"0","id":"bar:group:application:GTK Application","trigger":"pointer","x":229,"y":21}
qa-interleave-hold: publication=8 proof=8
qa-bridge-input: origin=controller view=0 generation=0 json={"viewProtocol":1,"kind":"view-commit","projection":{"viewProtocol":1,"kind":"view-frame","revision":"1","views":[{"id":"1","generation":"1"}],"focusOwner":{"id":"1","generation":"1"},"popupOwner":null,"frame":{"surfaceProtocol":2,"publication":"9","lease":"0","mode":"closed","status":"Connected","bar":[{"id":"bar:applications","domId":"applications:{\"lifetime\":\"13211915862968264551\",\"session\":\"12276951925205790509\",\"frontend\":\"1\"}:3:control:opener","label":"Applications","ariaLabel":"Open applications","detail":"","enabled":true},{"id":"bar:group:application:GTK Application","domId":"group:{\"lifetime\":\"13211915862968264551\",\"session\":\"12276951925205790509\",\"frontend\":\"1\"}:1:1:application:GTK Application","label":"ELM-ACTIVATION-PEER","ariaLabel":"Choose a window from ELM-ACTIVATION-PEER","detail":"2","enabled":true}],"popup":[]}},"requests":[],"focus":[]}
surface-commit: publication=9 lease=0 open=0
view-commit: popup=0 focus=1 publication=9
surface-inspection: {"surfaceProtocol":2,"kind":"surface-inspection","publication":"9","lease":"0","body":{"phase":"Coherent","transaction":"Idle","groups":[{"key":"application:GTK Application","domId":"group:{\"lifetime\":\"13211915862968264551\",\"session\":\"12276951925205790509\",\"frontend\":\"1\"}:1:1:application:GTK Application","title":"ELM-ACTIVATION-PEER","active":true,"expanded":false}],"menu":null,"mode":"closed","outstanding":0,"registry":0,"picker":null,"openerId":"applications:{\"lifetime\":\"13211915862968264551\",\"session\":\"12276951925205790509\",\"frontend\":\"1\"}:3:control:opener","reconnectId":"reconnect"}}
qa-interleave-resume: publication=9 proof=8 age=2433
surface-context-refused: origin-or-proof
surface-report: origin=bar {"kind":"surface-report","body":{"publication":"9","lease":"0","buttons":[{"id":"applications:{\"lifetime\":\"13211915862968264551\",\"session\":\"12276951925205790509\",\"frontend\":\"1\"}:3:control:opener","label":"Applications","accessibleName":"Open applications","disabled":false,"x":3,"y":3,"width":112.28125,"height":36},{"id":"group:{\"lifetime\":\"13211915862968264551\",\"session\":\"12276951925205790509\",\"frontend\":\"1\"}:1:1:application:GTK Application","label":"ELM-ACTIVATION-PEER2","accessibleName":"Choose a window from ELM-ACTIVATION-PEER","disabled":false,"x":121.28125,"y":3,"width":215.65625,"height":36}],"focus":"group:{\"lifetime\":\"13211915862968264551\",\"session\":\"12276951925205790509\",\"frontend\":\"1\"}:1:1:application:GTK Application","text":"ApplicationsELM-ACTIVATION-PEER2Connected"}}
view-report: id=1 x=0 y=0 {"kind":"surface-report","body":{"publication":"9","lease":"0","buttons":[{"id":"applications:{\"lifetime\":\"13211915862968264551\",\"session\":\"12276951925205790509\",\"frontend\":\"1\"}:3:control:opener","label":"Applications","accessibleName":"Open applications","disabled":false,"x":3,"y":3,"width":112.28125,"height":36},{"id":"group:{\"lifetime\":\"13211915862968264551\",\"session\":\"12276951925205790509\",\"frontend\":\"1\"}:1:1:application:GTK Application","label":"ELM-ACTIVATION-PEER2","accessibleName":"Choose a window from ELM-ACTIVATION-PEER","disabled":false,"x":121.28125,"y":3,"width":215.65625,"height":36}],"focus":"group:{\"lifetime\":\"13211915862968264551\",\"session\":\"12276951925205790509\",\"frontend\":\"1\"}:1:1:application:GTK Application","text":"ApplicationsELM-ACTIVATION-PEER2Connected"}}
[19:16:59.619950] {Default Queue}  -> wl_display#1.sync(new id wl_callback#44)
[19:16:59.620061] {Display Queue} wl_display#1.delete_id(44)
[19:16:59.620068] {Default Queue} wl_callback#44.done(18)
backend-exit: waited=1 normal=1 code=0
[19:16:59.631246] {Default Queue}  -> zwlr_layer_surface_v1#43.destroy()
[19:16:59.631285] {Default Queue}  -> wl_surface#41.destroy()
[19:16:59.631312] {mesa egl surface queue}  -> wl_buffer#45.destroy()
[19:16:59.631535] {mesa egl surface queue}  -> wl_buffer#48.destroy()
[19:16:59.631543] {mesa egl surface queue}  -> zwp_linux_dmabuf_feedback_v1#46.destroy()
view-retired: id=1
[19:16:59.638595] discarded [unknown]#45.[event 0](0 fd, 8 byte)
[19:16:59.638613] discarded [unknown]#45.[event 0](0 fd, 8 byte)
[19:16:59.638617] discarded [unknown]#48.[event 0](0 fd, 8 byte)
[19:16:59.638634] {Display Queue} wl_display#1.delete_id(43)
[19:16:59.638646] {Display Queue} wl_display#1.delete_id(45)
[19:16:59.638650] {Display Queue} wl_display#1.delete_id(46)
[19:16:59.638655] {Display Queue} wl_display#1.delete_id(41)
[19:16:59.638658] {Default Queue} wl_pointer#21.leave(20, nil)
[19:16:59.638661] {Default Queue} wl_pointer#21.frame()
[19:16:59.643849] discarded [unknown]#48.[event 0](0 fd, 8 byte)
[19:16:59.643865] discarded [unknown]#48.[event 0](0 fd, 8 byte)
[19:16:59.643874] {Display Queue} wl_display#1.delete_id(48)
shared-host-exit: failure=0 rendered=1
