Date: 2026-10-01 MDT
[15:30:29.151] weston 15.0.1
               https://wayland.freedesktop.org
               Bug reports to: https://gitlab.freedesktop.org/wayland/weston/issues/
               Build: 15.0.1
[15:30:29.151] Command line: /home/hoskinson/window-integration-qa/private-weston-host-v2/prefix/usr/bin/weston --backend=headless --renderer=gl --shell=kiosk-shell.so --fake-seat --no-config --socket=weston-host --width=1600 --height=1000 --scale=1 --idle-time=0 --log=/home/hoskinson/window-integration-qa/family-service-taskbar-v6/attempt-1/host/weston-renderer.log
[15:30:29.151] OS: Linux, 7.2.7-1-omarchy, #1 SMP PREEMPT_DYNAMIC Sun, 27 Sep 2026 22:42:08 +0000, x86_64
[15:30:29.151] Flight recorder: enabled, scopes subscribed: log
[15:30:29.151] Starting with no config file.
[15:30:29.151] Output repaint window is 7 ms maximum.
[15:30:29.151] Loading module '/home/hoskinson/window-integration-qa/private-weston-host-v2/prefix/usr/lib/libweston-15/headless-backend.so'
[15:30:29.155] Loading module '/home/hoskinson/window-integration-qa/private-weston-host-v2/prefix/usr/lib/libweston-15/gl-renderer.so'
[15:30:29.171] Using rendering device: /dev/dri/renderD129
[15:30:29.174] EGL version: 1.5
[15:30:29.174] EGL vendor: Mesa Project
[15:30:29.174] EGL client APIs: OpenGL OpenGL_ES 
[15:30:29.174] EGL features:
               EGL Wayland extension: no
               context priority: yes
               buffer age: no
               partial update: yes
               swap buffers with damage: no
               configless context: yes
               surfaceless context: yes
               dmabuf support: modifiers
               fence sync: yes (native, wait)
[15:30:29.175] GL version: OpenGL ES 3.2 Mesa 26.2.2-arch1.1
[15:30:29.175] GLSL version: OpenGL ES GLSL ES 3.20
[15:30:29.175] GL vendor: Intel
[15:30:29.175] GL renderer: Mesa Intel(R) Graphics (ARL)
[15:30:29.181] GL ES 3.2 - renderer features:
               read-back format: ARGB8888
               glReadPixels supports y-flip: yes
               glReadPixels supports PBO: yes
               wl_shm 10 bpc formats: yes
               wl_shm 16 bpc formats: yes
               wl_shm half-float formats: yes
               internal R and RG formats: yes
               OES_EGL_image_external: yes
               GPU timeline: yes
               Texture immutability: yes
               Required precision: yes
[15:30:29.181] Using GL renderer
[15:30:29.181] Registered plugin API 'weston_windowed_output_api_headless_v2' of size 16
[15:30:29.181] Color manager: no-op
                 protocol support: no
[15:30:29.181] Output 'headless' attempts EOTF mode SDR and colorimetry mode default.
[15:30:29.181] Output 'headless' using color profile: stock sRGB color profile
[15:30:29.182] Output 'headless' enabled with head(s) headless
[15:30:29.182] Compositor capabilities:
               arbitrary surface rotation: yes
               screen capture uses y-flip: yes
               cursor planes: no
               arbitrary resolutions: no
               view mask clipping: yes
               explicit sync: yes
               color operations: yes
               color representation: yes
               presentation clock: CLOCK_MONOTONIC_RAW, id 4
               presentation clock resolution: 0.000000001 s
[15:30:29.182] Loading module '/home/hoskinson/window-integration-qa/private-weston-host-v2/prefix/usr/lib/weston/kiosk-shell.so'
[15:30:32.448] caught signal 15
