{"event":"ack-configure","sequence":1,"controlSequence":0,"rootCommits":1,"childCommits":0,"serial":6,"width":320,"height":240,"monotonicNs":205958994351207}
{"event":"buffercommit","sequence":2,"controlSequence":0,"rootCommits":2,"childCommits":0,"serial":6,"width":320,"height":240,"monotonicNs":205958994483372}
{"event":"ready","sequence":3,"controlSequence":0,"rootCommits":2,"childCommits":0,"serial":6,"width":320,"height":240,"monotonicNs":205958994499397}
{"event":"buffer-release","sequence":4,"controlSequence":0,"rootCommits":2,"childCommits":0,"serial":6,"width":320,"height":240,"monotonicNs":205958995263128}
{"event":"ack-configure","sequence":5,"controlSequence":0,"rootCommits":2,"childCommits":0,"serial":7,"width":320,"height":240,"monotonicNs":205958995283659}
{"event":"buffercommit","sequence":6,"controlSequence":0,"rootCommits":3,"childCommits":0,"serial":7,"width":320,"height":240,"monotonicNs":205958995391667}
{"event":"buffer-release","sequence":7,"controlSequence":0,"rootCommits":3,"childCommits":0,"serial":7,"width":320,"height":240,"monotonicNs":205958995731920}
{"event":"ack-configure","sequence":8,"controlSequence":0,"rootCommits":3,"childCommits":0,"serial":13,"width":320,"height":240,"monotonicNs":205959065146395}
{"event":"buffercommit","sequence":9,"controlSequence":0,"rootCommits":4,"childCommits":0,"serial":13,"width":320,"height":240,"monotonicNs":205959065277696}
{"event":"buffer-release","sequence":10,"controlSequence":0,"rootCommits":4,"childCommits":0,"serial":13,"width":320,"height":240,"monotonicNs":205959065533924}
{"event":"buffercommit","sequence":11,"controlSequence":1,"rootCommits":4,"childCommits":1,"serial":13,"width":320,"height":240,"monotonicNs":205959237873679}
{"event":"request","sequence":12,"controlSequence":1,"rootCommits":5,"childCommits":1,"serial":13,"width":320,"height":240,"monotonicNs":205959237881194,"command":"child-create"}
{"event":"buffer-release","sequence":13,"controlSequence":1,"rootCommits":5,"childCommits":1,"serial":13,"width":320,"height":240,"monotonicNs":205959238641769}
{"event":"server-barrier","sequence":14,"controlSequence":1,"rootCommits":5,"childCommits":1,"serial":13,"width":320,"height":240,"monotonicNs":205959238662755,"command":"child-create","barrierControl":1}
{"event":"buffercommit","sequence":15,"controlSequence":2,"rootCommits":5,"childCommits":2,"serial":13,"width":320,"height":240,"monotonicNs":205959289282529}
{"event":"request","sequence":16,"controlSequence":2,"rootCommits":5,"childCommits":2,"serial":13,"width":320,"height":240,"monotonicNs":205959289297341,"command":"child-yellow"}
{"event":"buffer-release","sequence":17,"controlSequence":2,"rootCommits":5,"childCommits":2,"serial":13,"width":320,"height":240,"monotonicNs":205959289461089}
{"event":"server-barrier","sequence":18,"controlSequence":2,"rootCommits":5,"childCommits":2,"serial":13,"width":320,"height":240,"monotonicNs":205959289468703,"command":"child-yellow","barrierControl":2}
{"event":"request","sequence":19,"controlSequence":3,"rootCommits":5,"childCommits":2,"serial":13,"width":320,"height":240,"monotonicNs":205959339751111,"command":"child-sync"}
{"event":"server-barrier","sequence":20,"controlSequence":3,"rootCommits":5,"childCommits":2,"serial":13,"width":320,"height":240,"monotonicNs":205959339773431,"command":"child-sync","barrierControl":3}
{"event":"buffercommit","sequence":21,"controlSequence":4,"rootCommits":5,"childCommits":3,"serial":13,"width":320,"height":240,"monotonicNs":205959389977937}
{"event":"request","sequence":22,"controlSequence":4,"rootCommits":5,"childCommits":3,"serial":13,"width":320,"height":240,"monotonicNs":205959389984487,"command":"child-blue"}
{"event":"server-barrier","sequence":23,"controlSequence":4,"rootCommits":5,"childCommits":3,"serial":13,"width":320,"height":240,"monotonicNs":205959390031389,"command":"child-blue","barrierControl":4}
{"event":"request","sequence":24,"controlSequence":5,"rootCommits":6,"childCommits":3,"serial":13,"width":320,"height":240,"monotonicNs":205959440210364,"command":"root-commit"}
{"event":"buffer-release","sequence":25,"controlSequence":5,"rootCommits":6,"childCommits":3,"serial":13,"width":320,"height":240,"monotonicNs":205959440305666}
{"event":"server-barrier","sequence":26,"controlSequence":5,"rootCommits":6,"childCommits":3,"serial":13,"width":320,"height":240,"monotonicNs":205959440324733,"command":"root-commit","barrierControl":5}
{"event":"request","sequence":27,"controlSequence":6,"rootCommits":6,"childCommits":3,"serial":13,"width":320,"height":240,"monotonicNs":205959490521296,"command":"child-desync"}
{"event":"server-barrier","sequence":28,"controlSequence":6,"rootCommits":6,"childCommits":3,"serial":13,"width":320,"height":240,"monotonicNs":205959490646591,"command":"child-desync","barrierControl":6}
{"event":"request","sequence":29,"controlSequence":7,"rootCommits":7,"childCommits":3,"serial":13,"width":320,"height":240,"monotonicNs":205959515813706,"command":"child-move"}
{"event":"server-barrier","sequence":30,"controlSequence":7,"rootCommits":7,"childCommits":3,"serial":13,"width":320,"height":240,"monotonicNs":205959515979918,"command":"child-move","barrierControl":7}
{"event":"request","sequence":31,"controlSequence":8,"rootCommits":8,"childCommits":3,"serial":13,"width":320,"height":240,"monotonicNs":205959566174093,"command":"child-below"}
{"event":"server-barrier","sequence":32,"controlSequence":8,"rootCommits":8,"childCommits":3,"serial":13,"width":320,"height":240,"monotonicNs":205959566263278,"command":"child-below","barrierControl":8}
{"event":"request","sequence":33,"controlSequence":9,"rootCommits":9,"childCommits":3,"serial":13,"width":320,"height":240,"monotonicNs":205959616622395,"command":"child-above"}
{"event":"server-barrier","sequence":34,"controlSequence":9,"rootCommits":9,"childCommits":3,"serial":13,"width":320,"height":240,"monotonicNs":205959616863521,"command":"child-above","barrierControl":9}
{"event":"buffercommit","sequence":35,"controlSequence":10,"rootCommits":9,"childCommits":4,"serial":13,"width":320,"height":240,"monotonicNs":205959667244657}
{"event":"request","sequence":36,"controlSequence":10,"rootCommits":9,"childCommits":5,"serial":13,"width":320,"height":240,"monotonicNs":205959667253167,"command":"grand-create"}
{"event":"buffer-release","sequence":37,"controlSequence":10,"rootCommits":9,"childCommits":5,"serial":13,"width":320,"height":240,"monotonicNs":205959667436159}
{"event":"server-barrier","sequence":38,"controlSequence":10,"rootCommits":9,"childCommits":5,"serial":13,"width":320,"height":240,"monotonicNs":205959667452733,"command":"grand-create","barrierControl":10}
{"event":"request","sequence":39,"controlSequence":11,"rootCommits":9,"childCommits":6,"serial":13,"width":320,"height":240,"monotonicNs":205959717942905,"command":"child-detach"}
{"event":"server-barrier","sequence":40,"controlSequence":11,"rootCommits":9,"childCommits":6,"serial":13,"width":320,"height":240,"monotonicNs":205959718134289,"command":"child-detach","barrierControl":11}
{"event":"buffercommit","sequence":41,"controlSequence":12,"rootCommits":9,"childCommits":7,"serial":13,"width":320,"height":240,"monotonicNs":205959768434737}
{"event":"request","sequence":42,"controlSequence":12,"rootCommits":9,"childCommits":7,"serial":13,"width":320,"height":240,"monotonicNs":205959768444421,"command":"child-reattach"}
{"event":"buffer-release","sequence":43,"controlSequence":12,"rootCommits":9,"childCommits":7,"serial":13,"width":320,"height":240,"monotonicNs":205959768664575}
{"event":"server-barrier","sequence":44,"controlSequence":12,"rootCommits":9,"childCommits":7,"serial":13,"width":320,"height":240,"monotonicNs":205959768671153,"command":"child-reattach","barrierControl":12}
{"event":"request","sequence":45,"controlSequence":13,"rootCommits":9,"childCommits":7,"serial":13,"width":320,"height":240,"monotonicNs":205959819012113,"command":"child-destroy"}
{"event":"server-barrier","sequence":46,"controlSequence":13,"rootCommits":9,"childCommits":7,"serial":13,"width":320,"height":240,"monotonicNs":205959819352850,"command":"child-destroy","barrierControl":13}
{"event":"buffercommit","sequence":47,"controlSequence":14,"rootCommits":9,"childCommits":8,"serial":13,"width":320,"height":240,"monotonicNs":205959869776770}
{"event":"request","sequence":48,"controlSequence":14,"rootCommits":10,"childCommits":8,"serial":13,"width":320,"height":240,"monotonicNs":205959869798650,"command":"child-create"}
{"event":"buffer-release","sequence":49,"controlSequence":14,"rootCommits":10,"childCommits":8,"serial":13,"width":320,"height":240,"monotonicNs":205959870242975}
{"event":"server-barrier","sequence":50,"controlSequence":14,"rootCommits":10,"childCommits":8,"serial":13,"width":320,"height":240,"monotonicNs":205959870259975,"command":"child-create","barrierControl":14}
{"event":"request","sequence":51,"controlSequence":15,"rootCommits":10,"childCommits":8,"serial":13,"width":320,"height":240,"monotonicNs":205959921083193,"command":"child-destroy"}
{"event":"server-barrier","sequence":52,"controlSequence":15,"rootCommits":10,"childCommits":8,"serial":13,"width":320,"height":240,"monotonicNs":205959921463421,"command":"child-destroy","barrierControl":15}
{"event":"buffercommit","sequence":53,"controlSequence":16,"rootCommits":10,"childCommits":9,"serial":13,"width":320,"height":240,"monotonicNs":205959971882848}
{"event":"request","sequence":54,"controlSequence":16,"rootCommits":10,"childCommits":9,"serial":13,"width":320,"height":240,"monotonicNs":205959971894792,"command":"child-create-sync"}
{"event":"server-barrier","sequence":55,"controlSequence":16,"rootCommits":10,"childCommits":9,"serial":13,"width":320,"height":240,"monotonicNs":205959972297511,"command":"child-create-sync","barrierControl":16}
{"event":"request","sequence":56,"controlSequence":17,"rootCommits":11,"childCommits":9,"serial":13,"width":320,"height":240,"monotonicNs":205960022525615,"command":"root-commit"}
{"event":"buffer-release","sequence":57,"controlSequence":17,"rootCommits":11,"childCommits":9,"serial":13,"width":320,"height":240,"monotonicNs":205960022903178}
{"event":"server-barrier","sequence":58,"controlSequence":17,"rootCommits":11,"childCommits":9,"serial":13,"width":320,"height":240,"monotonicNs":205960023048024,"command":"root-commit","barrierControl":17}
{"event":"request","sequence":59,"controlSequence":18,"rootCommits":11,"childCommits":9,"serial":13,"width":320,"height":240,"monotonicNs":205960098939866,"command":"child-destroy"}
{"event":"server-barrier","sequence":60,"controlSequence":18,"rootCommits":11,"childCommits":9,"serial":13,"width":320,"height":240,"monotonicNs":205960099401743,"command":"child-destroy","barrierControl":18}
{"event":"buffercommit","sequence":61,"controlSequence":19,"rootCommits":11,"childCommits":10,"serial":13,"width":320,"height":240,"monotonicNs":205960149835609}
{"event":"request","sequence":62,"controlSequence":19,"rootCommits":11,"childCommits":10,"serial":13,"width":320,"height":240,"monotonicNs":205960149847566,"command":"child-create-sync"}
{"event":"server-barrier","sequence":63,"controlSequence":19,"rootCommits":11,"childCommits":10,"serial":13,"width":320,"height":240,"monotonicNs":205960150185876,"command":"child-create-sync","barrierControl":19}
{"event":"request","sequence":64,"controlSequence":20,"rootCommits":12,"childCommits":10,"serial":13,"width":320,"height":240,"monotonicNs":205960200456277,"command":"root-commit"}
{"event":"buffer-release","sequence":65,"controlSequence":20,"rootCommits":12,"childCommits":10,"serial":13,"width":320,"height":240,"monotonicNs":205960200958457}
{"event":"server-barrier","sequence":66,"controlSequence":20,"rootCommits":12,"childCommits":10,"serial":13,"width":320,"height":240,"monotonicNs":205960200978130,"command":"root-commit","barrierControl":20}
{"event":"buffercommit","sequence":67,"controlSequence":21,"rootCommits":12,"childCommits":11,"serial":13,"width":320,"height":240,"monotonicNs":205960251882247}
{"event":"request","sequence":68,"controlSequence":21,"rootCommits":12,"childCommits":11,"serial":13,"width":320,"height":240,"monotonicNs":205960251891512,"command":"child-yellow"}
{"event":"server-barrier","sequence":69,"controlSequence":21,"rootCommits":12,"childCommits":11,"serial":13,"width":320,"height":240,"monotonicNs":205960252058996,"command":"child-yellow","barrierControl":21}
{"event":"request","sequence":70,"controlSequence":22,"rootCommits":12,"childCommits":11,"serial":13,"width":320,"height":240,"monotonicNs":205960302414915,"command":"child-destroy"}
{"event":"buffer-release","sequence":71,"controlSequence":22,"rootCommits":12,"childCommits":11,"serial":13,"width":320,"height":240,"monotonicNs":205960302611606}
{"event":"server-barrier","sequence":72,"controlSequence":22,"rootCommits":12,"childCommits":11,"serial":13,"width":320,"height":240,"monotonicNs":205960302628905,"command":"child-destroy","barrierControl":22}
{"event":"request","sequence":73,"controlSequence":23,"rootCommits":13,"childCommits":11,"serial":13,"width":320,"height":240,"monotonicNs":205960353157414,"command":"root-commit"}
{"event":"server-barrier","sequence":74,"controlSequence":23,"rootCommits":13,"childCommits":11,"serial":13,"width":320,"height":240,"monotonicNs":205960353249145,"command":"root-commit","barrierControl":23}
{"event":"buffercommit","sequence":75,"controlSequence":24,"rootCommits":13,"childCommits":12,"serial":13,"width":320,"height":240,"monotonicNs":205960403491225}
{"event":"request","sequence":76,"controlSequence":24,"rootCommits":13,"childCommits":12,"serial":13,"width":320,"height":240,"monotonicNs":205960403510947,"command":"child-create-sync"}
{"event":"server-barrier","sequence":77,"controlSequence":24,"rootCommits":13,"childCommits":12,"serial":13,"width":320,"height":240,"monotonicNs":205960403692047,"command":"child-create-sync","barrierControl":24}
{"event":"request","sequence":78,"controlSequence":25,"rootCommits":14,"childCommits":12,"serial":13,"width":320,"height":240,"monotonicNs":205960453851153,"command":"root-commit"}
{"event":"buffer-release","sequence":79,"controlSequence":25,"rootCommits":14,"childCommits":12,"serial":13,"width":320,"height":240,"monotonicNs":205960454109152}
{"event":"server-barrier","sequence":80,"controlSequence":25,"rootCommits":14,"childCommits":12,"serial":13,"width":320,"height":240,"monotonicNs":205960454129685,"command":"root-commit","barrierControl":25}
{"event":"request","sequence":81,"controlSequence":26,"rootCommits":14,"childCommits":12,"serial":13,"width":320,"height":240,"monotonicNs":205960504465983,"command":"child-destroy"}
{"event":"server-barrier","sequence":82,"controlSequence":26,"rootCommits":14,"childCommits":12,"serial":13,"width":320,"height":240,"monotonicNs":205960504597129,"command":"child-destroy","barrierControl":26}
{"event":"buffercommit","sequence":83,"controlSequence":27,"rootCommits":14,"childCommits":13,"serial":13,"width":320,"height":240,"monotonicNs":205960555005323}
{"event":"request","sequence":84,"controlSequence":27,"rootCommits":14,"childCommits":13,"serial":13,"width":320,"height":240,"monotonicNs":205960555014536,"command":"child-create-sync"}
{"event":"server-barrier","sequence":85,"controlSequence":27,"rootCommits":14,"childCommits":13,"serial":13,"width":320,"height":240,"monotonicNs":205960555154266,"command":"child-create-sync","barrierControl":27}
{"event":"request","sequence":86,"controlSequence":28,"rootCommits":15,"childCommits":13,"serial":13,"width":320,"height":240,"monotonicNs":205960612386924,"command":"root-commit"}
{"event":"buffer-release","sequence":87,"controlSequence":28,"rootCommits":15,"childCommits":13,"serial":13,"width":320,"height":240,"monotonicNs":205960612751545}
{"event":"server-barrier","sequence":88,"controlSequence":28,"rootCommits":15,"childCommits":13,"serial":13,"width":320,"height":240,"monotonicNs":205960612770102,"command":"root-commit","barrierControl":28}
{"event":"buffercommit","sequence":89,"controlSequence":29,"rootCommits":15,"childCommits":14,"serial":13,"width":320,"height":240,"monotonicNs":205960663243169}
{"event":"request","sequence":90,"controlSequence":29,"rootCommits":15,"childCommits":15,"serial":13,"width":320,"height":240,"monotonicNs":205960663253571,"command":"grand-create"}
{"event":"server-barrier","sequence":91,"controlSequence":29,"rootCommits":15,"childCommits":15,"serial":13,"width":320,"height":240,"monotonicNs":205960663592819,"command":"grand-create","barrierControl":29}
{"event":"request","sequence":92,"controlSequence":30,"rootCommits":16,"childCommits":15,"serial":13,"width":320,"height":240,"monotonicNs":205960739091759,"command":"root-commit"}
{"event":"buffer-release","sequence":93,"controlSequence":30,"rootCommits":16,"childCommits":15,"serial":13,"width":320,"height":240,"monotonicNs":205960739500060}
{"event":"server-barrier","sequence":94,"controlSequence":30,"rootCommits":16,"childCommits":15,"serial":13,"width":320,"height":240,"monotonicNs":205960739520122,"command":"root-commit","barrierControl":30}
{"event":"buffercommit","sequence":95,"controlSequence":31,"rootCommits":16,"childCommits":16,"serial":13,"width":320,"height":240,"monotonicNs":205960789920913}
{"event":"request","sequence":96,"controlSequence":31,"rootCommits":16,"childCommits":16,"serial":13,"width":320,"height":240,"monotonicNs":205960789931704,"command":"grand-yellow"}
{"event":"server-barrier","sequence":97,"controlSequence":31,"rootCommits":16,"childCommits":16,"serial":13,"width":320,"height":240,"monotonicNs":205960789999875,"command":"grand-yellow","barrierControl":31}
{"event":"request","sequence":98,"controlSequence":32,"rootCommits":16,"childCommits":16,"serial":13,"width":320,"height":240,"monotonicNs":205960840402186,"command":"grand-desync"}
{"event":"server-barrier","sequence":99,"controlSequence":32,"rootCommits":16,"childCommits":16,"serial":13,"width":320,"height":240,"monotonicNs":205960840675542,"command":"grand-desync","barrierControl":32}
{"event":"request","sequence":100,"controlSequence":33,"rootCommits":16,"childCommits":16,"serial":13,"width":320,"height":240,"monotonicNs":205960915986162,"command":"child-desync"}
{"event":"buffer-release","sequence":101,"controlSequence":33,"rootCommits":16,"childCommits":16,"serial":13,"width":320,"height":240,"monotonicNs":205960916201194}
{"event":"server-barrier","sequence":102,"controlSequence":33,"rootCommits":16,"childCommits":16,"serial":13,"width":320,"height":240,"monotonicNs":205960916221793,"command":"child-desync","barrierControl":33}
{"event":"request","sequence":103,"controlSequence":34,"rootCommits":16,"childCommits":16,"serial":13,"width":320,"height":240,"monotonicNs":205960966809256,"command":"child-destroy"}
{"event":"server-barrier","sequence":104,"controlSequence":34,"rootCommits":16,"childCommits":16,"serial":13,"width":320,"height":240,"monotonicNs":205960967069002,"command":"child-destroy","barrierControl":34}
{"event":"buffercommit","sequence":105,"controlSequence":35,"rootCommits":16,"childCommits":17,"serial":13,"width":320,"height":240,"monotonicNs":205961017281127}
{"event":"request","sequence":106,"controlSequence":35,"rootCommits":16,"childCommits":17,"serial":13,"width":320,"height":240,"monotonicNs":205961017291287,"command":"child-create-sync"}
{"event":"server-barrier","sequence":107,"controlSequence":35,"rootCommits":16,"childCommits":17,"serial":13,"width":320,"height":240,"monotonicNs":205961017514121,"command":"child-create-sync","barrierControl":35}
{"event":"request","sequence":108,"controlSequence":36,"rootCommits":17,"childCommits":17,"serial":13,"width":320,"height":240,"monotonicNs":205961067768160,"command":"root-commit"}
{"event":"buffer-release","sequence":109,"controlSequence":36,"rootCommits":17,"childCommits":17,"serial":13,"width":320,"height":240,"monotonicNs":205961067948844}
{"event":"server-barrier","sequence":110,"controlSequence":36,"rootCommits":17,"childCommits":17,"serial":13,"width":320,"height":240,"monotonicNs":205961068191826,"command":"root-commit","barrierControl":36}
{"event":"buffercommit","sequence":111,"controlSequence":37,"rootCommits":17,"childCommits":18,"serial":13,"width":320,"height":240,"monotonicNs":205961118553389}
{"event":"request","sequence":112,"controlSequence":37,"rootCommits":17,"childCommits":18,"serial":13,"width":320,"height":240,"monotonicNs":205961119674627,"command":"child-yellow"}
{"event":"server-barrier","sequence":113,"controlSequence":37,"rootCommits":17,"childCommits":18,"serial":13,"width":320,"height":240,"monotonicNs":205961119727829,"command":"child-yellow","barrierControl":37}
{"event":"buffercommit","sequence":114,"controlSequence":38,"rootCommits":17,"childCommits":19,"serial":13,"width":320,"height":240,"monotonicNs":205961169997106}
{"event":"request","sequence":115,"controlSequence":38,"rootCommits":17,"childCommits":19,"serial":13,"width":320,"height":240,"monotonicNs":205961170011844,"command":"child-blue"}
{"event":"buffer-release","sequence":116,"controlSequence":38,"rootCommits":17,"childCommits":19,"serial":13,"width":320,"height":240,"monotonicNs":205961170291992}
{"event":"server-barrier","sequence":117,"controlSequence":38,"rootCommits":17,"childCommits":19,"serial":13,"width":320,"height":240,"monotonicNs":205961170312148,"command":"child-blue","barrierControl":38}
{"event":"buffercommit","sequence":118,"controlSequence":39,"rootCommits":17,"childCommits":20,"serial":13,"width":320,"height":240,"monotonicNs":205961220743574}
{"event":"request","sequence":119,"controlSequence":39,"rootCommits":17,"childCommits":20,"serial":13,"width":320,"height":240,"monotonicNs":205961220753534,"command":"child-yellow"}
{"event":"buffer-release","sequence":120,"controlSequence":39,"rootCommits":17,"childCommits":20,"serial":13,"width":320,"height":240,"monotonicNs":205961220834646}
{"event":"server-barrier","sequence":121,"controlSequence":39,"rootCommits":17,"childCommits":20,"serial":13,"width":320,"height":240,"monotonicNs":205961220848761,"command":"child-yellow","barrierControl":39}
{"event":"request","sequence":122,"controlSequence":40,"rootCommits":17,"childCommits":21,"serial":13,"width":320,"height":240,"monotonicNs":205961271382269,"command":"child-empty"}
{"event":"server-barrier","sequence":123,"controlSequence":40,"rootCommits":17,"childCommits":21,"serial":13,"width":320,"height":240,"monotonicNs":205961271453374,"command":"child-empty","barrierControl":40}
{"event":"request","sequence":124,"controlSequence":41,"rootCommits":18,"childCommits":21,"serial":13,"width":320,"height":240,"monotonicNs":205961346945128,"command":"root-commit"}
{"event":"buffer-release","sequence":125,"controlSequence":41,"rootCommits":18,"childCommits":21,"serial":13,"width":320,"height":240,"monotonicNs":205961347054861}
{"event":"server-barrier","sequence":126,"controlSequence":41,"rootCommits":18,"childCommits":21,"serial":13,"width":320,"height":240,"monotonicNs":205961347070797,"command":"root-commit","barrierControl":41}
{"event":"request","sequence":127,"controlSequence":42,"rootCommits":18,"childCommits":21,"serial":13,"width":320,"height":240,"monotonicNs":205961397447202,"command":"child-destroy"}
{"event":"server-barrier","sequence":128,"controlSequence":42,"rootCommits":18,"childCommits":21,"serial":13,"width":320,"height":240,"monotonicNs":205961397579665,"command":"child-destroy","barrierControl":42}
{"event":"buffercommit","sequence":129,"controlSequence":43,"rootCommits":18,"childCommits":22,"serial":13,"width":320,"height":240,"monotonicNs":205961447997925}
{"event":"request","sequence":130,"controlSequence":43,"rootCommits":18,"childCommits":22,"serial":13,"width":320,"height":240,"monotonicNs":205961448024906,"command":"child-create-sync"}
{"event":"server-barrier","sequence":131,"controlSequence":43,"rootCommits":18,"childCommits":22,"serial":13,"width":320,"height":240,"monotonicNs":205961448322360,"command":"child-create-sync","barrierControl":43}
{"event":"request","sequence":132,"controlSequence":44,"rootCommits":19,"childCommits":22,"serial":13,"width":320,"height":240,"monotonicNs":205961498568623,"command":"root-commit"}
{"event":"buffer-release","sequence":133,"controlSequence":44,"rootCommits":19,"childCommits":22,"serial":13,"width":320,"height":240,"monotonicNs":205961498789285}
{"event":"server-barrier","sequence":134,"controlSequence":44,"rootCommits":19,"childCommits":22,"serial":13,"width":320,"height":240,"monotonicNs":205961498804994,"command":"root-commit","barrierControl":44}
{"event":"buffercommit","sequence":135,"controlSequence":45,"rootCommits":19,"childCommits":23,"serial":13,"width":320,"height":240,"monotonicNs":205961549285869}
{"event":"request","sequence":136,"controlSequence":45,"rootCommits":19,"childCommits":24,"serial":13,"width":320,"height":240,"monotonicNs":205961549299083,"command":"grand-create"}
{"event":"server-barrier","sequence":137,"controlSequence":45,"rootCommits":19,"childCommits":24,"serial":13,"width":320,"height":240,"monotonicNs":205961549385428,"command":"grand-create","barrierControl":45}
{"event":"request","sequence":138,"controlSequence":46,"rootCommits":20,"childCommits":24,"serial":13,"width":320,"height":240,"monotonicNs":205961599761506,"command":"root-commit"}
{"event":"buffer-release","sequence":139,"controlSequence":46,"rootCommits":20,"childCommits":24,"serial":13,"width":320,"height":240,"monotonicNs":205961599898205}
{"event":"server-barrier","sequence":140,"controlSequence":46,"rootCommits":20,"childCommits":24,"serial":13,"width":320,"height":240,"monotonicNs":205961599908858,"command":"root-commit","barrierControl":46}
{"event":"request","sequence":141,"controlSequence":47,"rootCommits":20,"childCommits":25,"serial":13,"width":320,"height":240,"monotonicNs":205961675401017,"command":"child-detach"}
{"event":"server-barrier","sequence":142,"controlSequence":47,"rootCommits":20,"childCommits":25,"serial":13,"width":320,"height":240,"monotonicNs":205961675505721,"command":"child-detach","barrierControl":47}
{"event":"request","sequence":143,"controlSequence":48,"rootCommits":21,"childCommits":25,"serial":13,"width":320,"height":240,"monotonicNs":205961725868998,"command":"root-commit"}
{"event":"server-barrier","sequence":144,"controlSequence":48,"rootCommits":21,"childCommits":25,"serial":13,"width":320,"height":240,"monotonicNs":205961726038538,"command":"root-commit","barrierControl":48}
{"event":"request","sequence":145,"controlSequence":49,"rootCommits":21,"childCommits":25,"serial":13,"width":320,"height":240,"monotonicNs":205961776327810,"command":"child-destroy"}
{"event":"server-barrier","sequence":146,"controlSequence":49,"rootCommits":21,"childCommits":25,"serial":13,"width":320,"height":240,"monotonicNs":205961776519794,"command":"child-destroy","barrierControl":49}
{"event":"buffercommit","sequence":147,"controlSequence":50,"rootCommits":21,"childCommits":26,"serial":13,"width":320,"height":240,"monotonicNs":205961826733374}
{"event":"request","sequence":148,"controlSequence":50,"rootCommits":22,"childCommits":26,"serial":13,"width":320,"height":240,"monotonicNs":205961826743420,"command":"child-create"}
{"event":"buffer-release","sequence":149,"controlSequence":50,"rootCommits":22,"childCommits":26,"serial":13,"width":320,"height":240,"monotonicNs":205961826940833}
{"event":"server-barrier","sequence":150,"controlSequence":50,"rootCommits":22,"childCommits":26,"serial":13,"width":320,"height":240,"monotonicNs":205961826957651,"command":"child-create","barrierControl":50}
{"event":"request","sequence":151,"controlSequence":51,"rootCommits":22,"childCommits":26,"serial":13,"width":320,"height":240,"monotonicNs":205961877322905,"command":"child-move-pending"}
{"event":"server-barrier","sequence":152,"controlSequence":51,"rootCommits":22,"childCommits":26,"serial":13,"width":320,"height":240,"monotonicNs":205961877486588,"command":"child-move-pending","barrierControl":51}
{"event":"request","sequence":153,"controlSequence":52,"rootCommits":23,"childCommits":26,"serial":13,"width":320,"height":240,"monotonicNs":205961927815913,"command":"root-commit"}
{"event":"server-barrier","sequence":154,"controlSequence":52,"rootCommits":23,"childCommits":26,"serial":13,"width":320,"height":240,"monotonicNs":205961927907373,"command":"root-commit","barrierControl":52}
{"event":"request","sequence":155,"controlSequence":53,"rootCommits":23,"childCommits":26,"serial":13,"width":320,"height":240,"monotonicNs":205961978150996,"command":"child-below-pending"}
{"event":"server-barrier","sequence":156,"controlSequence":53,"rootCommits":23,"childCommits":26,"serial":13,"width":320,"height":240,"monotonicNs":205961978223198,"command":"child-below-pending","barrierControl":53}
{"event":"request","sequence":157,"controlSequence":54,"rootCommits":24,"childCommits":26,"serial":13,"width":320,"height":240,"monotonicNs":205962028485625,"command":"root-commit"}
{"event":"server-barrier","sequence":158,"controlSequence":54,"rootCommits":24,"childCommits":26,"serial":13,"width":320,"height":240,"monotonicNs":205962028630159,"command":"root-commit","barrierControl":54}
{"event":"request","sequence":159,"controlSequence":55,"rootCommits":24,"childCommits":26,"serial":13,"width":320,"height":240,"monotonicNs":205962078907318,"command":"child-above-pending"}
{"event":"server-barrier","sequence":160,"controlSequence":55,"rootCommits":24,"childCommits":26,"serial":13,"width":320,"height":240,"monotonicNs":205962078985746,"command":"child-above-pending","barrierControl":55}
{"event":"request","sequence":161,"controlSequence":56,"rootCommits":25,"childCommits":26,"serial":13,"width":320,"height":240,"monotonicNs":205962137532814,"command":"root-commit"}
{"event":"server-barrier","sequence":162,"controlSequence":56,"rootCommits":25,"childCommits":26,"serial":13,"width":320,"height":240,"monotonicNs":205962137761245,"command":"root-commit","barrierControl":56}
{"event":"ack-configure","sequence":163,"controlSequence":56,"rootCommits":25,"childCommits":26,"serial":44,"width":320,"height":240,"monotonicNs":205968565130020}
{"event":"buffercommit","sequence":164,"controlSequence":56,"rootCommits":26,"childCommits":26,"serial":44,"width":320,"height":240,"monotonicNs":205968565326610}
{"event":"buffer-release","sequence":165,"controlSequence":56,"rootCommits":26,"childCommits":26,"serial":44,"width":320,"height":240,"monotonicNs":205968565788309}
{"event":"request","sequence":166,"controlSequence":57,"rootCommits":26,"childCommits":26,"serial":44,"width":320,"height":240,"monotonicNs":205968591351060,"command":"quit"}
{"event":"normalexit","sequence":167,"controlSequence":57,"rootCommits":26,"childCommits":26,"serial":44,"width":320,"height":240,"monotonicNs":205968591391178}
